[ T-Track ]
    title = [t-track] in xyz mesh
     mesh =  xyz            # mesh type is xyz scoring mesh
   x-type =    2            # x-mesh is linear given by xmin, xmax and nx
     xmin =  -4.000000      # minimum value of x-mesh points
     xmax =   4.000000      # maximum value of x-mesh points
#    xdel =  0.3200000      # mesh width of x-mesh points
       nx =     25          # number of x-mesh points
#    data = ( x(i), i = 1, nx + 1 )
#          -4.00000E+00 -3.68000E+00 -3.36000E+00 -3.04000E+00 -2.72000E+00
#          -2.40000E+00 -2.08000E+00 -1.76000E+00 -1.44000E+00 -1.12000E+00
#          -8.00000E-01 -4.80000E-01 -1.60000E-01  1.60000E-01  4.80000E-01
#           8.00000E-01  1.12000E+00  1.44000E+00  1.76000E+00  2.08000E+00
#           2.40000E+00  2.72000E+00  3.04000E+00  3.36000E+00  3.68000E+00
#           4.00000E+00
   y-type =    2            # y-mesh is linear given by ymin, ymax and ny
     ymin =  -6.000000      # minimum value of y-mesh points
     ymax =   5.000000      # maximum value of y-mesh points
#    ydel =  0.1833333      # mesh width of y-mesh points
       ny =     60          # number of y-mesh points
#    data = ( y(i), i = 1, ny + 1 )
#          -6.00000E+00 -5.81667E+00 -5.63333E+00 -5.45000E+00 -5.26667E+00
#          -5.08333E+00 -4.90000E+00 -4.71667E+00 -4.53333E+00 -4.35000E+00
#          -4.16667E+00 -3.98333E+00 -3.80000E+00 -3.61667E+00 -3.43333E+00
#          -3.25000E+00 -3.06667E+00 -2.88333E+00 -2.70000E+00 -2.51667E+00
#          -2.33333E+00 -2.15000E+00 -1.96667E+00 -1.78333E+00 -1.60000E+00
#          -1.41667E+00 -1.23333E+00 -1.05000E+00 -8.66667E-01 -6.83333E-01
#          -5.00000E-01 -3.16667E-01 -1.33333E-01  5.00000E-02  2.33333E-01
#           4.16667E-01  6.00000E-01  7.83333E-01  9.66667E-01  1.15000E+00
#           1.33333E+00  1.51667E+00  1.70000E+00  1.88333E+00  2.06667E+00
#           2.25000E+00  2.43333E+00  2.61667E+00  2.80000E+00  2.98333E+00
#           3.16667E+00  3.35000E+00  3.53333E+00  3.71667E+00  3.90000E+00
#           4.08333E+00  4.26667E+00  4.45000E+00  4.63333E+00  4.81667E+00
#           5.00000E+00
   z-type =    1            # z-mesh is given by the below data
       nz =      1          # number of z-mesh points
#    data = ( z(i), i = 1, nz + 1 )
            9.83400E+01  9.83500E+01
   e-type =    1            # e-mesh is given by the below data
       ne =      1          # number of e-mesh points
#    data = ( e(i), i = 1, ne + 1 )
            0.00000E+00  1.00000E+03
     unit =    1            # unit is [1/cm^2/source]
 material =  all            # (D=all) number of specific material
  2D-type =    3            # 1:Cont, 2:Clust, 3:Color, 4:xyz, 5:mat, 6:Clust+Cont, 7:Col+Cont
     axis =      xy            # axis of output
     file = track_xy_.out   # file name of output for the above axis
     part =  proton   
# kf/name :  2212     
    gshow =    1            # 0: no 1:bnd, 2:bnd+mat, 3:bnd+reg 4:bnd+lat 5:bmp style
    resol =    1            # (D=1) resolution of gshow or rshow
    width = 0.5000000       # (D=0.5) width of lines for gshow or rshow
   epsout =    1            # (D=0) generate eps file by ANGEL
#    used :        main (  %)        temp (  %)       total (  %)
#  memory :          95 (  0)           0 (  0)          95 (  0)

#------------------------------------------------------------------------------
#newpage:
#   no. =  1   ie  =  1   iz  =  1   part. = proton  
#   e = (   0.0000E+00  -   1.0000E+03  )
#   z = (   9.8340E+01  -   9.8350E+01  )

'no. =  1,  ie =  1,  iz =  1'
msuc: {\huge [t-track] in xyz mesh}
msdr: {\it plotted by \ANGEL \version}
msdl: {\it calculated by \PHITS  3.36}

x: x [cm]
y: y [cm]
set: c1[ 1.375] c2[ 0.768] c5[ 0.800] c6[ 0.878] c7[ 0.250] c8[ 0.000]
p: h2fs form[c1] xfac[c2] afac[c5] scal[c6] xorg[c7] yorg[c8] nosp
set: c3[   6.831214E+02] c4[   4.712854E+07]
p: cmin[c3] cmax[c4]
p: dmin(1e-31)
p: zlog
p: xmin( -4.000000    ) xmax(  4.000000    )
p: ymin( -6.000000    ) ymax(  5.000000    )
#  ny =  60   nx =  25
# ( ( data(x,y), x = 1, nx ), y = ny, 1, -1 )

hc:  y =   4.908333     to  -5.908333     by  0.1833333     ; x =  -3.840000     to   3.840000     by  0.3200000     ;
  1.165E+07  1.343E+07  1.491E+07  1.628E+07  1.769E+07  1.917E+07  2.044E+07  2.174E+07  2.289E+07  2.358E+07
  2.437E+07  2.452E+07  2.496E+07  2.470E+07  2.415E+07  2.377E+07  2.264E+07  2.158E+07  2.076E+07  1.930E+07
  1.759E+07  1.634E+07  1.477E+07  1.334E+07  1.183E+07  1.279E+07  1.463E+07  1.613E+07  1.780E+07  1.934E+07
  2.093E+07  2.235E+07  2.362E+07  2.460E+07  2.533E+07  2.618E+07  2.666E+07  2.637E+07  2.655E+07  2.614E+07
  2.551E+07  2.460E+07  2.349E+07  2.219E+07  2.097E+07  1.938E+07  1.771E+07  1.628E+07  1.457E+07  1.292E+07
  1.408E+07  1.577E+07  1.756E+07  1.929E+07  2.085E+07  2.257E+07  2.407E+07  2.557E+07  2.672E+07  2.764E+07
  2.834E+07  2.848E+07  2.868E+07  2.848E+07  2.845E+07  2.752E+07  2.660E+07  2.529E+07  2.423E+07  2.272E+07
  2.115E+07  1.951E+07  1.770E+07  1.592E+07  1.413E+07  1.533E+07  1.704E+07  1.896E+07  2.065E+07  2.260E+07
  2.415E+07  2.585E+07  2.740E+07  2.861E+07  2.950E+07  3.027E+07  3.096E+07  3.056E+07  3.066E+07  3.010E+07
  2.963E+07  2.844E+07  2.743E+07  2.573E+07  2.446E+07  2.269E+07  2.068E+07  1.911E+07  1.698E+07  1.548E+07
  1.648E+07  1.858E+07  2.047E+07  2.228E+07  2.413E+07  2.611E+07  2.805E+07  2.928E+07  3.070E+07  3.163E+07
  3.198E+07  3.305E+07  3.276E+07  3.301E+07  3.226E+07  3.139E+07  3.036E+07  2.925E+07  2.772E+07  2.624E+07
  2.448E+07  2.247E+07  2.032E+07  1.866E+07  1.634E+07  1.775E+07  1.970E+07  2.225E+07  2.437E+07  2.604E+07
  2.790E+07  2.987E+07  3.125E+07  3.249E+07  3.364E+07  3.434E+07  3.472E+07  3.498E+07  3.470E+07  3.428E+07
  3.338E+07  3.246E+07  3.125E+07  2.986E+07  2.835E+07  2.604E+07  2.388E+07  2.188E+07  1.979E+07  1.796E+07
  1.899E+07  2.124E+07  2.342E+07  2.580E+07  2.765E+07  2.984E+07  3.179E+07  3.298E+07  3.430E+07  3.551E+07
  3.638E+07  3.679E+07  3.695E+07  3.689E+07  3.637E+07  3.545E+07  3.438E+07  3.326E+07  3.135E+07  2.973E+07
  2.776E+07  2.584E+07  2.328E+07  2.103E+07  1.914E+07  2.040E+07  2.295E+07  2.503E+07  2.708E+07  2.938E+07
  3.159E+07  3.284E+07  3.498E+07  3.654E+07  3.715E+07  3.798E+07  3.864E+07  3.866E+07  3.835E+07  3.797E+07
  3.748E+07  3.617E+07  3.464E+07  3.343E+07  3.164E+07  2.964E+07  2.724E+07  2.514E+07  2.256E+07  2.025E+07
  2.156E+07  2.396E+07  2.656E+07  2.888E+07  3.121E+07  3.314E+07  3.505E+07  3.667E+07  3.809E+07  3.888E+07
  3.981E+07  3.975E+07  4.055E+07  3.992E+07  3.971E+07  3.883E+07  3.793E+07  3.658E+07  3.473E+07  3.339E+07
  3.110E+07  2.891E+07  2.675E+07  2.404E+07  2.178E+07  2.259E+07  2.558E+07  2.808E+07  3.009E+07  3.250E+07
  3.474E+07  3.669E+07  3.805E+07  3.931E+07  4.037E+07  4.119E+07  4.171E+07  4.194E+07  4.153E+07  4.087E+07
  4.048E+07  3.926E+07  3.801E+07  3.638E+07  3.491E+07  3.255E+07  3.067E+07  2.806E+07  2.526E+07  2.285E+07
  2.431E+07  2.664E+07  2.924E+07  3.188E+07  3.420E+07  3.641E+07  3.825E+07  3.962E+07  4.078E+07  4.183E+07
  4.235E+07  4.292E+07  4.310E+07  4.304E+07  4.261E+07  4.210E+07  4.134E+07  3.988E+07  3.819E+07  3.637E+07
  3.439E+07  3.193E+07  2.936E+07  2.659E+07  2.414E+07  2.537E+07  2.823E+07  3.078E+07  3.346E+07  3.586E+07
  3.742E+07  3.961E+07  4.094E+07  4.263E+07  4.330E+07  4.379E+07  4.407E+07  4.453E+07  4.403E+07  4.390E+07
  4.325E+07  4.263E+07  4.080E+07  3.960E+07  3.755E+07  3.569E+07  3.349E+07  3.079E+07  2.799E+07  2.542E+07
  2.657E+07  2.937E+07  3.215E+07  3.455E+07  3.736E+07  3.935E+07  4.060E+07  4.258E+07  4.353E+07  4.373E+07
  4.451E+07  4.493E+07  4.503E+07  4.505E+07  4.463E+07  4.422E+07  4.308E+07  4.198E+07  4.076E+07  3.898E+07
  3.682E+07  3.493E+07  3.214E+07  2.960E+07  2.638E+07  2.791E+07  3.075E+07  3.327E+07  3.633E+07  3.811E+07
  4.029E+07  4.205E+07  4.311E+07  4.422E+07  4.504E+07  4.544E+07  4.580E+07  4.600E+07  4.587E+07  4.578E+07
  4.476E+07  4.446E+07  4.310E+07  4.175E+07  4.022E+07  3.853E+07  3.601E+07  3.325E+07  3.049E+07  2.755E+07
  2.863E+07  3.194E+07  3.450E+07  3.704E+07  3.948E+07  4.125E+07  4.300E+07  4.399E+07  4.491E+07  4.561E+07
  4.594E+07  4.636E+07  4.614E+07  4.632E+07  4.610E+07  4.562E+07  4.491E+07  4.426E+07  4.283E+07  4.128E+07
  3.952E+07  3.729E+07  3.457E+07  3.167E+07  2.895E+07  2.984E+07  3.251E+07  3.570E+07  3.801E+07  4.069E+07
  4.216E+07  4.363E+07  4.503E+07  4.547E+07  4.589E+07  4.648E+07  4.645E+07  4.642E+07  4.667E+07  4.652E+07
  4.617E+07  4.551E+07  4.483E+07  4.369E+07  4.229E+07  4.007E+07  3.815E+07  3.567E+07  3.282E+07  2.965E+07
  3.060E+07  3.367E+07  3.668E+07  3.915E+07  4.150E+07  4.288E+07  4.448E+07  4.539E+07  4.593E+07  4.647E+07
  4.647E+07  4.713E+07  4.664E+07  4.676E+07  4.647E+07  4.584E+07  4.587E+07  4.516E+07  4.451E+07  4.339E+07
  4.108E+07  3.931E+07  3.663E+07  3.365E+07  3.072E+07  3.175E+07  3.453E+07  3.787E+07  3.999E+07  4.188E+07
  4.349E+07  4.481E+07  4.576E+07  4.611E+07  4.640E+07  4.655E+07  4.659E+07  4.641E+07  4.636E+07  4.650E+07
  4.594E+07  4.633E+07  4.584E+07  4.478E+07  4.365E+07  4.218E+07  3.998E+07  3.746E+07  3.450E+07  3.170E+07
  3.233E+07  3.518E+07  3.799E+07  4.056E+07  4.281E+07  4.427E+07  4.533E+07  4.591E+07  4.630E+07  4.635E+07
  4.629E+07  4.640E+07  4.593E+07  4.647E+07  4.641E+07  4.654E+07  4.616E+07  4.580E+07  4.525E+07  4.415E+07
  4.284E+07  4.080E+07  3.836E+07  3.551E+07  3.238E+07  3.337E+07  3.605E+07  3.931E+07  4.162E+07  4.329E+07
  4.500E+07  4.529E+07  4.597E+07  4.612E+07  4.614E+07  4.632E+07  4.612E+07  4.580E+07  4.619E+07  4.616E+07
  4.615E+07  4.613E+07  4.614E+07  4.586E+07  4.484E+07  4.351E+07  4.165E+07  3.897E+07  3.620E+07  3.362E+07
  3.380E+07  3.705E+07  3.975E+07  4.195E+07  4.394E+07  4.525E+07  4.574E+07  4.608E+07  4.611E+07  4.599E+07
  4.597E+07  4.543E+07  4.575E+07  4.566E+07  4.574E+07  4.606E+07  4.636E+07  4.636E+07  4.584E+07  4.501E+07
  4.367E+07  4.198E+07  3.986E+07  3.691E+07  3.375E+07  3.454E+07  3.758E+07  4.014E+07  4.226E+07  4.412E+07
  4.523E+07  4.576E+07  4.598E+07  4.623E+07  4.578E+07  4.535E+07  4.525E+07  4.499E+07  4.542E+07  4.544E+07
  4.585E+07  4.593E+07  4.640E+07  4.602E+07  4.546E+07  4.428E+07  4.265E+07  3.976E+07  3.751E+07  3.444E+07
  3.502E+07  3.765E+07  4.084E+07  4.301E+07  4.458E+07  4.567E+07  4.580E+07  4.641E+07  4.616E+07  4.537E+07
  4.521E+07  4.505E+07  4.494E+07  4.488E+07  4.534E+07  4.520E+07  4.579E+07  4.578E+07  4.601E+07  4.561E+07
  4.436E+07  4.260E+07  4.082E+07  3.760E+07  3.494E+07  3.529E+07  3.839E+07  4.111E+07  4.322E+07  4.457E+07
  4.555E+07  4.650E+07  4.601E+07  4.568E+07  4.540E+07  4.434E+07  4.459E+07  4.413E+07  4.452E+07  4.476E+07
  4.559E+07  4.599E+07  4.650E+07  4.605E+07  4.581E+07  4.479E+07  4.290E+07  4.081E+07  3.826E+07  3.544E+07
  3.558E+07  3.846E+07  4.112E+07  4.329E+07  4.507E+07  4.561E+07  4.616E+07  4.611E+07  4.549E+07  4.484E+07
  4.440E+07  4.382E+07  4.363E+07  4.380E+07  4.474E+07  4.509E+07  4.571E+07  4.611E+07  4.641E+07  4.570E+07
  4.455E+07  4.387E+07  4.136E+07  3.873E+07  3.576E+07  3.588E+07  3.891E+07  4.147E+07  4.341E+07  4.457E+07
  4.609E+07  4.648E+07  4.600E+07  4.567E+07  4.509E+07  4.428E+07  4.388E+07  4.383E+07  4.379E+07  4.439E+07
  4.476E+07  4.540E+07  4.598E+07  4.621E+07  4.569E+07  4.491E+07  4.339E+07  4.132E+07  3.873E+07  3.569E+07
  3.599E+07  3.871E+07  4.159E+07  4.355E+07  4.516E+07  4.582E+07  4.615E+07  4.589E+07  4.532E+07  4.453E+07
  4.420E+07  4.365E+07  4.346E+07  4.360E+07  4.413E+07  4.463E+07  4.547E+07  4.587E+07  4.598E+07  4.587E+07
  4.502E+07  4.349E+07  4.147E+07  3.874E+07  3.587E+07  3.548E+07  3.923E+07  4.163E+07  4.371E+07  4.492E+07
  4.551E+07  4.621E+07  4.591E+07  4.568E+07  4.486E+07  4.401E+07  4.346E+07  4.350E+07  4.366E+07  4.417E+07
  4.475E+07  4.519E+07  4.607E+07  4.593E+07  4.584E+07  4.514E+07  4.358E+07  4.129E+07  3.896E+07  3.574E+07
  3.617E+07  3.880E+07  4.136E+07  4.332E+07  4.480E+07  4.588E+07  4.596E+07  4.625E+07  4.543E+07  4.476E+07
  4.449E+07  4.337E+07  4.383E+07  4.358E+07  4.421E+07  4.476E+07  4.488E+07  4.568E+07  4.603E+07  4.572E+07
  4.524E+07  4.370E+07  4.138E+07  3.868E+07  3.589E+07  3.577E+07  3.880E+07  4.121E+07  4.370E+07  4.468E+07
  4.620E+07  4.592E+07  4.573E+07  4.569E+07  4.487E+07  4.451E+07  4.397E+07  4.411E+07  4.396E+07  4.462E+07
  4.508E+07  4.564E+07  4.634E+07  4.605E+07  4.582E+07  4.507E+07  4.320E+07  4.116E+07  3.890E+07  3.564E+07
  3.573E+07  3.845E+07  4.151E+07  4.328E+07  4.443E+07  4.588E+07  4.624E+07  4.627E+07  4.547E+07  4.481E+07
  4.457E+07  4.395E+07  4.381E+07  4.403E+07  4.458E+07  4.546E+07  4.572E+07  4.598E+07  4.554E+07  4.579E+07
  4.466E+07  4.336E+07  4.111E+07  3.831E+07  3.543E+07  3.501E+07  3.784E+07  4.081E+07  4.273E+07  4.445E+07
  4.569E+07  4.604E+07  4.606E+07  4.561E+07  4.563E+07  4.519E+07  4.456E+07  4.432E+07  4.440E+07  4.494E+07
  4.547E+07  4.629E+07  4.600E+07  4.612E+07  4.556E+07  4.446E+07  4.328E+07  4.067E+07  3.798E+07  3.497E+07
  3.444E+07  3.767E+07  4.036E+07  4.273E+07  4.473E+07  4.516E+07  4.597E+07  4.634E+07  4.609E+07  4.556E+07
  4.524E+07  4.492E+07  4.451E+07  4.482E+07  4.527E+07  4.575E+07  4.606E+07  4.632E+07  4.578E+07  4.580E+07
  4.433E+07  4.265E+07  4.039E+07  3.746E+07  3.489E+07  3.429E+07  3.720E+07  3.963E+07  4.229E+07  4.419E+07
  4.504E+07  4.608E+07  4.658E+07  4.656E+07  4.582E+07  4.567E+07  4.514E+07  4.502E+07  4.510E+07  4.564E+07
  4.575E+07  4.595E+07  4.608E+07  4.628E+07  4.540E+07  4.406E+07  4.198E+07  4.017E+07  3.718E+07  3.413E+07
  3.352E+07  3.664E+07  3.933E+07  4.130E+07  2.374E+07  2.203E+07  2.236E+07  2.243E+07  2.224E+07  2.228E+07
  2.206E+07  2.204E+07  2.216E+07  2.187E+07  2.225E+07  2.229E+07  2.220E+07  2.245E+07  2.252E+07  2.182E+07
  2.461E+07  4.182E+07  3.935E+07  3.664E+07  3.378E+07  3.273E+07  3.590E+07  3.859E+07  4.063E+07  2.782E+06
  7.218E+02  0.000E+00  0.000E+00  0.000E+00  0.000E+00  0.000E+00  0.000E+00  6.831E+02  0.000E+00  0.000E+00
  0.000E+00  9.342E+02  0.000E+00  0.000E+00  0.000E+00  3.991E+06  4.083E+07  3.865E+07  3.588E+07  3.294E+07
  3.197E+07  3.481E+07  3.818E+07  3.976E+07  2.637E+06  0.000E+00  0.000E+00  0.000E+00  0.000E+00  0.000E+00
  0.000E+00  0.000E+00  0.000E+00  0.000E+00  0.000E+00  0.000E+00  0.000E+00  0.000E+00  0.000E+00  0.000E+00
  3.860E+06  4.014E+07  3.799E+07  3.512E+07  3.203E+07  3.117E+07  3.442E+07  3.732E+07  3.896E+07  2.542E+06
  0.000E+00  0.000E+00  0.000E+00  0.000E+00  0.000E+00  0.000E+00  0.000E+00  0.000E+00  0.000E+00  0.000E+00
  0.000E+00  0.000E+00  0.000E+00  0.000E+00  0.000E+00  3.936E+06  3.940E+07  3.678E+07  3.445E+07  3.123E+07
  3.039E+07  3.344E+07  3.628E+07  3.814E+07  2.544E+06  0.000E+00  0.000E+00  0.000E+00  0.000E+00  0.000E+00
  0.000E+00  0.000E+00  0.000E+00  0.000E+00  0.000E+00  0.000E+00  0.000E+00  0.000E+00  0.000E+00  0.000E+00
  3.704E+06  3.844E+07  3.631E+07  3.317E+07  3.027E+07  2.939E+07  3.244E+07  3.543E+07  3.692E+07  2.375E+06
  0.000E+00  2.044E+03  7.373E+03  0.000E+00  0.000E+00  0.000E+00  0.000E+00  0.000E+00  0.000E+00  0.000E+00
  0.000E+00  0.000E+00  0.000E+00  0.000E+00  0.000E+00  3.620E+06  3.752E+07  3.483E+07  3.232E+07  2.945E+07
  2.833E+07  3.079E+07  3.398E+07  3.585E+07  2.306E+06  0.000E+00  0.000E+00  0.000E+00  0.000E+00  0.000E+00
  0.000E+00  0.000E+00  0.000E+00  0.000E+00  0.000E+00  0.000E+00  0.000E+00  0.000E+00  0.000E+00  0.000E+00
  3.483E+06  3.619E+07  3.427E+07  3.153E+07  2.796E+07  2.702E+07  2.972E+07  3.271E+07  3.439E+07  2.251E+06
  0.000E+00  0.000E+00  0.000E+00  0.000E+00  0.000E+00  0.000E+00  0.000E+00  0.000E+00  0.000E+00  0.000E+00
  0.000E+00  0.000E+00  0.000E+00  0.000E+00  0.000E+00  3.197E+06  3.506E+07  3.261E+07  3.006E+07  2.690E+07
  2.610E+07  2.866E+07  3.123E+07  3.373E+07  2.101E+06  0.000E+00  0.000E+00  0.000E+00  0.000E+00  0.000E+00
  0.000E+00  0.000E+00  0.000E+00  0.000E+00  0.000E+00  0.000E+00  0.000E+00  0.000E+00  0.000E+00  0.000E+00
  3.123E+06  3.389E+07  3.162E+07  2.864E+07  2.593E+07  2.462E+07  2.745E+07  3.037E+07  3.218E+07  1.948E+06
  0.000E+00  0.000E+00  0.000E+00  0.000E+00  0.000E+00  0.000E+00  0.000E+00  0.000E+00  0.000E+00  0.000E+00
  0.000E+00  0.000E+00  0.000E+00  0.000E+00  0.000E+00  2.972E+06  3.242E+07  3.012E+07  2.748E+07  2.484E+07
  2.366E+07  2.605E+07  2.884E+07  3.069E+07  1.921E+06  0.000E+00  0.000E+00  0.000E+00  0.000E+00  0.000E+00
  0.000E+00  0.000E+00  0.000E+00  0.000E+00  0.000E+00  0.000E+00  0.000E+00  0.000E+00  0.000E+00  0.000E+00
  2.885E+06  3.109E+07  2.857E+07  2.637E+07  2.364E+07  2.232E+07  2.496E+07  2.743E+07  2.864E+07  1.795E+06
  0.000E+00  0.000E+00  0.000E+00  0.000E+00  0.000E+00  0.000E+00  0.000E+00  0.000E+00  0.000E+00  0.000E+00
  0.000E+00  0.000E+00  0.000E+00  0.000E+00  0.000E+00  2.721E+06  2.947E+07  2.713E+07  2.485E+07  2.219E+07
  2.092E+07  2.358E+07  2.625E+07  2.788E+07  1.652E+06  0.000E+00  0.000E+00  0.000E+00  0.000E+00  0.000E+00
  0.000E+00  0.000E+00  0.000E+00  0.000E+00  0.000E+00  0.000E+00  0.000E+00  0.000E+00  0.000E+00  0.000E+00
  2.453E+06  2.777E+07  2.603E+07  2.318E+07  2.095E+07  1.959E+07  2.190E+07  2.448E+07  2.588E+07  1.606E+06
  0.000E+00  0.000E+00  0.000E+00  0.000E+00  0.000E+00  0.000E+00  0.000E+00  0.000E+00  0.000E+00  0.000E+00
  0.000E+00  0.000E+00  0.000E+00  0.000E+00  0.000E+00  2.389E+06  2.608E+07  2.429E+07  2.205E+07  1.968E+07
  1.854E+07  2.066E+07  2.290E+07  2.457E+07  1.413E+06  0.000E+00  0.000E+00  0.000E+00  0.000E+00  0.000E+00
  0.000E+00  0.000E+00  0.000E+00  0.000E+00  0.000E+00  0.000E+00  0.000E+00  0.000E+00  0.000E+00  0.000E+00
  2.190E+06  2.452E+07  2.278E+07  2.069E+07  1.842E+07  1.707E+07  1.920E+07  2.109E+07  2.292E+07  1.325E+06
  0.000E+00  0.000E+00  0.000E+00  0.000E+00  0.000E+00  0.000E+00  0.000E+00  0.000E+00  0.000E+00  0.000E+00
  0.000E+00  0.000E+00  0.000E+00  0.000E+00  0.000E+00  1.986E+06  2.317E+07  2.142E+07  1.936E+07  1.743E+07
  1.588E+07  1.785E+07  1.985E+07  2.119E+07  1.177E+06  0.000E+00  0.000E+00  0.000E+00  0.000E+00  0.000E+00
  0.000E+00  0.000E+00  0.000E+00  0.000E+00  0.000E+00  0.000E+00  0.000E+00  0.000E+00  0.000E+00  0.000E+00
  1.858E+06  2.130E+07  1.996E+07  1.778E+07  1.590E+07  1.463E+07  1.669E+07  1.859E+07  1.941E+07  1.220E+06
  0.000E+00  0.000E+00  0.000E+00  0.000E+00  0.000E+00  0.000E+00  0.000E+00  0.000E+00  0.000E+00  0.000E+00
  0.000E+00  0.000E+00  0.000E+00  0.000E+00  0.000E+00  1.715E+06  2.000E+07  1.842E+07  1.665E+07  1.471E+07
  1.366E+07  1.530E+07  1.699E+07  1.808E+07  1.044E+06  0.000E+00  0.000E+00  0.000E+00  0.000E+00  0.000E+00
  0.000E+00  0.000E+00  0.000E+00  0.000E+00  0.000E+00  0.000E+00  0.000E+00  0.000E+00  0.000E+00  4.420E+03
  1.610E+06  1.847E+07  1.694E+07  1.524E+07  1.343E+07  1.241E+07  1.405E+07  1.550E+07  1.671E+07  9.890E+05
  0.000E+00  0.000E+00  0.000E+00  0.000E+00  0.000E+00  0.000E+00  0.000E+00  0.000E+00  0.000E+00  0.000E+00
  0.000E+00  0.000E+00  0.000E+00  0.000E+00  0.000E+00  1.435E+06  1.705E+07  1.547E+07  1.410E+07  1.229E+07
  1.151E+07  1.283E+07  1.422E+07  1.526E+07  8.270E+05  0.000E+00  0.000E+00  0.000E+00  0.000E+00  0.000E+00
  0.000E+00  0.000E+00  0.000E+00  0.000E+00  0.000E+00  0.000E+00  0.000E+00  0.000E+00  0.000E+00  0.000E+00
  1.347E+06  1.551E+07  1.406E+07  1.274E+07  1.140E+07  1.038E+07  1.181E+07  1.280E+07  1.409E+07  8.178E+05
  0.000E+00  0.000E+00  0.000E+00  0.000E+00  0.000E+00  0.000E+00  0.000E+00  0.000E+00  0.000E+00  0.000E+00
  0.000E+00  0.000E+00  0.000E+00  0.000E+00  0.000E+00  1.206E+06  1.416E+07  1.310E+07  1.152E+07  1.024E+07
  9.515E+06  1.049E+07  1.189E+07  1.265E+07  6.906E+05  0.000E+00  0.000E+00  0.000E+00  0.000E+00  0.000E+00
  0.000E+00  0.000E+00  0.000E+00  0.000E+00  0.000E+00  0.000E+00  0.000E+00  0.000E+00  0.000E+00  0.000E+00
  1.092E+06  1.285E+07  1.191E+07  1.069E+07  9.422E+06  8.426E+06  9.607E+06  1.063E+07  1.162E+07  6.244E+05
  0.000E+00  0.000E+00  0.000E+00  0.000E+00  0.000E+00  0.000E+00  0.000E+00  0.000E+00  0.000E+00  0.000E+00
  0.000E+00  0.000E+00  0.000E+00  0.000E+00  0.000E+00  9.829E+05  1.186E+07  1.072E+07  9.670E+06  8.525E+06
  7.688E+06  8.680E+06  9.713E+06  1.039E+07  5.693E+05  0.000E+00  0.000E+00  0.000E+00  0.000E+00  0.000E+00
  0.000E+00  0.000E+00  0.000E+00  0.000E+00  0.000E+00  0.000E+00  0.000E+00  0.000E+00  0.000E+00  0.000E+00
  8.566E+05  1.046E+07  9.688E+06  8.741E+06  7.622E+06  6.882E+06  7.731E+06  8.620E+06  9.346E+06  5.124E+05
  0.000E+00  0.000E+00  0.000E+00  0.000E+00  0.000E+00  0.000E+00  0.000E+00  0.000E+00  0.000E+00  0.000E+00
  0.000E+00  0.000E+00  0.000E+00  0.000E+00  0.000E+00  7.832E+05  9.378E+06  8.706E+06  7.755E+06  6.877E+06

#------------------------------------------------------------------------------
# gshow
#------------------------------------------------------------------------------

p: legs[c5*0.875]

hb:   line clip z  
frame:
 -3.9999905E+00 -5.9999746E+00
  4.0000095E+00 -5.9999746E+00
  4.0000095E+00  5.0000254E+00
 -3.9999905E+00  5.0000254E+00
clip:
 -4.30768243E+00 -6.18030207E+00
 -2.62100000E+00 -6.18030207E+00
 -2.62100000E+00 -6.01095427E+00
 -2.62100000E+00 -5.99095780E+00
 -2.62100000E+00 -5.82161000E+00
 -2.62100000E+00 -5.80161354E+00
 -2.62100000E+00 -5.63226574E+00
 -2.62100000E+00 -5.61226928E+00
 -2.62100000E+00 -5.44292148E+00
 -2.62100000E+00 -5.42292502E+00
 -2.62100000E+00 -5.25357722E+00
 -2.62100000E+00 -5.23358075E+00
 -2.62100000E+00 -5.06423295E+00
 -2.62100000E+00 -5.04423649E+00
 -2.62100000E+00 -4.87488869E+00
 -2.62100000E+00 -4.85489223E+00
 -2.62100000E+00 -4.68554443E+00
 -2.62100000E+00 -4.66554797E+00
 -2.62100000E+00 -4.49620017E+00
 -2.62100000E+00 -4.47620371E+00
 -2.62100000E+00 -4.30685590E+00
 -2.62100000E+00 -4.28685944E+00
 -2.62100000E+00 -4.11751164E+00
 -2.62100000E+00 -4.09751518E+00
 -2.62100000E+00 -3.92816738E+00
 -2.62100000E+00 -3.90817092E+00
 -2.62100000E+00 -3.73882312E+00
 -2.62100000E+00 -3.71882666E+00
 -2.62100000E+00 -3.54947886E+00
 -2.62100000E+00 -3.52948239E+00
 -2.62100000E+00 -3.36013459E+00
 -2.62100000E+00 -3.34013813E+00
 -2.62100000E+00 -3.17079033E+00
 -2.62100000E+00 -3.15079387E+00
 -2.62100000E+00 -2.98144607E+00
 -2.62100000E+00 -2.96144961E+00
 -2.62100000E+00 -2.79210181E+00
 -2.62100000E+00 -2.77210535E+00
 -2.62100000E+00 -2.60275754E+00
 -2.62100000E+00 -2.58276108E+00
 -2.62100000E+00 -2.41341328E+00
 -2.62100000E+00 -2.39341682E+00
 -2.62100000E+00 -2.22406902E+00
 -2.62100000E+00 -2.20407256E+00
 -2.62100000E+00 -2.03472476E+00
 -2.62100000E+00 -2.01472830E+00
 -2.62100000E+00 -1.84538049E+00
 -2.62100000E+00 -1.82538403E+00
 -2.62100000E+00 -1.65603623E+00
 -2.62100000E+00 -1.63603977E+00
 -2.62100000E+00 -1.46669197E+00
 -2.58460551E+00 -1.31850000E+00
 -2.47331193E+00 -1.31850000E+00
 -2.23999012E+00 -1.31850000E+00
 -2.05000000E+00 -1.25735125E+00
 -2.05000000E+00 -1.15296374E+00
 -2.05000000E+00 -1.06800698E+00
 -2.05000000E+00 -9.63619481E-01
 -2.05000000E+00 -8.78662722E-01
 -2.05000000E+00 -7.74275218E-01
 -2.05000000E+00 -6.89318460E-01
 -2.05000000E+00 -5.84930956E-01
 -2.05000000E+00 -4.99974198E-01
 -2.05000000E+00 -3.95586694E-01
 -2.05000000E+00 -3.10629935E-01
 -2.05000000E+00 -2.06242431E-01
 -2.05000000E+00 -1.21285673E-01
 -2.05000000E+00 -1.68981691E-02
 -2.05000000E+00  6.80585894E-02
 -2.05000000E+00  1.72446093E-01
 -2.05000000E+00  2.57402852E-01
 -2.05000000E+00  3.61790355E-01
 -2.05000000E+00  4.46747114E-01
 -2.05000000E+00  5.51134618E-01
 -2.05000000E+00  6.36091376E-01
 -2.05000000E+00  7.40478880E-01
 -2.05000000E+00  8.25435639E-01
 -2.05000000E+00  9.29823142E-01
 -2.05000000E+00  1.01477990E+00
 -2.05000000E+00  1.11916740E+00
 -2.05000000E+00  1.20412416E+00
 -2.05000000E+00  1.30851167E+00
 -2.05000000E+00  1.39346843E+00
 -2.05000000E+00  1.49785593E+00
 -2.05000000E+00  1.58281269E+00
 -2.05000000E+00  1.68720019E+00
 -2.05000000E+00  1.77215695E+00
 -2.05000000E+00  1.87654445E+00
 -2.05000000E+00  1.96150121E+00
 -2.05000000E+00  2.06588872E+00
 -1.89537474E+00  2.18150000E+00
 -1.60655202E+00  2.18150000E+00
  1.89539449E+00  2.18150000E+00
  2.05000000E+00  2.15084547E+00
  2.05000000E+00  2.04644712E+00
  2.05000000E+00  1.96150121E+00
  2.05000000E+00  1.85710286E+00
  2.05000000E+00  1.77215695E+00
  2.05000000E+00  1.66775859E+00
  2.05000000E+00  1.58281269E+00
  2.05000000E+00  1.47841433E+00
  2.05000000E+00  1.39346843E+00
  2.05000000E+00  1.28907007E+00
  2.05000000E+00  1.20412416E+00
  2.05000000E+00  1.09972581E+00
  2.05000000E+00  1.01477990E+00
  2.05000000E+00  9.10381544E-01
  2.05000000E+00  8.25435639E-01
  2.05000000E+00  7.21037282E-01
  2.05000000E+00  6.36091376E-01
  2.05000000E+00  5.31693019E-01
  2.05000000E+00  4.46747114E-01
  2.05000000E+00  3.42348757E-01
  2.05000000E+00  2.57402852E-01
  2.05000000E+00  1.53004495E-01
  2.05000000E+00  6.80585894E-02
  2.05000000E+00 -3.63397675E-02
  2.05000000E+00 -1.21285673E-01
  2.05000000E+00 -2.25684030E-01
  2.05000000E+00 -3.10629935E-01
  2.05000000E+00 -4.15028292E-01
  2.05000000E+00 -4.99974198E-01
  2.05000000E+00 -6.04372554E-01
  2.05000000E+00 -6.89318460E-01
  2.05000000E+00 -7.93716817E-01
  2.05000000E+00 -8.78662722E-01
  2.05000000E+00 -9.83061079E-01
  2.05000000E+00 -1.06800698E+00
  2.05000000E+00 -1.17240534E+00
  2.12871629E+00 -1.31850000E+00
  2.24000988E+00 -1.31850000E+00
  2.35130346E+00 -1.31850000E+00
  2.58462526E+00 -1.31850000E+00
  2.60900000E+00 -1.62264740E+00
  2.60900000E+00 -6.18030207E+00
  2.92924065E+00 -6.18030207E+00
  3.27385603E+00 -6.18030207E+00
  3.61847142E+00 -6.18030207E+00
  3.96308680E+00 -6.18030207E+00
  4.30770218E+00 -6.18030207E+00
  4.30770218E+00 -5.99095780E+00
  4.30770218E+00 -5.80161354E+00
  4.30770218E+00 -5.61226928E+00
  4.30770218E+00 -5.42292502E+00
  4.30770218E+00 -5.23358075E+00
  4.30770218E+00 -5.04423649E+00
  4.30770218E+00 -4.85489223E+00
  4.30770218E+00 -4.66554797E+00
  4.30770218E+00 -4.47620371E+00
  4.30770218E+00 -4.28685944E+00
  4.30770218E+00 -4.09751518E+00
  4.30770218E+00 -3.90817092E+00
  4.30770218E+00 -3.71882666E+00
  4.30770218E+00 -3.52948239E+00
  4.30770218E+00 -3.34013813E+00
  4.30770218E+00 -3.15079387E+00
  4.30770218E+00 -2.96144961E+00
  4.30770218E+00 -2.77210535E+00
  4.30770218E+00 -2.58276108E+00
  4.30770218E+00 -2.39341682E+00
  4.30770218E+00 -2.20407256E+00
  4.30770218E+00 -2.01472830E+00
  4.30770218E+00 -1.82538403E+00
  4.30770218E+00 -1.63603977E+00
  4.30770218E+00 -1.44669551E+00
  4.30770218E+00 -1.25735125E+00
  4.30770218E+00 -1.06800698E+00
  4.30770218E+00 -8.78662722E-01
  4.30770218E+00 -6.89318460E-01
  4.30770218E+00 -4.99974198E-01
  4.30770218E+00 -3.10629935E-01
  4.30770218E+00 -1.21285673E-01
  4.30770218E+00  6.80585894E-02
  4.30770218E+00  2.57402852E-01
  4.30770218E+00  4.46747114E-01
  4.30770218E+00  6.36091376E-01
  4.30770218E+00  8.25435639E-01
  4.30770218E+00  1.01477990E+00
  4.30770218E+00  1.20412416E+00
  4.30770218E+00  1.39346843E+00
  4.30770218E+00  1.58281269E+00
  4.30770218E+00  1.77215695E+00
  4.30770218E+00  1.96150121E+00
  4.30770218E+00  2.15084547E+00
  4.30770218E+00  2.34018974E+00
  4.30770218E+00  2.52953400E+00
  4.30770218E+00  2.71887826E+00
  4.30770218E+00  2.90822252E+00
  4.30770218E+00  3.09756679E+00
  4.30770218E+00  3.28691105E+00
  4.30770218E+00  3.47625531E+00
  4.30770218E+00  3.66559957E+00
  4.30770218E+00  3.85494384E+00
  4.30770218E+00  4.04428810E+00
  4.30770218E+00  4.23363236E+00
  4.30770218E+00  4.42297662E+00
  4.30770218E+00  4.61232088E+00
  4.30770218E+00  4.80166515E+00
  4.30770218E+00  4.99100941E+00
  4.30770218E+00  5.18035367E+00
  3.96308680E+00  5.18035367E+00
  3.61847142E+00  5.18035367E+00
  3.27385603E+00  5.18035367E+00
  2.92924065E+00  5.18035367E+00
  2.58462526E+00  5.18035367E+00
  2.24000988E+00  5.18035367E+00
  1.89539449E+00  5.18035367E+00
  1.55077911E+00  5.18035367E+00
  1.20616372E+00  5.18035367E+00
  8.61548338E-01  5.18035367E+00
  5.16932953E-01  5.18035367E+00
  1.72317569E-01  5.18035367E+00
 -1.72297816E-01  5.18035367E+00
 -5.16913200E-01  5.18035367E+00
 -8.61528585E-01  5.18035367E+00
 -1.20614397E+00  5.18035367E+00
 -1.55075935E+00  5.18035367E+00
 -1.89537474E+00  5.18035367E+00
 -2.23999012E+00  5.18035367E+00
 -2.58460551E+00  5.18035367E+00
 -2.92922089E+00  5.18035367E+00
 -3.27383628E+00  5.18035367E+00
 -3.61845166E+00  5.18035367E+00
 -3.96306705E+00  5.18035367E+00
 -4.30768243E+00  4.99100941E+00
 -4.30768243E+00 -6.18030207E+00

hb:   line clip z  
frame:
 -3.9999905E+00 -5.9999746E+00
  4.0000095E+00 -5.9999746E+00
  4.0000095E+00  5.0000254E+00
 -3.9999905E+00  5.0000254E+00
clip:
 -2.58460551E+00 -6.18030207E+00
 -2.37100000E+00 -6.18030207E+00
 -2.37100000E+00 -6.06293941E+00
 -2.37100000E+00 -5.99095780E+00
 -2.37100000E+00 -5.87359515E+00
 -2.37100000E+00 -5.80161354E+00
 -2.37100000E+00 -5.68425088E+00
 -2.37100000E+00 -5.61226928E+00
 -2.37100000E+00 -5.49490662E+00
 -2.37100000E+00 -5.42292502E+00
 -2.37100000E+00 -5.30556236E+00
 -2.37100000E+00 -5.23358075E+00
 -2.37100000E+00 -5.11621810E+00
 -2.37100000E+00 -5.04423649E+00
 -2.37100000E+00 -4.92687384E+00
 -2.37100000E+00 -4.85489223E+00
 -2.37100000E+00 -4.73752957E+00
 -2.37100000E+00 -4.66554797E+00
 -2.37100000E+00 -4.54818531E+00
 -2.37100000E+00 -4.47620371E+00
 -2.37100000E+00 -4.35884105E+00
 -2.37100000E+00 -4.28685944E+00
 -2.37100000E+00 -4.16949679E+00
 -2.37100000E+00 -4.09751518E+00
 -2.37100000E+00 -3.98015252E+00
 -2.37100000E+00 -3.90817092E+00
 -2.37100000E+00 -3.79080826E+00
 -2.37100000E+00 -3.71882666E+00
 -2.37100000E+00 -3.60146400E+00
 -2.37100000E+00 -3.52948239E+00
 -2.37100000E+00 -3.41211974E+00
 -2.37100000E+00 -3.34013813E+00
 -2.37100000E+00 -3.22277547E+00
 -2.37100000E+00 -3.15079387E+00
 -2.37100000E+00 -3.03343121E+00
 -2.37100000E+00 -2.96144961E+00
 -2.37100000E+00 -2.84408695E+00
 -2.37100000E+00 -2.77210535E+00
 -2.37100000E+00 -2.65474269E+00
 -2.37100000E+00 -2.58276108E+00
 -2.37100000E+00 -2.46539843E+00
 -2.37100000E+00 -2.39341682E+00
 -2.37100000E+00 -2.27605416E+00
 -2.37100000E+00 -2.20407256E+00
 -2.37100000E+00 -2.08670990E+00
 -2.37100000E+00 -2.01472830E+00
 -2.37100000E+00 -1.89736564E+00
 -2.37100000E+00 -1.82538403E+00
 -2.37100000E+00 -1.70802138E+00
 -2.23999012E+00 -1.56850000E+00
 -2.01830027E+00 -1.56850000E+00
 -1.75000000E+00 -1.52656969E+00
 -1.75000000E+00 -1.44669551E+00
 -1.75000000E+00 -1.36682132E+00
 -1.89537474E+00 -1.31850000E+00
 -2.12869654E+00 -1.31850000E+00
 -2.23999012E+00 -1.31850000E+00
 -2.47331193E+00 -1.31850000E+00
 -2.58460551E+00 -1.31850000E+00
 -2.62100000E+00 -1.42669905E+00
 -2.62100000E+00 -1.44669551E+00
 -2.62100000E+00 -1.46669197E+00
 -2.62100000E+00 -1.63603977E+00
 -2.62100000E+00 -1.65603623E+00
 -2.62100000E+00 -1.82538403E+00
 -2.62100000E+00 -1.84538049E+00
 -2.62100000E+00 -2.01472830E+00
 -2.62100000E+00 -2.03472476E+00
 -2.62100000E+00 -2.20407256E+00
 -2.62100000E+00 -2.22406902E+00
 -2.62100000E+00 -2.39341682E+00
 -2.62100000E+00 -2.41341328E+00
 -2.62100000E+00 -2.58276108E+00
 -2.62100000E+00 -2.60275754E+00
 -2.62100000E+00 -2.77210535E+00
 -2.62100000E+00 -2.79210181E+00
 -2.62100000E+00 -2.96144961E+00
 -2.62100000E+00 -2.98144607E+00
 -2.62100000E+00 -3.15079387E+00
 -2.62100000E+00 -3.17079033E+00
 -2.62100000E+00 -3.34013813E+00
 -2.62100000E+00 -3.36013459E+00
 -2.62100000E+00 -3.52948239E+00
 -2.62100000E+00 -3.54947886E+00
 -2.62100000E+00 -3.71882666E+00
 -2.62100000E+00 -3.73882312E+00
 -2.62100000E+00 -3.90817092E+00
 -2.62100000E+00 -3.92816738E+00
 -2.62100000E+00 -4.09751518E+00
 -2.62100000E+00 -4.11751164E+00
 -2.62100000E+00 -4.28685944E+00
 -2.62100000E+00 -4.30685590E+00
 -2.62100000E+00 -4.47620371E+00
 -2.62100000E+00 -4.49620017E+00
 -2.62100000E+00 -4.66554797E+00
 -2.62100000E+00 -4.68554443E+00
 -2.62100000E+00 -4.85489223E+00
 -2.62100000E+00 -4.87488869E+00
 -2.62100000E+00 -5.04423649E+00
 -2.62100000E+00 -5.06423295E+00
 -2.62100000E+00 -5.23358075E+00
 -2.62100000E+00 -5.25357722E+00
 -2.62100000E+00 -5.42292502E+00
 -2.62100000E+00 -5.44292148E+00
 -2.62100000E+00 -5.61226928E+00
 -2.62100000E+00 -5.63226574E+00
 -2.62100000E+00 -5.80161354E+00
 -2.62100000E+00 -5.82161000E+00
 -2.62100000E+00 -5.99095780E+00
 -2.62100000E+00 -6.01095427E+00
 -2.62100000E+00 -6.18030207E+00

hb:   line clip z  
frame:
 -3.9999905E+00 -5.9999746E+00
  4.0000095E+00 -5.9999746E+00
  4.0000095E+00  5.0000254E+00
 -3.9999905E+00  5.0000254E+00
clip:
 -2.23999012E+00 -6.18030207E+00
 -1.92536279E+00 -6.18030207E+00
 -1.91218279E+00 -6.00019276E+00
 -1.87583794E+00 -5.60153505E+00
 -1.82830647E+00 -5.19673100E+00
 -1.77920214E+00 -4.85489223E+00
 -1.73256437E+00 -4.57609401E+00
 -1.67735823E+00 -4.28685944E+00
 -1.63712496E+00 -4.09751518E+00
 -1.59336636E+00 -3.90817092E+00
 -1.54494412E+00 -3.71563156E+00
 -1.48334907E+00 -3.49244472E+00
 -1.41372925E+00 -3.26484879E+00
 -1.33419781E+00 -3.03180706E+00
 -1.24184790E+00 -2.79172239E+00
 -1.20614397E+00 -2.70665367E+00
 -1.16203259E+00 -2.60699748E+00
 -1.13175003E+00 -2.54188634E+00
 -1.05777407E+00 -2.39341682E+00
 -9.94139312E-01 -2.27693373E+00
 -9.51351543E-01 -2.20407256E+00
 -8.61528585E-01 -2.06450923E+00
 -8.26477566E-01 -2.01472830E+00
 -6.72866096E-01 -1.82538403E+00
 -4.85640631E-01 -1.65322206E+00
 -3.93987668E-01 -1.56850000E+00
 -5.16913200E-01 -1.56850000E+00
 -6.39838733E-01 -1.56850000E+00
 -8.61528585E-01 -1.56850000E+00
 -9.84454117E-01 -1.56850000E+00
 -1.20614397E+00 -1.56850000E+00
 -1.32906950E+00 -1.56850000E+00
 -1.55075935E+00 -1.56850000E+00
 -1.67368489E+00 -1.56850000E+00
 -1.89537474E+00 -1.56850000E+00
 -2.01830027E+00 -1.56850000E+00
 -2.23999012E+00 -1.56850000E+00
 -2.36291566E+00 -1.56850000E+00
 -2.37100000E+00 -1.63603977E+00
 -2.37100000E+00 -1.70802138E+00
 -2.37100000E+00 -1.82538403E+00
 -2.37100000E+00 -1.89736564E+00
 -2.37100000E+00 -2.01472830E+00
 -2.37100000E+00 -2.08670990E+00
 -2.37100000E+00 -2.20407256E+00
 -2.37100000E+00 -2.27605416E+00
 -2.37100000E+00 -2.39341682E+00
 -2.37100000E+00 -2.46539843E+00
 -2.37100000E+00 -2.58276108E+00
 -2.37100000E+00 -2.65474269E+00
 -2.37100000E+00 -2.77210535E+00
 -2.37100000E+00 -2.84408695E+00
 -2.37100000E+00 -2.96144961E+00
 -2.37100000E+00 -3.03343121E+00
 -2.37100000E+00 -3.15079387E+00
 -2.37100000E+00 -3.22277547E+00
 -2.37100000E+00 -3.34013813E+00
 -2.37100000E+00 -3.41211974E+00
 -2.37100000E+00 -3.52948239E+00
 -2.37100000E+00 -3.60146400E+00
 -2.37100000E+00 -3.71882666E+00
 -2.37100000E+00 -3.79080826E+00
 -2.37100000E+00 -3.90817092E+00
 -2.37100000E+00 -3.98015252E+00
 -2.37100000E+00 -4.09751518E+00
 -2.37100000E+00 -4.16949679E+00
 -2.37100000E+00 -4.28685944E+00
 -2.37100000E+00 -4.35884105E+00
 -2.37100000E+00 -4.47620371E+00
 -2.37100000E+00 -4.54818531E+00
 -2.37100000E+00 -4.66554797E+00
 -2.37100000E+00 -4.73752957E+00
 -2.37100000E+00 -4.85489223E+00
 -2.37100000E+00 -4.92687384E+00
 -2.37100000E+00 -5.04423649E+00
 -2.37100000E+00 -5.11621810E+00
 -2.37100000E+00 -5.23358075E+00
 -2.37100000E+00 -5.30556236E+00
 -2.37100000E+00 -5.42292502E+00
 -2.37100000E+00 -5.49490662E+00
 -2.37100000E+00 -5.61226928E+00
 -2.37100000E+00 -5.68425088E+00
 -2.37100000E+00 -5.80161354E+00
 -2.37100000E+00 -5.87359515E+00
 -2.37100000E+00 -5.99095780E+00
 -2.37100000E+00 -6.06293941E+00
 -2.37100000E+00 -6.18030207E+00

hb:   line clip z  
frame:
 -3.9999905E+00 -5.9999746E+00
  4.0000095E+00 -5.9999746E+00
  4.0000095E+00  5.0000254E+00
 -3.9999905E+00  5.0000254E+00
clip:
 -1.89537474E+00 -6.18030207E+00
  1.91336279E+00 -6.18030207E+00
  1.91271564E+00 -6.17078519E+00
  1.89945356E+00 -5.99095780E+00
  1.89539449E+00 -5.94072147E+00
  1.88333482E+00 -5.80161354E+00
  1.86657540E+00 -5.62810354E+00
  1.86494946E+00 -5.61226928E+00
  1.84726660E+00 -5.44936823E+00
  1.84422993E+00 -5.42292502E+00
  1.82595644E+00 -5.27173255E+00
  1.82109681E+00 -5.23358075E+00
  1.80261261E+00 -5.09521424E+00
  1.79545712E+00 -5.04423649E+00
  1.77719544E+00 -4.91983510E+00
  1.76720214E+00 -4.85489223E+00
  1.74965712E+00 -4.74562140E+00
  1.73620462E+00 -4.66554797E+00
  1.71994091E+00 -4.57260430E+00
  1.70231528E+00 -4.47620371E+00
  1.68798004E+00 -4.40082051E+00
  1.66535823E+00 -4.28685944E+00
  1.65369635E+00 -4.23031296E+00
  1.62512496E+00 -4.09751518E+00
  1.61699862E+00 -4.06113176E+00
  1.58136636E+00 -3.90817092E+00
  1.57778046E+00 -3.89333539E+00
  1.55077911E+00 -3.78464947E+00
  1.53378192E+00 -3.71882666E+00
  1.49126451E+00 -3.56218189E+00
  1.48200464E+00 -3.52948239E+00
  1.44364994E+00 -3.39899880E+00
  1.42557966E+00 -3.34013813E+00
  1.39287117E+00 -3.23755425E+00
  1.36393280E+00 -3.15079387E+00
  1.33868625E+00 -3.07798116E+00
  1.29632273E+00 -2.96144961E+00
  1.28080358E+00 -2.92043975E+00
  1.22176471E+00 -2.77210535E+00
  1.21886738E+00 -2.76512549E+00
  1.20616372E+00 -2.73483943E+00
  1.13890214E+00 -2.58276108E+00
  1.08095716E+00 -2.46220987E+00
  1.04577407E+00 -2.39341682E+00
  1.00371098E+00 -2.31530748E+00
  9.39351543E-01 -2.20407256E+00
  9.19747833E-01 -2.17209563E+00
  8.61548338E-01 -2.08217179E+00
  8.14477566E-01 -2.01472830E+00
  7.25860399E-01 -1.89993594E+00
  6.60866096E-01 -1.82538403E+00
  6.11142400E-01 -1.77362193E+00
  5.16932953E-01 -1.68761135E+00
  4.50366519E-01 -1.63603977E+00
  3.18697634E-01 -1.55561322E+00
  1.72317569E-01 -1.49870948E+00
 -1.07636011E-01 -1.48222306E+00
 -1.72297816E-01 -1.49552475E+00
 -3.24400466E-01 -1.55246903E+00
 -4.62366519E-01 -1.63603977E+00
 -5.16913200E-01 -1.67774433E+00
 -6.18858589E-01 -1.76937152E+00
 -6.72866096E-01 -1.82538403E+00
 -8.02715254E-01 -1.98241411E+00
 -8.26477566E-01 -2.01472830E+00
 -8.61528585E-01 -2.06450923E+00
 -9.28683437E-01 -2.16717523E+00
 -9.51351543E-01 -2.20407256E+00
 -9.94139312E-01 -2.27693373E+00
 -1.05777407E+00 -2.39341682E+00
 -1.13175003E+00 -2.54188634E+00
 -1.15090214E+00 -2.58276108E+00
 -1.20614397E+00 -2.70665367E+00
 -1.22862887E+00 -2.75975132E+00
 -1.23376471E+00 -2.77210535E+00
 -1.24184790E+00 -2.79172239E+00
 -1.30832273E+00 -2.96144961E+00
 -1.33419781E+00 -3.03180706E+00
 -1.37593280E+00 -3.15079387E+00
 -1.41372925E+00 -3.26484879E+00
 -1.43757966E+00 -3.34013813E+00
 -1.48334907E+00 -3.49244472E+00
 -1.49400464E+00 -3.52948239E+00
 -1.54494412E+00 -3.71563156E+00
 -1.54578192E+00 -3.71882666E+00
 -1.55075935E+00 -3.73790339E+00
 -1.58836563E+00 -3.88750866E+00
 -1.59336636E+00 -3.90817092E+00
 -1.59982221E+00 -3.93512784E+00
 -1.63712496E+00 -4.09751518E+00
 -1.64893406E+00 -4.15145595E+00
 -1.67735823E+00 -4.28685944E+00
 -1.69299626E+00 -4.36500959E+00
 -1.71431528E+00 -4.47620371E+00
 -1.73256437E+00 -4.57609401E+00
 -1.74820462E+00 -4.66554797E+00
 -1.76807895E+00 -4.78495128E+00
 -1.77920214E+00 -4.85489223E+00
 -1.79989578E+00 -4.99177687E+00
 -1.80745712E+00 -5.04423649E+00
 -1.82830647E+00 -5.19673100E+00
 -1.83309681E+00 -5.23358075E+00
 -1.85355294E+00 -5.39994660E+00
 -1.85622993E+00 -5.42292502E+00
 -1.87583794E+00 -5.60153505E+00
 -1.87694946E+00 -5.61226928E+00
 -1.89533271E+00 -5.80159045E+00
 -1.91078055E+00 -5.98249329E+00
 -1.91145356E+00 -5.99095780E+00
 -1.91218279E+00 -6.00019276E+00
 -1.92536279E+00 -6.18030207E+00

hb:   line clip z  
frame:
 -3.9999905E+00 -5.9999746E+00
  4.0000095E+00 -5.9999746E+00
  4.0000095E+00  5.0000254E+00
 -3.9999905E+00  5.0000254E+00
clip:
  2.24000988E+00 -6.18030207E+00
  2.35900000E+00 -6.18030207E+00
  2.35900000E+00 -6.11492455E+00
  2.35900000E+00 -5.99095780E+00
  2.35900000E+00 -5.92558029E+00
  2.35900000E+00 -5.80161354E+00
  2.35900000E+00 -5.73623603E+00
  2.35900000E+00 -5.61226928E+00
  2.35900000E+00 -5.54689177E+00
  2.35900000E+00 -5.42292502E+00
  2.35900000E+00 -5.35754750E+00
  2.35900000E+00 -5.23358075E+00
  2.35900000E+00 -5.16820324E+00
  2.35900000E+00 -5.04423649E+00
  2.35900000E+00 -4.97885898E+00
  2.35900000E+00 -4.85489223E+00
  2.35900000E+00 -4.78951472E+00
  2.35900000E+00 -4.66554797E+00
  2.35900000E+00 -4.60017045E+00
  2.35900000E+00 -4.47620371E+00
  2.35900000E+00 -4.41082619E+00
  2.35900000E+00 -4.28685944E+00
  2.35900000E+00 -4.22148193E+00
  2.35900000E+00 -4.09751518E+00
  2.35900000E+00 -4.03213767E+00
  2.35900000E+00 -3.90817092E+00
  2.35900000E+00 -3.84279340E+00
  2.35900000E+00 -3.71882666E+00
  2.35900000E+00 -3.65344914E+00
  2.35900000E+00 -3.52948239E+00
  2.35900000E+00 -3.46410488E+00
  2.35900000E+00 -3.34013813E+00
  2.35900000E+00 -3.27476062E+00
  2.35900000E+00 -3.15079387E+00
  2.35900000E+00 -3.08541636E+00
  2.35900000E+00 -2.96144961E+00
  2.35900000E+00 -2.89607209E+00
  2.35900000E+00 -2.77210535E+00
  2.35900000E+00 -2.70672783E+00
  2.35900000E+00 -2.58276108E+00
  2.35900000E+00 -2.51738357E+00
  2.35900000E+00 -2.39341682E+00
  2.35900000E+00 -2.32803931E+00
  2.35900000E+00 -2.20407256E+00
  2.35900000E+00 -2.13869504E+00
  2.35900000E+00 -2.01472830E+00
  2.35900000E+00 -1.94935078E+00
  2.35900000E+00 -1.82538403E+00
  2.35900000E+00 -1.76000652E+00
  2.35900000E+00 -1.63603977E+00
  2.35900000E+00 -1.57066226E+00
  2.24000988E+00 -1.56850000E+00
  2.11708434E+00 -1.56850000E+00
  1.89539449E+00 -1.56850000E+00
  1.77246896E+00 -1.56850000E+00
  1.55077911E+00 -1.56850000E+00
  1.42785357E+00 -1.56850000E+00
  1.20616372E+00 -1.56850000E+00
  1.08323819E+00 -1.56850000E+00
  8.61548338E-01 -1.56850000E+00
  7.38622806E-01 -1.56850000E+00
  5.16932953E-01 -1.56850000E+00
  3.94007421E-01 -1.56850000E+00
  4.78676437E-01 -1.65705930E+00
  6.60866096E-01 -1.82538403E+00
  8.14477566E-01 -2.01472830E+00
  8.61548338E-01 -2.08217179E+00
  9.39351543E-01 -2.20407256E+00
  1.00371098E+00 -2.31530748E+00
  1.04577407E+00 -2.39341682E+00
  1.13890214E+00 -2.58276108E+00
  1.20616372E+00 -2.73483943E+00
  1.28080358E+00 -2.92043975E+00
  1.33868625E+00 -3.07798116E+00
  1.39287117E+00 -3.23755425E+00
  1.44364994E+00 -3.39899880E+00
  1.49126451E+00 -3.56218189E+00
  1.55077911E+00 -3.78464947E+00
  1.61699862E+00 -4.06113176E+00
  1.66535823E+00 -4.28685944E+00
  1.71994091E+00 -4.57260430E+00
  1.77719544E+00 -4.91983510E+00
  1.82595644E+00 -5.27173255E+00
  1.86657540E+00 -5.62810354E+00
  1.89945356E+00 -5.99095780E+00
  1.91336279E+00 -6.18030207E+00

hb:   line clip z  
frame:
 -3.9999905E+00 -5.9999746E+00
  4.0000095E+00 -5.9999746E+00
  4.0000095E+00  5.0000254E+00
 -3.9999905E+00  5.0000254E+00
clip:
  2.58462526E+00 -6.18030207E+00
  2.60900000E+00 -6.18030207E+00
  2.60900000E+00 -6.16690970E+00
  2.60900000E+00 -5.99095780E+00
  2.60900000E+00 -5.97756543E+00
  2.60900000E+00 -5.80161354E+00
  2.60900000E+00 -5.78822117E+00
  2.60900000E+00 -5.61226928E+00
  2.60900000E+00 -5.59887691E+00
  2.60900000E+00 -5.42292502E+00
  2.60900000E+00 -5.40953265E+00
  2.60900000E+00 -5.23358075E+00
  2.60900000E+00 -5.22018838E+00
  2.60900000E+00 -5.04423649E+00
  2.60900000E+00 -5.03084412E+00
  2.60900000E+00 -4.85489223E+00
  2.60900000E+00 -4.84149986E+00
  2.60900000E+00 -4.66554797E+00
  2.60900000E+00 -4.65215560E+00
  2.60900000E+00 -4.47620371E+00
  2.60900000E+00 -4.46281134E+00
  2.60900000E+00 -4.28685944E+00
  2.60900000E+00 -4.27346707E+00
  2.60900000E+00 -4.09751518E+00
  2.60900000E+00 -4.08412281E+00
  2.60900000E+00 -3.90817092E+00
  2.60900000E+00 -3.89477855E+00
  2.60900000E+00 -3.71882666E+00
  2.60900000E+00 -3.70543429E+00
  2.60900000E+00 -3.52948239E+00
  2.60900000E+00 -3.51609002E+00
  2.60900000E+00 -3.34013813E+00
  2.60900000E+00 -3.32674576E+00
  2.60900000E+00 -3.15079387E+00
  2.60900000E+00 -3.13740150E+00
  2.60900000E+00 -2.96144961E+00
  2.60900000E+00 -2.94805724E+00
  2.60900000E+00 -2.77210535E+00
  2.60900000E+00 -2.75871297E+00
  2.60900000E+00 -2.58276108E+00
  2.60900000E+00 -2.56936871E+00
  2.60900000E+00 -2.39341682E+00
  2.60900000E+00 -2.38002445E+00
  2.60900000E+00 -2.20407256E+00
  2.60900000E+00 -2.19068019E+00
  2.60900000E+00 -2.01472830E+00
  2.60900000E+00 -2.00133593E+00
  2.60900000E+00 -1.82538403E+00
  2.60900000E+00 -1.81199166E+00
  2.60900000E+00 -1.63603977E+00
  2.60900000E+00 -1.62264740E+00
  2.60900000E+00 -1.44669551E+00
  2.60900000E+00 -1.43330314E+00
  2.58462526E+00 -1.31850000E+00
  2.35130346E+00 -1.31850000E+00
  2.24000988E+00 -1.31850000E+00
  2.00668807E+00 -1.31850000E+00
  1.89539449E+00 -1.31850000E+00
  1.75000000E+00 -1.36681047E+00
  1.75000000E+00 -1.44669551E+00
  1.75000000E+00 -1.52658055E+00
  1.89539449E+00 -1.56850000E+00
  2.11708434E+00 -1.56850000E+00
  2.24000988E+00 -1.56850000E+00
  2.35900000E+00 -1.63603977E+00
  2.35900000E+00 -1.76000652E+00
  2.35900000E+00 -1.82538403E+00
  2.35900000E+00 -1.94935078E+00
  2.35900000E+00 -2.01472830E+00
  2.35900000E+00 -2.13869504E+00
  2.35900000E+00 -2.20407256E+00
  2.35900000E+00 -2.32803931E+00
  2.35900000E+00 -2.39341682E+00
  2.35900000E+00 -2.51738357E+00
  2.35900000E+00 -2.58276108E+00
  2.35900000E+00 -2.70672783E+00
  2.35900000E+00 -2.77210535E+00
  2.35900000E+00 -2.89607209E+00
  2.35900000E+00 -2.96144961E+00
  2.35900000E+00 -3.08541636E+00
  2.35900000E+00 -3.15079387E+00
  2.35900000E+00 -3.27476062E+00
  2.35900000E+00 -3.34013813E+00
  2.35900000E+00 -3.46410488E+00
  2.35900000E+00 -3.52948239E+00
  2.35900000E+00 -3.65344914E+00
  2.35900000E+00 -3.71882666E+00
  2.35900000E+00 -3.84279340E+00
  2.35900000E+00 -3.90817092E+00
  2.35900000E+00 -4.03213767E+00
  2.35900000E+00 -4.09751518E+00
  2.35900000E+00 -4.22148193E+00
  2.35900000E+00 -4.28685944E+00
  2.35900000E+00 -4.41082619E+00
  2.35900000E+00 -4.47620371E+00
  2.35900000E+00 -4.60017045E+00
  2.35900000E+00 -4.66554797E+00
  2.35900000E+00 -4.78951472E+00
  2.35900000E+00 -4.85489223E+00
  2.35900000E+00 -4.97885898E+00
  2.35900000E+00 -5.04423649E+00
  2.35900000E+00 -5.16820324E+00
  2.35900000E+00 -5.23358075E+00
  2.35900000E+00 -5.35754750E+00
  2.35900000E+00 -5.42292502E+00
  2.35900000E+00 -5.54689177E+00
  2.35900000E+00 -5.61226928E+00
  2.35900000E+00 -5.73623603E+00
  2.35900000E+00 -5.80161354E+00
  2.35900000E+00 -5.92558029E+00
  2.35900000E+00 -5.99095780E+00
  2.35900000E+00 -6.11492455E+00
  2.35900000E+00 -6.18030207E+00

hb:   line clip z  
clip:
 -1.75000000E+00 -1.55616559E+00
 -1.55075935E+00 -1.56850000E+00
 -1.32906950E+00 -1.56850000E+00
  1.55077911E+00 -1.56850000E+00
  1.75000000E+00 -1.55615473E+00
  1.75000000E+00 -1.44669551E+00
  1.75000000E+00 -1.33723628E+00
  1.55077911E+00 -1.31850000E+00
  1.31745730E+00 -1.31850000E+00
  1.20616372E+00 -1.31850000E+00
  9.72841920E-01 -1.31850000E+00
  8.61548338E-01 -1.31850000E+00
  6.28226535E-01 -1.31850000E+00
  5.16932953E-01 -1.31850000E+00
  2.83611151E-01 -1.31850000E+00
  1.72317569E-01 -1.31850000E+00
 -6.10042340E-02 -1.31850000E+00
 -1.72297816E-01 -1.31850000E+00
 -4.05619619E-01 -1.31850000E+00
 -5.16913200E-01 -1.31850000E+00
 -7.50235003E-01 -1.31850000E+00
 -8.61528585E-01 -1.31850000E+00
 -1.09485039E+00 -1.31850000E+00
 -1.20614397E+00 -1.31850000E+00
 -1.43946577E+00 -1.31850000E+00
 -1.55075935E+00 -1.31850000E+00
 -1.75000000E+00 -1.33722543E+00
 -1.75000000E+00 -1.44669551E+00

hb:   line clip z  
clip:
 -2.00666832E+00 -1.31850000E+00
 -1.78408116E+00 -1.31850000E+00
 -1.75000000E+00 -1.25735125E+00
 -1.75000000E+00 -1.17747706E+00
 -1.75000000E+00 -1.06800698E+00
 -1.75000000E+00 -9.88132800E-01
 -1.75000000E+00 -8.78662722E-01
 -1.75000000E+00 -7.98788538E-01
 -1.75000000E+00 -6.89318460E-01
 -1.75000000E+00 -6.09444276E-01
 -1.75000000E+00 -4.99974198E-01
 -1.75000000E+00 -4.20100013E-01
 -1.75000000E+00 -3.10629935E-01
 -1.75000000E+00 -2.30755751E-01
 -1.75000000E+00 -1.21285673E-01
 -1.75000000E+00 -4.14114888E-02
 -1.75000000E+00  6.80585894E-02
 -1.75000000E+00  1.47932773E-01
 -1.75000000E+00  2.57402852E-01
 -1.75000000E+00  3.37277036E-01
 -1.75000000E+00  4.46747114E-01
 -1.75000000E+00  5.26621298E-01
 -1.75000000E+00  6.36091376E-01
 -1.75000000E+00  7.15965560E-01
 -1.75000000E+00  8.25435639E-01
 -1.75000000E+00  9.05309823E-01
 -1.75000000E+00  1.01477990E+00
 -1.75000000E+00  1.09465408E+00
 -1.75000000E+00  1.20412416E+00
 -1.75000000E+00  1.28399835E+00
 -1.75000000E+00  1.39346843E+00
 -1.75000000E+00  1.47334261E+00
 -1.75000000E+00  1.58281269E+00
 -1.75000000E+00  1.66268687E+00
 -1.75000000E+00  1.77215695E+00
 -1.75000000E+00  1.85203113E+00
 -1.89537474E+00  1.88150000E+00
 -2.05000000E+00  1.85711371E+00
 -2.05000000E+00  1.77215695E+00
 -2.05000000E+00  1.68720019E+00
 -2.05000000E+00  1.58281269E+00
 -2.05000000E+00  1.49785593E+00
 -2.05000000E+00  1.39346843E+00
 -2.05000000E+00  1.30851167E+00
 -2.05000000E+00  1.20412416E+00
 -2.05000000E+00  1.11916740E+00
 -2.05000000E+00  1.01477990E+00
 -2.05000000E+00  9.29823142E-01
 -2.05000000E+00  8.25435639E-01
 -2.05000000E+00  7.40478880E-01
 -2.05000000E+00  6.36091376E-01
 -2.05000000E+00  5.51134618E-01
 -2.05000000E+00  4.46747114E-01
 -2.05000000E+00  3.61790355E-01
 -2.05000000E+00  2.57402852E-01
 -2.05000000E+00  1.72446093E-01
 -2.05000000E+00  6.80585894E-02
 -2.05000000E+00 -1.68981691E-02
 -2.05000000E+00 -1.21285673E-01
 -2.05000000E+00 -2.06242431E-01
 -2.05000000E+00 -3.10629935E-01
 -2.05000000E+00 -3.95586694E-01
 -2.05000000E+00 -4.99974198E-01
 -2.05000000E+00 -5.84930956E-01
 -2.05000000E+00 -6.89318460E-01
 -2.05000000E+00 -7.74275218E-01
 -2.05000000E+00 -8.78662722E-01
 -2.05000000E+00 -9.63619481E-01
 -2.05000000E+00 -1.06800698E+00
 -2.05000000E+00 -1.15296374E+00
 -2.05000000E+00 -1.25735125E+00

hb:   line clip z  
clip:
 -1.66205294E+00 -1.31850000E+00
  1.66207269E+00 -1.31850000E+00
  1.75000000E+00 -1.25735125E+00
  1.75000000E+00 -1.14789202E+00
  1.75000000E+00 -1.06800698E+00
  1.75000000E+00 -9.58547759E-01
  1.75000000E+00 -8.78662722E-01
  1.75000000E+00 -7.69203497E-01
  1.75000000E+00 -6.89318460E-01
  1.75000000E+00 -5.79859235E-01
  1.75000000E+00 -4.99974198E-01
  1.75000000E+00 -3.90514972E-01
  1.75000000E+00 -3.10629935E-01
  1.75000000E+00 -2.01170710E-01
  1.75000000E+00 -1.21285673E-01
  1.75000000E+00 -1.18264478E-02
  1.75000000E+00  6.80585894E-02
  1.75000000E+00  1.77517814E-01
  1.75000000E+00  2.57402852E-01
  1.75000000E+00  3.66862077E-01
  1.75000000E+00  4.46747114E-01
  1.75000000E+00  5.56206339E-01
  1.75000000E+00  6.36091376E-01
  1.75000000E+00  7.45550601E-01
  1.75000000E+00  8.25435639E-01
  1.75000000E+00  9.34894864E-01
  1.75000000E+00  1.01477990E+00
  1.75000000E+00  1.12423913E+00
  1.75000000E+00  1.20412416E+00
  1.75000000E+00  1.31358339E+00
  1.75000000E+00  1.39346843E+00
  1.75000000E+00  1.50292765E+00
  1.75000000E+00  1.58281269E+00
  1.75000000E+00  1.69227191E+00
  1.75000000E+00  1.77215695E+00
  1.74978856E+00  1.88150000E+00
  1.55077911E+00  1.88150000E+00
  1.35176966E+00  1.88150000E+00
  1.20616372E+00  1.88150000E+00
  1.00715427E+00  1.88150000E+00
  8.61548338E-01  1.88150000E+00
  6.62538890E-01  1.88150000E+00
  5.16932953E-01  1.88150000E+00
  3.17923505E-01  1.88150000E+00
  1.72317569E-01  1.88150000E+00
 -2.66918797E-02  1.88150000E+00
 -1.72297816E-01  1.88150000E+00
 -3.71307264E-01  1.88150000E+00
 -5.16913200E-01  1.88150000E+00
 -7.15922649E-01  1.88150000E+00
 -8.61528585E-01  1.88150000E+00
 -1.06053803E+00  1.88150000E+00
 -1.20614397E+00  1.88150000E+00
 -1.40515342E+00  1.88150000E+00
 -1.55075935E+00  1.88150000E+00
 -1.74976880E+00  1.88150000E+00
 -1.75000000E+00  1.77215695E+00
 -1.75000000E+00  1.66268687E+00
 -1.75000000E+00  1.58281269E+00
 -1.75000000E+00  1.47334261E+00
 -1.75000000E+00  1.39346843E+00
 -1.75000000E+00  1.28399835E+00
 -1.75000000E+00  1.20412416E+00
 -1.75000000E+00  1.09465408E+00
 -1.75000000E+00  1.01477990E+00
 -1.75000000E+00  9.05309823E-01
 -1.75000000E+00  8.25435639E-01
 -1.75000000E+00  7.15965560E-01
 -1.75000000E+00  6.36091376E-01
 -1.75000000E+00  5.26621298E-01
 -1.75000000E+00  4.46747114E-01
 -1.75000000E+00  3.37277036E-01
 -1.75000000E+00  2.57402852E-01
 -1.75000000E+00  1.47932773E-01
 -1.75000000E+00  6.80585894E-02
 -1.75000000E+00 -4.14114888E-02
 -1.75000000E+00 -1.21285673E-01
 -1.75000000E+00 -2.30755751E-01
 -1.75000000E+00 -3.10629935E-01
 -1.75000000E+00 -4.20100013E-01
 -1.75000000E+00 -4.99974198E-01
 -1.75000000E+00 -6.09444276E-01
 -1.75000000E+00 -6.89318460E-01
 -1.75000000E+00 -7.98788538E-01
 -1.75000000E+00 -8.78662722E-01
 -1.75000000E+00 -9.88132800E-01
 -1.75000000E+00 -1.06800698E+00
 -1.75000000E+00 -1.17747706E+00
 -1.75000000E+00 -1.25735125E+00

hb:   line clip z  
clip:
  1.78410091E+00 -1.31850000E+00
  2.00668807E+00 -1.31850000E+00
  2.05000000E+00 -1.25735125E+00
  2.05000000E+00 -1.17240534E+00
  2.05000000E+00 -1.06800698E+00
  2.05000000E+00 -9.83061079E-01
  2.05000000E+00 -8.78662722E-01
  2.05000000E+00 -7.93716817E-01
  2.05000000E+00 -6.89318460E-01
  2.05000000E+00 -6.04372554E-01
  2.05000000E+00 -4.99974198E-01
  2.05000000E+00 -4.15028292E-01
  2.05000000E+00 -3.10629935E-01
  2.05000000E+00 -2.25684030E-01
  2.05000000E+00 -1.21285673E-01
  2.05000000E+00 -3.63397675E-02
  2.05000000E+00  6.80585894E-02
  2.05000000E+00  1.53004495E-01
  2.05000000E+00  2.57402852E-01
  2.05000000E+00  3.42348757E-01
  2.05000000E+00  4.46747114E-01
  2.05000000E+00  5.31693019E-01
  2.05000000E+00  6.36091376E-01
  2.05000000E+00  7.21037282E-01
  2.05000000E+00  8.25435639E-01
  2.05000000E+00  9.10381544E-01
  2.05000000E+00  1.01477990E+00
  2.05000000E+00  1.09972581E+00
  2.05000000E+00  1.20412416E+00
  2.05000000E+00  1.28907007E+00
  2.05000000E+00  1.39346843E+00
  2.05000000E+00  1.47841433E+00
  2.05000000E+00  1.58281269E+00
  2.05000000E+00  1.66775859E+00
  2.05000000E+00  1.77215695E+00
  2.05000000E+00  1.85710286E+00
  1.89539449E+00  1.88150000E+00
  1.75000000E+00  1.85204199E+00
  1.75000000E+00  1.77215695E+00
  1.75000000E+00  1.69227191E+00
  1.75000000E+00  1.58281269E+00
  1.75000000E+00  1.50292765E+00
  1.75000000E+00  1.39346843E+00
  1.75000000E+00  1.31358339E+00
  1.75000000E+00  1.20412416E+00
  1.75000000E+00  1.12423913E+00
  1.75000000E+00  1.01477990E+00
  1.75000000E+00  9.34894864E-01
  1.75000000E+00  8.25435639E-01
  1.75000000E+00  7.45550601E-01
  1.75000000E+00  6.36091376E-01
  1.75000000E+00  5.56206339E-01
  1.75000000E+00  4.46747114E-01
  1.75000000E+00  3.66862077E-01
  1.75000000E+00  2.57402852E-01
  1.75000000E+00  1.77517814E-01
  1.75000000E+00  6.80585894E-02
  1.75000000E+00 -1.18264478E-02
  1.75000000E+00 -1.21285673E-01
  1.75000000E+00 -2.01170710E-01
  1.75000000E+00 -3.10629935E-01
  1.75000000E+00 -3.90514972E-01
  1.75000000E+00 -4.99974198E-01
  1.75000000E+00 -5.79859235E-01
  1.75000000E+00 -6.89318460E-01
  1.75000000E+00 -7.69203497E-01
  1.75000000E+00 -8.78662722E-01
  1.75000000E+00 -9.58547759E-01
  1.75000000E+00 -1.06800698E+00
  1.75000000E+00 -1.14789202E+00
  1.75000000E+00 -1.25735125E+00

hb:   line clip z  
clip:
 -2.04098067E+00  1.88150000E+00
  2.04100043E+00  1.88150000E+00
  2.05000000E+00  1.96150121E+00
  2.05000000E+00  2.04644712E+00
  2.05000000E+00  2.15084547E+00
  1.95118716E+00  2.18150000E+00
  1.89539449E+00  2.18150000E+00
  1.83960183E+00  2.18150000E+00
  1.55077911E+00  2.18150000E+00
  1.49498644E+00  2.18150000E+00
  1.20616372E+00  2.18150000E+00
  1.15037106E+00  2.18150000E+00
  8.61548338E-01  2.18150000E+00
  8.05755673E-01  2.18150000E+00
  5.16932953E-01  2.18150000E+00
  4.61140288E-01  2.18150000E+00
  1.72317569E-01  2.18150000E+00
  1.16524904E-01  2.18150000E+00
 -1.72297816E-01  2.18150000E+00
 -2.28090481E-01  2.18150000E+00
 -5.16913200E-01  2.18150000E+00
 -5.72705866E-01  2.18150000E+00
 -8.61528585E-01  2.18150000E+00
 -9.17321250E-01  2.18150000E+00
 -1.20614397E+00  2.18150000E+00
 -1.26193663E+00  2.18150000E+00
 -1.55075935E+00  2.18150000E+00
 -1.60655202E+00  2.18150000E+00
 -1.89537474E+00  2.18150000E+00
 -1.95116740E+00  2.18150000E+00
 -2.05000000E+00  2.15084547E+00
 -2.05000000E+00  2.06588872E+00
 -2.05000000E+00  1.96150121E+00

#------------------------------------------------------------------------------
z: xorg(1.03)
p: xfac[c2*0.05] form[c1/0.05] notc noxt noyt dmin(1)
p: ymin(0) ymax(1) xmin(0) xmax(1) cmin(1) cmax(100) nosp
hc: y= 0.005 to 0.995 by 0.01 ; x= 0.5 to 0.5 by 1 ;
 1  2  3  4  5  6  7  8  9 10 11 12 13 14 15 16 17 18 19 20
21 22 23 24 25 26 27 28 29 30 31 32 33 34 35 36 37 38 39 40
41 42 43 44 45 46 47 48 49 50 51 52 53 54 55 56 57 58 59 60
61 62 63 64 65 66 67 68 69 70 71 72 73 74 75 76 77 78 79 80
81 82 83 84 85 86 87 88 89 90 91 92 93 94 95 96 97 98 99 100
z: xorg(0.0)
p: xfac[c2*0.05] form[c1/0.05] nosp afac[c5*0.625] ymin[c3] ymax[c4]
p: noxt noxn ytxt(-1) ynum(-1) xltd(-1) xstd(-1) itic(1) ylog
y: Flux [1/cm^2/source]              
#------------------------------------------------------------------------------

wt: s[c5]
\vspace{-3}
  emin  &=&   0.0000E+00 [MeV/n]
  emax  &=&   1.0000E+03 [MeV/n]
  zmin  &=&   9.8340E+01 [cm]
  zmax  &=&   9.8350E+01 [cm]
  part. &=& proton  
e:

#------------------------------------------------------------------------------
z: xorg[-1.03/0.05]
p: form[c1] xfac[c2] afac[c5] nosp notf
p: xmin( -4.000000    ) xmax(  4.000000    )
p: ymin( -6.000000    ) ymax(  5.000000    )
 
# Information for Restart Calculation
# This calculation was newly started
# istdev =  2 # 1:Batch variance, 2:History variance
# resc2  = 2.00271476119739875E-02 # Total source weight or Total source weight / maxcas
# resc3  = 1.24999595000000000E+08 # Total history number or Total batch number
# maxcas =       25045 # History / Batch, only used for istdev=1
# bitrseed = 1010111010011101101011110110000000101111100110111100110111010111 # bit data of rseed
