[ T-Track ]
    title = [t-track] in xyz mesh
     mesh =  xyz            # mesh type is xyz scoring mesh
   x-type =    2            # x-mesh is linear given by xmin, xmax and nx
     xmin =  -4.000000      # minimum value of x-mesh points
     xmax =   4.000000      # maximum value of x-mesh points
#    xdel =  0.3200000      # mesh width of x-mesh points
       nx =     25          # number of x-mesh points
#    data = ( x(i), i = 1, nx + 1 )
#          -4.00000E+00 -3.68000E+00 -3.36000E+00 -3.04000E+00 -2.72000E+00
#          -2.40000E+00 -2.08000E+00 -1.76000E+00 -1.44000E+00 -1.12000E+00
#          -8.00000E-01 -4.80000E-01 -1.60000E-01  1.60000E-01  4.80000E-01
#           8.00000E-01  1.12000E+00  1.44000E+00  1.76000E+00  2.08000E+00
#           2.40000E+00  2.72000E+00  3.04000E+00  3.36000E+00  3.68000E+00
#           4.00000E+00
   y-type =    2            # y-mesh is linear given by ymin, ymax and ny
     ymin =  -6.000000      # minimum value of y-mesh points
     ymax =   5.000000      # maximum value of y-mesh points
#    ydel =  0.1833333      # mesh width of y-mesh points
       ny =     60          # number of y-mesh points
#    data = ( y(i), i = 1, ny + 1 )
#          -6.00000E+00 -5.81667E+00 -5.63333E+00 -5.45000E+00 -5.26667E+00
#          -5.08333E+00 -4.90000E+00 -4.71667E+00 -4.53333E+00 -4.35000E+00
#          -4.16667E+00 -3.98333E+00 -3.80000E+00 -3.61667E+00 -3.43333E+00
#          -3.25000E+00 -3.06667E+00 -2.88333E+00 -2.70000E+00 -2.51667E+00
#          -2.33333E+00 -2.15000E+00 -1.96667E+00 -1.78333E+00 -1.60000E+00
#          -1.41667E+00 -1.23333E+00 -1.05000E+00 -8.66667E-01 -6.83333E-01
#          -5.00000E-01 -3.16667E-01 -1.33333E-01  5.00000E-02  2.33333E-01
#           4.16667E-01  6.00000E-01  7.83333E-01  9.66667E-01  1.15000E+00
#           1.33333E+00  1.51667E+00  1.70000E+00  1.88333E+00  2.06667E+00
#           2.25000E+00  2.43333E+00  2.61667E+00  2.80000E+00  2.98333E+00
#           3.16667E+00  3.35000E+00  3.53333E+00  3.71667E+00  3.90000E+00
#           4.08333E+00  4.26667E+00  4.45000E+00  4.63333E+00  4.81667E+00
#           5.00000E+00
   z-type =    1            # z-mesh is given by the below data
       nz =      1          # number of z-mesh points
#    data = ( z(i), i = 1, nz + 1 )
            9.83400E+01  9.83500E+01
   e-type =    1            # e-mesh is given by the below data
       ne =      1          # number of e-mesh points
#    data = ( e(i), i = 1, ne + 1 )
            0.00000E+00  1.00000E+03
     unit =    1            # unit is [1/cm^2/source]
 material =  all            # (D=all) number of specific material
  2D-type =    3            # 1:Cont, 2:Clust, 3:Color, 4:xyz, 5:mat, 6:Clust+Cont, 7:Col+Cont
     axis =      xy            # axis of output
     file = track_xy_.out   # file name of output for the above axis
     part =  proton   
# kf/name :  2212     
    gshow =    1            # 0: no 1:bnd, 2:bnd+mat, 3:bnd+reg 4:bnd+lat 5:bmp style
    resol =    1            # (D=1) resolution of gshow or rshow
    width = 0.5000000       # (D=0.5) width of lines for gshow or rshow
   epsout =    1            # (D=0) generate eps file by ANGEL
#    used :        main (  %)        temp (  %)       total (  %)
#  memory :          95 (  0)           0 (  0)          95 (  0)

#------------------------------------------------------------------------------
#newpage:
#   no. =  1   ie  =  1   iz  =  1   part. = proton  
#   e = (   0.0000E+00  -   1.0000E+03  )
#   z = (   9.8340E+01  -   9.8350E+01  )

'no. =  1,  ie =  1,  iz =  1'
msuc: {\huge [t-track] in xyz mesh}
msdr: {\it plotted by \ANGEL \version}
msdl: {\it calculated by \PHITS  3.36}

x: x [cm]
y: y [cm]
set: c1[ 1.375] c2[ 0.768] c5[ 0.800] c6[ 0.878] c7[ 0.250] c8[ 0.000]
p: h2fs form[c1] xfac[c2] afac[c5] scal[c6] xorg[c7] yorg[c8] nosp
set: c3[1.0e-4] c4[1.0]
p: cmin[c3] cmax[c4]
p: dmin(1e-31)
p: zlog
p: xmin( -4.000000    ) xmax(  4.000000    )
p: ymin( -6.000000    ) ymax(  5.000000    )
#  ny =  60   nx =  25
# ( ( data(x,y), x = 1, nx ), y = ny, 1, -1 )

hc:  y =   4.908333     to  -5.908333     by  0.1833333     ; x =  -3.840000     to   3.840000     by  0.3200000     ;
  8.556E-03  7.967E-03  7.559E-03  7.235E-03  6.940E-03  6.667E-03  6.456E-03  6.259E-03  6.100E-03  6.011E-03
  5.912E-03  5.896E-03  5.842E-03  5.872E-03  5.941E-03  5.986E-03  6.133E-03  6.282E-03  6.405E-03  6.644E-03
  6.962E-03  7.222E-03  7.596E-03  7.992E-03  8.488E-03  8.163E-03  7.634E-03  7.270E-03  6.920E-03  6.636E-03
  6.381E-03  6.174E-03  6.005E-03  5.903E-03  5.801E-03  5.705E-03  5.670E-03  5.683E-03  5.663E-03  5.709E-03
  5.779E-03  5.884E-03  6.021E-03  6.195E-03  6.374E-03  6.630E-03  6.936E-03  7.237E-03  7.648E-03  8.123E-03
  7.781E-03  7.352E-03  6.967E-03  6.646E-03  6.392E-03  6.143E-03  5.948E-03  5.771E-03  5.646E-03  5.551E-03
  5.481E-03  5.467E-03  5.448E-03  5.467E-03  5.470E-03  5.563E-03  5.658E-03  5.803E-03  5.929E-03  6.123E-03
  6.347E-03  6.607E-03  6.938E-03  7.317E-03  7.767E-03  7.461E-03  7.070E-03  6.702E-03  6.424E-03  6.141E-03
  5.938E-03  5.740E-03  5.575E-03  5.455E-03  5.373E-03  5.308E-03  5.244E-03  5.278E-03  5.269E-03  5.318E-03
  5.361E-03  5.472E-03  5.571E-03  5.753E-03  5.903E-03  6.126E-03  6.417E-03  6.676E-03  7.083E-03  7.420E-03
  7.193E-03  6.773E-03  6.451E-03  6.183E-03  5.942E-03  5.737E-03  5.510E-03  5.392E-03  5.267E-03  5.188E-03
  5.159E-03  5.076E-03  5.098E-03  5.078E-03  5.137E-03  5.207E-03  5.295E-03  5.395E-03  5.542E-03  5.697E-03
  5.898E-03  6.156E-03  6.476E-03  6.757E-03  7.222E-03  6.929E-03  6.577E-03  6.187E-03  5.912E-03  5.718E-03
  5.525E-03  5.339E-03  5.219E-03  5.119E-03  5.030E-03  4.981E-03  4.951E-03  4.933E-03  4.953E-03  4.984E-03
  5.050E-03  5.121E-03  5.219E-03  5.340E-03  5.480E-03  5.730E-03  5.972E-03  6.240E-03  6.562E-03  6.888E-03
  6.698E-03  6.332E-03  6.032E-03  5.747E-03  5.563E-03  5.342E-03  5.175E-03  5.080E-03  4.988E-03  4.896E-03
  4.837E-03  4.809E-03  4.800E-03  4.803E-03  4.838E-03  4.901E-03  4.976E-03  5.059E-03  5.211E-03  5.351E-03
  5.539E-03  5.742E-03  6.048E-03  6.366E-03  6.672E-03  6.464E-03  6.091E-03  5.833E-03  5.607E-03  5.384E-03
  5.191E-03  5.092E-03  4.934E-03  4.826E-03  4.786E-03  4.734E-03  4.693E-03  4.692E-03  4.711E-03  4.734E-03
  4.765E-03  4.851E-03  4.957E-03  5.052E-03  5.187E-03  5.360E-03  5.591E-03  5.820E-03  6.145E-03  6.486E-03
  6.295E-03  5.961E-03  5.663E-03  5.431E-03  5.223E-03  5.068E-03  4.928E-03  4.817E-03  4.727E-03  4.678E-03
  4.623E-03  4.627E-03  4.580E-03  4.635E-03  4.629E-03  4.682E-03  4.737E-03  4.825E-03  4.952E-03  5.049E-03
  5.232E-03  5.426E-03  5.642E-03  5.953E-03  6.254E-03  6.141E-03  5.770E-03  5.507E-03  5.320E-03  5.118E-03
  4.950E-03  4.816E-03  4.729E-03  4.654E-03  4.591E-03  4.545E-03  4.517E-03  4.508E-03  4.546E-03  4.563E-03
  4.585E-03  4.656E-03  4.732E-03  4.837E-03  4.938E-03  5.114E-03  5.268E-03  5.509E-03  5.807E-03  6.105E-03
  5.919E-03  5.654E-03  5.396E-03  5.168E-03  4.989E-03  4.835E-03  4.717E-03  4.634E-03  4.568E-03  4.510E-03
  4.483E-03  4.452E-03  4.443E-03  4.468E-03  4.470E-03  4.500E-03  4.537E-03  4.620E-03  4.721E-03  4.839E-03
  4.975E-03  5.163E-03  5.385E-03  5.659E-03  5.939E-03  5.794E-03  5.493E-03  5.259E-03  5.044E-03  4.872E-03
  4.770E-03  4.635E-03  4.560E-03  4.467E-03  4.433E-03  4.408E-03  4.394E-03  4.371E-03  4.396E-03  4.418E-03
  4.436E-03  4.468E-03  4.566E-03  4.636E-03  4.761E-03  4.883E-03  5.041E-03  5.258E-03  5.516E-03  5.788E-03
  5.661E-03  5.384E-03  5.145E-03  4.963E-03  4.772E-03  4.650E-03  4.578E-03  4.470E-03  4.421E-03  4.411E-03
  4.372E-03  4.352E-03  4.347E-03  4.346E-03  4.378E-03  4.387E-03  4.471E-03  4.505E-03  4.569E-03  4.683E-03
  4.808E-03  4.937E-03  5.147E-03  5.363E-03  5.682E-03  5.524E-03  5.262E-03  5.059E-03  4.840E-03  4.725E-03
  4.596E-03  4.498E-03  4.442E-03  4.386E-03  4.346E-03  4.327E-03  4.310E-03  4.302E-03  4.307E-03  4.311E-03
  4.360E-03  4.375E-03  4.443E-03  4.515E-03  4.600E-03  4.702E-03  4.862E-03  5.060E-03  5.284E-03  5.563E-03
  5.453E-03  5.163E-03  4.968E-03  4.794E-03  4.653E-03  4.542E-03  4.448E-03  4.398E-03  4.357E-03  4.343E-03
  4.347E-03  4.285E-03  4.305E-03  4.292E-03  4.296E-03  4.319E-03  4.355E-03  4.389E-03  4.459E-03  4.540E-03
  4.641E-03  4.778E-03  4.963E-03  5.185E-03  5.428E-03  5.342E-03  5.119E-03  4.884E-03  4.733E-03  4.580E-03
  4.496E-03  4.420E-03  4.355E-03  4.327E-03  4.308E-03  4.284E-03  4.292E-03  4.296E-03  4.272E-03  4.280E-03
  4.296E-03  4.326E-03  4.363E-03  4.416E-03  4.486E-03  4.608E-03  4.734E-03  4.884E-03  5.093E-03  5.359E-03
  5.274E-03  5.028E-03  4.817E-03  4.663E-03  4.528E-03  4.475E-03  4.380E-03  4.335E-03  4.326E-03  4.286E-03
  4.286E-03  4.256E-03  4.277E-03  4.273E-03  4.284E-03  4.314E-03  4.310E-03  4.346E-03  4.375E-03  4.428E-03
  4.551E-03  4.653E-03  4.821E-03  5.030E-03  5.264E-03  5.179E-03  4.965E-03  4.741E-03  4.613E-03  4.508E-03
  4.443E-03  4.362E-03  4.318E-03  4.300E-03  4.287E-03  4.278E-03  4.276E-03  4.285E-03  4.287E-03  4.282E-03
  4.306E-03  4.292E-03  4.312E-03  4.362E-03  4.417E-03  4.491E-03  4.613E-03  4.767E-03  4.970E-03  5.184E-03
  5.132E-03  4.919E-03  4.734E-03  4.582E-03  4.458E-03  4.385E-03  4.347E-03  4.309E-03  4.290E-03  4.294E-03
  4.291E-03  4.285E-03  4.307E-03  4.281E-03  4.285E-03  4.279E-03  4.297E-03  4.313E-03  4.339E-03  4.390E-03
  4.457E-03  4.567E-03  4.710E-03  4.896E-03  5.128E-03  5.051E-03  4.859E-03  4.667E-03  4.522E-03  4.434E-03
  4.349E-03  4.337E-03  4.308E-03  4.301E-03  4.299E-03  4.291E-03  4.299E-03  4.312E-03  4.297E-03  4.298E-03
  4.299E-03  4.300E-03  4.301E-03  4.309E-03  4.356E-03  4.422E-03  4.520E-03  4.673E-03  4.849E-03  5.033E-03
  5.019E-03  4.795E-03  4.628E-03  4.505E-03  4.401E-03  4.339E-03  4.317E-03  4.300E-03  4.300E-03  4.303E-03
  4.305E-03  4.332E-03  4.315E-03  4.326E-03  4.319E-03  4.306E-03  4.288E-03  4.287E-03  4.310E-03  4.348E-03
  4.414E-03  4.503E-03  4.621E-03  4.803E-03  5.023E-03  4.965E-03  4.759E-03  4.605E-03  4.487E-03  4.392E-03
  4.337E-03  4.314E-03  4.305E-03  4.293E-03  4.314E-03  4.334E-03  4.339E-03  4.351E-03  4.332E-03  4.330E-03
  4.315E-03  4.318E-03  4.288E-03  4.302E-03  4.326E-03  4.384E-03  4.467E-03  4.627E-03  4.764E-03  4.973E-03
  4.931E-03  4.757E-03  4.565E-03  4.448E-03  4.370E-03  4.316E-03  4.315E-03  4.285E-03  4.298E-03  4.337E-03
  4.353E-03  4.350E-03  4.353E-03  4.359E-03  4.335E-03  4.341E-03  4.315E-03  4.315E-03  4.304E-03  4.319E-03
  4.380E-03  4.470E-03  4.566E-03  4.758E-03  4.937E-03  4.911E-03  4.710E-03  4.550E-03  4.438E-03  4.369E-03
  4.323E-03  4.282E-03  4.303E-03  4.322E-03  4.336E-03  4.387E-03  4.371E-03  4.396E-03  4.376E-03  4.367E-03
  4.324E-03  4.303E-03  4.284E-03  4.305E-03  4.309E-03  4.359E-03  4.454E-03  4.567E-03  4.720E-03  4.961E-03
  4.892E-03  4.707E-03  4.549E-03  4.434E-03  4.345E-03  4.323E-03  4.296E-03  4.302E-03  4.330E-03  4.364E-03
  4.384E-03  4.411E-03  4.420E-03  4.413E-03  4.364E-03  4.347E-03  4.319E-03  4.302E-03  4.283E-03  4.333E-03
  4.377E-03  4.448E-03  4.584E-03  4.717E-03  4.879E-03  4.871E-03  4.677E-03  4.531E-03  4.429E-03  4.369E-03
  4.298E-03  4.280E-03  4.303E-03  4.319E-03  4.352E-03  4.386E-03  4.406E-03  4.410E-03  4.410E-03  4.384E-03
  4.363E-03  4.332E-03  4.307E-03  4.298E-03  4.356E-03  4.367E-03  4.439E-03  4.539E-03  4.689E-03  4.884E-03
  4.864E-03  4.689E-03  4.523E-03  4.420E-03  4.341E-03  4.309E-03  4.297E-03  4.310E-03  4.336E-03  4.373E-03
  4.393E-03  4.419E-03  4.430E-03  4.425E-03  4.395E-03  4.372E-03  4.330E-03  4.311E-03  4.306E-03  4.307E-03
  4.347E-03  4.424E-03  4.530E-03  4.688E-03  4.872E-03  4.899E-03  4.658E-03  4.521E-03  4.413E-03  4.352E-03
  4.325E-03  4.301E-03  4.309E-03  4.321E-03  4.358E-03  4.401E-03  4.432E-03  4.428E-03  4.417E-03  4.390E-03
  4.364E-03  4.343E-03  4.303E-03  4.307E-03  4.310E-03  4.344E-03  4.419E-03  4.540E-03  4.674E-03  4.880E-03
  4.852E-03  4.684E-03  4.536E-03  4.432E-03  4.358E-03  4.307E-03  4.306E-03  4.292E-03  4.330E-03  4.363E-03
  4.376E-03  4.437E-03  4.409E-03  4.421E-03  4.390E-03  4.365E-03  4.357E-03  4.323E-03  4.305E-03  4.314E-03
  4.337E-03  4.413E-03  4.535E-03  4.691E-03  4.870E-03  4.879E-03  4.684E-03  4.544E-03  4.414E-03  4.364E-03
  4.292E-03  4.315E-03  4.317E-03  4.319E-03  4.358E-03  4.376E-03  4.402E-03  4.404E-03  4.404E-03  4.370E-03
  4.350E-03  4.321E-03  4.290E-03  4.300E-03  4.310E-03  4.345E-03  4.438E-03  4.547E-03  4.679E-03  4.887E-03
  4.882E-03  4.705E-03  4.528E-03  4.434E-03  4.376E-03  4.312E-03  4.295E-03  4.292E-03  4.329E-03  4.361E-03
  4.375E-03  4.403E-03  4.410E-03  4.401E-03  4.374E-03  4.334E-03  4.321E-03  4.306E-03  4.326E-03  4.311E-03
  4.365E-03  4.430E-03  4.550E-03  4.714E-03  4.902E-03  4.931E-03  4.743E-03  4.566E-03  4.463E-03  4.376E-03
  4.315E-03  4.302E-03  4.304E-03  4.322E-03  4.322E-03  4.351E-03  4.373E-03  4.385E-03  4.384E-03  4.354E-03
  4.332E-03  4.290E-03  4.303E-03  4.298E-03  4.322E-03  4.375E-03  4.439E-03  4.575E-03  4.735E-03  4.934E-03
  4.972E-03  4.754E-03  4.592E-03  4.463E-03  4.362E-03  4.341E-03  4.304E-03  4.291E-03  4.301E-03  4.327E-03
  4.340E-03  4.355E-03  4.378E-03  4.359E-03  4.339E-03  4.317E-03  4.301E-03  4.293E-03  4.320E-03  4.319E-03
  4.382E-03  4.467E-03  4.591E-03  4.767E-03  4.940E-03  4.984E-03  4.784E-03  4.634E-03  4.486E-03  4.391E-03
  4.346E-03  4.301E-03  4.278E-03  4.282E-03  4.312E-03  4.321E-03  4.350E-03  4.351E-03  4.350E-03  4.323E-03
  4.318E-03  4.307E-03  4.303E-03  4.290E-03  4.354E-03  4.397E-03  4.502E-03  4.603E-03  4.785E-03  4.994E-03
  5.042E-03  4.820E-03  4.652E-03  4.539E-03  5.987E-03  6.217E-03  6.195E-03  6.164E-03  6.189E-03  6.182E-03
  6.219E-03  6.217E-03  6.198E-03  6.243E-03  6.197E-03  6.179E-03  6.195E-03  6.161E-03  6.147E-03  6.245E-03
  5.913E-03  4.511E-03  4.650E-03  4.820E-03  5.020E-03  5.100E-03  4.870E-03  4.696E-03  4.576E-03  1.747E-02
  1.000E+00  0.000E+00  0.000E+00  0.000E+00  0.000E+00  0.000E+00  0.000E+00  1.000E+00  0.000E+00  0.000E+00
  0.000E+00  7.444E-01  0.000E+00  0.000E+00  0.000E+00  1.460E-02  4.566E-03  4.693E-03  4.871E-03  5.084E-03
  5.161E-03  4.946E-03  4.722E-03  4.626E-03  1.795E-02  0.000E+00  0.000E+00  0.000E+00  0.000E+00  0.000E+00
  0.000E+00  0.000E+00  0.000E+00  0.000E+00  0.000E+00  0.000E+00  0.000E+00  0.000E+00  0.000E+00  0.000E+00
  1.484E-02  4.605E-03  4.733E-03  4.924E-03  5.156E-03  5.227E-03  4.974E-03  4.776E-03  4.674E-03  1.829E-02
  0.000E+00  0.000E+00  0.000E+00  0.000E+00  0.000E+00  0.000E+00  0.000E+00  0.000E+00  0.000E+00  0.000E+00
  0.000E+00  0.000E+00  0.000E+00  0.000E+00  0.000E+00  1.470E-02  4.648E-03  4.810E-03  4.971E-03  5.222E-03
  5.293E-03  5.045E-03  4.843E-03  4.724E-03  1.827E-02  0.000E+00  0.000E+00  0.000E+00  0.000E+00  0.000E+00
  0.000E+00  0.000E+00  0.000E+00  0.000E+00  0.000E+00  0.000E+00  0.000E+00  0.000E+00  0.000E+00  0.000E+00
  1.518E-02  4.705E-03  4.842E-03  5.066E-03  5.304E-03  5.383E-03  5.123E-03  4.901E-03  4.801E-03  1.892E-02
  0.000E+00  1.000E+00  1.000E+00  0.000E+00  0.000E+00  0.000E+00  0.000E+00  0.000E+00  0.000E+00  0.000E+00
  0.000E+00  0.000E+00  0.000E+00  0.000E+00  0.000E+00  1.533E-02  4.763E-03  4.943E-03  5.132E-03  5.377E-03
  5.483E-03  5.259E-03  5.005E-03  4.873E-03  1.919E-02  0.000E+00  0.000E+00  0.000E+00  0.000E+00  0.000E+00
  0.000E+00  0.000E+00  0.000E+00  0.000E+00  0.000E+00  0.000E+00  0.000E+00  0.000E+00  0.000E+00  0.000E+00
  1.563E-02  4.849E-03  4.984E-03  5.196E-03  5.518E-03  5.614E-03  5.352E-03  5.101E-03  4.976E-03  1.943E-02
  0.000E+00  0.000E+00  0.000E+00  0.000E+00  0.000E+00  0.000E+00  0.000E+00  0.000E+00  0.000E+00  0.000E+00
  0.000E+00  0.000E+00  0.000E+00  0.000E+00  0.000E+00  1.631E-02  4.929E-03  5.109E-03  5.322E-03  5.627E-03
  5.712E-03  5.451E-03  5.221E-03  5.025E-03  2.017E-02  0.000E+00  0.000E+00  0.000E+00  0.000E+00  0.000E+00
  0.000E+00  0.000E+00  0.000E+00  0.000E+00  0.000E+00  0.000E+00  0.000E+00  0.000E+00  0.000E+00  0.000E+00
  1.650E-02  5.012E-03  5.188E-03  5.452E-03  5.730E-03  5.881E-03  5.569E-03  5.295E-03  5.143E-03  2.089E-02
  0.000E+00  0.000E+00  0.000E+00  0.000E+00  0.000E+00  0.000E+00  0.000E+00  0.000E+00  0.000E+00  0.000E+00
  0.000E+00  0.000E+00  0.000E+00  0.000E+00  0.000E+00  1.691E-02  5.130E-03  5.317E-03  5.566E-03  5.855E-03
  6.001E-03  5.717E-03  5.434E-03  5.267E-03  2.104E-02  0.000E+00  0.000E+00  0.000E+00  0.000E+00  0.000E+00
  0.000E+00  0.000E+00  0.000E+00  0.000E+00  0.000E+00  0.000E+00  0.000E+00  0.000E+00  0.000E+00  0.000E+00
  1.716E-02  5.233E-03  5.459E-03  5.683E-03  6.003E-03  6.177E-03  5.841E-03  5.573E-03  5.452E-03  2.176E-02
  0.000E+00  0.000E+00  0.000E+00  0.000E+00  0.000E+00  0.000E+00  0.000E+00  0.000E+00  0.000E+00  0.000E+00
  0.000E+00  0.000E+00  0.000E+00  0.000E+00  0.000E+00  1.768E-02  5.375E-03  5.603E-03  5.854E-03  6.195E-03
  6.382E-03  6.010E-03  5.696E-03  5.526E-03  2.268E-02  0.000E+00  0.000E+00  0.000E+00  0.000E+00  0.000E+00
  0.000E+00  0.000E+00  0.000E+00  0.000E+00  0.000E+00  0.000E+00  0.000E+00  0.000E+00  0.000E+00  0.000E+00
  1.863E-02  5.538E-03  5.720E-03  6.061E-03  6.377E-03  6.594E-03  6.236E-03  5.898E-03  5.735E-03  2.301E-02
  0.000E+00  0.000E+00  0.000E+00  0.000E+00  0.000E+00  0.000E+00  0.000E+00  0.000E+00  0.000E+00  0.000E+00
  0.000E+00  0.000E+00  0.000E+00  0.000E+00  0.000E+00  1.887E-02  5.714E-03  5.922E-03  6.214E-03  6.580E-03
  6.779E-03  6.421E-03  6.099E-03  5.887E-03  2.453E-02  0.000E+00  0.000E+00  0.000E+00  0.000E+00  0.000E+00
  0.000E+00  0.000E+00  0.000E+00  0.000E+00  0.000E+00  0.000E+00  0.000E+00  0.000E+00  0.000E+00  0.000E+00
  1.971E-02  5.894E-03  6.114E-03  6.416E-03  6.801E-03  7.064E-03  6.661E-03  6.355E-03  6.096E-03  2.538E-02
  0.000E+00  0.000E+00  0.000E+00  0.000E+00  0.000E+00  0.000E+00  0.000E+00  0.000E+00  0.000E+00  0.000E+00
  0.000E+00  0.000E+00  0.000E+00  0.000E+00  0.000E+00  2.069E-02  6.062E-03  6.306E-03  6.633E-03  6.991E-03
  7.325E-03  6.908E-03  6.551E-03  6.340E-03  2.689E-02  0.000E+00  0.000E+00  0.000E+00  0.000E+00  0.000E+00
  0.000E+00  0.000E+00  0.000E+00  0.000E+00  0.000E+00  0.000E+00  0.000E+00  0.000E+00  0.000E+00  0.000E+00
  2.139E-02  6.324E-03  6.534E-03  6.923E-03  7.320E-03  7.632E-03  7.146E-03  6.770E-03  6.624E-03  2.642E-02
  0.000E+00  0.000E+00  0.000E+00  0.000E+00  0.000E+00  0.000E+00  0.000E+00  0.000E+00  0.000E+00  0.000E+00
  0.000E+00  0.000E+00  0.000E+00  0.000E+00  0.000E+00  2.227E-02  6.527E-03  6.802E-03  7.155E-03  7.612E-03
  7.900E-03  7.464E-03  7.083E-03  6.865E-03  2.856E-02  0.000E+00  0.000E+00  0.000E+00  0.000E+00  0.000E+00
  0.000E+00  0.000E+00  0.000E+00  0.000E+00  0.000E+00  0.000E+00  0.000E+00  0.000E+00  0.000E+00  1.000E+00
  2.298E-02  6.791E-03  7.093E-03  7.477E-03  7.966E-03  8.287E-03  7.788E-03  7.416E-03  7.140E-03  2.932E-02
  0.000E+00  0.000E+00  0.000E+00  0.000E+00  0.000E+00  0.000E+00  0.000E+00  0.000E+00  0.000E+00  0.000E+00
  0.000E+00  0.000E+00  0.000E+00  0.000E+00  0.000E+00  2.435E-02  7.069E-03  7.422E-03  7.774E-03  8.326E-03
  8.607E-03  8.152E-03  7.742E-03  7.473E-03  3.207E-02  0.000E+00  0.000E+00  0.000E+00  0.000E+00  0.000E+00
  0.000E+00  0.000E+00  0.000E+00  0.000E+00  0.000E+00  0.000E+00  0.000E+00  0.000E+00  0.000E+00  0.000E+00
  2.513E-02  7.412E-03  7.786E-03  8.180E-03  8.647E-03  9.064E-03  8.496E-03  8.161E-03  7.779E-03  3.229E-02
  0.000E+00  0.000E+00  0.000E+00  0.000E+00  0.000E+00  0.000E+00  0.000E+00  0.000E+00  0.000E+00  0.000E+00
  0.000E+00  0.000E+00  0.000E+00  0.000E+00  0.000E+00  2.657E-02  7.759E-03  8.065E-03  8.603E-03  9.125E-03
  9.469E-03  9.013E-03  8.483E-03  8.209E-03  3.511E-02  0.000E+00  0.000E+00  0.000E+00  0.000E+00  0.000E+00
  0.000E+00  0.000E+00  0.000E+00  0.000E+00  0.000E+00  0.000E+00  0.000E+00  0.000E+00  0.000E+00  0.000E+00
  2.792E-02  8.145E-03  8.460E-03  8.930E-03  9.514E-03  1.006E-02  9.421E-03  8.955E-03  8.566E-03  3.694E-02
  0.000E+00  0.000E+00  0.000E+00  0.000E+00  0.000E+00  0.000E+00  0.000E+00  0.000E+00  0.000E+00  0.000E+00
  0.000E+00  0.000E+00  0.000E+00  0.000E+00  0.000E+00  2.944E-02  8.477E-03  8.919E-03  9.391E-03  1.001E-02
  1.053E-02  9.914E-03  9.373E-03  9.061E-03  3.877E-02  0.000E+00  0.000E+00  0.000E+00  0.000E+00  0.000E+00
  0.000E+00  0.000E+00  0.000E+00  0.000E+00  0.000E+00  0.000E+00  0.000E+00  0.000E+00  0.000E+00  0.000E+00
  3.150E-02  9.030E-03  9.383E-03  9.878E-03  1.058E-02  1.113E-02  1.050E-02  9.946E-03  9.552E-03  4.075E-02
  0.000E+00  0.000E+00  0.000E+00  0.000E+00  0.000E+00  0.000E+00  0.000E+00  0.000E+00  0.000E+00  0.000E+00
  0.000E+00  0.000E+00  0.000E+00  0.000E+00  0.000E+00  3.297E-02  9.536E-03  9.897E-03  1.049E-02  1.114E-02

#------------------------------------------------------------------------------
# gshow
#------------------------------------------------------------------------------

p: legs[c5*0.875]

hb:   line clip z  
frame:
 -3.9999905E+00 -5.9999746E+00
  4.0000095E+00 -5.9999746E+00
  4.0000095E+00  5.0000254E+00
 -3.9999905E+00  5.0000254E+00
clip:
 -4.30768243E+00 -6.18030207E+00
 -2.62100000E+00 -6.18030207E+00
 -2.62100000E+00 -6.01095427E+00
 -2.62100000E+00 -5.99095780E+00
 -2.62100000E+00 -5.82161000E+00
 -2.62100000E+00 -5.80161354E+00
 -2.62100000E+00 -5.63226574E+00
 -2.62100000E+00 -5.61226928E+00
 -2.62100000E+00 -5.44292148E+00
 -2.62100000E+00 -5.42292502E+00
 -2.62100000E+00 -5.25357722E+00
 -2.62100000E+00 -5.23358075E+00
 -2.62100000E+00 -5.06423295E+00
 -2.62100000E+00 -5.04423649E+00
 -2.62100000E+00 -4.87488869E+00
 -2.62100000E+00 -4.85489223E+00
 -2.62100000E+00 -4.68554443E+00
 -2.62100000E+00 -4.66554797E+00
 -2.62100000E+00 -4.49620017E+00
 -2.62100000E+00 -4.47620371E+00
 -2.62100000E+00 -4.30685590E+00
 -2.62100000E+00 -4.28685944E+00
 -2.62100000E+00 -4.11751164E+00
 -2.62100000E+00 -4.09751518E+00
 -2.62100000E+00 -3.92816738E+00
 -2.62100000E+00 -3.90817092E+00
 -2.62100000E+00 -3.73882312E+00
 -2.62100000E+00 -3.71882666E+00
 -2.62100000E+00 -3.54947886E+00
 -2.62100000E+00 -3.52948239E+00
 -2.62100000E+00 -3.36013459E+00
 -2.62100000E+00 -3.34013813E+00
 -2.62100000E+00 -3.17079033E+00
 -2.62100000E+00 -3.15079387E+00
 -2.62100000E+00 -2.98144607E+00
 -2.62100000E+00 -2.96144961E+00
 -2.62100000E+00 -2.79210181E+00
 -2.62100000E+00 -2.77210535E+00
 -2.62100000E+00 -2.60275754E+00
 -2.62100000E+00 -2.58276108E+00
 -2.62100000E+00 -2.41341328E+00
 -2.62100000E+00 -2.39341682E+00
 -2.62100000E+00 -2.22406902E+00
 -2.62100000E+00 -2.20407256E+00
 -2.62100000E+00 -2.03472476E+00
 -2.62100000E+00 -2.01472830E+00
 -2.62100000E+00 -1.84538049E+00
 -2.62100000E+00 -1.82538403E+00
 -2.62100000E+00 -1.65603623E+00
 -2.62100000E+00 -1.63603977E+00
 -2.62100000E+00 -1.46669197E+00
 -2.58460551E+00 -1.31850000E+00
 -2.47331193E+00 -1.31850000E+00
 -2.23999012E+00 -1.31850000E+00
 -2.05000000E+00 -1.25735125E+00
 -2.05000000E+00 -1.15296374E+00
 -2.05000000E+00 -1.06800698E+00
 -2.05000000E+00 -9.63619481E-01
 -2.05000000E+00 -8.78662722E-01
 -2.05000000E+00 -7.74275218E-01
 -2.05000000E+00 -6.89318460E-01
 -2.05000000E+00 -5.84930956E-01
 -2.05000000E+00 -4.99974198E-01
 -2.05000000E+00 -3.95586694E-01
 -2.05000000E+00 -3.10629935E-01
 -2.05000000E+00 -2.06242431E-01
 -2.05000000E+00 -1.21285673E-01
 -2.05000000E+00 -1.68981691E-02
 -2.05000000E+00  6.80585894E-02
 -2.05000000E+00  1.72446093E-01
 -2.05000000E+00  2.57402852E-01
 -2.05000000E+00  3.61790355E-01
 -2.05000000E+00  4.46747114E-01
 -2.05000000E+00  5.51134618E-01
 -2.05000000E+00  6.36091376E-01
 -2.05000000E+00  7.40478880E-01
 -2.05000000E+00  8.25435639E-01
 -2.05000000E+00  9.29823142E-01
 -2.05000000E+00  1.01477990E+00
 -2.05000000E+00  1.11916740E+00
 -2.05000000E+00  1.20412416E+00
 -2.05000000E+00  1.30851167E+00
 -2.05000000E+00  1.39346843E+00
 -2.05000000E+00  1.49785593E+00
 -2.05000000E+00  1.58281269E+00
 -2.05000000E+00  1.68720019E+00
 -2.05000000E+00  1.77215695E+00
 -2.05000000E+00  1.87654445E+00
 -2.05000000E+00  1.96150121E+00
 -2.05000000E+00  2.06588872E+00
 -1.89537474E+00  2.18150000E+00
 -1.60655202E+00  2.18150000E+00
  1.89539449E+00  2.18150000E+00
  2.05000000E+00  2.15084547E+00
  2.05000000E+00  2.04644712E+00
  2.05000000E+00  1.96150121E+00
  2.05000000E+00  1.85710286E+00
  2.05000000E+00  1.77215695E+00
  2.05000000E+00  1.66775859E+00
  2.05000000E+00  1.58281269E+00
  2.05000000E+00  1.47841433E+00
  2.05000000E+00  1.39346843E+00
  2.05000000E+00  1.28907007E+00
  2.05000000E+00  1.20412416E+00
  2.05000000E+00  1.09972581E+00
  2.05000000E+00  1.01477990E+00
  2.05000000E+00  9.10381544E-01
  2.05000000E+00  8.25435639E-01
  2.05000000E+00  7.21037282E-01
  2.05000000E+00  6.36091376E-01
  2.05000000E+00  5.31693019E-01
  2.05000000E+00  4.46747114E-01
  2.05000000E+00  3.42348757E-01
  2.05000000E+00  2.57402852E-01
  2.05000000E+00  1.53004495E-01
  2.05000000E+00  6.80585894E-02
  2.05000000E+00 -3.63397675E-02
  2.05000000E+00 -1.21285673E-01
  2.05000000E+00 -2.25684030E-01
  2.05000000E+00 -3.10629935E-01
  2.05000000E+00 -4.15028292E-01
  2.05000000E+00 -4.99974198E-01
  2.05000000E+00 -6.04372554E-01
  2.05000000E+00 -6.89318460E-01
  2.05000000E+00 -7.93716817E-01
  2.05000000E+00 -8.78662722E-01
  2.05000000E+00 -9.83061079E-01
  2.05000000E+00 -1.06800698E+00
  2.05000000E+00 -1.17240534E+00
  2.12871629E+00 -1.31850000E+00
  2.24000988E+00 -1.31850000E+00
  2.35130346E+00 -1.31850000E+00
  2.58462526E+00 -1.31850000E+00
  2.60900000E+00 -1.62264740E+00
  2.60900000E+00 -6.18030207E+00
  2.92924065E+00 -6.18030207E+00
  3.27385603E+00 -6.18030207E+00
  3.61847142E+00 -6.18030207E+00
  3.96308680E+00 -6.18030207E+00
  4.30770218E+00 -6.18030207E+00
  4.30770218E+00 -5.99095780E+00
  4.30770218E+00 -5.80161354E+00
  4.30770218E+00 -5.61226928E+00
  4.30770218E+00 -5.42292502E+00
  4.30770218E+00 -5.23358075E+00
  4.30770218E+00 -5.04423649E+00
  4.30770218E+00 -4.85489223E+00
  4.30770218E+00 -4.66554797E+00
  4.30770218E+00 -4.47620371E+00
  4.30770218E+00 -4.28685944E+00
  4.30770218E+00 -4.09751518E+00
  4.30770218E+00 -3.90817092E+00
  4.30770218E+00 -3.71882666E+00
  4.30770218E+00 -3.52948239E+00
  4.30770218E+00 -3.34013813E+00
  4.30770218E+00 -3.15079387E+00
  4.30770218E+00 -2.96144961E+00
  4.30770218E+00 -2.77210535E+00
  4.30770218E+00 -2.58276108E+00
  4.30770218E+00 -2.39341682E+00
  4.30770218E+00 -2.20407256E+00
  4.30770218E+00 -2.01472830E+00
  4.30770218E+00 -1.82538403E+00
  4.30770218E+00 -1.63603977E+00
  4.30770218E+00 -1.44669551E+00
  4.30770218E+00 -1.25735125E+00
  4.30770218E+00 -1.06800698E+00
  4.30770218E+00 -8.78662722E-01
  4.30770218E+00 -6.89318460E-01
  4.30770218E+00 -4.99974198E-01
  4.30770218E+00 -3.10629935E-01
  4.30770218E+00 -1.21285673E-01
  4.30770218E+00  6.80585894E-02
  4.30770218E+00  2.57402852E-01
  4.30770218E+00  4.46747114E-01
  4.30770218E+00  6.36091376E-01
  4.30770218E+00  8.25435639E-01
  4.30770218E+00  1.01477990E+00
  4.30770218E+00  1.20412416E+00
  4.30770218E+00  1.39346843E+00
  4.30770218E+00  1.58281269E+00
  4.30770218E+00  1.77215695E+00
  4.30770218E+00  1.96150121E+00
  4.30770218E+00  2.15084547E+00
  4.30770218E+00  2.34018974E+00
  4.30770218E+00  2.52953400E+00
  4.30770218E+00  2.71887826E+00
  4.30770218E+00  2.90822252E+00
  4.30770218E+00  3.09756679E+00
  4.30770218E+00  3.28691105E+00
  4.30770218E+00  3.47625531E+00
  4.30770218E+00  3.66559957E+00
  4.30770218E+00  3.85494384E+00
  4.30770218E+00  4.04428810E+00
  4.30770218E+00  4.23363236E+00
  4.30770218E+00  4.42297662E+00
  4.30770218E+00  4.61232088E+00
  4.30770218E+00  4.80166515E+00
  4.30770218E+00  4.99100941E+00
  4.30770218E+00  5.18035367E+00
  3.96308680E+00  5.18035367E+00
  3.61847142E+00  5.18035367E+00
  3.27385603E+00  5.18035367E+00
  2.92924065E+00  5.18035367E+00
  2.58462526E+00  5.18035367E+00
  2.24000988E+00  5.18035367E+00
  1.89539449E+00  5.18035367E+00
  1.55077911E+00  5.18035367E+00
  1.20616372E+00  5.18035367E+00
  8.61548338E-01  5.18035367E+00
  5.16932953E-01  5.18035367E+00
  1.72317569E-01  5.18035367E+00
 -1.72297816E-01  5.18035367E+00
 -5.16913200E-01  5.18035367E+00
 -8.61528585E-01  5.18035367E+00
 -1.20614397E+00  5.18035367E+00
 -1.55075935E+00  5.18035367E+00
 -1.89537474E+00  5.18035367E+00
 -2.23999012E+00  5.18035367E+00
 -2.58460551E+00  5.18035367E+00
 -2.92922089E+00  5.18035367E+00
 -3.27383628E+00  5.18035367E+00
 -3.61845166E+00  5.18035367E+00
 -3.96306705E+00  5.18035367E+00
 -4.30768243E+00  4.99100941E+00
 -4.30768243E+00 -6.18030207E+00

hb:   line clip z  
frame:
 -3.9999905E+00 -5.9999746E+00
  4.0000095E+00 -5.9999746E+00
  4.0000095E+00  5.0000254E+00
 -3.9999905E+00  5.0000254E+00
clip:
 -2.58460551E+00 -6.18030207E+00
 -2.37100000E+00 -6.18030207E+00
 -2.37100000E+00 -6.06293941E+00
 -2.37100000E+00 -5.99095780E+00
 -2.37100000E+00 -5.87359515E+00
 -2.37100000E+00 -5.80161354E+00
 -2.37100000E+00 -5.68425088E+00
 -2.37100000E+00 -5.61226928E+00
 -2.37100000E+00 -5.49490662E+00
 -2.37100000E+00 -5.42292502E+00
 -2.37100000E+00 -5.30556236E+00
 -2.37100000E+00 -5.23358075E+00
 -2.37100000E+00 -5.11621810E+00
 -2.37100000E+00 -5.04423649E+00
 -2.37100000E+00 -4.92687384E+00
 -2.37100000E+00 -4.85489223E+00
 -2.37100000E+00 -4.73752957E+00
 -2.37100000E+00 -4.66554797E+00
 -2.37100000E+00 -4.54818531E+00
 -2.37100000E+00 -4.47620371E+00
 -2.37100000E+00 -4.35884105E+00
 -2.37100000E+00 -4.28685944E+00
 -2.37100000E+00 -4.16949679E+00
 -2.37100000E+00 -4.09751518E+00
 -2.37100000E+00 -3.98015252E+00
 -2.37100000E+00 -3.90817092E+00
 -2.37100000E+00 -3.79080826E+00
 -2.37100000E+00 -3.71882666E+00
 -2.37100000E+00 -3.60146400E+00
 -2.37100000E+00 -3.52948239E+00
 -2.37100000E+00 -3.41211974E+00
 -2.37100000E+00 -3.34013813E+00
 -2.37100000E+00 -3.22277547E+00
 -2.37100000E+00 -3.15079387E+00
 -2.37100000E+00 -3.03343121E+00
 -2.37100000E+00 -2.96144961E+00
 -2.37100000E+00 -2.84408695E+00
 -2.37100000E+00 -2.77210535E+00
 -2.37100000E+00 -2.65474269E+00
 -2.37100000E+00 -2.58276108E+00
 -2.37100000E+00 -2.46539843E+00
 -2.37100000E+00 -2.39341682E+00
 -2.37100000E+00 -2.27605416E+00
 -2.37100000E+00 -2.20407256E+00
 -2.37100000E+00 -2.08670990E+00
 -2.37100000E+00 -2.01472830E+00
 -2.37100000E+00 -1.89736564E+00
 -2.37100000E+00 -1.82538403E+00
 -2.37100000E+00 -1.70802138E+00
 -2.23999012E+00 -1.56850000E+00
 -2.01830027E+00 -1.56850000E+00
 -1.75000000E+00 -1.52656969E+00
 -1.75000000E+00 -1.44669551E+00
 -1.75000000E+00 -1.36682132E+00
 -1.89537474E+00 -1.31850000E+00
 -2.12869654E+00 -1.31850000E+00
 -2.23999012E+00 -1.31850000E+00
 -2.47331193E+00 -1.31850000E+00
 -2.58460551E+00 -1.31850000E+00
 -2.62100000E+00 -1.42669905E+00
 -2.62100000E+00 -1.44669551E+00
 -2.62100000E+00 -1.46669197E+00
 -2.62100000E+00 -1.63603977E+00
 -2.62100000E+00 -1.65603623E+00
 -2.62100000E+00 -1.82538403E+00
 -2.62100000E+00 -1.84538049E+00
 -2.62100000E+00 -2.01472830E+00
 -2.62100000E+00 -2.03472476E+00
 -2.62100000E+00 -2.20407256E+00
 -2.62100000E+00 -2.22406902E+00
 -2.62100000E+00 -2.39341682E+00
 -2.62100000E+00 -2.41341328E+00
 -2.62100000E+00 -2.58276108E+00
 -2.62100000E+00 -2.60275754E+00
 -2.62100000E+00 -2.77210535E+00
 -2.62100000E+00 -2.79210181E+00
 -2.62100000E+00 -2.96144961E+00
 -2.62100000E+00 -2.98144607E+00
 -2.62100000E+00 -3.15079387E+00
 -2.62100000E+00 -3.17079033E+00
 -2.62100000E+00 -3.34013813E+00
 -2.62100000E+00 -3.36013459E+00
 -2.62100000E+00 -3.52948239E+00
 -2.62100000E+00 -3.54947886E+00
 -2.62100000E+00 -3.71882666E+00
 -2.62100000E+00 -3.73882312E+00
 -2.62100000E+00 -3.90817092E+00
 -2.62100000E+00 -3.92816738E+00
 -2.62100000E+00 -4.09751518E+00
 -2.62100000E+00 -4.11751164E+00
 -2.62100000E+00 -4.28685944E+00
 -2.62100000E+00 -4.30685590E+00
 -2.62100000E+00 -4.47620371E+00
 -2.62100000E+00 -4.49620017E+00
 -2.62100000E+00 -4.66554797E+00
 -2.62100000E+00 -4.68554443E+00
 -2.62100000E+00 -4.85489223E+00
 -2.62100000E+00 -4.87488869E+00
 -2.62100000E+00 -5.04423649E+00
 -2.62100000E+00 -5.06423295E+00
 -2.62100000E+00 -5.23358075E+00
 -2.62100000E+00 -5.25357722E+00
 -2.62100000E+00 -5.42292502E+00
 -2.62100000E+00 -5.44292148E+00
 -2.62100000E+00 -5.61226928E+00
 -2.62100000E+00 -5.63226574E+00
 -2.62100000E+00 -5.80161354E+00
 -2.62100000E+00 -5.82161000E+00
 -2.62100000E+00 -5.99095780E+00
 -2.62100000E+00 -6.01095427E+00
 -2.62100000E+00 -6.18030207E+00

hb:   line clip z  
frame:
 -3.9999905E+00 -5.9999746E+00
  4.0000095E+00 -5.9999746E+00
  4.0000095E+00  5.0000254E+00
 -3.9999905E+00  5.0000254E+00
clip:
 -2.23999012E+00 -6.18030207E+00
 -1.92536279E+00 -6.18030207E+00
 -1.91218279E+00 -6.00019276E+00
 -1.87583794E+00 -5.60153505E+00
 -1.82830647E+00 -5.19673100E+00
 -1.77920214E+00 -4.85489223E+00
 -1.73256437E+00 -4.57609401E+00
 -1.67735823E+00 -4.28685944E+00
 -1.63712496E+00 -4.09751518E+00
 -1.59336636E+00 -3.90817092E+00
 -1.54494412E+00 -3.71563156E+00
 -1.48334907E+00 -3.49244472E+00
 -1.41372925E+00 -3.26484879E+00
 -1.33419781E+00 -3.03180706E+00
 -1.24184790E+00 -2.79172239E+00
 -1.20614397E+00 -2.70665367E+00
 -1.16203259E+00 -2.60699748E+00
 -1.13175003E+00 -2.54188634E+00
 -1.05777407E+00 -2.39341682E+00
 -9.94139312E-01 -2.27693373E+00
 -9.51351543E-01 -2.20407256E+00
 -8.61528585E-01 -2.06450923E+00
 -8.26477566E-01 -2.01472830E+00
 -6.72866096E-01 -1.82538403E+00
 -4.85640631E-01 -1.65322206E+00
 -3.93987668E-01 -1.56850000E+00
 -5.16913200E-01 -1.56850000E+00
 -6.39838733E-01 -1.56850000E+00
 -8.61528585E-01 -1.56850000E+00
 -9.84454117E-01 -1.56850000E+00
 -1.20614397E+00 -1.56850000E+00
 -1.32906950E+00 -1.56850000E+00
 -1.55075935E+00 -1.56850000E+00
 -1.67368489E+00 -1.56850000E+00
 -1.89537474E+00 -1.56850000E+00
 -2.01830027E+00 -1.56850000E+00
 -2.23999012E+00 -1.56850000E+00
 -2.36291566E+00 -1.56850000E+00
 -2.37100000E+00 -1.63603977E+00
 -2.37100000E+00 -1.70802138E+00
 -2.37100000E+00 -1.82538403E+00
 -2.37100000E+00 -1.89736564E+00
 -2.37100000E+00 -2.01472830E+00
 -2.37100000E+00 -2.08670990E+00
 -2.37100000E+00 -2.20407256E+00
 -2.37100000E+00 -2.27605416E+00
 -2.37100000E+00 -2.39341682E+00
 -2.37100000E+00 -2.46539843E+00
 -2.37100000E+00 -2.58276108E+00
 -2.37100000E+00 -2.65474269E+00
 -2.37100000E+00 -2.77210535E+00
 -2.37100000E+00 -2.84408695E+00
 -2.37100000E+00 -2.96144961E+00
 -2.37100000E+00 -3.03343121E+00
 -2.37100000E+00 -3.15079387E+00
 -2.37100000E+00 -3.22277547E+00
 -2.37100000E+00 -3.34013813E+00
 -2.37100000E+00 -3.41211974E+00
 -2.37100000E+00 -3.52948239E+00
 -2.37100000E+00 -3.60146400E+00
 -2.37100000E+00 -3.71882666E+00
 -2.37100000E+00 -3.79080826E+00
 -2.37100000E+00 -3.90817092E+00
 -2.37100000E+00 -3.98015252E+00
 -2.37100000E+00 -4.09751518E+00
 -2.37100000E+00 -4.16949679E+00
 -2.37100000E+00 -4.28685944E+00
 -2.37100000E+00 -4.35884105E+00
 -2.37100000E+00 -4.47620371E+00
 -2.37100000E+00 -4.54818531E+00
 -2.37100000E+00 -4.66554797E+00
 -2.37100000E+00 -4.73752957E+00
 -2.37100000E+00 -4.85489223E+00
 -2.37100000E+00 -4.92687384E+00
 -2.37100000E+00 -5.04423649E+00
 -2.37100000E+00 -5.11621810E+00
 -2.37100000E+00 -5.23358075E+00
 -2.37100000E+00 -5.30556236E+00
 -2.37100000E+00 -5.42292502E+00
 -2.37100000E+00 -5.49490662E+00
 -2.37100000E+00 -5.61226928E+00
 -2.37100000E+00 -5.68425088E+00
 -2.37100000E+00 -5.80161354E+00
 -2.37100000E+00 -5.87359515E+00
 -2.37100000E+00 -5.99095780E+00
 -2.37100000E+00 -6.06293941E+00
 -2.37100000E+00 -6.18030207E+00

hb:   line clip z  
frame:
 -3.9999905E+00 -5.9999746E+00
  4.0000095E+00 -5.9999746E+00
  4.0000095E+00  5.0000254E+00
 -3.9999905E+00  5.0000254E+00
clip:
 -1.89537474E+00 -6.18030207E+00
  1.91336279E+00 -6.18030207E+00
  1.91271564E+00 -6.17078519E+00
  1.89945356E+00 -5.99095780E+00
  1.89539449E+00 -5.94072147E+00
  1.88333482E+00 -5.80161354E+00
  1.86657540E+00 -5.62810354E+00
  1.86494946E+00 -5.61226928E+00
  1.84726660E+00 -5.44936823E+00
  1.84422993E+00 -5.42292502E+00
  1.82595644E+00 -5.27173255E+00
  1.82109681E+00 -5.23358075E+00
  1.80261261E+00 -5.09521424E+00
  1.79545712E+00 -5.04423649E+00
  1.77719544E+00 -4.91983510E+00
  1.76720214E+00 -4.85489223E+00
  1.74965712E+00 -4.74562140E+00
  1.73620462E+00 -4.66554797E+00
  1.71994091E+00 -4.57260430E+00
  1.70231528E+00 -4.47620371E+00
  1.68798004E+00 -4.40082051E+00
  1.66535823E+00 -4.28685944E+00
  1.65369635E+00 -4.23031296E+00
  1.62512496E+00 -4.09751518E+00
  1.61699862E+00 -4.06113176E+00
  1.58136636E+00 -3.90817092E+00
  1.57778046E+00 -3.89333539E+00
  1.55077911E+00 -3.78464947E+00
  1.53378192E+00 -3.71882666E+00
  1.49126451E+00 -3.56218189E+00
  1.48200464E+00 -3.52948239E+00
  1.44364994E+00 -3.39899880E+00
  1.42557966E+00 -3.34013813E+00
  1.39287117E+00 -3.23755425E+00
  1.36393280E+00 -3.15079387E+00
  1.33868625E+00 -3.07798116E+00
  1.29632273E+00 -2.96144961E+00
  1.28080358E+00 -2.92043975E+00
  1.22176471E+00 -2.77210535E+00
  1.21886738E+00 -2.76512549E+00
  1.20616372E+00 -2.73483943E+00
  1.13890214E+00 -2.58276108E+00
  1.08095716E+00 -2.46220987E+00
  1.04577407E+00 -2.39341682E+00
  1.00371098E+00 -2.31530748E+00
  9.39351543E-01 -2.20407256E+00
  9.19747833E-01 -2.17209563E+00
  8.61548338E-01 -2.08217179E+00
  8.14477566E-01 -2.01472830E+00
  7.25860399E-01 -1.89993594E+00
  6.60866096E-01 -1.82538403E+00
  6.11142400E-01 -1.77362193E+00
  5.16932953E-01 -1.68761135E+00
  4.50366519E-01 -1.63603977E+00
  3.18697634E-01 -1.55561322E+00
  1.72317569E-01 -1.49870948E+00
 -1.07636011E-01 -1.48222306E+00
 -1.72297816E-01 -1.49552475E+00
 -3.24400466E-01 -1.55246903E+00
 -4.62366519E-01 -1.63603977E+00
 -5.16913200E-01 -1.67774433E+00
 -6.18858589E-01 -1.76937152E+00
 -6.72866096E-01 -1.82538403E+00
 -8.02715254E-01 -1.98241411E+00
 -8.26477566E-01 -2.01472830E+00
 -8.61528585E-01 -2.06450923E+00
 -9.28683437E-01 -2.16717523E+00
 -9.51351543E-01 -2.20407256E+00
 -9.94139312E-01 -2.27693373E+00
 -1.05777407E+00 -2.39341682E+00
 -1.13175003E+00 -2.54188634E+00
 -1.15090214E+00 -2.58276108E+00
 -1.20614397E+00 -2.70665367E+00
 -1.22862887E+00 -2.75975132E+00
 -1.23376471E+00 -2.77210535E+00
 -1.24184790E+00 -2.79172239E+00
 -1.30832273E+00 -2.96144961E+00
 -1.33419781E+00 -3.03180706E+00
 -1.37593280E+00 -3.15079387E+00
 -1.41372925E+00 -3.26484879E+00
 -1.43757966E+00 -3.34013813E+00
 -1.48334907E+00 -3.49244472E+00
 -1.49400464E+00 -3.52948239E+00
 -1.54494412E+00 -3.71563156E+00
 -1.54578192E+00 -3.71882666E+00
 -1.55075935E+00 -3.73790339E+00
 -1.58836563E+00 -3.88750866E+00
 -1.59336636E+00 -3.90817092E+00
 -1.59982221E+00 -3.93512784E+00
 -1.63712496E+00 -4.09751518E+00
 -1.64893406E+00 -4.15145595E+00
 -1.67735823E+00 -4.28685944E+00
 -1.69299626E+00 -4.36500959E+00
 -1.71431528E+00 -4.47620371E+00
 -1.73256437E+00 -4.57609401E+00
 -1.74820462E+00 -4.66554797E+00
 -1.76807895E+00 -4.78495128E+00
 -1.77920214E+00 -4.85489223E+00
 -1.79989578E+00 -4.99177687E+00
 -1.80745712E+00 -5.04423649E+00
 -1.82830647E+00 -5.19673100E+00
 -1.83309681E+00 -5.23358075E+00
 -1.85355294E+00 -5.39994660E+00
 -1.85622993E+00 -5.42292502E+00
 -1.87583794E+00 -5.60153505E+00
 -1.87694946E+00 -5.61226928E+00
 -1.89533271E+00 -5.80159045E+00
 -1.91078055E+00 -5.98249329E+00
 -1.91145356E+00 -5.99095780E+00
 -1.91218279E+00 -6.00019276E+00
 -1.92536279E+00 -6.18030207E+00

hb:   line clip z  
frame:
 -3.9999905E+00 -5.9999746E+00
  4.0000095E+00 -5.9999746E+00
  4.0000095E+00  5.0000254E+00
 -3.9999905E+00  5.0000254E+00
clip:
  2.24000988E+00 -6.18030207E+00
  2.35900000E+00 -6.18030207E+00
  2.35900000E+00 -6.11492455E+00
  2.35900000E+00 -5.99095780E+00
  2.35900000E+00 -5.92558029E+00
  2.35900000E+00 -5.80161354E+00
  2.35900000E+00 -5.73623603E+00
  2.35900000E+00 -5.61226928E+00
  2.35900000E+00 -5.54689177E+00
  2.35900000E+00 -5.42292502E+00
  2.35900000E+00 -5.35754750E+00
  2.35900000E+00 -5.23358075E+00
  2.35900000E+00 -5.16820324E+00
  2.35900000E+00 -5.04423649E+00
  2.35900000E+00 -4.97885898E+00
  2.35900000E+00 -4.85489223E+00
  2.35900000E+00 -4.78951472E+00
  2.35900000E+00 -4.66554797E+00
  2.35900000E+00 -4.60017045E+00
  2.35900000E+00 -4.47620371E+00
  2.35900000E+00 -4.41082619E+00
  2.35900000E+00 -4.28685944E+00
  2.35900000E+00 -4.22148193E+00
  2.35900000E+00 -4.09751518E+00
  2.35900000E+00 -4.03213767E+00
  2.35900000E+00 -3.90817092E+00
  2.35900000E+00 -3.84279340E+00
  2.35900000E+00 -3.71882666E+00
  2.35900000E+00 -3.65344914E+00
  2.35900000E+00 -3.52948239E+00
  2.35900000E+00 -3.46410488E+00
  2.35900000E+00 -3.34013813E+00
  2.35900000E+00 -3.27476062E+00
  2.35900000E+00 -3.15079387E+00
  2.35900000E+00 -3.08541636E+00
  2.35900000E+00 -2.96144961E+00
  2.35900000E+00 -2.89607209E+00
  2.35900000E+00 -2.77210535E+00
  2.35900000E+00 -2.70672783E+00
  2.35900000E+00 -2.58276108E+00
  2.35900000E+00 -2.51738357E+00
  2.35900000E+00 -2.39341682E+00
  2.35900000E+00 -2.32803931E+00
  2.35900000E+00 -2.20407256E+00
  2.35900000E+00 -2.13869504E+00
  2.35900000E+00 -2.01472830E+00
  2.35900000E+00 -1.94935078E+00
  2.35900000E+00 -1.82538403E+00
  2.35900000E+00 -1.76000652E+00
  2.35900000E+00 -1.63603977E+00
  2.35900000E+00 -1.57066226E+00
  2.24000988E+00 -1.56850000E+00
  2.11708434E+00 -1.56850000E+00
  1.89539449E+00 -1.56850000E+00
  1.77246896E+00 -1.56850000E+00
  1.55077911E+00 -1.56850000E+00
  1.42785357E+00 -1.56850000E+00
  1.20616372E+00 -1.56850000E+00
  1.08323819E+00 -1.56850000E+00
  8.61548338E-01 -1.56850000E+00
  7.38622806E-01 -1.56850000E+00
  5.16932953E-01 -1.56850000E+00
  3.94007421E-01 -1.56850000E+00
  4.78676437E-01 -1.65705930E+00
  6.60866096E-01 -1.82538403E+00
  8.14477566E-01 -2.01472830E+00
  8.61548338E-01 -2.08217179E+00
  9.39351543E-01 -2.20407256E+00
  1.00371098E+00 -2.31530748E+00
  1.04577407E+00 -2.39341682E+00
  1.13890214E+00 -2.58276108E+00
  1.20616372E+00 -2.73483943E+00
  1.28080358E+00 -2.92043975E+00
  1.33868625E+00 -3.07798116E+00
  1.39287117E+00 -3.23755425E+00
  1.44364994E+00 -3.39899880E+00
  1.49126451E+00 -3.56218189E+00
  1.55077911E+00 -3.78464947E+00
  1.61699862E+00 -4.06113176E+00
  1.66535823E+00 -4.28685944E+00
  1.71994091E+00 -4.57260430E+00
  1.77719544E+00 -4.91983510E+00
  1.82595644E+00 -5.27173255E+00
  1.86657540E+00 -5.62810354E+00
  1.89945356E+00 -5.99095780E+00
  1.91336279E+00 -6.18030207E+00

hb:   line clip z  
frame:
 -3.9999905E+00 -5.9999746E+00
  4.0000095E+00 -5.9999746E+00
  4.0000095E+00  5.0000254E+00
 -3.9999905E+00  5.0000254E+00
clip:
  2.58462526E+00 -6.18030207E+00
  2.60900000E+00 -6.18030207E+00
  2.60900000E+00 -6.16690970E+00
  2.60900000E+00 -5.99095780E+00
  2.60900000E+00 -5.97756543E+00
  2.60900000E+00 -5.80161354E+00
  2.60900000E+00 -5.78822117E+00
  2.60900000E+00 -5.61226928E+00
  2.60900000E+00 -5.59887691E+00
  2.60900000E+00 -5.42292502E+00
  2.60900000E+00 -5.40953265E+00
  2.60900000E+00 -5.23358075E+00
  2.60900000E+00 -5.22018838E+00
  2.60900000E+00 -5.04423649E+00
  2.60900000E+00 -5.03084412E+00
  2.60900000E+00 -4.85489223E+00
  2.60900000E+00 -4.84149986E+00
  2.60900000E+00 -4.66554797E+00
  2.60900000E+00 -4.65215560E+00
  2.60900000E+00 -4.47620371E+00
  2.60900000E+00 -4.46281134E+00
  2.60900000E+00 -4.28685944E+00
  2.60900000E+00 -4.27346707E+00
  2.60900000E+00 -4.09751518E+00
  2.60900000E+00 -4.08412281E+00
  2.60900000E+00 -3.90817092E+00
  2.60900000E+00 -3.89477855E+00
  2.60900000E+00 -3.71882666E+00
  2.60900000E+00 -3.70543429E+00
  2.60900000E+00 -3.52948239E+00
  2.60900000E+00 -3.51609002E+00
  2.60900000E+00 -3.34013813E+00
  2.60900000E+00 -3.32674576E+00
  2.60900000E+00 -3.15079387E+00
  2.60900000E+00 -3.13740150E+00
  2.60900000E+00 -2.96144961E+00
  2.60900000E+00 -2.94805724E+00
  2.60900000E+00 -2.77210535E+00
  2.60900000E+00 -2.75871297E+00
  2.60900000E+00 -2.58276108E+00
  2.60900000E+00 -2.56936871E+00
  2.60900000E+00 -2.39341682E+00
  2.60900000E+00 -2.38002445E+00
  2.60900000E+00 -2.20407256E+00
  2.60900000E+00 -2.19068019E+00
  2.60900000E+00 -2.01472830E+00
  2.60900000E+00 -2.00133593E+00
  2.60900000E+00 -1.82538403E+00
  2.60900000E+00 -1.81199166E+00
  2.60900000E+00 -1.63603977E+00
  2.60900000E+00 -1.62264740E+00
  2.60900000E+00 -1.44669551E+00
  2.60900000E+00 -1.43330314E+00
  2.58462526E+00 -1.31850000E+00
  2.35130346E+00 -1.31850000E+00
  2.24000988E+00 -1.31850000E+00
  2.00668807E+00 -1.31850000E+00
  1.89539449E+00 -1.31850000E+00
  1.75000000E+00 -1.36681047E+00
  1.75000000E+00 -1.44669551E+00
  1.75000000E+00 -1.52658055E+00
  1.89539449E+00 -1.56850000E+00
  2.11708434E+00 -1.56850000E+00
  2.24000988E+00 -1.56850000E+00
  2.35900000E+00 -1.63603977E+00
  2.35900000E+00 -1.76000652E+00
  2.35900000E+00 -1.82538403E+00
  2.35900000E+00 -1.94935078E+00
  2.35900000E+00 -2.01472830E+00
  2.35900000E+00 -2.13869504E+00
  2.35900000E+00 -2.20407256E+00
  2.35900000E+00 -2.32803931E+00
  2.35900000E+00 -2.39341682E+00
  2.35900000E+00 -2.51738357E+00
  2.35900000E+00 -2.58276108E+00
  2.35900000E+00 -2.70672783E+00
  2.35900000E+00 -2.77210535E+00
  2.35900000E+00 -2.89607209E+00
  2.35900000E+00 -2.96144961E+00
  2.35900000E+00 -3.08541636E+00
  2.35900000E+00 -3.15079387E+00
  2.35900000E+00 -3.27476062E+00
  2.35900000E+00 -3.34013813E+00
  2.35900000E+00 -3.46410488E+00
  2.35900000E+00 -3.52948239E+00
  2.35900000E+00 -3.65344914E+00
  2.35900000E+00 -3.71882666E+00
  2.35900000E+00 -3.84279340E+00
  2.35900000E+00 -3.90817092E+00
  2.35900000E+00 -4.03213767E+00
  2.35900000E+00 -4.09751518E+00
  2.35900000E+00 -4.22148193E+00
  2.35900000E+00 -4.28685944E+00
  2.35900000E+00 -4.41082619E+00
  2.35900000E+00 -4.47620371E+00
  2.35900000E+00 -4.60017045E+00
  2.35900000E+00 -4.66554797E+00
  2.35900000E+00 -4.78951472E+00
  2.35900000E+00 -4.85489223E+00
  2.35900000E+00 -4.97885898E+00
  2.35900000E+00 -5.04423649E+00
  2.35900000E+00 -5.16820324E+00
  2.35900000E+00 -5.23358075E+00
  2.35900000E+00 -5.35754750E+00
  2.35900000E+00 -5.42292502E+00
  2.35900000E+00 -5.54689177E+00
  2.35900000E+00 -5.61226928E+00
  2.35900000E+00 -5.73623603E+00
  2.35900000E+00 -5.80161354E+00
  2.35900000E+00 -5.92558029E+00
  2.35900000E+00 -5.99095780E+00
  2.35900000E+00 -6.11492455E+00
  2.35900000E+00 -6.18030207E+00

hb:   line clip z  
clip:
 -1.75000000E+00 -1.55616559E+00
 -1.55075935E+00 -1.56850000E+00
 -1.32906950E+00 -1.56850000E+00
  1.55077911E+00 -1.56850000E+00
  1.75000000E+00 -1.55615473E+00
  1.75000000E+00 -1.44669551E+00
  1.75000000E+00 -1.33723628E+00
  1.55077911E+00 -1.31850000E+00
  1.31745730E+00 -1.31850000E+00
  1.20616372E+00 -1.31850000E+00
  9.72841920E-01 -1.31850000E+00
  8.61548338E-01 -1.31850000E+00
  6.28226535E-01 -1.31850000E+00
  5.16932953E-01 -1.31850000E+00
  2.83611151E-01 -1.31850000E+00
  1.72317569E-01 -1.31850000E+00
 -6.10042340E-02 -1.31850000E+00
 -1.72297816E-01 -1.31850000E+00
 -4.05619619E-01 -1.31850000E+00
 -5.16913200E-01 -1.31850000E+00
 -7.50235003E-01 -1.31850000E+00
 -8.61528585E-01 -1.31850000E+00
 -1.09485039E+00 -1.31850000E+00
 -1.20614397E+00 -1.31850000E+00
 -1.43946577E+00 -1.31850000E+00
 -1.55075935E+00 -1.31850000E+00
 -1.75000000E+00 -1.33722543E+00
 -1.75000000E+00 -1.44669551E+00

hb:   line clip z  
clip:
 -2.00666832E+00 -1.31850000E+00
 -1.78408116E+00 -1.31850000E+00
 -1.75000000E+00 -1.25735125E+00
 -1.75000000E+00 -1.17747706E+00
 -1.75000000E+00 -1.06800698E+00
 -1.75000000E+00 -9.88132800E-01
 -1.75000000E+00 -8.78662722E-01
 -1.75000000E+00 -7.98788538E-01
 -1.75000000E+00 -6.89318460E-01
 -1.75000000E+00 -6.09444276E-01
 -1.75000000E+00 -4.99974198E-01
 -1.75000000E+00 -4.20100013E-01
 -1.75000000E+00 -3.10629935E-01
 -1.75000000E+00 -2.30755751E-01
 -1.75000000E+00 -1.21285673E-01
 -1.75000000E+00 -4.14114888E-02
 -1.75000000E+00  6.80585894E-02
 -1.75000000E+00  1.47932773E-01
 -1.75000000E+00  2.57402852E-01
 -1.75000000E+00  3.37277036E-01
 -1.75000000E+00  4.46747114E-01
 -1.75000000E+00  5.26621298E-01
 -1.75000000E+00  6.36091376E-01
 -1.75000000E+00  7.15965560E-01
 -1.75000000E+00  8.25435639E-01
 -1.75000000E+00  9.05309823E-01
 -1.75000000E+00  1.01477990E+00
 -1.75000000E+00  1.09465408E+00
 -1.75000000E+00  1.20412416E+00
 -1.75000000E+00  1.28399835E+00
 -1.75000000E+00  1.39346843E+00
 -1.75000000E+00  1.47334261E+00
 -1.75000000E+00  1.58281269E+00
 -1.75000000E+00  1.66268687E+00
 -1.75000000E+00  1.77215695E+00
 -1.75000000E+00  1.85203113E+00
 -1.89537474E+00  1.88150000E+00
 -2.05000000E+00  1.85711371E+00
 -2.05000000E+00  1.77215695E+00
 -2.05000000E+00  1.68720019E+00
 -2.05000000E+00  1.58281269E+00
 -2.05000000E+00  1.49785593E+00
 -2.05000000E+00  1.39346843E+00
 -2.05000000E+00  1.30851167E+00
 -2.05000000E+00  1.20412416E+00
 -2.05000000E+00  1.11916740E+00
 -2.05000000E+00  1.01477990E+00
 -2.05000000E+00  9.29823142E-01
 -2.05000000E+00  8.25435639E-01
 -2.05000000E+00  7.40478880E-01
 -2.05000000E+00  6.36091376E-01
 -2.05000000E+00  5.51134618E-01
 -2.05000000E+00  4.46747114E-01
 -2.05000000E+00  3.61790355E-01
 -2.05000000E+00  2.57402852E-01
 -2.05000000E+00  1.72446093E-01
 -2.05000000E+00  6.80585894E-02
 -2.05000000E+00 -1.68981691E-02
 -2.05000000E+00 -1.21285673E-01
 -2.05000000E+00 -2.06242431E-01
 -2.05000000E+00 -3.10629935E-01
 -2.05000000E+00 -3.95586694E-01
 -2.05000000E+00 -4.99974198E-01
 -2.05000000E+00 -5.84930956E-01
 -2.05000000E+00 -6.89318460E-01
 -2.05000000E+00 -7.74275218E-01
 -2.05000000E+00 -8.78662722E-01
 -2.05000000E+00 -9.63619481E-01
 -2.05000000E+00 -1.06800698E+00
 -2.05000000E+00 -1.15296374E+00
 -2.05000000E+00 -1.25735125E+00

hb:   line clip z  
clip:
 -1.66205294E+00 -1.31850000E+00
  1.66207269E+00 -1.31850000E+00
  1.75000000E+00 -1.25735125E+00
  1.75000000E+00 -1.14789202E+00
  1.75000000E+00 -1.06800698E+00
  1.75000000E+00 -9.58547759E-01
  1.75000000E+00 -8.78662722E-01
  1.75000000E+00 -7.69203497E-01
  1.75000000E+00 -6.89318460E-01
  1.75000000E+00 -5.79859235E-01
  1.75000000E+00 -4.99974198E-01
  1.75000000E+00 -3.90514972E-01
  1.75000000E+00 -3.10629935E-01
  1.75000000E+00 -2.01170710E-01
  1.75000000E+00 -1.21285673E-01
  1.75000000E+00 -1.18264478E-02
  1.75000000E+00  6.80585894E-02
  1.75000000E+00  1.77517814E-01
  1.75000000E+00  2.57402852E-01
  1.75000000E+00  3.66862077E-01
  1.75000000E+00  4.46747114E-01
  1.75000000E+00  5.56206339E-01
  1.75000000E+00  6.36091376E-01
  1.75000000E+00  7.45550601E-01
  1.75000000E+00  8.25435639E-01
  1.75000000E+00  9.34894864E-01
  1.75000000E+00  1.01477990E+00
  1.75000000E+00  1.12423913E+00
  1.75000000E+00  1.20412416E+00
  1.75000000E+00  1.31358339E+00
  1.75000000E+00  1.39346843E+00
  1.75000000E+00  1.50292765E+00
  1.75000000E+00  1.58281269E+00
  1.75000000E+00  1.69227191E+00
  1.75000000E+00  1.77215695E+00
  1.74978856E+00  1.88150000E+00
  1.55077911E+00  1.88150000E+00
  1.35176966E+00  1.88150000E+00
  1.20616372E+00  1.88150000E+00
  1.00715427E+00  1.88150000E+00
  8.61548338E-01  1.88150000E+00
  6.62538890E-01  1.88150000E+00
  5.16932953E-01  1.88150000E+00
  3.17923505E-01  1.88150000E+00
  1.72317569E-01  1.88150000E+00
 -2.66918797E-02  1.88150000E+00
 -1.72297816E-01  1.88150000E+00
 -3.71307264E-01  1.88150000E+00
 -5.16913200E-01  1.88150000E+00
 -7.15922649E-01  1.88150000E+00
 -8.61528585E-01  1.88150000E+00
 -1.06053803E+00  1.88150000E+00
 -1.20614397E+00  1.88150000E+00
 -1.40515342E+00  1.88150000E+00
 -1.55075935E+00  1.88150000E+00
 -1.74976880E+00  1.88150000E+00
 -1.75000000E+00  1.77215695E+00
 -1.75000000E+00  1.66268687E+00
 -1.75000000E+00  1.58281269E+00
 -1.75000000E+00  1.47334261E+00
 -1.75000000E+00  1.39346843E+00
 -1.75000000E+00  1.28399835E+00
 -1.75000000E+00  1.20412416E+00
 -1.75000000E+00  1.09465408E+00
 -1.75000000E+00  1.01477990E+00
 -1.75000000E+00  9.05309823E-01
 -1.75000000E+00  8.25435639E-01
 -1.75000000E+00  7.15965560E-01
 -1.75000000E+00  6.36091376E-01
 -1.75000000E+00  5.26621298E-01
 -1.75000000E+00  4.46747114E-01
 -1.75000000E+00  3.37277036E-01
 -1.75000000E+00  2.57402852E-01
 -1.75000000E+00  1.47932773E-01
 -1.75000000E+00  6.80585894E-02
 -1.75000000E+00 -4.14114888E-02
 -1.75000000E+00 -1.21285673E-01
 -1.75000000E+00 -2.30755751E-01
 -1.75000000E+00 -3.10629935E-01
 -1.75000000E+00 -4.20100013E-01
 -1.75000000E+00 -4.99974198E-01
 -1.75000000E+00 -6.09444276E-01
 -1.75000000E+00 -6.89318460E-01
 -1.75000000E+00 -7.98788538E-01
 -1.75000000E+00 -8.78662722E-01
 -1.75000000E+00 -9.88132800E-01
 -1.75000000E+00 -1.06800698E+00
 -1.75000000E+00 -1.17747706E+00
 -1.75000000E+00 -1.25735125E+00

hb:   line clip z  
clip:
  1.78410091E+00 -1.31850000E+00
  2.00668807E+00 -1.31850000E+00
  2.05000000E+00 -1.25735125E+00
  2.05000000E+00 -1.17240534E+00
  2.05000000E+00 -1.06800698E+00
  2.05000000E+00 -9.83061079E-01
  2.05000000E+00 -8.78662722E-01
  2.05000000E+00 -7.93716817E-01
  2.05000000E+00 -6.89318460E-01
  2.05000000E+00 -6.04372554E-01
  2.05000000E+00 -4.99974198E-01
  2.05000000E+00 -4.15028292E-01
  2.05000000E+00 -3.10629935E-01
  2.05000000E+00 -2.25684030E-01
  2.05000000E+00 -1.21285673E-01
  2.05000000E+00 -3.63397675E-02
  2.05000000E+00  6.80585894E-02
  2.05000000E+00  1.53004495E-01
  2.05000000E+00  2.57402852E-01
  2.05000000E+00  3.42348757E-01
  2.05000000E+00  4.46747114E-01
  2.05000000E+00  5.31693019E-01
  2.05000000E+00  6.36091376E-01
  2.05000000E+00  7.21037282E-01
  2.05000000E+00  8.25435639E-01
  2.05000000E+00  9.10381544E-01
  2.05000000E+00  1.01477990E+00
  2.05000000E+00  1.09972581E+00
  2.05000000E+00  1.20412416E+00
  2.05000000E+00  1.28907007E+00
  2.05000000E+00  1.39346843E+00
  2.05000000E+00  1.47841433E+00
  2.05000000E+00  1.58281269E+00
  2.05000000E+00  1.66775859E+00
  2.05000000E+00  1.77215695E+00
  2.05000000E+00  1.85710286E+00
  1.89539449E+00  1.88150000E+00
  1.75000000E+00  1.85204199E+00
  1.75000000E+00  1.77215695E+00
  1.75000000E+00  1.69227191E+00
  1.75000000E+00  1.58281269E+00
  1.75000000E+00  1.50292765E+00
  1.75000000E+00  1.39346843E+00
  1.75000000E+00  1.31358339E+00
  1.75000000E+00  1.20412416E+00
  1.75000000E+00  1.12423913E+00
  1.75000000E+00  1.01477990E+00
  1.75000000E+00  9.34894864E-01
  1.75000000E+00  8.25435639E-01
  1.75000000E+00  7.45550601E-01
  1.75000000E+00  6.36091376E-01
  1.75000000E+00  5.56206339E-01
  1.75000000E+00  4.46747114E-01
  1.75000000E+00  3.66862077E-01
  1.75000000E+00  2.57402852E-01
  1.75000000E+00  1.77517814E-01
  1.75000000E+00  6.80585894E-02
  1.75000000E+00 -1.18264478E-02
  1.75000000E+00 -1.21285673E-01
  1.75000000E+00 -2.01170710E-01
  1.75000000E+00 -3.10629935E-01
  1.75000000E+00 -3.90514972E-01
  1.75000000E+00 -4.99974198E-01
  1.75000000E+00 -5.79859235E-01
  1.75000000E+00 -6.89318460E-01
  1.75000000E+00 -7.69203497E-01
  1.75000000E+00 -8.78662722E-01
  1.75000000E+00 -9.58547759E-01
  1.75000000E+00 -1.06800698E+00
  1.75000000E+00 -1.14789202E+00
  1.75000000E+00 -1.25735125E+00

hb:   line clip z  
clip:
 -2.04098067E+00  1.88150000E+00
  2.04100043E+00  1.88150000E+00
  2.05000000E+00  1.96150121E+00
  2.05000000E+00  2.04644712E+00
  2.05000000E+00  2.15084547E+00
  1.95118716E+00  2.18150000E+00
  1.89539449E+00  2.18150000E+00
  1.83960183E+00  2.18150000E+00
  1.55077911E+00  2.18150000E+00
  1.49498644E+00  2.18150000E+00
  1.20616372E+00  2.18150000E+00
  1.15037106E+00  2.18150000E+00
  8.61548338E-01  2.18150000E+00
  8.05755673E-01  2.18150000E+00
  5.16932953E-01  2.18150000E+00
  4.61140288E-01  2.18150000E+00
  1.72317569E-01  2.18150000E+00
  1.16524904E-01  2.18150000E+00
 -1.72297816E-01  2.18150000E+00
 -2.28090481E-01  2.18150000E+00
 -5.16913200E-01  2.18150000E+00
 -5.72705866E-01  2.18150000E+00
 -8.61528585E-01  2.18150000E+00
 -9.17321250E-01  2.18150000E+00
 -1.20614397E+00  2.18150000E+00
 -1.26193663E+00  2.18150000E+00
 -1.55075935E+00  2.18150000E+00
 -1.60655202E+00  2.18150000E+00
 -1.89537474E+00  2.18150000E+00
 -1.95116740E+00  2.18150000E+00
 -2.05000000E+00  2.15084547E+00
 -2.05000000E+00  2.06588872E+00
 -2.05000000E+00  1.96150121E+00

#------------------------------------------------------------------------------
z: xorg(1.03)
p: xfac[c2*0.05] form[c1/0.05] notc noxt noyt dmin(1)
p: ymin(0) ymax(1) xmin(0) xmax(1) cmin(1) cmax(100) nosp
hc: y= 0.005 to 0.995 by 0.01 ; x= 0.5 to 0.5 by 1 ;
 1  2  3  4  5  6  7  8  9 10 11 12 13 14 15 16 17 18 19 20
21 22 23 24 25 26 27 28 29 30 31 32 33 34 35 36 37 38 39 40
41 42 43 44 45 46 47 48 49 50 51 52 53 54 55 56 57 58 59 60
61 62 63 64 65 66 67 68 69 70 71 72 73 74 75 76 77 78 79 80
81 82 83 84 85 86 87 88 89 90 91 92 93 94 95 96 97 98 99 100
z: xorg(0.0)
p: xfac[c2*0.05] form[c1/0.05] nosp afac[c5*0.625] ymin[c3] ymax[c4]
p: noxt noxn ytxt(-1) ynum(-1) xltd(-1) xstd(-1) itic(1) ylog
y: Relative Error
#------------------------------------------------------------------------------

wt: s[c5]
\vspace{-3}
  emin  &=&   0.0000E+00 [MeV/n]
  emax  &=&   1.0000E+03 [MeV/n]
  zmin  &=&   9.8340E+01 [cm]
  zmax  &=&   9.8350E+01 [cm]
  part. &=& proton  
e:

#------------------------------------------------------------------------------
z: xorg[-1.03/0.05]
p: form[c1] xfac[c2] afac[c5] nosp notf
p: xmin( -4.000000    ) xmax(  4.000000    )
p: ymin( -6.000000    ) ymax(  5.000000    )
 
# Information for Restart Calculation
# This calculation was newly started
# istdev =  2 # 1:Batch variance, 2:History variance
# resc2  = 2.00271476119739875E-02 # Total source weight or Total source weight / maxcas
# resc3  = 1.24999595000000000E+08 # Total history number or Total batch number
# maxcas =       25045 # History / Batch, only used for istdev=1
# bitrseed = 1010111010011101101011110110000000101111100110111100110111010111 # bit data of rseed
