srun: defined options for program `srun'
srun: --------------- ---------------------
srun: user           : `sebastiangossio'
srun: uid            : 10149
srun: gid            : 10149
srun: cwd            : /share/gidans/sebastiangossio/ej_PHITS/haz_vertical/pouch_cr-39contejidopouch
srun: ntasks         : 32 (set)
srun: nodes          : 1 (set)
srun: jobid          : 79376 (default)
srun: partition      : default
srun: profile        : `NotSet'
srun: job name       : `pouchcr39todopouch'
srun: reservation    : `(null)'
srun: burst_buffer   : `(null)'
srun: wckey          : `(null)'
srun: cpu_freq_min   : 4294967294
srun: cpu_freq_max   : 2147483651
srun: cpu_freq_gov   : 4294967294
srun: switches       : -1
srun: wait-for-switches : -1
srun: distribution   : unknown
srun: cpu_bind       : default
srun: mem_bind       : default
srun: verbose        : 1
srun: slurmd_debug   : 0
srun: immediate      : false
srun: label output   : false
srun: unbuffered IO  : false
srun: overcommit     : false
srun: threads        : 60
srun: checkpoint_dir : /var/spool/slurm.checkpoint
srun: wait           : 60
srun: nice           : -2
srun: account        : (null)
srun: comment        : (null)
srun: dependency     : (null)
srun: exclusive      : false
srun: bcast          : false
srun: qos            : (null)
srun: constraints    : mem-per-cpu=1024M 
srun: geometry       : (null)
srun: reboot         : yes
srun: rotate         : no
srun: preserve_env   : false
srun: network        : (null)
srun: propagate      : NONE
srun: prolog         : (null)
srun: epilog         : (null)
srun: mail_type      : NONE
srun: mail_user      : (null)
srun: task_prolog    : (null)
srun: task_epilog    : (null)
srun: multi_prog     : no
srun: sockets-per-node  : -2
srun: cores-per-socket  : -2
srun: threads-per-core  : -2
srun: ntasks-per-node   : -2
srun: ntasks-per-socket : -2
srun: ntasks-per-core   : -2
srun: plane_size        : 4294967294
srun: core-spec         : NA
srun: power             : 
srun: remote command    : `/share/gidans/sebastiangossio/Programas/PIHTS-IFORT/phits/phits_LinIfort_MPI'
srun: launching 79376.2 on host compute-1-8, 32 tasks: [0-31]
srun: route default plugin loaded
srun: Node compute-1-8, 32 tasks started
srun: Sent KVS info to 1 nodes, up to 32 tasks per node
srun: Sent KVS info to 1 nodes, up to 32 tasks per node
srun: Sent KVS info to 1 nodes, up to 32 tasks per node
srun: Sent KVS info to 1 nodes, up to 32 tasks per node
srun: Complete job step 79376.2 received
slurmstepd: error: *** JOB 79376 ON compute-1-8 CANCELLED AT 2026-09-17T16:07:40 DUE TO TIME LIMIT ***
srun: Job step aborted: Waiting up to 62 seconds for job step to finish.
slurmstepd: error: *** STEP 79376.2 ON compute-1-8 CANCELLED AT 2026-09-17T16:07:40 DUE TO TIME LIMIT ***
srun: got SIGCONT
forrtl: error (78): process killed (SIGTERM)
Image              PC                Routine            Line        Source             

Stack trace terminated abnormally.
forrtl: error (78): process killed (SIGTERM)
Image              PC                Routine            Line        Source             

Stack trace terminated abnormally.
forrtl: error (78): process killed (SIGTERM)
Image              PC                Routine            Line        Source             

Stack trace terminated abnormally.
forrtl: error (78): process killed (SIGTERM)
Image              PC                Routine            Line        Source             

Stack trace terminated abnormally.
forrtl: error (78): process killed (SIGTERM)
Image              PC                Routine            Line        Source             

Stack trace terminated abnormally.
forrtl: error (78): process killed (SIGTERM)
Image              PC                Routine            Line        Source             

Stack trace terminated abnormally.
forrtl: error (78): process killed (SIGTERM)
Image              PC                Routine            Line        Source             

Stack trace terminated abnormally.
forrtl: error (78): process killed (SIGTERM)
Image              PC                Routine            Line        Source             

Stack trace terminated abnormally.
forrtl: error (78): process killed (SIGTERM)
Image              PC                Routine            Line        Source             

Stack trace terminated abnormally.
forrtl: error (78): process killed (SIGTERM)
Image              PC                Routine            Line        Source             

Stack trace terminated abnormally.
forrtl: error (78): process killed (SIGTERM)
Image              PC                Routine            Line        Source             

Stack trace terminated abnormally.
forrtl: error (78): process killed (SIGTERM)
Image              PC                Routine            Line        Source             

Stack trace terminated abnormally.
forrtl: error (78): process killed (SIGTERM)
Image              PC                Routine            Line        Source             

Stack trace terminated abnormally.
forrtl: error (78): process killed (SIGTERM)
Image              PC                Routine            Line        Source             

Stack trace terminated abnormally.
forrtl: error (78): process killed (SIGTERM)
Image              PC                Routine            Line        Source             

Stack trace terminated abnormally.
forrtl: error (78): process killed (SIGTERM)
Image              PC                Routine            Line        Source             

Stack trace terminated abnormally.
forrtl: error (78): process killed (SIGTERM)
Image              PC                Routine            Line        Source             

Stack trace terminated abnormally.
forrtl: error (78): process killed (SIGTERM)
Image              PC                Routine            Line        Source             

Stack trace terminated abnormally.
forrtl: error (78): process killed (SIGTERM)
Image              PC                Routine            Line        Source             

Stack trace terminated abnormally.
forrtl: error (78): process killed (SIGTERM)
Image              PC                Routine            Line        Source             

Stack trace terminated abnormally.
forrtl: error (78): process killed (SIGTERM)
Image              PC                Routine            Line        Source             

Stack trace terminated abnormally.
forrtl: error (78): process killed (SIGTERM)
Image              PC                Routine            Line        Source             

Stack trace terminated abnormally.
forrtl: error (78): process killed (SIGTERM)
Image              PC                Routine            Line        Source             

Stack trace terminated abnormally.
forrtl: error (78): process killed (SIGTERM)
Image              PC                Routine            Line        Source             

Stack trace terminated abnormally.
forrtl: error (78): process killed (SIGTERM)
Image              PC                Routine            Line        Source             

Stack trace terminated abnormally.
forrtl: error (78): process killed (SIGTERM)
Image              PC                Routine            Line        Source             

Stack trace terminated abnormally.
forrtl: error (78): process killed (SIGTERM)
Image              PC                Routine            Line        Source             

Stack trace terminated abnormally.
forrtl: error (78): process killed (SIGTERM)
Image              PC                Routine            Line        Source             

Stack trace terminated abnormally.
forrtl: error (78): process killed (SIGTERM)
Image              PC                Routine            Line        Source             

Stack trace terminated abnormally.
forrtl: error (78): process killed (SIGTERM)
Image              PC                Routine            Line        Source             

Stack trace terminated abnormally.
forrtl: error (78): process killed (SIGTERM)
Image              PC                Routine            Line        Source             

Stack trace terminated abnormally.
srun: forcing job termination
forrtl: error (78): process killed (SIGTERM)
Image              PC                Routine            Line        Source             
phits_LinIfort_MP  000000000211BFE1  Unknown               Unknown  Unknown
phits_LinIfort_MP  000000000211A737  Unknown               Unknown  Unknown
phits_LinIfort_MP  000000000208D0E4  Unknown               Unknown  Unknown
phits_LinIfort_MP  000000000208CEF6  Unknown               Unknown  Unknown
phits_LinIfort_MP  000000000202193F  Unknown               Unknown  Unknown
phits_LinIfort_MP  000000000202A7DB  Unknown               Unknown  Unknown
libpthread.so.0    0000003A5720F7E0  Unknown               Unknown  Unknown
phits_LinIfort_MP  0000000001397B89  Unknown               Unknown  Unknown
phits_LinIfort_MP  000000000137B3D1  Unknown               Unknown  Unknown
phits_LinIfort_MP  0000000001365A5A  Unknown               Unknown  Unknown
phits_LinIfort_MP  00000000006CAABF  Unknown               Unknown  Unknown
phits_LinIfort_MP  00000000006BCF3B  Unknown               Unknown  Unknown
phits_LinIfort_MP  00000000006A95EA  Unknown               Unknown  Unknown
phits_LinIfort_MP  000000000143A63E  Unknown               Unknown  Unknown
phits_LinIfort_MP  0000000000404C7E  Unknown               Unknown  Unknown
libc.so.6          0000003A56A1ED1D  Unknown               Unknown  Unknown
phits_LinIfort_MP  0000000000404B89  Unknown               Unknown  Unknown
srun: Received task exit notification for 32 tasks (status=0x0100).
srun: error: compute-1-8: tasks 0-31: Exited with exit code 1
srun: First task exited. Terminating job in 60s.
