[ T-Deposit ]
    title = Radial dose in pouch
     mesh =  r-z            # mesh type is r-z scoring mesh
       x0 =   0.000000      # center x-position of r-z mesh
       y0 =   0.000000      # center y-position of r-z mesh
   r-type =    2            # r-mesh is linear given by rmin, rmax and nr
     rmin =   0.000000      # minimum value of r-mesh points
     rmax =   1.700000      # maximum value of r-mesh points
#    rdel =  2.8333333E-02  # mesh width of r-mesh points
       nr =     60          # number of r-mesh points
#    data = ( r(i), i = 1, nr + 1 )
#           0.00000E+00  2.83333E-02  5.66667E-02  8.50000E-02  1.13333E-01
#           1.41667E-01  1.70000E-01  1.98333E-01  2.26667E-01  2.55000E-01
#           2.83333E-01  3.11667E-01  3.40000E-01  3.68333E-01  3.96667E-01
#           4.25000E-01  4.53333E-01  4.81667E-01  5.10000E-01  5.38333E-01
#           5.66667E-01  5.95000E-01  6.23333E-01  6.51667E-01  6.80000E-01
#           7.08333E-01  7.36667E-01  7.65000E-01  7.93333E-01  8.21667E-01
#           8.50000E-01  8.78333E-01  9.06667E-01  9.35000E-01  9.63333E-01
#           9.91667E-01  1.02000E+00  1.04833E+00  1.07667E+00  1.10500E+00
#           1.13333E+00  1.16167E+00  1.19000E+00  1.21833E+00  1.24667E+00
#           1.27500E+00  1.30333E+00  1.33167E+00  1.36000E+00  1.38833E+00
#           1.41667E+00  1.44500E+00  1.47333E+00  1.50167E+00  1.53000E+00
#           1.55833E+00  1.58667E+00  1.61500E+00  1.64333E+00  1.67167E+00
#           1.70000E+00
   z-type =    2            # z-mesh is linear given by zmin, zmax and nz
     zmin =   98.45500      # minimum value of z-mesh points
     zmax =   98.58000      # maximum value of z-mesh points
#    zdel =  0.1250000      # mesh width of z-mesh points
       nz =      1          # number of z-mesh points
#    data = ( z(i), i = 1, nz + 1 )
#           9.84550E+01  9.85800E+01
     unit =    0            # unit is [Gy/source]
   letmat =    0            # (D=0) mat ID for LET, 0:real mat, <0: electron for H2O
  dedxfnc =    0            # (D=0) user defined multiplier, 0(no), 1, 2
 material =  all            # (D=all) number of specific material
   output =  dose           # total deposit energy
  deposit =    0            # (D=0) 0-> total deposit dist, 1-> each process
     axis =     r           # axis of output
     file = ./out/bragg_pouch_r.out  # file name of output for the above axis
     part =  proton   
# kf/name :  2212     
   epsout =    1            # (D=0) generate eps file by ANGEL
   mother =  all            # (D=all) number of specific mother
#    used :        main (  %)        temp (  %)       total (  %)
#  memory :          66 (  0)           0 (  0)          66 (  0)

#------------------------------------------------------------------------------
#newpage:
#   no. =  1   iz  =  1
#   z = (   9.8455E+01  -   9.8580E+01  )

x: r [cm]
y: Dose [Gy/source]      
p: xlin ylog afac(0.8) form(0.9)
h: n            x            y(proton  ),hh0l n 
#  r-lower      r-upper        proton    r.err 
   0.0000E+00   2.8333E-02   3.6298E-01  0.0354
   2.8333E-02   5.6667E-02   3.4995E-01  0.0208
   5.6667E-02   8.5000E-02   3.5177E-01  0.0160
   8.5000E-02   1.1333E-01   3.4806E-01  0.0136
   1.1333E-01   1.4167E-01   3.4195E-01  0.0120
   1.4167E-01   1.7000E-01   3.5198E-01  0.0108
   1.7000E-01   1.9833E-01   3.4589E-01  0.0100
   1.9833E-01   2.2667E-01   3.5058E-01  0.0093
   2.2667E-01   2.5500E-01   3.4948E-01  0.0087
   2.5500E-01   2.8333E-01   3.4663E-01  0.0083
   2.8333E-01   3.1167E-01   3.4915E-01  0.0078
   3.1167E-01   3.4000E-01   3.4722E-01  0.0075
   3.4000E-01   3.6833E-01   3.4863E-01  0.0072
   3.6833E-01   3.9667E-01   3.4755E-01  0.0069
   3.9667E-01   4.2500E-01   3.4706E-01  0.0067
   4.2500E-01   4.5333E-01   3.4948E-01  0.0064
   4.5333E-01   4.8167E-01   3.4765E-01  0.0062
   4.8167E-01   5.1000E-01   3.4733E-01  0.0060
   5.1000E-01   5.3833E-01   3.5372E-01  0.0058
   5.3833E-01   5.6667E-01   3.5155E-01  0.0057
   5.6667E-01   5.9500E-01   3.5196E-01  0.0056
   5.9500E-01   6.2333E-01   3.5210E-01  0.0054
   6.2333E-01   6.5167E-01   3.5383E-01  0.0053
   6.5167E-01   6.8000E-01   3.5460E-01  0.0052
   6.8000E-01   7.0833E-01   3.5488E-01  0.0051
   7.0833E-01   7.3667E-01   3.5260E-01  0.0050
   7.3667E-01   7.6500E-01   3.5564E-01  0.0049
   7.6500E-01   7.9333E-01   3.5300E-01  0.0048
   7.9333E-01   8.2167E-01   3.5559E-01  0.0047
   8.2167E-01   8.5000E-01   3.5608E-01  0.0046
   8.5000E-01   8.7833E-01   3.5439E-01  0.0045
   8.7833E-01   9.0667E-01   3.5551E-01  0.0044
   9.0667E-01   9.3500E-01   3.5668E-01  0.0044
   9.3500E-01   9.6333E-01   3.5756E-01  0.0043
   9.6333E-01   9.9167E-01   3.5812E-01  0.0042
   9.9167E-01   1.0200E+00   3.5670E-01  0.0042
   1.0200E+00   1.0483E+00   3.5824E-01  0.0041
   1.0483E+00   1.0767E+00   3.5897E-01  0.0041
   1.0767E+00   1.1050E+00   3.6047E-01  0.0040
   1.1050E+00   1.1333E+00   3.5830E-01  0.0039
   1.1333E+00   1.1617E+00   3.6043E-01  0.0040
   1.1617E+00   1.1900E+00   3.5999E-01  0.0039
   1.1900E+00   1.2183E+00   3.6260E-01  0.0038
   1.2183E+00   1.2467E+00   3.5921E-01  0.0038
   1.2467E+00   1.2750E+00   3.6323E-01  0.0038
   1.2750E+00   1.3033E+00   3.6092E-01  0.0038
   1.3033E+00   1.3317E+00   3.5926E-01  0.0037
   1.3317E+00   1.3600E+00   3.4078E-01  0.0037
   1.3600E+00   1.3883E+00   3.2201E-01  0.0038
   1.3883E+00   1.4167E+00   3.1086E-01  0.0038
   1.4167E+00   1.4450E+00   3.0106E-01  0.0038
   1.4450E+00   1.4733E+00   2.9355E-01  0.0038
   1.4733E+00   1.5017E+00   2.8574E-01  0.0038
   1.5017E+00   1.5300E+00   2.8193E-01  0.0037
   1.5300E+00   1.5583E+00   2.7527E-01  0.0038
   1.5583E+00   1.5867E+00   2.7127E-01  0.0038
   1.5867E+00   1.6150E+00   2.6779E-01  0.0038
   1.6150E+00   1.6433E+00   2.5900E-01  0.0037
   1.6433E+00   1.6717E+00   2.5883E-01  0.0037
   1.6717E+00   1.7000E+00   2.5266E-01  0.0038

#   sum over    1.1349E+00   3.2845E-01  0.0006

'no. =  1,  iz =  1'
msuc: {\huge Radial dose in pouch}
msdr: {\it plotted by \ANGEL \version}
msdl: {\it calculated by \PHITS  3.35}
wt: s(0.7)
\vspace{-3}
  zmin  &=&   9.8455E+01 [cm]
  zmax  &=&   9.8580E+01 [cm]
e:
 
# Information for Restart Calculation
# This calculation was restarted using ./out/bragg_pouch_r.out
# istdev =  2 # 1:Batch variance, 2:History variance
# resc2  = 9.08434359411107797E-03 # Total source weight or Total source weight / maxcas
# resc3  = 5.67000000000000000E+07 # Total history number or Total batch number
# maxcas =       25000 # History / Batch, only used for istdev=1
# bitrseed = 0010101000110110011100111011111100100100110010101001001011100001 # bit data of rseed
