[ T-Track ]
    title = [t-track] in xyz mesh
     mesh =  xyz            # mesh type is xyz scoring mesh
   x-type =    2            # x-mesh is linear given by xmin, xmax and nx
     xmin =  -4.000000      # minimum value of x-mesh points
     xmax =   4.000000      # maximum value of x-mesh points
#    xdel =  0.3200000      # mesh width of x-mesh points
       nx =     25          # number of x-mesh points
#    data = ( x(i), i = 1, nx + 1 )
#          -4.00000E+00 -3.68000E+00 -3.36000E+00 -3.04000E+00 -2.72000E+00
#          -2.40000E+00 -2.08000E+00 -1.76000E+00 -1.44000E+00 -1.12000E+00
#          -8.00000E-01 -4.80000E-01 -1.60000E-01  1.60000E-01  4.80000E-01
#           8.00000E-01  1.12000E+00  1.44000E+00  1.76000E+00  2.08000E+00
#           2.40000E+00  2.72000E+00  3.04000E+00  3.36000E+00  3.68000E+00
#           4.00000E+00
   y-type =    2            # y-mesh is linear given by ymin, ymax and ny
     ymin =  -6.000000      # minimum value of y-mesh points
     ymax =   5.000000      # maximum value of y-mesh points
#    ydel =  0.1833333      # mesh width of y-mesh points
       ny =     60          # number of y-mesh points
#    data = ( y(i), i = 1, ny + 1 )
#          -6.00000E+00 -5.81667E+00 -5.63333E+00 -5.45000E+00 -5.26667E+00
#          -5.08333E+00 -4.90000E+00 -4.71667E+00 -4.53333E+00 -4.35000E+00
#          -4.16667E+00 -3.98333E+00 -3.80000E+00 -3.61667E+00 -3.43333E+00
#          -3.25000E+00 -3.06667E+00 -2.88333E+00 -2.70000E+00 -2.51667E+00
#          -2.33333E+00 -2.15000E+00 -1.96667E+00 -1.78333E+00 -1.60000E+00
#          -1.41667E+00 -1.23333E+00 -1.05000E+00 -8.66667E-01 -6.83333E-01
#          -5.00000E-01 -3.16667E-01 -1.33333E-01  5.00000E-02  2.33333E-01
#           4.16667E-01  6.00000E-01  7.83333E-01  9.66667E-01  1.15000E+00
#           1.33333E+00  1.51667E+00  1.70000E+00  1.88333E+00  2.06667E+00
#           2.25000E+00  2.43333E+00  2.61667E+00  2.80000E+00  2.98333E+00
#           3.16667E+00  3.35000E+00  3.53333E+00  3.71667E+00  3.90000E+00
#           4.08333E+00  4.26667E+00  4.45000E+00  4.63333E+00  4.81667E+00
#           5.00000E+00
   z-type =    1            # z-mesh is given by the below data
       nz =      1          # number of z-mesh points
#    data = ( z(i), i = 1, nz + 1 )
            9.85125E+01  9.85225E+01
   e-type =    1            # e-mesh is given by the below data
       ne =      1          # number of e-mesh points
#    data = ( e(i), i = 1, ne + 1 )
            0.00000E+00  1.00000E+03
     unit =    1            # unit is [1/cm^2/source]
 material =  all            # (D=all) number of specific material
  2D-type =    3            # 1:Cont, 2:Clust, 3:Color, 4:xyz, 5:mat, 6:Clust+Cont, 7:Col+Cont
     axis =      xy            # axis of output
     file = ./out/track_xy.out  # file name of output for the above axis
     part =  proton   
# kf/name :  2212     
    gshow =    1            # 0: no 1:bnd, 2:bnd+mat, 3:bnd+reg 4:bnd+lat 5:bmp style
    resol =    1            # (D=1) resolution of gshow or rshow
    width = 0.5000000       # (D=0.5) width of lines for gshow or rshow
   epsout =    1            # (D=0) generate eps file by ANGEL
#    used :        main (  %)        temp (  %)       total (  %)
#  memory :          95 (  0)           0 (  0)          95 (  0)

#------------------------------------------------------------------------------
#newpage:
#   no. =  1   ie  =  1   iz  =  1   part. = proton  
#   e = (   0.0000E+00  -   1.0000E+03  )
#   z = (   9.8513E+01  -   9.8522E+01  )

'no. =  1,  ie =  1,  iz =  1'
msuc: {\huge [t-track] in xyz mesh}
msdr: {\it plotted by \ANGEL \version}
msdl: {\it calculated by \PHITS  3.36}

x: x [cm]
y: y [cm]
set: c1[ 1.375] c2[ 0.768] c5[ 0.800] c6[ 0.878] c7[ 0.250] c8[ 0.000]
p: h2fs form[c1] xfac[c2] afac[c5] scal[c6] xorg[c7] yorg[c8] nosp
set: c3[1.0e-4] c4[1.0]
p: cmin[c3] cmax[c4]
p: dmin(1e-31)
p: zlog
p: xmin( -4.000000    ) xmax(  4.000000    )
p: ymin( -6.000000    ) ymax(  5.000000    )
#  ny =  60   nx =  25
# ( ( data(x,y), x = 1, nx ), y = ny, 1, -1 )

hc:  y =   4.908333     to  -5.908333     by  0.1833333     ; x =  -3.840000     to   3.840000     by  0.3200000     ;
  6.692E-03  6.333E-03  6.024E-03  5.824E-03  5.591E-03  5.388E-03  5.256E-03  5.095E-03  4.999E-03  4.938E-03
  4.872E-03  4.847E-03  4.860E-03  4.855E-03  4.874E-03  4.949E-03  5.007E-03  5.136E-03  5.247E-03  5.397E-03
  5.563E-03  5.860E-03  6.045E-03  6.356E-03  6.711E-03  6.434E-03  6.108E-03  5.841E-03  5.590E-03  5.400E-03
  5.221E-03  5.054E-03  4.940E-03  4.843E-03  4.770E-03  4.720E-03  4.683E-03  4.694E-03  4.673E-03  4.710E-03
  4.774E-03  4.847E-03  4.932E-03  5.055E-03  5.182E-03  5.374E-03  5.572E-03  5.794E-03  6.080E-03  6.397E-03
  6.184E-03  5.890E-03  5.623E-03  5.409E-03  5.194E-03  5.050E-03  4.875E-03  4.746E-03  4.671E-03  4.617E-03
  4.567E-03  4.537E-03  4.522E-03  4.522E-03  4.556E-03  4.609E-03  4.670E-03  4.750E-03  4.898E-03  5.022E-03
  5.203E-03  5.379E-03  5.623E-03  5.875E-03  6.193E-03  5.954E-03  5.691E-03  5.427E-03  5.199E-03  5.009E-03
  4.852E-03  4.710E-03  4.608E-03  4.526E-03  4.478E-03  4.438E-03  4.388E-03  4.390E-03  4.375E-03  4.425E-03
  4.468E-03  4.551E-03  4.618E-03  4.733E-03  4.857E-03  5.007E-03  5.217E-03  5.416E-03  5.684E-03  5.976E-03
  5.780E-03  5.507E-03  5.238E-03  5.071E-03  4.860E-03  4.705E-03  4.612E-03  4.476E-03  4.408E-03  4.342E-03
  4.300E-03  4.277E-03  4.279E-03  4.262E-03  4.293E-03  4.330E-03  4.409E-03  4.497E-03  4.581E-03  4.693E-03
  4.844E-03  5.047E-03  5.265E-03  5.495E-03  5.757E-03  5.587E-03  5.344E-03  5.090E-03  4.900E-03  4.733E-03
  4.572E-03  4.454E-03  4.356E-03  4.299E-03  4.221E-03  4.182E-03  4.150E-03  4.157E-03  4.174E-03  4.187E-03
  4.222E-03  4.279E-03  4.355E-03  4.476E-03  4.579E-03  4.730E-03  4.879E-03  5.083E-03  5.323E-03  5.559E-03
  5.416E-03  5.172E-03  4.929E-03  4.755E-03  4.615E-03  4.455E-03  4.347E-03  4.259E-03  4.180E-03  4.118E-03
  4.087E-03  4.067E-03  4.074E-03  4.065E-03  4.098E-03  4.118E-03  4.180E-03  4.256E-03  4.332E-03  4.470E-03
  4.585E-03  4.759E-03  4.943E-03  5.164E-03  5.413E-03  5.279E-03  5.034E-03  4.828E-03  4.604E-03  4.482E-03
  4.339E-03  4.250E-03  4.167E-03  4.085E-03  4.039E-03  3.999E-03  3.991E-03  3.981E-03  3.992E-03  4.002E-03
  4.044E-03  4.086E-03  4.157E-03  4.260E-03  4.360E-03  4.491E-03  4.609E-03  4.813E-03  5.024E-03  5.270E-03
  5.113E-03  4.897E-03  4.687E-03  4.519E-03  4.370E-03  4.247E-03  4.146E-03  4.071E-03  4.013E-03  3.967E-03
  3.935E-03  3.920E-03  3.898E-03  3.903E-03  3.943E-03  3.967E-03  4.017E-03  4.064E-03  4.167E-03  4.246E-03
  4.370E-03  4.509E-03  4.707E-03  4.916E-03  5.133E-03  5.014E-03  4.785E-03  4.582E-03  4.431E-03  4.285E-03
  4.159E-03  4.067E-03  3.997E-03  3.943E-03  3.890E-03  3.869E-03  3.840E-03  3.839E-03  3.841E-03  3.864E-03
  3.898E-03  3.921E-03  4.003E-03  4.066E-03  4.163E-03  4.277E-03  4.414E-03  4.619E-03  4.805E-03  5.023E-03
  4.891E-03  4.675E-03  4.481E-03  4.321E-03  4.176E-03  4.084E-03  4.000E-03  3.932E-03  3.875E-03  3.827E-03
  3.824E-03  3.805E-03  3.789E-03  3.798E-03  3.813E-03  3.836E-03  3.885E-03  3.939E-03  3.999E-03  4.075E-03
  4.201E-03  4.313E-03  4.475E-03  4.684E-03  4.895E-03  4.800E-03  4.580E-03  4.398E-03  4.256E-03  4.116E-03
  4.018E-03  3.937E-03  3.877E-03  3.829E-03  3.793E-03  3.751E-03  3.763E-03  3.753E-03  3.752E-03  3.757E-03
  3.779E-03  3.828E-03  3.876E-03  3.939E-03  4.016E-03  4.131E-03  4.252E-03  4.390E-03  4.575E-03  4.774E-03
  4.685E-03  4.487E-03  4.311E-03  4.176E-03  4.049E-03  3.957E-03  3.869E-03  3.820E-03  3.782E-03  3.744E-03
  3.726E-03  3.719E-03  3.706E-03  3.714E-03  3.717E-03  3.747E-03  3.779E-03  3.826E-03  3.885E-03  3.966E-03
  4.049E-03  4.182E-03  4.312E-03  4.481E-03  4.723E-03  4.588E-03  4.405E-03  4.246E-03  4.097E-03  4.014E-03
  3.910E-03  3.837E-03  3.784E-03  3.746E-03  3.721E-03  3.705E-03  3.688E-03  3.696E-03  3.682E-03  3.699E-03
  3.735E-03  3.744E-03  3.791E-03  3.830E-03  3.902E-03  3.990E-03  4.083E-03  4.243E-03  4.407E-03  4.609E-03
  4.522E-03  4.340E-03  4.169E-03  4.035E-03  3.941E-03  3.864E-03  3.803E-03  3.753E-03  3.715E-03  3.705E-03
  3.682E-03  3.663E-03  3.687E-03  3.670E-03  3.687E-03  3.697E-03  3.730E-03  3.738E-03  3.799E-03  3.855E-03
  3.937E-03  4.065E-03  4.160E-03  4.319E-03  4.526E-03  4.442E-03  4.259E-03  4.118E-03  4.002E-03  3.887E-03
  3.811E-03  4.496E-03  4.537E-03  4.475E-03  4.472E-03  4.444E-03  4.460E-03  4.441E-03  4.446E-03  4.439E-03
  4.462E-03  4.492E-03  4.546E-03  4.500E-03  3.814E-03  3.903E-03  3.998E-03  4.124E-03  4.277E-03  4.478E-03
  4.391E-03  4.214E-03  4.083E-03  3.970E-03  3.867E-03  3.788E-03  5.139E-03  5.340E-03  5.286E-03  5.245E-03
  5.246E-03  5.247E-03  5.242E-03  5.216E-03  5.197E-03  5.244E-03  5.272E-03  5.312E-03  5.147E-03  3.789E-03
  3.863E-03  3.962E-03  4.054E-03  4.218E-03  4.402E-03  4.341E-03  4.171E-03  4.016E-03  3.931E-03  3.831E-03
  3.762E-03  5.069E-03  5.046E-03  4.686E-03  4.576E-03  4.585E-03  4.559E-03  4.566E-03  4.564E-03  4.573E-03
  4.594E-03  4.695E-03  5.025E-03  5.084E-03  3.756E-03  3.828E-03  3.923E-03  4.031E-03  4.167E-03  4.329E-03
  4.296E-03  4.137E-03  3.983E-03  3.873E-03  3.799E-03  3.742E-03  5.069E-03  5.059E-03  4.708E-03  4.586E-03
  4.579E-03  4.568E-03  4.573E-03  4.594E-03  4.591E-03  4.587E-03  4.696E-03  5.041E-03  5.039E-03  3.754E-03
  3.799E-03  3.879E-03  3.979E-03  4.121E-03  4.294E-03  4.253E-03  4.083E-03  3.957E-03  3.845E-03  3.772E-03
  3.732E-03  5.042E-03  5.049E-03  4.690E-03  4.618E-03  4.586E-03  4.592E-03  4.588E-03  4.589E-03  4.588E-03
  4.590E-03  4.708E-03  5.037E-03  5.051E-03  3.719E-03  3.777E-03  3.855E-03  3.965E-03  4.101E-03  4.273E-03
  4.228E-03  4.050E-03  3.928E-03  3.833E-03  3.766E-03  3.709E-03  5.035E-03  5.030E-03  4.683E-03  4.588E-03
  4.597E-03  4.605E-03  4.612E-03  4.630E-03  4.611E-03  4.608E-03  4.690E-03  4.999E-03  5.032E-03  3.710E-03
  3.758E-03  3.832E-03  3.937E-03  4.039E-03  4.214E-03  4.181E-03  4.035E-03  3.904E-03  3.818E-03  3.753E-03
  3.697E-03  5.036E-03  5.018E-03  4.703E-03  4.614E-03  4.638E-03  4.628E-03  4.625E-03  4.631E-03  4.616E-03
  4.624E-03  4.709E-03  5.018E-03  5.017E-03  3.697E-03  3.738E-03  3.819E-03  3.905E-03  4.033E-03  4.176E-03
  4.152E-03  4.010E-03  3.901E-03  3.799E-03  3.741E-03  3.697E-03  5.014E-03  5.032E-03  4.712E-03  4.630E-03
  4.621E-03  4.659E-03  4.653E-03  4.656E-03  4.653E-03  4.622E-03  4.709E-03  5.035E-03  5.022E-03  3.696E-03
  3.728E-03  3.802E-03  3.884E-03  4.000E-03  4.168E-03  4.139E-03  3.983E-03  3.871E-03  3.788E-03  3.726E-03
  3.687E-03  5.029E-03  5.010E-03  4.719E-03  4.640E-03  4.651E-03  4.676E-03  4.694E-03  4.690E-03  4.676E-03
  4.636E-03  4.716E-03  5.027E-03  5.022E-03  3.690E-03  3.731E-03  3.778E-03  3.867E-03  3.975E-03  4.135E-03
  4.123E-03  3.973E-03  3.877E-03  3.784E-03  3.718E-03  3.691E-03  5.014E-03  5.024E-03  4.746E-03  4.671E-03
  4.680E-03  4.692E-03  4.709E-03  4.671E-03  4.674E-03  4.643E-03  4.739E-03  5.020E-03  5.009E-03  3.689E-03
  3.721E-03  3.779E-03  3.862E-03  3.977E-03  4.115E-03  4.115E-03  3.967E-03  3.864E-03  3.774E-03  3.724E-03
  3.688E-03  5.030E-03  5.035E-03  4.744E-03  4.670E-03  4.686E-03  4.715E-03  4.718E-03  4.684E-03  4.691E-03
  4.656E-03  4.749E-03  5.047E-03  5.004E-03  3.676E-03  3.707E-03  3.773E-03  3.859E-03  3.967E-03  4.113E-03
  4.106E-03  3.981E-03  3.853E-03  3.778E-03  3.714E-03  3.684E-03  5.025E-03  5.023E-03  4.750E-03  4.643E-03
  4.685E-03  4.698E-03  4.733E-03  4.707E-03  4.692E-03  4.678E-03  4.754E-03  5.056E-03  5.009E-03  3.696E-03
  3.722E-03  3.758E-03  3.859E-03  3.963E-03  4.095E-03  4.106E-03  3.950E-03  3.844E-03  3.779E-03  3.720E-03
  3.675E-03  5.006E-03  5.057E-03  4.754E-03  4.648E-03  4.704E-03  4.741E-03  4.711E-03  4.726E-03  4.695E-03
  4.653E-03  4.756E-03  5.022E-03  5.007E-03  3.671E-03  3.717E-03  3.779E-03  3.854E-03  3.958E-03  4.108E-03
  4.129E-03  3.956E-03  3.855E-03  3.770E-03  3.716E-03  3.682E-03  5.027E-03  5.035E-03  4.733E-03  4.655E-03
  4.675E-03  4.708E-03  4.734E-03  4.711E-03  4.689E-03  4.666E-03  4.721E-03  5.054E-03  5.008E-03  3.683E-03
  3.710E-03  3.754E-03  3.848E-03  3.969E-03  4.123E-03  4.108E-03  3.977E-03  3.855E-03  3.781E-03  3.715E-03
  3.682E-03  5.022E-03  5.030E-03  4.735E-03  4.670E-03  4.692E-03  4.710E-03  4.711E-03  4.709E-03  4.665E-03
  4.679E-03  4.729E-03  5.030E-03  5.019E-03  3.692E-03  3.726E-03  3.770E-03  3.853E-03  3.966E-03  4.107E-03
  4.136E-03  3.975E-03  3.862E-03  3.773E-03  3.718E-03  3.666E-03  4.995E-03  5.032E-03  4.735E-03  4.658E-03
  4.679E-03  4.694E-03  4.685E-03  4.686E-03  4.652E-03  4.643E-03  4.731E-03  5.036E-03  5.033E-03  3.686E-03
  3.715E-03  3.796E-03  3.862E-03  3.990E-03  4.139E-03  4.147E-03  4.001E-03  3.874E-03  3.803E-03  3.741E-03
  3.684E-03  5.016E-03  5.049E-03  4.706E-03  4.632E-03  4.652E-03  4.668E-03  4.686E-03  4.671E-03  4.649E-03
  4.634E-03  4.743E-03  5.033E-03  5.041E-03  3.691E-03  3.738E-03  3.799E-03  3.884E-03  3.998E-03  4.152E-03
  4.161E-03  4.020E-03  3.896E-03  3.814E-03  3.739E-03  3.698E-03  5.021E-03  5.026E-03  4.735E-03  4.623E-03
  4.654E-03  4.648E-03  4.647E-03  4.638E-03  4.641E-03  4.626E-03  4.712E-03  5.000E-03  5.030E-03  3.693E-03
  3.740E-03  3.809E-03  3.908E-03  4.020E-03  4.167E-03  4.218E-03  4.039E-03  3.923E-03  3.830E-03  3.747E-03
  3.717E-03  5.030E-03  5.035E-03  4.715E-03  4.610E-03  4.624E-03  4.621E-03  4.638E-03  4.632E-03  4.615E-03
  4.614E-03  4.709E-03  5.019E-03  5.031E-03  3.709E-03  3.748E-03  3.832E-03  3.919E-03  4.040E-03  4.204E-03
  4.226E-03  4.072E-03  3.935E-03  3.881E-03  5.154E-03  5.368E-03  7.236E-03  7.101E-03  6.655E-03  6.525E-03
  6.565E-03  6.577E-03  6.574E-03  6.630E-03  6.541E-03  6.522E-03  6.663E-03  7.081E-03  7.217E-03  5.343E-03
  5.099E-03  3.863E-03  3.939E-03  4.077E-03  4.236E-03  4.274E-03  4.097E-03  3.957E-03  4.002E-03  1.958E-02
  0.000E+00  0.000E+00  4.922E-01  4.056E-01  4.503E-01  1.000E+00  5.235E-01  1.000E+00  1.000E+00  5.207E-01
  5.532E-01  4.331E-01  3.370E-01  0.000E+00  0.000E+00  1.583E-02  3.951E-03  3.967E-03  4.092E-03  4.274E-03
  4.283E-03  4.137E-03  4.011E-03  4.019E-03  1.997E-02  0.000E+00  0.000E+00  0.000E+00  0.000E+00  7.087E-01
  0.000E+00  0.000E+00  0.000E+00  0.000E+00  0.000E+00  0.000E+00  1.000E+00  1.000E+00  0.000E+00  0.000E+00
  1.620E-02  3.987E-03  4.005E-03  4.146E-03  4.324E-03  4.374E-03  4.190E-03  4.039E-03  4.081E-03  2.027E-02
  1.000E+00  0.000E+00  0.000E+00  0.000E+00  0.000E+00  0.000E+00  0.000E+00  0.000E+00  0.000E+00  0.000E+00
  1.000E+00  1.000E+00  1.000E+00  0.000E+00  0.000E+00  1.667E-02  4.038E-03  4.044E-03  4.191E-03  4.347E-03
  4.438E-03  4.230E-03  4.098E-03  4.121E-03  2.064E-02  1.000E+00  0.000E+00  0.000E+00  0.000E+00  0.000E+00
  0.000E+00  0.000E+00  0.000E+00  0.000E+00  0.000E+00  0.000E+00  0.000E+00  0.000E+00  0.000E+00  0.000E+00
  1.671E-02  4.074E-03  4.091E-03  4.246E-03  4.412E-03  4.486E-03  4.296E-03  4.156E-03  4.146E-03  2.082E-02
  0.000E+00  0.000E+00  0.000E+00  0.000E+00  0.000E+00  0.000E+00  0.000E+00  0.000E+00  0.000E+00  0.000E+00
  0.000E+00  0.000E+00  0.000E+00  0.000E+00  0.000E+00  1.683E-02  4.096E-03  4.149E-03  4.305E-03  4.475E-03
  4.571E-03  4.355E-03  4.194E-03  4.230E-03  2.130E-02  0.000E+00  0.000E+00  0.000E+00  0.000E+00  0.000E+00
  0.000E+00  0.000E+00  0.000E+00  0.000E+00  0.000E+00  0.000E+00  0.000E+00  0.000E+00  0.000E+00  0.000E+00
  1.722E-02  4.169E-03  4.201E-03  4.356E-03  4.542E-03  4.651E-03  4.443E-03  4.274E-03  4.295E-03  2.190E-02
  0.000E+00  0.000E+00  0.000E+00  0.000E+00  0.000E+00  0.000E+00  0.000E+00  0.000E+00  0.000E+00  0.000E+00
  0.000E+00  0.000E+00  0.000E+00  0.000E+00  0.000E+00  1.770E-02  4.235E-03  4.266E-03  4.453E-03  4.650E-03
  4.722E-03  4.531E-03  4.332E-03  4.368E-03  2.217E-02  0.000E+00  0.000E+00  0.000E+00  0.000E+00  0.000E+00
  0.000E+00  0.000E+00  0.000E+00  0.000E+00  0.000E+00  0.000E+00  0.000E+00  0.000E+00  0.000E+00  0.000E+00
  1.804E-02  4.326E-03  4.342E-03  4.522E-03  4.746E-03  4.805E-03  4.595E-03  4.418E-03  4.435E-03  2.237E-02
  0.000E+00  0.000E+00  0.000E+00  0.000E+00  0.000E+00  0.000E+00  0.000E+00  0.000E+00  0.000E+00  0.000E+00
  0.000E+00  0.000E+00  0.000E+00  0.000E+00  0.000E+00  1.839E-02  4.379E-03  4.428E-03  4.606E-03  4.841E-03
  4.934E-03  4.728E-03  4.514E-03  4.546E-03  2.405E-02  0.000E+00  0.000E+00  0.000E+00  0.000E+00  0.000E+00
  0.000E+00  0.000E+00  0.000E+00  0.000E+00  0.000E+00  0.000E+00  0.000E+00  0.000E+00  0.000E+00  0.000E+00
  1.911E-02  4.488E-03  4.540E-03  4.731E-03  4.932E-03  5.055E-03  4.813E-03  4.634E-03  4.629E-03  2.390E-02
  0.000E+00  0.000E+00  0.000E+00  0.000E+00  0.000E+00  0.000E+00  0.000E+00  0.000E+00  0.000E+00  0.000E+00
  0.000E+00  0.000E+00  0.000E+00  0.000E+00  0.000E+00  1.959E-02  4.576E-03  4.644E-03  4.812E-03  5.051E-03
  5.180E-03  4.963E-03  4.732E-03  4.737E-03  2.474E-02  0.000E+00  0.000E+00  0.000E+00  0.000E+00  0.000E+00
  0.000E+00  0.000E+00  0.000E+00  0.000E+00  0.000E+00  0.000E+00  0.000E+00  0.000E+00  1.000E+00  0.000E+00
  1.969E-02  4.692E-03  4.737E-03  4.973E-03  5.208E-03  5.341E-03  5.074E-03  4.854E-03  4.893E-03  2.526E-02
  0.000E+00  0.000E+00  0.000E+00  0.000E+00  0.000E+00  0.000E+00  0.000E+00  0.000E+00  0.000E+00  0.000E+00
  0.000E+00  0.000E+00  0.000E+00  1.000E+00  0.000E+00  2.083E-02  4.817E-03  4.878E-03  5.070E-03  5.351E-03
  5.502E-03  5.234E-03  5.010E-03  5.014E-03  2.592E-02  0.000E+00  0.000E+00  0.000E+00  0.000E+00  0.000E+00
  0.000E+00  0.000E+00  0.000E+00  0.000E+00  0.000E+00  0.000E+00  0.000E+00  0.000E+00  0.000E+00  0.000E+00
  2.121E-02  4.949E-03  4.990E-03  5.226E-03  5.519E-03  5.661E-03  5.396E-03  5.141E-03  5.148E-03  2.695E-02
  0.000E+00  0.000E+00  0.000E+00  0.000E+00  0.000E+00  0.000E+00  0.000E+00  0.000E+00  0.000E+00  0.000E+00
  0.000E+00  0.000E+00  0.000E+00  0.000E+00  0.000E+00  2.203E-02  5.089E-03  5.189E-03  5.360E-03  5.683E-03
  5.840E-03  5.589E-03  5.317E-03  5.327E-03  2.855E-02  0.000E+00  0.000E+00  0.000E+00  0.000E+00  0.000E+00
  0.000E+00  0.000E+00  0.000E+00  0.000E+00  0.000E+00  0.000E+00  0.000E+00  0.000E+00  0.000E+00  0.000E+00
  2.291E-02  5.276E-03  5.318E-03  5.565E-03  5.839E-03  6.045E-03  5.774E-03  5.500E-03  5.511E-03  2.873E-02
  0.000E+00  0.000E+00  0.000E+00  0.000E+00  0.000E+00  0.000E+00  0.000E+00  0.000E+00  0.000E+00  0.000E+00
  0.000E+00  0.000E+00  0.000E+00  0.000E+00  0.000E+00  2.370E-02  5.445E-03  5.538E-03  5.787E-03  6.078E-03
  6.333E-03  5.944E-03  5.704E-03  5.721E-03  3.019E-02  0.000E+00  0.000E+00  0.000E+00  0.000E+00  0.000E+00
  0.000E+00  0.000E+00  0.000E+00  0.000E+00  0.000E+00  0.000E+00  0.000E+00  0.000E+00  0.000E+00  0.000E+00
  2.408E-02  5.596E-03  5.696E-03  5.999E-03  6.302E-03  6.563E-03  6.196E-03  5.952E-03  5.923E-03  3.105E-02
  0.000E+00  0.000E+00  0.000E+00  0.000E+00  0.000E+00  0.000E+00  0.000E+00  0.000E+00  0.000E+00  0.000E+00
  0.000E+00  0.000E+00  0.000E+00  0.000E+00  0.000E+00  2.569E-02  5.860E-03  5.917E-03  6.228E-03  6.559E-03
  6.817E-03  6.460E-03  6.127E-03  6.192E-03  3.273E-02  0.000E+00  0.000E+00  0.000E+00  0.000E+00  0.000E+00
  0.000E+00  0.000E+00  0.000E+00  0.000E+00  0.000E+00  0.000E+00  0.000E+00  0.000E+00  0.000E+00  0.000E+00
  2.633E-02  6.071E-03  6.134E-03  6.490E-03  6.794E-03  7.108E-03  6.744E-03  6.433E-03  6.432E-03  3.319E-02
  0.000E+00  0.000E+00  0.000E+00  0.000E+00  0.000E+00  0.000E+00  0.000E+00  0.000E+00  0.000E+00  0.000E+00
  0.000E+00  0.000E+00  0.000E+00  0.000E+00  0.000E+00  2.803E-02  6.333E-03  6.411E-03  6.735E-03  7.099E-03
  7.374E-03  7.019E-03  6.705E-03  6.704E-03  3.527E-02  0.000E+00  0.000E+00  0.000E+00  0.000E+00  0.000E+00
  0.000E+00  0.000E+00  0.000E+00  0.000E+00  0.000E+00  0.000E+00  0.000E+00  0.000E+00  0.000E+00  0.000E+00
  2.922E-02  6.580E-03  6.672E-03  7.018E-03  7.400E-03  7.746E-03  7.389E-03  6.965E-03  7.035E-03  3.707E-02
  0.000E+00  0.000E+00  0.000E+00  0.000E+00  0.000E+00  0.000E+00  0.000E+00  0.000E+00  0.000E+00  0.000E+00
  0.000E+00  0.000E+00  0.000E+00  0.000E+00  0.000E+00  3.049E-02  6.927E-03  6.928E-03  7.294E-03  7.768E-03
  8.073E-03  7.683E-03  7.276E-03  7.326E-03  3.933E-02  0.000E+00  0.000E+00  0.000E+00  0.000E+00  0.000E+00
  0.000E+00  0.000E+00  0.000E+00  0.000E+00  0.000E+00  0.000E+00  0.000E+00  0.000E+00  0.000E+00  0.000E+00
  3.213E-02  7.289E-03  7.329E-03  7.684E-03  8.078E-03  8.433E-03  8.046E-03  7.664E-03  7.643E-03  4.178E-02
  0.000E+00  0.000E+00  0.000E+00  0.000E+00  0.000E+00  0.000E+00  0.000E+00  0.000E+00  0.000E+00  0.000E+00
  0.000E+00  0.000E+00  0.000E+00  0.000E+00  0.000E+00  3.428E-02  7.569E-03  7.665E-03  8.057E-03  8.485E-03

#------------------------------------------------------------------------------
# gshow
#------------------------------------------------------------------------------

p: legs[c5*0.875]

hb:   line clip z  
frame:
 -3.9999905E+00 -5.9999746E+00
  4.0000095E+00 -5.9999746E+00
  4.0000095E+00  5.0000254E+00
 -3.9999905E+00  5.0000254E+00
clip:
 -4.30768243E+00 -6.18030207E+00
 -2.62100000E+00 -6.18030207E+00
 -2.62100000E+00 -6.01095427E+00
 -2.62100000E+00 -5.99095780E+00
 -2.62100000E+00 -5.82161000E+00
 -2.62100000E+00 -5.80161354E+00
 -2.62100000E+00 -5.63226574E+00
 -2.62100000E+00 -5.61226928E+00
 -2.62100000E+00 -5.44292148E+00
 -2.62100000E+00 -5.42292502E+00
 -2.62100000E+00 -5.25357722E+00
 -2.62100000E+00 -5.23358075E+00
 -2.62100000E+00 -5.06423295E+00
 -2.62100000E+00 -5.04423649E+00
 -2.62100000E+00 -4.87488869E+00
 -2.62100000E+00 -4.85489223E+00
 -2.62100000E+00 -4.68554443E+00
 -2.62100000E+00 -4.66554797E+00
 -2.62100000E+00 -4.49620017E+00
 -2.62100000E+00 -4.47620371E+00
 -2.62100000E+00 -4.30685590E+00
 -2.62100000E+00 -4.28685944E+00
 -2.62100000E+00 -4.11751164E+00
 -2.62100000E+00 -4.09751518E+00
 -2.62100000E+00 -3.92816738E+00
 -2.62100000E+00 -3.90817092E+00
 -2.62100000E+00 -3.73882312E+00
 -2.62100000E+00 -3.71882666E+00
 -2.62100000E+00 -3.54947886E+00
 -2.62100000E+00 -3.52948239E+00
 -2.62100000E+00 -3.36013459E+00
 -2.62100000E+00 -3.34013813E+00
 -2.62100000E+00 -3.17079033E+00
 -2.62100000E+00 -3.15079387E+00
 -2.62100000E+00 -2.98144607E+00
 -2.62100000E+00 -2.96144961E+00
 -2.62100000E+00 -2.79210181E+00
 -2.62100000E+00 -2.77210535E+00
 -2.62100000E+00 -2.60275754E+00
 -2.62100000E+00 -2.58276108E+00
 -2.62100000E+00 -2.41341328E+00
 -2.62100000E+00 -2.39341682E+00
 -2.62100000E+00 -2.22406902E+00
 -2.62100000E+00 -2.20407256E+00
 -2.62100000E+00 -2.03472476E+00
 -2.62100000E+00 -2.01472830E+00
 -2.62100000E+00 -1.84538049E+00
 -2.62100000E+00 -1.82538403E+00
 -2.62100000E+00 -1.65603623E+00
 -2.62100000E+00 -1.63603977E+00
 -2.62100000E+00 -1.46669197E+00
 -2.58460551E+00 -1.31850000E+00
 -2.47331193E+00 -1.31850000E+00
 -2.23999012E+00 -1.31850000E+00
 -2.05000000E+00 -1.25735125E+00
 -2.05000000E+00 -1.15296374E+00
 -2.05000000E+00 -1.06800698E+00
 -2.05000000E+00 -9.63619481E-01
 -2.05000000E+00 -8.78662722E-01
 -2.05000000E+00 -7.74275218E-01
 -2.05000000E+00 -6.89318460E-01
 -2.05000000E+00 -5.84930956E-01
 -2.05000000E+00 -4.99974198E-01
 -2.05000000E+00 -3.95586694E-01
 -2.05000000E+00 -3.10629935E-01
 -2.05000000E+00 -2.06242431E-01
 -2.05000000E+00 -1.21285673E-01
 -2.05000000E+00 -1.68981691E-02
 -2.05000000E+00  6.80585894E-02
 -2.05000000E+00  1.72446093E-01
 -2.05000000E+00  2.57402852E-01
 -2.05000000E+00  3.61790355E-01
 -2.05000000E+00  4.46747114E-01
 -2.05000000E+00  5.51134618E-01
 -2.05000000E+00  6.36091376E-01
 -2.05000000E+00  7.40478880E-01
 -2.05000000E+00  8.25435639E-01
 -2.05000000E+00  9.29823142E-01
 -2.05000000E+00  1.01477990E+00
 -2.05000000E+00  1.11916740E+00
 -2.05000000E+00  1.20412416E+00
 -2.05000000E+00  1.30851167E+00
 -2.05000000E+00  1.39346843E+00
 -2.05000000E+00  1.49785593E+00
 -2.05000000E+00  1.58281269E+00
 -2.05000000E+00  1.68720019E+00
 -2.05000000E+00  1.77215695E+00
 -2.05000000E+00  1.87654445E+00
 -2.05000000E+00  1.96150121E+00
 -2.05000000E+00  2.06588872E+00
 -1.89537474E+00  2.18150000E+00
 -1.60655202E+00  2.18150000E+00
  1.89539449E+00  2.18150000E+00
  2.05000000E+00  2.15084547E+00
  2.05000000E+00  2.04644712E+00
  2.05000000E+00  1.96150121E+00
  2.05000000E+00  1.85710286E+00
  2.05000000E+00  1.77215695E+00
  2.05000000E+00  1.66775859E+00
  2.05000000E+00  1.58281269E+00
  2.05000000E+00  1.47841433E+00
  2.05000000E+00  1.39346843E+00
  2.05000000E+00  1.28907007E+00
  2.05000000E+00  1.20412416E+00
  2.05000000E+00  1.09972581E+00
  2.05000000E+00  1.01477990E+00
  2.05000000E+00  9.10381544E-01
  2.05000000E+00  8.25435639E-01
  2.05000000E+00  7.21037282E-01
  2.05000000E+00  6.36091376E-01
  2.05000000E+00  5.31693019E-01
  2.05000000E+00  4.46747114E-01
  2.05000000E+00  3.42348757E-01
  2.05000000E+00  2.57402852E-01
  2.05000000E+00  1.53004495E-01
  2.05000000E+00  6.80585894E-02
  2.05000000E+00 -3.63397675E-02
  2.05000000E+00 -1.21285673E-01
  2.05000000E+00 -2.25684030E-01
  2.05000000E+00 -3.10629935E-01
  2.05000000E+00 -4.15028292E-01
  2.05000000E+00 -4.99974198E-01
  2.05000000E+00 -6.04372554E-01
  2.05000000E+00 -6.89318460E-01
  2.05000000E+00 -7.93716817E-01
  2.05000000E+00 -8.78662722E-01
  2.05000000E+00 -9.83061079E-01
  2.05000000E+00 -1.06800698E+00
  2.05000000E+00 -1.17240534E+00
  2.12871629E+00 -1.31850000E+00
  2.24000988E+00 -1.31850000E+00
  2.35130346E+00 -1.31850000E+00
  2.58462526E+00 -1.31850000E+00
  2.60900000E+00 -1.62264740E+00
  2.60900000E+00 -6.18030207E+00
  2.92924065E+00 -6.18030207E+00
  3.27385603E+00 -6.18030207E+00
  3.61847142E+00 -6.18030207E+00
  3.96308680E+00 -6.18030207E+00
  4.30770218E+00 -6.18030207E+00
  4.30770218E+00 -5.99095780E+00
  4.30770218E+00 -5.80161354E+00
  4.30770218E+00 -5.61226928E+00
  4.30770218E+00 -5.42292502E+00
  4.30770218E+00 -5.23358075E+00
  4.30770218E+00 -5.04423649E+00
  4.30770218E+00 -4.85489223E+00
  4.30770218E+00 -4.66554797E+00
  4.30770218E+00 -4.47620371E+00
  4.30770218E+00 -4.28685944E+00
  4.30770218E+00 -4.09751518E+00
  4.30770218E+00 -3.90817092E+00
  4.30770218E+00 -3.71882666E+00
  4.30770218E+00 -3.52948239E+00
  4.30770218E+00 -3.34013813E+00
  4.30770218E+00 -3.15079387E+00
  4.30770218E+00 -2.96144961E+00
  4.30770218E+00 -2.77210535E+00
  4.30770218E+00 -2.58276108E+00
  4.30770218E+00 -2.39341682E+00
  4.30770218E+00 -2.20407256E+00
  4.30770218E+00 -2.01472830E+00
  4.30770218E+00 -1.82538403E+00
  4.30770218E+00 -1.63603977E+00
  4.30770218E+00 -1.44669551E+00
  4.30770218E+00 -1.25735125E+00
  4.30770218E+00 -1.06800698E+00
  4.30770218E+00 -8.78662722E-01
  4.30770218E+00 -6.89318460E-01
  4.30770218E+00 -4.99974198E-01
  4.30770218E+00 -3.10629935E-01
  4.30770218E+00 -1.21285673E-01
  4.30770218E+00  6.80585894E-02
  4.30770218E+00  2.57402852E-01
  4.30770218E+00  4.46747114E-01
  4.30770218E+00  6.36091376E-01
  4.30770218E+00  8.25435639E-01
  4.30770218E+00  1.01477990E+00
  4.30770218E+00  1.20412416E+00
  4.30770218E+00  1.39346843E+00
  4.30770218E+00  1.58281269E+00
  4.30770218E+00  1.77215695E+00
  4.30770218E+00  1.96150121E+00
  4.30770218E+00  2.15084547E+00
  4.30770218E+00  2.34018974E+00
  4.30770218E+00  2.52953400E+00
  4.30770218E+00  2.71887826E+00
  4.30770218E+00  2.90822252E+00
  4.30770218E+00  3.09756679E+00
  4.30770218E+00  3.28691105E+00
  4.30770218E+00  3.47625531E+00
  4.30770218E+00  3.66559957E+00
  4.30770218E+00  3.85494384E+00
  4.30770218E+00  4.04428810E+00
  4.30770218E+00  4.23363236E+00
  4.30770218E+00  4.42297662E+00
  4.30770218E+00  4.61232088E+00
  4.30770218E+00  4.80166515E+00
  4.30770218E+00  4.99100941E+00
  4.30770218E+00  5.18035367E+00
  3.96308680E+00  5.18035367E+00
  3.61847142E+00  5.18035367E+00
  3.27385603E+00  5.18035367E+00
  2.92924065E+00  5.18035367E+00
  2.58462526E+00  5.18035367E+00
  2.24000988E+00  5.18035367E+00
  1.89539449E+00  5.18035367E+00
  1.55077911E+00  5.18035367E+00
  1.20616372E+00  5.18035367E+00
  8.61548338E-01  5.18035367E+00
  5.16932953E-01  5.18035367E+00
  1.72317569E-01  5.18035367E+00
 -1.72297816E-01  5.18035367E+00
 -5.16913200E-01  5.18035367E+00
 -8.61528585E-01  5.18035367E+00
 -1.20614397E+00  5.18035367E+00
 -1.55075935E+00  5.18035367E+00
 -1.89537474E+00  5.18035367E+00
 -2.23999012E+00  5.18035367E+00
 -2.58460551E+00  5.18035367E+00
 -2.92922089E+00  5.18035367E+00
 -3.27383628E+00  5.18035367E+00
 -3.61845166E+00  5.18035367E+00
 -3.96306705E+00  5.18035367E+00
 -4.30768243E+00  4.99100941E+00
 -4.30768243E+00 -6.18030207E+00

hb:   line clip z  
frame:
 -3.9999905E+00 -5.9999746E+00
  4.0000095E+00 -5.9999746E+00
  4.0000095E+00  5.0000254E+00
 -3.9999905E+00  5.0000254E+00
clip:
 -2.58460551E+00 -6.18030207E+00
 -2.37100000E+00 -6.18030207E+00
 -2.37100000E+00 -6.06293941E+00
 -2.37100000E+00 -5.99095780E+00
 -2.37100000E+00 -5.87359515E+00
 -2.37100000E+00 -5.80161354E+00
 -2.37100000E+00 -5.68425088E+00
 -2.37100000E+00 -5.61226928E+00
 -2.37100000E+00 -5.49490662E+00
 -2.37100000E+00 -5.42292502E+00
 -2.37100000E+00 -5.30556236E+00
 -2.37100000E+00 -5.23358075E+00
 -2.37100000E+00 -5.11621810E+00
 -2.37100000E+00 -5.04423649E+00
 -2.37100000E+00 -4.92687384E+00
 -2.37100000E+00 -4.85489223E+00
 -2.37100000E+00 -4.73752957E+00
 -2.37100000E+00 -4.66554797E+00
 -2.37100000E+00 -4.54818531E+00
 -2.37100000E+00 -4.47620371E+00
 -2.37100000E+00 -4.35884105E+00
 -2.37100000E+00 -4.28685944E+00
 -2.37100000E+00 -4.16949679E+00
 -2.37100000E+00 -4.09751518E+00
 -2.37100000E+00 -3.98015252E+00
 -2.37100000E+00 -3.90817092E+00
 -2.37100000E+00 -3.79080826E+00
 -2.37100000E+00 -3.71882666E+00
 -2.37100000E+00 -3.60146400E+00
 -2.37100000E+00 -3.52948239E+00
 -2.37100000E+00 -3.41211974E+00
 -2.37100000E+00 -3.34013813E+00
 -2.37100000E+00 -3.22277547E+00
 -2.37100000E+00 -3.15079387E+00
 -2.37100000E+00 -3.03343121E+00
 -2.37100000E+00 -2.96144961E+00
 -2.37100000E+00 -2.84408695E+00
 -2.37100000E+00 -2.77210535E+00
 -2.37100000E+00 -2.65474269E+00
 -2.37100000E+00 -2.58276108E+00
 -2.37100000E+00 -2.46539843E+00
 -2.37100000E+00 -2.39341682E+00
 -2.37100000E+00 -2.27605416E+00
 -2.37100000E+00 -2.20407256E+00
 -2.37100000E+00 -2.08670990E+00
 -2.37100000E+00 -2.01472830E+00
 -2.37100000E+00 -1.89736564E+00
 -2.37100000E+00 -1.82538403E+00
 -2.37100000E+00 -1.70802138E+00
 -2.23999012E+00 -1.56850000E+00
 -2.01830027E+00 -1.56850000E+00
 -1.75000000E+00 -1.52656969E+00
 -1.75000000E+00 -1.44669551E+00
 -1.75000000E+00 -1.36682132E+00
 -1.89537474E+00 -1.31850000E+00
 -2.12869654E+00 -1.31850000E+00
 -2.23999012E+00 -1.31850000E+00
 -2.47331193E+00 -1.31850000E+00
 -2.58460551E+00 -1.31850000E+00
 -2.62100000E+00 -1.42669905E+00
 -2.62100000E+00 -1.44669551E+00
 -2.62100000E+00 -1.46669197E+00
 -2.62100000E+00 -1.63603977E+00
 -2.62100000E+00 -1.65603623E+00
 -2.62100000E+00 -1.82538403E+00
 -2.62100000E+00 -1.84538049E+00
 -2.62100000E+00 -2.01472830E+00
 -2.62100000E+00 -2.03472476E+00
 -2.62100000E+00 -2.20407256E+00
 -2.62100000E+00 -2.22406902E+00
 -2.62100000E+00 -2.39341682E+00
 -2.62100000E+00 -2.41341328E+00
 -2.62100000E+00 -2.58276108E+00
 -2.62100000E+00 -2.60275754E+00
 -2.62100000E+00 -2.77210535E+00
 -2.62100000E+00 -2.79210181E+00
 -2.62100000E+00 -2.96144961E+00
 -2.62100000E+00 -2.98144607E+00
 -2.62100000E+00 -3.15079387E+00
 -2.62100000E+00 -3.17079033E+00
 -2.62100000E+00 -3.34013813E+00
 -2.62100000E+00 -3.36013459E+00
 -2.62100000E+00 -3.52948239E+00
 -2.62100000E+00 -3.54947886E+00
 -2.62100000E+00 -3.71882666E+00
 -2.62100000E+00 -3.73882312E+00
 -2.62100000E+00 -3.90817092E+00
 -2.62100000E+00 -3.92816738E+00
 -2.62100000E+00 -4.09751518E+00
 -2.62100000E+00 -4.11751164E+00
 -2.62100000E+00 -4.28685944E+00
 -2.62100000E+00 -4.30685590E+00
 -2.62100000E+00 -4.47620371E+00
 -2.62100000E+00 -4.49620017E+00
 -2.62100000E+00 -4.66554797E+00
 -2.62100000E+00 -4.68554443E+00
 -2.62100000E+00 -4.85489223E+00
 -2.62100000E+00 -4.87488869E+00
 -2.62100000E+00 -5.04423649E+00
 -2.62100000E+00 -5.06423295E+00
 -2.62100000E+00 -5.23358075E+00
 -2.62100000E+00 -5.25357722E+00
 -2.62100000E+00 -5.42292502E+00
 -2.62100000E+00 -5.44292148E+00
 -2.62100000E+00 -5.61226928E+00
 -2.62100000E+00 -5.63226574E+00
 -2.62100000E+00 -5.80161354E+00
 -2.62100000E+00 -5.82161000E+00
 -2.62100000E+00 -5.99095780E+00
 -2.62100000E+00 -6.01095427E+00
 -2.62100000E+00 -6.18030207E+00

hb:   line clip z  
frame:
 -3.9999905E+00 -5.9999746E+00
  4.0000095E+00 -5.9999746E+00
  4.0000095E+00  5.0000254E+00
 -3.9999905E+00  5.0000254E+00
clip:
 -2.23999012E+00 -6.18030207E+00
 -1.95379934E+00 -6.18030207E+00
 -1.94207814E+00 -6.01661836E+00
 -1.94009462E+00 -5.99095780E+00
 -1.92570245E+00 -5.81827669E+00
 -1.88506640E+00 -5.41726124E+00
 -1.83288030E+00 -5.00989977E+00
 -1.77948405E+00 -4.66554797E+00
 -1.72908901E+00 -4.38484026E+00
 -1.67049313E+00 -4.09751518E+00
 -1.62763520E+00 -3.90817092E+00
 -1.58108638E+00 -3.71882666E+00
 -1.52683818E+00 -3.51633923E+00
 -1.46023283E+00 -3.29039956E+00
 -1.38461297E+00 -3.05950699E+00
 -1.29759158E+00 -2.82235000E+00
 -1.20614397E+00 -2.60127555E+00
 -1.19531076E+00 -2.57680892E+00
 -1.10881342E+00 -2.39341682E+00
 -1.07071815E+00 -2.31900894E+00
 -1.00782747E+00 -2.20407256E+00
 -9.07782067E-01 -2.04014165E+00
 -8.90958859E-01 -2.01472830E+00
 -8.61528585E-01 -1.97169810E+00
 -7.84669164E-01 -1.86761340E+00
 -7.50767840E-01 -1.82538403E+00
 -6.42832850E-01 -1.70522462E+00
 -5.70126887E-01 -1.63603977E+00
 -7.38603053E-01 -1.56850000E+00
 -8.61528585E-01 -1.56850000E+00
 -9.84454117E-01 -1.56850000E+00
 -1.20614397E+00 -1.56850000E+00
 -1.32906950E+00 -1.56850000E+00
 -1.55075935E+00 -1.56850000E+00
 -1.67368489E+00 -1.56850000E+00
 -1.89537474E+00 -1.56850000E+00
 -2.01830027E+00 -1.56850000E+00
 -2.23999012E+00 -1.56850000E+00
 -2.36291566E+00 -1.56850000E+00
 -2.37100000E+00 -1.63603977E+00
 -2.37100000E+00 -1.70802138E+00
 -2.37100000E+00 -1.82538403E+00
 -2.37100000E+00 -1.89736564E+00
 -2.37100000E+00 -2.01472830E+00
 -2.37100000E+00 -2.08670990E+00
 -2.37100000E+00 -2.20407256E+00
 -2.37100000E+00 -2.27605416E+00
 -2.37100000E+00 -2.39341682E+00
 -2.37100000E+00 -2.46539843E+00
 -2.37100000E+00 -2.58276108E+00
 -2.37100000E+00 -2.65474269E+00
 -2.37100000E+00 -2.77210535E+00
 -2.37100000E+00 -2.84408695E+00
 -2.37100000E+00 -2.96144961E+00
 -2.37100000E+00 -3.03343121E+00
 -2.37100000E+00 -3.15079387E+00
 -2.37100000E+00 -3.22277547E+00
 -2.37100000E+00 -3.34013813E+00
 -2.37100000E+00 -3.41211974E+00
 -2.37100000E+00 -3.52948239E+00
 -2.37100000E+00 -3.60146400E+00
 -2.37100000E+00 -3.71882666E+00
 -2.37100000E+00 -3.79080826E+00
 -2.37100000E+00 -3.90817092E+00
 -2.37100000E+00 -3.98015252E+00
 -2.37100000E+00 -4.09751518E+00
 -2.37100000E+00 -4.16949679E+00
 -2.37100000E+00 -4.28685944E+00
 -2.37100000E+00 -4.35884105E+00
 -2.37100000E+00 -4.47620371E+00
 -2.37100000E+00 -4.54818531E+00
 -2.37100000E+00 -4.66554797E+00
 -2.37100000E+00 -4.73752957E+00
 -2.37100000E+00 -4.85489223E+00
 -2.37100000E+00 -4.92687384E+00
 -2.37100000E+00 -5.04423649E+00
 -2.37100000E+00 -5.11621810E+00
 -2.37100000E+00 -5.23358075E+00
 -2.37100000E+00 -5.30556236E+00
 -2.37100000E+00 -5.42292502E+00
 -2.37100000E+00 -5.49490662E+00
 -2.37100000E+00 -5.61226928E+00
 -2.37100000E+00 -5.68425088E+00
 -2.37100000E+00 -5.80161354E+00
 -2.37100000E+00 -5.87359515E+00
 -2.37100000E+00 -5.99095780E+00
 -2.37100000E+00 -6.06293941E+00
 -2.37100000E+00 -6.18030207E+00

hb:   line clip z  
frame:
 -3.9999905E+00 -5.9999746E+00
  4.0000095E+00 -5.9999746E+00
  4.0000095E+00  5.0000254E+00
 -3.9999905E+00  5.0000254E+00
clip:
 -1.89537474E+00 -6.18030207E+00
  1.94179934E+00 -6.18030207E+00
  1.94014095E+00 -6.15571673E+00
  1.92809462E+00 -5.99095780E+00
  1.92674095E+00 -5.97373492E+00
  1.91221657E+00 -5.80161354E+00
  1.91142424E+00 -5.79280622E+00
  1.89539449E+00 -5.62495372E+00
  1.89411069E+00 -5.61226928E+00
  1.87498579E+00 -5.43413830E+00
  1.87371262E+00 -5.42292502E+00
  1.85382158E+00 -5.25642243E+00
  1.85094682E+00 -5.23358075E+00
  1.83065506E+00 -5.07980670E+00
  1.82572501E+00 -5.04423649E+00
  1.80544828E+00 -4.90431196E+00
  1.79794417E+00 -4.85489223E+00
  1.77815562E+00 -4.72996328E+00
  1.76748405E+00 -4.66554797E+00
  1.74872296E+00 -4.55679040E+00
  1.73420397E+00 -4.47620371E+00
  1.71708671E+00 -4.38482824E+00
  1.69793870E+00 -4.28685944E+00
  1.68317257E+00 -4.21411765E+00
  1.65849313E+00 -4.09751518E+00
  1.64689398E+00 -4.04470617E+00
  1.61563520E+00 -3.90817092E+00
  1.60815020E+00 -3.87664915E+00
  1.56908638E+00 -3.71882666E+00
  1.56682387E+00 -3.71001108E+00
  1.55077911E+00 -3.64845396E+00
  1.51850863E+00 -3.52948239E+00
  1.47585175E+00 -3.38130596E+00
  1.46348599E+00 -3.34013813E+00
  1.42585569E+00 -3.21943135E+00
  1.40349801E+00 -3.15079387E+00
  1.37256461E+00 -3.05936715E+00
  1.33787992E+00 -2.96144961E+00
  1.31570854E+00 -2.90126169E+00
  1.26576056E+00 -2.77210535E+00
  1.25496013E+00 -2.74529482E+00
  1.20616372E+00 -2.62883216E+00
  1.18596043E+00 -2.58276108E+00
  1.12007621E+00 -2.44071644E+00
  1.09681342E+00 -2.39341682E+00
  1.04479612E+00 -2.29273380E+00
  9.95827473E-01 -2.20407256E+00
  9.63236945E-01 -2.14820113E+00
  8.78958859E-01 -2.01472830E+00
  8.74263505E-01 -2.00774212E+00
  8.61548338E-01 -1.98905487E+00
  7.38767840E-01 -1.82538403E+00
  6.66886079E-01 -1.74299432E+00
  5.58126887E-01 -1.63603977E+00
  5.42237170E-01 -1.62213671E+00
  5.16932953E-01 -1.60088146E+00
  3.09110734E-01 -1.52185466E+00
  1.72317569E-01 -1.61126885E+00
  1.46760437E-01 -1.62199775E+00
  1.03845748E-01 -1.63603977E+00
 -1.03845748E-01 -1.63603977E+00
 -1.46748821E-01 -1.62200222E+00
 -1.72297816E-01 -1.61127783E+00
 -4.01601190E-01 -1.51005213E+00
 -5.16913200E-01 -1.59116304E+00
 -5.49543011E-01 -1.61811176E+00
 -5.70126887E-01 -1.63603977E+00
 -6.42832850E-01 -1.70522462E+00
 -7.50767840E-01 -1.82538403E+00
 -8.61528585E-01 -1.97169810E+00
 -8.83008640E-01 -2.00292637E+00
 -8.90958859E-01 -2.01472830E+00
 -9.07782067E-01 -2.04014165E+00
 -1.00782747E+00 -2.20407256E+00
 -1.07071815E+00 -2.31900894E+00
 -1.10881342E+00 -2.39341682E+00
 -1.19531076E+00 -2.57680892E+00
 -1.19796043E+00 -2.58276108E+00
 -1.20614397E+00 -2.60127555E+00
 -1.26476639E+00 -2.73989605E+00
 -1.27776056E+00 -2.77210535E+00
 -1.29759158E+00 -2.82235000E+00
 -1.34987992E+00 -2.96144961E+00
 -1.38461297E+00 -3.05950699E+00
 -1.41549801E+00 -3.15079387E+00
 -1.46023283E+00 -3.29039956E+00
 -1.47548599E+00 -3.34013813E+00
 -1.52683818E+00 -3.51633923E+00
 -1.53050863E+00 -3.52948239E+00
 -1.55075935E+00 -3.60340680E+00
 -1.57733424E+00 -3.70422544E+00
 -1.58108638E+00 -3.71882666E+00
 -1.58602927E+00 -3.73820523E+00
 -1.62763520E+00 -3.90817092E+00
 -1.63894127E+00 -3.95662128E+00
 -1.67049313E+00 -4.09751518E+00
 -1.68641396E+00 -4.17204877E+00
 -1.70993870E+00 -4.28685944E+00
 -1.72908901E+00 -4.38484026E+00
 -1.74620397E+00 -4.47620371E+00
 -1.76746933E+00 -4.59527207E+00
 -1.77948405E+00 -4.66554797E+00
 -1.80195731E+00 -4.80356529E+00
 -1.80994417E+00 -4.85489223E+00
 -1.83288030E+00 -5.00989977E+00
 -1.83772501E+00 -5.04423649E+00
 -1.86050827E+00 -5.21442384E+00
 -1.86294682E+00 -5.23358075E+00
 -1.88506640E+00 -5.41726124E+00
 -1.88571262E+00 -5.42292502E+00
 -1.89537474E+00 -5.50992890E+00
 -1.90554204E+00 -5.60668299E+00
 -1.90611069E+00 -5.61226928E+00
 -1.90674422E+00 -5.61851609E+00
 -1.92421657E+00 -5.80161354E+00
 -1.92570245E+00 -5.81827669E+00
 -1.94009462E+00 -5.99095780E+00
 -1.94207814E+00 -6.01661836E+00
 -1.95379934E+00 -6.18030207E+00

hb:   line clip z  
frame:
 -3.9999905E+00 -5.9999746E+00
  4.0000095E+00 -5.9999746E+00
  4.0000095E+00  5.0000254E+00
 -3.9999905E+00  5.0000254E+00
clip:
  2.24000988E+00 -6.18030207E+00
  2.35900000E+00 -6.18030207E+00
  2.35900000E+00 -6.11492455E+00
  2.35900000E+00 -5.99095780E+00
  2.35900000E+00 -5.92558029E+00
  2.35900000E+00 -5.80161354E+00
  2.35900000E+00 -5.73623603E+00
  2.35900000E+00 -5.61226928E+00
  2.35900000E+00 -5.54689177E+00
  2.35900000E+00 -5.42292502E+00
  2.35900000E+00 -5.35754750E+00
  2.35900000E+00 -5.23358075E+00
  2.35900000E+00 -5.16820324E+00
  2.35900000E+00 -5.04423649E+00
  2.35900000E+00 -4.97885898E+00
  2.35900000E+00 -4.85489223E+00
  2.35900000E+00 -4.78951472E+00
  2.35900000E+00 -4.66554797E+00
  2.35900000E+00 -4.60017045E+00
  2.35900000E+00 -4.47620371E+00
  2.35900000E+00 -4.41082619E+00
  2.35900000E+00 -4.28685944E+00
  2.35900000E+00 -4.22148193E+00
  2.35900000E+00 -4.09751518E+00
  2.35900000E+00 -4.03213767E+00
  2.35900000E+00 -3.90817092E+00
  2.35900000E+00 -3.84279340E+00
  2.35900000E+00 -3.71882666E+00
  2.35900000E+00 -3.65344914E+00
  2.35900000E+00 -3.52948239E+00
  2.35900000E+00 -3.46410488E+00
  2.35900000E+00 -3.34013813E+00
  2.35900000E+00 -3.27476062E+00
  2.35900000E+00 -3.15079387E+00
  2.35900000E+00 -3.08541636E+00
  2.35900000E+00 -2.96144961E+00
  2.35900000E+00 -2.89607209E+00
  2.35900000E+00 -2.77210535E+00
  2.35900000E+00 -2.70672783E+00
  2.35900000E+00 -2.58276108E+00
  2.35900000E+00 -2.51738357E+00
  2.35900000E+00 -2.39341682E+00
  2.35900000E+00 -2.32803931E+00
  2.35900000E+00 -2.20407256E+00
  2.35900000E+00 -2.13869504E+00
  2.35900000E+00 -2.01472830E+00
  2.35900000E+00 -1.94935078E+00
  2.35900000E+00 -1.82538403E+00
  2.35900000E+00 -1.76000652E+00
  2.35900000E+00 -1.63603977E+00
  2.35900000E+00 -1.57066226E+00
  2.24000988E+00 -1.56850000E+00
  2.11708434E+00 -1.56850000E+00
  1.89539449E+00 -1.56850000E+00
  1.77246896E+00 -1.56850000E+00
  1.55077911E+00 -1.56850000E+00
  1.42785357E+00 -1.56850000E+00
  1.20616372E+00 -1.56850000E+00
  1.08323819E+00 -1.56850000E+00
  8.61548338E-01 -1.56850000E+00
  7.38622806E-01 -1.56850000E+00
  5.58126887E-01 -1.63603977E+00
  6.66886079E-01 -1.74299432E+00
  7.38767840E-01 -1.82538403E+00
  8.61548338E-01 -1.98905487E+00
  9.63236945E-01 -2.14820113E+00
  1.04479612E+00 -2.29273380E+00
  1.12007621E+00 -2.44071644E+00
  1.18991700E+00 -2.59168763E+00
  1.26576056E+00 -2.77210535E+00
  1.33787992E+00 -2.96144961E+00
  1.40349801E+00 -3.15079387E+00
  1.46348599E+00 -3.34013813E+00
  1.52277796E+00 -3.54486724E+00
  1.56908638E+00 -3.71882666E+00
  1.61563520E+00 -3.90817092E+00
  1.68317257E+00 -4.21411765E+00
  1.74872296E+00 -4.55679040E+00
  1.80544828E+00 -4.90431196E+00
  1.85382158E+00 -5.25642243E+00
  1.89539449E+00 -5.62495372E+00
  1.92809462E+00 -5.99095780E+00
  1.94179934E+00 -6.18030207E+00

hb:   line clip z  
frame:
 -3.9999905E+00 -5.9999746E+00
  4.0000095E+00 -5.9999746E+00
  4.0000095E+00  5.0000254E+00
 -3.9999905E+00  5.0000254E+00
clip:
  2.58462526E+00 -6.18030207E+00
  2.60900000E+00 -6.18030207E+00
  2.60900000E+00 -6.16690970E+00
  2.60900000E+00 -5.99095780E+00
  2.60900000E+00 -5.97756543E+00
  2.60900000E+00 -5.80161354E+00
  2.60900000E+00 -5.78822117E+00
  2.60900000E+00 -5.61226928E+00
  2.60900000E+00 -5.59887691E+00
  2.60900000E+00 -5.42292502E+00
  2.60900000E+00 -5.40953265E+00
  2.60900000E+00 -5.23358075E+00
  2.60900000E+00 -5.22018838E+00
  2.60900000E+00 -5.04423649E+00
  2.60900000E+00 -5.03084412E+00
  2.60900000E+00 -4.85489223E+00
  2.60900000E+00 -4.84149986E+00
  2.60900000E+00 -4.66554797E+00
  2.60900000E+00 -4.65215560E+00
  2.60900000E+00 -4.47620371E+00
  2.60900000E+00 -4.46281134E+00
  2.60900000E+00 -4.28685944E+00
  2.60900000E+00 -4.27346707E+00
  2.60900000E+00 -4.09751518E+00
  2.60900000E+00 -4.08412281E+00
  2.60900000E+00 -3.90817092E+00
  2.60900000E+00 -3.89477855E+00
  2.60900000E+00 -3.71882666E+00
  2.60900000E+00 -3.70543429E+00
  2.60900000E+00 -3.52948239E+00
  2.60900000E+00 -3.51609002E+00
  2.60900000E+00 -3.34013813E+00
  2.60900000E+00 -3.32674576E+00
  2.60900000E+00 -3.15079387E+00
  2.60900000E+00 -3.13740150E+00
  2.60900000E+00 -2.96144961E+00
  2.60900000E+00 -2.94805724E+00
  2.60900000E+00 -2.77210535E+00
  2.60900000E+00 -2.75871297E+00
  2.60900000E+00 -2.58276108E+00
  2.60900000E+00 -2.56936871E+00
  2.60900000E+00 -2.39341682E+00
  2.60900000E+00 -2.38002445E+00
  2.60900000E+00 -2.20407256E+00
  2.60900000E+00 -2.19068019E+00
  2.60900000E+00 -2.01472830E+00
  2.60900000E+00 -2.00133593E+00
  2.60900000E+00 -1.82538403E+00
  2.60900000E+00 -1.81199166E+00
  2.60900000E+00 -1.63603977E+00
  2.60900000E+00 -1.62264740E+00
  2.60900000E+00 -1.44669551E+00
  2.60900000E+00 -1.43330314E+00
  2.58462526E+00 -1.31850000E+00
  2.35130346E+00 -1.31850000E+00
  2.24000988E+00 -1.31850000E+00
  2.00668807E+00 -1.31850000E+00
  1.89539449E+00 -1.31850000E+00
  1.75000000E+00 -1.36681047E+00
  1.75000000E+00 -1.44669551E+00
  1.75000000E+00 -1.52658055E+00
  1.89539449E+00 -1.56850000E+00
  2.11708434E+00 -1.56850000E+00
  2.24000988E+00 -1.56850000E+00
  2.35900000E+00 -1.63603977E+00
  2.35900000E+00 -1.76000652E+00
  2.35900000E+00 -1.82538403E+00
  2.35900000E+00 -1.94935078E+00
  2.35900000E+00 -2.01472830E+00
  2.35900000E+00 -2.13869504E+00
  2.35900000E+00 -2.20407256E+00
  2.35900000E+00 -2.32803931E+00
  2.35900000E+00 -2.39341682E+00
  2.35900000E+00 -2.51738357E+00
  2.35900000E+00 -2.58276108E+00
  2.35900000E+00 -2.70672783E+00
  2.35900000E+00 -2.77210535E+00
  2.35900000E+00 -2.89607209E+00
  2.35900000E+00 -2.96144961E+00
  2.35900000E+00 -3.08541636E+00
  2.35900000E+00 -3.15079387E+00
  2.35900000E+00 -3.27476062E+00
  2.35900000E+00 -3.34013813E+00
  2.35900000E+00 -3.46410488E+00
  2.35900000E+00 -3.52948239E+00
  2.35900000E+00 -3.65344914E+00
  2.35900000E+00 -3.71882666E+00
  2.35900000E+00 -3.84279340E+00
  2.35900000E+00 -3.90817092E+00
  2.35900000E+00 -4.03213767E+00
  2.35900000E+00 -4.09751518E+00
  2.35900000E+00 -4.22148193E+00
  2.35900000E+00 -4.28685944E+00
  2.35900000E+00 -4.41082619E+00
  2.35900000E+00 -4.47620371E+00
  2.35900000E+00 -4.60017045E+00
  2.35900000E+00 -4.66554797E+00
  2.35900000E+00 -4.78951472E+00
  2.35900000E+00 -4.85489223E+00
  2.35900000E+00 -4.97885898E+00
  2.35900000E+00 -5.04423649E+00
  2.35900000E+00 -5.16820324E+00
  2.35900000E+00 -5.23358075E+00
  2.35900000E+00 -5.35754750E+00
  2.35900000E+00 -5.42292502E+00
  2.35900000E+00 -5.54689177E+00
  2.35900000E+00 -5.61226928E+00
  2.35900000E+00 -5.73623603E+00
  2.35900000E+00 -5.80161354E+00
  2.35900000E+00 -5.92558029E+00
  2.35900000E+00 -5.99095780E+00
  2.35900000E+00 -6.11492455E+00
  2.35900000E+00 -6.18030207E+00

hb:   line clip z  
clip:
 -1.75000000E+00 -1.55616559E+00
 -1.55075935E+00 -1.56850000E+00
 -1.32906950E+00 -1.56850000E+00
 -5.16913200E-01 -1.56850000E+00
 -3.84705842E-01 -1.44669551E+00
 -4.25926915E-01 -1.39670432E+00
 -5.16913200E-01 -1.31850000E+00
 -7.50235003E-01 -1.31850000E+00
 -8.61528585E-01 -1.31850000E+00
 -1.09485039E+00 -1.31850000E+00
 -1.20614397E+00 -1.31850000E+00
 -1.43946577E+00 -1.31850000E+00
 -1.55075935E+00 -1.31850000E+00
 -1.75000000E+00 -1.33722543E+00
 -1.75000000E+00 -1.44669551E+00

hb:   line clip z  
clip:
 -3.09103055E-01 -1.52186130E+00
 -1.72297816E-01 -1.61127783E+00
  1.46760437E-01 -1.62199775E+00
  3.09110734E-01 -1.52185466E+00
  5.16932953E-01 -1.25927461E+00
  6.09803922E-01 -1.06800698E+00
  6.77132496E-01 -8.78662722E-01
  7.26842711E-01 -6.89318460E-01
  7.62388715E-01 -4.99974198E-01
  7.85695293E-01 -3.10629935E-01
  7.97835792E-01 -1.21285673E-01
  7.99319163E-01  6.80585894E-02
  7.90205426E-01  2.57402852E-01
  7.70118446E-01  4.46747114E-01
  7.38162951E-01  6.36091376E-01
  6.92698333E-01  8.25435639E-01
  6.30810379E-01  1.01477990E+00
  5.46952287E-01  1.20412416E+00
  5.16932953E-01  1.25927461E+00
  4.28411240E-01  1.39346843E+00
  3.45219535E-01  1.48846707E+00
  2.25964361E-01  1.58281269E+00
  1.72317569E-01  1.61126885E+00
  5.79125414E-02  1.64567098E+00
 -1.72297816E-01  1.61127783E+00
 -2.25964361E-01  1.58281269E+00
 -3.46728970E-01  1.48697385E+00
 -4.28411240E-01  1.39346843E+00
 -5.16913200E-01  1.25930910E+00
 -5.46952287E-01  1.20412416E+00
 -6.30810379E-01  1.01477990E+00
 -6.92698333E-01  8.25435639E-01
 -7.38162951E-01  6.36091376E-01
 -7.70118446E-01  4.46747114E-01
 -7.90205426E-01  2.57402852E-01
 -7.99319163E-01  6.80585894E-02
 -7.97835792E-01 -1.21285673E-01
 -7.85695293E-01 -3.10629935E-01
 -7.62388715E-01 -4.99974198E-01
 -7.26842711E-01 -6.89318460E-01
 -6.77132496E-01 -8.78662722E-01
 -6.09803922E-01 -1.06800698E+00
 -5.18032379E-01 -1.25735125E+00
 -3.84705842E-01 -1.44669551E+00

hb:   line clip z  
clip:
  3.95276477E-01 -1.51353801E+00
  5.16932953E-01 -1.56850000E+00
  7.38622806E-01 -1.56850000E+00
  8.61548338E-01 -1.56850000E+00
  1.08323819E+00 -1.56850000E+00
  1.20616372E+00 -1.56850000E+00
  1.42785357E+00 -1.56850000E+00
  1.55077911E+00 -1.56850000E+00
  1.75000000E+00 -1.55615473E+00
  1.75000000E+00 -1.44669551E+00
  1.75000000E+00 -1.33723628E+00
  1.55077911E+00 -1.31850000E+00
  1.31745730E+00 -1.31850000E+00
  1.20616372E+00 -1.31850000E+00
  9.72841920E-01 -1.31850000E+00
  8.61548338E-01 -1.31850000E+00
  6.28226535E-01 -1.31850000E+00
  5.16932953E-01 -1.31850000E+00
  4.25932792E-01 -1.39669670E+00
  3.84705842E-01 -1.44669551E+00

hb:   line clip z  
clip:
 -2.00666832E+00 -1.31850000E+00
 -1.43946577E+00 -1.31850000E+00
 -1.35000000E+00 -1.25735125E+00
 -1.35000000E+00 -1.14704673E+00
 -1.35000000E+00 -1.06800698E+00
 -1.35000000E+00 -9.57702472E-01
 -1.35000000E+00 -8.78662722E-01
 -1.35000000E+00 -7.68358210E-01
 -1.35000000E+00 -6.89318460E-01
 -1.35000000E+00 -5.79013948E-01
 -1.35000000E+00 -4.99974198E-01
 -1.35000000E+00 -3.89669686E-01
 -1.35000000E+00 -3.10629935E-01
 -1.35000000E+00 -2.00325423E-01
 -1.35000000E+00 -1.21285673E-01
 -1.35000000E+00 -1.09811609E-02
 -1.35000000E+00  6.80585894E-02
 -1.35000000E+00  1.78363101E-01
 -1.35000000E+00  2.57402852E-01
 -1.35000000E+00  3.67707364E-01
 -1.35000000E+00  4.46747114E-01
 -1.35000000E+00  5.57051626E-01
 -1.35000000E+00  6.36091376E-01
 -1.35000000E+00  7.46395888E-01
 -1.35000000E+00  8.25435639E-01
 -1.35000000E+00  9.35740151E-01
 -1.35000000E+00  1.01477990E+00
 -1.35000000E+00  1.12508441E+00
 -1.35000000E+00  1.20412416E+00
 -1.35000000E+00  1.31442868E+00
 -1.35000000E+00  1.39346843E+00
 -1.35000000E+00  1.50377294E+00
 -1.35000000E+00  1.58281269E+00
 -1.35000000E+00  1.69311720E+00
 -1.35000000E+00  1.77215695E+00
 -1.35174991E+00  1.88150000E+00
 -1.55075935E+00  1.88150000E+00
 -1.74976880E+00  1.88150000E+00
 -1.89537474E+00  1.88150000E+00
 -2.05000000E+00  1.85711371E+00
 -2.05000000E+00  1.77215695E+00
 -2.05000000E+00  1.68720019E+00
 -2.05000000E+00  1.58281269E+00
 -2.05000000E+00  1.49785593E+00
 -2.05000000E+00  1.39346843E+00
 -2.05000000E+00  1.30851167E+00
 -2.05000000E+00  1.20412416E+00
 -2.05000000E+00  1.11916740E+00
 -2.05000000E+00  1.01477990E+00
 -2.05000000E+00  9.29823142E-01
 -2.05000000E+00  8.25435639E-01
 -2.05000000E+00  7.40478880E-01
 -2.05000000E+00  6.36091376E-01
 -2.05000000E+00  5.51134618E-01
 -2.05000000E+00  4.46747114E-01
 -2.05000000E+00  3.61790355E-01
 -2.05000000E+00  2.57402852E-01
 -2.05000000E+00  1.72446093E-01
 -2.05000000E+00  6.80585894E-02
 -2.05000000E+00 -1.68981691E-02
 -2.05000000E+00 -1.21285673E-01
 -2.05000000E+00 -2.06242431E-01
 -2.05000000E+00 -3.10629935E-01
 -2.05000000E+00 -3.95586694E-01
 -2.05000000E+00 -4.99974198E-01
 -2.05000000E+00 -5.84930956E-01
 -2.05000000E+00 -6.89318460E-01
 -2.05000000E+00 -7.74275218E-01
 -2.05000000E+00 -8.78662722E-01
 -2.05000000E+00 -9.63619481E-01
 -2.05000000E+00 -1.06800698E+00
 -2.05000000E+00 -1.15296374E+00
 -2.05000000E+00 -1.25735125E+00

hb:   line clip z  
clip:
 -1.31743755E+00 -1.31850000E+00
 -7.50235003E-01 -1.31850000E+00
 -5.18032379E-01 -1.25735125E+00
 -5.92191148E-01 -1.10936743E+00
 -6.09803922E-01 -1.06800698E+00
 -6.52933383E-01 -9.53397172E-01
 -6.77132496E-01 -8.78662722E-01
 -7.02066963E-01 -7.91048690E-01
 -7.26842711E-01 -6.89318460E-01
 -7.40787165E-01 -6.22978719E-01
 -7.62388715E-01 -4.99974198E-01
 -7.69736276E-01 -4.49540155E-01
 -7.85695293E-01 -3.10629935E-01
 -7.89147224E-01 -2.70860976E-01
 -7.97835792E-01 -1.21285673E-01
 -7.98890485E-01 -8.68700161E-02
 -7.99319163E-01  6.80585894E-02
 -7.98448329E-01  1.02717183E-01
 -7.90205426E-01  2.57402852E-01
 -7.70118446E-01  4.46747114E-01
 -7.38162951E-01  6.36091376E-01
 -6.92698333E-01  8.25435639E-01
 -6.30810379E-01  1.01477990E+00
 -5.46952287E-01  1.20412416E+00
 -4.53829740E-01  1.35880807E+00
 -3.46728970E-01  1.48697385E+00
 -1.72297816E-01  1.61127783E+00
  5.79125414E-02  1.64567098E+00
  1.72317569E-01  1.61126885E+00
  2.25964361E-01  1.58281269E+00
  3.45219535E-01  1.48846707E+00
  4.28411240E-01  1.39346843E+00
  4.53835248E-01  1.35880024E+00
  5.16932953E-01  1.25927461E+00
  5.46952287E-01  1.20412416E+00
  6.10541856E-01  1.06621205E+00
  6.30810379E-01  1.01477990E+00
  6.67857272E-01  9.08358964E-01
  6.92698333E-01  8.25435639E-01
  7.13969979E-01  7.44350705E-01
  7.38162951E-01  6.36091376E-01
  7.49897269E-01  5.74746206E-01
  7.70118446E-01  4.46747114E-01
  7.76156871E-01  3.99829927E-01
  7.90205426E-01  2.57402852E-01
  7.92878311E-01  2.19673034E-01
  7.99319163E-01  6.80585894E-02
  7.99828660E-01  3.41475472E-02
  7.97835792E-01 -1.21285673E-01
  7.96365632E-01 -1.57099429E-01
  7.85695293E-01 -3.10629935E-01
  7.81293947E-01 -3.54724625E-01
  7.62388715E-01 -4.99974198E-01
  7.52538523E-01 -5.59868166E-01
  7.26842711E-01 -6.89318460E-01
  7.06370816E-01 -7.74578650E-01
  6.77132496E-01 -8.78662722E-01
  6.35217508E-01 -1.00301714E+00
  6.09803922E-01 -1.06800698E+00
  5.18533825E-01 -1.25647167E+00
  7.50254756E-01 -1.31850000E+00
  1.31745730E+00 -1.31850000E+00
  1.35000000E+00 -1.25735125E+00
  1.35000000E+00 -1.17832235E+00
  1.35000000E+00 -1.06800698E+00
  1.35000000E+00 -9.88978087E-01
  1.35000000E+00 -8.78662722E-01
  1.35000000E+00 -7.99633825E-01
  1.35000000E+00 -6.89318460E-01
  1.35000000E+00 -6.10289563E-01
  1.35000000E+00 -4.99974198E-01
  1.35000000E+00 -4.20945300E-01
  1.35000000E+00 -3.10629935E-01
  1.35000000E+00 -2.31601038E-01
  1.35000000E+00 -1.21285673E-01
  1.35000000E+00 -4.22567757E-02
  1.35000000E+00  6.80585894E-02
  1.35000000E+00  1.47087487E-01
  1.35000000E+00  2.57402852E-01
  1.35000000E+00  3.36431749E-01
  1.35000000E+00  4.46747114E-01
  1.35000000E+00  5.25776011E-01
  1.35000000E+00  6.36091376E-01
  1.35000000E+00  7.15120273E-01
  1.35000000E+00  8.25435639E-01
  1.35000000E+00  9.04464536E-01
  1.35000000E+00  1.01477990E+00
  1.35000000E+00  1.09380880E+00
  1.35000000E+00  1.20412416E+00
  1.35000000E+00  1.28315306E+00
  1.35000000E+00  1.39346843E+00
  1.35000000E+00  1.47249732E+00
  1.35000000E+00  1.58281269E+00
  1.35000000E+00  1.66184158E+00
  1.35000000E+00  1.77215695E+00
  1.35000000E+00  1.85118585E+00
  1.20616372E+00  1.88150000E+00
  1.00715427E+00  1.88150000E+00
  8.61548338E-01  1.88150000E+00
  6.62538890E-01  1.88150000E+00
  5.16932953E-01  1.88150000E+00
  3.17923505E-01  1.88150000E+00
  1.72317569E-01  1.88150000E+00
 -2.66918797E-02  1.88150000E+00
 -1.72297816E-01  1.88150000E+00
 -3.71307264E-01  1.88150000E+00
 -5.16913200E-01  1.88150000E+00
 -7.15922649E-01  1.88150000E+00
 -8.61528585E-01  1.88150000E+00
 -1.06053803E+00  1.88150000E+00
 -1.20614397E+00  1.88150000E+00
 -1.35000000E+00  1.85119670E+00
 -1.35000000E+00  1.77215695E+00
 -1.35000000E+00  1.69311720E+00
 -1.35000000E+00  1.58281269E+00
 -1.35000000E+00  1.50377294E+00
 -1.35000000E+00  1.39346843E+00
 -1.35000000E+00  1.31442868E+00
 -1.35000000E+00  1.20412416E+00
 -1.35000000E+00  1.12508441E+00
 -1.35000000E+00  1.01477990E+00
 -1.35000000E+00  9.35740151E-01
 -1.35000000E+00  8.25435639E-01
 -1.35000000E+00  7.46395888E-01
 -1.35000000E+00  6.36091376E-01
 -1.35000000E+00  5.57051626E-01
 -1.35000000E+00  4.46747114E-01
 -1.35000000E+00  3.67707364E-01
 -1.35000000E+00  2.57402852E-01
 -1.35000000E+00  1.78363101E-01
 -1.35000000E+00  6.80585894E-02
 -1.35000000E+00 -1.09811609E-02
 -1.35000000E+00 -1.21285673E-01
 -1.35000000E+00 -2.00325423E-01
 -1.35000000E+00 -3.10629935E-01
 -1.35000000E+00 -3.89669686E-01
 -1.35000000E+00 -4.99974198E-01
 -1.35000000E+00 -5.79013948E-01
 -1.35000000E+00 -6.89318460E-01
 -1.35000000E+00 -7.68358210E-01
 -1.35000000E+00 -8.78662722E-01
 -1.35000000E+00 -9.57702472E-01
 -1.35000000E+00 -1.06800698E+00
 -1.35000000E+00 -1.14704673E+00
 -1.35000000E+00 -1.25735125E+00

hb:   line clip z  
clip:
  1.43948553E+00 -1.31850000E+00
  2.00668807E+00 -1.31850000E+00
  2.05000000E+00 -1.25735125E+00
  2.05000000E+00 -1.17240534E+00
  2.05000000E+00 -1.06800698E+00
  2.05000000E+00 -9.83061079E-01
  2.05000000E+00 -8.78662722E-01
  2.05000000E+00 -7.93716817E-01
  2.05000000E+00 -6.89318460E-01
  2.05000000E+00 -6.04372554E-01
  2.05000000E+00 -4.99974198E-01
  2.05000000E+00 -4.15028292E-01
  2.05000000E+00 -3.10629935E-01
  2.05000000E+00 -2.25684030E-01
  2.05000000E+00 -1.21285673E-01
  2.05000000E+00 -3.63397675E-02
  2.05000000E+00  6.80585894E-02
  2.05000000E+00  1.53004495E-01
  2.05000000E+00  2.57402852E-01
  2.05000000E+00  3.42348757E-01
  2.05000000E+00  4.46747114E-01
  2.05000000E+00  5.31693019E-01
  2.05000000E+00  6.36091376E-01
  2.05000000E+00  7.21037282E-01
  2.05000000E+00  8.25435639E-01
  2.05000000E+00  9.10381544E-01
  2.05000000E+00  1.01477990E+00
  2.05000000E+00  1.09972581E+00
  2.05000000E+00  1.20412416E+00
  2.05000000E+00  1.28907007E+00
  2.05000000E+00  1.39346843E+00
  2.05000000E+00  1.47841433E+00
  2.05000000E+00  1.58281269E+00
  2.05000000E+00  1.66775859E+00
  2.05000000E+00  1.77215695E+00
  2.05000000E+00  1.85710286E+00
  1.89539449E+00  1.88150000E+00
  1.69638504E+00  1.88150000E+00
  1.55077911E+00  1.88150000E+00
  1.35176966E+00  1.88150000E+00
  1.35000000E+00  1.77215695E+00
  1.35000000E+00  1.66184158E+00
  1.35000000E+00  1.58281269E+00
  1.35000000E+00  1.47249732E+00
  1.35000000E+00  1.39346843E+00
  1.35000000E+00  1.28315306E+00
  1.35000000E+00  1.20412416E+00
  1.35000000E+00  1.09380880E+00
  1.35000000E+00  1.01477990E+00
  1.35000000E+00  9.04464536E-01
  1.35000000E+00  8.25435639E-01
  1.35000000E+00  7.15120273E-01
  1.35000000E+00  6.36091376E-01
  1.35000000E+00  5.25776011E-01
  1.35000000E+00  4.46747114E-01
  1.35000000E+00  3.36431749E-01
  1.35000000E+00  2.57402852E-01
  1.35000000E+00  1.47087487E-01
  1.35000000E+00  6.80585894E-02
  1.35000000E+00 -4.22567757E-02
  1.35000000E+00 -1.21285673E-01
  1.35000000E+00 -2.31601038E-01
  1.35000000E+00 -3.10629935E-01
  1.35000000E+00 -4.20945300E-01
  1.35000000E+00 -4.99974198E-01
  1.35000000E+00 -6.10289563E-01
  1.35000000E+00 -6.89318460E-01
  1.35000000E+00 -7.99633825E-01
  1.35000000E+00 -8.78662722E-01
  1.35000000E+00 -9.88978087E-01
  1.35000000E+00 -1.06800698E+00
  1.35000000E+00 -1.17832235E+00
  1.35000000E+00 -1.25735125E+00

hb:   line clip z  
clip:
 -2.04098067E+00  1.88150000E+00
  2.04100043E+00  1.88150000E+00
  2.05000000E+00  1.96150121E+00
  2.05000000E+00  2.04644712E+00
  2.05000000E+00  2.15084547E+00
  1.95118716E+00  2.18150000E+00
  1.89539449E+00  2.18150000E+00
  1.83960183E+00  2.18150000E+00
  1.55077911E+00  2.18150000E+00
  1.49498644E+00  2.18150000E+00
  1.20616372E+00  2.18150000E+00
  1.15037106E+00  2.18150000E+00
  8.61548338E-01  2.18150000E+00
  8.05755673E-01  2.18150000E+00
  5.16932953E-01  2.18150000E+00
  4.61140288E-01  2.18150000E+00
  1.72317569E-01  2.18150000E+00
  1.16524904E-01  2.18150000E+00
 -1.72297816E-01  2.18150000E+00
 -2.28090481E-01  2.18150000E+00
 -5.16913200E-01  2.18150000E+00
 -5.72705866E-01  2.18150000E+00
 -8.61528585E-01  2.18150000E+00
 -9.17321250E-01  2.18150000E+00
 -1.20614397E+00  2.18150000E+00
 -1.26193663E+00  2.18150000E+00
 -1.55075935E+00  2.18150000E+00
 -1.60655202E+00  2.18150000E+00
 -1.89537474E+00  2.18150000E+00
 -1.95116740E+00  2.18150000E+00
 -2.05000000E+00  2.15084547E+00
 -2.05000000E+00  2.06588872E+00
 -2.05000000E+00  1.96150121E+00

#------------------------------------------------------------------------------
z: xorg(1.03)
p: xfac[c2*0.05] form[c1/0.05] notc noxt noyt dmin(1)
p: ymin(0) ymax(1) xmin(0) xmax(1) cmin(1) cmax(100) nosp
hc: y= 0.005 to 0.995 by 0.01 ; x= 0.5 to 0.5 by 1 ;
 1  2  3  4  5  6  7  8  9 10 11 12 13 14 15 16 17 18 19 20
21 22 23 24 25 26 27 28 29 30 31 32 33 34 35 36 37 38 39 40
41 42 43 44 45 46 47 48 49 50 51 52 53 54 55 56 57 58 59 60
61 62 63 64 65 66 67 68 69 70 71 72 73 74 75 76 77 78 79 80
81 82 83 84 85 86 87 88 89 90 91 92 93 94 95 96 97 98 99 100
z: xorg(0.0)
p: xfac[c2*0.05] form[c1/0.05] nosp afac[c5*0.625] ymin[c3] ymax[c4]
p: noxt noxn ytxt(-1) ynum(-1) xltd(-1) xstd(-1) itic(1) ylog
y: Relative Error
#------------------------------------------------------------------------------

wt: s[c5]
\vspace{-3}
  emin  &=&   0.0000E+00 [MeV/n]
  emax  &=&   1.0000E+03 [MeV/n]
  zmin  &=&   9.8513E+01 [cm]
  zmax  &=&   9.8522E+01 [cm]
  part. &=& proton  
e:

#------------------------------------------------------------------------------
z: xorg[-1.03/0.05]
p: form[c1] xfac[c2] afac[c5] nosp notf
p: xmin( -4.000000    ) xmax(  4.000000    )
p: ymin( -6.000000    ) ymax(  5.000000    )
 
# Information for Restart Calculation
# This calculation was restarted using ./out/track_xy.out
# istdev =  2 # 1:Batch variance, 2:History variance
# resc2  = 2.91114912060850654E-02 # Total source weight or Total source weight / maxcas
# resc3  = 1.81699595000000000E+08 # Total history number or Total batch number
# maxcas =       25045 # History / Batch, only used for istdev=1
# bitrseed = 0001000111100010011100101101111110001001101110110001011100101110 # bit data of rseed
