[ T-Track ]
    title = [t-track] in xyz mesh
     mesh =  xyz            # mesh type is xyz scoring mesh
   x-type =    2            # x-mesh is linear given by xmin, xmax and nx
     xmin =  -4.000000      # minimum value of x-mesh points
     xmax =   4.000000      # maximum value of x-mesh points
#    xdel =  0.3200000      # mesh width of x-mesh points
       nx =     25          # number of x-mesh points
#    data = ( x(i), i = 1, nx + 1 )
#          -4.00000E+00 -3.68000E+00 -3.36000E+00 -3.04000E+00 -2.72000E+00
#          -2.40000E+00 -2.08000E+00 -1.76000E+00 -1.44000E+00 -1.12000E+00
#          -8.00000E-01 -4.80000E-01 -1.60000E-01  1.60000E-01  4.80000E-01
#           8.00000E-01  1.12000E+00  1.44000E+00  1.76000E+00  2.08000E+00
#           2.40000E+00  2.72000E+00  3.04000E+00  3.36000E+00  3.68000E+00
#           4.00000E+00
   y-type =    2            # y-mesh is linear given by ymin, ymax and ny
     ymin =  -6.000000      # minimum value of y-mesh points
     ymax =   5.000000      # maximum value of y-mesh points
#    ydel =  0.1833333      # mesh width of y-mesh points
       ny =     60          # number of y-mesh points
#    data = ( y(i), i = 1, ny + 1 )
#          -6.00000E+00 -5.81667E+00 -5.63333E+00 -5.45000E+00 -5.26667E+00
#          -5.08333E+00 -4.90000E+00 -4.71667E+00 -4.53333E+00 -4.35000E+00
#          -4.16667E+00 -3.98333E+00 -3.80000E+00 -3.61667E+00 -3.43333E+00
#          -3.25000E+00 -3.06667E+00 -2.88333E+00 -2.70000E+00 -2.51667E+00
#          -2.33333E+00 -2.15000E+00 -1.96667E+00 -1.78333E+00 -1.60000E+00
#          -1.41667E+00 -1.23333E+00 -1.05000E+00 -8.66667E-01 -6.83333E-01
#          -5.00000E-01 -3.16667E-01 -1.33333E-01  5.00000E-02  2.33333E-01
#           4.16667E-01  6.00000E-01  7.83333E-01  9.66667E-01  1.15000E+00
#           1.33333E+00  1.51667E+00  1.70000E+00  1.88333E+00  2.06667E+00
#           2.25000E+00  2.43333E+00  2.61667E+00  2.80000E+00  2.98333E+00
#           3.16667E+00  3.35000E+00  3.53333E+00  3.71667E+00  3.90000E+00
#           4.08333E+00  4.26667E+00  4.45000E+00  4.63333E+00  4.81667E+00
#           5.00000E+00
   z-type =    1            # z-mesh is given by the below data
       nz =      1          # number of z-mesh points
#    data = ( z(i), i = 1, nz + 1 )
            9.85125E+01  9.85225E+01
   e-type =    1            # e-mesh is given by the below data
       ne =      1          # number of e-mesh points
#    data = ( e(i), i = 1, ne + 1 )
            0.00000E+00  1.00000E+03
     unit =    1            # unit is [1/cm^2/source]
 material =  all            # (D=all) number of specific material
  2D-type =    3            # 1:Cont, 2:Clust, 3:Color, 4:xyz, 5:mat, 6:Clust+Cont, 7:Col+Cont
     axis =      xy            # axis of output
     file = ./out/track_xy.out  # file name of output for the above axis
     part =  proton   
# kf/name :  2212     
    gshow =    1            # 0: no 1:bnd, 2:bnd+mat, 3:bnd+reg 4:bnd+lat 5:bmp style
    resol =    1            # (D=1) resolution of gshow or rshow
    width = 0.5000000       # (D=0.5) width of lines for gshow or rshow
   epsout =    1            # (D=0) generate eps file by ANGEL
#    used :        main (  %)        temp (  %)       total (  %)
#  memory :          95 (  0)           0 (  0)          95 (  0)

#------------------------------------------------------------------------------
#newpage:
#   no. =  1   ie  =  1   iz  =  1   part. = proton  
#   e = (   0.0000E+00  -   1.0000E+03  )
#   z = (   9.8513E+01  -   9.8522E+01  )

'no. =  1,  ie =  1,  iz =  1'
msuc: {\huge [t-track] in xyz mesh}
msdr: {\it plotted by \ANGEL \version}
msdl: {\it calculated by \PHITS  3.36}

x: x [cm]
y: y [cm]
set: c1[ 1.375] c2[ 0.768] c5[ 0.800] c6[ 0.878] c7[ 0.250] c8[ 0.000]
p: h2fs form[c1] xfac[c2] afac[c5] scal[c6] xorg[c7] yorg[c8] nosp
set: c3[   1.395332E+01] c4[   4.362962E+07]
p: cmin[c3] cmax[c4]
p: dmin(1e-31)
p: zlog
p: xmin( -4.000000    ) xmax(  4.000000    )
p: ymin( -6.000000    ) ymax(  5.000000    )
#  ny =  60   nx =  25
# ( ( data(x,y), x = 1, nx ), y = ny, 1, -1 )

hc:  y =   4.908333     to  -5.908333     by  0.1833333     ; x =  -3.840000     to   3.840000     by  0.3200000     ;
  1.310E+07  1.462E+07  1.615E+07  1.729E+07  1.876E+07  2.019E+07  2.121E+07  2.258E+07  2.345E+07  2.403E+07
  2.469E+07  2.494E+07  2.480E+07  2.486E+07  2.467E+07  2.392E+07  2.337E+07  2.222E+07  2.128E+07  2.012E+07
  1.896E+07  1.731E+07  1.605E+07  1.452E+07  1.302E+07  1.418E+07  1.572E+07  1.718E+07  1.874E+07  2.010E+07
  2.150E+07  2.294E+07  2.401E+07  2.498E+07  2.574E+07  2.630E+07  2.672E+07  2.659E+07  2.684E+07  2.641E+07
  2.570E+07  2.494E+07  2.408E+07  2.293E+07  2.182E+07  2.029E+07  1.893E+07  1.746E+07  1.586E+07  1.433E+07
  1.533E+07  1.690E+07  1.854E+07  2.011E+07  2.173E+07  2.297E+07  2.465E+07  2.601E+07  2.687E+07  2.749E+07
  2.808E+07  2.849E+07  2.865E+07  2.865E+07  2.821E+07  2.758E+07  2.686E+07  2.596E+07  2.442E+07  2.323E+07
  2.164E+07  2.025E+07  1.854E+07  1.699E+07  1.529E+07  1.653E+07  1.810E+07  2.000E+07  2.171E+07  2.335E+07
  2.489E+07  2.641E+07  2.758E+07  2.860E+07  2.924E+07  2.974E+07  3.042E+07  3.039E+07  3.060E+07  2.990E+07
  2.933E+07  2.828E+07  2.746E+07  2.616E+07  2.483E+07  2.336E+07  2.153E+07  1.999E+07  1.814E+07  1.642E+07
  1.755E+07  1.933E+07  2.136E+07  2.279E+07  2.480E+07  2.646E+07  2.754E+07  2.923E+07  3.014E+07  3.106E+07
  3.167E+07  3.202E+07  3.199E+07  3.223E+07  3.177E+07  3.123E+07  3.013E+07  2.897E+07  2.793E+07  2.660E+07
  2.497E+07  2.301E+07  2.114E+07  1.941E+07  1.769E+07  1.878E+07  2.053E+07  2.262E+07  2.442E+07  2.616E+07
  2.801E+07  2.953E+07  3.086E+07  3.169E+07  3.286E+07  3.349E+07  3.400E+07  3.389E+07  3.362E+07  3.343E+07
  3.284E+07  3.199E+07  3.087E+07  2.923E+07  2.793E+07  2.619E+07  2.462E+07  2.268E+07  2.068E+07  1.896E+07
  1.998E+07  2.191E+07  2.412E+07  2.591E+07  2.750E+07  2.950E+07  3.099E+07  3.230E+07  3.353E+07  3.454E+07
  3.506E+07  3.540E+07  3.528E+07  3.544E+07  3.486E+07  3.463E+07  3.352E+07  3.234E+07  3.120E+07  2.931E+07
  2.787E+07  2.586E+07  2.399E+07  2.197E+07  2.000E+07  2.103E+07  2.312E+07  2.528E+07  2.764E+07  2.916E+07
  3.110E+07  3.244E+07  3.372E+07  3.508E+07  3.591E+07  3.662E+07  3.675E+07  3.694E+07  3.674E+07  3.655E+07
  3.580E+07  3.507E+07  3.389E+07  3.227E+07  3.080E+07  2.904E+07  2.757E+07  2.531E+07  2.324E+07  2.111E+07
  2.243E+07  2.444E+07  2.667E+07  2.868E+07  3.067E+07  3.247E+07  3.409E+07  3.534E+07  3.636E+07  3.721E+07
  3.785E+07  3.810E+07  3.853E+07  3.842E+07  3.766E+07  3.720E+07  3.629E+07  3.545E+07  3.373E+07  3.248E+07
  3.066E+07  2.882E+07  2.667E+07  2.425E+07  2.224E+07  2.331E+07  2.560E+07  2.790E+07  2.984E+07  3.190E+07
  3.386E+07  3.539E+07  3.664E+07  3.765E+07  3.868E+07  3.913E+07  3.970E+07  3.972E+07  3.967E+07  3.921E+07
  3.853E+07  3.808E+07  3.654E+07  3.543E+07  3.382E+07  3.201E+07  3.026E+07  2.804E+07  2.566E+07  2.323E+07
  2.454E+07  2.681E+07  2.917E+07  3.137E+07  3.358E+07  3.511E+07  3.659E+07  3.786E+07  3.898E+07  3.998E+07
  4.003E+07  4.043E+07  4.077E+07  4.057E+07  4.026E+07  3.981E+07  3.880E+07  3.773E+07  3.661E+07  3.526E+07
  3.318E+07  3.149E+07  2.925E+07  2.698E+07  2.445E+07  2.544E+07  2.793E+07  3.027E+07  3.233E+07  3.456E+07
  3.627E+07  3.779E+07  3.896E+07  3.993E+07  4.068E+07  4.160E+07  4.134E+07  4.156E+07  4.158E+07  4.147E+07
  4.098E+07  3.995E+07  3.896E+07  3.773E+07  3.629E+07  3.431E+07  3.240E+07  3.039E+07  2.805E+07  2.579E+07
  2.670E+07  2.910E+07  3.151E+07  3.359E+07  3.572E+07  3.740E+07  3.911E+07  4.011E+07  4.096E+07  4.176E+07
  4.217E+07  4.232E+07  4.261E+07  4.242E+07  4.237E+07  4.171E+07  4.099E+07  4.000E+07  3.877E+07  3.722E+07
  3.571E+07  3.351E+07  3.149E+07  2.917E+07  2.654E+07  2.784E+07  3.018E+07  3.248E+07  3.488E+07  3.634E+07
  3.829E+07  3.975E+07  4.089E+07  4.172E+07  4.228E+07  4.265E+07  4.307E+07  4.284E+07  4.316E+07  4.278E+07
  4.212E+07  4.177E+07  4.074E+07  3.992E+07  3.844E+07  3.677E+07  3.512E+07  3.254E+07  3.016E+07  2.782E+07
  2.865E+07  3.109E+07  3.369E+07  3.597E+07  3.782E+07  3.921E+07  4.048E+07  4.172E+07  4.241E+07  4.264E+07
  4.319E+07  4.363E+07  4.305E+07  4.347E+07  4.307E+07  4.283E+07  4.208E+07  4.189E+07  4.056E+07  3.939E+07
  3.778E+07  3.544E+07  3.384E+07  3.140E+07  2.860E+07  2.969E+07  3.231E+07  3.453E+07  3.656E+07  3.875E+07
  4.030E+07  2.887E+07  2.835E+07  2.914E+07  2.917E+07  2.954E+07  2.938E+07  2.958E+07  2.952E+07  2.961E+07
  2.931E+07  2.892E+07  2.824E+07  2.883E+07  4.024E+07  3.842E+07  3.663E+07  3.443E+07  3.201E+07  2.922E+07
  3.038E+07  3.299E+07  3.512E+07  3.717E+07  3.914E+07  4.080E+07  2.204E+07  2.039E+07  2.080E+07  2.112E+07
  2.112E+07  2.111E+07  2.115E+07  2.136E+07  2.152E+07  2.114E+07  2.091E+07  2.059E+07  2.198E+07  4.078E+07
  3.925E+07  3.729E+07  3.564E+07  3.292E+07  3.024E+07  3.116E+07  3.367E+07  3.630E+07  3.792E+07  3.992E+07
  4.137E+07  2.263E+07  2.241E+07  2.623E+07  2.758E+07  2.745E+07  2.779E+07  2.768E+07  2.771E+07  2.760E+07
  2.733E+07  2.611E+07  2.259E+07  2.250E+07  4.150E+07  3.997E+07  3.804E+07  3.616E+07  3.372E+07  3.127E+07
  3.173E+07  3.422E+07  3.691E+07  3.903E+07  4.057E+07  4.181E+07  2.263E+07  2.228E+07  2.597E+07  2.743E+07
  2.753E+07  2.768E+07  2.760E+07  2.737E+07  2.738E+07  2.743E+07  2.609E+07  2.245E+07  2.289E+07  4.154E+07
  4.058E+07  3.890E+07  3.699E+07  3.449E+07  3.177E+07  3.238E+07  3.514E+07  3.740E+07  3.960E+07  4.115E+07
  4.203E+07  2.287E+07  2.237E+07  2.616E+07  2.707E+07  2.744E+07  2.737E+07  2.743E+07  2.742E+07  2.741E+07
  2.738E+07  2.595E+07  2.248E+07  2.279E+07  4.232E+07  4.108E+07  3.941E+07  3.725E+07  3.483E+07  3.208E+07
  3.278E+07  3.574E+07  3.796E+07  3.984E+07  4.130E+07  4.254E+07  2.292E+07  2.255E+07  2.624E+07  2.740E+07
  2.731E+07  2.721E+07  2.713E+07  2.692E+07  2.714E+07  2.718E+07  2.614E+07  2.283E+07  2.295E+07  4.253E+07
  4.144E+07  3.987E+07  3.778E+07  3.590E+07  3.299E+07  3.351E+07  3.597E+07  3.841E+07  4.018E+07  4.162E+07
  4.283E+07  2.292E+07  2.266E+07  2.598E+07  2.711E+07  2.681E+07  2.694E+07  2.701E+07  2.692E+07  2.708E+07
  2.698E+07  2.595E+07  2.265E+07  2.308E+07  4.283E+07  4.189E+07  4.016E+07  3.841E+07  3.599E+07  3.358E+07
  3.397E+07  3.642E+07  3.857E+07  4.057E+07  4.181E+07  4.284E+07  2.312E+07  2.252E+07  2.593E+07  2.691E+07
  2.703E+07  2.659E+07  2.666E+07  2.662E+07  2.666E+07  2.700E+07  2.599E+07  2.251E+07  2.305E+07  4.286E+07
  4.212E+07  4.050E+07  3.882E+07  3.660E+07  3.372E+07  3.420E+07  3.692E+07  3.907E+07  4.080E+07  4.217E+07
  4.306E+07  2.298E+07  2.273E+07  2.582E+07  2.679E+07  2.669E+07  2.640E+07  2.620E+07  2.623E+07  2.638E+07
  2.684E+07  2.584E+07  2.256E+07  2.303E+07  4.299E+07  4.207E+07  4.101E+07  3.916E+07  3.707E+07  3.426E+07
  3.445E+07  3.709E+07  3.894E+07  4.089E+07  4.235E+07  4.297E+07  2.313E+07  2.261E+07  2.554E+07  2.644E+07
  2.635E+07  2.621E+07  2.602E+07  2.644E+07  2.641E+07  2.676E+07  2.563E+07  2.261E+07  2.318E+07  4.302E+07
  4.227E+07  4.098E+07  3.926E+07  3.702E+07  3.460E+07  3.460E+07  3.722E+07  3.922E+07  4.111E+07  4.221E+07
  4.304E+07  2.298E+07  2.249E+07  2.557E+07  2.646E+07  2.628E+07  2.597E+07  2.591E+07  2.630E+07  2.622E+07
  2.660E+07  2.552E+07  2.238E+07  2.322E+07  4.332E+07  4.261E+07  4.112E+07  3.931E+07  3.721E+07  3.463E+07
  3.474E+07  3.694E+07  3.945E+07  4.105E+07  4.244E+07  4.315E+07  2.302E+07  2.259E+07  2.550E+07  2.676E+07
  2.630E+07  2.614E+07  2.577E+07  2.604E+07  2.623E+07  2.636E+07  2.545E+07  2.231E+07  2.316E+07  4.285E+07
  4.226E+07  4.151E+07  3.933E+07  3.729E+07  3.492E+07  3.475E+07  3.754E+07  3.962E+07  4.100E+07  4.231E+07
  4.335E+07  2.320E+07  2.229E+07  2.546E+07  2.671E+07  2.608E+07  2.567E+07  2.600E+07  2.583E+07  2.617E+07
  2.666E+07  2.544E+07  2.262E+07  2.318E+07  4.347E+07  4.237E+07  4.101E+07  3.954E+07  3.740E+07  3.478E+07
  3.437E+07  3.741E+07  3.939E+07  4.119E+07  4.244E+07  4.320E+07  2.300E+07  2.249E+07  2.568E+07  2.663E+07
  2.639E+07  2.602E+07  2.575E+07  2.598E+07  2.622E+07  2.648E+07  2.582E+07  2.232E+07  2.317E+07  4.317E+07
  4.253E+07  4.154E+07  3.954E+07  3.718E+07  3.446E+07  3.471E+07  3.702E+07  3.940E+07  4.095E+07  4.246E+07
  4.317E+07  2.304E+07  2.254E+07  2.567E+07  2.646E+07  2.621E+07  2.601E+07  2.600E+07  2.601E+07  2.652E+07
  2.634E+07  2.572E+07  2.254E+07  2.307E+07  4.296E+07  4.217E+07  4.125E+07  3.945E+07  3.723E+07  3.472E+07
  3.424E+07  3.707E+07  3.925E+07  4.113E+07  4.234E+07  4.357E+07  2.330E+07  2.252E+07  2.565E+07  2.659E+07
  2.634E+07  2.618E+07  2.629E+07  2.629E+07  2.666E+07  2.678E+07  2.569E+07  2.249E+07  2.294E+07  4.308E+07
  4.241E+07  4.071E+07  3.926E+07  3.679E+07  3.419E+07  3.408E+07  3.658E+07  3.902E+07  4.049E+07  4.194E+07
  4.312E+07  2.311E+07  2.237E+07  2.598E+07  2.689E+07  2.667E+07  2.651E+07  2.629E+07  2.645E+07  2.670E+07
  2.688E+07  2.556E+07  2.251E+07  2.287E+07  4.299E+07  4.190E+07  4.057E+07  3.882E+07  3.664E+07  3.398E+07
  3.383E+07  3.623E+07  3.857E+07  4.024E+07  4.187E+07  4.280E+07  2.306E+07  2.258E+07  2.567E+07  2.701E+07
  2.663E+07  2.671E+07  2.674E+07  2.681E+07  2.680E+07  2.697E+07  2.589E+07  2.281E+07  2.299E+07  4.292E+07
  4.184E+07  4.035E+07  3.834E+07  3.624E+07  3.373E+07  3.293E+07  3.591E+07  3.805E+07  3.991E+07  4.171E+07
  4.238E+07  2.297E+07  2.251E+07  2.588E+07  2.717E+07  2.698E+07  2.702E+07  2.683E+07  2.693E+07  2.710E+07
  2.712E+07  2.595E+07  2.266E+07  2.297E+07  4.256E+07  4.168E+07  3.992E+07  3.812E+07  3.587E+07  3.315E+07
  3.280E+07  3.531E+07  3.782E+07  3.887E+07  2.205E+07  2.032E+07  1.110E+07  1.134E+07  1.302E+07  1.358E+07
  1.341E+07  1.335E+07  1.335E+07  1.315E+07  1.351E+07  1.365E+07  1.299E+07  1.142E+07  1.116E+07  2.051E+07
  2.251E+07  3.922E+07  3.774E+07  3.523E+07  3.265E+07  3.206E+07  3.488E+07  3.739E+07  3.655E+07  1.526E+06
  0.000E+00  0.000E+00  3.234E+03  1.269E+04  5.755E+03  3.415E+02  4.173E+03  8.379E+02  1.060E+03  1.109E+04
  2.778E+03  6.221E+03  1.037E+04  0.000E+00  0.000E+00  2.333E+06  3.752E+07  3.720E+07  3.497E+07  3.206E+07
  3.193E+07  3.422E+07  3.640E+07  3.625E+07  1.466E+06  0.000E+00  0.000E+00  0.000E+00  0.000E+00  3.894E+03
  0.000E+00  0.000E+00  0.000E+00  0.000E+00  0.000E+00  0.000E+00  1.765E+03  1.469E+03  0.000E+00  0.000E+00
  2.230E+06  3.684E+07  3.652E+07  3.408E+07  3.133E+07  3.062E+07  3.336E+07  3.593E+07  3.515E+07  1.424E+06
  1.429E+03  0.000E+00  0.000E+00  0.000E+00  0.000E+00  0.000E+00  0.000E+00  0.000E+00  0.000E+00  0.000E+00
  3.094E+03  2.499E+03  1.395E+01  0.000E+00  0.000E+00  2.103E+06  3.591E+07  3.580E+07  3.334E+07  3.101E+07
  2.974E+07  3.274E+07  3.487E+07  3.448E+07  1.373E+06  2.803E+03  0.000E+00  0.000E+00  0.000E+00  0.000E+00
  0.000E+00  0.000E+00  0.000E+00  0.000E+00  0.000E+00  0.000E+00  0.000E+00  0.000E+00  0.000E+00  0.000E+00
  2.097E+06  3.527E+07  3.498E+07  3.249E+07  3.009E+07  2.911E+07  3.175E+07  3.389E+07  3.406E+07  1.349E+06
  0.000E+00  0.000E+00  0.000E+00  0.000E+00  0.000E+00  0.000E+00  0.000E+00  0.000E+00  0.000E+00  0.000E+00
  0.000E+00  0.000E+00  0.000E+00  0.000E+00  0.000E+00  2.065E+06  3.489E+07  3.403E+07  3.160E+07  2.926E+07
  2.810E+07  3.088E+07  3.330E+07  3.273E+07  1.290E+06  0.000E+00  0.000E+00  0.000E+00  0.000E+00  0.000E+00
  0.000E+00  0.000E+00  0.000E+00  0.000E+00  0.000E+00  0.000E+00  0.000E+00  0.000E+00  0.000E+00  0.000E+00
  1.973E+06  3.370E+07  3.321E+07  3.086E+07  2.840E+07  2.708E+07  2.967E+07  3.206E+07  3.176E+07  1.220E+06
  0.000E+00  0.000E+00  0.000E+00  0.000E+00  0.000E+00  0.000E+00  0.000E+00  0.000E+00  0.000E+00  0.000E+00
  0.000E+00  0.000E+00  0.000E+00  0.000E+00  0.000E+00  1.866E+06  3.265E+07  3.217E+07  2.954E+07  2.709E+07
  2.628E+07  2.854E+07  3.122E+07  3.069E+07  1.190E+06  0.000E+00  0.000E+00  0.000E+00  0.000E+00  0.000E+00
  0.000E+00  0.000E+00  0.000E+00  0.000E+00  0.000E+00  0.000E+00  0.000E+00  0.000E+00  0.000E+00  0.000E+00
  1.799E+06  3.130E+07  3.106E+07  2.864E+07  2.602E+07  2.538E+07  2.775E+07  3.000E+07  2.978E+07  1.170E+06
  0.000E+00  0.000E+00  0.000E+00  0.000E+00  0.000E+00  0.000E+00  0.000E+00  0.000E+00  0.000E+00  0.000E+00
  0.000E+00  0.000E+00  0.000E+00  0.000E+00  0.000E+00  1.731E+06  3.054E+07  2.987E+07  2.761E+07  2.500E+07
  2.408E+07  2.621E+07  2.875E+07  2.835E+07  1.012E+06  0.000E+00  0.000E+00  0.000E+00  0.000E+00  0.000E+00
  0.000E+00  0.000E+00  0.000E+00  0.000E+00  0.000E+00  0.000E+00  0.000E+00  0.000E+00  0.000E+00  0.000E+00
  1.602E+06  2.908E+07  2.842E+07  2.617E+07  2.408E+07  2.293E+07  2.529E+07  2.727E+07  2.733E+07  1.024E+06
  0.000E+00  0.000E+00  0.000E+00  0.000E+00  0.000E+00  0.000E+00  0.000E+00  0.000E+00  0.000E+00  0.000E+00
  0.000E+00  0.000E+00  0.000E+00  0.000E+00  0.000E+00  1.525E+06  2.797E+07  2.715E+07  2.530E+07  2.297E+07
  2.184E+07  2.379E+07  2.617E+07  2.611E+07  9.555E+05  0.000E+00  0.000E+00  0.000E+00  0.000E+00  0.000E+00
  0.000E+00  0.000E+00  0.000E+00  0.000E+00  0.000E+00  0.000E+00  0.000E+00  0.000E+00  1.026E+04  0.000E+00
  1.511E+06  2.661E+07  2.612E+07  2.369E+07  2.160E+07  2.054E+07  2.276E+07  2.487E+07  2.447E+07  9.177E+05
  0.000E+00  0.000E+00  0.000E+00  0.000E+00  0.000E+00  0.000E+00  0.000E+00  0.000E+00  0.000E+00  0.000E+00
  0.000E+00  0.000E+00  0.000E+00  3.045E+03  0.000E+00  1.350E+06  2.525E+07  2.463E+07  2.280E+07  2.047E+07
  1.937E+07  2.140E+07  2.334E+07  2.331E+07  8.704E+05  0.000E+00  0.000E+00  0.000E+00  0.000E+00  0.000E+00
  0.000E+00  0.000E+00  0.000E+00  0.000E+00  0.000E+00  0.000E+00  0.000E+00  0.000E+00  0.000E+00  0.000E+00
  1.301E+06  2.393E+07  2.354E+07  2.146E+07  1.925E+07  1.829E+07  2.013E+07  2.217E+07  2.211E+07  8.050E+05
  0.000E+00  0.000E+00  0.000E+00  0.000E+00  0.000E+00  0.000E+00  0.000E+00  0.000E+00  0.000E+00  0.000E+00
  0.000E+00  0.000E+00  0.000E+00  0.000E+00  0.000E+00  1.206E+06  2.263E+07  2.177E+07  2.040E+07  1.815E+07
  1.719E+07  1.875E+07  2.073E+07  2.065E+07  7.182E+05  0.000E+00  0.000E+00  0.000E+00  0.000E+00  0.000E+00
  0.000E+00  0.000E+00  0.000E+00  0.000E+00  0.000E+00  0.000E+00  0.000E+00  0.000E+00  0.000E+00  0.000E+00
  1.114E+06  2.105E+07  2.072E+07  1.892E+07  1.720E+07  1.605E+07  1.759E+07  1.937E+07  1.930E+07  7.087E+05
  0.000E+00  0.000E+00  0.000E+00  0.000E+00  0.000E+00  0.000E+00  0.000E+00  0.000E+00  0.000E+00  0.000E+00
  0.000E+00  0.000E+00  0.000E+00  0.000E+00  0.000E+00  1.042E+06  1.977E+07  1.911E+07  1.750E+07  1.587E+07
  1.461E+07  1.658E+07  1.802E+07  1.790E+07  6.423E+05  0.000E+00  0.000E+00  0.000E+00  0.000E+00  0.000E+00
  0.000E+00  0.000E+00  0.000E+00  0.000E+00  0.000E+00  0.000E+00  0.000E+00  0.000E+00  0.000E+00  0.000E+00
  1.009E+06  1.871E+07  1.807E+07  1.629E+07  1.476E+07  1.362E+07  1.527E+07  1.655E+07  1.671E+07  6.079E+05
  0.000E+00  0.000E+00  0.000E+00  0.000E+00  0.000E+00  0.000E+00  0.000E+00  0.000E+00  0.000E+00  0.000E+00
  0.000E+00  0.000E+00  0.000E+00  0.000E+00  0.000E+00  8.862E+05  1.707E+07  1.675E+07  1.511E+07  1.364E+07
  1.262E+07  1.405E+07  1.561E+07  1.529E+07  5.467E+05  0.000E+00  0.000E+00  0.000E+00  0.000E+00  0.000E+00
  0.000E+00  0.000E+00  0.000E+00  0.000E+00  0.000E+00  0.000E+00  0.000E+00  0.000E+00  0.000E+00  0.000E+00
  8.449E+05  1.591E+07  1.559E+07  1.392E+07  1.271E+07  1.161E+07  1.290E+07  1.420E+07  1.417E+07  5.315E+05
  0.000E+00  0.000E+00  0.000E+00  0.000E+00  0.000E+00  0.000E+00  0.000E+00  0.000E+00  0.000E+00  0.000E+00
  0.000E+00  0.000E+00  0.000E+00  0.000E+00  0.000E+00  7.453E+05  1.462E+07  1.427E+07  1.293E+07  1.164E+07
  1.079E+07  1.191E+07  1.305E+07  1.305E+07  4.706E+05  0.000E+00  0.000E+00  0.000E+00  0.000E+00  0.000E+00
  0.000E+00  0.000E+00  0.000E+00  0.000E+00  0.000E+00  0.000E+00  0.000E+00  0.000E+00  0.000E+00  0.000E+00
  6.866E+05  1.354E+07  1.317E+07  1.190E+07  1.071E+07  9.777E+06  1.074E+07  1.210E+07  1.186E+07  4.261E+05
  0.000E+00  0.000E+00  0.000E+00  0.000E+00  0.000E+00  0.000E+00  0.000E+00  0.000E+00  0.000E+00  0.000E+00
  0.000E+00  0.000E+00  0.000E+00  0.000E+00  0.000E+00  6.300E+05  1.223E+07  1.223E+07  1.103E+07  9.724E+06
  9.002E+06  9.942E+06  1.108E+07  1.093E+07  3.788E+05  0.000E+00  0.000E+00  0.000E+00  0.000E+00  0.000E+00
  0.000E+00  0.000E+00  0.000E+00  0.000E+00  0.000E+00  0.000E+00  0.000E+00  0.000E+00  0.000E+00  0.000E+00
  5.680E+05  1.105E+07  1.091E+07  9.939E+06  8.993E+06  8.255E+06  9.065E+06  9.985E+06  1.005E+07  3.354E+05
  0.000E+00  0.000E+00  0.000E+00  0.000E+00  0.000E+00  0.000E+00  0.000E+00  0.000E+00  0.000E+00  0.000E+00
  0.000E+00  0.000E+00  0.000E+00  0.000E+00  0.000E+00  5.065E+05  1.024E+07  9.984E+06  9.042E+06  8.151E+06

#------------------------------------------------------------------------------
# gshow
#------------------------------------------------------------------------------

p: legs[c5*0.875]

hb:   line clip z  
frame:
 -3.9999905E+00 -5.9999746E+00
  4.0000095E+00 -5.9999746E+00
  4.0000095E+00  5.0000254E+00
 -3.9999905E+00  5.0000254E+00
clip:
 -4.30768243E+00 -6.18030207E+00
 -2.62100000E+00 -6.18030207E+00
 -2.62100000E+00 -6.01095427E+00
 -2.62100000E+00 -5.99095780E+00
 -2.62100000E+00 -5.82161000E+00
 -2.62100000E+00 -5.80161354E+00
 -2.62100000E+00 -5.63226574E+00
 -2.62100000E+00 -5.61226928E+00
 -2.62100000E+00 -5.44292148E+00
 -2.62100000E+00 -5.42292502E+00
 -2.62100000E+00 -5.25357722E+00
 -2.62100000E+00 -5.23358075E+00
 -2.62100000E+00 -5.06423295E+00
 -2.62100000E+00 -5.04423649E+00
 -2.62100000E+00 -4.87488869E+00
 -2.62100000E+00 -4.85489223E+00
 -2.62100000E+00 -4.68554443E+00
 -2.62100000E+00 -4.66554797E+00
 -2.62100000E+00 -4.49620017E+00
 -2.62100000E+00 -4.47620371E+00
 -2.62100000E+00 -4.30685590E+00
 -2.62100000E+00 -4.28685944E+00
 -2.62100000E+00 -4.11751164E+00
 -2.62100000E+00 -4.09751518E+00
 -2.62100000E+00 -3.92816738E+00
 -2.62100000E+00 -3.90817092E+00
 -2.62100000E+00 -3.73882312E+00
 -2.62100000E+00 -3.71882666E+00
 -2.62100000E+00 -3.54947886E+00
 -2.62100000E+00 -3.52948239E+00
 -2.62100000E+00 -3.36013459E+00
 -2.62100000E+00 -3.34013813E+00
 -2.62100000E+00 -3.17079033E+00
 -2.62100000E+00 -3.15079387E+00
 -2.62100000E+00 -2.98144607E+00
 -2.62100000E+00 -2.96144961E+00
 -2.62100000E+00 -2.79210181E+00
 -2.62100000E+00 -2.77210535E+00
 -2.62100000E+00 -2.60275754E+00
 -2.62100000E+00 -2.58276108E+00
 -2.62100000E+00 -2.41341328E+00
 -2.62100000E+00 -2.39341682E+00
 -2.62100000E+00 -2.22406902E+00
 -2.62100000E+00 -2.20407256E+00
 -2.62100000E+00 -2.03472476E+00
 -2.62100000E+00 -2.01472830E+00
 -2.62100000E+00 -1.84538049E+00
 -2.62100000E+00 -1.82538403E+00
 -2.62100000E+00 -1.65603623E+00
 -2.62100000E+00 -1.63603977E+00
 -2.62100000E+00 -1.46669197E+00
 -2.58460551E+00 -1.31850000E+00
 -2.47331193E+00 -1.31850000E+00
 -2.23999012E+00 -1.31850000E+00
 -2.05000000E+00 -1.25735125E+00
 -2.05000000E+00 -1.15296374E+00
 -2.05000000E+00 -1.06800698E+00
 -2.05000000E+00 -9.63619481E-01
 -2.05000000E+00 -8.78662722E-01
 -2.05000000E+00 -7.74275218E-01
 -2.05000000E+00 -6.89318460E-01
 -2.05000000E+00 -5.84930956E-01
 -2.05000000E+00 -4.99974198E-01
 -2.05000000E+00 -3.95586694E-01
 -2.05000000E+00 -3.10629935E-01
 -2.05000000E+00 -2.06242431E-01
 -2.05000000E+00 -1.21285673E-01
 -2.05000000E+00 -1.68981691E-02
 -2.05000000E+00  6.80585894E-02
 -2.05000000E+00  1.72446093E-01
 -2.05000000E+00  2.57402852E-01
 -2.05000000E+00  3.61790355E-01
 -2.05000000E+00  4.46747114E-01
 -2.05000000E+00  5.51134618E-01
 -2.05000000E+00  6.36091376E-01
 -2.05000000E+00  7.40478880E-01
 -2.05000000E+00  8.25435639E-01
 -2.05000000E+00  9.29823142E-01
 -2.05000000E+00  1.01477990E+00
 -2.05000000E+00  1.11916740E+00
 -2.05000000E+00  1.20412416E+00
 -2.05000000E+00  1.30851167E+00
 -2.05000000E+00  1.39346843E+00
 -2.05000000E+00  1.49785593E+00
 -2.05000000E+00  1.58281269E+00
 -2.05000000E+00  1.68720019E+00
 -2.05000000E+00  1.77215695E+00
 -2.05000000E+00  1.87654445E+00
 -2.05000000E+00  1.96150121E+00
 -2.05000000E+00  2.06588872E+00
 -1.89537474E+00  2.18150000E+00
 -1.60655202E+00  2.18150000E+00
  1.89539449E+00  2.18150000E+00
  2.05000000E+00  2.15084547E+00
  2.05000000E+00  2.04644712E+00
  2.05000000E+00  1.96150121E+00
  2.05000000E+00  1.85710286E+00
  2.05000000E+00  1.77215695E+00
  2.05000000E+00  1.66775859E+00
  2.05000000E+00  1.58281269E+00
  2.05000000E+00  1.47841433E+00
  2.05000000E+00  1.39346843E+00
  2.05000000E+00  1.28907007E+00
  2.05000000E+00  1.20412416E+00
  2.05000000E+00  1.09972581E+00
  2.05000000E+00  1.01477990E+00
  2.05000000E+00  9.10381544E-01
  2.05000000E+00  8.25435639E-01
  2.05000000E+00  7.21037282E-01
  2.05000000E+00  6.36091376E-01
  2.05000000E+00  5.31693019E-01
  2.05000000E+00  4.46747114E-01
  2.05000000E+00  3.42348757E-01
  2.05000000E+00  2.57402852E-01
  2.05000000E+00  1.53004495E-01
  2.05000000E+00  6.80585894E-02
  2.05000000E+00 -3.63397675E-02
  2.05000000E+00 -1.21285673E-01
  2.05000000E+00 -2.25684030E-01
  2.05000000E+00 -3.10629935E-01
  2.05000000E+00 -4.15028292E-01
  2.05000000E+00 -4.99974198E-01
  2.05000000E+00 -6.04372554E-01
  2.05000000E+00 -6.89318460E-01
  2.05000000E+00 -7.93716817E-01
  2.05000000E+00 -8.78662722E-01
  2.05000000E+00 -9.83061079E-01
  2.05000000E+00 -1.06800698E+00
  2.05000000E+00 -1.17240534E+00
  2.12871629E+00 -1.31850000E+00
  2.24000988E+00 -1.31850000E+00
  2.35130346E+00 -1.31850000E+00
  2.58462526E+00 -1.31850000E+00
  2.60900000E+00 -1.62264740E+00
  2.60900000E+00 -6.18030207E+00
  2.92924065E+00 -6.18030207E+00
  3.27385603E+00 -6.18030207E+00
  3.61847142E+00 -6.18030207E+00
  3.96308680E+00 -6.18030207E+00
  4.30770218E+00 -6.18030207E+00
  4.30770218E+00 -5.99095780E+00
  4.30770218E+00 -5.80161354E+00
  4.30770218E+00 -5.61226928E+00
  4.30770218E+00 -5.42292502E+00
  4.30770218E+00 -5.23358075E+00
  4.30770218E+00 -5.04423649E+00
  4.30770218E+00 -4.85489223E+00
  4.30770218E+00 -4.66554797E+00
  4.30770218E+00 -4.47620371E+00
  4.30770218E+00 -4.28685944E+00
  4.30770218E+00 -4.09751518E+00
  4.30770218E+00 -3.90817092E+00
  4.30770218E+00 -3.71882666E+00
  4.30770218E+00 -3.52948239E+00
  4.30770218E+00 -3.34013813E+00
  4.30770218E+00 -3.15079387E+00
  4.30770218E+00 -2.96144961E+00
  4.30770218E+00 -2.77210535E+00
  4.30770218E+00 -2.58276108E+00
  4.30770218E+00 -2.39341682E+00
  4.30770218E+00 -2.20407256E+00
  4.30770218E+00 -2.01472830E+00
  4.30770218E+00 -1.82538403E+00
  4.30770218E+00 -1.63603977E+00
  4.30770218E+00 -1.44669551E+00
  4.30770218E+00 -1.25735125E+00
  4.30770218E+00 -1.06800698E+00
  4.30770218E+00 -8.78662722E-01
  4.30770218E+00 -6.89318460E-01
  4.30770218E+00 -4.99974198E-01
  4.30770218E+00 -3.10629935E-01
  4.30770218E+00 -1.21285673E-01
  4.30770218E+00  6.80585894E-02
  4.30770218E+00  2.57402852E-01
  4.30770218E+00  4.46747114E-01
  4.30770218E+00  6.36091376E-01
  4.30770218E+00  8.25435639E-01
  4.30770218E+00  1.01477990E+00
  4.30770218E+00  1.20412416E+00
  4.30770218E+00  1.39346843E+00
  4.30770218E+00  1.58281269E+00
  4.30770218E+00  1.77215695E+00
  4.30770218E+00  1.96150121E+00
  4.30770218E+00  2.15084547E+00
  4.30770218E+00  2.34018974E+00
  4.30770218E+00  2.52953400E+00
  4.30770218E+00  2.71887826E+00
  4.30770218E+00  2.90822252E+00
  4.30770218E+00  3.09756679E+00
  4.30770218E+00  3.28691105E+00
  4.30770218E+00  3.47625531E+00
  4.30770218E+00  3.66559957E+00
  4.30770218E+00  3.85494384E+00
  4.30770218E+00  4.04428810E+00
  4.30770218E+00  4.23363236E+00
  4.30770218E+00  4.42297662E+00
  4.30770218E+00  4.61232088E+00
  4.30770218E+00  4.80166515E+00
  4.30770218E+00  4.99100941E+00
  4.30770218E+00  5.18035367E+00
  3.96308680E+00  5.18035367E+00
  3.61847142E+00  5.18035367E+00
  3.27385603E+00  5.18035367E+00
  2.92924065E+00  5.18035367E+00
  2.58462526E+00  5.18035367E+00
  2.24000988E+00  5.18035367E+00
  1.89539449E+00  5.18035367E+00
  1.55077911E+00  5.18035367E+00
  1.20616372E+00  5.18035367E+00
  8.61548338E-01  5.18035367E+00
  5.16932953E-01  5.18035367E+00
  1.72317569E-01  5.18035367E+00
 -1.72297816E-01  5.18035367E+00
 -5.16913200E-01  5.18035367E+00
 -8.61528585E-01  5.18035367E+00
 -1.20614397E+00  5.18035367E+00
 -1.55075935E+00  5.18035367E+00
 -1.89537474E+00  5.18035367E+00
 -2.23999012E+00  5.18035367E+00
 -2.58460551E+00  5.18035367E+00
 -2.92922089E+00  5.18035367E+00
 -3.27383628E+00  5.18035367E+00
 -3.61845166E+00  5.18035367E+00
 -3.96306705E+00  5.18035367E+00
 -4.30768243E+00  4.99100941E+00
 -4.30768243E+00 -6.18030207E+00

hb:   line clip z  
frame:
 -3.9999905E+00 -5.9999746E+00
  4.0000095E+00 -5.9999746E+00
  4.0000095E+00  5.0000254E+00
 -3.9999905E+00  5.0000254E+00
clip:
 -2.58460551E+00 -6.18030207E+00
 -2.37100000E+00 -6.18030207E+00
 -2.37100000E+00 -6.06293941E+00
 -2.37100000E+00 -5.99095780E+00
 -2.37100000E+00 -5.87359515E+00
 -2.37100000E+00 -5.80161354E+00
 -2.37100000E+00 -5.68425088E+00
 -2.37100000E+00 -5.61226928E+00
 -2.37100000E+00 -5.49490662E+00
 -2.37100000E+00 -5.42292502E+00
 -2.37100000E+00 -5.30556236E+00
 -2.37100000E+00 -5.23358075E+00
 -2.37100000E+00 -5.11621810E+00
 -2.37100000E+00 -5.04423649E+00
 -2.37100000E+00 -4.92687384E+00
 -2.37100000E+00 -4.85489223E+00
 -2.37100000E+00 -4.73752957E+00
 -2.37100000E+00 -4.66554797E+00
 -2.37100000E+00 -4.54818531E+00
 -2.37100000E+00 -4.47620371E+00
 -2.37100000E+00 -4.35884105E+00
 -2.37100000E+00 -4.28685944E+00
 -2.37100000E+00 -4.16949679E+00
 -2.37100000E+00 -4.09751518E+00
 -2.37100000E+00 -3.98015252E+00
 -2.37100000E+00 -3.90817092E+00
 -2.37100000E+00 -3.79080826E+00
 -2.37100000E+00 -3.71882666E+00
 -2.37100000E+00 -3.60146400E+00
 -2.37100000E+00 -3.52948239E+00
 -2.37100000E+00 -3.41211974E+00
 -2.37100000E+00 -3.34013813E+00
 -2.37100000E+00 -3.22277547E+00
 -2.37100000E+00 -3.15079387E+00
 -2.37100000E+00 -3.03343121E+00
 -2.37100000E+00 -2.96144961E+00
 -2.37100000E+00 -2.84408695E+00
 -2.37100000E+00 -2.77210535E+00
 -2.37100000E+00 -2.65474269E+00
 -2.37100000E+00 -2.58276108E+00
 -2.37100000E+00 -2.46539843E+00
 -2.37100000E+00 -2.39341682E+00
 -2.37100000E+00 -2.27605416E+00
 -2.37100000E+00 -2.20407256E+00
 -2.37100000E+00 -2.08670990E+00
 -2.37100000E+00 -2.01472830E+00
 -2.37100000E+00 -1.89736564E+00
 -2.37100000E+00 -1.82538403E+00
 -2.37100000E+00 -1.70802138E+00
 -2.23999012E+00 -1.56850000E+00
 -2.01830027E+00 -1.56850000E+00
 -1.75000000E+00 -1.52656969E+00
 -1.75000000E+00 -1.44669551E+00
 -1.75000000E+00 -1.36682132E+00
 -1.89537474E+00 -1.31850000E+00
 -2.12869654E+00 -1.31850000E+00
 -2.23999012E+00 -1.31850000E+00
 -2.47331193E+00 -1.31850000E+00
 -2.58460551E+00 -1.31850000E+00
 -2.62100000E+00 -1.42669905E+00
 -2.62100000E+00 -1.44669551E+00
 -2.62100000E+00 -1.46669197E+00
 -2.62100000E+00 -1.63603977E+00
 -2.62100000E+00 -1.65603623E+00
 -2.62100000E+00 -1.82538403E+00
 -2.62100000E+00 -1.84538049E+00
 -2.62100000E+00 -2.01472830E+00
 -2.62100000E+00 -2.03472476E+00
 -2.62100000E+00 -2.20407256E+00
 -2.62100000E+00 -2.22406902E+00
 -2.62100000E+00 -2.39341682E+00
 -2.62100000E+00 -2.41341328E+00
 -2.62100000E+00 -2.58276108E+00
 -2.62100000E+00 -2.60275754E+00
 -2.62100000E+00 -2.77210535E+00
 -2.62100000E+00 -2.79210181E+00
 -2.62100000E+00 -2.96144961E+00
 -2.62100000E+00 -2.98144607E+00
 -2.62100000E+00 -3.15079387E+00
 -2.62100000E+00 -3.17079033E+00
 -2.62100000E+00 -3.34013813E+00
 -2.62100000E+00 -3.36013459E+00
 -2.62100000E+00 -3.52948239E+00
 -2.62100000E+00 -3.54947886E+00
 -2.62100000E+00 -3.71882666E+00
 -2.62100000E+00 -3.73882312E+00
 -2.62100000E+00 -3.90817092E+00
 -2.62100000E+00 -3.92816738E+00
 -2.62100000E+00 -4.09751518E+00
 -2.62100000E+00 -4.11751164E+00
 -2.62100000E+00 -4.28685944E+00
 -2.62100000E+00 -4.30685590E+00
 -2.62100000E+00 -4.47620371E+00
 -2.62100000E+00 -4.49620017E+00
 -2.62100000E+00 -4.66554797E+00
 -2.62100000E+00 -4.68554443E+00
 -2.62100000E+00 -4.85489223E+00
 -2.62100000E+00 -4.87488869E+00
 -2.62100000E+00 -5.04423649E+00
 -2.62100000E+00 -5.06423295E+00
 -2.62100000E+00 -5.23358075E+00
 -2.62100000E+00 -5.25357722E+00
 -2.62100000E+00 -5.42292502E+00
 -2.62100000E+00 -5.44292148E+00
 -2.62100000E+00 -5.61226928E+00
 -2.62100000E+00 -5.63226574E+00
 -2.62100000E+00 -5.80161354E+00
 -2.62100000E+00 -5.82161000E+00
 -2.62100000E+00 -5.99095780E+00
 -2.62100000E+00 -6.01095427E+00
 -2.62100000E+00 -6.18030207E+00

hb:   line clip z  
frame:
 -3.9999905E+00 -5.9999746E+00
  4.0000095E+00 -5.9999746E+00
  4.0000095E+00  5.0000254E+00
 -3.9999905E+00  5.0000254E+00
clip:
 -2.23999012E+00 -6.18030207E+00
 -1.95379934E+00 -6.18030207E+00
 -1.94207814E+00 -6.01661836E+00
 -1.94009462E+00 -5.99095780E+00
 -1.92570245E+00 -5.81827669E+00
 -1.88506640E+00 -5.41726124E+00
 -1.83288030E+00 -5.00989977E+00
 -1.77948405E+00 -4.66554797E+00
 -1.72908901E+00 -4.38484026E+00
 -1.67049313E+00 -4.09751518E+00
 -1.62763520E+00 -3.90817092E+00
 -1.58108638E+00 -3.71882666E+00
 -1.52683818E+00 -3.51633923E+00
 -1.46023283E+00 -3.29039956E+00
 -1.38461297E+00 -3.05950699E+00
 -1.29759158E+00 -2.82235000E+00
 -1.20614397E+00 -2.60127555E+00
 -1.19531076E+00 -2.57680892E+00
 -1.10881342E+00 -2.39341682E+00
 -1.07071815E+00 -2.31900894E+00
 -1.00782747E+00 -2.20407256E+00
 -9.07782067E-01 -2.04014165E+00
 -8.90958859E-01 -2.01472830E+00
 -8.61528585E-01 -1.97169810E+00
 -7.84669164E-01 -1.86761340E+00
 -7.50767840E-01 -1.82538403E+00
 -6.42832850E-01 -1.70522462E+00
 -5.70126887E-01 -1.63603977E+00
 -7.38603053E-01 -1.56850000E+00
 -8.61528585E-01 -1.56850000E+00
 -9.84454117E-01 -1.56850000E+00
 -1.20614397E+00 -1.56850000E+00
 -1.32906950E+00 -1.56850000E+00
 -1.55075935E+00 -1.56850000E+00
 -1.67368489E+00 -1.56850000E+00
 -1.89537474E+00 -1.56850000E+00
 -2.01830027E+00 -1.56850000E+00
 -2.23999012E+00 -1.56850000E+00
 -2.36291566E+00 -1.56850000E+00
 -2.37100000E+00 -1.63603977E+00
 -2.37100000E+00 -1.70802138E+00
 -2.37100000E+00 -1.82538403E+00
 -2.37100000E+00 -1.89736564E+00
 -2.37100000E+00 -2.01472830E+00
 -2.37100000E+00 -2.08670990E+00
 -2.37100000E+00 -2.20407256E+00
 -2.37100000E+00 -2.27605416E+00
 -2.37100000E+00 -2.39341682E+00
 -2.37100000E+00 -2.46539843E+00
 -2.37100000E+00 -2.58276108E+00
 -2.37100000E+00 -2.65474269E+00
 -2.37100000E+00 -2.77210535E+00
 -2.37100000E+00 -2.84408695E+00
 -2.37100000E+00 -2.96144961E+00
 -2.37100000E+00 -3.03343121E+00
 -2.37100000E+00 -3.15079387E+00
 -2.37100000E+00 -3.22277547E+00
 -2.37100000E+00 -3.34013813E+00
 -2.37100000E+00 -3.41211974E+00
 -2.37100000E+00 -3.52948239E+00
 -2.37100000E+00 -3.60146400E+00
 -2.37100000E+00 -3.71882666E+00
 -2.37100000E+00 -3.79080826E+00
 -2.37100000E+00 -3.90817092E+00
 -2.37100000E+00 -3.98015252E+00
 -2.37100000E+00 -4.09751518E+00
 -2.37100000E+00 -4.16949679E+00
 -2.37100000E+00 -4.28685944E+00
 -2.37100000E+00 -4.35884105E+00
 -2.37100000E+00 -4.47620371E+00
 -2.37100000E+00 -4.54818531E+00
 -2.37100000E+00 -4.66554797E+00
 -2.37100000E+00 -4.73752957E+00
 -2.37100000E+00 -4.85489223E+00
 -2.37100000E+00 -4.92687384E+00
 -2.37100000E+00 -5.04423649E+00
 -2.37100000E+00 -5.11621810E+00
 -2.37100000E+00 -5.23358075E+00
 -2.37100000E+00 -5.30556236E+00
 -2.37100000E+00 -5.42292502E+00
 -2.37100000E+00 -5.49490662E+00
 -2.37100000E+00 -5.61226928E+00
 -2.37100000E+00 -5.68425088E+00
 -2.37100000E+00 -5.80161354E+00
 -2.37100000E+00 -5.87359515E+00
 -2.37100000E+00 -5.99095780E+00
 -2.37100000E+00 -6.06293941E+00
 -2.37100000E+00 -6.18030207E+00

hb:   line clip z  
frame:
 -3.9999905E+00 -5.9999746E+00
  4.0000095E+00 -5.9999746E+00
  4.0000095E+00  5.0000254E+00
 -3.9999905E+00  5.0000254E+00
clip:
 -1.89537474E+00 -6.18030207E+00
  1.94179934E+00 -6.18030207E+00
  1.94014095E+00 -6.15571673E+00
  1.92809462E+00 -5.99095780E+00
  1.92674095E+00 -5.97373492E+00
  1.91221657E+00 -5.80161354E+00
  1.91142424E+00 -5.79280622E+00
  1.89539449E+00 -5.62495372E+00
  1.89411069E+00 -5.61226928E+00
  1.87498579E+00 -5.43413830E+00
  1.87371262E+00 -5.42292502E+00
  1.85382158E+00 -5.25642243E+00
  1.85094682E+00 -5.23358075E+00
  1.83065506E+00 -5.07980670E+00
  1.82572501E+00 -5.04423649E+00
  1.80544828E+00 -4.90431196E+00
  1.79794417E+00 -4.85489223E+00
  1.77815562E+00 -4.72996328E+00
  1.76748405E+00 -4.66554797E+00
  1.74872296E+00 -4.55679040E+00
  1.73420397E+00 -4.47620371E+00
  1.71708671E+00 -4.38482824E+00
  1.69793870E+00 -4.28685944E+00
  1.68317257E+00 -4.21411765E+00
  1.65849313E+00 -4.09751518E+00
  1.64689398E+00 -4.04470617E+00
  1.61563520E+00 -3.90817092E+00
  1.60815020E+00 -3.87664915E+00
  1.56908638E+00 -3.71882666E+00
  1.56682387E+00 -3.71001108E+00
  1.55077911E+00 -3.64845396E+00
  1.51850863E+00 -3.52948239E+00
  1.47585175E+00 -3.38130596E+00
  1.46348599E+00 -3.34013813E+00
  1.42585569E+00 -3.21943135E+00
  1.40349801E+00 -3.15079387E+00
  1.37256461E+00 -3.05936715E+00
  1.33787992E+00 -2.96144961E+00
  1.31570854E+00 -2.90126169E+00
  1.26576056E+00 -2.77210535E+00
  1.25496013E+00 -2.74529482E+00
  1.20616372E+00 -2.62883216E+00
  1.18596043E+00 -2.58276108E+00
  1.12007621E+00 -2.44071644E+00
  1.09681342E+00 -2.39341682E+00
  1.04479612E+00 -2.29273380E+00
  9.95827473E-01 -2.20407256E+00
  9.63236945E-01 -2.14820113E+00
  8.78958859E-01 -2.01472830E+00
  8.74263505E-01 -2.00774212E+00
  8.61548338E-01 -1.98905487E+00
  7.38767840E-01 -1.82538403E+00
  6.66886079E-01 -1.74299432E+00
  5.58126887E-01 -1.63603977E+00
  5.42237170E-01 -1.62213671E+00
  5.16932953E-01 -1.60088146E+00
  3.09110734E-01 -1.52185466E+00
  1.72317569E-01 -1.61126885E+00
  1.46760437E-01 -1.62199775E+00
  1.03845748E-01 -1.63603977E+00
 -1.03845748E-01 -1.63603977E+00
 -1.46748821E-01 -1.62200222E+00
 -1.72297816E-01 -1.61127783E+00
 -4.01601190E-01 -1.51005213E+00
 -5.16913200E-01 -1.59116304E+00
 -5.49543011E-01 -1.61811176E+00
 -5.70126887E-01 -1.63603977E+00
 -6.42832850E-01 -1.70522462E+00
 -7.50767840E-01 -1.82538403E+00
 -8.61528585E-01 -1.97169810E+00
 -8.83008640E-01 -2.00292637E+00
 -8.90958859E-01 -2.01472830E+00
 -9.07782067E-01 -2.04014165E+00
 -1.00782747E+00 -2.20407256E+00
 -1.07071815E+00 -2.31900894E+00
 -1.10881342E+00 -2.39341682E+00
 -1.19531076E+00 -2.57680892E+00
 -1.19796043E+00 -2.58276108E+00
 -1.20614397E+00 -2.60127555E+00
 -1.26476639E+00 -2.73989605E+00
 -1.27776056E+00 -2.77210535E+00
 -1.29759158E+00 -2.82235000E+00
 -1.34987992E+00 -2.96144961E+00
 -1.38461297E+00 -3.05950699E+00
 -1.41549801E+00 -3.15079387E+00
 -1.46023283E+00 -3.29039956E+00
 -1.47548599E+00 -3.34013813E+00
 -1.52683818E+00 -3.51633923E+00
 -1.53050863E+00 -3.52948239E+00
 -1.55075935E+00 -3.60340680E+00
 -1.57733424E+00 -3.70422544E+00
 -1.58108638E+00 -3.71882666E+00
 -1.58602927E+00 -3.73820523E+00
 -1.62763520E+00 -3.90817092E+00
 -1.63894127E+00 -3.95662128E+00
 -1.67049313E+00 -4.09751518E+00
 -1.68641396E+00 -4.17204877E+00
 -1.70993870E+00 -4.28685944E+00
 -1.72908901E+00 -4.38484026E+00
 -1.74620397E+00 -4.47620371E+00
 -1.76746933E+00 -4.59527207E+00
 -1.77948405E+00 -4.66554797E+00
 -1.80195731E+00 -4.80356529E+00
 -1.80994417E+00 -4.85489223E+00
 -1.83288030E+00 -5.00989977E+00
 -1.83772501E+00 -5.04423649E+00
 -1.86050827E+00 -5.21442384E+00
 -1.86294682E+00 -5.23358075E+00
 -1.88506640E+00 -5.41726124E+00
 -1.88571262E+00 -5.42292502E+00
 -1.89537474E+00 -5.50992890E+00
 -1.90554204E+00 -5.60668299E+00
 -1.90611069E+00 -5.61226928E+00
 -1.90674422E+00 -5.61851609E+00
 -1.92421657E+00 -5.80161354E+00
 -1.92570245E+00 -5.81827669E+00
 -1.94009462E+00 -5.99095780E+00
 -1.94207814E+00 -6.01661836E+00
 -1.95379934E+00 -6.18030207E+00

hb:   line clip z  
frame:
 -3.9999905E+00 -5.9999746E+00
  4.0000095E+00 -5.9999746E+00
  4.0000095E+00  5.0000254E+00
 -3.9999905E+00  5.0000254E+00
clip:
  2.24000988E+00 -6.18030207E+00
  2.35900000E+00 -6.18030207E+00
  2.35900000E+00 -6.11492455E+00
  2.35900000E+00 -5.99095780E+00
  2.35900000E+00 -5.92558029E+00
  2.35900000E+00 -5.80161354E+00
  2.35900000E+00 -5.73623603E+00
  2.35900000E+00 -5.61226928E+00
  2.35900000E+00 -5.54689177E+00
  2.35900000E+00 -5.42292502E+00
  2.35900000E+00 -5.35754750E+00
  2.35900000E+00 -5.23358075E+00
  2.35900000E+00 -5.16820324E+00
  2.35900000E+00 -5.04423649E+00
  2.35900000E+00 -4.97885898E+00
  2.35900000E+00 -4.85489223E+00
  2.35900000E+00 -4.78951472E+00
  2.35900000E+00 -4.66554797E+00
  2.35900000E+00 -4.60017045E+00
  2.35900000E+00 -4.47620371E+00
  2.35900000E+00 -4.41082619E+00
  2.35900000E+00 -4.28685944E+00
  2.35900000E+00 -4.22148193E+00
  2.35900000E+00 -4.09751518E+00
  2.35900000E+00 -4.03213767E+00
  2.35900000E+00 -3.90817092E+00
  2.35900000E+00 -3.84279340E+00
  2.35900000E+00 -3.71882666E+00
  2.35900000E+00 -3.65344914E+00
  2.35900000E+00 -3.52948239E+00
  2.35900000E+00 -3.46410488E+00
  2.35900000E+00 -3.34013813E+00
  2.35900000E+00 -3.27476062E+00
  2.35900000E+00 -3.15079387E+00
  2.35900000E+00 -3.08541636E+00
  2.35900000E+00 -2.96144961E+00
  2.35900000E+00 -2.89607209E+00
  2.35900000E+00 -2.77210535E+00
  2.35900000E+00 -2.70672783E+00
  2.35900000E+00 -2.58276108E+00
  2.35900000E+00 -2.51738357E+00
  2.35900000E+00 -2.39341682E+00
  2.35900000E+00 -2.32803931E+00
  2.35900000E+00 -2.20407256E+00
  2.35900000E+00 -2.13869504E+00
  2.35900000E+00 -2.01472830E+00
  2.35900000E+00 -1.94935078E+00
  2.35900000E+00 -1.82538403E+00
  2.35900000E+00 -1.76000652E+00
  2.35900000E+00 -1.63603977E+00
  2.35900000E+00 -1.57066226E+00
  2.24000988E+00 -1.56850000E+00
  2.11708434E+00 -1.56850000E+00
  1.89539449E+00 -1.56850000E+00
  1.77246896E+00 -1.56850000E+00
  1.55077911E+00 -1.56850000E+00
  1.42785357E+00 -1.56850000E+00
  1.20616372E+00 -1.56850000E+00
  1.08323819E+00 -1.56850000E+00
  8.61548338E-01 -1.56850000E+00
  7.38622806E-01 -1.56850000E+00
  5.58126887E-01 -1.63603977E+00
  6.66886079E-01 -1.74299432E+00
  7.38767840E-01 -1.82538403E+00
  8.61548338E-01 -1.98905487E+00
  9.63236945E-01 -2.14820113E+00
  1.04479612E+00 -2.29273380E+00
  1.12007621E+00 -2.44071644E+00
  1.18991700E+00 -2.59168763E+00
  1.26576056E+00 -2.77210535E+00
  1.33787992E+00 -2.96144961E+00
  1.40349801E+00 -3.15079387E+00
  1.46348599E+00 -3.34013813E+00
  1.52277796E+00 -3.54486724E+00
  1.56908638E+00 -3.71882666E+00
  1.61563520E+00 -3.90817092E+00
  1.68317257E+00 -4.21411765E+00
  1.74872296E+00 -4.55679040E+00
  1.80544828E+00 -4.90431196E+00
  1.85382158E+00 -5.25642243E+00
  1.89539449E+00 -5.62495372E+00
  1.92809462E+00 -5.99095780E+00
  1.94179934E+00 -6.18030207E+00

hb:   line clip z  
frame:
 -3.9999905E+00 -5.9999746E+00
  4.0000095E+00 -5.9999746E+00
  4.0000095E+00  5.0000254E+00
 -3.9999905E+00  5.0000254E+00
clip:
  2.58462526E+00 -6.18030207E+00
  2.60900000E+00 -6.18030207E+00
  2.60900000E+00 -6.16690970E+00
  2.60900000E+00 -5.99095780E+00
  2.60900000E+00 -5.97756543E+00
  2.60900000E+00 -5.80161354E+00
  2.60900000E+00 -5.78822117E+00
  2.60900000E+00 -5.61226928E+00
  2.60900000E+00 -5.59887691E+00
  2.60900000E+00 -5.42292502E+00
  2.60900000E+00 -5.40953265E+00
  2.60900000E+00 -5.23358075E+00
  2.60900000E+00 -5.22018838E+00
  2.60900000E+00 -5.04423649E+00
  2.60900000E+00 -5.03084412E+00
  2.60900000E+00 -4.85489223E+00
  2.60900000E+00 -4.84149986E+00
  2.60900000E+00 -4.66554797E+00
  2.60900000E+00 -4.65215560E+00
  2.60900000E+00 -4.47620371E+00
  2.60900000E+00 -4.46281134E+00
  2.60900000E+00 -4.28685944E+00
  2.60900000E+00 -4.27346707E+00
  2.60900000E+00 -4.09751518E+00
  2.60900000E+00 -4.08412281E+00
  2.60900000E+00 -3.90817092E+00
  2.60900000E+00 -3.89477855E+00
  2.60900000E+00 -3.71882666E+00
  2.60900000E+00 -3.70543429E+00
  2.60900000E+00 -3.52948239E+00
  2.60900000E+00 -3.51609002E+00
  2.60900000E+00 -3.34013813E+00
  2.60900000E+00 -3.32674576E+00
  2.60900000E+00 -3.15079387E+00
  2.60900000E+00 -3.13740150E+00
  2.60900000E+00 -2.96144961E+00
  2.60900000E+00 -2.94805724E+00
  2.60900000E+00 -2.77210535E+00
  2.60900000E+00 -2.75871297E+00
  2.60900000E+00 -2.58276108E+00
  2.60900000E+00 -2.56936871E+00
  2.60900000E+00 -2.39341682E+00
  2.60900000E+00 -2.38002445E+00
  2.60900000E+00 -2.20407256E+00
  2.60900000E+00 -2.19068019E+00
  2.60900000E+00 -2.01472830E+00
  2.60900000E+00 -2.00133593E+00
  2.60900000E+00 -1.82538403E+00
  2.60900000E+00 -1.81199166E+00
  2.60900000E+00 -1.63603977E+00
  2.60900000E+00 -1.62264740E+00
  2.60900000E+00 -1.44669551E+00
  2.60900000E+00 -1.43330314E+00
  2.58462526E+00 -1.31850000E+00
  2.35130346E+00 -1.31850000E+00
  2.24000988E+00 -1.31850000E+00
  2.00668807E+00 -1.31850000E+00
  1.89539449E+00 -1.31850000E+00
  1.75000000E+00 -1.36681047E+00
  1.75000000E+00 -1.44669551E+00
  1.75000000E+00 -1.52658055E+00
  1.89539449E+00 -1.56850000E+00
  2.11708434E+00 -1.56850000E+00
  2.24000988E+00 -1.56850000E+00
  2.35900000E+00 -1.63603977E+00
  2.35900000E+00 -1.76000652E+00
  2.35900000E+00 -1.82538403E+00
  2.35900000E+00 -1.94935078E+00
  2.35900000E+00 -2.01472830E+00
  2.35900000E+00 -2.13869504E+00
  2.35900000E+00 -2.20407256E+00
  2.35900000E+00 -2.32803931E+00
  2.35900000E+00 -2.39341682E+00
  2.35900000E+00 -2.51738357E+00
  2.35900000E+00 -2.58276108E+00
  2.35900000E+00 -2.70672783E+00
  2.35900000E+00 -2.77210535E+00
  2.35900000E+00 -2.89607209E+00
  2.35900000E+00 -2.96144961E+00
  2.35900000E+00 -3.08541636E+00
  2.35900000E+00 -3.15079387E+00
  2.35900000E+00 -3.27476062E+00
  2.35900000E+00 -3.34013813E+00
  2.35900000E+00 -3.46410488E+00
  2.35900000E+00 -3.52948239E+00
  2.35900000E+00 -3.65344914E+00
  2.35900000E+00 -3.71882666E+00
  2.35900000E+00 -3.84279340E+00
  2.35900000E+00 -3.90817092E+00
  2.35900000E+00 -4.03213767E+00
  2.35900000E+00 -4.09751518E+00
  2.35900000E+00 -4.22148193E+00
  2.35900000E+00 -4.28685944E+00
  2.35900000E+00 -4.41082619E+00
  2.35900000E+00 -4.47620371E+00
  2.35900000E+00 -4.60017045E+00
  2.35900000E+00 -4.66554797E+00
  2.35900000E+00 -4.78951472E+00
  2.35900000E+00 -4.85489223E+00
  2.35900000E+00 -4.97885898E+00
  2.35900000E+00 -5.04423649E+00
  2.35900000E+00 -5.16820324E+00
  2.35900000E+00 -5.23358075E+00
  2.35900000E+00 -5.35754750E+00
  2.35900000E+00 -5.42292502E+00
  2.35900000E+00 -5.54689177E+00
  2.35900000E+00 -5.61226928E+00
  2.35900000E+00 -5.73623603E+00
  2.35900000E+00 -5.80161354E+00
  2.35900000E+00 -5.92558029E+00
  2.35900000E+00 -5.99095780E+00
  2.35900000E+00 -6.11492455E+00
  2.35900000E+00 -6.18030207E+00

hb:   line clip z  
clip:
 -1.75000000E+00 -1.55616559E+00
 -1.55075935E+00 -1.56850000E+00
 -1.32906950E+00 -1.56850000E+00
 -5.16913200E-01 -1.56850000E+00
 -3.84705842E-01 -1.44669551E+00
 -4.25926915E-01 -1.39670432E+00
 -5.16913200E-01 -1.31850000E+00
 -7.50235003E-01 -1.31850000E+00
 -8.61528585E-01 -1.31850000E+00
 -1.09485039E+00 -1.31850000E+00
 -1.20614397E+00 -1.31850000E+00
 -1.43946577E+00 -1.31850000E+00
 -1.55075935E+00 -1.31850000E+00
 -1.75000000E+00 -1.33722543E+00
 -1.75000000E+00 -1.44669551E+00

hb:   line clip z  
clip:
 -3.09103055E-01 -1.52186130E+00
 -1.72297816E-01 -1.61127783E+00
  1.46760437E-01 -1.62199775E+00
  3.09110734E-01 -1.52185466E+00
  5.16932953E-01 -1.25927461E+00
  6.09803922E-01 -1.06800698E+00
  6.77132496E-01 -8.78662722E-01
  7.26842711E-01 -6.89318460E-01
  7.62388715E-01 -4.99974198E-01
  7.85695293E-01 -3.10629935E-01
  7.97835792E-01 -1.21285673E-01
  7.99319163E-01  6.80585894E-02
  7.90205426E-01  2.57402852E-01
  7.70118446E-01  4.46747114E-01
  7.38162951E-01  6.36091376E-01
  6.92698333E-01  8.25435639E-01
  6.30810379E-01  1.01477990E+00
  5.46952287E-01  1.20412416E+00
  5.16932953E-01  1.25927461E+00
  4.28411240E-01  1.39346843E+00
  3.45219535E-01  1.48846707E+00
  2.25964361E-01  1.58281269E+00
  1.72317569E-01  1.61126885E+00
  5.79125414E-02  1.64567098E+00
 -1.72297816E-01  1.61127783E+00
 -2.25964361E-01  1.58281269E+00
 -3.46728970E-01  1.48697385E+00
 -4.28411240E-01  1.39346843E+00
 -5.16913200E-01  1.25930910E+00
 -5.46952287E-01  1.20412416E+00
 -6.30810379E-01  1.01477990E+00
 -6.92698333E-01  8.25435639E-01
 -7.38162951E-01  6.36091376E-01
 -7.70118446E-01  4.46747114E-01
 -7.90205426E-01  2.57402852E-01
 -7.99319163E-01  6.80585894E-02
 -7.97835792E-01 -1.21285673E-01
 -7.85695293E-01 -3.10629935E-01
 -7.62388715E-01 -4.99974198E-01
 -7.26842711E-01 -6.89318460E-01
 -6.77132496E-01 -8.78662722E-01
 -6.09803922E-01 -1.06800698E+00
 -5.18032379E-01 -1.25735125E+00
 -3.84705842E-01 -1.44669551E+00

hb:   line clip z  
clip:
  3.95276477E-01 -1.51353801E+00
  5.16932953E-01 -1.56850000E+00
  7.38622806E-01 -1.56850000E+00
  8.61548338E-01 -1.56850000E+00
  1.08323819E+00 -1.56850000E+00
  1.20616372E+00 -1.56850000E+00
  1.42785357E+00 -1.56850000E+00
  1.55077911E+00 -1.56850000E+00
  1.75000000E+00 -1.55615473E+00
  1.75000000E+00 -1.44669551E+00
  1.75000000E+00 -1.33723628E+00
  1.55077911E+00 -1.31850000E+00
  1.31745730E+00 -1.31850000E+00
  1.20616372E+00 -1.31850000E+00
  9.72841920E-01 -1.31850000E+00
  8.61548338E-01 -1.31850000E+00
  6.28226535E-01 -1.31850000E+00
  5.16932953E-01 -1.31850000E+00
  4.25932792E-01 -1.39669670E+00
  3.84705842E-01 -1.44669551E+00

hb:   line clip z  
clip:
 -2.00666832E+00 -1.31850000E+00
 -1.43946577E+00 -1.31850000E+00
 -1.35000000E+00 -1.25735125E+00
 -1.35000000E+00 -1.14704673E+00
 -1.35000000E+00 -1.06800698E+00
 -1.35000000E+00 -9.57702472E-01
 -1.35000000E+00 -8.78662722E-01
 -1.35000000E+00 -7.68358210E-01
 -1.35000000E+00 -6.89318460E-01
 -1.35000000E+00 -5.79013948E-01
 -1.35000000E+00 -4.99974198E-01
 -1.35000000E+00 -3.89669686E-01
 -1.35000000E+00 -3.10629935E-01
 -1.35000000E+00 -2.00325423E-01
 -1.35000000E+00 -1.21285673E-01
 -1.35000000E+00 -1.09811609E-02
 -1.35000000E+00  6.80585894E-02
 -1.35000000E+00  1.78363101E-01
 -1.35000000E+00  2.57402852E-01
 -1.35000000E+00  3.67707364E-01
 -1.35000000E+00  4.46747114E-01
 -1.35000000E+00  5.57051626E-01
 -1.35000000E+00  6.36091376E-01
 -1.35000000E+00  7.46395888E-01
 -1.35000000E+00  8.25435639E-01
 -1.35000000E+00  9.35740151E-01
 -1.35000000E+00  1.01477990E+00
 -1.35000000E+00  1.12508441E+00
 -1.35000000E+00  1.20412416E+00
 -1.35000000E+00  1.31442868E+00
 -1.35000000E+00  1.39346843E+00
 -1.35000000E+00  1.50377294E+00
 -1.35000000E+00  1.58281269E+00
 -1.35000000E+00  1.69311720E+00
 -1.35000000E+00  1.77215695E+00
 -1.35174991E+00  1.88150000E+00
 -1.55075935E+00  1.88150000E+00
 -1.74976880E+00  1.88150000E+00
 -1.89537474E+00  1.88150000E+00
 -2.05000000E+00  1.85711371E+00
 -2.05000000E+00  1.77215695E+00
 -2.05000000E+00  1.68720019E+00
 -2.05000000E+00  1.58281269E+00
 -2.05000000E+00  1.49785593E+00
 -2.05000000E+00  1.39346843E+00
 -2.05000000E+00  1.30851167E+00
 -2.05000000E+00  1.20412416E+00
 -2.05000000E+00  1.11916740E+00
 -2.05000000E+00  1.01477990E+00
 -2.05000000E+00  9.29823142E-01
 -2.05000000E+00  8.25435639E-01
 -2.05000000E+00  7.40478880E-01
 -2.05000000E+00  6.36091376E-01
 -2.05000000E+00  5.51134618E-01
 -2.05000000E+00  4.46747114E-01
 -2.05000000E+00  3.61790355E-01
 -2.05000000E+00  2.57402852E-01
 -2.05000000E+00  1.72446093E-01
 -2.05000000E+00  6.80585894E-02
 -2.05000000E+00 -1.68981691E-02
 -2.05000000E+00 -1.21285673E-01
 -2.05000000E+00 -2.06242431E-01
 -2.05000000E+00 -3.10629935E-01
 -2.05000000E+00 -3.95586694E-01
 -2.05000000E+00 -4.99974198E-01
 -2.05000000E+00 -5.84930956E-01
 -2.05000000E+00 -6.89318460E-01
 -2.05000000E+00 -7.74275218E-01
 -2.05000000E+00 -8.78662722E-01
 -2.05000000E+00 -9.63619481E-01
 -2.05000000E+00 -1.06800698E+00
 -2.05000000E+00 -1.15296374E+00
 -2.05000000E+00 -1.25735125E+00

hb:   line clip z  
clip:
 -1.31743755E+00 -1.31850000E+00
 -7.50235003E-01 -1.31850000E+00
 -5.18032379E-01 -1.25735125E+00
 -5.92191148E-01 -1.10936743E+00
 -6.09803922E-01 -1.06800698E+00
 -6.52933383E-01 -9.53397172E-01
 -6.77132496E-01 -8.78662722E-01
 -7.02066963E-01 -7.91048690E-01
 -7.26842711E-01 -6.89318460E-01
 -7.40787165E-01 -6.22978719E-01
 -7.62388715E-01 -4.99974198E-01
 -7.69736276E-01 -4.49540155E-01
 -7.85695293E-01 -3.10629935E-01
 -7.89147224E-01 -2.70860976E-01
 -7.97835792E-01 -1.21285673E-01
 -7.98890485E-01 -8.68700161E-02
 -7.99319163E-01  6.80585894E-02
 -7.98448329E-01  1.02717183E-01
 -7.90205426E-01  2.57402852E-01
 -7.70118446E-01  4.46747114E-01
 -7.38162951E-01  6.36091376E-01
 -6.92698333E-01  8.25435639E-01
 -6.30810379E-01  1.01477990E+00
 -5.46952287E-01  1.20412416E+00
 -4.53829740E-01  1.35880807E+00
 -3.46728970E-01  1.48697385E+00
 -1.72297816E-01  1.61127783E+00
  5.79125414E-02  1.64567098E+00
  1.72317569E-01  1.61126885E+00
  2.25964361E-01  1.58281269E+00
  3.45219535E-01  1.48846707E+00
  4.28411240E-01  1.39346843E+00
  4.53835248E-01  1.35880024E+00
  5.16932953E-01  1.25927461E+00
  5.46952287E-01  1.20412416E+00
  6.10541856E-01  1.06621205E+00
  6.30810379E-01  1.01477990E+00
  6.67857272E-01  9.08358964E-01
  6.92698333E-01  8.25435639E-01
  7.13969979E-01  7.44350705E-01
  7.38162951E-01  6.36091376E-01
  7.49897269E-01  5.74746206E-01
  7.70118446E-01  4.46747114E-01
  7.76156871E-01  3.99829927E-01
  7.90205426E-01  2.57402852E-01
  7.92878311E-01  2.19673034E-01
  7.99319163E-01  6.80585894E-02
  7.99828660E-01  3.41475472E-02
  7.97835792E-01 -1.21285673E-01
  7.96365632E-01 -1.57099429E-01
  7.85695293E-01 -3.10629935E-01
  7.81293947E-01 -3.54724625E-01
  7.62388715E-01 -4.99974198E-01
  7.52538523E-01 -5.59868166E-01
  7.26842711E-01 -6.89318460E-01
  7.06370816E-01 -7.74578650E-01
  6.77132496E-01 -8.78662722E-01
  6.35217508E-01 -1.00301714E+00
  6.09803922E-01 -1.06800698E+00
  5.18533825E-01 -1.25647167E+00
  7.50254756E-01 -1.31850000E+00
  1.31745730E+00 -1.31850000E+00
  1.35000000E+00 -1.25735125E+00
  1.35000000E+00 -1.17832235E+00
  1.35000000E+00 -1.06800698E+00
  1.35000000E+00 -9.88978087E-01
  1.35000000E+00 -8.78662722E-01
  1.35000000E+00 -7.99633825E-01
  1.35000000E+00 -6.89318460E-01
  1.35000000E+00 -6.10289563E-01
  1.35000000E+00 -4.99974198E-01
  1.35000000E+00 -4.20945300E-01
  1.35000000E+00 -3.10629935E-01
  1.35000000E+00 -2.31601038E-01
  1.35000000E+00 -1.21285673E-01
  1.35000000E+00 -4.22567757E-02
  1.35000000E+00  6.80585894E-02
  1.35000000E+00  1.47087487E-01
  1.35000000E+00  2.57402852E-01
  1.35000000E+00  3.36431749E-01
  1.35000000E+00  4.46747114E-01
  1.35000000E+00  5.25776011E-01
  1.35000000E+00  6.36091376E-01
  1.35000000E+00  7.15120273E-01
  1.35000000E+00  8.25435639E-01
  1.35000000E+00  9.04464536E-01
  1.35000000E+00  1.01477990E+00
  1.35000000E+00  1.09380880E+00
  1.35000000E+00  1.20412416E+00
  1.35000000E+00  1.28315306E+00
  1.35000000E+00  1.39346843E+00
  1.35000000E+00  1.47249732E+00
  1.35000000E+00  1.58281269E+00
  1.35000000E+00  1.66184158E+00
  1.35000000E+00  1.77215695E+00
  1.35000000E+00  1.85118585E+00
  1.20616372E+00  1.88150000E+00
  1.00715427E+00  1.88150000E+00
  8.61548338E-01  1.88150000E+00
  6.62538890E-01  1.88150000E+00
  5.16932953E-01  1.88150000E+00
  3.17923505E-01  1.88150000E+00
  1.72317569E-01  1.88150000E+00
 -2.66918797E-02  1.88150000E+00
 -1.72297816E-01  1.88150000E+00
 -3.71307264E-01  1.88150000E+00
 -5.16913200E-01  1.88150000E+00
 -7.15922649E-01  1.88150000E+00
 -8.61528585E-01  1.88150000E+00
 -1.06053803E+00  1.88150000E+00
 -1.20614397E+00  1.88150000E+00
 -1.35000000E+00  1.85119670E+00
 -1.35000000E+00  1.77215695E+00
 -1.35000000E+00  1.69311720E+00
 -1.35000000E+00  1.58281269E+00
 -1.35000000E+00  1.50377294E+00
 -1.35000000E+00  1.39346843E+00
 -1.35000000E+00  1.31442868E+00
 -1.35000000E+00  1.20412416E+00
 -1.35000000E+00  1.12508441E+00
 -1.35000000E+00  1.01477990E+00
 -1.35000000E+00  9.35740151E-01
 -1.35000000E+00  8.25435639E-01
 -1.35000000E+00  7.46395888E-01
 -1.35000000E+00  6.36091376E-01
 -1.35000000E+00  5.57051626E-01
 -1.35000000E+00  4.46747114E-01
 -1.35000000E+00  3.67707364E-01
 -1.35000000E+00  2.57402852E-01
 -1.35000000E+00  1.78363101E-01
 -1.35000000E+00  6.80585894E-02
 -1.35000000E+00 -1.09811609E-02
 -1.35000000E+00 -1.21285673E-01
 -1.35000000E+00 -2.00325423E-01
 -1.35000000E+00 -3.10629935E-01
 -1.35000000E+00 -3.89669686E-01
 -1.35000000E+00 -4.99974198E-01
 -1.35000000E+00 -5.79013948E-01
 -1.35000000E+00 -6.89318460E-01
 -1.35000000E+00 -7.68358210E-01
 -1.35000000E+00 -8.78662722E-01
 -1.35000000E+00 -9.57702472E-01
 -1.35000000E+00 -1.06800698E+00
 -1.35000000E+00 -1.14704673E+00
 -1.35000000E+00 -1.25735125E+00

hb:   line clip z  
clip:
  1.43948553E+00 -1.31850000E+00
  2.00668807E+00 -1.31850000E+00
  2.05000000E+00 -1.25735125E+00
  2.05000000E+00 -1.17240534E+00
  2.05000000E+00 -1.06800698E+00
  2.05000000E+00 -9.83061079E-01
  2.05000000E+00 -8.78662722E-01
  2.05000000E+00 -7.93716817E-01
  2.05000000E+00 -6.89318460E-01
  2.05000000E+00 -6.04372554E-01
  2.05000000E+00 -4.99974198E-01
  2.05000000E+00 -4.15028292E-01
  2.05000000E+00 -3.10629935E-01
  2.05000000E+00 -2.25684030E-01
  2.05000000E+00 -1.21285673E-01
  2.05000000E+00 -3.63397675E-02
  2.05000000E+00  6.80585894E-02
  2.05000000E+00  1.53004495E-01
  2.05000000E+00  2.57402852E-01
  2.05000000E+00  3.42348757E-01
  2.05000000E+00  4.46747114E-01
  2.05000000E+00  5.31693019E-01
  2.05000000E+00  6.36091376E-01
  2.05000000E+00  7.21037282E-01
  2.05000000E+00  8.25435639E-01
  2.05000000E+00  9.10381544E-01
  2.05000000E+00  1.01477990E+00
  2.05000000E+00  1.09972581E+00
  2.05000000E+00  1.20412416E+00
  2.05000000E+00  1.28907007E+00
  2.05000000E+00  1.39346843E+00
  2.05000000E+00  1.47841433E+00
  2.05000000E+00  1.58281269E+00
  2.05000000E+00  1.66775859E+00
  2.05000000E+00  1.77215695E+00
  2.05000000E+00  1.85710286E+00
  1.89539449E+00  1.88150000E+00
  1.69638504E+00  1.88150000E+00
  1.55077911E+00  1.88150000E+00
  1.35176966E+00  1.88150000E+00
  1.35000000E+00  1.77215695E+00
  1.35000000E+00  1.66184158E+00
  1.35000000E+00  1.58281269E+00
  1.35000000E+00  1.47249732E+00
  1.35000000E+00  1.39346843E+00
  1.35000000E+00  1.28315306E+00
  1.35000000E+00  1.20412416E+00
  1.35000000E+00  1.09380880E+00
  1.35000000E+00  1.01477990E+00
  1.35000000E+00  9.04464536E-01
  1.35000000E+00  8.25435639E-01
  1.35000000E+00  7.15120273E-01
  1.35000000E+00  6.36091376E-01
  1.35000000E+00  5.25776011E-01
  1.35000000E+00  4.46747114E-01
  1.35000000E+00  3.36431749E-01
  1.35000000E+00  2.57402852E-01
  1.35000000E+00  1.47087487E-01
  1.35000000E+00  6.80585894E-02
  1.35000000E+00 -4.22567757E-02
  1.35000000E+00 -1.21285673E-01
  1.35000000E+00 -2.31601038E-01
  1.35000000E+00 -3.10629935E-01
  1.35000000E+00 -4.20945300E-01
  1.35000000E+00 -4.99974198E-01
  1.35000000E+00 -6.10289563E-01
  1.35000000E+00 -6.89318460E-01
  1.35000000E+00 -7.99633825E-01
  1.35000000E+00 -8.78662722E-01
  1.35000000E+00 -9.88978087E-01
  1.35000000E+00 -1.06800698E+00
  1.35000000E+00 -1.17832235E+00
  1.35000000E+00 -1.25735125E+00

hb:   line clip z  
clip:
 -2.04098067E+00  1.88150000E+00
  2.04100043E+00  1.88150000E+00
  2.05000000E+00  1.96150121E+00
  2.05000000E+00  2.04644712E+00
  2.05000000E+00  2.15084547E+00
  1.95118716E+00  2.18150000E+00
  1.89539449E+00  2.18150000E+00
  1.83960183E+00  2.18150000E+00
  1.55077911E+00  2.18150000E+00
  1.49498644E+00  2.18150000E+00
  1.20616372E+00  2.18150000E+00
  1.15037106E+00  2.18150000E+00
  8.61548338E-01  2.18150000E+00
  8.05755673E-01  2.18150000E+00
  5.16932953E-01  2.18150000E+00
  4.61140288E-01  2.18150000E+00
  1.72317569E-01  2.18150000E+00
  1.16524904E-01  2.18150000E+00
 -1.72297816E-01  2.18150000E+00
 -2.28090481E-01  2.18150000E+00
 -5.16913200E-01  2.18150000E+00
 -5.72705866E-01  2.18150000E+00
 -8.61528585E-01  2.18150000E+00
 -9.17321250E-01  2.18150000E+00
 -1.20614397E+00  2.18150000E+00
 -1.26193663E+00  2.18150000E+00
 -1.55075935E+00  2.18150000E+00
 -1.60655202E+00  2.18150000E+00
 -1.89537474E+00  2.18150000E+00
 -1.95116740E+00  2.18150000E+00
 -2.05000000E+00  2.15084547E+00
 -2.05000000E+00  2.06588872E+00
 -2.05000000E+00  1.96150121E+00

#------------------------------------------------------------------------------
z: xorg(1.03)
p: xfac[c2*0.05] form[c1/0.05] notc noxt noyt dmin(1)
p: ymin(0) ymax(1) xmin(0) xmax(1) cmin(1) cmax(100) nosp
hc: y= 0.005 to 0.995 by 0.01 ; x= 0.5 to 0.5 by 1 ;
 1  2  3  4  5  6  7  8  9 10 11 12 13 14 15 16 17 18 19 20
21 22 23 24 25 26 27 28 29 30 31 32 33 34 35 36 37 38 39 40
41 42 43 44 45 46 47 48 49 50 51 52 53 54 55 56 57 58 59 60
61 62 63 64 65 66 67 68 69 70 71 72 73 74 75 76 77 78 79 80
81 82 83 84 85 86 87 88 89 90 91 92 93 94 95 96 97 98 99 100
z: xorg(0.0)
p: xfac[c2*0.05] form[c1/0.05] nosp afac[c5*0.625] ymin[c3] ymax[c4]
p: noxt noxn ytxt(-1) ynum(-1) xltd(-1) xstd(-1) itic(1) ylog
y: Flux [1/cm^2/source]              
#------------------------------------------------------------------------------

wt: s[c5]
\vspace{-3}
  emin  &=&   0.0000E+00 [MeV/n]
  emax  &=&   1.0000E+03 [MeV/n]
  zmin  &=&   9.8513E+01 [cm]
  zmax  &=&   9.8522E+01 [cm]
  part. &=& proton  
e:

#------------------------------------------------------------------------------
z: xorg[-1.03/0.05]
p: form[c1] xfac[c2] afac[c5] nosp notf
p: xmin( -4.000000    ) xmax(  4.000000    )
p: ymin( -6.000000    ) ymax(  5.000000    )
 
# Information for Restart Calculation
# This calculation was restarted using ./out/track_xy.out
# istdev =  2 # 1:Batch variance, 2:History variance
# resc2  = 2.91114912060850654E-02 # Total source weight or Total source weight / maxcas
# resc3  = 1.81699595000000000E+08 # Total history number or Total batch number
# maxcas =       25045 # History / Batch, only used for istdev=1
# bitrseed = 0001000111100010011100101101111110001001101110110001011100101110 # bit data of rseed
