[ T-Deposit ]
    title = Bragg peak in pouch, ahora con radio 1
     mesh =  r-z            # mesh type is r-z scoring mesh
       x0 =   0.000000      # center x-position of r-z mesh
       y0 =   0.000000      # center y-position of r-z mesh
   r-type =    2            # r-mesh is linear given by rmin, rmax and nr
     rmin =   0.000000      # minimum value of r-mesh points
     rmax =   1.700000      # maximum value of r-mesh points
#    rdel =  2.8333333E-02  # mesh width of r-mesh points
       nr =     60          # number of r-mesh points
#    data = ( r(i), i = 1, nr + 1 )
#           0.00000E+00  2.83333E-02  5.66667E-02  8.50000E-02  1.13333E-01
#           1.41667E-01  1.70000E-01  1.98333E-01  2.26667E-01  2.55000E-01
#           2.83333E-01  3.11667E-01  3.40000E-01  3.68333E-01  3.96667E-01
#           4.25000E-01  4.53333E-01  4.81667E-01  5.10000E-01  5.38333E-01
#           5.66667E-01  5.95000E-01  6.23333E-01  6.51667E-01  6.80000E-01
#           7.08333E-01  7.36667E-01  7.65000E-01  7.93333E-01  8.21667E-01
#           8.50000E-01  8.78333E-01  9.06667E-01  9.35000E-01  9.63333E-01
#           9.91667E-01  1.02000E+00  1.04833E+00  1.07667E+00  1.10500E+00
#           1.13333E+00  1.16167E+00  1.19000E+00  1.21833E+00  1.24667E+00
#           1.27500E+00  1.30333E+00  1.33167E+00  1.36000E+00  1.38833E+00
#           1.41667E+00  1.44500E+00  1.47333E+00  1.50167E+00  1.53000E+00
#           1.55833E+00  1.58667E+00  1.61500E+00  1.64333E+00  1.67167E+00
#           1.70000E+00
   z-type =    2            # z-mesh is linear given by zmin, zmax and nz
     zmin =   98.38000      # minimum value of z-mesh points
     zmax =   98.58000      # maximum value of z-mesh points
#    zdel =  0.2000000      # mesh width of z-mesh points
       nz =      1          # number of z-mesh points
#    data = ( z(i), i = 1, nz + 1 )
#           9.83800E+01  9.85800E+01
     unit =    0            # unit is [Gy/source]
   letmat =    0            # (D=0) mat ID for LET, 0:real mat, <0: electron for H2O
  dedxfnc =    0            # (D=0) user defined multiplier, 0(no), 1, 2
 material =  all            # (D=all) number of specific material
   output =  dose           # total deposit energy
  deposit =    0            # (D=0) 0-> total deposit dist, 1-> each process
     axis =     r           # axis of output
     file = ./out/bragg_pouch_r.out  # file name of output for the above axis
     part =  proton   
# kf/name :  2212     
   epsout =    1            # (D=0) generate eps file by ANGEL
   mother =  all            # (D=all) number of specific mother
#    used :        main (  %)        temp (  %)       total (  %)
#  memory :          66 (  0)           0 (  0)          66 (  0)

#------------------------------------------------------------------------------
#newpage:
#   no. =  1   iz  =  1
#   z = (   9.8380E+01  -   9.8580E+01  )

x: r [cm]
y: Dose [Gy/source]      
p: xlin ylog afac(0.8) form(0.9)
h: n            x            y(proton  ),hh0l n 
#  r-lower      r-upper        proton    r.err 
   0.0000E+00   2.8333E-02   2.8586E-01  0.0229
   2.8333E-02   5.6667E-02   2.7422E-01  0.0135
   5.6667E-02   8.5000E-02   2.7738E-01  0.0104
   8.5000E-02   1.1333E-01   2.7465E-01  0.0088
   1.1333E-01   1.4167E-01   2.7780E-01  0.0077
   1.4167E-01   1.7000E-01   2.7997E-01  0.0070
   1.7000E-01   1.9833E-01   2.7857E-01  0.0064
   1.9833E-01   2.2667E-01   2.7773E-01  0.0060
   2.2667E-01   2.5500E-01   2.7900E-01  0.0056
   2.5500E-01   2.8333E-01   2.7717E-01  0.0053
   2.8333E-01   3.1167E-01   2.7706E-01  0.0051
   3.1167E-01   3.4000E-01   2.7646E-01  0.0049
   3.4000E-01   3.6833E-01   2.7800E-01  0.0046
   3.6833E-01   3.9667E-01   2.8042E-01  0.0045
   3.9667E-01   4.2500E-01   2.7798E-01  0.0043
   4.2500E-01   4.5333E-01   2.7912E-01  0.0042
   4.5333E-01   4.8167E-01   2.8081E-01  0.0040
   4.8167E-01   5.1000E-01   2.7939E-01  0.0039
   5.1000E-01   5.3833E-01   2.8087E-01  0.0038
   5.3833E-01   5.6667E-01   2.8135E-01  0.0037
   5.6667E-01   5.9500E-01   2.8049E-01  0.0036
   5.9500E-01   6.2333E-01   2.8110E-01  0.0035
   6.2333E-01   6.5167E-01   2.8192E-01  0.0034
   6.5167E-01   6.8000E-01   2.8110E-01  0.0034
   6.8000E-01   7.0833E-01   2.8230E-01  0.0033
   7.0833E-01   7.3667E-01   2.8289E-01  0.0032
   7.3667E-01   7.6500E-01   2.8413E-01  0.0032
   7.6500E-01   7.9333E-01   2.8295E-01  0.0031
   7.9333E-01   8.2167E-01   2.8142E-01  0.0031
   8.2167E-01   8.5000E-01   2.8367E-01  0.0030
   8.5000E-01   8.7833E-01   2.8290E-01  0.0030
   8.7833E-01   9.0667E-01   2.8405E-01  0.0029
   9.0667E-01   9.3500E-01   2.8405E-01  0.0029
   9.3500E-01   9.6333E-01   2.8512E-01  0.0028
   9.6333E-01   9.9167E-01   2.8621E-01  0.0028
   9.9167E-01   1.0200E+00   2.8591E-01  0.0027
   1.0200E+00   1.0483E+00   2.8569E-01  0.0027
   1.0483E+00   1.0767E+00   2.8516E-01  0.0026
   1.0767E+00   1.1050E+00   2.8663E-01  0.0026
   1.1050E+00   1.1333E+00   2.8636E-01  0.0026
   1.1333E+00   1.1617E+00   2.8714E-01  0.0025
   1.1617E+00   1.1900E+00   2.8751E-01  0.0025
   1.1900E+00   1.2183E+00   2.8776E-01  0.0025
   1.2183E+00   1.2467E+00   2.8729E-01  0.0024
   1.2467E+00   1.2750E+00   2.8886E-01  0.0024
   1.2750E+00   1.3033E+00   2.8844E-01  0.0024
   1.3033E+00   1.3317E+00   2.8601E-01  0.0024
   1.3317E+00   1.3600E+00   2.7142E-01  0.0024
   1.3600E+00   1.3883E+00   2.5757E-01  0.0024
   1.3883E+00   1.4167E+00   2.4904E-01  0.0024
   1.4167E+00   1.4450E+00   2.4259E-01  0.0024
   1.4450E+00   1.4733E+00   2.3700E-01  0.0024
   1.4733E+00   1.5017E+00   2.3172E-01  0.0024
   1.5017E+00   1.5300E+00   2.2698E-01  0.0024
   1.5300E+00   1.5583E+00   2.2319E-01  0.0024
   1.5583E+00   1.5867E+00   2.1989E-01  0.0024
   1.5867E+00   1.6150E+00   2.1655E-01  0.0024
   1.6150E+00   1.6433E+00   2.1156E-01  0.0024
   1.6433E+00   1.6717E+00   2.0991E-01  0.0024
   1.6717E+00   1.7000E+00   2.0675E-01  0.0024

#   sum over    1.8158E+00   2.6312E-01  0.0004

'no. =  1,  iz =  1'
msuc: {\huge Bragg peak in pouch, ahora con radio 1}
msdr: {\it plotted by \ANGEL \version}
msdl: {\it calculated by \PHITS  3.35}
wt: s(0.7)
\vspace{-3}
  zmin  &=&   9.8380E+01 [cm]
  zmax  &=&   9.8580E+01 [cm]
e:
 
# Information for Restart Calculation
# This calculation was newly started
# istdev =  2 # 1:Batch variance, 2:History variance
# resc2  = 2.00272125193213177E-02 # Total source weight or Total source weight / maxcas
# resc3  = 1.25000000000000000E+08 # Total history number or Total batch number
# maxcas =       25000 # History / Batch, only used for istdev=1
# bitrseed = 1011110110000000011000010101100001101110100111001100010100001110 # bit data of rseed
