srun: defined options for program `srun'
srun: --------------- ---------------------
srun: user           : `sebastiangossio'
srun: uid            : 10149
srun: gid            : 10149
srun: cwd            : /share/gidans/sebastiangossio/ej_PHITS/haz_vertical/sin_atenuador
srun: ntasks         : 32 (set)
srun: nodes          : 1 (set)
srun: jobid          : 78083 (default)
srun: partition      : default
srun: profile        : `NotSet'
srun: job name       : `sin_atenuador'
srun: reservation    : `(null)'
srun: burst_buffer   : `(null)'
srun: wckey          : `(null)'
srun: cpu_freq_min   : 4294967294
srun: cpu_freq_max   : 2147483651
srun: cpu_freq_gov   : 4294967294
srun: switches       : -1
srun: wait-for-switches : -1
srun: distribution   : unknown
srun: cpu_bind       : default
srun: mem_bind       : default
srun: verbose        : 1
srun: slurmd_debug   : 0
srun: immediate      : false
srun: label output   : false
srun: unbuffered IO  : false
srun: overcommit     : false
srun: threads        : 60
srun: checkpoint_dir : /var/spool/slurm.checkpoint
srun: wait           : 60
srun: nice           : -2
srun: account        : (null)
srun: comment        : (null)
srun: dependency     : (null)
srun: exclusive      : false
srun: bcast          : false
srun: qos            : (null)
srun: constraints    : mem-per-cpu=1024M 
srun: geometry       : (null)
srun: reboot         : yes
srun: rotate         : no
srun: preserve_env   : false
srun: network        : (null)
srun: propagate      : NONE
srun: prolog         : (null)
srun: epilog         : (null)
srun: mail_type      : NONE
srun: mail_user      : (null)
srun: task_prolog    : (null)
srun: task_epilog    : (null)
srun: multi_prog     : no
srun: sockets-per-node  : -2
srun: cores-per-socket  : -2
srun: threads-per-core  : -2
srun: ntasks-per-node   : -2
srun: ntasks-per-socket : -2
srun: ntasks-per-core   : -2
srun: plane_size        : 4294967294
srun: core-spec         : NA
srun: power             : 
srun: remote command    : `/share/gidans/sebastiangossio/Programas/PIHTS-IFORT/phits/phits_LinIfort_MPI'
srun: launching 78083.2 on host compute-0-5, 32 tasks: [0-31]
srun: route default plugin loaded
srun: Node compute-0-5, 32 tasks started
srun: Sent KVS info to 1 nodes, up to 32 tasks per node
srun: Sent KVS info to 1 nodes, up to 32 tasks per node
srun: Sent KVS info to 1 nodes, up to 32 tasks per node
srun: Sent KVS info to 1 nodes, up to 32 tasks per node
