[ T-Track ]
    title = [t-track] in xyz mesh
     mesh =  xyz            # mesh type is xyz scoring mesh
   x-type =    2            # x-mesh is linear given by xmin, xmax and nx
     xmin =  -4.000000      # minimum value of x-mesh points
     xmax =   4.000000      # maximum value of x-mesh points
#    xdel =  0.3200000      # mesh width of x-mesh points
       nx =     25          # number of x-mesh points
#    data = ( x(i), i = 1, nx + 1 )
#          -4.00000E+00 -3.68000E+00 -3.36000E+00 -3.04000E+00 -2.72000E+00
#          -2.40000E+00 -2.08000E+00 -1.76000E+00 -1.44000E+00 -1.12000E+00
#          -8.00000E-01 -4.80000E-01 -1.60000E-01  1.60000E-01  4.80000E-01
#           8.00000E-01  1.12000E+00  1.44000E+00  1.76000E+00  2.08000E+00
#           2.40000E+00  2.72000E+00  3.04000E+00  3.36000E+00  3.68000E+00
#           4.00000E+00
   y-type =    2            # y-mesh is linear given by ymin, ymax and ny
     ymin =  -6.000000      # minimum value of y-mesh points
     ymax =   5.000000      # maximum value of y-mesh points
#    ydel =  0.1833333      # mesh width of y-mesh points
       ny =     60          # number of y-mesh points
#    data = ( y(i), i = 1, ny + 1 )
#          -6.00000E+00 -5.81667E+00 -5.63333E+00 -5.45000E+00 -5.26667E+00
#          -5.08333E+00 -4.90000E+00 -4.71667E+00 -4.53333E+00 -4.35000E+00
#          -4.16667E+00 -3.98333E+00 -3.80000E+00 -3.61667E+00 -3.43333E+00
#          -3.25000E+00 -3.06667E+00 -2.88333E+00 -2.70000E+00 -2.51667E+00
#          -2.33333E+00 -2.15000E+00 -1.96667E+00 -1.78333E+00 -1.60000E+00
#          -1.41667E+00 -1.23333E+00 -1.05000E+00 -8.66667E-01 -6.83333E-01
#          -5.00000E-01 -3.16667E-01 -1.33333E-01  5.00000E-02  2.33333E-01
#           4.16667E-01  6.00000E-01  7.83333E-01  9.66667E-01  1.15000E+00
#           1.33333E+00  1.51667E+00  1.70000E+00  1.88333E+00  2.06667E+00
#           2.25000E+00  2.43333E+00  2.61667E+00  2.80000E+00  2.98333E+00
#           3.16667E+00  3.35000E+00  3.53333E+00  3.71667E+00  3.90000E+00
#           4.08333E+00  4.26667E+00  4.45000E+00  4.63333E+00  4.81667E+00
#           5.00000E+00
   z-type =    1            # z-mesh is given by the below data
       nz =      1          # number of z-mesh points
#    data = ( z(i), i = 1, nz + 1 )
            9.83400E+01  9.83500E+01
   e-type =    1            # e-mesh is given by the below data
       ne =      1          # number of e-mesh points
#    data = ( e(i), i = 1, ne + 1 )
            0.00000E+00  1.00000E+03
     unit =    1            # unit is [1/cm^2/source]
 material =  all            # (D=all) number of specific material
  2D-type =    3            # 1:Cont, 2:Clust, 3:Color, 4:xyz, 5:mat, 6:Clust+Cont, 7:Col+Cont
     axis =      xy            # axis of output
     file = track_xy_L.out  # file name of output for the above axis
     part =  proton   
# kf/name :  2212     
    gshow =    1            # 0: no 1:bnd, 2:bnd+mat, 3:bnd+reg 4:bnd+lat 5:bmp style
    resol =    1            # (D=1) resolution of gshow or rshow
    width = 0.5000000       # (D=0.5) width of lines for gshow or rshow
   epsout =    1            # (D=0) generate eps file by ANGEL
#    used :        main (  %)        temp (  %)       total (  %)
#  memory :          95 (  0)           0 (  0)          95 (  0)

#------------------------------------------------------------------------------
#newpage:
#   no. =  1   ie  =  1   iz  =  1   part. = proton  
#   e = (   0.0000E+00  -   1.0000E+03  )
#   z = (   9.8340E+01  -   9.8350E+01  )

'no. =  1,  ie =  1,  iz =  1'
msuc: {\huge [t-track] in xyz mesh}
msdr: {\it plotted by \ANGEL \version}
msdl: {\it calculated by \PHITS  3.35}

x: x [cm]
y: y [cm]
set: c1[ 1.375] c2[ 0.768] c5[ 0.800] c6[ 0.878] c7[ 0.250] c8[ 0.000]
p: h2fs form[c1] xfac[c2] afac[c5] scal[c6] xorg[c7] yorg[c8] nosp
set: c3[1.0e-4] c4[1.0]
p: cmin[c3] cmax[c4]
p: dmin(1e-31)
p: zlog
p: xmin( -4.000000    ) xmax(  4.000000    )
p: ymin( -6.000000    ) ymax(  5.000000    )
#  ny =  60   nx =  25
# ( ( data(x,y), x = 1, nx ), y = ny, 1, -1 )

hc:  y =   4.908333     to  -5.908333     by  0.1833333     ; x =  -3.840000     to   3.840000     by  0.3200000     ;
  8.055E-03  7.655E-03  7.332E-03  7.025E-03  6.725E-03  6.532E-03  6.326E-03  6.142E-03  6.041E-03  5.948E-03
  5.879E-03  5.818E-03  5.843E-03  5.843E-03  5.886E-03  5.977E-03  6.042E-03  6.186E-03  6.340E-03  6.531E-03
  6.714E-03  7.014E-03  7.314E-03  7.605E-03  8.014E-03  7.758E-03  7.391E-03  7.040E-03  6.734E-03  6.480E-03
  6.310E-03  6.109E-03  5.952E-03  5.851E-03  5.733E-03  5.709E-03  5.646E-03  5.646E-03  5.637E-03  5.691E-03
  5.730E-03  5.862E-03  5.926E-03  6.100E-03  6.265E-03  6.483E-03  6.739E-03  7.011E-03  7.335E-03  7.703E-03
  7.440E-03  7.129E-03  6.805E-03  6.470E-03  6.247E-03  6.061E-03  5.859E-03  5.712E-03  5.631E-03  5.565E-03
  5.493E-03  5.463E-03  5.444E-03  5.454E-03  5.496E-03  5.566E-03  5.608E-03  5.738E-03  5.898E-03  6.060E-03
  6.260E-03  6.496E-03  6.783E-03  7.064E-03  7.448E-03  7.222E-03  6.850E-03  6.545E-03  6.285E-03  6.058E-03
  5.874E-03  5.688E-03  5.583E-03  5.477E-03  5.398E-03  5.323E-03  5.314E-03  5.299E-03  5.286E-03  5.333E-03
  5.400E-03  5.471E-03  5.559E-03  5.724E-03  5.890E-03  6.023E-03  6.252E-03  6.568E-03  6.871E-03  7.192E-03
  6.958E-03  6.612E-03  6.313E-03  6.081E-03  5.861E-03  5.677E-03  5.535E-03  5.387E-03  5.319E-03  5.243E-03
  5.151E-03  5.169E-03  5.153E-03  5.111E-03  5.183E-03  5.218E-03  5.342E-03  5.413E-03  5.505E-03  5.651E-03
  5.883E-03  6.089E-03  6.358E-03  6.653E-03  6.956E-03  6.754E-03  6.425E-03  6.114E-03  5.888E-03  5.724E-03
  5.507E-03  5.376E-03  5.261E-03  5.174E-03  5.090E-03  5.052E-03  5.042E-03  5.014E-03  5.008E-03  5.034E-03
  5.093E-03  5.136E-03  5.252E-03  5.373E-03  5.489E-03  5.693E-03  5.887E-03  6.106E-03  6.424E-03  6.745E-03
  6.598E-03  6.241E-03  5.934E-03  5.757E-03  5.566E-03  5.382E-03  5.228E-03  5.097E-03  5.045E-03  4.955E-03
  4.938E-03  4.909E-03  4.900E-03  4.888E-03  4.909E-03  4.942E-03  5.029E-03  5.130E-03  5.253E-03  5.353E-03
  5.541E-03  5.709E-03  5.967E-03  6.292E-03  6.518E-03  6.357E-03  6.062E-03  5.783E-03  5.569E-03  5.403E-03
  5.229E-03  5.114E-03  5.002E-03  4.925E-03  4.859E-03  4.818E-03  4.802E-03  4.795E-03  4.789E-03  4.814E-03
  4.872E-03  4.912E-03  5.011E-03  5.119E-03  5.242E-03  5.388E-03  5.572E-03  5.778E-03  6.045E-03  6.320E-03
  6.193E-03  5.897E-03  5.649E-03  5.435E-03  5.235E-03  5.106E-03  5.003E-03  4.906E-03  4.839E-03  4.774E-03
  4.740E-03  4.711E-03  4.694E-03  4.700E-03  4.748E-03  4.774E-03  4.836E-03  4.891E-03  5.015E-03  5.122E-03
  5.267E-03  5.437E-03  5.660E-03  5.926E-03  6.207E-03  6.040E-03  5.775E-03  5.538E-03  5.319E-03  5.173E-03
  5.028E-03  4.896E-03  4.818E-03  4.753E-03  4.675E-03  4.648E-03  4.614E-03  4.629E-03  4.633E-03  4.647E-03
  4.695E-03  4.732E-03  4.846E-03  4.902E-03  5.017E-03  5.131E-03  5.309E-03  5.494E-03  5.755E-03  6.043E-03
  5.908E-03  5.606E-03  5.409E-03  5.207E-03  5.056E-03  4.921E-03  4.807E-03  4.733E-03  4.670E-03  4.609E-03
  4.607E-03  4.570E-03  4.571E-03  4.571E-03  4.583E-03  4.623E-03  4.665E-03  4.736E-03  4.823E-03  4.927E-03
  5.077E-03  5.214E-03  5.411E-03  5.631E-03  5.903E-03  5.750E-03  5.485E-03  5.290E-03  5.108E-03  4.947E-03
  4.823E-03  4.746E-03  4.676E-03  4.609E-03  4.574E-03  4.522E-03  4.510E-03  4.532E-03  4.542E-03  4.544E-03
  4.537E-03  4.604E-03  4.672E-03  4.732E-03  4.849E-03  4.937E-03  5.120E-03  5.284E-03  5.532E-03  5.768E-03
  5.636E-03  5.412E-03  5.189E-03  5.035E-03  4.858E-03  4.779E-03  4.666E-03  4.590E-03  4.552E-03  4.536E-03
  4.496E-03  4.474E-03  4.476E-03  4.467E-03  4.469E-03  4.506E-03  4.546E-03  4.619E-03  4.653E-03  4.778E-03
  4.868E-03  5.025E-03  5.195E-03  5.391E-03  5.643E-03  5.562E-03  5.304E-03  5.119E-03  4.934E-03  4.832E-03
  4.707E-03  4.629E-03  4.542E-03  4.501E-03  4.497E-03  4.480E-03  4.438E-03  4.447E-03  4.435E-03  4.443E-03
  4.494E-03  4.519E-03  4.557E-03  4.610E-03  4.686E-03  4.811E-03  4.931E-03  5.089E-03  5.309E-03  5.542E-03
  5.458E-03  5.226E-03  5.038E-03  4.881E-03  4.748E-03  4.657E-03  4.580E-03  4.512E-03  4.472E-03  4.449E-03
  4.431E-03  4.406E-03  4.420E-03  4.418E-03  4.433E-03  4.452E-03  4.472E-03  4.508E-03  4.576E-03  4.658E-03
  4.749E-03  4.877E-03  5.047E-03  5.236E-03  5.436E-03  5.356E-03  5.134E-03  4.940E-03  4.818E-03  4.678E-03
  4.602E-03  4.536E-03  4.483E-03  4.437E-03  4.445E-03  4.400E-03  4.413E-03  4.388E-03  4.423E-03  4.398E-03
  4.426E-03  4.448E-03  4.499E-03  4.529E-03  4.586E-03  4.681E-03  4.816E-03  4.964E-03  5.152E-03  5.392E-03
  5.274E-03  5.087E-03  4.920E-03  4.760E-03  4.637E-03  4.554E-03  4.498E-03  4.448E-03  4.437E-03  4.413E-03
  4.398E-03  4.400E-03  4.393E-03  4.397E-03  4.396E-03  4.420E-03  4.424E-03  4.441E-03  4.506E-03  4.560E-03
  4.647E-03  4.767E-03  4.896E-03  5.075E-03  5.290E-03  5.235E-03  5.035E-03  4.849E-03  4.718E-03  4.584E-03
  4.527E-03  4.481E-03  4.468E-03  4.433E-03  4.428E-03  4.422E-03  4.418E-03  4.418E-03  4.408E-03  4.421E-03
  4.425E-03  4.444E-03  4.450E-03  4.476E-03  4.529E-03  4.623E-03  4.742E-03  4.849E-03  5.030E-03  5.223E-03
  5.187E-03  4.964E-03  4.814E-03  4.665E-03  4.584E-03  4.498E-03  4.444E-03  4.444E-03  4.413E-03  4.421E-03
  4.422E-03  4.418E-03  4.418E-03  4.417E-03  4.418E-03  4.406E-03  4.428E-03  4.452E-03  4.458E-03  4.519E-03
  4.582E-03  4.674E-03  4.800E-03  4.957E-03  5.142E-03  5.127E-03  4.913E-03  4.766E-03  4.623E-03  4.541E-03
  4.479E-03  4.433E-03  4.436E-03  4.416E-03  4.413E-03  4.418E-03  4.411E-03  4.414E-03  4.426E-03  4.413E-03
  4.422E-03  4.431E-03  4.443E-03  4.455E-03  4.468E-03  4.534E-03  4.632E-03  4.784E-03  4.921E-03  5.131E-03
  5.075E-03  4.869E-03  4.740E-03  4.616E-03  4.543E-03  4.478E-03  4.434E-03  4.430E-03  4.420E-03  4.416E-03
  4.429E-03  4.442E-03  4.424E-03  4.431E-03  4.416E-03  4.429E-03  4.413E-03  4.417E-03  4.449E-03  4.460E-03
  4.515E-03  4.619E-03  4.730E-03  4.865E-03  5.071E-03  5.019E-03  4.851E-03  4.723E-03  4.597E-03  4.519E-03
  4.433E-03  4.431E-03  4.417E-03  4.424E-03  4.437E-03  4.441E-03  4.436E-03  4.463E-03  4.441E-03  4.434E-03
  4.428E-03  4.439E-03  4.407E-03  4.427E-03  4.475E-03  4.501E-03  4.604E-03  4.707E-03  4.846E-03  5.024E-03
  4.990E-03  4.819E-03  4.688E-03  4.596E-03  4.514E-03  4.456E-03  4.410E-03  4.432E-03  4.412E-03  4.450E-03
  4.442E-03  4.456E-03  4.470E-03  4.475E-03  4.451E-03  4.436E-03  4.425E-03  4.429E-03  4.411E-03  4.450E-03
  4.492E-03  4.573E-03  4.678E-03  4.795E-03  5.009E-03  4.979E-03  4.795E-03  4.659E-03  4.556E-03  4.495E-03
  4.447E-03  4.411E-03  4.419E-03  4.426E-03  4.446E-03  4.467E-03  4.473E-03  4.474E-03  4.480E-03  4.484E-03
  4.465E-03  4.449E-03  4.443E-03  4.413E-03  4.459E-03  4.501E-03  4.558E-03  4.672E-03  4.806E-03  5.006E-03
  4.947E-03  4.767E-03  4.654E-03  4.562E-03  4.479E-03  4.449E-03  4.403E-03  4.430E-03  4.436E-03  4.457E-03
  4.502E-03  4.483E-03  4.471E-03  4.503E-03  4.461E-03  4.440E-03  4.433E-03  4.412E-03  4.434E-03  4.443E-03
  4.483E-03  4.565E-03  4.652E-03  4.773E-03  4.972E-03  4.962E-03  4.783E-03  4.648E-03  4.547E-03  4.480E-03
  4.448E-03  4.420E-03  4.410E-03  4.427E-03  4.467E-03  4.468E-03  4.488E-03  4.499E-03  4.487E-03  4.491E-03
  4.456E-03  4.441E-03  4.445E-03  4.411E-03  4.436E-03  4.457E-03  4.527E-03  4.663E-03  4.773E-03  4.956E-03
  4.956E-03  4.772E-03  4.637E-03  4.545E-03  4.489E-03  4.421E-03  4.412E-03  4.421E-03  4.457E-03  4.445E-03
  4.486E-03  4.489E-03  4.500E-03  4.486E-03  4.493E-03  4.480E-03  4.448E-03  4.420E-03  4.419E-03  4.437E-03
  4.483E-03  4.529E-03  4.646E-03  4.762E-03  4.935E-03  4.956E-03  4.767E-03  4.656E-03  4.552E-03  4.464E-03
  4.430E-03  4.425E-03  4.433E-03  4.442E-03  4.455E-03  4.481E-03  4.510E-03  4.509E-03  4.514E-03  4.468E-03
  4.451E-03  4.453E-03  4.426E-03  4.407E-03  4.434E-03  4.489E-03  4.533E-03  4.630E-03  4.735E-03  4.934E-03
  4.932E-03  4.761E-03  4.614E-03  4.551E-03  4.473E-03  4.434E-03  4.404E-03  4.428E-03  4.429E-03  4.448E-03
  4.469E-03  4.507E-03  4.511E-03  4.498E-03  4.479E-03  4.473E-03  4.440E-03  4.437E-03  4.400E-03  4.448E-03
  4.449E-03  4.532E-03  4.636E-03  4.766E-03  4.959E-03  4.957E-03  4.789E-03  4.634E-03  4.540E-03  4.476E-03
  4.448E-03  4.423E-03  4.423E-03  4.444E-03  4.450E-03  4.461E-03  4.487E-03  4.509E-03  4.493E-03  4.480E-03
  4.471E-03  4.438E-03  4.434E-03  4.421E-03  4.436E-03  4.479E-03  4.549E-03  4.633E-03  4.778E-03  4.944E-03
  4.973E-03  4.790E-03  4.663E-03  4.552E-03  4.463E-03  4.432E-03  4.423E-03  4.428E-03  4.446E-03  4.475E-03
  4.467E-03  4.480E-03  4.479E-03  4.460E-03  4.464E-03  4.437E-03  4.454E-03  4.431E-03  4.410E-03  4.425E-03
  4.461E-03  4.554E-03  4.646E-03  4.810E-03  5.000E-03  4.985E-03  4.824E-03  4.656E-03  4.585E-03  4.478E-03
  4.422E-03  4.406E-03  4.435E-03  4.422E-03  4.433E-03  4.460E-03  4.467E-03  4.472E-03  4.462E-03  4.452E-03
  4.448E-03  4.419E-03  4.433E-03  4.427E-03  4.428E-03  4.494E-03  4.562E-03  4.666E-03  4.825E-03  4.987E-03
  4.999E-03  4.844E-03  4.704E-03  4.619E-03  4.494E-03  4.447E-03  4.409E-03  4.429E-03  4.427E-03  4.445E-03
  4.448E-03  4.464E-03  4.450E-03  4.466E-03  4.452E-03  4.445E-03  4.407E-03  4.401E-03  4.424E-03  4.448E-03
  4.512E-03  4.590E-03  4.697E-03  4.837E-03  5.004E-03  5.066E-03  4.872E-03  4.704E-03  4.606E-03  4.496E-03
  4.457E-03  4.437E-03  4.441E-03  4.419E-03  4.424E-03  4.431E-03  4.430E-03  4.439E-03  4.443E-03  4.425E-03
  4.428E-03  4.438E-03  4.418E-03  4.429E-03  4.466E-03  4.504E-03  4.596E-03  4.732E-03  4.867E-03  5.047E-03
  5.115E-03  4.916E-03  4.742E-03  4.632E-03  6.160E-03  6.431E-03  6.384E-03  6.436E-03  6.376E-03  6.410E-03
  6.408E-03  6.430E-03  6.434E-03  6.446E-03  6.441E-03  6.397E-03  6.445E-03  6.402E-03  6.400E-03  6.453E-03
  6.080E-03  4.643E-03  4.747E-03  4.917E-03  5.071E-03  5.146E-03  4.964E-03  4.769E-03  4.688E-03  1.777E-02
  0.000E+00  0.000E+00  0.000E+00  0.000E+00  0.000E+00  0.000E+00  0.000E+00  0.000E+00  0.000E+00  0.000E+00
  0.000E+00  0.000E+00  0.000E+00  0.000E+00  0.000E+00  1.494E-02  4.674E-03  4.814E-03  4.938E-03  5.140E-03
  5.182E-03  4.989E-03  4.845E-03  4.712E-03  1.844E-02  0.000E+00  0.000E+00  0.000E+00  0.000E+00  0.000E+00
  0.000E+00  0.000E+00  0.000E+00  0.000E+00  0.000E+00  0.000E+00  0.000E+00  0.000E+00  0.000E+00  0.000E+00
  1.490E-02  4.709E-03  4.828E-03  4.985E-03  5.194E-03  5.243E-03  5.055E-03  4.868E-03  4.777E-03  1.842E-02
  0.000E+00  0.000E+00  0.000E+00  0.000E+00  0.000E+00  0.000E+00  0.000E+00  0.000E+00  0.000E+00  0.000E+00
  0.000E+00  0.000E+00  0.000E+00  0.000E+00  0.000E+00  1.538E-02  4.751E-03  4.872E-03  5.050E-03  5.229E-03
  5.350E-03  5.088E-03  4.934E-03  4.860E-03  1.870E-02  0.000E+00  0.000E+00  1.000E+00  0.000E+00  0.000E+00
  0.000E+00  0.000E+00  0.000E+00  0.000E+00  0.000E+00  0.000E+00  0.000E+00  0.000E+00  0.000E+00  0.000E+00
  1.541E-02  4.809E-03  4.915E-03  5.106E-03  5.318E-03  5.406E-03  5.181E-03  5.015E-03  4.891E-03  1.900E-02
  0.000E+00  0.000E+00  1.000E+00  0.000E+00  0.000E+00  0.000E+00  0.000E+00  0.000E+00  0.000E+00  0.000E+00
  0.000E+00  0.000E+00  0.000E+00  0.000E+00  0.000E+00  1.564E-02  4.846E-03  4.997E-03  5.180E-03  5.396E-03
  5.491E-03  5.252E-03  5.041E-03  4.966E-03  1.932E-02  0.000E+00  0.000E+00  0.000E+00  0.000E+00  0.000E+00
  0.000E+00  0.000E+00  0.000E+00  0.000E+00  0.000E+00  0.000E+00  0.000E+00  0.000E+00  0.000E+00  0.000E+00
  1.599E-02  4.923E-03  5.074E-03  5.273E-03  5.503E-03  5.608E-03  5.364E-03  5.170E-03  5.039E-03  1.980E-02
  0.000E+00  0.000E+00  0.000E+00  0.000E+00  0.000E+00  0.000E+00  0.000E+00  0.000E+00  0.000E+00  0.000E+00
  0.000E+00  0.000E+00  0.000E+00  0.000E+00  0.000E+00  1.626E-02  5.009E-03  5.149E-03  5.354E-03  5.594E-03
  5.694E-03  5.440E-03  5.221E-03  5.111E-03  2.026E-02  0.000E+00  0.000E+00  0.000E+00  0.000E+00  0.000E+00
  0.000E+00  0.000E+00  0.000E+00  0.000E+00  0.000E+00  0.000E+00  0.000E+00  0.000E+00  0.000E+00  0.000E+00
  1.667E-02  5.081E-03  5.247E-03  5.459E-03  5.697E-03  5.803E-03  5.539E-03  5.338E-03  5.228E-03  2.046E-02
  0.000E+00  0.000E+00  0.000E+00  0.000E+00  0.000E+00  0.000E+00  0.000E+00  0.000E+00  0.000E+00  0.000E+00
  0.000E+00  0.000E+00  0.000E+00  0.000E+00  0.000E+00  1.697E-02  5.191E-03  5.315E-03  5.564E-03  5.821E-03
  5.956E-03  5.705E-03  5.463E-03  5.325E-03  2.106E-02  0.000E+00  0.000E+00  0.000E+00  0.000E+00  0.000E+00
  0.000E+00  0.000E+00  0.000E+00  0.000E+00  0.000E+00  0.000E+00  0.000E+00  0.000E+00  0.000E+00  0.000E+00
  1.724E-02  5.319E-03  5.490E-03  5.710E-03  5.970E-03  6.108E-03  5.803E-03  5.591E-03  5.435E-03  2.181E-02
  0.000E+00  0.000E+00  0.000E+00  0.000E+00  0.000E+00  0.000E+00  0.000E+00  0.000E+00  0.000E+00  0.000E+00
  0.000E+00  0.000E+00  0.000E+00  0.000E+00  0.000E+00  1.802E-02  5.423E-03  5.603E-03  5.835E-03  6.111E-03
  6.283E-03  5.977E-03  5.692E-03  5.554E-03  2.246E-02  0.000E+00  0.000E+00  0.000E+00  0.000E+00  0.000E+00
  0.000E+00  0.000E+00  0.000E+00  0.000E+00  0.000E+00  0.000E+00  0.000E+00  0.000E+00  0.000E+00  0.000E+00
  1.830E-02  5.568E-03  5.726E-03  5.976E-03  6.267E-03  6.423E-03  6.148E-03  5.848E-03  5.712E-03  2.342E-02
  0.000E+00  0.000E+00  0.000E+00  0.000E+00  0.000E+00  0.000E+00  0.000E+00  0.000E+00  0.000E+00  0.000E+00
  0.000E+00  0.000E+00  0.000E+00  0.000E+00  0.000E+00  1.892E-02  5.690E-03  5.903E-03  6.133E-03  6.426E-03
  6.670E-03  6.280E-03  6.045E-03  5.888E-03  2.374E-02  0.000E+00  0.000E+00  0.000E+00  0.000E+00  0.000E+00
  0.000E+00  0.000E+00  0.000E+00  0.000E+00  0.000E+00  0.000E+00  0.000E+00  0.000E+00  0.000E+00  0.000E+00
  1.963E-02  5.849E-03  6.029E-03  6.292E-03  6.634E-03  6.829E-03  6.523E-03  6.203E-03  6.041E-03  2.471E-02
  0.000E+00  0.000E+00  0.000E+00  0.000E+00  0.000E+00  0.000E+00  0.000E+00  0.000E+00  0.000E+00  0.000E+00
  0.000E+00  0.000E+00  0.000E+00  0.000E+00  0.000E+00  2.019E-02  6.031E-03  6.237E-03  6.477E-03  6.860E-03
  7.049E-03  6.743E-03  6.405E-03  6.260E-03  2.598E-02  0.000E+00  0.000E+00  0.000E+00  0.000E+00  0.000E+00
  0.000E+00  0.000E+00  0.000E+00  0.000E+00  0.000E+00  0.000E+00  0.000E+00  0.000E+00  0.000E+00  0.000E+00
  2.096E-02  6.227E-03  6.443E-03  6.700E-03  7.061E-03  7.337E-03  6.963E-03  6.660E-03  6.443E-03  2.629E-02
  0.000E+00  0.000E+00  0.000E+00  0.000E+00  0.000E+00  0.000E+00  0.000E+00  0.000E+00  0.000E+00  0.000E+00
  0.000E+00  0.000E+00  0.000E+00  0.000E+00  0.000E+00  2.135E-02  6.419E-03  6.683E-03  6.969E-03  7.316E-03
  7.603E-03  7.177E-03  6.897E-03  6.714E-03  2.670E-02  0.000E+00  0.000E+00  0.000E+00  0.000E+00  0.000E+00
  0.000E+00  0.000E+00  0.000E+00  0.000E+00  0.000E+00  0.000E+00  0.000E+00  0.000E+00  0.000E+00  0.000E+00
  2.257E-02  6.660E-03  6.904E-03  7.252E-03  7.617E-03  7.922E-03  7.496E-03  7.109E-03  6.956E-03  2.805E-02
  0.000E+00  0.000E+00  0.000E+00  0.000E+00  0.000E+00  0.000E+00  0.000E+00  0.000E+00  0.000E+00  0.000E+00
  0.000E+00  0.000E+00  0.000E+00  0.000E+00  0.000E+00  2.348E-02  6.899E-03  7.107E-03  7.507E-03  7.909E-03
  8.235E-03  7.798E-03  7.382E-03  7.278E-03  2.965E-02  0.000E+00  0.000E+00  0.000E+00  0.000E+00  0.000E+00
  0.000E+00  0.000E+00  0.000E+00  0.000E+00  0.000E+00  0.000E+00  0.000E+00  0.000E+00  0.000E+00  0.000E+00
  2.398E-02  7.137E-03  7.449E-03  7.788E-03  8.205E-03  8.528E-03  8.126E-03  7.754E-03  7.538E-03  3.033E-02
  0.000E+00  0.000E+00  0.000E+00  0.000E+00  0.000E+00  0.000E+00  0.000E+00  0.000E+00  0.000E+00  0.000E+00
  0.000E+00  0.000E+00  0.000E+00  0.000E+00  0.000E+00  2.552E-02  7.460E-03  7.724E-03  8.157E-03  8.593E-03
  8.927E-03  8.513E-03  8.088E-03  7.861E-03  3.236E-02  0.000E+00  0.000E+00  0.000E+00  0.000E+00  0.000E+00
  0.000E+00  0.000E+00  0.000E+00  0.000E+00  0.000E+00  0.000E+00  0.000E+00  0.000E+00  0.000E+00  0.000E+00
  2.748E-02  7.750E-03  8.071E-03  8.457E-03  8.889E-03  9.408E-03  8.859E-03  8.419E-03  8.197E-03  3.377E-02
  0.000E+00  0.000E+00  0.000E+00  0.000E+00  0.000E+00  0.000E+00  0.000E+00  0.000E+00  0.000E+00  0.000E+00
  0.000E+00  0.000E+00  0.000E+00  0.000E+00  0.000E+00  2.749E-02  8.155E-03  8.464E-03  8.815E-03  9.336E-03
  9.814E-03  9.346E-03  8.855E-03  8.625E-03  3.659E-02  0.000E+00  0.000E+00  0.000E+00  0.000E+00  0.000E+00
  0.000E+00  0.000E+00  0.000E+00  0.000E+00  0.000E+00  0.000E+00  0.000E+00  0.000E+00  0.000E+00  0.000E+00
  2.873E-02  8.534E-03  8.852E-03  9.311E-03  9.796E-03  1.018E-02  9.777E-03  9.257E-03  9.045E-03  3.688E-02
  0.000E+00  0.000E+00  0.000E+00  0.000E+00  0.000E+00  0.000E+00  0.000E+00  0.000E+00  0.000E+00  0.000E+00
  0.000E+00  0.000E+00  0.000E+00  0.000E+00  0.000E+00  3.080E-02  8.974E-03  9.267E-03  9.734E-03  1.031E-02

#------------------------------------------------------------------------------
# gshow
#------------------------------------------------------------------------------

p: legs[c5*0.875]

hb:   line clip z  
frame:
 -3.9999905E+00 -5.9999746E+00
  4.0000095E+00 -5.9999746E+00
  4.0000095E+00  5.0000254E+00
 -3.9999905E+00  5.0000254E+00
clip:
 -4.30768243E+00 -6.18030207E+00
 -2.62100000E+00 -6.18030207E+00
 -2.62100000E+00 -6.01095427E+00
 -2.62100000E+00 -5.99095780E+00
 -2.62100000E+00 -5.82161000E+00
 -2.62100000E+00 -5.80161354E+00
 -2.62100000E+00 -5.63226574E+00
 -2.62100000E+00 -5.61226928E+00
 -2.62100000E+00 -5.44292148E+00
 -2.62100000E+00 -5.42292502E+00
 -2.62100000E+00 -5.25357722E+00
 -2.62100000E+00 -5.23358075E+00
 -2.62100000E+00 -5.06423295E+00
 -2.62100000E+00 -5.04423649E+00
 -2.62100000E+00 -4.87488869E+00
 -2.62100000E+00 -4.85489223E+00
 -2.62100000E+00 -4.68554443E+00
 -2.62100000E+00 -4.66554797E+00
 -2.62100000E+00 -4.49620017E+00
 -2.62100000E+00 -4.47620371E+00
 -2.62100000E+00 -4.30685590E+00
 -2.62100000E+00 -4.28685944E+00
 -2.62100000E+00 -4.11751164E+00
 -2.62100000E+00 -4.09751518E+00
 -2.62100000E+00 -3.92816738E+00
 -2.62100000E+00 -3.90817092E+00
 -2.62100000E+00 -3.73882312E+00
 -2.62100000E+00 -3.71882666E+00
 -2.62100000E+00 -3.54947886E+00
 -2.62100000E+00 -3.52948239E+00
 -2.62100000E+00 -3.36013459E+00
 -2.62100000E+00 -3.34013813E+00
 -2.62100000E+00 -3.17079033E+00
 -2.62100000E+00 -3.15079387E+00
 -2.62100000E+00 -2.98144607E+00
 -2.62100000E+00 -2.96144961E+00
 -2.62100000E+00 -2.79210181E+00
 -2.62100000E+00 -2.77210535E+00
 -2.62100000E+00 -2.60275754E+00
 -2.62100000E+00 -2.58276108E+00
 -2.62100000E+00 -2.41341328E+00
 -2.62100000E+00 -2.39341682E+00
 -2.62100000E+00 -2.22406902E+00
 -2.62100000E+00 -2.20407256E+00
 -2.62100000E+00 -2.03472476E+00
 -2.62100000E+00 -2.01472830E+00
 -2.62100000E+00 -1.84538049E+00
 -2.62100000E+00 -1.82538403E+00
 -2.62100000E+00 -1.65603623E+00
 -2.62100000E+00 -1.63603977E+00
 -2.62100000E+00 -1.46669197E+00
 -2.58460551E+00 -1.31850000E+00
 -2.47331193E+00 -1.31850000E+00
 -2.23999012E+00 -1.31850000E+00
 -2.05000000E+00 -1.25735125E+00
 -2.05000000E+00 -1.15296374E+00
 -2.05000000E+00 -1.06800698E+00
 -2.05000000E+00 -9.63619481E-01
 -2.05000000E+00 -8.78662722E-01
 -2.05000000E+00 -7.74275218E-01
 -2.05000000E+00 -6.89318460E-01
 -2.05000000E+00 -5.84930956E-01
 -2.05000000E+00 -4.99974198E-01
 -2.05000000E+00 -3.95586694E-01
 -2.05000000E+00 -3.10629935E-01
 -2.05000000E+00 -2.06242431E-01
 -2.05000000E+00 -1.21285673E-01
 -2.05000000E+00 -1.68981691E-02
 -2.05000000E+00  6.80585894E-02
 -2.05000000E+00  1.72446093E-01
 -2.05000000E+00  2.57402852E-01
 -2.05000000E+00  3.61790355E-01
 -2.05000000E+00  4.46747114E-01
 -2.05000000E+00  5.51134618E-01
 -2.05000000E+00  6.36091376E-01
 -2.05000000E+00  7.40478880E-01
 -2.05000000E+00  8.25435639E-01
 -2.05000000E+00  9.29823142E-01
 -2.05000000E+00  1.01477990E+00
 -2.05000000E+00  1.11916740E+00
 -2.05000000E+00  1.20412416E+00
 -2.05000000E+00  1.30851167E+00
 -2.05000000E+00  1.39346843E+00
 -2.05000000E+00  1.49785593E+00
 -2.05000000E+00  1.58281269E+00
 -2.05000000E+00  1.68720019E+00
 -2.05000000E+00  1.77215695E+00
 -2.05000000E+00  1.87654445E+00
 -2.05000000E+00  1.96150121E+00
 -2.05000000E+00  2.06588872E+00
 -1.89537474E+00  2.18150000E+00
 -1.60655202E+00  2.18150000E+00
  1.89539449E+00  2.18150000E+00
  2.05000000E+00  2.15084547E+00
  2.05000000E+00  2.04644712E+00
  2.05000000E+00  1.96150121E+00
  2.05000000E+00  1.85710286E+00
  2.05000000E+00  1.77215695E+00
  2.05000000E+00  1.66775859E+00
  2.05000000E+00  1.58281269E+00
  2.05000000E+00  1.47841433E+00
  2.05000000E+00  1.39346843E+00
  2.05000000E+00  1.28907007E+00
  2.05000000E+00  1.20412416E+00
  2.05000000E+00  1.09972581E+00
  2.05000000E+00  1.01477990E+00
  2.05000000E+00  9.10381544E-01
  2.05000000E+00  8.25435639E-01
  2.05000000E+00  7.21037282E-01
  2.05000000E+00  6.36091376E-01
  2.05000000E+00  5.31693019E-01
  2.05000000E+00  4.46747114E-01
  2.05000000E+00  3.42348757E-01
  2.05000000E+00  2.57402852E-01
  2.05000000E+00  1.53004495E-01
  2.05000000E+00  6.80585894E-02
  2.05000000E+00 -3.63397675E-02
  2.05000000E+00 -1.21285673E-01
  2.05000000E+00 -2.25684030E-01
  2.05000000E+00 -3.10629935E-01
  2.05000000E+00 -4.15028292E-01
  2.05000000E+00 -4.99974198E-01
  2.05000000E+00 -6.04372554E-01
  2.05000000E+00 -6.89318460E-01
  2.05000000E+00 -7.93716817E-01
  2.05000000E+00 -8.78662722E-01
  2.05000000E+00 -9.83061079E-01
  2.05000000E+00 -1.06800698E+00
  2.05000000E+00 -1.17240534E+00
  2.12871629E+00 -1.31850000E+00
  2.24000988E+00 -1.31850000E+00
  2.35130346E+00 -1.31850000E+00
  2.58462526E+00 -1.31850000E+00
  2.60900000E+00 -1.62264740E+00
  2.60900000E+00 -6.18030207E+00
  2.92924065E+00 -6.18030207E+00
  3.27385603E+00 -6.18030207E+00
  3.61847142E+00 -6.18030207E+00
  3.96308680E+00 -6.18030207E+00
  4.30770218E+00 -6.18030207E+00
  4.30770218E+00 -5.99095780E+00
  4.30770218E+00 -5.80161354E+00
  4.30770218E+00 -5.61226928E+00
  4.30770218E+00 -5.42292502E+00
  4.30770218E+00 -5.23358075E+00
  4.30770218E+00 -5.04423649E+00
  4.30770218E+00 -4.85489223E+00
  4.30770218E+00 -4.66554797E+00
  4.30770218E+00 -4.47620371E+00
  4.30770218E+00 -4.28685944E+00
  4.30770218E+00 -4.09751518E+00
  4.30770218E+00 -3.90817092E+00
  4.30770218E+00 -3.71882666E+00
  4.30770218E+00 -3.52948239E+00
  4.30770218E+00 -3.34013813E+00
  4.30770218E+00 -3.15079387E+00
  4.30770218E+00 -2.96144961E+00
  4.30770218E+00 -2.77210535E+00
  4.30770218E+00 -2.58276108E+00
  4.30770218E+00 -2.39341682E+00
  4.30770218E+00 -2.20407256E+00
  4.30770218E+00 -2.01472830E+00
  4.30770218E+00 -1.82538403E+00
  4.30770218E+00 -1.63603977E+00
  4.30770218E+00 -1.44669551E+00
  4.30770218E+00 -1.25735125E+00
  4.30770218E+00 -1.06800698E+00
  4.30770218E+00 -8.78662722E-01
  4.30770218E+00 -6.89318460E-01
  4.30770218E+00 -4.99974198E-01
  4.30770218E+00 -3.10629935E-01
  4.30770218E+00 -1.21285673E-01
  4.30770218E+00  6.80585894E-02
  4.30770218E+00  2.57402852E-01
  4.30770218E+00  4.46747114E-01
  4.30770218E+00  6.36091376E-01
  4.30770218E+00  8.25435639E-01
  4.30770218E+00  1.01477990E+00
  4.30770218E+00  1.20412416E+00
  4.30770218E+00  1.39346843E+00
  4.30770218E+00  1.58281269E+00
  4.30770218E+00  1.77215695E+00
  4.30770218E+00  1.96150121E+00
  4.30770218E+00  2.15084547E+00
  4.30770218E+00  2.34018974E+00
  4.30770218E+00  2.52953400E+00
  4.30770218E+00  2.71887826E+00
  4.30770218E+00  2.90822252E+00
  4.30770218E+00  3.09756679E+00
  4.30770218E+00  3.28691105E+00
  4.30770218E+00  3.47625531E+00
  4.30770218E+00  3.66559957E+00
  4.30770218E+00  3.85494384E+00
  4.30770218E+00  4.04428810E+00
  4.30770218E+00  4.23363236E+00
  4.30770218E+00  4.42297662E+00
  4.30770218E+00  4.61232088E+00
  4.30770218E+00  4.80166515E+00
  4.30770218E+00  4.99100941E+00
  4.30770218E+00  5.18035367E+00
  3.96308680E+00  5.18035367E+00
  3.61847142E+00  5.18035367E+00
  3.27385603E+00  5.18035367E+00
  2.92924065E+00  5.18035367E+00
  2.58462526E+00  5.18035367E+00
  2.24000988E+00  5.18035367E+00
  1.89539449E+00  5.18035367E+00
  1.55077911E+00  5.18035367E+00
  1.20616372E+00  5.18035367E+00
  8.61548338E-01  5.18035367E+00
  5.16932953E-01  5.18035367E+00
  1.72317569E-01  5.18035367E+00
 -1.72297816E-01  5.18035367E+00
 -5.16913200E-01  5.18035367E+00
 -8.61528585E-01  5.18035367E+00
 -1.20614397E+00  5.18035367E+00
 -1.55075935E+00  5.18035367E+00
 -1.89537474E+00  5.18035367E+00
 -2.23999012E+00  5.18035367E+00
 -2.58460551E+00  5.18035367E+00
 -2.92922089E+00  5.18035367E+00
 -3.27383628E+00  5.18035367E+00
 -3.61845166E+00  5.18035367E+00
 -3.96306705E+00  5.18035367E+00
 -4.30768243E+00  4.99100941E+00
 -4.30768243E+00 -6.18030207E+00

hb:   line clip z  
frame:
 -3.9999905E+00 -5.9999746E+00
  4.0000095E+00 -5.9999746E+00
  4.0000095E+00  5.0000254E+00
 -3.9999905E+00  5.0000254E+00
clip:
 -2.58460551E+00 -6.18030207E+00
 -2.37100000E+00 -6.18030207E+00
 -2.37100000E+00 -6.06293941E+00
 -2.37100000E+00 -5.99095780E+00
 -2.37100000E+00 -5.87359515E+00
 -2.37100000E+00 -5.80161354E+00
 -2.37100000E+00 -5.68425088E+00
 -2.37100000E+00 -5.61226928E+00
 -2.37100000E+00 -5.49490662E+00
 -2.37100000E+00 -5.42292502E+00
 -2.37100000E+00 -5.30556236E+00
 -2.37100000E+00 -5.23358075E+00
 -2.37100000E+00 -5.11621810E+00
 -2.37100000E+00 -5.04423649E+00
 -2.37100000E+00 -4.92687384E+00
 -2.37100000E+00 -4.85489223E+00
 -2.37100000E+00 -4.73752957E+00
 -2.37100000E+00 -4.66554797E+00
 -2.37100000E+00 -4.54818531E+00
 -2.37100000E+00 -4.47620371E+00
 -2.37100000E+00 -4.35884105E+00
 -2.37100000E+00 -4.28685944E+00
 -2.37100000E+00 -4.16949679E+00
 -2.37100000E+00 -4.09751518E+00
 -2.37100000E+00 -3.98015252E+00
 -2.37100000E+00 -3.90817092E+00
 -2.37100000E+00 -3.79080826E+00
 -2.37100000E+00 -3.71882666E+00
 -2.37100000E+00 -3.60146400E+00
 -2.37100000E+00 -3.52948239E+00
 -2.37100000E+00 -3.41211974E+00
 -2.37100000E+00 -3.34013813E+00
 -2.37100000E+00 -3.22277547E+00
 -2.37100000E+00 -3.15079387E+00
 -2.37100000E+00 -3.03343121E+00
 -2.37100000E+00 -2.96144961E+00
 -2.37100000E+00 -2.84408695E+00
 -2.37100000E+00 -2.77210535E+00
 -2.37100000E+00 -2.65474269E+00
 -2.37100000E+00 -2.58276108E+00
 -2.37100000E+00 -2.46539843E+00
 -2.37100000E+00 -2.39341682E+00
 -2.37100000E+00 -2.27605416E+00
 -2.37100000E+00 -2.20407256E+00
 -2.37100000E+00 -2.08670990E+00
 -2.37100000E+00 -2.01472830E+00
 -2.37100000E+00 -1.89736564E+00
 -2.37100000E+00 -1.82538403E+00
 -2.37100000E+00 -1.70802138E+00
 -2.23999012E+00 -1.56850000E+00
 -2.01830027E+00 -1.56850000E+00
 -1.75000000E+00 -1.52656969E+00
 -1.75000000E+00 -1.44669551E+00
 -1.75000000E+00 -1.36682132E+00
 -1.89537474E+00 -1.31850000E+00
 -2.12869654E+00 -1.31850000E+00
 -2.23999012E+00 -1.31850000E+00
 -2.47331193E+00 -1.31850000E+00
 -2.58460551E+00 -1.31850000E+00
 -2.62100000E+00 -1.42669905E+00
 -2.62100000E+00 -1.44669551E+00
 -2.62100000E+00 -1.46669197E+00
 -2.62100000E+00 -1.63603977E+00
 -2.62100000E+00 -1.65603623E+00
 -2.62100000E+00 -1.82538403E+00
 -2.62100000E+00 -1.84538049E+00
 -2.62100000E+00 -2.01472830E+00
 -2.62100000E+00 -2.03472476E+00
 -2.62100000E+00 -2.20407256E+00
 -2.62100000E+00 -2.22406902E+00
 -2.62100000E+00 -2.39341682E+00
 -2.62100000E+00 -2.41341328E+00
 -2.62100000E+00 -2.58276108E+00
 -2.62100000E+00 -2.60275754E+00
 -2.62100000E+00 -2.77210535E+00
 -2.62100000E+00 -2.79210181E+00
 -2.62100000E+00 -2.96144961E+00
 -2.62100000E+00 -2.98144607E+00
 -2.62100000E+00 -3.15079387E+00
 -2.62100000E+00 -3.17079033E+00
 -2.62100000E+00 -3.34013813E+00
 -2.62100000E+00 -3.36013459E+00
 -2.62100000E+00 -3.52948239E+00
 -2.62100000E+00 -3.54947886E+00
 -2.62100000E+00 -3.71882666E+00
 -2.62100000E+00 -3.73882312E+00
 -2.62100000E+00 -3.90817092E+00
 -2.62100000E+00 -3.92816738E+00
 -2.62100000E+00 -4.09751518E+00
 -2.62100000E+00 -4.11751164E+00
 -2.62100000E+00 -4.28685944E+00
 -2.62100000E+00 -4.30685590E+00
 -2.62100000E+00 -4.47620371E+00
 -2.62100000E+00 -4.49620017E+00
 -2.62100000E+00 -4.66554797E+00
 -2.62100000E+00 -4.68554443E+00
 -2.62100000E+00 -4.85489223E+00
 -2.62100000E+00 -4.87488869E+00
 -2.62100000E+00 -5.04423649E+00
 -2.62100000E+00 -5.06423295E+00
 -2.62100000E+00 -5.23358075E+00
 -2.62100000E+00 -5.25357722E+00
 -2.62100000E+00 -5.42292502E+00
 -2.62100000E+00 -5.44292148E+00
 -2.62100000E+00 -5.61226928E+00
 -2.62100000E+00 -5.63226574E+00
 -2.62100000E+00 -5.80161354E+00
 -2.62100000E+00 -5.82161000E+00
 -2.62100000E+00 -5.99095780E+00
 -2.62100000E+00 -6.01095427E+00
 -2.62100000E+00 -6.18030207E+00

hb:   line clip z  
frame:
 -3.9999905E+00 -5.9999746E+00
  4.0000095E+00 -5.9999746E+00
  4.0000095E+00  5.0000254E+00
 -3.9999905E+00  5.0000254E+00
clip:
 -2.23999012E+00 -6.18030207E+00
 -1.92536279E+00 -6.18030207E+00
 -1.91218279E+00 -6.00019276E+00
 -1.87583794E+00 -5.60153505E+00
 -1.82830647E+00 -5.19673100E+00
 -1.77920214E+00 -4.85489223E+00
 -1.73256437E+00 -4.57609401E+00
 -1.67735823E+00 -4.28685944E+00
 -1.63712496E+00 -4.09751518E+00
 -1.59336636E+00 -3.90817092E+00
 -1.54494412E+00 -3.71563156E+00
 -1.48334907E+00 -3.49244472E+00
 -1.41372925E+00 -3.26484879E+00
 -1.33419781E+00 -3.03180706E+00
 -1.24184790E+00 -2.79172239E+00
 -1.20614397E+00 -2.70665367E+00
 -1.16203259E+00 -2.60699748E+00
 -1.13175003E+00 -2.54188634E+00
 -1.05777407E+00 -2.39341682E+00
 -9.94139312E-01 -2.27693373E+00
 -9.51351543E-01 -2.20407256E+00
 -8.61528585E-01 -2.06450923E+00
 -8.26477566E-01 -2.01472830E+00
 -6.72866096E-01 -1.82538403E+00
 -4.85640631E-01 -1.65322206E+00
 -3.93987668E-01 -1.56850000E+00
 -5.16913200E-01 -1.56850000E+00
 -6.39838733E-01 -1.56850000E+00
 -8.61528585E-01 -1.56850000E+00
 -9.84454117E-01 -1.56850000E+00
 -1.20614397E+00 -1.56850000E+00
 -1.32906950E+00 -1.56850000E+00
 -1.55075935E+00 -1.56850000E+00
 -1.67368489E+00 -1.56850000E+00
 -1.89537474E+00 -1.56850000E+00
 -2.01830027E+00 -1.56850000E+00
 -2.23999012E+00 -1.56850000E+00
 -2.36291566E+00 -1.56850000E+00
 -2.37100000E+00 -1.63603977E+00
 -2.37100000E+00 -1.70802138E+00
 -2.37100000E+00 -1.82538403E+00
 -2.37100000E+00 -1.89736564E+00
 -2.37100000E+00 -2.01472830E+00
 -2.37100000E+00 -2.08670990E+00
 -2.37100000E+00 -2.20407256E+00
 -2.37100000E+00 -2.27605416E+00
 -2.37100000E+00 -2.39341682E+00
 -2.37100000E+00 -2.46539843E+00
 -2.37100000E+00 -2.58276108E+00
 -2.37100000E+00 -2.65474269E+00
 -2.37100000E+00 -2.77210535E+00
 -2.37100000E+00 -2.84408695E+00
 -2.37100000E+00 -2.96144961E+00
 -2.37100000E+00 -3.03343121E+00
 -2.37100000E+00 -3.15079387E+00
 -2.37100000E+00 -3.22277547E+00
 -2.37100000E+00 -3.34013813E+00
 -2.37100000E+00 -3.41211974E+00
 -2.37100000E+00 -3.52948239E+00
 -2.37100000E+00 -3.60146400E+00
 -2.37100000E+00 -3.71882666E+00
 -2.37100000E+00 -3.79080826E+00
 -2.37100000E+00 -3.90817092E+00
 -2.37100000E+00 -3.98015252E+00
 -2.37100000E+00 -4.09751518E+00
 -2.37100000E+00 -4.16949679E+00
 -2.37100000E+00 -4.28685944E+00
 -2.37100000E+00 -4.35884105E+00
 -2.37100000E+00 -4.47620371E+00
 -2.37100000E+00 -4.54818531E+00
 -2.37100000E+00 -4.66554797E+00
 -2.37100000E+00 -4.73752957E+00
 -2.37100000E+00 -4.85489223E+00
 -2.37100000E+00 -4.92687384E+00
 -2.37100000E+00 -5.04423649E+00
 -2.37100000E+00 -5.11621810E+00
 -2.37100000E+00 -5.23358075E+00
 -2.37100000E+00 -5.30556236E+00
 -2.37100000E+00 -5.42292502E+00
 -2.37100000E+00 -5.49490662E+00
 -2.37100000E+00 -5.61226928E+00
 -2.37100000E+00 -5.68425088E+00
 -2.37100000E+00 -5.80161354E+00
 -2.37100000E+00 -5.87359515E+00
 -2.37100000E+00 -5.99095780E+00
 -2.37100000E+00 -6.06293941E+00
 -2.37100000E+00 -6.18030207E+00

hb:   line clip z  
frame:
 -3.9999905E+00 -5.9999746E+00
  4.0000095E+00 -5.9999746E+00
  4.0000095E+00  5.0000254E+00
 -3.9999905E+00  5.0000254E+00
clip:
 -1.89537474E+00 -6.18030207E+00
  1.91336279E+00 -6.18030207E+00
  1.91271564E+00 -6.17078519E+00
  1.89945356E+00 -5.99095780E+00
  1.89539449E+00 -5.94072147E+00
  1.88333482E+00 -5.80161354E+00
  1.86657540E+00 -5.62810354E+00
  1.86494946E+00 -5.61226928E+00
  1.84726660E+00 -5.44936823E+00
  1.84422993E+00 -5.42292502E+00
  1.82595644E+00 -5.27173255E+00
  1.82109681E+00 -5.23358075E+00
  1.80261261E+00 -5.09521424E+00
  1.79545712E+00 -5.04423649E+00
  1.77719544E+00 -4.91983510E+00
  1.76720214E+00 -4.85489223E+00
  1.74965712E+00 -4.74562140E+00
  1.73620462E+00 -4.66554797E+00
  1.71994091E+00 -4.57260430E+00
  1.70231528E+00 -4.47620371E+00
  1.68798004E+00 -4.40082051E+00
  1.66535823E+00 -4.28685944E+00
  1.65369635E+00 -4.23031296E+00
  1.62512496E+00 -4.09751518E+00
  1.61699862E+00 -4.06113176E+00
  1.58136636E+00 -3.90817092E+00
  1.57778046E+00 -3.89333539E+00
  1.55077911E+00 -3.78464947E+00
  1.53378192E+00 -3.71882666E+00
  1.49126451E+00 -3.56218189E+00
  1.48200464E+00 -3.52948239E+00
  1.44364994E+00 -3.39899880E+00
  1.42557966E+00 -3.34013813E+00
  1.39287117E+00 -3.23755425E+00
  1.36393280E+00 -3.15079387E+00
  1.33868625E+00 -3.07798116E+00
  1.29632273E+00 -2.96144961E+00
  1.28080358E+00 -2.92043975E+00
  1.22176471E+00 -2.77210535E+00
  1.21886738E+00 -2.76512549E+00
  1.20616372E+00 -2.73483943E+00
  1.13890214E+00 -2.58276108E+00
  1.08095716E+00 -2.46220987E+00
  1.04577407E+00 -2.39341682E+00
  1.00371098E+00 -2.31530748E+00
  9.39351543E-01 -2.20407256E+00
  9.19747833E-01 -2.17209563E+00
  8.61548338E-01 -2.08217179E+00
  8.14477566E-01 -2.01472830E+00
  7.25860399E-01 -1.89993594E+00
  6.60866096E-01 -1.82538403E+00
  6.11142400E-01 -1.77362193E+00
  5.16932953E-01 -1.68761135E+00
  4.50366519E-01 -1.63603977E+00
  3.18697634E-01 -1.55561322E+00
  1.72317569E-01 -1.49870948E+00
 -1.07636011E-01 -1.48222306E+00
 -1.72297816E-01 -1.49552475E+00
 -3.24400466E-01 -1.55246903E+00
 -4.62366519E-01 -1.63603977E+00
 -5.16913200E-01 -1.67774433E+00
 -6.18858589E-01 -1.76937152E+00
 -6.72866096E-01 -1.82538403E+00
 -8.02715254E-01 -1.98241411E+00
 -8.26477566E-01 -2.01472830E+00
 -8.61528585E-01 -2.06450923E+00
 -9.28683437E-01 -2.16717523E+00
 -9.51351543E-01 -2.20407256E+00
 -9.94139312E-01 -2.27693373E+00
 -1.05777407E+00 -2.39341682E+00
 -1.13175003E+00 -2.54188634E+00
 -1.15090214E+00 -2.58276108E+00
 -1.20614397E+00 -2.70665367E+00
 -1.22862887E+00 -2.75975132E+00
 -1.23376471E+00 -2.77210535E+00
 -1.24184790E+00 -2.79172239E+00
 -1.30832273E+00 -2.96144961E+00
 -1.33419781E+00 -3.03180706E+00
 -1.37593280E+00 -3.15079387E+00
 -1.41372925E+00 -3.26484879E+00
 -1.43757966E+00 -3.34013813E+00
 -1.48334907E+00 -3.49244472E+00
 -1.49400464E+00 -3.52948239E+00
 -1.54494412E+00 -3.71563156E+00
 -1.54578192E+00 -3.71882666E+00
 -1.55075935E+00 -3.73790339E+00
 -1.58836563E+00 -3.88750866E+00
 -1.59336636E+00 -3.90817092E+00
 -1.59982221E+00 -3.93512784E+00
 -1.63712496E+00 -4.09751518E+00
 -1.64893406E+00 -4.15145595E+00
 -1.67735823E+00 -4.28685944E+00
 -1.69299626E+00 -4.36500959E+00
 -1.71431528E+00 -4.47620371E+00
 -1.73256437E+00 -4.57609401E+00
 -1.74820462E+00 -4.66554797E+00
 -1.76807895E+00 -4.78495128E+00
 -1.77920214E+00 -4.85489223E+00
 -1.79989578E+00 -4.99177687E+00
 -1.80745712E+00 -5.04423649E+00
 -1.82830647E+00 -5.19673100E+00
 -1.83309681E+00 -5.23358075E+00
 -1.85355294E+00 -5.39994660E+00
 -1.85622993E+00 -5.42292502E+00
 -1.87583794E+00 -5.60153505E+00
 -1.87694946E+00 -5.61226928E+00
 -1.89533271E+00 -5.80159045E+00
 -1.91078055E+00 -5.98249329E+00
 -1.91145356E+00 -5.99095780E+00
 -1.91218279E+00 -6.00019276E+00
 -1.92536279E+00 -6.18030207E+00

hb:   line clip z  
frame:
 -3.9999905E+00 -5.9999746E+00
  4.0000095E+00 -5.9999746E+00
  4.0000095E+00  5.0000254E+00
 -3.9999905E+00  5.0000254E+00
clip:
  2.24000988E+00 -6.18030207E+00
  2.35900000E+00 -6.18030207E+00
  2.35900000E+00 -6.11492455E+00
  2.35900000E+00 -5.99095780E+00
  2.35900000E+00 -5.92558029E+00
  2.35900000E+00 -5.80161354E+00
  2.35900000E+00 -5.73623603E+00
  2.35900000E+00 -5.61226928E+00
  2.35900000E+00 -5.54689177E+00
  2.35900000E+00 -5.42292502E+00
  2.35900000E+00 -5.35754750E+00
  2.35900000E+00 -5.23358075E+00
  2.35900000E+00 -5.16820324E+00
  2.35900000E+00 -5.04423649E+00
  2.35900000E+00 -4.97885898E+00
  2.35900000E+00 -4.85489223E+00
  2.35900000E+00 -4.78951472E+00
  2.35900000E+00 -4.66554797E+00
  2.35900000E+00 -4.60017045E+00
  2.35900000E+00 -4.47620371E+00
  2.35900000E+00 -4.41082619E+00
  2.35900000E+00 -4.28685944E+00
  2.35900000E+00 -4.22148193E+00
  2.35900000E+00 -4.09751518E+00
  2.35900000E+00 -4.03213767E+00
  2.35900000E+00 -3.90817092E+00
  2.35900000E+00 -3.84279340E+00
  2.35900000E+00 -3.71882666E+00
  2.35900000E+00 -3.65344914E+00
  2.35900000E+00 -3.52948239E+00
  2.35900000E+00 -3.46410488E+00
  2.35900000E+00 -3.34013813E+00
  2.35900000E+00 -3.27476062E+00
  2.35900000E+00 -3.15079387E+00
  2.35900000E+00 -3.08541636E+00
  2.35900000E+00 -2.96144961E+00
  2.35900000E+00 -2.89607209E+00
  2.35900000E+00 -2.77210535E+00
  2.35900000E+00 -2.70672783E+00
  2.35900000E+00 -2.58276108E+00
  2.35900000E+00 -2.51738357E+00
  2.35900000E+00 -2.39341682E+00
  2.35900000E+00 -2.32803931E+00
  2.35900000E+00 -2.20407256E+00
  2.35900000E+00 -2.13869504E+00
  2.35900000E+00 -2.01472830E+00
  2.35900000E+00 -1.94935078E+00
  2.35900000E+00 -1.82538403E+00
  2.35900000E+00 -1.76000652E+00
  2.35900000E+00 -1.63603977E+00
  2.35900000E+00 -1.57066226E+00
  2.24000988E+00 -1.56850000E+00
  2.11708434E+00 -1.56850000E+00
  1.89539449E+00 -1.56850000E+00
  1.77246896E+00 -1.56850000E+00
  1.55077911E+00 -1.56850000E+00
  1.42785357E+00 -1.56850000E+00
  1.20616372E+00 -1.56850000E+00
  1.08323819E+00 -1.56850000E+00
  8.61548338E-01 -1.56850000E+00
  7.38622806E-01 -1.56850000E+00
  5.16932953E-01 -1.56850000E+00
  3.94007421E-01 -1.56850000E+00
  4.78676437E-01 -1.65705930E+00
  6.60866096E-01 -1.82538403E+00
  8.14477566E-01 -2.01472830E+00
  8.61548338E-01 -2.08217179E+00
  9.39351543E-01 -2.20407256E+00
  1.00371098E+00 -2.31530748E+00
  1.04577407E+00 -2.39341682E+00
  1.13890214E+00 -2.58276108E+00
  1.20616372E+00 -2.73483943E+00
  1.28080358E+00 -2.92043975E+00
  1.33868625E+00 -3.07798116E+00
  1.39287117E+00 -3.23755425E+00
  1.44364994E+00 -3.39899880E+00
  1.49126451E+00 -3.56218189E+00
  1.55077911E+00 -3.78464947E+00
  1.61699862E+00 -4.06113176E+00
  1.66535823E+00 -4.28685944E+00
  1.71994091E+00 -4.57260430E+00
  1.77719544E+00 -4.91983510E+00
  1.82595644E+00 -5.27173255E+00
  1.86657540E+00 -5.62810354E+00
  1.89945356E+00 -5.99095780E+00
  1.91336279E+00 -6.18030207E+00

hb:   line clip z  
frame:
 -3.9999905E+00 -5.9999746E+00
  4.0000095E+00 -5.9999746E+00
  4.0000095E+00  5.0000254E+00
 -3.9999905E+00  5.0000254E+00
clip:
  2.58462526E+00 -6.18030207E+00
  2.60900000E+00 -6.18030207E+00
  2.60900000E+00 -6.16690970E+00
  2.60900000E+00 -5.99095780E+00
  2.60900000E+00 -5.97756543E+00
  2.60900000E+00 -5.80161354E+00
  2.60900000E+00 -5.78822117E+00
  2.60900000E+00 -5.61226928E+00
  2.60900000E+00 -5.59887691E+00
  2.60900000E+00 -5.42292502E+00
  2.60900000E+00 -5.40953265E+00
  2.60900000E+00 -5.23358075E+00
  2.60900000E+00 -5.22018838E+00
  2.60900000E+00 -5.04423649E+00
  2.60900000E+00 -5.03084412E+00
  2.60900000E+00 -4.85489223E+00
  2.60900000E+00 -4.84149986E+00
  2.60900000E+00 -4.66554797E+00
  2.60900000E+00 -4.65215560E+00
  2.60900000E+00 -4.47620371E+00
  2.60900000E+00 -4.46281134E+00
  2.60900000E+00 -4.28685944E+00
  2.60900000E+00 -4.27346707E+00
  2.60900000E+00 -4.09751518E+00
  2.60900000E+00 -4.08412281E+00
  2.60900000E+00 -3.90817092E+00
  2.60900000E+00 -3.89477855E+00
  2.60900000E+00 -3.71882666E+00
  2.60900000E+00 -3.70543429E+00
  2.60900000E+00 -3.52948239E+00
  2.60900000E+00 -3.51609002E+00
  2.60900000E+00 -3.34013813E+00
  2.60900000E+00 -3.32674576E+00
  2.60900000E+00 -3.15079387E+00
  2.60900000E+00 -3.13740150E+00
  2.60900000E+00 -2.96144961E+00
  2.60900000E+00 -2.94805724E+00
  2.60900000E+00 -2.77210535E+00
  2.60900000E+00 -2.75871297E+00
  2.60900000E+00 -2.58276108E+00
  2.60900000E+00 -2.56936871E+00
  2.60900000E+00 -2.39341682E+00
  2.60900000E+00 -2.38002445E+00
  2.60900000E+00 -2.20407256E+00
  2.60900000E+00 -2.19068019E+00
  2.60900000E+00 -2.01472830E+00
  2.60900000E+00 -2.00133593E+00
  2.60900000E+00 -1.82538403E+00
  2.60900000E+00 -1.81199166E+00
  2.60900000E+00 -1.63603977E+00
  2.60900000E+00 -1.62264740E+00
  2.60900000E+00 -1.44669551E+00
  2.60900000E+00 -1.43330314E+00
  2.58462526E+00 -1.31850000E+00
  2.35130346E+00 -1.31850000E+00
  2.24000988E+00 -1.31850000E+00
  2.00668807E+00 -1.31850000E+00
  1.89539449E+00 -1.31850000E+00
  1.75000000E+00 -1.36681047E+00
  1.75000000E+00 -1.44669551E+00
  1.75000000E+00 -1.52658055E+00
  1.89539449E+00 -1.56850000E+00
  2.11708434E+00 -1.56850000E+00
  2.24000988E+00 -1.56850000E+00
  2.35900000E+00 -1.63603977E+00
  2.35900000E+00 -1.76000652E+00
  2.35900000E+00 -1.82538403E+00
  2.35900000E+00 -1.94935078E+00
  2.35900000E+00 -2.01472830E+00
  2.35900000E+00 -2.13869504E+00
  2.35900000E+00 -2.20407256E+00
  2.35900000E+00 -2.32803931E+00
  2.35900000E+00 -2.39341682E+00
  2.35900000E+00 -2.51738357E+00
  2.35900000E+00 -2.58276108E+00
  2.35900000E+00 -2.70672783E+00
  2.35900000E+00 -2.77210535E+00
  2.35900000E+00 -2.89607209E+00
  2.35900000E+00 -2.96144961E+00
  2.35900000E+00 -3.08541636E+00
  2.35900000E+00 -3.15079387E+00
  2.35900000E+00 -3.27476062E+00
  2.35900000E+00 -3.34013813E+00
  2.35900000E+00 -3.46410488E+00
  2.35900000E+00 -3.52948239E+00
  2.35900000E+00 -3.65344914E+00
  2.35900000E+00 -3.71882666E+00
  2.35900000E+00 -3.84279340E+00
  2.35900000E+00 -3.90817092E+00
  2.35900000E+00 -4.03213767E+00
  2.35900000E+00 -4.09751518E+00
  2.35900000E+00 -4.22148193E+00
  2.35900000E+00 -4.28685944E+00
  2.35900000E+00 -4.41082619E+00
  2.35900000E+00 -4.47620371E+00
  2.35900000E+00 -4.60017045E+00
  2.35900000E+00 -4.66554797E+00
  2.35900000E+00 -4.78951472E+00
  2.35900000E+00 -4.85489223E+00
  2.35900000E+00 -4.97885898E+00
  2.35900000E+00 -5.04423649E+00
  2.35900000E+00 -5.16820324E+00
  2.35900000E+00 -5.23358075E+00
  2.35900000E+00 -5.35754750E+00
  2.35900000E+00 -5.42292502E+00
  2.35900000E+00 -5.54689177E+00
  2.35900000E+00 -5.61226928E+00
  2.35900000E+00 -5.73623603E+00
  2.35900000E+00 -5.80161354E+00
  2.35900000E+00 -5.92558029E+00
  2.35900000E+00 -5.99095780E+00
  2.35900000E+00 -6.11492455E+00
  2.35900000E+00 -6.18030207E+00

hb:   line clip z  
clip:
 -1.75000000E+00 -1.55616559E+00
 -1.55075935E+00 -1.56850000E+00
 -1.32906950E+00 -1.56850000E+00
  1.55077911E+00 -1.56850000E+00
  1.75000000E+00 -1.55615473E+00
  1.75000000E+00 -1.44669551E+00
  1.75000000E+00 -1.33723628E+00
  1.55077911E+00 -1.31850000E+00
  1.31745730E+00 -1.31850000E+00
  1.20616372E+00 -1.31850000E+00
  9.72841920E-01 -1.31850000E+00
  8.61548338E-01 -1.31850000E+00
  6.28226535E-01 -1.31850000E+00
  5.16932953E-01 -1.31850000E+00
  2.83611151E-01 -1.31850000E+00
  1.72317569E-01 -1.31850000E+00
 -6.10042340E-02 -1.31850000E+00
 -1.72297816E-01 -1.31850000E+00
 -4.05619619E-01 -1.31850000E+00
 -5.16913200E-01 -1.31850000E+00
 -7.50235003E-01 -1.31850000E+00
 -8.61528585E-01 -1.31850000E+00
 -1.09485039E+00 -1.31850000E+00
 -1.20614397E+00 -1.31850000E+00
 -1.43946577E+00 -1.31850000E+00
 -1.55075935E+00 -1.31850000E+00
 -1.75000000E+00 -1.33722543E+00
 -1.75000000E+00 -1.44669551E+00

hb:   line clip z  
clip:
 -2.00666832E+00 -1.31850000E+00
 -1.78408116E+00 -1.31850000E+00
 -1.75000000E+00 -1.25735125E+00
 -1.75000000E+00 -1.17747706E+00
 -1.75000000E+00 -1.06800698E+00
 -1.75000000E+00 -9.88132800E-01
 -1.75000000E+00 -8.78662722E-01
 -1.75000000E+00 -7.98788538E-01
 -1.75000000E+00 -6.89318460E-01
 -1.75000000E+00 -6.09444276E-01
 -1.75000000E+00 -4.99974198E-01
 -1.75000000E+00 -4.20100013E-01
 -1.75000000E+00 -3.10629935E-01
 -1.75000000E+00 -2.30755751E-01
 -1.75000000E+00 -1.21285673E-01
 -1.75000000E+00 -4.14114888E-02
 -1.75000000E+00  6.80585894E-02
 -1.75000000E+00  1.47932773E-01
 -1.75000000E+00  2.57402852E-01
 -1.75000000E+00  3.37277036E-01
 -1.75000000E+00  4.46747114E-01
 -1.75000000E+00  5.26621298E-01
 -1.75000000E+00  6.36091376E-01
 -1.75000000E+00  7.15965560E-01
 -1.75000000E+00  8.25435639E-01
 -1.75000000E+00  9.05309823E-01
 -1.75000000E+00  1.01477990E+00
 -1.75000000E+00  1.09465408E+00
 -1.75000000E+00  1.20412416E+00
 -1.75000000E+00  1.28399835E+00
 -1.75000000E+00  1.39346843E+00
 -1.75000000E+00  1.47334261E+00
 -1.75000000E+00  1.58281269E+00
 -1.75000000E+00  1.66268687E+00
 -1.75000000E+00  1.77215695E+00
 -1.75000000E+00  1.85203113E+00
 -1.89537474E+00  1.88150000E+00
 -2.05000000E+00  1.85711371E+00
 -2.05000000E+00  1.77215695E+00
 -2.05000000E+00  1.68720019E+00
 -2.05000000E+00  1.58281269E+00
 -2.05000000E+00  1.49785593E+00
 -2.05000000E+00  1.39346843E+00
 -2.05000000E+00  1.30851167E+00
 -2.05000000E+00  1.20412416E+00
 -2.05000000E+00  1.11916740E+00
 -2.05000000E+00  1.01477990E+00
 -2.05000000E+00  9.29823142E-01
 -2.05000000E+00  8.25435639E-01
 -2.05000000E+00  7.40478880E-01
 -2.05000000E+00  6.36091376E-01
 -2.05000000E+00  5.51134618E-01
 -2.05000000E+00  4.46747114E-01
 -2.05000000E+00  3.61790355E-01
 -2.05000000E+00  2.57402852E-01
 -2.05000000E+00  1.72446093E-01
 -2.05000000E+00  6.80585894E-02
 -2.05000000E+00 -1.68981691E-02
 -2.05000000E+00 -1.21285673E-01
 -2.05000000E+00 -2.06242431E-01
 -2.05000000E+00 -3.10629935E-01
 -2.05000000E+00 -3.95586694E-01
 -2.05000000E+00 -4.99974198E-01
 -2.05000000E+00 -5.84930956E-01
 -2.05000000E+00 -6.89318460E-01
 -2.05000000E+00 -7.74275218E-01
 -2.05000000E+00 -8.78662722E-01
 -2.05000000E+00 -9.63619481E-01
 -2.05000000E+00 -1.06800698E+00
 -2.05000000E+00 -1.15296374E+00
 -2.05000000E+00 -1.25735125E+00

hb:   line clip z  
clip:
 -1.66205294E+00 -1.31850000E+00
  1.66207269E+00 -1.31850000E+00
  1.75000000E+00 -1.25735125E+00
  1.75000000E+00 -1.14789202E+00
  1.75000000E+00 -1.06800698E+00
  1.75000000E+00 -9.58547759E-01
  1.75000000E+00 -8.78662722E-01
  1.75000000E+00 -7.69203497E-01
  1.75000000E+00 -6.89318460E-01
  1.75000000E+00 -5.79859235E-01
  1.75000000E+00 -4.99974198E-01
  1.75000000E+00 -3.90514972E-01
  1.75000000E+00 -3.10629935E-01
  1.75000000E+00 -2.01170710E-01
  1.75000000E+00 -1.21285673E-01
  1.75000000E+00 -1.18264478E-02
  1.75000000E+00  6.80585894E-02
  1.75000000E+00  1.77517814E-01
  1.75000000E+00  2.57402852E-01
  1.75000000E+00  3.66862077E-01
  1.75000000E+00  4.46747114E-01
  1.75000000E+00  5.56206339E-01
  1.75000000E+00  6.36091376E-01
  1.75000000E+00  7.45550601E-01
  1.75000000E+00  8.25435639E-01
  1.75000000E+00  9.34894864E-01
  1.75000000E+00  1.01477990E+00
  1.75000000E+00  1.12423913E+00
  1.75000000E+00  1.20412416E+00
  1.75000000E+00  1.31358339E+00
  1.75000000E+00  1.39346843E+00
  1.75000000E+00  1.50292765E+00
  1.75000000E+00  1.58281269E+00
  1.75000000E+00  1.69227191E+00
  1.75000000E+00  1.77215695E+00
  1.74978856E+00  1.88150000E+00
  1.55077911E+00  1.88150000E+00
  1.35176966E+00  1.88150000E+00
  1.20616372E+00  1.88150000E+00
  1.00715427E+00  1.88150000E+00
  8.61548338E-01  1.88150000E+00
  6.62538890E-01  1.88150000E+00
  5.16932953E-01  1.88150000E+00
  3.17923505E-01  1.88150000E+00
  1.72317569E-01  1.88150000E+00
 -2.66918797E-02  1.88150000E+00
 -1.72297816E-01  1.88150000E+00
 -3.71307264E-01  1.88150000E+00
 -5.16913200E-01  1.88150000E+00
 -7.15922649E-01  1.88150000E+00
 -8.61528585E-01  1.88150000E+00
 -1.06053803E+00  1.88150000E+00
 -1.20614397E+00  1.88150000E+00
 -1.40515342E+00  1.88150000E+00
 -1.55075935E+00  1.88150000E+00
 -1.74976880E+00  1.88150000E+00
 -1.75000000E+00  1.77215695E+00
 -1.75000000E+00  1.66268687E+00
 -1.75000000E+00  1.58281269E+00
 -1.75000000E+00  1.47334261E+00
 -1.75000000E+00  1.39346843E+00
 -1.75000000E+00  1.28399835E+00
 -1.75000000E+00  1.20412416E+00
 -1.75000000E+00  1.09465408E+00
 -1.75000000E+00  1.01477990E+00
 -1.75000000E+00  9.05309823E-01
 -1.75000000E+00  8.25435639E-01
 -1.75000000E+00  7.15965560E-01
 -1.75000000E+00  6.36091376E-01
 -1.75000000E+00  5.26621298E-01
 -1.75000000E+00  4.46747114E-01
 -1.75000000E+00  3.37277036E-01
 -1.75000000E+00  2.57402852E-01
 -1.75000000E+00  1.47932773E-01
 -1.75000000E+00  6.80585894E-02
 -1.75000000E+00 -4.14114888E-02
 -1.75000000E+00 -1.21285673E-01
 -1.75000000E+00 -2.30755751E-01
 -1.75000000E+00 -3.10629935E-01
 -1.75000000E+00 -4.20100013E-01
 -1.75000000E+00 -4.99974198E-01
 -1.75000000E+00 -6.09444276E-01
 -1.75000000E+00 -6.89318460E-01
 -1.75000000E+00 -7.98788538E-01
 -1.75000000E+00 -8.78662722E-01
 -1.75000000E+00 -9.88132800E-01
 -1.75000000E+00 -1.06800698E+00
 -1.75000000E+00 -1.17747706E+00
 -1.75000000E+00 -1.25735125E+00

hb:   line clip z  
clip:
  1.78410091E+00 -1.31850000E+00
  2.00668807E+00 -1.31850000E+00
  2.05000000E+00 -1.25735125E+00
  2.05000000E+00 -1.17240534E+00
  2.05000000E+00 -1.06800698E+00
  2.05000000E+00 -9.83061079E-01
  2.05000000E+00 -8.78662722E-01
  2.05000000E+00 -7.93716817E-01
  2.05000000E+00 -6.89318460E-01
  2.05000000E+00 -6.04372554E-01
  2.05000000E+00 -4.99974198E-01
  2.05000000E+00 -4.15028292E-01
  2.05000000E+00 -3.10629935E-01
  2.05000000E+00 -2.25684030E-01
  2.05000000E+00 -1.21285673E-01
  2.05000000E+00 -3.63397675E-02
  2.05000000E+00  6.80585894E-02
  2.05000000E+00  1.53004495E-01
  2.05000000E+00  2.57402852E-01
  2.05000000E+00  3.42348757E-01
  2.05000000E+00  4.46747114E-01
  2.05000000E+00  5.31693019E-01
  2.05000000E+00  6.36091376E-01
  2.05000000E+00  7.21037282E-01
  2.05000000E+00  8.25435639E-01
  2.05000000E+00  9.10381544E-01
  2.05000000E+00  1.01477990E+00
  2.05000000E+00  1.09972581E+00
  2.05000000E+00  1.20412416E+00
  2.05000000E+00  1.28907007E+00
  2.05000000E+00  1.39346843E+00
  2.05000000E+00  1.47841433E+00
  2.05000000E+00  1.58281269E+00
  2.05000000E+00  1.66775859E+00
  2.05000000E+00  1.77215695E+00
  2.05000000E+00  1.85710286E+00
  1.89539449E+00  1.88150000E+00
  1.75000000E+00  1.85204199E+00
  1.75000000E+00  1.77215695E+00
  1.75000000E+00  1.69227191E+00
  1.75000000E+00  1.58281269E+00
  1.75000000E+00  1.50292765E+00
  1.75000000E+00  1.39346843E+00
  1.75000000E+00  1.31358339E+00
  1.75000000E+00  1.20412416E+00
  1.75000000E+00  1.12423913E+00
  1.75000000E+00  1.01477990E+00
  1.75000000E+00  9.34894864E-01
  1.75000000E+00  8.25435639E-01
  1.75000000E+00  7.45550601E-01
  1.75000000E+00  6.36091376E-01
  1.75000000E+00  5.56206339E-01
  1.75000000E+00  4.46747114E-01
  1.75000000E+00  3.66862077E-01
  1.75000000E+00  2.57402852E-01
  1.75000000E+00  1.77517814E-01
  1.75000000E+00  6.80585894E-02
  1.75000000E+00 -1.18264478E-02
  1.75000000E+00 -1.21285673E-01
  1.75000000E+00 -2.01170710E-01
  1.75000000E+00 -3.10629935E-01
  1.75000000E+00 -3.90514972E-01
  1.75000000E+00 -4.99974198E-01
  1.75000000E+00 -5.79859235E-01
  1.75000000E+00 -6.89318460E-01
  1.75000000E+00 -7.69203497E-01
  1.75000000E+00 -8.78662722E-01
  1.75000000E+00 -9.58547759E-01
  1.75000000E+00 -1.06800698E+00
  1.75000000E+00 -1.14789202E+00
  1.75000000E+00 -1.25735125E+00

hb:   line clip z  
clip:
 -2.04098067E+00  1.88150000E+00
  2.04100043E+00  1.88150000E+00
  2.05000000E+00  1.96150121E+00
  2.05000000E+00  2.04644712E+00
  2.05000000E+00  2.15084547E+00
  1.95118716E+00  2.18150000E+00
  1.89539449E+00  2.18150000E+00
  1.83960183E+00  2.18150000E+00
  1.55077911E+00  2.18150000E+00
  1.49498644E+00  2.18150000E+00
  1.20616372E+00  2.18150000E+00
  1.15037106E+00  2.18150000E+00
  8.61548338E-01  2.18150000E+00
  8.05755673E-01  2.18150000E+00
  5.16932953E-01  2.18150000E+00
  4.61140288E-01  2.18150000E+00
  1.72317569E-01  2.18150000E+00
  1.16524904E-01  2.18150000E+00
 -1.72297816E-01  2.18150000E+00
 -2.28090481E-01  2.18150000E+00
 -5.16913200E-01  2.18150000E+00
 -5.72705866E-01  2.18150000E+00
 -8.61528585E-01  2.18150000E+00
 -9.17321250E-01  2.18150000E+00
 -1.20614397E+00  2.18150000E+00
 -1.26193663E+00  2.18150000E+00
 -1.55075935E+00  2.18150000E+00
 -1.60655202E+00  2.18150000E+00
 -1.89537474E+00  2.18150000E+00
 -1.95116740E+00  2.18150000E+00
 -2.05000000E+00  2.15084547E+00
 -2.05000000E+00  2.06588872E+00
 -2.05000000E+00  1.96150121E+00

#------------------------------------------------------------------------------
z: xorg(1.03)
p: xfac[c2*0.05] form[c1/0.05] notc noxt noyt dmin(1)
p: ymin(0) ymax(1) xmin(0) xmax(1) cmin(1) cmax(100) nosp
hc: y= 0.005 to 0.995 by 0.01 ; x= 0.5 to 0.5 by 1 ;
 1  2  3  4  5  6  7  8  9 10 11 12 13 14 15 16 17 18 19 20
21 22 23 24 25 26 27 28 29 30 31 32 33 34 35 36 37 38 39 40
41 42 43 44 45 46 47 48 49 50 51 52 53 54 55 56 57 58 59 60
61 62 63 64 65 66 67 68 69 70 71 72 73 74 75 76 77 78 79 80
81 82 83 84 85 86 87 88 89 90 91 92 93 94 95 96 97 98 99 100
z: xorg(0.0)
p: xfac[c2*0.05] form[c1/0.05] nosp afac[c5*0.625] ymin[c3] ymax[c4]
p: noxt noxn ytxt(-1) ynum(-1) xltd(-1) xstd(-1) itic(1) ylog
y: Relative Error
#------------------------------------------------------------------------------

wt: s[c5]
\vspace{-3}
  emin  &=&   0.0000E+00 [MeV]
  emax  &=&   1.0000E+03 [MeV]
  zmin  &=&   9.8340E+01 [cm]
  zmax  &=&   9.8350E+01 [cm]
  part. &=& proton  
e:

#------------------------------------------------------------------------------
z: xorg[-1.03/0.05]
p: form[c1] xfac[c2] afac[c5] nosp notf
p: xmin( -4.000000    ) xmax(  4.000000    )
p: ymin( -6.000000    ) ymax(  5.000000    )
 
# Information for Restart Calculation
# This calculation was newly started
# istdev =  2 # 1:Batch variance, 2:History variance
# resc2  = 2.00272125193213177E-02 # Total source weight or Total source weight / maxcas
# resc3  = 1.25000000000000000E+08 # Total history number or Total batch number
# maxcas =       25000 # History / Batch, only used for istdev=1
# bitrseed = 1011110110000000011000010101100001101110100111001100010100001110 # bit data of rseed
