[ T-Deposit ]
    title = Bragg peak in pouch, ahora con radio 1
     mesh =  r-z            # mesh type is r-z scoring mesh
       x0 =   0.000000      # center x-position of r-z mesh
       y0 =   0.000000      # center y-position of r-z mesh
   r-type =    2            # r-mesh is linear given by rmin, rmax and nr
     rmin =   0.000000      # minimum value of r-mesh points
     rmax =   1.700000      # maximum value of r-mesh points
#    rdel =  2.8333333E-02  # mesh width of r-mesh points
       nr =     60          # number of r-mesh points
#    data = ( r(i), i = 1, nr + 1 )
#           0.00000E+00  2.83333E-02  5.66667E-02  8.50000E-02  1.13333E-01
#           1.41667E-01  1.70000E-01  1.98333E-01  2.26667E-01  2.55000E-01
#           2.83333E-01  3.11667E-01  3.40000E-01  3.68333E-01  3.96667E-01
#           4.25000E-01  4.53333E-01  4.81667E-01  5.10000E-01  5.38333E-01
#           5.66667E-01  5.95000E-01  6.23333E-01  6.51667E-01  6.80000E-01
#           7.08333E-01  7.36667E-01  7.65000E-01  7.93333E-01  8.21667E-01
#           8.50000E-01  8.78333E-01  9.06667E-01  9.35000E-01  9.63333E-01
#           9.91667E-01  1.02000E+00  1.04833E+00  1.07667E+00  1.10500E+00
#           1.13333E+00  1.16167E+00  1.19000E+00  1.21833E+00  1.24667E+00
#           1.27500E+00  1.30333E+00  1.33167E+00  1.36000E+00  1.38833E+00
#           1.41667E+00  1.44500E+00  1.47333E+00  1.50167E+00  1.53000E+00
#           1.55833E+00  1.58667E+00  1.61500E+00  1.64333E+00  1.67167E+00
#           1.70000E+00
   z-type =    2            # z-mesh is linear given by zmin, zmax and nz
     zmin =   98.38000      # minimum value of z-mesh points
     zmax =   98.58000      # maximum value of z-mesh points
#    zdel =  0.2000000      # mesh width of z-mesh points
       nz =      1          # number of z-mesh points
#    data = ( z(i), i = 1, nz + 1 )
#           9.83800E+01  9.85800E+01
     unit =    0            # unit is [Gy/source]
   letmat =    0            # (D=0) mat ID for LET, 0:real mat, <0: electron for H2O
  dedxfnc =    0            # (D=0) user defined multiplier, 0(no), 1, 2
 material =  all            # (D=all) number of specific material
   output =  dose           # total deposit energy
  deposit =    0            # (D=0) 0-> total deposit dist, 1-> each process
     axis =     r           # axis of output
     file = bragg_pouch_rA.out  # file name of output for the above axis
     part =  proton   
# kf/name :  2212     
   epsout =    1            # (D=0) generate eps file by ANGEL
   mother =  all            # (D=all) number of specific mother
#    used :        main (  %)        temp (  %)       total (  %)
#  memory :          66 (  0)           0 (  0)          66 (  0)

#------------------------------------------------------------------------------
#newpage:
#   no. =  1   iz  =  1
#   z = (   9.8380E+01  -   9.8580E+01  )

x: r [cm]
y: Dose [Gy/source]      
p: xlin ylog afac(0.8) form(0.9)
h: n            x            y(proton  ),hh0l n 
#  r-lower      r-upper        proton    r.err 
   0.0000E+00   2.8333E-02   9.3929E-03  0.1401
   2.8333E-02   5.6667E-02   8.1167E-03  0.0867
   5.6667E-02   8.5000E-02   7.8560E-03  0.0680
   8.5000E-02   1.1333E-01   7.7766E-03  0.0572
   1.1333E-01   1.4167E-01   8.0783E-03  0.0503
   1.4167E-01   1.7000E-01   8.0185E-03  0.0451
   1.7000E-01   1.9833E-01   7.4896E-03  0.0428
   1.9833E-01   2.2667E-01   8.4388E-03  0.0378
   2.2667E-01   2.5500E-01   7.4200E-03  0.0378
   2.5500E-01   2.8333E-01   7.9600E-03  0.0346
   2.8333E-01   3.1167E-01   8.1091E-03  0.0325
   3.1167E-01   3.4000E-01   8.0564E-03  0.0311
   3.4000E-01   3.6833E-01   7.9307E-03  0.0303
   3.6833E-01   3.9667E-01   7.7157E-03  0.0295
   3.9667E-01   4.2500E-01   8.0541E-03  0.0278
   4.2500E-01   4.5333E-01   7.8550E-03  0.0270
   4.5333E-01   4.8167E-01   8.1931E-03  0.0258
   4.8167E-01   5.1000E-01   7.9156E-03  0.0255
   5.1000E-01   5.3833E-01   8.1435E-03  0.0244
   5.3833E-01   5.6667E-01   8.3193E-03  0.0236
   5.6667E-01   5.9500E-01   8.2867E-03  0.0230
   5.9500E-01   6.2333E-01   7.8992E-03  0.0229
   6.2333E-01   6.5167E-01   8.0781E-03  0.0221
   6.5167E-01   6.8000E-01   8.0331E-03  0.0217
   6.8000E-01   7.0833E-01   8.1312E-03  0.0212
   7.0833E-01   7.3667E-01   8.1096E-03  0.0209
   7.3667E-01   7.6500E-01   8.1403E-03  0.0204
   7.6500E-01   7.9333E-01   8.0183E-03  0.0202
   7.9333E-01   8.2167E-01   8.1158E-03  0.0197
   8.2167E-01   8.5000E-01   7.9774E-03  0.0196
   8.5000E-01   8.7833E-01   7.9609E-03  0.0192
   8.7833E-01   9.0667E-01   8.2218E-03  0.0187
   9.0667E-01   9.3500E-01   8.1267E-03  0.0184
   9.3500E-01   9.6333E-01   8.2156E-03  0.0181
   9.6333E-01   9.9167E-01   8.2532E-03  0.0178
   9.9167E-01   1.0200E+00   8.3682E-03  0.0175
   1.0200E+00   1.0483E+00   8.2438E-03  0.0174
   1.0483E+00   1.0767E+00   8.0954E-03  0.0173
   1.0767E+00   1.1050E+00   8.2519E-03  0.0169
   1.1050E+00   1.1333E+00   7.9526E-03  0.0169
   1.1333E+00   1.1617E+00   8.2173E-03  0.0165
   1.1617E+00   1.1900E+00   8.0222E-03  0.0164
   1.1900E+00   1.2183E+00   8.1786E-03  0.0161
   1.2183E+00   1.2467E+00   8.1882E-03  0.0159
   1.2467E+00   1.2750E+00   8.3239E-03  0.0156
   1.2750E+00   1.3033E+00   8.2882E-03  0.0155
   1.3033E+00   1.3317E+00   8.2462E-03  0.0153
   1.3317E+00   1.3600E+00   8.0135E-03  0.0154
   1.3600E+00   1.3883E+00   7.2823E-03  0.0159
   1.3883E+00   1.4167E+00   7.4004E-03  0.0156
   1.4167E+00   1.4450E+00   7.2689E-03  0.0155
   1.4450E+00   1.4733E+00   7.0318E-03  0.0156
   1.4733E+00   1.5017E+00   6.8034E-03  0.0157
   1.5017E+00   1.5300E+00   6.7867E-03  0.0155
   1.5300E+00   1.5583E+00   6.7296E-03  0.0154
   1.5583E+00   1.5867E+00   6.5527E-03  0.0155
   1.5867E+00   1.6150E+00   6.5385E-03  0.0154
   1.6150E+00   1.6433E+00   6.4716E-03  0.0153
   1.6433E+00   1.6717E+00   6.3397E-03  0.0153
   1.6717E+00   1.7000E+00   6.2750E-03  0.0152

#   sum over    1.8158E+00   7.6365E-03  0.0026

'no. =  1,  iz =  1'
msuc: {\huge Bragg peak in pouch, ahora con radio 1}
msdr: {\it plotted by \ANGEL \version}
msdl: {\it calculated by \PHITS  3.35}
wt: s(0.7)
\vspace{-3}
  zmin  &=&   9.8380E+01 [cm]
  zmax  &=&   9.8580E+01 [cm]
e:
 
# Information for Restart Calculation
# This calculation was newly started
# istdev =  2 # 1:Batch variance, 2:History variance
# resc2  = 1.78322300263345432E-02 # Total source weight or Total source weight / maxcas
# resc3  = 1.11300000000000000E+08 # Total history number or Total batch number
# maxcas =       25000 # History / Batch, only used for istdev=1
# bitrseed = 0111101001110110100010011010100111000000110101011011011111010110 # bit data of rseed
