[ T-Deposit ]
    title = Dosis depositada en el hamster de neutrones
     mesh =  reg            # mesh type is region-wise
      reg = 700 6007
   volume                   # combined, lattice or level structure 
   non     reg      vol     # reg definition
    1      700   1.0053E+02 # 700
    2     6007   1.0000E+00 # 6007
     unit =    0            # unit is [Gy/source]
   letmat =    0            # (D=0) mat ID for LET, 0:real mat, <0: electron for H2O
  dedxfnc =    0            # (D=0) user defined multiplier, 0(no), 1, 2
 material =  all            # (D=all) number of specific material
   output =  dose           # total deposit energy
  deposit =    0            # (D=0) 0-> total deposit dist, 1-> each process
     axis =   reg           # axis of output
     file = dosis_neutron_hamster_A.out  # file name of output for the above axis
     part =  neutron  
# kf/name :  2112     
   epsout =    1            # (D=0) generate eps file by ANGEL
   mother =  all            # (D=all) number of specific mother
#    used :        main (  %)        temp (  %)       total (  %)
#  memory :           5 (  0)           0 (  0)           5 (  0)

#------------------------------------------------------------------------------
#newpage:
#   no. =  1

x: Serial Num. of Region
y: Dose [Gy/source]      
p: xlin ylog afac(0.8) form(0.9)
h:   x      n     n          y(neutron ),l3 n   
#  num    reg     volume       neutron   r.err 
    1     700   1.0053E+02   1.6846E-08  0.0660
    2    6007   1.0000E+00   8.9999E-07  0.0471

#   sum over    1.0153E+02   2.5544E-08  0.0544

'no. =  1'
msuc: {\huge Dosis depositada en el hamster de neutrones}
msdr: {\it plotted by \ANGEL \version}
msdl: {\it calculated by \PHITS  3.35}
 
# Information for Restart Calculation
# This calculation was newly started
# istdev =  2 # 1:Batch variance, 2:History variance
# resc2  = 1.78282245838290929E-02 # Total source weight or Total source weight / maxcas
# resc3  = 1.11275000000000000E+08 # Total history number or Total batch number
# maxcas =       25000 # History / Batch, only used for istdev=1
# bitrseed = 1100001011011001101101101111111101010111001010000110110100011100 # bit data of rseed
