[ T-Track ]
    title = Espectro de energia
     mesh =  reg            # mesh type is region-wise
      reg = 700
   volume                   # combined, lattice or level structure 
   non     reg      vol     # reg definition
    1      700   1.0053E+02 # 700
   e-type =    2            # e-mesh is linear given by emin, emax and ne
     emin =  1.0000000E-09  # minimum value of e-mesh points
     emax =   25.00000      # maximum value of e-mesh points
#    edel =  0.2500000      # mesh width of e-mesh points
       ne =    100          # number of e-mesh points
#    data = ( e(i), i = 1, ne + 1 )
#           1.00000E-09  2.50000E-01  5.00000E-01  7.50000E-01  1.00000E+00
#           1.25000E+00  1.50000E+00  1.75000E+00  2.00000E+00  2.25000E+00
#           2.50000E+00  2.75000E+00  3.00000E+00  3.25000E+00  3.50000E+00
#           3.75000E+00  4.00000E+00  4.25000E+00  4.50000E+00  4.75000E+00
#           5.00000E+00  5.25000E+00  5.50000E+00  5.75000E+00  6.00000E+00
#           6.25000E+00  6.50000E+00  6.75000E+00  7.00000E+00  7.25000E+00
#           7.50000E+00  7.75000E+00  8.00000E+00  8.25000E+00  8.50000E+00
#           8.75000E+00  9.00000E+00  9.25000E+00  9.50000E+00  9.75000E+00
#           1.00000E+01  1.02500E+01  1.05000E+01  1.07500E+01  1.10000E+01
#           1.12500E+01  1.15000E+01  1.17500E+01  1.20000E+01  1.22500E+01
#           1.25000E+01  1.27500E+01  1.30000E+01  1.32500E+01  1.35000E+01
#           1.37500E+01  1.40000E+01  1.42500E+01  1.45000E+01  1.47500E+01
#           1.50000E+01  1.52500E+01  1.55000E+01  1.57500E+01  1.60000E+01
#           1.62500E+01  1.65000E+01  1.67500E+01  1.70000E+01  1.72500E+01
#           1.75000E+01  1.77500E+01  1.80000E+01  1.82500E+01  1.85000E+01
#           1.87500E+01  1.90000E+01  1.92500E+01  1.95000E+01  1.97500E+01
#           2.00000E+01  2.02500E+01  2.05000E+01  2.07500E+01  2.10000E+01
#           2.12500E+01  2.15000E+01  2.17500E+01  2.20000E+01  2.22500E+01
#           2.25000E+01  2.27500E+01  2.30000E+01  2.32500E+01  2.35000E+01
#           2.37500E+01  2.40000E+01  2.42500E+01  2.45000E+01  2.47500E+01
#           2.50000E+01
     unit =    1            # unit is [1/cm^2/source]
 material =  all            # (D=all) number of specific material
     axis =     eng            # axis of output
     file = energy_hamster_A.out  # file name of output for the above axis
     part =  proton     neutron    alpha      photon     positron 
# kf/name :  2212       2112       2000004    22         -11      
#    used :        main (  %)        temp (  %)       total (  %)
#  memory :         107 (  0)           0 (  0)         107 (  0)

#------------------------------------------------------------------------------
#newpage:
#   no. =  1   reg =    700

x: Energy [MeV]
y: Flux [1/cm^2/source]              
p: xlin ylog afac(0.8) form(0.9)
h: n            x            y(proton  ),hh0l n  y(neutron ),hh0dr n  y(alpha   ),hh0ub n  y(photon  ),hh0mg n  y(positron),hh0qrr n  
#  e-lower      e-upper        proton    r.err      neutron   r.err      alpha     r.err      photon    r.err      positron  r.err 
   1.0000E-09   2.5000E-01   1.8224E-04  1.0000   1.5756E+02  0.1290   0.0000E+00  0.0000   5.0855E+02  0.0699   0.0000E+00  0.0000
   2.5000E-01   5.0000E-01   2.4902E-04  1.0000   3.5437E+01  0.1899   0.0000E+00  0.0000   3.0076E+02  0.0778   0.0000E+00  0.0000
   5.0000E-01   7.5000E-01   3.4744E-04  1.0000   3.6353E+01  0.1939   0.0000E+00  0.0000   2.0011E+02  0.0983   0.0000E+00  0.0000
   7.5000E-01   1.0000E+00   4.3671E-04  1.0000   2.9219E+01  0.2275   0.0000E+00  0.0000   1.3969E+02  0.1085   0.0000E+00  0.0000
   1.0000E+00   1.2500E+00   5.1851E-04  1.0000   2.3376E+01  0.2702   0.0000E+00  0.0000   1.2618E+02  0.1228   0.0000E+00  0.0000
   1.2500E+00   1.5000E+00   5.9543E-04  1.0000   2.1061E+01  0.2544   0.0000E+00  0.0000   1.2103E+02  0.1187   0.0000E+00  0.0000
   1.5000E+00   1.7500E+00   6.6905E-04  1.0000   1.7253E+01  0.2856   0.0000E+00  0.0000   4.8833E+01  0.2078   0.0000E+00  0.0000
   1.7500E+00   2.0000E+00   7.4029E-04  1.0000   1.6187E+01  0.3751   0.0000E+00  0.0000   3.7129E+01  0.2200   0.0000E+00  0.0000
   2.0000E+00   2.2500E+00   8.0971E-04  1.0000   2.2302E+01  0.2524   0.0000E+00  0.0000   2.9649E+01  0.2339   0.0000E+00  0.0000
   2.2500E+00   2.5000E+00   8.7768E-04  1.0000   1.8581E+01  0.2737   0.0000E+00  0.0000   4.5237E+01  0.2381   0.0000E+00  0.0000
   2.5000E+00   2.7500E+00   9.4445E-04  1.0000   8.3555E+00  0.4036   0.0000E+00  0.0000   3.1984E+01  0.2474   0.0000E+00  0.0000
   2.7500E+00   3.0000E+00   1.0102E-03  1.0000   1.4135E+01  0.3240   0.0000E+00  0.0000   5.0070E+01  0.1853   0.0000E+00  0.0000
   3.0000E+00   3.2500E+00   1.0751E-03  1.0000   8.6189E+00  0.3788   0.0000E+00  0.0000   3.7696E+01  0.2176   0.0000E+00  0.0000
   3.2500E+00   3.5000E+00   1.1391E-03  1.0000   6.7285E+00  0.4267   0.0000E+00  0.0000   3.5628E+01  0.2446   0.0000E+00  0.0000
   3.5000E+00   3.7500E+00   1.2025E-03  1.0000   9.1536E+00  0.3653   0.0000E+00  0.0000   3.8013E+01  0.2364   0.0000E+00  0.0000
   3.7500E+00   4.0000E+00   1.2653E-03  1.0000   5.2848E+00  0.5275   0.0000E+00  0.0000   3.5258E+01  0.2325   0.0000E+00  0.0000
   4.0000E+00   4.2500E+00   1.3275E-03  1.0000   6.4017E+00  0.4245   0.0000E+00  0.0000   9.9272E+00  0.4155   0.0000E+00  0.0000
   4.2500E+00   4.5000E+00   1.3891E-03  1.0000   9.7008E+00  0.3927   0.0000E+00  0.0000   3.8233E+01  0.2354   0.0000E+00  0.0000
   4.5000E+00   4.7500E+00   1.4503E-03  1.0000   1.6800E+01  0.2764   0.0000E+00  0.0000   2.9272E+01  0.2546   0.0000E+00  0.0000
   4.7500E+00   5.0000E+00   1.5110E-03  1.0000   3.5345E+00  0.6741   0.0000E+00  0.0000   1.8389E+01  0.4091   0.0000E+00  0.0000
   5.0000E+00   5.2500E+00   1.5714E-03  1.0000   1.1772E+01  0.3726   0.0000E+00  0.0000   1.0422E+01  0.4193   0.0000E+00  0.0000
   5.2500E+00   5.5000E+00   3.6868E-05  1.0000   8.8953E+00  0.3771   0.0000E+00  0.0000   2.5352E+01  0.3064   0.0000E+00  0.0000
   5.5000E+00   5.7500E+00   0.0000E+00  0.0000   9.2040E+00  0.4231   0.0000E+00  0.0000   2.1521E+01  0.3530   0.0000E+00  0.0000
   5.7500E+00   6.0000E+00   0.0000E+00  0.0000   1.2814E+01  0.3565   0.0000E+00  0.0000   1.3085E+01  0.3439   0.0000E+00  0.0000
   6.0000E+00   6.2500E+00   0.0000E+00  0.0000   3.3137E+00  0.5454   0.0000E+00  0.0000   2.8084E+01  0.3067   0.0000E+00  0.0000
   6.2500E+00   6.5000E+00   0.0000E+00  0.0000   8.6064E+00  0.4047   0.0000E+00  0.0000   8.5585E+00  0.4194   0.0000E+00  0.0000
   6.5000E+00   6.7500E+00   0.0000E+00  0.0000   7.6107E+00  0.4822   0.0000E+00  0.0000   8.2740E+00  0.4214   0.0000E+00  0.0000
   6.7500E+00   7.0000E+00   0.0000E+00  0.0000   3.8713E+00  0.6356   0.0000E+00  0.0000   1.1488E+01  0.4392   0.0000E+00  0.0000
   7.0000E+00   7.2500E+00   0.0000E+00  0.0000   5.2556E+00  0.5260   0.0000E+00  0.0000   7.2139E+00  0.4586   0.0000E+00  0.0000
   7.2500E+00   7.5000E+00   0.0000E+00  0.0000   4.5189E+00  0.5820   0.0000E+00  0.0000   4.8850E+00  0.7185   0.0000E+00  0.0000
   7.5000E+00   7.7500E+00   0.0000E+00  0.0000   4.2911E+00  0.5919   0.0000E+00  0.0000   2.4546E+00  0.7200   0.0000E+00  0.0000
   7.7500E+00   8.0000E+00   0.0000E+00  0.0000   6.5887E+00  0.5157   0.0000E+00  0.0000   0.0000E+00  0.0000   0.0000E+00  0.0000
   8.0000E+00   8.2500E+00   0.0000E+00  0.0000   6.0303E+00  0.5318   0.0000E+00  0.0000   3.9651E+00  0.6512   0.0000E+00  0.0000
   8.2500E+00   8.5000E+00   0.0000E+00  0.0000   5.7617E+00  0.5469   0.0000E+00  0.0000   3.6743E+00  0.5902   0.0000E+00  0.0000
   8.5000E+00   8.7500E+00   0.0000E+00  0.0000   2.4298E+00  0.5813   0.0000E+00  0.0000   5.6894E+00  0.5776   0.0000E+00  0.0000
   8.7500E+00   9.0000E+00   0.0000E+00  0.0000   7.5111E+00  0.4136   0.0000E+00  0.0000   6.3674E+00  0.5193   0.0000E+00  0.0000
   9.0000E+00   9.2500E+00   0.0000E+00  0.0000   2.7677E+00  0.6743   0.0000E+00  0.0000   2.8329E+00  0.7335   0.0000E+00  0.0000
   9.2500E+00   9.5000E+00   0.0000E+00  0.0000   2.8440E+00  0.7072   0.0000E+00  0.0000   0.0000E+00  0.0000   0.0000E+00  0.0000
   9.5000E+00   9.7500E+00   0.0000E+00  0.0000   4.6205E+00  0.5815   0.0000E+00  0.0000   2.0773E+00  1.0000   0.0000E+00  0.0000
   9.7500E+00   1.0000E+01   0.0000E+00  0.0000   2.2463E+00  0.8381   0.0000E+00  0.0000   0.0000E+00  0.0000   0.0000E+00  0.0000
   1.0000E+01   1.0250E+01   0.0000E+00  0.0000   0.0000E+00  0.0000   0.0000E+00  0.0000   0.0000E+00  0.0000   0.0000E+00  0.0000
   1.0250E+01   1.0500E+01   0.0000E+00  0.0000   5.6153E+00  0.5785   0.0000E+00  0.0000   0.0000E+00  0.0000   0.0000E+00  0.0000
   1.0500E+01   1.0750E+01   0.0000E+00  0.0000   2.3525E+00  0.8661   0.0000E+00  0.0000   0.0000E+00  0.0000   0.0000E+00  0.0000
   1.0750E+01   1.1000E+01   0.0000E+00  0.0000   6.3230E+00  0.4678   0.0000E+00  0.0000   0.0000E+00  0.0000   0.0000E+00  0.0000
   1.1000E+01   1.1250E+01   0.0000E+00  0.0000   0.0000E+00  0.0000   0.0000E+00  0.0000   2.1286E+00  1.0000   0.0000E+00  0.0000
   1.1250E+01   1.1500E+01   0.0000E+00  0.0000   5.8474E-01  1.0000   0.0000E+00  0.0000   3.2884E-01  1.0000   0.0000E+00  0.0000
   1.1500E+01   1.1750E+01   0.0000E+00  0.0000   1.8802E+00  1.0000   0.0000E+00  0.0000   1.2245E+00  1.0000   0.0000E+00  0.0000
   1.1750E+01   1.2000E+01   0.0000E+00  0.0000   2.4556E+00  0.7071   0.0000E+00  0.0000   3.0623E-01  1.0000   0.0000E+00  0.0000
   1.2000E+01   1.2250E+01   0.0000E+00  0.0000   1.7538E+00  1.0000   0.0000E+00  0.0000   0.0000E+00  0.0000   0.0000E+00  0.0000
   1.2250E+01   1.2500E+01   0.0000E+00  0.0000   0.0000E+00  0.0000   0.0000E+00  0.0000   0.0000E+00  0.0000   0.0000E+00  0.0000
   1.2500E+01   1.2750E+01   0.0000E+00  0.0000   5.1719E-02  1.0000   0.0000E+00  0.0000   0.0000E+00  0.0000   0.0000E+00  0.0000
   1.2750E+01   1.3000E+01   0.0000E+00  0.0000   0.0000E+00  0.0000   0.0000E+00  0.0000   0.0000E+00  0.0000   0.0000E+00  0.0000
   1.3000E+01   1.3250E+01   0.0000E+00  0.0000   0.0000E+00  0.0000   0.0000E+00  0.0000   0.0000E+00  0.0000   0.0000E+00  0.0000
   1.3250E+01   1.3500E+01   0.0000E+00  0.0000   0.0000E+00  0.0000   0.0000E+00  0.0000   0.0000E+00  0.0000   0.0000E+00  0.0000
   1.3500E+01   1.3750E+01   0.0000E+00  0.0000   0.0000E+00  0.0000   0.0000E+00  0.0000   0.0000E+00  0.0000   0.0000E+00  0.0000
   1.3750E+01   1.4000E+01   0.0000E+00  0.0000   0.0000E+00  0.0000   0.0000E+00  0.0000   0.0000E+00  0.0000   0.0000E+00  0.0000
   1.4000E+01   1.4250E+01   0.0000E+00  0.0000   0.0000E+00  0.0000   0.0000E+00  0.0000   0.0000E+00  0.0000   0.0000E+00  0.0000
   1.4250E+01   1.4500E+01   0.0000E+00  0.0000   0.0000E+00  0.0000   0.0000E+00  0.0000   0.0000E+00  0.0000   0.0000E+00  0.0000
   1.4500E+01   1.4750E+01   0.0000E+00  0.0000   0.0000E+00  0.0000   0.0000E+00  0.0000   0.0000E+00  0.0000   0.0000E+00  0.0000
   1.4750E+01   1.5000E+01   0.0000E+00  0.0000   0.0000E+00  0.0000   0.0000E+00  0.0000   0.0000E+00  0.0000   0.0000E+00  0.0000
   1.5000E+01   1.5250E+01   0.0000E+00  0.0000   0.0000E+00  0.0000   0.0000E+00  0.0000   0.0000E+00  0.0000   0.0000E+00  0.0000
   1.5250E+01   1.5500E+01   0.0000E+00  0.0000   0.0000E+00  0.0000   0.0000E+00  0.0000   0.0000E+00  0.0000   0.0000E+00  0.0000
   1.5500E+01   1.5750E+01   0.0000E+00  0.0000   0.0000E+00  0.0000   0.0000E+00  0.0000   0.0000E+00  0.0000   0.0000E+00  0.0000
   1.5750E+01   1.6000E+01   0.0000E+00  0.0000   0.0000E+00  0.0000   0.0000E+00  0.0000   0.0000E+00  0.0000   0.0000E+00  0.0000
   1.6000E+01   1.6250E+01   0.0000E+00  0.0000   0.0000E+00  0.0000   0.0000E+00  0.0000   0.0000E+00  0.0000   0.0000E+00  0.0000
   1.6250E+01   1.6500E+01   0.0000E+00  0.0000   0.0000E+00  0.0000   0.0000E+00  0.0000   0.0000E+00  0.0000   0.0000E+00  0.0000
   1.6500E+01   1.6750E+01   0.0000E+00  0.0000   0.0000E+00  0.0000   0.0000E+00  0.0000   0.0000E+00  0.0000   0.0000E+00  0.0000
   1.6750E+01   1.7000E+01   0.0000E+00  0.0000   0.0000E+00  0.0000   0.0000E+00  0.0000   0.0000E+00  0.0000   0.0000E+00  0.0000
   1.7000E+01   1.7250E+01   0.0000E+00  0.0000   0.0000E+00  0.0000   0.0000E+00  0.0000   0.0000E+00  0.0000   0.0000E+00  0.0000
   1.7250E+01   1.7500E+01   0.0000E+00  0.0000   0.0000E+00  0.0000   0.0000E+00  0.0000   0.0000E+00  0.0000   0.0000E+00  0.0000
   1.7500E+01   1.7750E+01   0.0000E+00  0.0000   0.0000E+00  0.0000   0.0000E+00  0.0000   0.0000E+00  0.0000   0.0000E+00  0.0000
   1.7750E+01   1.8000E+01   0.0000E+00  0.0000   0.0000E+00  0.0000   0.0000E+00  0.0000   0.0000E+00  0.0000   0.0000E+00  0.0000
   1.8000E+01   1.8250E+01   0.0000E+00  0.0000   0.0000E+00  0.0000   0.0000E+00  0.0000   0.0000E+00  0.0000   0.0000E+00  0.0000
   1.8250E+01   1.8500E+01   0.0000E+00  0.0000   0.0000E+00  0.0000   0.0000E+00  0.0000   0.0000E+00  0.0000   0.0000E+00  0.0000
   1.8500E+01   1.8750E+01   0.0000E+00  0.0000   0.0000E+00  0.0000   0.0000E+00  0.0000   0.0000E+00  0.0000   0.0000E+00  0.0000
   1.8750E+01   1.9000E+01   0.0000E+00  0.0000   0.0000E+00  0.0000   0.0000E+00  0.0000   0.0000E+00  0.0000   0.0000E+00  0.0000
   1.9000E+01   1.9250E+01   0.0000E+00  0.0000   0.0000E+00  0.0000   0.0000E+00  0.0000   0.0000E+00  0.0000   0.0000E+00  0.0000
   1.9250E+01   1.9500E+01   0.0000E+00  0.0000   0.0000E+00  0.0000   0.0000E+00  0.0000   0.0000E+00  0.0000   0.0000E+00  0.0000
   1.9500E+01   1.9750E+01   0.0000E+00  0.0000   0.0000E+00  0.0000   0.0000E+00  0.0000   0.0000E+00  0.0000   0.0000E+00  0.0000
   1.9750E+01   2.0000E+01   0.0000E+00  0.0000   0.0000E+00  0.0000   0.0000E+00  0.0000   0.0000E+00  0.0000   0.0000E+00  0.0000
   2.0000E+01   2.0250E+01   0.0000E+00  0.0000   0.0000E+00  0.0000   0.0000E+00  0.0000   0.0000E+00  0.0000   0.0000E+00  0.0000
   2.0250E+01   2.0500E+01   0.0000E+00  0.0000   0.0000E+00  0.0000   0.0000E+00  0.0000   0.0000E+00  0.0000   0.0000E+00  0.0000
   2.0500E+01   2.0750E+01   0.0000E+00  0.0000   0.0000E+00  0.0000   0.0000E+00  0.0000   0.0000E+00  0.0000   0.0000E+00  0.0000
   2.0750E+01   2.1000E+01   0.0000E+00  0.0000   0.0000E+00  0.0000   0.0000E+00  0.0000   0.0000E+00  0.0000   0.0000E+00  0.0000
   2.1000E+01   2.1250E+01   0.0000E+00  0.0000   0.0000E+00  0.0000   0.0000E+00  0.0000   0.0000E+00  0.0000   0.0000E+00  0.0000
   2.1250E+01   2.1500E+01   0.0000E+00  0.0000   0.0000E+00  0.0000   0.0000E+00  0.0000   0.0000E+00  0.0000   0.0000E+00  0.0000
   2.1500E+01   2.1750E+01   0.0000E+00  0.0000   0.0000E+00  0.0000   0.0000E+00  0.0000   0.0000E+00  0.0000   0.0000E+00  0.0000
   2.1750E+01   2.2000E+01   0.0000E+00  0.0000   0.0000E+00  0.0000   0.0000E+00  0.0000   0.0000E+00  0.0000   0.0000E+00  0.0000
   2.2000E+01   2.2250E+01   0.0000E+00  0.0000   0.0000E+00  0.0000   0.0000E+00  0.0000   0.0000E+00  0.0000   0.0000E+00  0.0000
   2.2250E+01   2.2500E+01   0.0000E+00  0.0000   0.0000E+00  0.0000   0.0000E+00  0.0000   0.0000E+00  0.0000   0.0000E+00  0.0000
   2.2500E+01   2.2750E+01   0.0000E+00  0.0000   0.0000E+00  0.0000   0.0000E+00  0.0000   0.0000E+00  0.0000   0.0000E+00  0.0000
   2.2750E+01   2.3000E+01   0.0000E+00  0.0000   0.0000E+00  0.0000   0.0000E+00  0.0000   0.0000E+00  0.0000   0.0000E+00  0.0000
   2.3000E+01   2.3250E+01   0.0000E+00  0.0000   0.0000E+00  0.0000   0.0000E+00  0.0000   0.0000E+00  0.0000   0.0000E+00  0.0000
   2.3250E+01   2.3500E+01   0.0000E+00  0.0000   0.0000E+00  0.0000   0.0000E+00  0.0000   0.0000E+00  0.0000   0.0000E+00  0.0000
   2.3500E+01   2.3750E+01   0.0000E+00  0.0000   0.0000E+00  0.0000   0.0000E+00  0.0000   0.0000E+00  0.0000   0.0000E+00  0.0000
   2.3750E+01   2.4000E+01   0.0000E+00  0.0000   0.0000E+00  0.0000   0.0000E+00  0.0000   0.0000E+00  0.0000   0.0000E+00  0.0000
   2.4000E+01   2.4250E+01   0.0000E+00  0.0000   0.0000E+00  0.0000   0.0000E+00  0.0000   0.0000E+00  0.0000   0.0000E+00  0.0000
   2.4250E+01   2.4500E+01   0.0000E+00  0.0000   0.0000E+00  0.0000   0.0000E+00  0.0000   0.0000E+00  0.0000   0.0000E+00  0.0000
   2.4500E+01   2.4750E+01   0.0000E+00  0.0000   0.0000E+00  0.0000   0.0000E+00  0.0000   0.0000E+00  0.0000   0.0000E+00  0.0000
   2.4750E+01   2.5000E+01   0.0000E+00  0.0000   0.0000E+00  0.0000   0.0000E+00  0.0000   0.0000E+00  0.0000   0.0000E+00  0.0000

#   sum over                 1.9349E-02  1.0000   6.0801E+02  0.0619   0.0000E+00  0.0000   2.0516E+03  0.0338   0.0000E+00  0.0000

'no. =  1,  reg  =    700'
msuc: {\huge Espectro de energia}
msdr: {\it plotted by \ANGEL \version}
msdl: {\it calculated by \PHITS  3.35}
wt: s(0.7)
\vspace{-3}
   vol  &=&   1.0053E+02 [cm^3]
e:
 
# Information for Restart Calculation
# This calculation was newly started
# istdev =  2 # 1:Batch variance, 2:History variance
# resc2  = 1.78322300263345432E-02 # Total source weight or Total source weight / maxcas
# resc3  = 1.11300000000000000E+08 # Total history number or Total batch number
# maxcas =       25000 # History / Batch, only used for istdev=1
# bitrseed = 0111101001110110100010011010100111000000110101011011011111010110 # bit data of rseed
