[ T-Track ]
    title = [t-track] in xyz mesh
     mesh =  xyz            # mesh type is xyz scoring mesh
   x-type =    2            # x-mesh is linear given by xmin, xmax and nx
     xmin =  -4.000000      # minimum value of x-mesh points
     xmax =   4.000000      # maximum value of x-mesh points
#    xdel =  0.3200000      # mesh width of x-mesh points
       nx =     25          # number of x-mesh points
#    data = ( x(i), i = 1, nx + 1 )
#          -4.00000E+00 -3.68000E+00 -3.36000E+00 -3.04000E+00 -2.72000E+00
#          -2.40000E+00 -2.08000E+00 -1.76000E+00 -1.44000E+00 -1.12000E+00
#          -8.00000E-01 -4.80000E-01 -1.60000E-01  1.60000E-01  4.80000E-01
#           8.00000E-01  1.12000E+00  1.44000E+00  1.76000E+00  2.08000E+00
#           2.40000E+00  2.72000E+00  3.04000E+00  3.36000E+00  3.68000E+00
#           4.00000E+00
   y-type =    2            # y-mesh is linear given by ymin, ymax and ny
     ymin =  -6.000000      # minimum value of y-mesh points
     ymax =   5.000000      # maximum value of y-mesh points
#    ydel =  0.1833333      # mesh width of y-mesh points
       ny =     60          # number of y-mesh points
#    data = ( y(i), i = 1, ny + 1 )
#          -6.00000E+00 -5.81667E+00 -5.63333E+00 -5.45000E+00 -5.26667E+00
#          -5.08333E+00 -4.90000E+00 -4.71667E+00 -4.53333E+00 -4.35000E+00
#          -4.16667E+00 -3.98333E+00 -3.80000E+00 -3.61667E+00 -3.43333E+00
#          -3.25000E+00 -3.06667E+00 -2.88333E+00 -2.70000E+00 -2.51667E+00
#          -2.33333E+00 -2.15000E+00 -1.96667E+00 -1.78333E+00 -1.60000E+00
#          -1.41667E+00 -1.23333E+00 -1.05000E+00 -8.66667E-01 -6.83333E-01
#          -5.00000E-01 -3.16667E-01 -1.33333E-01  5.00000E-02  2.33333E-01
#           4.16667E-01  6.00000E-01  7.83333E-01  9.66667E-01  1.15000E+00
#           1.33333E+00  1.51667E+00  1.70000E+00  1.88333E+00  2.06667E+00
#           2.25000E+00  2.43333E+00  2.61667E+00  2.80000E+00  2.98333E+00
#           3.16667E+00  3.35000E+00  3.53333E+00  3.71667E+00  3.90000E+00
#           4.08333E+00  4.26667E+00  4.45000E+00  4.63333E+00  4.81667E+00
#           5.00000E+00
   z-type =    1            # z-mesh is given by the below data
       nz =      1          # number of z-mesh points
#    data = ( z(i), i = 1, nz + 1 )
            9.84700E+01  9.84900E+01
   e-type =    1            # e-mesh is given by the below data
       ne =      1          # number of e-mesh points
#    data = ( e(i), i = 1, ne + 1 )
            0.00000E+00  1.00000E+03
     unit =    1            # unit is [1/cm^2/source]
 material =  all            # (D=all) number of specific material
  2D-type =    3            # 1:Cont, 2:Clust, 3:Color, 4:xyz, 5:mat, 6:Clust+Cont, 7:Col+Cont
     axis =      xy            # axis of output
     file = track_xy_A.out  # file name of output for the above axis
     part =  proton   
# kf/name :  2212     
    gshow =    1            # 0: no 1:bnd, 2:bnd+mat, 3:bnd+reg 4:bnd+lat 5:bmp style
    resol =    1            # (D=1) resolution of gshow or rshow
    width = 0.5000000       # (D=0.5) width of lines for gshow or rshow
   epsout =    1            # (D=0) generate eps file by ANGEL
#    used :        main (  %)        temp (  %)       total (  %)
#  memory :          95 (  0)           0 (  0)          95 (  0)

#------------------------------------------------------------------------------
#newpage:
#   no. =  1   ie  =  1   iz  =  1   part. = proton  
#   e = (   0.0000E+00  -   1.0000E+03  )
#   z = (   9.8470E+01  -   9.8490E+01  )

'no. =  1,  ie =  1,  iz =  1'
msuc: {\huge [t-track] in xyz mesh}
msdr: {\it plotted by \ANGEL \version}
msdl: {\it calculated by \PHITS  3.35}

x: x [cm]
y: y [cm]
set: c1[ 1.375] c2[ 0.768] c5[ 0.800] c6[ 0.878] c7[ 0.250] c8[ 0.000]
p: h2fs form[c1] xfac[c2] afac[c5] scal[c6] xorg[c7] yorg[c8] nosp
set: c3[1.0e-4] c4[1.0]
p: cmin[c3] cmax[c4]
p: dmin(1e-31)
p: zlog
p: xmin( -4.000000    ) xmax(  4.000000    )
p: ymin( -6.000000    ) ymax(  5.000000    )
#  ny =  60   nx =  25
# ( ( data(x,y), x = 1, nx ), y = ny, 1, -1 )

hc:  y =   4.908333     to  -5.908333     by  0.1833333     ; x =  -3.840000     to   3.840000     by  0.3200000     ;
  5.488E-02  5.520E-02  5.021E-02  5.444E-02  4.550E-02  4.578E-02  4.284E-02  4.415E-02  4.100E-02  3.968E-02
  4.243E-02  4.132E-02  4.072E-02  4.114E-02  4.184E-02  4.245E-02  4.158E-02  4.314E-02  4.492E-02  4.551E-02
  4.802E-02  4.934E-02  5.167E-02  5.509E-02  5.665E-02  5.393E-02  5.073E-02  4.887E-02  4.952E-02  4.555E-02
  4.439E-02  4.207E-02  4.006E-02  3.899E-02  3.945E-02  3.885E-02  4.031E-02  4.025E-02  3.995E-02  3.914E-02
  4.002E-02  4.094E-02  4.322E-02  4.191E-02  4.323E-02  4.485E-02  4.649E-02  4.770E-02  5.023E-02  5.235E-02
  5.310E-02  5.010E-02  4.649E-02  4.392E-02  4.517E-02  4.121E-02  4.134E-02  4.021E-02  3.781E-02  3.846E-02
  3.865E-02  3.824E-02  3.726E-02  3.791E-02  3.912E-02  3.802E-02  3.874E-02  4.082E-02  4.097E-02  4.183E-02
  4.415E-02  4.336E-02  4.666E-02  5.070E-02  5.243E-02  4.917E-02  4.799E-02  4.549E-02  4.308E-02  4.192E-02
  4.098E-02  3.813E-02  3.897E-02  3.635E-02  3.921E-02  3.725E-02  3.610E-02  3.727E-02  3.611E-02  3.809E-02
  3.700E-02  3.819E-02  3.797E-02  4.051E-02  4.221E-02  4.254E-02  4.311E-02  4.369E-02  4.718E-02  4.887E-02
  5.116E-02  4.513E-02  4.497E-02  4.129E-02  4.077E-02  3.896E-02  3.930E-02  3.639E-02  3.631E-02  3.643E-02
  3.561E-02  3.545E-02  3.542E-02  3.538E-02  3.570E-02  3.584E-02  3.704E-02  3.812E-02  3.742E-02  3.839E-02
  3.794E-02  4.131E-02  4.356E-02  4.785E-02  4.840E-02  4.793E-02  4.588E-02  4.254E-02  4.169E-02  3.954E-02
  3.810E-02  3.717E-02  3.563E-02  3.579E-02  3.460E-02  3.602E-02  3.548E-02  3.460E-02  3.448E-02  3.360E-02
  3.445E-02  3.579E-02  3.609E-02  3.735E-02  3.889E-02  3.934E-02  4.079E-02  4.102E-02  4.323E-02  4.626E-02
  4.520E-02  4.390E-02  4.081E-02  4.005E-02  3.860E-02  3.660E-02  3.701E-02  3.566E-02  3.472E-02  3.540E-02
  3.498E-02  3.388E-02  3.318E-02  3.469E-02  3.390E-02  3.442E-02  3.540E-02  3.526E-02  3.701E-02  3.700E-02
  3.812E-02  3.999E-02  4.124E-02  4.188E-02  4.537E-02  4.315E-02  4.178E-02  4.012E-02  3.874E-02  3.817E-02
  3.585E-02  3.484E-02  3.499E-02  3.471E-02  3.371E-02  3.292E-02  3.294E-02  3.297E-02  3.358E-02  3.325E-02
  3.351E-02  3.411E-02  3.501E-02  3.502E-02  3.507E-02  3.609E-02  3.991E-02  4.200E-02  4.097E-02  4.442E-02
  4.367E-02  3.878E-02  3.876E-02  3.716E-02  3.726E-02  3.436E-02  3.444E-02  3.329E-02  3.339E-02  3.266E-02
  3.259E-02  3.277E-02  3.256E-02  3.203E-02  3.329E-02  3.263E-02  3.299E-02  3.418E-02  3.450E-02  3.609E-02
  3.659E-02  3.813E-02  3.878E-02  4.063E-02  4.219E-02  4.208E-02  4.011E-02  3.802E-02  3.725E-02  3.541E-02
  3.406E-02  3.439E-02  3.271E-02  3.236E-02  3.167E-02  3.207E-02  3.181E-02  3.261E-02  3.225E-02  3.184E-02
  3.343E-02  3.243E-02  3.305E-02  3.386E-02  3.437E-02  3.612E-02  3.720E-02  3.916E-02  4.104E-02  4.138E-02
  4.194E-02  3.942E-02  3.638E-02  3.655E-02  3.553E-02  3.410E-02  3.234E-02  3.312E-02  3.221E-02  3.109E-02
  3.227E-02  3.190E-02  3.185E-02  3.082E-02  3.181E-02  3.210E-02  3.231E-02  3.231E-02  3.285E-02  3.356E-02
  3.568E-02  3.541E-02  3.762E-02  3.964E-02  4.013E-02  4.076E-02  3.761E-02  3.625E-02  3.616E-02  3.387E-02
  3.278E-02  3.353E-02  3.246E-02  3.187E-02  3.072E-02  3.032E-02  3.098E-02  3.133E-02  3.143E-02  3.147E-02
  3.099E-02  3.141E-02  3.181E-02  3.214E-02  3.267E-02  3.399E-02  3.505E-02  3.680E-02  3.818E-02  4.023E-02
  3.942E-02  3.706E-02  3.602E-02  3.446E-02  3.308E-02  3.349E-02  3.176E-02  3.167E-02  3.097E-02  3.102E-02
  3.055E-02  3.074E-02  3.117E-02  3.152E-02  3.129E-02  3.090E-02  3.183E-02  3.048E-02  3.238E-02  3.270E-02
  3.306E-02  3.460E-02  3.596E-02  3.742E-02  3.842E-02  3.843E-02  3.695E-02  3.508E-02  3.456E-02  3.259E-02
  3.214E-02  3.194E-02  3.113E-02  3.045E-02  3.029E-02  3.042E-02  3.130E-02  3.049E-02  3.106E-02  2.983E-02
  3.143E-02  3.116E-02  3.109E-02  3.099E-02  3.215E-02  3.241E-02  3.513E-02  3.500E-02  3.799E-02  3.898E-02
  3.744E-02  3.602E-02  3.432E-02  3.400E-02  3.228E-02  3.077E-02  3.220E-02  3.107E-02  3.071E-02  3.032E-02
  3.009E-02  2.976E-02  3.092E-02  3.053E-02  3.051E-02  3.126E-02  3.001E-02  3.083E-02  3.158E-02  3.141E-02
  3.222E-02  3.434E-02  3.464E-02  3.621E-02  3.850E-02  3.614E-02  3.673E-02  3.392E-02  3.289E-02  3.236E-02
  3.151E-02  3.235E-02  3.422E-02  3.275E-02  3.299E-02  3.349E-02  3.309E-02  3.297E-02  3.342E-02  3.322E-02
  3.303E-02  3.307E-02  3.304E-02  3.359E-02  3.187E-02  3.266E-02  3.309E-02  3.449E-02  3.536E-02  3.729E-02
  3.640E-02  3.499E-02  3.327E-02  3.276E-02  3.159E-02  3.088E-02  3.612E-02  3.596E-02  3.499E-02  3.515E-02
  3.498E-02  3.476E-02  3.548E-02  3.542E-02  3.565E-02  3.638E-02  3.571E-02  3.584E-02  3.446E-02  3.094E-02
  3.209E-02  3.306E-02  3.355E-02  3.569E-02  3.637E-02  3.499E-02  3.432E-02  3.303E-02  3.144E-02  3.111E-02
  3.102E-02  3.540E-02  3.533E-02  3.575E-02  3.393E-02  3.367E-02  3.396E-02  3.348E-02  3.320E-02  3.312E-02
  3.382E-02  3.413E-02  3.539E-02  3.431E-02  3.107E-02  3.154E-02  3.313E-02  3.403E-02  3.495E-02  3.723E-02
  3.485E-02  3.511E-02  3.318E-02  3.144E-02  3.112E-02  3.105E-02  3.462E-02  3.454E-02  3.447E-02  3.437E-02
  3.438E-02  3.404E-02  3.402E-02  3.393E-02  3.477E-02  3.341E-02  3.390E-02  3.505E-02  3.464E-02  3.153E-02
  3.164E-02  3.188E-02  3.289E-02  3.387E-02  3.536E-02  3.577E-02  3.415E-02  3.258E-02  3.215E-02  3.079E-02
  3.051E-02  3.602E-02  3.424E-02  3.370E-02  3.338E-02  3.426E-02  3.475E-02  3.387E-02  3.431E-02  3.456E-02
  3.369E-02  3.452E-02  3.473E-02  3.570E-02  3.075E-02  3.078E-02  3.150E-02  3.357E-02  3.419E-02  3.594E-02
  3.601E-02  3.426E-02  3.178E-02  3.152E-02  3.058E-02  3.046E-02  3.535E-02  3.551E-02  3.322E-02  3.412E-02
  3.450E-02  3.441E-02  3.327E-02  3.461E-02  3.459E-02  3.560E-02  3.451E-02  3.469E-02  3.546E-02  3.113E-02
  3.135E-02  3.234E-02  3.306E-02  3.376E-02  3.499E-02  3.488E-02  3.370E-02  3.249E-02  3.251E-02  3.209E-02
  3.085E-02  3.427E-02  3.508E-02  3.395E-02  3.422E-02  3.431E-02  3.513E-02  3.473E-02  3.439E-02  3.417E-02
  3.401E-02  3.371E-02  3.544E-02  3.497E-02  2.991E-02  3.119E-02  3.194E-02  3.208E-02  3.364E-02  3.450E-02
  3.257E-02  3.314E-02  3.248E-02  3.174E-02  3.078E-02  3.135E-02  3.406E-02  3.455E-02  3.419E-02  3.380E-02
  3.503E-02  3.514E-02  3.519E-02  3.443E-02  3.320E-02  3.386E-02  3.350E-02  3.465E-02  3.476E-02  3.103E-02
  3.114E-02  3.117E-02  3.218E-02  3.280E-02  3.459E-02  3.406E-02  3.281E-02  3.130E-02  3.045E-02  3.127E-02
  3.050E-02  3.434E-02  3.540E-02  3.462E-02  3.497E-02  3.362E-02  3.492E-02  3.379E-02  3.439E-02  3.506E-02
  3.492E-02  3.345E-02  3.511E-02  3.526E-02  3.076E-02  3.030E-02  3.261E-02  3.313E-02  3.346E-02  3.516E-02
  3.497E-02  3.208E-02  3.226E-02  3.140E-02  3.058E-02  3.012E-02  3.471E-02  3.485E-02  3.404E-02  3.469E-02
  3.461E-02  3.430E-02  3.395E-02  3.418E-02  3.404E-02  3.475E-02  3.371E-02  3.560E-02  3.451E-02  3.123E-02
  3.127E-02  3.125E-02  3.198E-02  3.415E-02  3.523E-02  3.457E-02  3.322E-02  3.182E-02  3.033E-02  3.058E-02
  3.097E-02  3.367E-02  3.510E-02  3.380E-02  3.511E-02  3.365E-02  3.449E-02  3.534E-02  3.516E-02  3.442E-02
  3.547E-02  3.506E-02  3.459E-02  3.495E-02  3.073E-02  3.080E-02  3.188E-02  3.270E-02  3.306E-02  3.454E-02
  3.425E-02  3.251E-02  3.188E-02  3.093E-02  3.053E-02  3.064E-02  3.511E-02  3.462E-02  3.497E-02  3.472E-02
  3.483E-02  3.441E-02  3.447E-02  3.515E-02  3.498E-02  3.496E-02  3.395E-02  3.579E-02  3.463E-02  3.019E-02
  3.096E-02  3.138E-02  3.257E-02  3.348E-02  3.393E-02  3.401E-02  3.279E-02  3.140E-02  3.112E-02  3.171E-02
  3.079E-02  3.551E-02  3.542E-02  3.509E-02  3.437E-02  3.465E-02  3.587E-02  3.431E-02  3.542E-02  3.561E-02
  3.415E-02  3.406E-02  3.506E-02  3.557E-02  3.091E-02  3.089E-02  3.111E-02  3.298E-02  3.281E-02  3.417E-02
  3.360E-02  3.353E-02  3.215E-02  3.080E-02  3.055E-02  2.975E-02  3.478E-02  3.519E-02  3.434E-02  3.526E-02
  3.451E-02  3.513E-02  3.542E-02  3.522E-02  3.473E-02  3.413E-02  3.465E-02  3.589E-02  3.568E-02  3.072E-02
  3.092E-02  2.984E-02  3.266E-02  3.326E-02  3.381E-02  3.485E-02  3.335E-02  3.203E-02  3.100E-02  3.011E-02
  3.033E-02  3.511E-02  3.463E-02  3.516E-02  3.460E-02  3.454E-02  3.585E-02  3.433E-02  3.463E-02  3.477E-02
  3.523E-02  3.564E-02  3.652E-02  3.643E-02  3.037E-02  3.093E-02  3.110E-02  3.127E-02  3.259E-02  3.553E-02
  3.430E-02  3.297E-02  3.196E-02  3.094E-02  3.096E-02  3.039E-02  3.466E-02  3.481E-02  3.432E-02  3.526E-02
  3.415E-02  3.391E-02  3.629E-02  3.459E-02  3.536E-02  3.438E-02  3.413E-02  3.469E-02  3.537E-02  3.054E-02
  3.147E-02  3.272E-02  3.180E-02  3.311E-02  3.492E-02  3.487E-02  3.444E-02  3.179E-02  3.187E-02  3.183E-02
  3.077E-02  3.574E-02  3.430E-02  3.464E-02  3.395E-02  3.420E-02  3.504E-02  3.523E-02  3.463E-02  3.408E-02
  3.485E-02  3.535E-02  3.354E-02  3.455E-02  3.141E-02  3.157E-02  3.174E-02  3.254E-02  3.361E-02  3.387E-02
  3.519E-02  3.271E-02  3.200E-02  3.174E-02  3.044E-02  3.113E-02  3.526E-02  3.616E-02  3.503E-02  3.467E-02
  3.505E-02  3.402E-02  3.451E-02  3.428E-02  3.472E-02  3.479E-02  3.521E-02  3.592E-02  3.468E-02  3.094E-02
  3.125E-02  3.125E-02  3.225E-02  3.311E-02  3.526E-02  3.460E-02  3.360E-02  3.212E-02  3.147E-02  3.062E-02
  2.957E-02  3.451E-02  3.405E-02  3.529E-02  3.432E-02  3.374E-02  3.470E-02  3.517E-02  3.451E-02  3.517E-02
  3.352E-02  3.440E-02  3.533E-02  3.522E-02  3.049E-02  3.214E-02  3.164E-02  3.243E-02  3.461E-02  3.345E-02
  3.500E-02  3.449E-02  3.245E-02  3.128E-02  4.070E-02  4.428E-02  5.211E-02  5.196E-02  4.666E-02  4.876E-02
  5.040E-02  4.902E-02  4.855E-02  4.931E-02  4.932E-02  4.845E-02  4.827E-02  5.062E-02  5.021E-02  4.428E-02
  4.234E-02  3.173E-02  3.235E-02  3.444E-02  3.564E-02  3.571E-02  3.423E-02  3.293E-02  3.239E-02  1.336E-01
  0.000E+00  0.000E+00  0.000E+00  0.000E+00  0.000E+00  0.000E+00  0.000E+00  0.000E+00  0.000E+00  0.000E+00
  0.000E+00  0.000E+00  0.000E+00  0.000E+00  0.000E+00  1.090E-01  3.245E-02  3.345E-02  3.483E-02  3.496E-02
  3.590E-02  3.447E-02  3.308E-02  3.343E-02  1.329E-01  0.000E+00  0.000E+00  0.000E+00  0.000E+00  0.000E+00
  0.000E+00  0.000E+00  0.000E+00  0.000E+00  0.000E+00  0.000E+00  0.000E+00  0.000E+00  0.000E+00  0.000E+00
  1.118E-01  3.356E-02  3.308E-02  3.471E-02  3.625E-02  3.636E-02  3.445E-02  3.420E-02  3.315E-02  1.304E-01
  0.000E+00  0.000E+00  0.000E+00  0.000E+00  0.000E+00  0.000E+00  0.000E+00  0.000E+00  0.000E+00  0.000E+00
  0.000E+00  0.000E+00  0.000E+00  0.000E+00  0.000E+00  1.094E-01  3.266E-02  3.394E-02  3.390E-02  3.594E-02
  3.711E-02  3.540E-02  3.455E-02  3.397E-02  1.270E-01  0.000E+00  0.000E+00  0.000E+00  0.000E+00  0.000E+00
  0.000E+00  0.000E+00  0.000E+00  0.000E+00  0.000E+00  0.000E+00  0.000E+00  0.000E+00  0.000E+00  0.000E+00
  1.206E-01  3.358E-02  3.418E-02  3.661E-02  3.739E-02  3.802E-02  3.588E-02  3.344E-02  3.492E-02  1.374E-01
  0.000E+00  0.000E+00  0.000E+00  0.000E+00  0.000E+00  0.000E+00  0.000E+00  0.000E+00  0.000E+00  0.000E+00
  0.000E+00  0.000E+00  0.000E+00  0.000E+00  0.000E+00  1.242E-01  3.383E-02  3.472E-02  3.594E-02  3.841E-02
  3.824E-02  3.675E-02  3.501E-02  3.510E-02  1.338E-01  0.000E+00  0.000E+00  0.000E+00  0.000E+00  0.000E+00
  0.000E+00  0.000E+00  0.000E+00  0.000E+00  0.000E+00  0.000E+00  0.000E+00  0.000E+00  0.000E+00  0.000E+00
  1.208E-01  3.434E-02  3.528E-02  3.741E-02  3.817E-02  3.838E-02  3.635E-02  3.664E-02  3.408E-02  1.448E-01
  0.000E+00  0.000E+00  0.000E+00  0.000E+00  0.000E+00  0.000E+00  0.000E+00  0.000E+00  0.000E+00  0.000E+00
  0.000E+00  0.000E+00  0.000E+00  0.000E+00  0.000E+00  1.270E-01  3.461E-02  3.546E-02  3.683E-02  3.874E-02
  4.020E-02  3.831E-02  3.643E-02  3.483E-02  1.585E-01  0.000E+00  0.000E+00  0.000E+00  0.000E+00  0.000E+00
  0.000E+00  0.000E+00  0.000E+00  0.000E+00  0.000E+00  0.000E+00  0.000E+00  0.000E+00  0.000E+00  0.000E+00
  1.325E-01  3.642E-02  3.667E-02  3.696E-02  4.030E-02  4.030E-02  4.015E-02  3.638E-02  3.598E-02  1.475E-01
  0.000E+00  0.000E+00  0.000E+00  0.000E+00  0.000E+00  0.000E+00  0.000E+00  0.000E+00  0.000E+00  0.000E+00
  0.000E+00  0.000E+00  0.000E+00  0.000E+00  0.000E+00  1.285E-01  3.691E-02  3.759E-02  3.835E-02  4.014E-02
  4.031E-02  3.955E-02  3.725E-02  3.893E-02  1.578E-01  0.000E+00  0.000E+00  0.000E+00  0.000E+00  0.000E+00
  0.000E+00  0.000E+00  0.000E+00  0.000E+00  0.000E+00  0.000E+00  0.000E+00  0.000E+00  0.000E+00  0.000E+00
  1.364E-01  3.635E-02  3.727E-02  3.878E-02  4.250E-02  4.192E-02  3.983E-02  3.957E-02  3.749E-02  1.667E-01
  0.000E+00  0.000E+00  0.000E+00  0.000E+00  0.000E+00  0.000E+00  0.000E+00  0.000E+00  0.000E+00  0.000E+00
  0.000E+00  0.000E+00  0.000E+00  0.000E+00  0.000E+00  1.283E-01  3.733E-02  3.836E-02  4.144E-02  4.258E-02
  4.493E-02  4.172E-02  3.845E-02  3.875E-02  1.577E-01  0.000E+00  0.000E+00  0.000E+00  0.000E+00  0.000E+00
  0.000E+00  0.000E+00  0.000E+00  0.000E+00  0.000E+00  0.000E+00  0.000E+00  0.000E+00  0.000E+00  0.000E+00
  1.563E-01  3.958E-02  3.983E-02  4.193E-02  4.434E-02  4.488E-02  4.206E-02  4.204E-02  4.013E-02  1.543E-01
  0.000E+00  0.000E+00  0.000E+00  0.000E+00  0.000E+00  0.000E+00  0.000E+00  0.000E+00  0.000E+00  0.000E+00
  0.000E+00  0.000E+00  0.000E+00  0.000E+00  0.000E+00  1.543E-01  4.007E-02  4.160E-02  4.346E-02  4.448E-02
  4.555E-02  4.258E-02  4.322E-02  4.193E-02  1.543E-01  0.000E+00  0.000E+00  0.000E+00  0.000E+00  0.000E+00
  0.000E+00  0.000E+00  0.000E+00  0.000E+00  0.000E+00  0.000E+00  0.000E+00  0.000E+00  0.000E+00  0.000E+00
  1.525E-01  4.148E-02  4.260E-02  4.307E-02  4.669E-02  4.580E-02  4.643E-02  4.308E-02  4.112E-02  1.768E-01
  0.000E+00  0.000E+00  0.000E+00  0.000E+00  0.000E+00  0.000E+00  0.000E+00  0.000E+00  0.000E+00  0.000E+00
  0.000E+00  0.000E+00  0.000E+00  0.000E+00  0.000E+00  1.374E-01  3.960E-02  4.377E-02  4.397E-02  4.710E-02
  4.888E-02  4.598E-02  4.409E-02  4.238E-02  1.725E-01  0.000E+00  0.000E+00  0.000E+00  0.000E+00  0.000E+00
  0.000E+00  0.000E+00  0.000E+00  0.000E+00  0.000E+00  0.000E+00  0.000E+00  0.000E+00  0.000E+00  0.000E+00
  1.414E-01  4.370E-02  4.698E-02  4.747E-02  4.858E-02  5.067E-02  4.995E-02  4.527E-02  4.337E-02  1.776E-01
  0.000E+00  0.000E+00  0.000E+00  0.000E+00  0.000E+00  0.000E+00  0.000E+00  0.000E+00  0.000E+00  0.000E+00
  0.000E+00  0.000E+00  0.000E+00  0.000E+00  0.000E+00  1.453E-01  4.789E-02  4.778E-02  4.752E-02  5.307E-02
  5.341E-02  5.291E-02  4.752E-02  4.752E-02  2.236E-01  0.000E+00  0.000E+00  0.000E+00  0.000E+00  0.000E+00
  0.000E+00  0.000E+00  0.000E+00  0.000E+00  0.000E+00  0.000E+00  0.000E+00  0.000E+00  0.000E+00  0.000E+00
  1.858E-01  4.782E-02  4.739E-02  5.085E-02  5.326E-02  5.135E-02  5.454E-02  5.055E-02  4.922E-02  2.236E-01
  0.000E+00  0.000E+00  0.000E+00  0.000E+00  0.000E+00  0.000E+00  0.000E+00  0.000E+00  0.000E+00  0.000E+00
  0.000E+00  0.000E+00  0.000E+00  0.000E+00  0.000E+00  1.826E-01  5.048E-02  5.300E-02  5.365E-02  5.464E-02
  5.562E-02  5.603E-02  5.053E-02  4.996E-02  2.236E-01  0.000E+00  0.000E+00  0.000E+00  0.000E+00  0.000E+00
  0.000E+00  0.000E+00  0.000E+00  0.000E+00  0.000E+00  0.000E+00  0.000E+00  0.000E+00  0.000E+00  0.000E+00
  1.796E-01  5.204E-02  5.173E-02  5.191E-02  5.848E-02  6.003E-02  5.948E-02  5.196E-02  5.457E-02  2.428E-01
  0.000E+00  0.000E+00  0.000E+00  0.000E+00  0.000E+00  0.000E+00  0.000E+00  0.000E+00  0.000E+00  0.000E+00
  0.000E+00  0.000E+00  0.000E+00  0.000E+00  0.000E+00  2.016E-01  5.299E-02  5.145E-02  5.502E-02  5.777E-02
  6.218E-02  6.168E-02  5.497E-02  5.492E-02  3.333E-01  0.000E+00  0.000E+00  0.000E+00  0.000E+00  0.000E+00
  0.000E+00  0.000E+00  0.000E+00  0.000E+00  0.000E+00  0.000E+00  0.000E+00  0.000E+00  0.000E+00  0.000E+00
  2.357E-01  5.194E-02  5.487E-02  5.861E-02  6.043E-02  6.431E-02  6.327E-02  5.913E-02  5.742E-02  2.357E-01
  0.000E+00  0.000E+00  0.000E+00  0.000E+00  0.000E+00  0.000E+00  0.000E+00  0.000E+00  0.000E+00  0.000E+00
  0.000E+00  0.000E+00  0.000E+00  0.000E+00  0.000E+00  1.890E-01  5.747E-02  5.885E-02  6.556E-02  6.542E-02
  6.919E-02  6.563E-02  6.158E-02  5.907E-02  2.425E-01  0.000E+00  0.000E+00  0.000E+00  0.000E+00  0.000E+00
  0.000E+00  0.000E+00  0.000E+00  0.000E+00  0.000E+00  0.000E+00  0.000E+00  0.000E+00  0.000E+00  0.000E+00
  1.961E-01  6.068E-02  6.235E-02  6.516E-02  6.749E-02  7.438E-02  7.134E-02  6.402E-02  6.503E-02  2.887E-01
  0.000E+00  0.000E+00  0.000E+00  0.000E+00  0.000E+00  0.000E+00  0.000E+00  0.000E+00  0.000E+00  0.000E+00
  0.000E+00  0.000E+00  0.000E+00  0.000E+00  0.000E+00  2.132E-01  6.255E-02  6.371E-02  6.834E-02  6.954E-02

#------------------------------------------------------------------------------
# gshow
#------------------------------------------------------------------------------

p: legs[c5*0.875]

hb:   line clip z  
frame:
 -3.9999905E+00 -5.9999746E+00
  4.0000095E+00 -5.9999746E+00
  4.0000095E+00  5.0000254E+00
 -3.9999905E+00  5.0000254E+00
clip:
 -4.30768243E+00 -6.18030207E+00
 -2.62100000E+00 -6.18030207E+00
 -2.62100000E+00 -6.01095427E+00
 -2.62100000E+00 -5.99095780E+00
 -2.62100000E+00 -5.82161000E+00
 -2.62100000E+00 -5.80161354E+00
 -2.62100000E+00 -5.63226574E+00
 -2.62100000E+00 -5.61226928E+00
 -2.62100000E+00 -5.44292148E+00
 -2.62100000E+00 -5.42292502E+00
 -2.62100000E+00 -5.25357722E+00
 -2.62100000E+00 -5.23358075E+00
 -2.62100000E+00 -5.06423295E+00
 -2.62100000E+00 -5.04423649E+00
 -2.62100000E+00 -4.87488869E+00
 -2.62100000E+00 -4.85489223E+00
 -2.62100000E+00 -4.68554443E+00
 -2.62100000E+00 -4.66554797E+00
 -2.62100000E+00 -4.49620017E+00
 -2.62100000E+00 -4.47620371E+00
 -2.62100000E+00 -4.30685590E+00
 -2.62100000E+00 -4.28685944E+00
 -2.62100000E+00 -4.11751164E+00
 -2.62100000E+00 -4.09751518E+00
 -2.62100000E+00 -3.92816738E+00
 -2.62100000E+00 -3.90817092E+00
 -2.62100000E+00 -3.73882312E+00
 -2.62100000E+00 -3.71882666E+00
 -2.62100000E+00 -3.54947886E+00
 -2.62100000E+00 -3.52948239E+00
 -2.62100000E+00 -3.36013459E+00
 -2.62100000E+00 -3.34013813E+00
 -2.62100000E+00 -3.17079033E+00
 -2.62100000E+00 -3.15079387E+00
 -2.62100000E+00 -2.98144607E+00
 -2.62100000E+00 -2.96144961E+00
 -2.62100000E+00 -2.79210181E+00
 -2.62100000E+00 -2.77210535E+00
 -2.62100000E+00 -2.60275754E+00
 -2.62100000E+00 -2.58276108E+00
 -2.62100000E+00 -2.41341328E+00
 -2.62100000E+00 -2.39341682E+00
 -2.62100000E+00 -2.22406902E+00
 -2.62100000E+00 -2.20407256E+00
 -2.62100000E+00 -2.03472476E+00
 -2.62100000E+00 -2.01472830E+00
 -2.62100000E+00 -1.84538049E+00
 -2.62100000E+00 -1.82538403E+00
 -2.62100000E+00 -1.65603623E+00
 -2.62100000E+00 -1.63603977E+00
 -2.62100000E+00 -1.46669197E+00
 -2.58460551E+00 -1.31850000E+00
 -2.47331193E+00 -1.31850000E+00
 -2.23999012E+00 -1.31850000E+00
 -2.05000000E+00 -1.25735125E+00
 -2.05000000E+00 -1.15296374E+00
 -2.05000000E+00 -1.06800698E+00
 -2.05000000E+00 -9.63619481E-01
 -2.05000000E+00 -8.78662722E-01
 -2.05000000E+00 -7.74275218E-01
 -2.05000000E+00 -6.89318460E-01
 -2.05000000E+00 -5.84930956E-01
 -2.05000000E+00 -4.99974198E-01
 -2.05000000E+00 -3.95586694E-01
 -2.05000000E+00 -3.10629935E-01
 -2.05000000E+00 -2.06242431E-01
 -2.05000000E+00 -1.21285673E-01
 -2.05000000E+00 -1.68981691E-02
 -2.05000000E+00  6.80585894E-02
 -2.05000000E+00  1.72446093E-01
 -2.05000000E+00  2.57402852E-01
 -2.05000000E+00  3.61790355E-01
 -2.05000000E+00  4.46747114E-01
 -2.05000000E+00  5.51134618E-01
 -2.05000000E+00  6.36091376E-01
 -2.05000000E+00  7.40478880E-01
 -2.05000000E+00  8.25435639E-01
 -2.05000000E+00  9.29823142E-01
 -2.05000000E+00  1.01477990E+00
 -2.05000000E+00  1.11916740E+00
 -2.05000000E+00  1.20412416E+00
 -2.05000000E+00  1.30851167E+00
 -2.05000000E+00  1.39346843E+00
 -2.05000000E+00  1.49785593E+00
 -2.05000000E+00  1.58281269E+00
 -2.05000000E+00  1.68720019E+00
 -2.05000000E+00  1.77215695E+00
 -2.05000000E+00  1.87654445E+00
 -2.05000000E+00  1.96150121E+00
 -2.05000000E+00  2.06588872E+00
 -1.89537474E+00  2.18150000E+00
 -1.60655202E+00  2.18150000E+00
  1.89539449E+00  2.18150000E+00
  2.05000000E+00  2.15084547E+00
  2.05000000E+00  2.04644712E+00
  2.05000000E+00  1.96150121E+00
  2.05000000E+00  1.85710286E+00
  2.05000000E+00  1.77215695E+00
  2.05000000E+00  1.66775859E+00
  2.05000000E+00  1.58281269E+00
  2.05000000E+00  1.47841433E+00
  2.05000000E+00  1.39346843E+00
  2.05000000E+00  1.28907007E+00
  2.05000000E+00  1.20412416E+00
  2.05000000E+00  1.09972581E+00
  2.05000000E+00  1.01477990E+00
  2.05000000E+00  9.10381544E-01
  2.05000000E+00  8.25435639E-01
  2.05000000E+00  7.21037282E-01
  2.05000000E+00  6.36091376E-01
  2.05000000E+00  5.31693019E-01
  2.05000000E+00  4.46747114E-01
  2.05000000E+00  3.42348757E-01
  2.05000000E+00  2.57402852E-01
  2.05000000E+00  1.53004495E-01
  2.05000000E+00  6.80585894E-02
  2.05000000E+00 -3.63397675E-02
  2.05000000E+00 -1.21285673E-01
  2.05000000E+00 -2.25684030E-01
  2.05000000E+00 -3.10629935E-01
  2.05000000E+00 -4.15028292E-01
  2.05000000E+00 -4.99974198E-01
  2.05000000E+00 -6.04372554E-01
  2.05000000E+00 -6.89318460E-01
  2.05000000E+00 -7.93716817E-01
  2.05000000E+00 -8.78662722E-01
  2.05000000E+00 -9.83061079E-01
  2.05000000E+00 -1.06800698E+00
  2.05000000E+00 -1.17240534E+00
  2.12871629E+00 -1.31850000E+00
  2.24000988E+00 -1.31850000E+00
  2.35130346E+00 -1.31850000E+00
  2.58462526E+00 -1.31850000E+00
  2.60900000E+00 -1.62264740E+00
  2.60900000E+00 -6.18030207E+00
  2.92924065E+00 -6.18030207E+00
  3.27385603E+00 -6.18030207E+00
  3.61847142E+00 -6.18030207E+00
  3.96308680E+00 -6.18030207E+00
  4.30770218E+00 -6.18030207E+00
  4.30770218E+00 -5.99095780E+00
  4.30770218E+00 -5.80161354E+00
  4.30770218E+00 -5.61226928E+00
  4.30770218E+00 -5.42292502E+00
  4.30770218E+00 -5.23358075E+00
  4.30770218E+00 -5.04423649E+00
  4.30770218E+00 -4.85489223E+00
  4.30770218E+00 -4.66554797E+00
  4.30770218E+00 -4.47620371E+00
  4.30770218E+00 -4.28685944E+00
  4.30770218E+00 -4.09751518E+00
  4.30770218E+00 -3.90817092E+00
  4.30770218E+00 -3.71882666E+00
  4.30770218E+00 -3.52948239E+00
  4.30770218E+00 -3.34013813E+00
  4.30770218E+00 -3.15079387E+00
  4.30770218E+00 -2.96144961E+00
  4.30770218E+00 -2.77210535E+00
  4.30770218E+00 -2.58276108E+00
  4.30770218E+00 -2.39341682E+00
  4.30770218E+00 -2.20407256E+00
  4.30770218E+00 -2.01472830E+00
  4.30770218E+00 -1.82538403E+00
  4.30770218E+00 -1.63603977E+00
  4.30770218E+00 -1.44669551E+00
  4.30770218E+00 -1.25735125E+00
  4.30770218E+00 -1.06800698E+00
  4.30770218E+00 -8.78662722E-01
  4.30770218E+00 -6.89318460E-01
  4.30770218E+00 -4.99974198E-01
  4.30770218E+00 -3.10629935E-01
  4.30770218E+00 -1.21285673E-01
  4.30770218E+00  6.80585894E-02
  4.30770218E+00  2.57402852E-01
  4.30770218E+00  4.46747114E-01
  4.30770218E+00  6.36091376E-01
  4.30770218E+00  8.25435639E-01
  4.30770218E+00  1.01477990E+00
  4.30770218E+00  1.20412416E+00
  4.30770218E+00  1.39346843E+00
  4.30770218E+00  1.58281269E+00
  4.30770218E+00  1.77215695E+00
  4.30770218E+00  1.96150121E+00
  4.30770218E+00  2.15084547E+00
  4.30770218E+00  2.34018974E+00
  4.30770218E+00  2.52953400E+00
  4.30770218E+00  2.71887826E+00
  4.30770218E+00  2.90822252E+00
  4.30770218E+00  3.09756679E+00
  4.30770218E+00  3.28691105E+00
  4.30770218E+00  3.47625531E+00
  4.30770218E+00  3.66559957E+00
  4.30770218E+00  3.85494384E+00
  4.30770218E+00  4.04428810E+00
  4.30770218E+00  4.23363236E+00
  4.30770218E+00  4.42297662E+00
  4.30770218E+00  4.61232088E+00
  4.30770218E+00  4.80166515E+00
  4.30770218E+00  4.99100941E+00
  4.30770218E+00  5.18035367E+00
  3.96308680E+00  5.18035367E+00
  3.61847142E+00  5.18035367E+00
  3.27385603E+00  5.18035367E+00
  2.92924065E+00  5.18035367E+00
  2.58462526E+00  5.18035367E+00
  2.24000988E+00  5.18035367E+00
  1.89539449E+00  5.18035367E+00
  1.55077911E+00  5.18035367E+00
  1.20616372E+00  5.18035367E+00
  8.61548338E-01  5.18035367E+00
  5.16932953E-01  5.18035367E+00
  1.72317569E-01  5.18035367E+00
 -1.72297816E-01  5.18035367E+00
 -5.16913200E-01  5.18035367E+00
 -8.61528585E-01  5.18035367E+00
 -1.20614397E+00  5.18035367E+00
 -1.55075935E+00  5.18035367E+00
 -1.89537474E+00  5.18035367E+00
 -2.23999012E+00  5.18035367E+00
 -2.58460551E+00  5.18035367E+00
 -2.92922089E+00  5.18035367E+00
 -3.27383628E+00  5.18035367E+00
 -3.61845166E+00  5.18035367E+00
 -3.96306705E+00  5.18035367E+00
 -4.30768243E+00  4.99100941E+00
 -4.30768243E+00 -6.18030207E+00

hb:   line clip z  
frame:
 -3.9999905E+00 -5.9999746E+00
  4.0000095E+00 -5.9999746E+00
  4.0000095E+00  5.0000254E+00
 -3.9999905E+00  5.0000254E+00
clip:
 -2.58460551E+00 -6.18030207E+00
 -2.37100000E+00 -6.18030207E+00
 -2.37100000E+00 -6.06293941E+00
 -2.37100000E+00 -5.99095780E+00
 -2.37100000E+00 -5.87359515E+00
 -2.37100000E+00 -5.80161354E+00
 -2.37100000E+00 -5.68425088E+00
 -2.37100000E+00 -5.61226928E+00
 -2.37100000E+00 -5.49490662E+00
 -2.37100000E+00 -5.42292502E+00
 -2.37100000E+00 -5.30556236E+00
 -2.37100000E+00 -5.23358075E+00
 -2.37100000E+00 -5.11621810E+00
 -2.37100000E+00 -5.04423649E+00
 -2.37100000E+00 -4.92687384E+00
 -2.37100000E+00 -4.85489223E+00
 -2.37100000E+00 -4.73752957E+00
 -2.37100000E+00 -4.66554797E+00
 -2.37100000E+00 -4.54818531E+00
 -2.37100000E+00 -4.47620371E+00
 -2.37100000E+00 -4.35884105E+00
 -2.37100000E+00 -4.28685944E+00
 -2.37100000E+00 -4.16949679E+00
 -2.37100000E+00 -4.09751518E+00
 -2.37100000E+00 -3.98015252E+00
 -2.37100000E+00 -3.90817092E+00
 -2.37100000E+00 -3.79080826E+00
 -2.37100000E+00 -3.71882666E+00
 -2.37100000E+00 -3.60146400E+00
 -2.37100000E+00 -3.52948239E+00
 -2.37100000E+00 -3.41211974E+00
 -2.37100000E+00 -3.34013813E+00
 -2.37100000E+00 -3.22277547E+00
 -2.37100000E+00 -3.15079387E+00
 -2.37100000E+00 -3.03343121E+00
 -2.37100000E+00 -2.96144961E+00
 -2.37100000E+00 -2.84408695E+00
 -2.37100000E+00 -2.77210535E+00
 -2.37100000E+00 -2.65474269E+00
 -2.37100000E+00 -2.58276108E+00
 -2.37100000E+00 -2.46539843E+00
 -2.37100000E+00 -2.39341682E+00
 -2.37100000E+00 -2.27605416E+00
 -2.37100000E+00 -2.20407256E+00
 -2.37100000E+00 -2.08670990E+00
 -2.37100000E+00 -2.01472830E+00
 -2.37100000E+00 -1.89736564E+00
 -2.37100000E+00 -1.82538403E+00
 -2.37100000E+00 -1.70802138E+00
 -2.23999012E+00 -1.56850000E+00
 -2.01830027E+00 -1.56850000E+00
 -1.75000000E+00 -1.52656969E+00
 -1.75000000E+00 -1.44669551E+00
 -1.75000000E+00 -1.36682132E+00
 -1.89537474E+00 -1.31850000E+00
 -2.12869654E+00 -1.31850000E+00
 -2.23999012E+00 -1.31850000E+00
 -2.47331193E+00 -1.31850000E+00
 -2.58460551E+00 -1.31850000E+00
 -2.62100000E+00 -1.42669905E+00
 -2.62100000E+00 -1.44669551E+00
 -2.62100000E+00 -1.46669197E+00
 -2.62100000E+00 -1.63603977E+00
 -2.62100000E+00 -1.65603623E+00
 -2.62100000E+00 -1.82538403E+00
 -2.62100000E+00 -1.84538049E+00
 -2.62100000E+00 -2.01472830E+00
 -2.62100000E+00 -2.03472476E+00
 -2.62100000E+00 -2.20407256E+00
 -2.62100000E+00 -2.22406902E+00
 -2.62100000E+00 -2.39341682E+00
 -2.62100000E+00 -2.41341328E+00
 -2.62100000E+00 -2.58276108E+00
 -2.62100000E+00 -2.60275754E+00
 -2.62100000E+00 -2.77210535E+00
 -2.62100000E+00 -2.79210181E+00
 -2.62100000E+00 -2.96144961E+00
 -2.62100000E+00 -2.98144607E+00
 -2.62100000E+00 -3.15079387E+00
 -2.62100000E+00 -3.17079033E+00
 -2.62100000E+00 -3.34013813E+00
 -2.62100000E+00 -3.36013459E+00
 -2.62100000E+00 -3.52948239E+00
 -2.62100000E+00 -3.54947886E+00
 -2.62100000E+00 -3.71882666E+00
 -2.62100000E+00 -3.73882312E+00
 -2.62100000E+00 -3.90817092E+00
 -2.62100000E+00 -3.92816738E+00
 -2.62100000E+00 -4.09751518E+00
 -2.62100000E+00 -4.11751164E+00
 -2.62100000E+00 -4.28685944E+00
 -2.62100000E+00 -4.30685590E+00
 -2.62100000E+00 -4.47620371E+00
 -2.62100000E+00 -4.49620017E+00
 -2.62100000E+00 -4.66554797E+00
 -2.62100000E+00 -4.68554443E+00
 -2.62100000E+00 -4.85489223E+00
 -2.62100000E+00 -4.87488869E+00
 -2.62100000E+00 -5.04423649E+00
 -2.62100000E+00 -5.06423295E+00
 -2.62100000E+00 -5.23358075E+00
 -2.62100000E+00 -5.25357722E+00
 -2.62100000E+00 -5.42292502E+00
 -2.62100000E+00 -5.44292148E+00
 -2.62100000E+00 -5.61226928E+00
 -2.62100000E+00 -5.63226574E+00
 -2.62100000E+00 -5.80161354E+00
 -2.62100000E+00 -5.82161000E+00
 -2.62100000E+00 -5.99095780E+00
 -2.62100000E+00 -6.01095427E+00
 -2.62100000E+00 -6.18030207E+00

hb:   line clip z  
frame:
 -3.9999905E+00 -5.9999746E+00
  4.0000095E+00 -5.9999746E+00
  4.0000095E+00  5.0000254E+00
 -3.9999905E+00  5.0000254E+00
clip:
 -2.23999012E+00 -6.18030207E+00
 -1.94895613E+00 -6.18030207E+00
 -1.93699087E+00 -6.01382322E+00
 -1.90114561E+00 -5.61226928E+00
 -1.85503459E+00 -5.21141641E+00
 -1.80471365E+00 -4.85489223E+00
 -1.76154450E+00 -4.59201675E+00
 -1.70440023E+00 -4.28685944E+00
 -1.66482296E+00 -4.09751518E+00
 -1.62181464E+00 -3.90817092E+00
 -1.57509316E+00 -3.71882666E+00
 -1.51949457E+00 -3.51230438E+00
 -1.45239662E+00 -3.28609406E+00
 -1.37614240E+00 -3.05485295E+00
 -1.28826637E+00 -2.81722639E+00
 -1.20614397E+00 -2.61916602E+00
 -1.18475355E+00 -2.57100841E+00
 -1.10023658E+00 -2.39341682E+00
 -1.05817407E+00 -2.31211676E+00
 -9.98378222E-01 -2.20407256E+00
 -8.91225366E-01 -2.03104479E+00
 -8.61528585E-01 -1.98748775E+00
 -7.76173106E-01 -1.87228145E+00
 -7.38007778E-01 -1.82538403E+00
 -6.08507779E-01 -1.68636517E+00
 -5.53170354E-01 -1.63603977E+00
 -7.38603053E-01 -1.56850000E+00
 -8.61528585E-01 -1.56850000E+00
 -9.84454117E-01 -1.56850000E+00
 -1.20614397E+00 -1.56850000E+00
 -1.32906950E+00 -1.56850000E+00
 -1.55075935E+00 -1.56850000E+00
 -1.67368489E+00 -1.56850000E+00
 -1.89537474E+00 -1.56850000E+00
 -2.01830027E+00 -1.56850000E+00
 -2.23999012E+00 -1.56850000E+00
 -2.36291566E+00 -1.56850000E+00
 -2.37100000E+00 -1.63603977E+00
 -2.37100000E+00 -1.70802138E+00
 -2.37100000E+00 -1.82538403E+00
 -2.37100000E+00 -1.89736564E+00
 -2.37100000E+00 -2.01472830E+00
 -2.37100000E+00 -2.08670990E+00
 -2.37100000E+00 -2.20407256E+00
 -2.37100000E+00 -2.27605416E+00
 -2.37100000E+00 -2.39341682E+00
 -2.37100000E+00 -2.46539843E+00
 -2.37100000E+00 -2.58276108E+00
 -2.37100000E+00 -2.65474269E+00
 -2.37100000E+00 -2.77210535E+00
 -2.37100000E+00 -2.84408695E+00
 -2.37100000E+00 -2.96144961E+00
 -2.37100000E+00 -3.03343121E+00
 -2.37100000E+00 -3.15079387E+00
 -2.37100000E+00 -3.22277547E+00
 -2.37100000E+00 -3.34013813E+00
 -2.37100000E+00 -3.41211974E+00
 -2.37100000E+00 -3.52948239E+00
 -2.37100000E+00 -3.60146400E+00
 -2.37100000E+00 -3.71882666E+00
 -2.37100000E+00 -3.79080826E+00
 -2.37100000E+00 -3.90817092E+00
 -2.37100000E+00 -3.98015252E+00
 -2.37100000E+00 -4.09751518E+00
 -2.37100000E+00 -4.16949679E+00
 -2.37100000E+00 -4.28685944E+00
 -2.37100000E+00 -4.35884105E+00
 -2.37100000E+00 -4.47620371E+00
 -2.37100000E+00 -4.54818531E+00
 -2.37100000E+00 -4.66554797E+00
 -2.37100000E+00 -4.73752957E+00
 -2.37100000E+00 -4.85489223E+00
 -2.37100000E+00 -4.92687384E+00
 -2.37100000E+00 -5.04423649E+00
 -2.37100000E+00 -5.11621810E+00
 -2.37100000E+00 -5.23358075E+00
 -2.37100000E+00 -5.30556236E+00
 -2.37100000E+00 -5.42292502E+00
 -2.37100000E+00 -5.49490662E+00
 -2.37100000E+00 -5.61226928E+00
 -2.37100000E+00 -5.68425088E+00
 -2.37100000E+00 -5.80161354E+00
 -2.37100000E+00 -5.87359515E+00
 -2.37100000E+00 -5.99095780E+00
 -2.37100000E+00 -6.06293941E+00
 -2.37100000E+00 -6.18030207E+00

hb:   line clip z  
frame:
 -3.9999905E+00 -5.9999746E+00
  4.0000095E+00 -5.9999746E+00
  4.0000095E+00  5.0000254E+00
 -3.9999905E+00  5.0000254E+00
clip:
 -1.89537474E+00 -6.18030207E+00
  1.93695613E+00 -6.18030207E+00
  1.93546887E+00 -6.15828374E+00
  1.92321701E+00 -5.99095780E+00
  1.92206356E+00 -5.97630485E+00
  1.90729847E+00 -5.80161354E+00
  1.90673689E+00 -5.79538161E+00
  1.89539449E+00 -5.67483107E+00
  1.88914561E+00 -5.61226928E+00
  1.87026424E+00 -5.43673249E+00
  1.86869352E+00 -5.42292502E+00
  1.84907547E+00 -5.25903011E+00
  1.84586602E+00 -5.23358075E+00
  1.82587912E+00 -5.08243078E+00
  1.82057405E+00 -5.04423649E+00
  1.80063695E+00 -4.90695548E+00
  1.79271365E+00 -4.85489223E+00
  1.77330298E+00 -4.73262950E+00
  1.76216343E+00 -4.66554797E+00
  1.74382265E+00 -4.55948280E+00
  1.72878128E+00 -4.47620371E+00
  1.71213186E+00 -4.38755062E+00
  1.69240023E+00 -4.28685944E+00
  1.67815565E+00 -4.21687412E+00
  1.65282296E+00 -4.09751518E+00
  1.64180670E+00 -4.04750130E+00
  1.60981464E+00 -3.90817092E+00
  1.60298334E+00 -3.87948801E+00
  1.56309316E+00 -3.71882666E+00
  1.56156708E+00 -3.71289935E+00
  1.55077911E+00 -3.67143379E+00
  1.51231578E+00 -3.52948239E+00
  1.47037807E+00 -3.38431340E+00
  1.45706026E+00 -3.34013813E+00
  1.42025118E+00 -3.22251067E+00
  1.39679752E+00 -3.15079387E+00
  1.36681090E+00 -3.06252845E+00
  1.33085059E+00 -2.96144961E+00
  1.30978371E+00 -2.90451701E+00
  1.25833033E+00 -2.77210535E+00
  1.24883768E+00 -2.74865872E+00
  1.20616372E+00 -2.64682745E+00
  1.17802952E+00 -2.58276108E+00
  1.11345209E+00 -2.44435598E+00
  1.08823658E+00 -2.39341682E+00
  1.03784755E+00 -2.29655160E+00
  9.86378222E-01 -2.20407256E+00
  9.55893340E-01 -2.15223597E+00
  8.68247353E-01 -2.01472830E+00
  8.66427294E-01 -2.01204762E+00
  8.61548338E-01 -2.00489579E+00
  7.26007778E-01 -1.82538403E+00
  6.57560872E-01 -1.74811793E+00
  5.41170354E-01 -1.63603977E+00
  5.31679962E-01 -1.62793723E+00
  5.16932953E-01 -1.61564998E+00
  3.09110734E-01 -1.52185466E+00
  1.72317569E-01 -1.61126885E+00
  1.46760437E-01 -1.62199775E+00
  1.03845748E-01 -1.63603977E+00
 -1.03845748E-01 -1.63603977E+00
 -1.46748821E-01 -1.62200222E+00
 -1.72297816E-01 -1.61127783E+00
 -3.88964402E-01 -1.51699525E+00
 -5.16913200E-01 -1.60590657E+00
 -5.38932589E-01 -1.62394152E+00
 -5.53170354E-01 -1.63603977E+00
 -6.08507779E-01 -1.68636517E+00
 -7.38007778E-01 -1.82538403E+00
 -8.61528585E-01 -1.98748775E+00
 -8.75153019E-01 -2.00724254E+00
 -8.80247353E-01 -2.01472830E+00
 -8.91225366E-01 -2.03104479E+00
 -9.98378222E-01 -2.20407256E+00
 -1.05817407E+00 -2.31211676E+00
 -1.10023658E+00 -2.39341682E+00
 -1.18475355E+00 -2.57100841E+00
 -1.19002952E+00 -2.58276108E+00
 -1.20614397E+00 -2.61916602E+00
 -1.25863650E+00 -2.74326403E+00
 -1.27033033E+00 -2.77210535E+00
 -1.28826637E+00 -2.81722639E+00
 -1.34285059E+00 -2.96144961E+00
 -1.37614240E+00 -3.05485295E+00
 -1.40879752E+00 -3.15079387E+00
 -1.45239662E+00 -3.28609406E+00
 -1.46906026E+00 -3.34013813E+00
 -1.51949457E+00 -3.51230438E+00
 -1.52431578E+00 -3.52948239E+00
 -1.55075935E+00 -3.62610864E+00
 -1.57207411E+00 -3.70711555E+00
 -1.57509316E+00 -3.71882666E+00
 -1.57908069E+00 -3.73438743E+00
 -1.62181464E+00 -3.90817092E+00
 -1.63231714E+00 -3.95298174E+00
 -1.66482296E+00 -4.09751518E+00
 -1.68006123E+00 -4.16855835E+00
 -1.70440023E+00 -4.28685944E+00
 -1.72296656E+00 -4.38147636E+00
 -1.74078128E+00 -4.47620371E+00
 -1.76154450E+00 -4.59201675E+00
 -1.77416343E+00 -4.66554797E+00
 -1.79620360E+00 -4.80040399E+00
 -1.80471365E+00 -4.85489223E+00
 -1.82727579E+00 -5.00682045E+00
 -1.83257405E+00 -5.04423649E+00
 -1.85503459E+00 -5.21141641E+00
 -1.85786602E+00 -5.23358075E+00
 -1.87970790E+00 -5.41431709E+00
 -1.88069352E+00 -5.42292502E+00
 -1.89537474E+00 -5.55660436E+00
 -1.90083942E+00 -5.60926678E+00
 -1.90148742E+00 -5.61562781E+00
 -1.91929847E+00 -5.80161354E+00
 -1.92053560E+00 -5.81543784E+00
 -1.93521701E+00 -5.99095780E+00
 -1.93699087E+00 -6.01382322E+00
 -1.94895613E+00 -6.18030207E+00

hb:   line clip z  
frame:
 -3.9999905E+00 -5.9999746E+00
  4.0000095E+00 -5.9999746E+00
  4.0000095E+00  5.0000254E+00
 -3.9999905E+00  5.0000254E+00
clip:
  2.24000988E+00 -6.18030207E+00
  2.35900000E+00 -6.18030207E+00
  2.35900000E+00 -6.11492455E+00
  2.35900000E+00 -5.99095780E+00
  2.35900000E+00 -5.92558029E+00
  2.35900000E+00 -5.80161354E+00
  2.35900000E+00 -5.73623603E+00
  2.35900000E+00 -5.61226928E+00
  2.35900000E+00 -5.54689177E+00
  2.35900000E+00 -5.42292502E+00
  2.35900000E+00 -5.35754750E+00
  2.35900000E+00 -5.23358075E+00
  2.35900000E+00 -5.16820324E+00
  2.35900000E+00 -5.04423649E+00
  2.35900000E+00 -4.97885898E+00
  2.35900000E+00 -4.85489223E+00
  2.35900000E+00 -4.78951472E+00
  2.35900000E+00 -4.66554797E+00
  2.35900000E+00 -4.60017045E+00
  2.35900000E+00 -4.47620371E+00
  2.35900000E+00 -4.41082619E+00
  2.35900000E+00 -4.28685944E+00
  2.35900000E+00 -4.22148193E+00
  2.35900000E+00 -4.09751518E+00
  2.35900000E+00 -4.03213767E+00
  2.35900000E+00 -3.90817092E+00
  2.35900000E+00 -3.84279340E+00
  2.35900000E+00 -3.71882666E+00
  2.35900000E+00 -3.65344914E+00
  2.35900000E+00 -3.52948239E+00
  2.35900000E+00 -3.46410488E+00
  2.35900000E+00 -3.34013813E+00
  2.35900000E+00 -3.27476062E+00
  2.35900000E+00 -3.15079387E+00
  2.35900000E+00 -3.08541636E+00
  2.35900000E+00 -2.96144961E+00
  2.35900000E+00 -2.89607209E+00
  2.35900000E+00 -2.77210535E+00
  2.35900000E+00 -2.70672783E+00
  2.35900000E+00 -2.58276108E+00
  2.35900000E+00 -2.51738357E+00
  2.35900000E+00 -2.39341682E+00
  2.35900000E+00 -2.32803931E+00
  2.35900000E+00 -2.20407256E+00
  2.35900000E+00 -2.13869504E+00
  2.35900000E+00 -2.01472830E+00
  2.35900000E+00 -1.94935078E+00
  2.35900000E+00 -1.82538403E+00
  2.35900000E+00 -1.76000652E+00
  2.35900000E+00 -1.63603977E+00
  2.35900000E+00 -1.57066226E+00
  2.24000988E+00 -1.56850000E+00
  2.11708434E+00 -1.56850000E+00
  1.89539449E+00 -1.56850000E+00
  1.77246896E+00 -1.56850000E+00
  1.55077911E+00 -1.56850000E+00
  1.42785357E+00 -1.56850000E+00
  1.20616372E+00 -1.56850000E+00
  1.08323819E+00 -1.56850000E+00
  8.61548338E-01 -1.56850000E+00
  7.38622806E-01 -1.56850000E+00
  5.41170354E-01 -1.63603977E+00
  6.57560872E-01 -1.74811793E+00
  7.26007778E-01 -1.82538403E+00
  8.61548338E-01 -2.00489579E+00
  9.55893340E-01 -2.15223597E+00
  1.03784755E+00 -2.29655160E+00
  1.11345209E+00 -2.44435598E+00
  1.18356427E+00 -2.59517805E+00
  1.25833033E+00 -2.77210535E+00
  1.33085059E+00 -2.96144961E+00
  1.39679752E+00 -3.15079387E+00
  1.45706026E+00 -3.34013813E+00
  1.51741947E+00 -3.54781140E+00
  1.56309316E+00 -3.71882666E+00
  1.60981464E+00 -3.90817092E+00
  1.65282296E+00 -4.09751518E+00
  1.71213186E+00 -4.38755062E+00
  1.77330298E+00 -4.73262950E+00
  1.82587912E+00 -5.08243078E+00
  1.87026424E+00 -5.43673249E+00
  1.90729847E+00 -5.80161354E+00
  1.93695613E+00 -6.18030207E+00

hb:   line clip z  
frame:
 -3.9999905E+00 -5.9999746E+00
  4.0000095E+00 -5.9999746E+00
  4.0000095E+00  5.0000254E+00
 -3.9999905E+00  5.0000254E+00
clip:
  2.58462526E+00 -6.18030207E+00
  2.60900000E+00 -6.18030207E+00
  2.60900000E+00 -6.16690970E+00
  2.60900000E+00 -5.99095780E+00
  2.60900000E+00 -5.97756543E+00
  2.60900000E+00 -5.80161354E+00
  2.60900000E+00 -5.78822117E+00
  2.60900000E+00 -5.61226928E+00
  2.60900000E+00 -5.59887691E+00
  2.60900000E+00 -5.42292502E+00
  2.60900000E+00 -5.40953265E+00
  2.60900000E+00 -5.23358075E+00
  2.60900000E+00 -5.22018838E+00
  2.60900000E+00 -5.04423649E+00
  2.60900000E+00 -5.03084412E+00
  2.60900000E+00 -4.85489223E+00
  2.60900000E+00 -4.84149986E+00
  2.60900000E+00 -4.66554797E+00
  2.60900000E+00 -4.65215560E+00
  2.60900000E+00 -4.47620371E+00
  2.60900000E+00 -4.46281134E+00
  2.60900000E+00 -4.28685944E+00
  2.60900000E+00 -4.27346707E+00
  2.60900000E+00 -4.09751518E+00
  2.60900000E+00 -4.08412281E+00
  2.60900000E+00 -3.90817092E+00
  2.60900000E+00 -3.89477855E+00
  2.60900000E+00 -3.71882666E+00
  2.60900000E+00 -3.70543429E+00
  2.60900000E+00 -3.52948239E+00
  2.60900000E+00 -3.51609002E+00
  2.60900000E+00 -3.34013813E+00
  2.60900000E+00 -3.32674576E+00
  2.60900000E+00 -3.15079387E+00
  2.60900000E+00 -3.13740150E+00
  2.60900000E+00 -2.96144961E+00
  2.60900000E+00 -2.94805724E+00
  2.60900000E+00 -2.77210535E+00
  2.60900000E+00 -2.75871297E+00
  2.60900000E+00 -2.58276108E+00
  2.60900000E+00 -2.56936871E+00
  2.60900000E+00 -2.39341682E+00
  2.60900000E+00 -2.38002445E+00
  2.60900000E+00 -2.20407256E+00
  2.60900000E+00 -2.19068019E+00
  2.60900000E+00 -2.01472830E+00
  2.60900000E+00 -2.00133593E+00
  2.60900000E+00 -1.82538403E+00
  2.60900000E+00 -1.81199166E+00
  2.60900000E+00 -1.63603977E+00
  2.60900000E+00 -1.62264740E+00
  2.60900000E+00 -1.44669551E+00
  2.60900000E+00 -1.43330314E+00
  2.58462526E+00 -1.31850000E+00
  2.35130346E+00 -1.31850000E+00
  2.24000988E+00 -1.31850000E+00
  2.00668807E+00 -1.31850000E+00
  1.89539449E+00 -1.31850000E+00
  1.75000000E+00 -1.36681047E+00
  1.75000000E+00 -1.44669551E+00
  1.75000000E+00 -1.52658055E+00
  1.89539449E+00 -1.56850000E+00
  2.11708434E+00 -1.56850000E+00
  2.24000988E+00 -1.56850000E+00
  2.35900000E+00 -1.63603977E+00
  2.35900000E+00 -1.76000652E+00
  2.35900000E+00 -1.82538403E+00
  2.35900000E+00 -1.94935078E+00
  2.35900000E+00 -2.01472830E+00
  2.35900000E+00 -2.13869504E+00
  2.35900000E+00 -2.20407256E+00
  2.35900000E+00 -2.32803931E+00
  2.35900000E+00 -2.39341682E+00
  2.35900000E+00 -2.51738357E+00
  2.35900000E+00 -2.58276108E+00
  2.35900000E+00 -2.70672783E+00
  2.35900000E+00 -2.77210535E+00
  2.35900000E+00 -2.89607209E+00
  2.35900000E+00 -2.96144961E+00
  2.35900000E+00 -3.08541636E+00
  2.35900000E+00 -3.15079387E+00
  2.35900000E+00 -3.27476062E+00
  2.35900000E+00 -3.34013813E+00
  2.35900000E+00 -3.46410488E+00
  2.35900000E+00 -3.52948239E+00
  2.35900000E+00 -3.65344914E+00
  2.35900000E+00 -3.71882666E+00
  2.35900000E+00 -3.84279340E+00
  2.35900000E+00 -3.90817092E+00
  2.35900000E+00 -4.03213767E+00
  2.35900000E+00 -4.09751518E+00
  2.35900000E+00 -4.22148193E+00
  2.35900000E+00 -4.28685944E+00
  2.35900000E+00 -4.41082619E+00
  2.35900000E+00 -4.47620371E+00
  2.35900000E+00 -4.60017045E+00
  2.35900000E+00 -4.66554797E+00
  2.35900000E+00 -4.78951472E+00
  2.35900000E+00 -4.85489223E+00
  2.35900000E+00 -4.97885898E+00
  2.35900000E+00 -5.04423649E+00
  2.35900000E+00 -5.16820324E+00
  2.35900000E+00 -5.23358075E+00
  2.35900000E+00 -5.35754750E+00
  2.35900000E+00 -5.42292502E+00
  2.35900000E+00 -5.54689177E+00
  2.35900000E+00 -5.61226928E+00
  2.35900000E+00 -5.73623603E+00
  2.35900000E+00 -5.80161354E+00
  2.35900000E+00 -5.92558029E+00
  2.35900000E+00 -5.99095780E+00
  2.35900000E+00 -6.11492455E+00
  2.35900000E+00 -6.18030207E+00

hb:   line clip z  
clip:
 -1.75000000E+00 -1.55616559E+00
 -1.55075935E+00 -1.56850000E+00
 -1.32906950E+00 -1.56850000E+00
 -5.16913200E-01 -1.56850000E+00
 -3.88964402E-01 -1.51699525E+00
 -3.84705842E-01 -1.44669551E+00
 -4.25926915E-01 -1.39670432E+00
 -5.16913200E-01 -1.31850000E+00
 -7.50235003E-01 -1.31850000E+00
 -8.61528585E-01 -1.31850000E+00
 -1.09485039E+00 -1.31850000E+00
 -1.20614397E+00 -1.31850000E+00
 -1.43946577E+00 -1.31850000E+00
 -1.55075935E+00 -1.31850000E+00
 -1.75000000E+00 -1.33722543E+00
 -1.75000000E+00 -1.44669551E+00

hb:   line clip z  
clip:
 -3.09103055E-01 -1.52186130E+00
 -1.72297816E-01 -1.61127783E+00
  1.46760437E-01 -1.62199775E+00
  3.09110734E-01 -1.52185466E+00
  5.16932953E-01 -1.25927461E+00
  6.09803922E-01 -1.06800698E+00
  6.77132496E-01 -8.78662722E-01
  7.26842711E-01 -6.89318460E-01
  7.62388715E-01 -4.99974198E-01
  7.85695293E-01 -3.10629935E-01
  7.97835792E-01 -1.21285673E-01
  7.99319163E-01  6.80585894E-02
  7.90205426E-01  2.57402852E-01
  7.70118446E-01  4.46747114E-01
  7.38162951E-01  6.36091376E-01
  6.92698333E-01  8.25435639E-01
  6.30810379E-01  1.01477990E+00
  5.46952287E-01  1.20412416E+00
  5.16932953E-01  1.25927461E+00
  4.28411240E-01  1.39346843E+00
  3.45219535E-01  1.48846707E+00
  2.25964361E-01  1.58281269E+00
  1.72317569E-01  1.61126885E+00
  5.79125414E-02  1.64567098E+00
 -1.72297816E-01  1.61127783E+00
 -2.25964361E-01  1.58281269E+00
 -3.46728970E-01  1.48697385E+00
 -4.28411240E-01  1.39346843E+00
 -5.16913200E-01  1.25930910E+00
 -5.46952287E-01  1.20412416E+00
 -6.30810379E-01  1.01477990E+00
 -6.92698333E-01  8.25435639E-01
 -7.38162951E-01  6.36091376E-01
 -7.70118446E-01  4.46747114E-01
 -7.90205426E-01  2.57402852E-01
 -7.99319163E-01  6.80585894E-02
 -7.97835792E-01 -1.21285673E-01
 -7.85695293E-01 -3.10629935E-01
 -7.62388715E-01 -4.99974198E-01
 -7.26842711E-01 -6.89318460E-01
 -6.77132496E-01 -8.78662722E-01
 -6.09803922E-01 -1.06800698E+00
 -5.18032379E-01 -1.25735125E+00
 -3.84705842E-01 -1.44669551E+00

hb:   line clip z  
clip:
  3.82732397E-01 -1.52043019E+00
  5.16932953E-01 -1.56850000E+00
  7.38622806E-01 -1.56850000E+00
  1.55077911E+00 -1.56850000E+00
  1.75000000E+00 -1.55615473E+00
  1.75000000E+00 -1.44669551E+00
  1.75000000E+00 -1.33723628E+00
  1.55077911E+00 -1.31850000E+00
  1.31745730E+00 -1.31850000E+00
  1.20616372E+00 -1.31850000E+00
  9.72841920E-01 -1.31850000E+00
  8.61548338E-01 -1.31850000E+00
  6.28226535E-01 -1.31850000E+00
  5.16932953E-01 -1.31850000E+00
  4.25932792E-01 -1.39669670E+00
  3.84705842E-01 -1.44669551E+00

hb:   line clip z  
clip:
 -2.00666832E+00 -1.31850000E+00
 -1.43946577E+00 -1.31850000E+00
 -1.35000000E+00 -1.25735125E+00
 -1.35000000E+00 -1.14704673E+00
 -1.35000000E+00 -1.06800698E+00
 -1.35000000E+00 -9.57702472E-01
 -1.35000000E+00 -8.78662722E-01
 -1.35000000E+00 -7.68358210E-01
 -1.35000000E+00 -6.89318460E-01
 -1.35000000E+00 -5.79013948E-01
 -1.35000000E+00 -4.99974198E-01
 -1.35000000E+00 -3.89669686E-01
 -1.35000000E+00 -3.10629935E-01
 -1.35000000E+00 -2.00325423E-01
 -1.35000000E+00 -1.21285673E-01
 -1.35000000E+00 -1.09811609E-02
 -1.35000000E+00  6.80585894E-02
 -1.35000000E+00  1.78363101E-01
 -1.35000000E+00  2.57402852E-01
 -1.35000000E+00  3.67707364E-01
 -1.35000000E+00  4.46747114E-01
 -1.35000000E+00  5.57051626E-01
 -1.35000000E+00  6.36091376E-01
 -1.35000000E+00  7.46395888E-01
 -1.35000000E+00  8.25435639E-01
 -1.35000000E+00  9.35740151E-01
 -1.35000000E+00  1.01477990E+00
 -1.35000000E+00  1.12508441E+00
 -1.35000000E+00  1.20412416E+00
 -1.35000000E+00  1.31442868E+00
 -1.35000000E+00  1.39346843E+00
 -1.35000000E+00  1.50377294E+00
 -1.35000000E+00  1.58281269E+00
 -1.35000000E+00  1.69311720E+00
 -1.35000000E+00  1.77215695E+00
 -1.35174991E+00  1.88150000E+00
 -1.55075935E+00  1.88150000E+00
 -1.74976880E+00  1.88150000E+00
 -1.89537474E+00  1.88150000E+00
 -2.05000000E+00  1.85711371E+00
 -2.05000000E+00  1.77215695E+00
 -2.05000000E+00  1.68720019E+00
 -2.05000000E+00  1.58281269E+00
 -2.05000000E+00  1.49785593E+00
 -2.05000000E+00  1.39346843E+00
 -2.05000000E+00  1.30851167E+00
 -2.05000000E+00  1.20412416E+00
 -2.05000000E+00  1.11916740E+00
 -2.05000000E+00  1.01477990E+00
 -2.05000000E+00  9.29823142E-01
 -2.05000000E+00  8.25435639E-01
 -2.05000000E+00  7.40478880E-01
 -2.05000000E+00  6.36091376E-01
 -2.05000000E+00  5.51134618E-01
 -2.05000000E+00  4.46747114E-01
 -2.05000000E+00  3.61790355E-01
 -2.05000000E+00  2.57402852E-01
 -2.05000000E+00  1.72446093E-01
 -2.05000000E+00  6.80585894E-02
 -2.05000000E+00 -1.68981691E-02
 -2.05000000E+00 -1.21285673E-01
 -2.05000000E+00 -2.06242431E-01
 -2.05000000E+00 -3.10629935E-01
 -2.05000000E+00 -3.95586694E-01
 -2.05000000E+00 -4.99974198E-01
 -2.05000000E+00 -5.84930956E-01
 -2.05000000E+00 -6.89318460E-01
 -2.05000000E+00 -7.74275218E-01
 -2.05000000E+00 -8.78662722E-01
 -2.05000000E+00 -9.63619481E-01
 -2.05000000E+00 -1.06800698E+00
 -2.05000000E+00 -1.15296374E+00
 -2.05000000E+00 -1.25735125E+00

hb:   line clip z  
clip:
 -1.31743755E+00 -1.31850000E+00
 -7.50235003E-01 -1.31850000E+00
 -5.18032379E-01 -1.25735125E+00
 -5.92191148E-01 -1.10936743E+00
 -6.09803922E-01 -1.06800698E+00
 -6.52933383E-01 -9.53397172E-01
 -6.77132496E-01 -8.78662722E-01
 -7.02066963E-01 -7.91048690E-01
 -7.26842711E-01 -6.89318460E-01
 -7.40787165E-01 -6.22978719E-01
 -7.62388715E-01 -4.99974198E-01
 -7.69736276E-01 -4.49540155E-01
 -7.85695293E-01 -3.10629935E-01
 -7.89147224E-01 -2.70860976E-01
 -7.97835792E-01 -1.21285673E-01
 -7.98890485E-01 -8.68700161E-02
 -7.99319163E-01  6.80585894E-02
 -7.98448329E-01  1.02717183E-01
 -7.90205426E-01  2.57402852E-01
 -7.70118446E-01  4.46747114E-01
 -7.38162951E-01  6.36091376E-01
 -6.92698333E-01  8.25435639E-01
 -6.30810379E-01  1.01477990E+00
 -5.46952287E-01  1.20412416E+00
 -4.53829740E-01  1.35880807E+00
 -3.46728970E-01  1.48697385E+00
 -1.72297816E-01  1.61127783E+00
  5.79125414E-02  1.64567098E+00
  1.72317569E-01  1.61126885E+00
  2.25964361E-01  1.58281269E+00
  3.45219535E-01  1.48846707E+00
  4.28411240E-01  1.39346843E+00
  4.53835248E-01  1.35880024E+00
  5.16932953E-01  1.25927461E+00
  5.46952287E-01  1.20412416E+00
  6.10541856E-01  1.06621205E+00
  6.30810379E-01  1.01477990E+00
  6.67857272E-01  9.08358964E-01
  6.92698333E-01  8.25435639E-01
  7.13969979E-01  7.44350705E-01
  7.38162951E-01  6.36091376E-01
  7.49897269E-01  5.74746206E-01
  7.70118446E-01  4.46747114E-01
  7.76156871E-01  3.99829927E-01
  7.90205426E-01  2.57402852E-01
  7.92878311E-01  2.19673034E-01
  7.99319163E-01  6.80585894E-02
  7.99828660E-01  3.41475472E-02
  7.97835792E-01 -1.21285673E-01
  7.96365632E-01 -1.57099429E-01
  7.85695293E-01 -3.10629935E-01
  7.81293947E-01 -3.54724625E-01
  7.62388715E-01 -4.99974198E-01
  7.52538523E-01 -5.59868166E-01
  7.26842711E-01 -6.89318460E-01
  7.06370816E-01 -7.74578650E-01
  6.77132496E-01 -8.78662722E-01
  6.35217508E-01 -1.00301714E+00
  6.09803922E-01 -1.06800698E+00
  5.18533825E-01 -1.25647167E+00
  7.50254756E-01 -1.31850000E+00
  1.31745730E+00 -1.31850000E+00
  1.35000000E+00 -1.25735125E+00
  1.35000000E+00 -1.17832235E+00
  1.35000000E+00 -1.06800698E+00
  1.35000000E+00 -9.88978087E-01
  1.35000000E+00 -8.78662722E-01
  1.35000000E+00 -7.99633825E-01
  1.35000000E+00 -6.89318460E-01
  1.35000000E+00 -6.10289563E-01
  1.35000000E+00 -4.99974198E-01
  1.35000000E+00 -4.20945300E-01
  1.35000000E+00 -3.10629935E-01
  1.35000000E+00 -2.31601038E-01
  1.35000000E+00 -1.21285673E-01
  1.35000000E+00 -4.22567757E-02
  1.35000000E+00  6.80585894E-02
  1.35000000E+00  1.47087487E-01
  1.35000000E+00  2.57402852E-01
  1.35000000E+00  3.36431749E-01
  1.35000000E+00  4.46747114E-01
  1.35000000E+00  5.25776011E-01
  1.35000000E+00  6.36091376E-01
  1.35000000E+00  7.15120273E-01
  1.35000000E+00  8.25435639E-01
  1.35000000E+00  9.04464536E-01
  1.35000000E+00  1.01477990E+00
  1.35000000E+00  1.09380880E+00
  1.35000000E+00  1.20412416E+00
  1.35000000E+00  1.28315306E+00
  1.35000000E+00  1.39346843E+00
  1.35000000E+00  1.47249732E+00
  1.35000000E+00  1.58281269E+00
  1.35000000E+00  1.66184158E+00
  1.35000000E+00  1.77215695E+00
  1.35000000E+00  1.85118585E+00
  1.20616372E+00  1.88150000E+00
  1.00715427E+00  1.88150000E+00
  8.61548338E-01  1.88150000E+00
  6.62538890E-01  1.88150000E+00
  5.16932953E-01  1.88150000E+00
  3.17923505E-01  1.88150000E+00
  1.72317569E-01  1.88150000E+00
 -2.66918797E-02  1.88150000E+00
 -1.72297816E-01  1.88150000E+00
 -3.71307264E-01  1.88150000E+00
 -5.16913200E-01  1.88150000E+00
 -7.15922649E-01  1.88150000E+00
 -8.61528585E-01  1.88150000E+00
 -1.06053803E+00  1.88150000E+00
 -1.20614397E+00  1.88150000E+00
 -1.35000000E+00  1.85119670E+00
 -1.35000000E+00  1.77215695E+00
 -1.35000000E+00  1.69311720E+00
 -1.35000000E+00  1.58281269E+00
 -1.35000000E+00  1.50377294E+00
 -1.35000000E+00  1.39346843E+00
 -1.35000000E+00  1.31442868E+00
 -1.35000000E+00  1.20412416E+00
 -1.35000000E+00  1.12508441E+00
 -1.35000000E+00  1.01477990E+00
 -1.35000000E+00  9.35740151E-01
 -1.35000000E+00  8.25435639E-01
 -1.35000000E+00  7.46395888E-01
 -1.35000000E+00  6.36091376E-01
 -1.35000000E+00  5.57051626E-01
 -1.35000000E+00  4.46747114E-01
 -1.35000000E+00  3.67707364E-01
 -1.35000000E+00  2.57402852E-01
 -1.35000000E+00  1.78363101E-01
 -1.35000000E+00  6.80585894E-02
 -1.35000000E+00 -1.09811609E-02
 -1.35000000E+00 -1.21285673E-01
 -1.35000000E+00 -2.00325423E-01
 -1.35000000E+00 -3.10629935E-01
 -1.35000000E+00 -3.89669686E-01
 -1.35000000E+00 -4.99974198E-01
 -1.35000000E+00 -5.79013948E-01
 -1.35000000E+00 -6.89318460E-01
 -1.35000000E+00 -7.68358210E-01
 -1.35000000E+00 -8.78662722E-01
 -1.35000000E+00 -9.57702472E-01
 -1.35000000E+00 -1.06800698E+00
 -1.35000000E+00 -1.14704673E+00
 -1.35000000E+00 -1.25735125E+00

hb:   line clip z  
clip:
  1.43948553E+00 -1.31850000E+00
  2.00668807E+00 -1.31850000E+00
  2.05000000E+00 -1.25735125E+00
  2.05000000E+00 -1.17240534E+00
  2.05000000E+00 -1.06800698E+00
  2.05000000E+00 -9.83061079E-01
  2.05000000E+00 -8.78662722E-01
  2.05000000E+00 -7.93716817E-01
  2.05000000E+00 -6.89318460E-01
  2.05000000E+00 -6.04372554E-01
  2.05000000E+00 -4.99974198E-01
  2.05000000E+00 -4.15028292E-01
  2.05000000E+00 -3.10629935E-01
  2.05000000E+00 -2.25684030E-01
  2.05000000E+00 -1.21285673E-01
  2.05000000E+00 -3.63397675E-02
  2.05000000E+00  6.80585894E-02
  2.05000000E+00  1.53004495E-01
  2.05000000E+00  2.57402852E-01
  2.05000000E+00  3.42348757E-01
  2.05000000E+00  4.46747114E-01
  2.05000000E+00  5.31693019E-01
  2.05000000E+00  6.36091376E-01
  2.05000000E+00  7.21037282E-01
  2.05000000E+00  8.25435639E-01
  2.05000000E+00  9.10381544E-01
  2.05000000E+00  1.01477990E+00
  2.05000000E+00  1.09972581E+00
  2.05000000E+00  1.20412416E+00
  2.05000000E+00  1.28907007E+00
  2.05000000E+00  1.39346843E+00
  2.05000000E+00  1.47841433E+00
  2.05000000E+00  1.58281269E+00
  2.05000000E+00  1.66775859E+00
  2.05000000E+00  1.77215695E+00
  2.05000000E+00  1.85710286E+00
  1.89539449E+00  1.88150000E+00
  1.69638504E+00  1.88150000E+00
  1.55077911E+00  1.88150000E+00
  1.35176966E+00  1.88150000E+00
  1.35000000E+00  1.77215695E+00
  1.35000000E+00  1.66184158E+00
  1.35000000E+00  1.58281269E+00
  1.35000000E+00  1.47249732E+00
  1.35000000E+00  1.39346843E+00
  1.35000000E+00  1.28315306E+00
  1.35000000E+00  1.20412416E+00
  1.35000000E+00  1.09380880E+00
  1.35000000E+00  1.01477990E+00
  1.35000000E+00  9.04464536E-01
  1.35000000E+00  8.25435639E-01
  1.35000000E+00  7.15120273E-01
  1.35000000E+00  6.36091376E-01
  1.35000000E+00  5.25776011E-01
  1.35000000E+00  4.46747114E-01
  1.35000000E+00  3.36431749E-01
  1.35000000E+00  2.57402852E-01
  1.35000000E+00  1.47087487E-01
  1.35000000E+00  6.80585894E-02
  1.35000000E+00 -4.22567757E-02
  1.35000000E+00 -1.21285673E-01
  1.35000000E+00 -2.31601038E-01
  1.35000000E+00 -3.10629935E-01
  1.35000000E+00 -4.20945300E-01
  1.35000000E+00 -4.99974198E-01
  1.35000000E+00 -6.10289563E-01
  1.35000000E+00 -6.89318460E-01
  1.35000000E+00 -7.99633825E-01
  1.35000000E+00 -8.78662722E-01
  1.35000000E+00 -9.88978087E-01
  1.35000000E+00 -1.06800698E+00
  1.35000000E+00 -1.17832235E+00
  1.35000000E+00 -1.25735125E+00

hb:   line clip z  
clip:
 -2.04098067E+00  1.88150000E+00
  2.04100043E+00  1.88150000E+00
  2.05000000E+00  1.96150121E+00
  2.05000000E+00  2.04644712E+00
  2.05000000E+00  2.15084547E+00
  1.95118716E+00  2.18150000E+00
  1.89539449E+00  2.18150000E+00
  1.83960183E+00  2.18150000E+00
  1.55077911E+00  2.18150000E+00
  1.49498644E+00  2.18150000E+00
  1.20616372E+00  2.18150000E+00
  1.15037106E+00  2.18150000E+00
  8.61548338E-01  2.18150000E+00
  8.05755673E-01  2.18150000E+00
  5.16932953E-01  2.18150000E+00
  4.61140288E-01  2.18150000E+00
  1.72317569E-01  2.18150000E+00
  1.16524904E-01  2.18150000E+00
 -1.72297816E-01  2.18150000E+00
 -2.28090481E-01  2.18150000E+00
 -5.16913200E-01  2.18150000E+00
 -5.72705866E-01  2.18150000E+00
 -8.61528585E-01  2.18150000E+00
 -9.17321250E-01  2.18150000E+00
 -1.20614397E+00  2.18150000E+00
 -1.26193663E+00  2.18150000E+00
 -1.55075935E+00  2.18150000E+00
 -1.60655202E+00  2.18150000E+00
 -1.89537474E+00  2.18150000E+00
 -1.95116740E+00  2.18150000E+00
 -2.05000000E+00  2.15084547E+00
 -2.05000000E+00  2.06588872E+00
 -2.05000000E+00  1.96150121E+00

#------------------------------------------------------------------------------
z: xorg(1.03)
p: xfac[c2*0.05] form[c1/0.05] notc noxt noyt dmin(1)
p: ymin(0) ymax(1) xmin(0) xmax(1) cmin(1) cmax(100) nosp
hc: y= 0.005 to 0.995 by 0.01 ; x= 0.5 to 0.5 by 1 ;
 1  2  3  4  5  6  7  8  9 10 11 12 13 14 15 16 17 18 19 20
21 22 23 24 25 26 27 28 29 30 31 32 33 34 35 36 37 38 39 40
41 42 43 44 45 46 47 48 49 50 51 52 53 54 55 56 57 58 59 60
61 62 63 64 65 66 67 68 69 70 71 72 73 74 75 76 77 78 79 80
81 82 83 84 85 86 87 88 89 90 91 92 93 94 95 96 97 98 99 100
z: xorg(0.0)
p: xfac[c2*0.05] form[c1/0.05] nosp afac[c5*0.625] ymin[c3] ymax[c4]
p: noxt noxn ytxt(-1) ynum(-1) xltd(-1) xstd(-1) itic(1) ylog
y: Relative Error
#------------------------------------------------------------------------------

wt: s[c5]
\vspace{-3}
  emin  &=&   0.0000E+00 [MeV]
  emax  &=&   1.0000E+03 [MeV]
  zmin  &=&   9.8470E+01 [cm]
  zmax  &=&   9.8490E+01 [cm]
  part. &=& proton  
e:

#------------------------------------------------------------------------------
z: xorg[-1.03/0.05]
p: form[c1] xfac[c2] afac[c5] nosp notf
p: xmin( -4.000000    ) xmax(  4.000000    )
p: ymin( -6.000000    ) ymax(  5.000000    )
 
# Information for Restart Calculation
# This calculation was newly started
# istdev =  2 # 1:Batch variance, 2:History variance
# resc2  = 1.78322300263345432E-02 # Total source weight or Total source weight / maxcas
# resc3  = 1.11300000000000000E+08 # Total history number or Total batch number
# maxcas =       25000 # History / Batch, only used for istdev=1
# bitrseed = 0111101001110110100010011010100111000000110101011011011111010110 # bit data of rseed
