srun: defined options for program `srun'
srun: --------------- ---------------------
srun: user           : `sebastiangossio'
srun: uid            : 10149
srun: gid            : 10149
srun: cwd            : /share/gidans/sebastiangossio/ej_PHITS/haz_vertical/pouch_cr-39
srun: ntasks         : 32 (set)
srun: nodes          : 1 (set)
srun: jobid          : 79375 (default)
srun: partition      : default
srun: profile        : `NotSet'
srun: job name       : `pouchcr39'
srun: reservation    : `(null)'
srun: burst_buffer   : `(null)'
srun: wckey          : `(null)'
srun: cpu_freq_min   : 4294967294
srun: cpu_freq_max   : 2147483651
srun: cpu_freq_gov   : 4294967294
srun: switches       : -1
srun: wait-for-switches : -1
srun: distribution   : unknown
srun: cpu_bind       : default
srun: mem_bind       : default
srun: verbose        : 1
srun: slurmd_debug   : 0
srun: immediate      : false
srun: label output   : false
srun: unbuffered IO  : false
srun: overcommit     : false
srun: threads        : 60
srun: checkpoint_dir : /var/spool/slurm.checkpoint
srun: wait           : 60
srun: nice           : -2
srun: account        : (null)
srun: comment        : (null)
srun: dependency     : (null)
srun: exclusive      : false
srun: bcast          : false
srun: qos            : (null)
srun: constraints    : mem-per-cpu=1024M 
srun: geometry       : (null)
srun: reboot         : yes
srun: rotate         : no
srun: preserve_env   : false
srun: network        : (null)
srun: propagate      : NONE
srun: prolog         : (null)
srun: epilog         : (null)
srun: mail_type      : NONE
srun: mail_user      : (null)
srun: task_prolog    : (null)
srun: task_epilog    : (null)
srun: multi_prog     : no
srun: sockets-per-node  : -2
srun: cores-per-socket  : -2
srun: threads-per-core  : -2
srun: ntasks-per-node   : -2
srun: ntasks-per-socket : -2
srun: ntasks-per-core   : -2
srun: plane_size        : 4294967294
srun: core-spec         : NA
srun: power             : 
srun: remote command    : `/share/gidans/sebastiangossio/Programas/PIHTS-IFORT/phits/phits_LinIfort_MPI'
srun: launching 79375.11 on host compute-1-14, 32 tasks: [0-31]
srun: route default plugin loaded
srun: Node compute-1-14, 32 tasks started
srun: Sent KVS info to 1 nodes, up to 32 tasks per node
srun: Sent KVS info to 1 nodes, up to 32 tasks per node
srun: Sent KVS info to 1 nodes, up to 32 tasks per node
srun: Sent KVS info to 1 nodes, up to 32 tasks per node
slurmstepd: error: *** JOB 79375 ON compute-1-14 CANCELLED AT 2026-09-28T08:11:24 DUE TO TIME LIMIT ***
srun: Complete job step 79375.11 received
slurmstepd: error: *** STEP 79375.11 ON compute-1-14 CANCELLED AT 2026-09-28T08:11:24 DUE TO TIME LIMIT ***
srun: Job step aborted: Waiting up to 62 seconds for job step to finish.
srun: got SIGCONT
forrtl: error (78): process killed (SIGTERM)
Image              PC                Routine            Line        Source             
phits_LinIfort_MP  000000000211BFE1  Unknown               Unknown  Unknown
phits_LinIfort_MP  000000000211A737  Unknown               Unknown  Unknown
phits_LinIfort_MP  000000000208D0E4  Unknown               Unknown  Unknown
phits_LinIfort_MP  000000000208CEF6  Unknown               Unknown  Unknown
phits_LinIfort_MP  000000000202193F  Unknown               Unknown  Unknown

Stack trace terminated abnormally.
forrtl: error (78): process killed (SIGTERM)
Image              PC                Routine            Line        Source             
phits_LinIfort_MP  000000000211BFE1  Unknown               Unknown  Unknown
phits_LinIfort_MP  000000000211A737  Unknown               Unknown  Unknown
phits_LinIfort_MP  000000000208D0E4  Unknown               Unknown  Unknown

Stack trace terminated abnormally.
forrtl: error (78): process killed (SIGTERM)
Image              PC                Routine            Line        Source             
phits_LinIfort_MP  000000000211BFE1  Unknown               Unknown  Unknown
phits_LinIfort_MP  000000000211A737  Unknown               Unknown  Unknown
phits_LinIfort_MP  000000000208D0E4  Unknown               Unknown  Unknown

Stack trace terminated abnormally.
forrtl: error (78): process killed (SIGTERM)
Image              PC                Routine            Line        Source             
phits_LinIfort_MP  000000000211BFE1  Unknown               Unknown  Unknown
phits_LinIfort_MP  000000000211A737  Unknown               Unknown  Unknown
phits_LinIfort_MP  000000000208D0E4  Unknown               Unknown  Unknown
phits_LinIfort_MP  000000000208CEF6  Unknown               Unknown  Unknown

Stack trace terminated abnormally.
forrtl: error (78): process killed (SIGTERM)
Image              PC                Routine            Line        Source             
phits_LinIfort_MP  000000000211BFE1  Unknown               Unknown  Unknown
phits_LinIfort_MP  000000000211A737  Unknown               Unknown  Unknown
phits_LinIfort_MP  000000000208D0E4  Unknown               Unknown  Unknown

Stack trace terminated abnormally.
forrtl: error (78): process killed (SIGTERM)
Image              PC                Routine            Line        Source             
phits_LinIfort_MP  000000000211BFE1  Unknown               Unknown  Unknown
phits_LinIfort_MP  000000000211A737  Unknown               Unknown  Unknown
phits_LinIfort_MP  000000000208D0E4  Unknown               Unknown  Unknown

Stack trace terminated abnormally.
forrtl: error (78): process killed (SIGTERM)
Image              PC                Routine            Line        Source             
phits_LinIfort_MP  000000000211BFE1  Unknown               Unknown  Unknown
phits_LinIfort_MP  000000000211A737  Unknown               Unknown  Unknown
phits_LinIfort_MP  000000000208D0E4  Unknown               Unknown  Unknown

Stack trace terminated abnormally.
forrtl: error (78): process killed (SIGTERM)
Image              PC                Routine            Line        Source             
phits_LinIfort_MP  000000000211BFE1  Unknown               Unknown  Unknown
phits_LinIfort_MP  000000000211A737  Unknown               Unknown  Unknown
phits_LinIfort_MP  000000000208D0E4  Unknown               Unknown  Unknown

Stack trace terminated abnormally.
forrtl: error (78): process killed (SIGTERM)
Image              PC                Routine            Line        Source             
phits_LinIfort_MP  000000000211BFE1  Unknown               Unknown  Unknown
phits_LinIfort_MP  000000000211A737  Unknown               Unknown  Unknown
phits_LinIfort_MP  000000000208D0E4  Unknown               Unknown  Unknown

Stack trace terminated abnormally.
forrtl: error (78): process killed (SIGTERM)
Image              PC                Routine            Line        Source             
phits_LinIfort_MP  000000000211BFE1  Unknown               Unknown  Unknown
phits_LinIfort_MP  000000000211A737  Unknown               Unknown  Unknown
phits_LinIfort_MP  000000000208D0E4  Unknown               Unknown  Unknown

Stack trace terminated abnormally.
forrtl: error (78): process killed (SIGTERM)
Image              PC                Routine            Line        Source             
phits_LinIfort_MP  000000000211BFE1  Unknown               Unknown  Unknown
phits_LinIfort_MP  000000000211A737  Unknown               Unknown  Unknown
phits_LinIfort_MP  000000000208D0E4  Unknown               Unknown  Unknown

Stack trace terminated abnormally.
forrtl: error (78): process killed (SIGTERM)
Image              PC                Routine            Line        Source             
phits_LinIfort_MP  000000000211BFE1  Unknown               Unknown  Unknown
phits_LinIfort_MP  000000000211A737  Unknown               Unknown  Unknown
phits_LinIfort_MP  000000000208D0E4  Unknown               Unknown  Unknown

Stack trace terminated abnormally.
forrtl: error (78): process killed (SIGTERM)
Image              PC                Routine            Line        Source             
phits_LinIfort_MP  000000000211BFE1  Unknown               Unknown  Unknown
phits_LinIfort_MP  000000000211A737  Unknown               Unknown  Unknown
phits_LinIfort_MP  000000000208D0E4  Unknown               Unknown  Unknown

Stack trace terminated abnormally.
forrtl: error (78): process killed (SIGTERM)
Image              PC                Routine            Line        Source             
phits_LinIfort_MP  000000000211BFE1  Unknown               Unknown  Unknown
phits_LinIfort_MP  000000000211A737  Unknown               Unknown  Unknown
phits_LinIfort_MP  000000000208D0E4  Unknown               Unknown  Unknown

Stack trace terminated abnormally.
srun: forcing job termination
forrtl: error (78): process killed (SIGTERM)
Image              PC                Routine            Line        Source             
phits_LinIfort_MP  000000000211BFE1  Unknown               Unknown  Unknown
phits_LinIfort_MP  000000000211A737  Unknown               Unknown  Unknown
phits_LinIfort_MP  000000000208D0E4  Unknown               Unknown  Unknown
phits_LinIfort_MP  000000000208CEF6  Unknown               Unknown  Unknown

Stack trace terminated abnormally.
forrtl: error (78): process killed (SIGTERM)
Image              PC                Routine            Line        Source             
phits_LinIfort_MP  000000000211BFE1  Unknown               Unknown  Unknown
phits_LinIfort_MP  000000000211A737  Unknown               Unknown  Unknown
phits_LinIfort_MP  000000000208D0E4  Unknown               Unknown  Unknown
phits_LinIfort_MP  000000000208CEF6  Unknown               Unknown  Unknown

Stack trace terminated abnormally.
forrtl: error (78): process killed (SIGTERM)
Image              PC                Routine            Line        Source             
phits_LinIfort_MP  000000000211BFE1  Unknown               Unknown  Unknown
phits_LinIfort_MP  000000000211A737  Unknown               Unknown  Unknown
phits_LinIfort_MP  000000000208D0E4  Unknown               Unknown  Unknown
phits_LinIfort_MP  000000000208CEF6  Unknown               Unknown  Unknown

Stack trace terminated abnormally.
forrtl: error (78): process killed (SIGTERM)
Image              PC                Routine            Line        Source             
phits_LinIfort_MP  000000000211BFE1  Unknown               Unknown  Unknown
phits_LinIfort_MP  000000000211A737  Unknown               Unknown  Unknown
phits_LinIfort_MP  000000000208D0E4  Unknown               Unknown  Unknown
phits_LinIfort_MP  000000000208CEF6  Unknown               Unknown  Unknown

Stack trace terminated abnormally.
forrtl: error (78): process killed (SIGTERM)
Image              PC                Routine            Line        Source             
phits_LinIfort_MP  000000000211BFE1  Unknown               Unknown  Unknown
phits_LinIfort_MP  000000000211A737  Unknown               Unknown  Unknown
phits_LinIfort_MP  000000000208D0E4  Unknown               Unknown  Unknown
phits_LinIfort_MP  000000000208CEF6  Unknown               Unknown  Unknown

Stack trace terminated abnormally.
forrtl: error (78): process killed (SIGTERM)
Image              PC                Routine            Line        Source             
phits_LinIfort_MP  000000000211BFE1  Unknown               Unknown  Unknown
phits_LinIfort_MP  000000000211A737  Unknown               Unknown  Unknown
phits_LinIfort_MP  000000000208D0E4  Unknown               Unknown  Unknown
phits_LinIfort_MP  000000000208CEF6  Unknown               Unknown  Unknown

Stack trace terminated abnormally.
forrtl: error (78): process killed (SIGTERM)
Image              PC                Routine            Line        Source             
phits_LinIfort_MP  000000000211BFE1  Unknown               Unknown  Unknown
phits_LinIfort_MP  000000000211A737  Unknown               Unknown  Unknown
phits_LinIfort_MP  000000000208D0E4  Unknown               Unknown  Unknown
phits_LinIfort_MP  000000000208CEF6  Unknown               Unknown  Unknown

Stack trace terminated abnormally.
forrtl: error (78): process killed (SIGTERM)
Image              PC                Routine            Line        Source             
phits_LinIfort_MP  000000000211BFE1  Unknown               Unknown  Unknown
phits_LinIfort_MP  000000000211A737  Unknown               Unknown  Unknown
phits_LinIfort_MP  000000000208D0E4  Unknown               Unknown  Unknown

Stack trace terminated abnormally.
forrtl: error (78): process killed (SIGTERM)
Image              PC                Routine            Line        Source             
phits_LinIfort_MP  000000000211BFE1  Unknown               Unknown  Unknown
phits_LinIfort_MP  000000000211A737  Unknown               Unknown  Unknown
phits_LinIfort_MP  000000000208D0E4  Unknown               Unknown  Unknown

Stack trace terminated abnormally.
forrtl: error (78): process killed (SIGTERM)
Image              PC                Routine            Line        Source             
phits_LinIfort_MP  000000000211BFE1  Unknown               Unknown  Unknown
phits_LinIfort_MP  000000000211A737  Unknown               Unknown  Unknown
phits_LinIfort_MP  000000000208D0E4  Unknown               Unknown  Unknown
phits_LinIfort_MP  000000000208CEF6  Unknown               Unknown  Unknown

Stack trace terminated abnormally.
forrtl: error (78): process killed (SIGTERM)
Image              PC                Routine            Line        Source             
phits_LinIfort_MP  000000000211BFE1  Unknown               Unknown  Unknown
phits_LinIfort_MP  000000000211A737  Unknown               Unknown  Unknown
phits_LinIfort_MP  000000000208D0E4  Unknown               Unknown  Unknown
phits_LinIfort_MP  000000000208CEF6  Unknown               Unknown  Unknown
phits_LinIfort_MP  000000000202193F  Unknown               Unknown  Unknown

Stack trace terminated abnormally.
forrtl: error (78): process killed (SIGTERM)
Image              PC                Routine            Line        Source             
phits_LinIfort_MP  000000000211BFE1  Unknown               Unknown  Unknown
phits_LinIfort_MP  000000000211A737  Unknown               Unknown  Unknown
phits_LinIfort_MP  000000000208D0E4  Unknown               Unknown  Unknown
phits_LinIfort_MP  000000000208CEF6  Unknown               Unknown  Unknown
phits_LinIfort_MP  000000000202193F  Unknown               Unknown  Unknown

Stack trace terminated abnormally.
forrtl: error (78): process killed (SIGTERM)
Image              PC                Routine            Line        Source             
phits_LinIfort_MP  000000000211BFE1  Unknown               Unknown  Unknown
phits_LinIfort_MP  000000000211A737  Unknown               Unknown  Unknown
phits_LinIfort_MP  000000000208D0E4  Unknown               Unknown  Unknown
phits_LinIfort_MP  000000000208CEF6  Unknown               Unknown  Unknown
phits_LinIfort_MP  000000000202193F  Unknown               Unknown  Unknown

Stack trace terminated abnormally.
forrtl: error (78): process killed (SIGTERM)
Image              PC                Routine            Line        Source             
phits_LinIfort_MP  000000000211BFE1  Unknown               Unknown  Unknown
phits_LinIfort_MP  000000000211A737  Unknown               Unknown  Unknown
phits_LinIfort_MP  000000000208D0E4  Unknown               Unknown  Unknown
phits_LinIfort_MP  000000000208CEF6  Unknown               Unknown  Unknown
phits_LinIfort_MP  000000000202193F  Unknown               Unknown  Unknown

Stack trace terminated abnormally.
forrtl: error (78): process killed (SIGTERM)
Image              PC                Routine            Line        Source             
phits_LinIfort_MP  000000000211BFE1  Unknown               Unknown  Unknown
phits_LinIfort_MP  000000000211A737  Unknown               Unknown  Unknown
phits_LinIfort_MP  000000000208D0E4  Unknown               Unknown  Unknown
phits_LinIfort_MP  000000000208CEF6  Unknown               Unknown  Unknown
phits_LinIfort_MP  000000000202193F  Unknown               Unknown  Unknown

Stack trace terminated abnormally.
forrtl: error (78): process killed (SIGTERM)
Image              PC                Routine            Line        Source             
phits_LinIfort_MP  000000000211BFE1  Unknown               Unknown  Unknown
phits_LinIfort_MP  000000000211A737  Unknown               Unknown  Unknown
phits_LinIfort_MP  000000000208D0E4  Unknown               Unknown  Unknown
phits_LinIfort_MP  000000000208CEF6  Unknown               Unknown  Unknown
phits_LinIfort_MP  000000000202193F  Unknown               Unknown  Unknown

Stack trace terminated abnormally.
forrtl: error (78): process killed (SIGTERM)
Image              PC                Routine            Line        Source             
phits_LinIfort_MP  000000000211BFE1  Unknown               Unknown  Unknown
phits_LinIfort_MP  000000000211A737  Unknown               Unknown  Unknown
phits_LinIfort_MP  000000000208D0E4  Unknown               Unknown  Unknown
phits_LinIfort_MP  000000000208CEF6  Unknown               Unknown  Unknown
phits_LinIfort_MP  000000000202193F  Unknown               Unknown  Unknown

Stack trace terminated abnormally.
forrtl: error (78): process killed (SIGTERM)
Image              PC                Routine            Line        Source             
phits_LinIfort_MP  000000000211BFE1  Unknown               Unknown  Unknown
phits_LinIfort_MP  000000000211A737  Unknown               Unknown  Unknown
phits_LinIfort_MP  000000000208D0E4  Unknown               Unknown  Unknown
phits_LinIfort_MP  000000000208CEF6  Unknown               Unknown  Unknown
phits_LinIfort_MP  000000000202193F  Unknown               Unknown  Unknown

Stack trace terminated abnormally.
srun: Received task exit notification for 32 tasks (status=0x0100).
srun: error: compute-1-14: tasks 0-31: Exited with exit code 1
srun: First task exited. Terminating job in 60s.
