1556 <--- number of remaining batches 

-------------------------------------------------------------------------------
 Local Batch = [    56 ] : Parallel Status:  0-> normal, 1-> abnormal stop
-------------------------------------------------------------------------------
 ip  status
    1    0
    2    0
    3    0
    4    0
    5    0
    6    0
    7    0
    8    0
    9    0
   10    0
   11    0
   12    0
   13    0
   14    0
   15    0
   16    0
   17    0
   18    0
   19    0
   20    0
   21    0
   22    0
   23    0
   24    0
   25    0
   26    0
   27    0
   28    0
   29    0
   30    0
   31    0

 total source  =              0.

 elapse time =      5813.10 sec.
 av cpu time =      5816.26 sec.

 date = 2026-09-28
 time = 10h 06m 14s

 Starting Random Number of each PE
  ip num      rijk
     1   0000111011011100001101111110111110010011110111010000001010010001
     2   0101100110001110001010001000100000010110101110100010100010110000
     3   0111010000110011100000111010110100010000011000111101110001011011
     4   0000000110011001100100010011001001010100010001011111100111111011
     5   1010011001100010101110110100010101100111011111010010010100111111
     6   1001000111101001010000010001010011000011110010000010100010010111
     7   0110110110000110111111110110100000000010100110100110110011001011
     8   1111010000100111100111100001000010011011100110111110111101001011
     9   0011111101011011001010000000001001101110100100111111000011111010
    10   1100110010110001101001111011000011100000110011010011101111111010
    11   0100010000111110011101101011011011010101001101000101000000110000
    12   1111000011101010010010001101000101100100110000110111010000100011
    13   0001011001101110110011101010010101111111110001110100110100010110
    14   0100110010110011101111000110011100001000101010100100111000100101
    15   1111110011110111010010110011110000111010100101110000010011111010
    16   0100110000000110010010010111010111100101111000000111011100111001
    17   0011010011011100101001000011011111000111101100100100010111010101
    18   1001110001010111110100100101001111011110100101110011101100011101
    19   0101000111000001110001011011111011110111100011101110100100001101
    20   1001111011001000110111110100110001000100011110011000011100100001
    21   1110001010101011111001000101010001000100100110000011101010011000
    22   0110110000100010100110100100110101111110010010100101011111010000
    23   0100110011111111110110010010101010001011010110011011100101100111
    24   1110110100100011000000000011001111111110011101011011011011101001
    25   0001010111001101100100111101010101010001101010010001011111100111
    26   1100101000000011000001111110101010111110010011010110100101000011
    27   0000001110000110001101101011111111110111101000111011111100011101
    28   1110000000011110110010100000101011100100111011011101000011111000
    29   0111000000111100101110001110011011001010010010001000111010100010
    30   1100001010000011000001100000010011001101010111011101101100001101
    31   0001110010001111111111111101010011011110010011001101010000001110
-------------------------------------------------------------------------------
next initial random seed:
 bitrseed = 0100010101011110001111101011111000111011001000110011001101011100
