[ T-Deposit ]
    title = Bragg peak column 3
     mesh =  xyz            # mesh type is xyz scoring mesh
   x-type =    2            # x-mesh is linear given by xmin, xmax and nx
     xmin = -0.2500000      # minimum value of x-mesh points
     xmax =  0.2500000      # maximum value of x-mesh points
#    xdel =  0.5000000      # mesh width of x-mesh points
       nx =      1          # number of x-mesh points
#    data = ( x(i), i = 1, nx + 1 )
#          -2.50000E-01  2.50000E-01
   y-type =    2            # y-mesh is linear given by ymin, ymax and ny
     ymin = -0.3185000      # minimum value of y-mesh points
     ymax =  8.1500000E-02  # maximum value of y-mesh points
#    ydel =  0.4000000      # mesh width of y-mesh points
       ny =      1          # number of y-mesh points
#    data = ( y(i), i = 1, ny + 1 )
#          -3.18500E-01  8.15000E-02
   z-type =    2            # z-mesh is linear given by zmin, zmax and nz
     zmin =   97.00000      # minimum value of z-mesh points
     zmax =   100.0000      # maximum value of z-mesh points
#    zdel =  1.0000000E-02  # mesh width of z-mesh points
       nz =    300          # number of z-mesh points
#    data = ( z(i), i = 1, nz + 1 )
#           9.70000E+01  9.70100E+01  9.70200E+01  9.70300E+01  9.70400E+01
#           9.70500E+01  9.70600E+01  9.70700E+01  9.70800E+01  9.70900E+01
#           9.71000E+01  9.71100E+01  9.71200E+01  9.71300E+01  9.71400E+01
#           9.71500E+01  9.71600E+01  9.71700E+01  9.71800E+01  9.71900E+01
#           9.72000E+01  9.72100E+01  9.72200E+01  9.72300E+01  9.72400E+01
#           9.72500E+01  9.72600E+01  9.72700E+01  9.72800E+01  9.72900E+01
#           9.73000E+01  9.73100E+01  9.73200E+01  9.73300E+01  9.73400E+01
#           9.73500E+01  9.73600E+01  9.73700E+01  9.73800E+01  9.73900E+01
#           9.74000E+01  9.74100E+01  9.74200E+01  9.74300E+01  9.74400E+01
#           9.74500E+01  9.74600E+01  9.74700E+01  9.74800E+01  9.74900E+01
#           9.75000E+01  9.75100E+01  9.75200E+01  9.75300E+01  9.75400E+01
#           9.75500E+01  9.75600E+01  9.75700E+01  9.75800E+01  9.75900E+01
#           9.76000E+01  9.76100E+01  9.76200E+01  9.76300E+01  9.76400E+01
#           9.76500E+01  9.76600E+01  9.76700E+01  9.76800E+01  9.76900E+01
#           9.77000E+01  9.77100E+01  9.77200E+01  9.77300E+01  9.77400E+01
#           9.77500E+01  9.77600E+01  9.77700E+01  9.77800E+01  9.77900E+01
#           9.78000E+01  9.78100E+01  9.78200E+01  9.78300E+01  9.78400E+01
#           9.78500E+01  9.78600E+01  9.78700E+01  9.78800E+01  9.78900E+01
#           9.79000E+01  9.79100E+01  9.79200E+01  9.79300E+01  9.79400E+01
#           9.79500E+01  9.79600E+01  9.79700E+01  9.79800E+01  9.79900E+01
#           9.80000E+01  9.80100E+01  9.80200E+01  9.80300E+01  9.80400E+01
#           9.80500E+01  9.80600E+01  9.80700E+01  9.80800E+01  9.80900E+01
#           9.81000E+01  9.81100E+01  9.81200E+01  9.81300E+01  9.81400E+01
#           9.81500E+01  9.81600E+01  9.81700E+01  9.81800E+01  9.81900E+01
#           9.82000E+01  9.82100E+01  9.82200E+01  9.82300E+01  9.82400E+01
#           9.82500E+01  9.82600E+01  9.82700E+01  9.82800E+01  9.82900E+01
#           9.83000E+01  9.83100E+01  9.83200E+01  9.83300E+01  9.83400E+01
#           9.83500E+01  9.83600E+01  9.83700E+01  9.83800E+01  9.83900E+01
#           9.84000E+01  9.84100E+01  9.84200E+01  9.84300E+01  9.84400E+01
#           9.84500E+01  9.84600E+01  9.84700E+01  9.84800E+01  9.84900E+01
#           9.85000E+01  9.85100E+01  9.85200E+01  9.85300E+01  9.85400E+01
#           9.85500E+01  9.85600E+01  9.85700E+01  9.85800E+01  9.85900E+01
#           9.86000E+01  9.86100E+01  9.86200E+01  9.86300E+01  9.86400E+01
#           9.86500E+01  9.86600E+01  9.86700E+01  9.86800E+01  9.86900E+01
#           9.87000E+01  9.87100E+01  9.87200E+01  9.87300E+01  9.87400E+01
#           9.87500E+01  9.87600E+01  9.87700E+01  9.87800E+01  9.87900E+01
#           9.88000E+01  9.88100E+01  9.88200E+01  9.88300E+01  9.88400E+01
#           9.88500E+01  9.88600E+01  9.88700E+01  9.88800E+01  9.88900E+01
#           9.89000E+01  9.89100E+01  9.89200E+01  9.89300E+01  9.89400E+01
#           9.89500E+01  9.89600E+01  9.89700E+01  9.89800E+01  9.89900E+01
#           9.90000E+01  9.90100E+01  9.90200E+01  9.90300E+01  9.90400E+01
#           9.90500E+01  9.90600E+01  9.90700E+01  9.90800E+01  9.90900E+01
#           9.91000E+01  9.91100E+01  9.91200E+01  9.91300E+01  9.91400E+01
#           9.91500E+01  9.91600E+01  9.91700E+01  9.91800E+01  9.91900E+01
#           9.92000E+01  9.92100E+01  9.92200E+01  9.92300E+01  9.92400E+01
#           9.92500E+01  9.92600E+01  9.92700E+01  9.92800E+01  9.92900E+01
#           9.93000E+01  9.93100E+01  9.93200E+01  9.93300E+01  9.93400E+01
#           9.93500E+01  9.93600E+01  9.93700E+01  9.93800E+01  9.93900E+01
#           9.94000E+01  9.94100E+01  9.94200E+01  9.94300E+01  9.94400E+01
#           9.94500E+01  9.94600E+01  9.94700E+01  9.94800E+01  9.94900E+01
#           9.95000E+01  9.95100E+01  9.95200E+01  9.95300E+01  9.95400E+01
#           9.95500E+01  9.95600E+01  9.95700E+01  9.95800E+01  9.95900E+01
#           9.96000E+01  9.96100E+01  9.96200E+01  9.96300E+01  9.96400E+01
#           9.96500E+01  9.96600E+01  9.96700E+01  9.96800E+01  9.96900E+01
#           9.97000E+01  9.97100E+01  9.97200E+01  9.97300E+01  9.97400E+01
#           9.97500E+01  9.97600E+01  9.97700E+01  9.97800E+01  9.97900E+01
#           9.98000E+01  9.98100E+01  9.98200E+01  9.98300E+01  9.98400E+01
#           9.98500E+01  9.98600E+01  9.98700E+01  9.98800E+01  9.98900E+01
#           9.99000E+01  9.99100E+01  9.99200E+01  9.99300E+01  9.99400E+01
#           9.99500E+01  9.99600E+01  9.99700E+01  9.99800E+01  9.99900E+01
#           1.00000E+02
     unit =    0            # unit is [Gy/source]
   letmat =    0            # (D=0) mat ID for LET, 0:real mat, <0: electron for H2O
  dedxfnc =    0            # (D=0) user defined multiplier, 0(no), 1, 2
 material =  all            # (D=all) number of specific material
   output =  dose           # total deposit energy
  deposit =    0            # (D=0) 0-> total deposit dist, 1-> each process
     axis =     z           # axis of output
     file = ./out/bragg_CR39_col3.out  # file name of output for the above axis
     part =  proton   
# kf/name :  2212     
   epsout =    1            # (D=0) generate eps file by ANGEL
   mother =  all            # (D=all) number of specific mother
#    used :        main (  %)        temp (  %)       total (  %)
#  memory :         308 (  0)           0 (  0)         308 (  0)

#------------------------------------------------------------------------------
#newpage:
#   no. =  1   ix  =  1   iy  =  1
#   x = (  -2.5000E-01  -   2.5000E-01  )
#   y = (  -3.1850E-01  -   8.1500E-02  )

x: z[cm]
y: Dose [Gy/source]      
p: xlin ylog afac(0.8) form(0.9)
h: n            x            y(proton  ),hh0l n 
#  z-lower      z-upper        proton    r.err 
   9.7000E+01   9.7010E+01   2.3464E-01  0.0022
   9.7010E+01   9.7020E+01   2.3507E-01  0.0022
   9.7020E+01   9.7030E+01   2.3538E-01  0.0022
   9.7030E+01   9.7040E+01   2.3467E-01  0.0022
   9.7040E+01   9.7050E+01   2.3471E-01  0.0022
   9.7050E+01   9.7060E+01   2.3458E-01  0.0022
   9.7060E+01   9.7070E+01   2.3432E-01  0.0022
   9.7070E+01   9.7080E+01   2.3431E-01  0.0022
   9.7080E+01   9.7090E+01   2.3391E-01  0.0022
   9.7090E+01   9.7100E+01   2.3402E-01  0.0022
   9.7100E+01   9.7110E+01   2.3406E-01  0.0022
   9.7110E+01   9.7120E+01   2.3436E-01  0.0022
   9.7120E+01   9.7130E+01   2.3442E-01  0.0022
   9.7130E+01   9.7140E+01   2.3304E-01  0.0022
   9.7140E+01   9.7150E+01   2.3388E-01  0.0022
   9.7150E+01   9.7160E+01   2.3395E-01  0.0022
   9.7160E+01   9.7170E+01   2.3430E-01  0.0022
   9.7170E+01   9.7180E+01   2.3355E-01  0.0022
   9.7180E+01   9.7190E+01   2.3425E-01  0.0022
   9.7190E+01   9.7200E+01   2.3360E-01  0.0022
   9.7200E+01   9.7210E+01   2.3367E-01  0.0022
   9.7210E+01   9.7220E+01   2.3389E-01  0.0022
   9.7220E+01   9.7230E+01   2.3427E-01  0.0022
   9.7230E+01   9.7240E+01   2.3343E-01  0.0022
   9.7240E+01   9.7250E+01   2.3323E-01  0.0022
   9.7250E+01   9.7260E+01   2.3349E-01  0.0022
   9.7260E+01   9.7270E+01   2.3290E-01  0.0022
   9.7270E+01   9.7280E+01   2.3371E-01  0.0022
   9.7280E+01   9.7290E+01   2.3396E-01  0.0022
   9.7290E+01   9.7300E+01   2.3323E-01  0.0022
   9.7300E+01   9.7310E+01   2.3422E-01  0.0022
   9.7310E+01   9.7320E+01   2.3338E-01  0.0022
   9.7320E+01   9.7330E+01   2.3415E-01  0.0022
   9.7330E+01   9.7340E+01   2.3382E-01  0.0022
   9.7340E+01   9.7350E+01   2.3377E-01  0.0022
   9.7350E+01   9.7360E+01   2.3310E-01  0.0022
   9.7360E+01   9.7370E+01   2.3367E-01  0.0022
   9.7370E+01   9.7380E+01   2.3355E-01  0.0022
   9.7380E+01   9.7390E+01   2.3309E-01  0.0022
   9.7390E+01   9.7400E+01   2.3360E-01  0.0022
   9.7400E+01   9.7410E+01   2.3173E-01  0.0022
   9.7410E+01   9.7420E+01   2.3317E-01  0.0022
   9.7420E+01   9.7430E+01   2.3278E-01  0.0022
   9.7430E+01   9.7440E+01   2.3334E-01  0.0022
   9.7440E+01   9.7450E+01   2.3195E-01  0.0022
   9.7450E+01   9.7460E+01   2.3271E-01  0.0022
   9.7460E+01   9.7470E+01   2.3349E-01  0.0022
   9.7470E+01   9.7480E+01   2.3233E-01  0.0022
   9.7480E+01   9.7490E+01   2.3275E-01  0.0022
   9.7490E+01   9.7500E+01   2.3272E-01  0.0022
   9.7500E+01   9.7510E+01   2.3238E-01  0.0022
   9.7510E+01   9.7520E+01   2.3235E-01  0.0022
   9.7520E+01   9.7530E+01   2.3332E-01  0.0022
   9.7530E+01   9.7540E+01   2.3249E-01  0.0022
   9.7540E+01   9.7550E+01   2.3330E-01  0.0022
   9.7550E+01   9.7560E+01   2.3265E-01  0.0022
   9.7560E+01   9.7570E+01   2.3250E-01  0.0022
   9.7570E+01   9.7580E+01   2.3185E-01  0.0022
   9.7580E+01   9.7590E+01   2.3201E-01  0.0022
   9.7590E+01   9.7600E+01   2.3245E-01  0.0022
   9.7600E+01   9.7610E+01   2.3165E-01  0.0022
   9.7610E+01   9.7620E+01   2.3242E-01  0.0022
   9.7620E+01   9.7630E+01   2.3177E-01  0.0022
   9.7630E+01   9.7640E+01   2.3175E-01  0.0022
   9.7640E+01   9.7650E+01   2.3218E-01  0.0022
   9.7650E+01   9.7660E+01   2.3104E-01  0.0022
   9.7660E+01   9.7670E+01   2.3186E-01  0.0022
   9.7670E+01   9.7680E+01   2.3173E-01  0.0022
   9.7680E+01   9.7690E+01   2.3179E-01  0.0022
   9.7690E+01   9.7700E+01   2.3147E-01  0.0022
   9.7700E+01   9.7710E+01   2.3183E-01  0.0022
   9.7710E+01   9.7720E+01   2.3138E-01  0.0022
   9.7720E+01   9.7730E+01   2.3234E-01  0.0022
   9.7730E+01   9.7740E+01   2.3160E-01  0.0022
   9.7740E+01   9.7750E+01   2.3210E-01  0.0022
   9.7750E+01   9.7760E+01   2.3218E-01  0.0022
   9.7760E+01   9.7770E+01   2.3115E-01  0.0022
   9.7770E+01   9.7780E+01   2.3190E-01  0.0022
   9.7780E+01   9.7790E+01   2.3122E-01  0.0022
   9.7790E+01   9.7800E+01   2.3102E-01  0.0022
   9.7800E+01   9.7810E+01   2.3165E-01  0.0022
   9.7810E+01   9.7820E+01   2.3156E-01  0.0022
   9.7820E+01   9.7830E+01   2.3061E-01  0.0022
   9.7830E+01   9.7840E+01   2.3225E-01  0.0022
   9.7840E+01   9.7850E+01   2.3024E-01  0.0022
   9.7850E+01   9.7860E+01   2.3238E-01  0.0022
   9.7860E+01   9.7870E+01   2.3102E-01  0.0022
   9.7870E+01   9.7880E+01   2.3073E-01  0.0022
   9.7880E+01   9.7890E+01   2.3175E-01  0.0022
   9.7890E+01   9.7900E+01   2.3189E-01  0.0023
   9.7900E+01   9.7910E+01   2.3064E-01  0.0022
   9.7910E+01   9.7920E+01   2.3122E-01  0.0022
   9.7920E+01   9.7930E+01   2.3087E-01  0.0022
   9.7930E+01   9.7940E+01   2.3171E-01  0.0022
   9.7940E+01   9.7950E+01   2.3133E-01  0.0022
   9.7950E+01   9.7960E+01   2.3021E-01  0.0022
   9.7960E+01   9.7970E+01   2.3002E-01  0.0022
   9.7970E+01   9.7980E+01   2.3030E-01  0.0022
   9.7980E+01   9.7990E+01   2.3037E-01  0.0022
   9.7990E+01   9.8000E+01   2.3022E-01  0.0022
   9.8000E+01   9.8010E+01   2.3062E-01  0.0022
   9.8010E+01   9.8020E+01   2.2990E-01  0.0022
   9.8020E+01   9.8030E+01   2.3018E-01  0.0022
   9.8030E+01   9.8040E+01   2.3122E-01  0.0023
   9.8040E+01   9.8050E+01   2.3035E-01  0.0022
   9.8050E+01   9.8060E+01   2.2982E-01  0.0022
   9.8060E+01   9.8070E+01   2.3063E-01  0.0022
   9.8070E+01   9.8080E+01   2.3052E-01  0.0022
   9.8080E+01   9.8090E+01   2.3031E-01  0.0022
   9.8090E+01   9.8100E+01   2.2995E-01  0.0022
   9.8100E+01   9.8110E+01   2.2994E-01  0.0022
   9.8110E+01   9.8120E+01   2.2962E-01  0.0022
   9.8120E+01   9.8130E+01   2.3034E-01  0.0022
   9.8130E+01   9.8140E+01   2.3025E-01  0.0022
   9.8140E+01   9.8150E+01   2.2964E-01  0.0022
   9.8150E+01   9.8160E+01   2.3009E-01  0.0022
   9.8160E+01   9.8170E+01   2.3004E-01  0.0022
   9.8170E+01   9.8180E+01   2.3037E-01  0.0022
   9.8180E+01   9.8190E+01   2.2955E-01  0.0022
   9.8190E+01   9.8200E+01   2.2991E-01  0.0022
   9.8200E+01   9.8210E+01   2.2970E-01  0.0022
   9.8210E+01   9.8220E+01   2.2956E-01  0.0022
   9.8220E+01   9.8230E+01   2.2902E-01  0.0022
   9.8230E+01   9.8240E+01   2.2933E-01  0.0022
   9.8240E+01   9.8250E+01   2.2805E-01  0.0022
   9.8250E+01   9.8260E+01   2.2986E-01  0.0022
   9.8260E+01   9.8270E+01   2.3025E-01  0.0023
   9.8270E+01   9.8280E+01   2.2921E-01  0.0022
   9.8280E+01   9.8290E+01   2.2978E-01  0.0022
   9.8290E+01   9.8300E+01   2.2915E-01  0.0022
   9.8300E+01   9.8310E+01   2.2958E-01  0.0022
   9.8310E+01   9.8320E+01   2.2997E-01  0.0023
   9.8320E+01   9.8330E+01   2.2946E-01  0.0022
   9.8330E+01   9.8340E+01   2.6968E-01  0.0009
   9.8340E+01   9.8350E+01   2.7863E-01  0.0009
   9.8350E+01   9.8360E+01   2.8892E-01  0.0009
   9.8360E+01   9.8370E+01   3.0139E-01  0.0009
   9.8370E+01   9.8380E+01   3.1649E-01  0.0009
   9.8380E+01   9.8390E+01   3.3755E-01  0.0009
   9.8390E+01   9.8400E+01   3.6561E-01  0.0010
   9.8400E+01   9.8410E+01   3.4887E-01  0.0010
   9.8410E+01   9.8420E+01   3.6125E-01  0.0010
   9.8420E+01   9.8430E+01   3.5934E-01  0.0010
   9.8430E+01   9.8440E+01   3.5882E-01  0.0010
   9.8440E+01   9.8450E+01   3.7236E-01  0.0010
   9.8450E+01   9.8460E+01   3.4740E-01  0.0010
   9.8460E+01   9.8470E+01   3.7352E-01  0.0011
   9.8470E+01   9.8480E+01   3.4537E-01  0.0011
   9.8480E+01   9.8490E+01   3.6323E-01  0.0011
   9.8490E+01   9.8500E+01   3.4691E-01  0.0011
   9.8500E+01   9.8510E+01   3.6459E-01  0.0012
   9.8510E+01   9.8520E+01   3.4899E-01  0.0011
   9.8520E+01   9.8530E+01   3.5615E-01  0.0012
   9.8530E+01   9.8540E+01   3.4937E-01  0.0012
   9.8540E+01   9.8550E+01   3.4133E-01  0.0013
   9.8550E+01   9.8560E+01   3.4449E-01  0.0014
   9.8560E+01   9.8570E+01   3.0513E-01  0.0016
   9.8570E+01   9.8580E+01   2.8986E-01  0.0017
   9.8580E+01   9.8590E+01   3.3037E-02  0.0041
   9.8590E+01   9.8600E+01   4.7114E-05  0.0858
   9.8600E+01   9.8610E+01   0.0000E+00  0.0000
   9.8610E+01   9.8620E+01   0.0000E+00  0.0000
   9.8620E+01   9.8630E+01   0.0000E+00  0.0000
   9.8630E+01   9.8640E+01   0.0000E+00  0.0000
   9.8640E+01   9.8650E+01   0.0000E+00  0.0000
   9.8650E+01   9.8660E+01   0.0000E+00  0.0000
   9.8660E+01   9.8670E+01   0.0000E+00  0.0000
   9.8670E+01   9.8680E+01   0.0000E+00  0.0000
   9.8680E+01   9.8690E+01   0.0000E+00  0.0000
   9.8690E+01   9.8700E+01   0.0000E+00  0.0000
   9.8700E+01   9.8710E+01   0.0000E+00  0.0000
   9.8710E+01   9.8720E+01   0.0000E+00  0.0000
   9.8720E+01   9.8730E+01   0.0000E+00  0.0000
   9.8730E+01   9.8740E+01   0.0000E+00  0.0000
   9.8740E+01   9.8750E+01   0.0000E+00  0.0000
   9.8750E+01   9.8760E+01   0.0000E+00  0.0000
   9.8760E+01   9.8770E+01   0.0000E+00  0.0000
   9.8770E+01   9.8780E+01   0.0000E+00  0.0000
   9.8780E+01   9.8790E+01   0.0000E+00  0.0000
   9.8790E+01   9.8800E+01   0.0000E+00  0.0000
   9.8800E+01   9.8810E+01   0.0000E+00  0.0000
   9.8810E+01   9.8820E+01   0.0000E+00  0.0000
   9.8820E+01   9.8830E+01   0.0000E+00  0.0000
   9.8830E+01   9.8840E+01   0.0000E+00  0.0000
   9.8840E+01   9.8850E+01   0.0000E+00  0.0000
   9.8850E+01   9.8860E+01   0.0000E+00  0.0000
   9.8860E+01   9.8870E+01   0.0000E+00  0.0000
   9.8870E+01   9.8880E+01   0.0000E+00  0.0000
   9.8880E+01   9.8890E+01   0.0000E+00  0.0000
   9.8890E+01   9.8900E+01   0.0000E+00  0.0000
   9.8900E+01   9.8910E+01   0.0000E+00  0.0000
   9.8910E+01   9.8920E+01   0.0000E+00  0.0000
   9.8920E+01   9.8930E+01   0.0000E+00  0.0000
   9.8930E+01   9.8940E+01   0.0000E+00  0.0000
   9.8940E+01   9.8950E+01   0.0000E+00  0.0000
   9.8950E+01   9.8960E+01   0.0000E+00  0.0000
   9.8960E+01   9.8970E+01   0.0000E+00  0.0000
   9.8970E+01   9.8980E+01   0.0000E+00  0.0000
   9.8980E+01   9.8990E+01   0.0000E+00  0.0000
   9.8990E+01   9.9000E+01   0.0000E+00  0.0000
   9.9000E+01   9.9010E+01   0.0000E+00  0.0000
   9.9010E+01   9.9020E+01   0.0000E+00  0.0000
   9.9020E+01   9.9030E+01   0.0000E+00  0.0000
   9.9030E+01   9.9040E+01   0.0000E+00  0.0000
   9.9040E+01   9.9050E+01   0.0000E+00  0.0000
   9.9050E+01   9.9060E+01   0.0000E+00  0.0000
   9.9060E+01   9.9070E+01   0.0000E+00  0.0000
   9.9070E+01   9.9080E+01   0.0000E+00  0.0000
   9.9080E+01   9.9090E+01   0.0000E+00  0.0000
   9.9090E+01   9.9100E+01   0.0000E+00  0.0000
   9.9100E+01   9.9110E+01   0.0000E+00  0.0000
   9.9110E+01   9.9120E+01   0.0000E+00  0.0000
   9.9120E+01   9.9130E+01   0.0000E+00  0.0000
   9.9130E+01   9.9140E+01   0.0000E+00  0.0000
   9.9140E+01   9.9150E+01   1.6617E-06  0.6248
   9.9150E+01   9.9160E+01   2.4938E-06  0.5943
   9.9160E+01   9.9170E+01   2.3075E-06  0.5067
   9.9170E+01   9.9180E+01   3.2963E-06  0.4797
   9.9180E+01   9.9190E+01   2.3567E-06  0.4627
   9.9190E+01   9.9200E+01   3.7589E-06  0.4649
   9.9200E+01   9.9210E+01   1.1594E-05  0.3272
   9.9210E+01   9.9220E+01   2.1431E-05  0.3953
   9.9220E+01   9.9230E+01   1.3070E-05  0.3413
   9.9230E+01   9.9240E+01   1.2503E-05  0.3739
   9.9240E+01   9.9250E+01   1.6159E-05  0.3658
   9.9250E+01   9.9260E+01   9.9240E-06  0.4182
   9.9260E+01   9.9270E+01   1.2325E-05  0.3654
   9.9270E+01   9.9280E+01   7.5603E-06  0.3852
   9.9280E+01   9.9290E+01   1.0944E-05  0.3874
   9.9290E+01   9.9300E+01   7.3336E-06  0.4065
   9.9300E+01   9.9310E+01   6.6282E-06  0.4403
   9.9310E+01   9.9320E+01   7.4480E-06  0.4174
   9.9320E+01   9.9330E+01   3.9793E-06  0.3766
   9.9330E+01   9.9340E+01   5.8724E-06  0.4056
   9.9340E+01   9.9350E+01   8.5324E-06  0.4007
   9.9350E+01   9.9360E+01   8.3037E-06  0.4465
   9.9360E+01   9.9370E+01   1.8931E-05  0.4690
   9.9370E+01   9.9380E+01   1.6963E-05  0.4832
   9.9380E+01   9.9390E+01   2.1094E-05  0.4581
   9.9390E+01   9.9400E+01   2.1175E-05  0.4479
   9.9400E+01   9.9410E+01   1.9289E-05  0.4252
   9.9410E+01   9.9420E+01   2.0656E-05  0.3973
   9.9420E+01   9.9430E+01   2.0151E-05  0.3544
   9.9430E+01   9.9440E+01   1.3261E-05  0.3595
   9.9440E+01   9.9450E+01   1.9038E-05  0.3809
   9.9450E+01   9.9460E+01   1.3704E-05  0.3573
   9.9460E+01   9.9470E+01   1.2271E-05  0.3236
   9.9470E+01   9.9480E+01   1.4727E-05  0.3917
   9.9480E+01   9.9490E+01   1.2489E-05  0.3685
   9.9490E+01   9.9500E+01   1.1816E-05  0.3512
   9.9500E+01   9.9510E+01   1.4372E-05  0.3672
   9.9510E+01   9.9520E+01   1.3723E-05  0.4036
   9.9520E+01   9.9530E+01   1.0895E-05  0.3839
   9.9530E+01   9.9540E+01   1.0315E-05  0.3664
   9.9540E+01   9.9550E+01   1.2254E-05  0.3419
   9.9550E+01   9.9560E+01   1.2840E-05  0.3737
   9.9560E+01   9.9570E+01   1.2302E-05  0.3514
   9.9570E+01   9.9580E+01   1.0857E-05  0.3770
   9.9580E+01   9.9590E+01   1.1125E-05  0.3398
   9.9590E+01   9.9600E+01   1.4768E-05  0.3792
   9.9600E+01   9.9610E+01   1.1454E-05  0.3740
   9.9610E+01   9.9620E+01   1.2147E-05  0.3698
   9.9620E+01   9.9630E+01   1.1537E-05  0.3997
   9.9630E+01   9.9640E+01   1.1986E-05  0.4465
   9.9640E+01   9.9650E+01   1.2307E-05  0.3934
   9.9650E+01   9.9660E+01   8.7562E-06  0.4455
   9.9660E+01   9.9670E+01   8.2097E-06  0.4190
   9.9670E+01   9.9680E+01   1.0188E-05  0.4470
   9.9680E+01   9.9690E+01   1.8140E-05  0.4574
   9.9690E+01   9.9700E+01   1.6102E-05  0.4117
   9.9700E+01   9.9710E+01   1.2042E-05  0.3917
   9.9710E+01   9.9720E+01   1.3963E-05  0.3948
   9.9720E+01   9.9730E+01   1.2523E-05  0.3607
   9.9730E+01   9.9740E+01   1.4818E-05  0.3486
   9.9740E+01   9.9750E+01   1.2761E-05  0.3788
   9.9750E+01   9.9760E+01   1.1838E-05  0.4383
   9.9760E+01   9.9770E+01   9.5667E-06  0.5098
   9.9770E+01   9.9780E+01   6.0970E-06  0.5728
   9.9780E+01   9.9790E+01   7.2232E-06  0.5930
   9.9790E+01   9.9800E+01   2.6334E-05  0.8134
   9.9800E+01   9.9810E+01   2.1228E-05  0.8510
   9.9810E+01   9.9820E+01   9.7840E-06  0.5467
   9.9820E+01   9.9830E+01   9.7048E-06  0.5196
   9.9830E+01   9.9840E+01   7.4674E-06  0.5941
   9.9840E+01   9.9850E+01   6.7059E-06  0.5534
   9.9850E+01   9.9860E+01   1.9528E-05  0.5485
   9.9860E+01   9.9870E+01   3.7456E-05  0.5849
   9.9870E+01   9.9880E+01   3.3159E-05  0.6933
   9.9880E+01   9.9890E+01   2.9967E-05  0.7774
   9.9890E+01   9.9900E+01   1.9963E-05  0.8466
   9.9900E+01   9.9910E+01   5.4327E-06  0.6073
   9.9910E+01   9.9920E+01   5.1005E-06  0.7115
   9.9920E+01   9.9930E+01   1.0042E-05  0.5580
   9.9930E+01   9.9940E+01   4.8788E-06  0.8570
   9.9940E+01   9.9950E+01   5.3403E-06  0.8117
   9.9950E+01   9.9960E+01   4.6053E-06  0.8268
   9.9960E+01   9.9970E+01   5.7586E-06  0.8712
   9.9970E+01   9.9980E+01   1.5851E-05  0.6882
   9.9980E+01   9.9990E+01   2.0364E-05  0.6798
   9.9990E+01   1.0000E+02   2.3212E-05  0.6749

#   sum over    6.0000E-01   1.3107E-01  0.0009

'no. =  1,  ix =  1,  iy =  1'
msuc: {\huge Bragg peak column 3}
msdr: {\it plotted by \ANGEL \version}
msdl: {\it calculated by \PHITS  3.36}
wt: s(0.7)
\vspace{-3}
  xmin  &=&  -2.5000E-01 [cm]
  xmax  &=&   2.5000E-01 [cm]
  ymin  &=&  -3.1850E-01 [cm]
  ymax  &=&   8.1500E-02 [cm]
e:
 
# Information for Restart Calculation
# This calculation was newly started
# istdev =  2 # 1:Batch variance, 2:History variance
# resc2  = 1.59024962507255369E-01 # Total source weight or Total source weight / maxcas
# resc3  = 9.92555520000000000E+08 # Total history number or Total batch number
# maxcas =      100056 # History / Batch, only used for istdev=1
# bitrseed = 0001101100100100011100101111101010110010001000000000010000110100 # bit data of rseed
