[ T-Deposit ]
    title = Bragg peak column 4
     mesh =  xyz            # mesh type is xyz scoring mesh
   x-type =    2            # x-mesh is linear given by xmin, xmax and nx
     xmin = -0.2500000      # minimum value of x-mesh points
     xmax =  0.2500000      # maximum value of x-mesh points
#    xdel =  0.5000000      # mesh width of x-mesh points
       nx =      1          # number of x-mesh points
#    data = ( x(i), i = 1, nx + 1 )
#          -2.50000E-01  2.50000E-01
   y-type =    2            # y-mesh is linear given by ymin, ymax and ny
     ymin =  -1.118500      # minimum value of y-mesh points
     ymax = -0.7185000      # maximum value of y-mesh points
#    ydel =  0.4000000      # mesh width of y-mesh points
       ny =      1          # number of y-mesh points
#    data = ( y(i), i = 1, ny + 1 )
#          -1.11850E+00 -7.18500E-01
   z-type =    2            # z-mesh is linear given by zmin, zmax and nz
     zmin =   97.00000      # minimum value of z-mesh points
     zmax =   100.0000      # maximum value of z-mesh points
#    zdel =  1.0000000E-02  # mesh width of z-mesh points
       nz =    300          # number of z-mesh points
#    data = ( z(i), i = 1, nz + 1 )
#           9.70000E+01  9.70100E+01  9.70200E+01  9.70300E+01  9.70400E+01
#           9.70500E+01  9.70600E+01  9.70700E+01  9.70800E+01  9.70900E+01
#           9.71000E+01  9.71100E+01  9.71200E+01  9.71300E+01  9.71400E+01
#           9.71500E+01  9.71600E+01  9.71700E+01  9.71800E+01  9.71900E+01
#           9.72000E+01  9.72100E+01  9.72200E+01  9.72300E+01  9.72400E+01
#           9.72500E+01  9.72600E+01  9.72700E+01  9.72800E+01  9.72900E+01
#           9.73000E+01  9.73100E+01  9.73200E+01  9.73300E+01  9.73400E+01
#           9.73500E+01  9.73600E+01  9.73700E+01  9.73800E+01  9.73900E+01
#           9.74000E+01  9.74100E+01  9.74200E+01  9.74300E+01  9.74400E+01
#           9.74500E+01  9.74600E+01  9.74700E+01  9.74800E+01  9.74900E+01
#           9.75000E+01  9.75100E+01  9.75200E+01  9.75300E+01  9.75400E+01
#           9.75500E+01  9.75600E+01  9.75700E+01  9.75800E+01  9.75900E+01
#           9.76000E+01  9.76100E+01  9.76200E+01  9.76300E+01  9.76400E+01
#           9.76500E+01  9.76600E+01  9.76700E+01  9.76800E+01  9.76900E+01
#           9.77000E+01  9.77100E+01  9.77200E+01  9.77300E+01  9.77400E+01
#           9.77500E+01  9.77600E+01  9.77700E+01  9.77800E+01  9.77900E+01
#           9.78000E+01  9.78100E+01  9.78200E+01  9.78300E+01  9.78400E+01
#           9.78500E+01  9.78600E+01  9.78700E+01  9.78800E+01  9.78900E+01
#           9.79000E+01  9.79100E+01  9.79200E+01  9.79300E+01  9.79400E+01
#           9.79500E+01  9.79600E+01  9.79700E+01  9.79800E+01  9.79900E+01
#           9.80000E+01  9.80100E+01  9.80200E+01  9.80300E+01  9.80400E+01
#           9.80500E+01  9.80600E+01  9.80700E+01  9.80800E+01  9.80900E+01
#           9.81000E+01  9.81100E+01  9.81200E+01  9.81300E+01  9.81400E+01
#           9.81500E+01  9.81600E+01  9.81700E+01  9.81800E+01  9.81900E+01
#           9.82000E+01  9.82100E+01  9.82200E+01  9.82300E+01  9.82400E+01
#           9.82500E+01  9.82600E+01  9.82700E+01  9.82800E+01  9.82900E+01
#           9.83000E+01  9.83100E+01  9.83200E+01  9.83300E+01  9.83400E+01
#           9.83500E+01  9.83600E+01  9.83700E+01  9.83800E+01  9.83900E+01
#           9.84000E+01  9.84100E+01  9.84200E+01  9.84300E+01  9.84400E+01
#           9.84500E+01  9.84600E+01  9.84700E+01  9.84800E+01  9.84900E+01
#           9.85000E+01  9.85100E+01  9.85200E+01  9.85300E+01  9.85400E+01
#           9.85500E+01  9.85600E+01  9.85700E+01  9.85800E+01  9.85900E+01
#           9.86000E+01  9.86100E+01  9.86200E+01  9.86300E+01  9.86400E+01
#           9.86500E+01  9.86600E+01  9.86700E+01  9.86800E+01  9.86900E+01
#           9.87000E+01  9.87100E+01  9.87200E+01  9.87300E+01  9.87400E+01
#           9.87500E+01  9.87600E+01  9.87700E+01  9.87800E+01  9.87900E+01
#           9.88000E+01  9.88100E+01  9.88200E+01  9.88300E+01  9.88400E+01
#           9.88500E+01  9.88600E+01  9.88700E+01  9.88800E+01  9.88900E+01
#           9.89000E+01  9.89100E+01  9.89200E+01  9.89300E+01  9.89400E+01
#           9.89500E+01  9.89600E+01  9.89700E+01  9.89800E+01  9.89900E+01
#           9.90000E+01  9.90100E+01  9.90200E+01  9.90300E+01  9.90400E+01
#           9.90500E+01  9.90600E+01  9.90700E+01  9.90800E+01  9.90900E+01
#           9.91000E+01  9.91100E+01  9.91200E+01  9.91300E+01  9.91400E+01
#           9.91500E+01  9.91600E+01  9.91700E+01  9.91800E+01  9.91900E+01
#           9.92000E+01  9.92100E+01  9.92200E+01  9.92300E+01  9.92400E+01
#           9.92500E+01  9.92600E+01  9.92700E+01  9.92800E+01  9.92900E+01
#           9.93000E+01  9.93100E+01  9.93200E+01  9.93300E+01  9.93400E+01
#           9.93500E+01  9.93600E+01  9.93700E+01  9.93800E+01  9.93900E+01
#           9.94000E+01  9.94100E+01  9.94200E+01  9.94300E+01  9.94400E+01
#           9.94500E+01  9.94600E+01  9.94700E+01  9.94800E+01  9.94900E+01
#           9.95000E+01  9.95100E+01  9.95200E+01  9.95300E+01  9.95400E+01
#           9.95500E+01  9.95600E+01  9.95700E+01  9.95800E+01  9.95900E+01
#           9.96000E+01  9.96100E+01  9.96200E+01  9.96300E+01  9.96400E+01
#           9.96500E+01  9.96600E+01  9.96700E+01  9.96800E+01  9.96900E+01
#           9.97000E+01  9.97100E+01  9.97200E+01  9.97300E+01  9.97400E+01
#           9.97500E+01  9.97600E+01  9.97700E+01  9.97800E+01  9.97900E+01
#           9.98000E+01  9.98100E+01  9.98200E+01  9.98300E+01  9.98400E+01
#           9.98500E+01  9.98600E+01  9.98700E+01  9.98800E+01  9.98900E+01
#           9.99000E+01  9.99100E+01  9.99200E+01  9.99300E+01  9.99400E+01
#           9.99500E+01  9.99600E+01  9.99700E+01  9.99800E+01  9.99900E+01
#           1.00000E+02
     unit =    0            # unit is [Gy/source]
   letmat =    0            # (D=0) mat ID for LET, 0:real mat, <0: electron for H2O
  dedxfnc =    0            # (D=0) user defined multiplier, 0(no), 1, 2
 material =  all            # (D=all) number of specific material
   output =  dose           # total deposit energy
  deposit =    0            # (D=0) 0-> total deposit dist, 1-> each process
     axis =     z           # axis of output
     file = ./out/bragg_CR39_col4.out  # file name of output for the above axis
     part =  proton   
# kf/name :  2212     
   epsout =    1            # (D=0) generate eps file by ANGEL
   mother =  all            # (D=all) number of specific mother
#    used :        main (  %)        temp (  %)       total (  %)
#  memory :         308 (  0)           0 (  0)         308 (  0)

#------------------------------------------------------------------------------
#newpage:
#   no. =  1   ix  =  1   iy  =  1
#   x = (  -2.5000E-01  -   2.5000E-01  )
#   y = (  -1.1185E+00  -  -7.1850E-01  )

x: z[cm]
y: Dose [Gy/source]      
p: xlin ylog afac(0.8) form(0.9)
h: n            x            y(proton  ),hh0l n 
#  z-lower      z-upper        proton    r.err 
   9.7000E+01   9.7010E+01   2.3853E-01  0.0022
   9.7010E+01   9.7020E+01   2.3945E-01  0.0022
   9.7020E+01   9.7030E+01   2.3937E-01  0.0022
   9.7030E+01   9.7040E+01   2.3872E-01  0.0022
   9.7040E+01   9.7050E+01   2.3874E-01  0.0022
   9.7050E+01   9.7060E+01   2.3864E-01  0.0022
   9.7060E+01   9.7070E+01   2.3826E-01  0.0022
   9.7070E+01   9.7080E+01   2.3829E-01  0.0022
   9.7080E+01   9.7090E+01   2.3758E-01  0.0022
   9.7090E+01   9.7100E+01   2.3827E-01  0.0022
   9.7100E+01   9.7110E+01   2.3793E-01  0.0022
   9.7110E+01   9.7120E+01   2.3804E-01  0.0022
   9.7120E+01   9.7130E+01   2.3863E-01  0.0022
   9.7130E+01   9.7140E+01   2.3866E-01  0.0022
   9.7140E+01   9.7150E+01   2.3716E-01  0.0022
   9.7150E+01   9.7160E+01   2.3851E-01  0.0022
   9.7160E+01   9.7170E+01   2.3795E-01  0.0022
   9.7170E+01   9.7180E+01   2.3758E-01  0.0022
   9.7180E+01   9.7190E+01   2.3826E-01  0.0022
   9.7190E+01   9.7200E+01   2.3819E-01  0.0022
   9.7200E+01   9.7210E+01   2.3704E-01  0.0022
   9.7210E+01   9.7220E+01   2.3811E-01  0.0022
   9.7220E+01   9.7230E+01   2.3784E-01  0.0022
   9.7230E+01   9.7240E+01   2.3858E-01  0.0022
   9.7240E+01   9.7250E+01   2.3804E-01  0.0022
   9.7250E+01   9.7260E+01   2.3790E-01  0.0022
   9.7260E+01   9.7270E+01   2.3769E-01  0.0022
   9.7270E+01   9.7280E+01   2.3813E-01  0.0022
   9.7280E+01   9.7290E+01   2.3701E-01  0.0022
   9.7290E+01   9.7300E+01   2.3661E-01  0.0022
   9.7300E+01   9.7310E+01   2.3764E-01  0.0022
   9.7310E+01   9.7320E+01   2.3735E-01  0.0022
   9.7320E+01   9.7330E+01   2.3697E-01  0.0022
   9.7330E+01   9.7340E+01   2.3625E-01  0.0022
   9.7340E+01   9.7350E+01   2.3717E-01  0.0022
   9.7350E+01   9.7360E+01   2.3725E-01  0.0022
   9.7360E+01   9.7370E+01   2.3681E-01  0.0022
   9.7370E+01   9.7380E+01   2.3681E-01  0.0022
   9.7380E+01   9.7390E+01   2.3688E-01  0.0022
   9.7390E+01   9.7400E+01   2.3753E-01  0.0022
   9.7400E+01   9.7410E+01   2.3683E-01  0.0022
   9.7410E+01   9.7420E+01   2.3714E-01  0.0022
   9.7420E+01   9.7430E+01   2.3675E-01  0.0022
   9.7430E+01   9.7440E+01   2.3668E-01  0.0022
   9.7440E+01   9.7450E+01   2.3646E-01  0.0022
   9.7450E+01   9.7460E+01   2.3659E-01  0.0022
   9.7460E+01   9.7470E+01   2.3614E-01  0.0022
   9.7470E+01   9.7480E+01   2.3729E-01  0.0022
   9.7480E+01   9.7490E+01   2.3626E-01  0.0022
   9.7490E+01   9.7500E+01   2.3644E-01  0.0022
   9.7500E+01   9.7510E+01   2.3643E-01  0.0022
   9.7510E+01   9.7520E+01   2.3748E-01  0.0022
   9.7520E+01   9.7530E+01   2.3712E-01  0.0022
   9.7530E+01   9.7540E+01   2.3614E-01  0.0022
   9.7540E+01   9.7550E+01   2.3618E-01  0.0022
   9.7550E+01   9.7560E+01   2.3588E-01  0.0022
   9.7560E+01   9.7570E+01   2.3636E-01  0.0022
   9.7570E+01   9.7580E+01   2.3651E-01  0.0022
   9.7580E+01   9.7590E+01   2.3521E-01  0.0022
   9.7590E+01   9.7600E+01   2.3563E-01  0.0022
   9.7600E+01   9.7610E+01   2.3594E-01  0.0022
   9.7610E+01   9.7620E+01   2.3563E-01  0.0022
   9.7620E+01   9.7630E+01   2.3504E-01  0.0022
   9.7630E+01   9.7640E+01   2.3575E-01  0.0022
   9.7640E+01   9.7650E+01   2.3563E-01  0.0022
   9.7650E+01   9.7660E+01   2.3651E-01  0.0022
   9.7660E+01   9.7670E+01   2.3613E-01  0.0022
   9.7670E+01   9.7680E+01   2.3508E-01  0.0022
   9.7680E+01   9.7690E+01   2.3605E-01  0.0022
   9.7690E+01   9.7700E+01   2.3490E-01  0.0022
   9.7700E+01   9.7710E+01   2.3574E-01  0.0022
   9.7710E+01   9.7720E+01   2.3545E-01  0.0022
   9.7720E+01   9.7730E+01   2.3529E-01  0.0022
   9.7730E+01   9.7740E+01   2.3612E-01  0.0022
   9.7740E+01   9.7750E+01   2.3499E-01  0.0022
   9.7750E+01   9.7760E+01   2.3627E-01  0.0022
   9.7760E+01   9.7770E+01   2.3572E-01  0.0022
   9.7770E+01   9.7780E+01   2.3495E-01  0.0022
   9.7780E+01   9.7790E+01   2.3524E-01  0.0022
   9.7790E+01   9.7800E+01   2.3457E-01  0.0022
   9.7800E+01   9.7810E+01   2.3467E-01  0.0022
   9.7810E+01   9.7820E+01   2.3515E-01  0.0022
   9.7820E+01   9.7830E+01   2.3470E-01  0.0022
   9.7830E+01   9.7840E+01   2.3508E-01  0.0022
   9.7840E+01   9.7850E+01   2.3527E-01  0.0022
   9.7850E+01   9.7860E+01   2.3476E-01  0.0022
   9.7860E+01   9.7870E+01   2.3499E-01  0.0022
   9.7870E+01   9.7880E+01   2.3401E-01  0.0022
   9.7880E+01   9.7890E+01   2.3423E-01  0.0022
   9.7890E+01   9.7900E+01   2.3460E-01  0.0022
   9.7900E+01   9.7910E+01   2.3471E-01  0.0022
   9.7910E+01   9.7920E+01   2.3436E-01  0.0022
   9.7920E+01   9.7930E+01   2.3520E-01  0.0022
   9.7930E+01   9.7940E+01   2.3482E-01  0.0022
   9.7940E+01   9.7950E+01   2.3433E-01  0.0022
   9.7950E+01   9.7960E+01   2.3417E-01  0.0022
   9.7960E+01   9.7970E+01   2.3440E-01  0.0022
   9.7970E+01   9.7980E+01   2.3450E-01  0.0022
   9.7980E+01   9.7990E+01   2.3389E-01  0.0022
   9.7990E+01   9.8000E+01   2.3405E-01  0.0022
   9.8000E+01   9.8010E+01   2.3418E-01  0.0022
   9.8010E+01   9.8020E+01   2.3489E-01  0.0022
   9.8020E+01   9.8030E+01   2.3533E-01  0.0022
   9.8030E+01   9.8040E+01   2.3446E-01  0.0022
   9.8040E+01   9.8050E+01   2.3324E-01  0.0022
   9.8050E+01   9.8060E+01   2.3489E-01  0.0022
   9.8060E+01   9.8070E+01   2.3330E-01  0.0022
   9.8070E+01   9.8080E+01   2.3356E-01  0.0022
   9.8080E+01   9.8090E+01   2.3382E-01  0.0022
   9.8090E+01   9.8100E+01   2.3432E-01  0.0022
   9.8100E+01   9.8110E+01   2.3426E-01  0.0022
   9.8110E+01   9.8120E+01   2.3322E-01  0.0022
   9.8120E+01   9.8130E+01   2.3315E-01  0.0022
   9.8130E+01   9.8140E+01   2.3430E-01  0.0022
   9.8140E+01   9.8150E+01   2.3365E-01  0.0022
   9.8150E+01   9.8160E+01   2.3476E-01  0.0022
   9.8160E+01   9.8170E+01   2.3377E-01  0.0022
   9.8170E+01   9.8180E+01   2.3443E-01  0.0022
   9.8180E+01   9.8190E+01   2.3338E-01  0.0022
   9.8190E+01   9.8200E+01   2.3372E-01  0.0022
   9.8200E+01   9.8210E+01   2.3339E-01  0.0022
   9.8210E+01   9.8220E+01   2.3291E-01  0.0022
   9.8220E+01   9.8230E+01   2.3319E-01  0.0022
   9.8230E+01   9.8240E+01   2.3372E-01  0.0022
   9.8240E+01   9.8250E+01   2.3247E-01  0.0022
   9.8250E+01   9.8260E+01   2.3332E-01  0.0022
   9.8260E+01   9.8270E+01   2.3306E-01  0.0022
   9.8270E+01   9.8280E+01   2.3343E-01  0.0022
   9.8280E+01   9.8290E+01   2.3392E-01  0.0022
   9.8290E+01   9.8300E+01   2.3313E-01  0.0022
   9.8300E+01   9.8310E+01   2.3376E-01  0.0022
   9.8310E+01   9.8320E+01   2.3275E-01  0.0022
   9.8320E+01   9.8330E+01   2.3295E-01  0.0022
   9.8330E+01   9.8340E+01   2.7388E-01  0.0009
   9.8340E+01   9.8350E+01   2.8287E-01  0.0009
   9.8350E+01   9.8360E+01   2.9333E-01  0.0009
   9.8360E+01   9.8370E+01   3.0579E-01  0.0009
   9.8370E+01   9.8380E+01   3.2096E-01  0.0009
   9.8380E+01   9.8390E+01   3.4203E-01  0.0009
   9.8390E+01   9.8400E+01   3.6988E-01  0.0010
   9.8400E+01   9.8410E+01   3.5378E-01  0.0010
   9.8410E+01   9.8420E+01   3.6668E-01  0.0010
   9.8420E+01   9.8430E+01   3.6493E-01  0.0010
   9.8430E+01   9.8440E+01   3.6478E-01  0.0010
   9.8440E+01   9.8450E+01   3.7866E-01  0.0010
   9.8450E+01   9.8460E+01   3.5371E-01  0.0010
   9.8460E+01   9.8470E+01   3.7723E-01  0.0011
   9.8470E+01   9.8480E+01   3.5064E-01  0.0010
   9.8480E+01   9.8490E+01   3.6931E-01  0.0011
   9.8490E+01   9.8500E+01   3.5690E-01  0.0011
   9.8500E+01   9.8510E+01   3.6326E-01  0.0011
   9.8510E+01   9.8520E+01   3.7786E-01  0.0011
   9.8520E+01   9.8530E+01   3.4624E-01  0.0012
   9.8530E+01   9.8540E+01   3.8193E-01  0.0012
   9.8540E+01   9.8550E+01   3.3251E-01  0.0013
   9.8550E+01   9.8560E+01   3.8107E-01  0.0013
   9.8560E+01   9.8570E+01   3.0355E-01  0.0014
   9.8570E+01   9.8580E+01   3.5577E-01  0.0016
   9.8580E+01   9.8590E+01   1.1769E-01  0.0024
   9.8590E+01   9.8600E+01   9.6419E-04  0.0204
   9.8600E+01   9.8610E+01   0.0000E+00  0.0000
   9.8610E+01   9.8620E+01   0.0000E+00  0.0000
   9.8620E+01   9.8630E+01   0.0000E+00  0.0000
   9.8630E+01   9.8640E+01   0.0000E+00  0.0000
   9.8640E+01   9.8650E+01   0.0000E+00  0.0000
   9.8650E+01   9.8660E+01   0.0000E+00  0.0000
   9.8660E+01   9.8670E+01   0.0000E+00  0.0000
   9.8670E+01   9.8680E+01   0.0000E+00  0.0000
   9.8680E+01   9.8690E+01   0.0000E+00  0.0000
   9.8690E+01   9.8700E+01   0.0000E+00  0.0000
   9.8700E+01   9.8710E+01   0.0000E+00  0.0000
   9.8710E+01   9.8720E+01   0.0000E+00  0.0000
   9.8720E+01   9.8730E+01   0.0000E+00  0.0000
   9.8730E+01   9.8740E+01   0.0000E+00  0.0000
   9.8740E+01   9.8750E+01   0.0000E+00  0.0000
   9.8750E+01   9.8760E+01   0.0000E+00  0.0000
   9.8760E+01   9.8770E+01   0.0000E+00  0.0000
   9.8770E+01   9.8780E+01   0.0000E+00  0.0000
   9.8780E+01   9.8790E+01   0.0000E+00  0.0000
   9.8790E+01   9.8800E+01   0.0000E+00  0.0000
   9.8800E+01   9.8810E+01   0.0000E+00  0.0000
   9.8810E+01   9.8820E+01   0.0000E+00  0.0000
   9.8820E+01   9.8830E+01   0.0000E+00  0.0000
   9.8830E+01   9.8840E+01   0.0000E+00  0.0000
   9.8840E+01   9.8850E+01   0.0000E+00  0.0000
   9.8850E+01   9.8860E+01   0.0000E+00  0.0000
   9.8860E+01   9.8870E+01   0.0000E+00  0.0000
   9.8870E+01   9.8880E+01   0.0000E+00  0.0000
   9.8880E+01   9.8890E+01   0.0000E+00  0.0000
   9.8890E+01   9.8900E+01   0.0000E+00  0.0000
   9.8900E+01   9.8910E+01   0.0000E+00  0.0000
   9.8910E+01   9.8920E+01   0.0000E+00  0.0000
   9.8920E+01   9.8930E+01   0.0000E+00  0.0000
   9.8930E+01   9.8940E+01   0.0000E+00  0.0000
   9.8940E+01   9.8950E+01   0.0000E+00  0.0000
   9.8950E+01   9.8960E+01   0.0000E+00  0.0000
   9.8960E+01   9.8970E+01   0.0000E+00  0.0000
   9.8970E+01   9.8980E+01   0.0000E+00  0.0000
   9.8980E+01   9.8990E+01   0.0000E+00  0.0000
   9.8990E+01   9.9000E+01   0.0000E+00  0.0000
   9.9000E+01   9.9010E+01   0.0000E+00  0.0000
   9.9010E+01   9.9020E+01   0.0000E+00  0.0000
   9.9020E+01   9.9030E+01   0.0000E+00  0.0000
   9.9030E+01   9.9040E+01   0.0000E+00  0.0000
   9.9040E+01   9.9050E+01   0.0000E+00  0.0000
   9.9050E+01   9.9060E+01   0.0000E+00  0.0000
   9.9060E+01   9.9070E+01   0.0000E+00  0.0000
   9.9070E+01   9.9080E+01   0.0000E+00  0.0000
   9.9080E+01   9.9090E+01   0.0000E+00  0.0000
   9.9090E+01   9.9100E+01   0.0000E+00  0.0000
   9.9100E+01   9.9110E+01   4.4210E-07  1.0000
   9.9110E+01   9.9120E+01   8.5835E-07  1.0000
   9.9120E+01   9.9130E+01   5.6674E-07  1.0000
   9.9130E+01   9.9140E+01   4.4050E-07  1.0000
   9.9140E+01   9.9150E+01   9.6619E-07  0.7211
   9.9150E+01   9.9160E+01   1.0635E-06  0.7493
   9.9160E+01   9.9170E+01   8.0254E-07  0.7259
   9.9170E+01   9.9180E+01   1.9221E-06  0.6893
   9.9180E+01   9.9190E+01   1.7227E-06  0.5813
   9.9190E+01   9.9200E+01   5.7562E-06  0.4426
   9.9200E+01   9.9210E+01   5.5735E-06  0.4116
   9.9210E+01   9.9220E+01   6.3910E-06  0.4592
   9.9220E+01   9.9230E+01   4.7822E-06  0.4403
   9.9230E+01   9.9240E+01   6.9275E-06  0.5392
   9.9240E+01   9.9250E+01   5.7014E-06  0.4869
   9.9250E+01   9.9260E+01   9.4032E-06  0.4414
   9.9260E+01   9.9270E+01   9.3077E-06  0.3662
   9.9270E+01   9.9280E+01   1.3820E-05  0.3915
   9.9280E+01   9.9290E+01   8.9970E-06  0.3933
   9.9290E+01   9.9300E+01   9.0457E-06  0.3735
   9.9300E+01   9.9310E+01   8.4102E-06  0.3758
   9.9310E+01   9.9320E+01   1.2179E-05  0.4586
   9.9320E+01   9.9330E+01   1.0731E-05  0.3983
   9.9330E+01   9.9340E+01   1.2053E-05  0.4294
   9.9340E+01   9.9350E+01   1.4176E-05  0.4768
   9.9350E+01   9.9360E+01   1.0272E-05  0.4106
   9.9360E+01   9.9370E+01   1.9030E-05  0.4660
   9.9370E+01   9.9380E+01   1.4463E-05  0.4377
   9.9380E+01   9.9390E+01   9.5966E-06  0.5283
   9.9390E+01   9.9400E+01   6.8393E-06  0.4771
   9.9400E+01   9.9410E+01   1.1709E-05  0.4745
   9.9410E+01   9.9420E+01   9.2924E-06  0.4260
   9.9420E+01   9.9430E+01   1.6496E-05  0.4536
   9.9430E+01   9.9440E+01   8.3396E-06  0.5202
   9.9440E+01   9.9450E+01   7.0906E-06  0.4882
   9.9450E+01   9.9460E+01   7.1394E-06  0.4370
   9.9460E+01   9.9470E+01   3.7446E-06  0.4276
   9.9470E+01   9.9480E+01   5.7851E-06  0.4368
   9.9480E+01   9.9490E+01   6.8165E-06  0.3617
   9.9490E+01   9.9500E+01   1.2728E-05  0.5158
   9.9500E+01   9.9510E+01   7.0442E-06  0.5909
   9.9510E+01   9.9520E+01   7.3083E-06  0.5344
   9.9520E+01   9.9530E+01   8.5175E-06  0.5061
   9.9530E+01   9.9540E+01   1.3791E-05  0.4996
   9.9540E+01   9.9550E+01   7.9784E-06  0.4340
   9.9550E+01   9.9560E+01   6.9675E-06  0.4018
   9.9560E+01   9.9570E+01   6.0819E-06  0.3844
   9.9570E+01   9.9580E+01   7.5722E-06  0.4181
   9.9580E+01   9.9590E+01   6.7582E-06  0.4229
   9.9590E+01   9.9600E+01   1.4404E-05  0.5630
   9.9600E+01   9.9610E+01   1.2927E-05  0.7799
   9.9610E+01   9.9620E+01   3.7433E-06  0.5704
   9.9620E+01   9.9630E+01   4.2273E-06  0.4723
   9.9630E+01   9.9640E+01   5.5059E-06  0.4597
   9.9640E+01   9.9650E+01   6.1418E-06  0.4400
   9.9650E+01   9.9660E+01   8.9744E-06  0.4522
   9.9660E+01   9.9670E+01   4.7751E-06  0.4653
   9.9670E+01   9.9680E+01   8.3820E-06  0.4783
   9.9680E+01   9.9690E+01   7.3613E-06  0.5246
   9.9690E+01   9.9700E+01   4.9317E-06  0.4343
   9.9700E+01   9.9710E+01   5.0755E-06  0.4404
   9.9710E+01   9.9720E+01   1.1923E-05  0.6374
   9.9720E+01   9.9730E+01   5.3516E-06  0.4507
   9.9730E+01   9.9740E+01   8.1003E-06  0.4974
   9.9740E+01   9.9750E+01   8.7866E-06  0.4244
   9.9750E+01   9.9760E+01   9.6519E-06  0.4493
   9.9760E+01   9.9770E+01   6.7092E-06  0.3890
   9.9770E+01   9.9780E+01   9.4990E-06  0.4123
   9.9780E+01   9.9790E+01   9.9488E-06  0.3931
   9.9790E+01   9.9800E+01   7.4825E-06  0.4415
   9.9800E+01   9.9810E+01   5.8817E-06  0.5162
   9.9810E+01   9.9820E+01   9.0839E-06  0.4212
   9.9820E+01   9.9830E+01   2.3969E-05  0.7672
   9.9830E+01   9.9840E+01   1.7829E-05  0.5021
   9.9840E+01   9.9850E+01   3.2822E-05  0.7437
   9.9850E+01   9.9860E+01   3.9555E-05  0.6972
   9.9860E+01   9.9870E+01   1.4596E-05  0.3712
   9.9870E+01   9.9880E+01   9.4257E-06  0.3986
   9.9880E+01   9.9890E+01   7.4749E-06  0.4101
   9.9890E+01   9.9900E+01   8.4545E-06  0.4800
   9.9900E+01   9.9910E+01   7.3161E-06  0.4278
   9.9910E+01   9.9920E+01   1.0796E-05  0.4422
   9.9920E+01   9.9930E+01   7.4680E-06  0.5610
   9.9930E+01   9.9940E+01   4.5378E-06  0.4263
   9.9940E+01   9.9950E+01   7.8803E-06  0.5191
   9.9950E+01   9.9960E+01   1.0487E-05  0.5990
   9.9960E+01   9.9970E+01   9.0804E-06  0.5753
   9.9970E+01   9.9980E+01   1.2398E-05  0.5295
   9.9980E+01   9.9990E+01   4.4449E-06  0.4847
   9.9990E+01   1.0000E+02   2.6445E-06  0.5175

#   sum over    6.0000E-01   1.3382E-01  0.0009

'no. =  1,  ix =  1,  iy =  1'
msuc: {\huge Bragg peak column 4}
msdr: {\it plotted by \ANGEL \version}
msdl: {\it calculated by \PHITS  3.36}
wt: s(0.7)
\vspace{-3}
  xmin  &=&  -2.5000E-01 [cm]
  xmax  &=&   2.5000E-01 [cm]
  ymin  &=&  -1.1185E+00 [cm]
  ymax  &=&  -7.1850E-01 [cm]
e:
 
# Information for Restart Calculation
# This calculation was newly started
# istdev =  2 # 1:Batch variance, 2:History variance
# resc2  = 1.59024962507255369E-01 # Total source weight or Total source weight / maxcas
# resc3  = 9.92555520000000000E+08 # Total history number or Total batch number
# maxcas =      100056 # History / Batch, only used for istdev=1
# bitrseed = 0001101100100100011100101111101010110010001000000000010000110100 # bit data of rseed
