[ T-Cross ]
    title = Proton current through CR39 interfaces
     mesh =  reg            # mesh type is region-wise
      reg =   24            # number of crossing regions
      non     r-from     r-to        area
      1       600        7011        1.000000    
      2       7011       7012        1.000000    
      3       7012       7013        1.000000    
      4       7013       7014        1.000000    
      5       7014       7015        1.000000    
      6       7015       7016        1.000000    
      7       7016       7017        1.000000    
      8       7017       7018        1.000000    
      9       7018       6003        1.000000    
     10       600        7021        1.000000    
     11       7021       7022        1.000000    
     12       7022       7023        1.000000    
     13       7023       7024        1.000000    
     14       7024       7025        1.000000    
     15       7025       7026        1.000000    
     16       7026       6003        1.000000    
     17       600        7031        1.000000    
     18       7031       7032        1.000000    
     19       7032       7033        1.000000    
     20       7033       7034        1.000000    
     21       7034       6003        1.000000    
     22       600        7041        1.000000    
     23       7041       7042        1.000000    
     24       7042       6003        1.000000    
  eng2let =    0            # (D=0) Flag to convert energy to LET, 0: not convert, 1: convert
     unit =    1            # unit is [1/cm^2/source]
     axis =  reg            # axis of output
     file = ./out/corriente_CR39.out  # file name of output for the above axis
   output = of-curr         # surface crossing omni forward current
     part =  proton   
# kf/name :  2212     
   epsout =    1            # (D=0) generate eps file by ANGEL
#    used :        main (  %)        temp (  %)       total (  %)
#  memory :          79 (  0)           0 (  0)          79 (  0)

#------------------------------------------------------------------------------
#newpage:
#   no. =  1

x: Serial Num. of Region
y: OF-Curr [1/cm^2/source]                 
p: xlin ylog afac(0.8) form(0.9)
h: x       n            y(proton  ),l3 n   
#  num     area         proton  
     1     1.0000E+00   9.4568E+07  0.0006
     2     1.0000E+00   9.0159E+07  0.0006
     3     1.0000E+00   8.4962E+07  0.0006
     4     1.0000E+00   7.8165E+07  0.0007
     5     1.0000E+00   7.0100E+07  0.0007
     6     1.0000E+00   5.9742E+07  0.0008
     7     1.0000E+00   4.6988E+07  0.0009
     8     1.0000E+00   3.0283E+07  0.0011
     9     1.0000E+00   1.1642E+05  0.0176
    10     1.0000E+00   8.3818E+07  0.0007
    11     1.0000E+00   7.7058E+07  0.0007
    12     1.0000E+00   6.9920E+07  0.0007
    13     1.0000E+00   6.1117E+07  0.0008
    14     1.0000E+00   4.8579E+07  0.0009
    15     1.0000E+00   3.1501E+07  0.0011
    16     1.0000E+00   1.1275E+06  0.0056
    17     1.0000E+00   6.9698E+07  0.0007
    18     1.0000E+00   6.2169E+07  0.0008
    19     1.0000E+00   5.1474E+07  0.0008
    20     1.0000E+00   3.5465E+07  0.0010
    21     1.0000E+00   5.4837E+06  0.0026
    22     1.0000E+00   5.4870E+07  0.0008
    23     1.0000E+00   4.1550E+07  0.0009
    24     1.0000E+00   1.5317E+07  0.0015

#   sum    5.2676E+07   3.7910E-04

'no. =  1'
msuc: {\huge Proton current through CR39 interfaces}
msdr: {\it plotted by \ANGEL \version}
msdl: {\it calculated by \PHITS  3.36}
wt: s(0.7)
\vspace{-3}
  region surface crossing
e:
 
# Information for Restart Calculation
# This calculation was newly started
# istdev =  2 # 1:Batch variance, 2:History variance
# resc2  = 2.78293684441227665E-02 # Total source weight or Total source weight / maxcas
# resc3  = 1.73697216000000000E+08 # Total history number or Total batch number
# maxcas =      100056 # History / Batch, only used for istdev=1
# bitrseed = 0100010101011110001111101011111000111011001000110011001101011100 # bit data of rseed
