[ T-Deposit ]
    title = Dosis en cada region CR39
     mesh =  reg            # mesh type is region-wise
      reg = { 7011 - 7018 } { 7021 - 7026 } { 7031 - 7034 } 7041 7042
   volume                   # combined, lattice or level structure 
   non     reg      vol     # reg definition
    1     7011   1.0000E+00 # 7011
    2     7012   1.0000E+00 # 7012
    3     7013   1.0000E+00 # 7013
    4     7014   1.0000E+00 # 7014
    5     7015   1.0000E+00 # 7015
    6     7016   1.0000E+00 # 7016
    7     7017   1.0000E+00 # 7017
    8     7018   1.0000E+00 # 7018
    9     7021   1.0000E+00 # 7021
   10     7022   1.0000E+00 # 7022
   11     7023   1.0000E+00 # 7023
   12     7024   1.0000E+00 # 7024
   13     7025   1.0000E+00 # 7025
   14     7026   1.0000E+00 # 7026
   15     7031   1.0000E+00 # 7031
   16     7032   1.0000E+00 # 7032
   17     7033   1.0000E+00 # 7033
   18     7034   1.0000E+00 # 7034
   19     7041   1.0000E+00 # 7041
   20     7042   1.0000E+00 # 7042
     unit =    1            # unit is [MeV/cm^3/source]
   letmat =    0            # (D=0) mat ID for LET, 0:real mat, <0: electron for H2O
  dedxfnc =    0            # (D=0) user defined multiplier, 0(no), 1, 2
 material =  all            # (D=all) number of specific material
   output =  dose           # total deposit energy
  deposit =    0            # (D=0) 0-> total deposit dist, 1-> each process
     axis =   reg           # axis of output
     file = ./out/dosis_CR39_por_bloque.out  # file name of output for the above axis
     part =  proton   
# kf/name :  2212     
   epsout =    1            # (D=0) generate eps file by ANGEL
   mother =  all            # (D=all) number of specific mother
#    used :        main (  %)        temp (  %)       total (  %)
#  memory :          23 (  0)           0 (  0)          23 (  0)

#------------------------------------------------------------------------------
#newpage:
#   no. =  1

x: Serial Num. of Region
y: Dose [MeV/cm^3/source]
p: xlin ylog afac(0.8) form(0.9)
h:   x      n     n          y(proton  ),l3 n   
#  num    reg     volume       proton    r.err 
    1    7011   1.0000E+00   1.3268E+08  0.0003
    2    7012   1.0000E+00   1.3559E+08  0.0003
    3    7013   1.0000E+00   1.3838E+08  0.0003
    4    7014   1.0000E+00   1.3821E+08  0.0003
    5    7015   1.0000E+00   1.3932E+08  0.0003
    6    7016   1.0000E+00   1.3735E+08  0.0003
    7    7017   1.0000E+00   1.3170E+08  0.0004
    8    7018   1.0000E+00   8.5229E+07  0.0005
    9    7021   1.0000E+00   1.3575E+08  0.0003
   10    7022   1.0000E+00   1.3483E+08  0.0003
   11    7023   1.0000E+00   1.3613E+08  0.0003
   12    7024   1.0000E+00   1.3590E+08  0.0003
   13    7025   1.0000E+00   1.3091E+08  0.0004
   14    7026   1.0000E+00   1.0002E+08  0.0005
   15    7031   1.0000E+00   1.3325E+08  0.0003
   16    7032   1.0000E+00   1.3462E+08  0.0003
   17    7033   1.0000E+00   1.3240E+08  0.0004
   18    7034   1.0000E+00   1.1429E+08  0.0004
   19    7041   1.0000E+00   1.3586E+08  0.0004
   20    7042   1.0000E+00   1.2822E+08  0.0004

#   sum over    2.0000E+01   1.2953E+08  0.0002

'no. =  1'
msuc: {\huge Dosis en cada region CR39}
msdr: {\it plotted by \ANGEL \version}
msdl: {\it calculated by \PHITS  3.36}
 
# Information for Restart Calculation
# This calculation was newly started
# istdev =  2 # 1:Batch variance, 2:History variance
# resc2  = 1.59024962507255369E-01 # Total source weight or Total source weight / maxcas
# resc3  = 9.92555520000000000E+08 # Total history number or Total batch number
# maxcas =      100056 # History / Batch, only used for istdev=1
# bitrseed = 0001101100100100011100101111101010110010001000000000010000110100 # bit data of rseed
