[ T-Cross ]
    title = Proton energy spectra through CR39 interfaces
     mesh =  reg            # mesh type is region-wise
      reg =    1            # number of crossing regions
      non     r-from  r-to       area
      1       2       600        1.000000    
   e-type =    2            # e-mesh is linear given by emin, emax and ne
     emin =  1.0000000E-03  # minimum value of e-mesh points
     emax =   25.00000      # maximum value of e-mesh points
#    edel =  0.2499900      # mesh width of e-mesh points
       ne =    100          # number of e-mesh points
#    data = ( e(i), i = 1, ne + 1 )
#           1.00000E-03  2.50990E-01  5.00980E-01  7.50970E-01  1.00096E+00
#           1.25095E+00  1.50094E+00  1.75093E+00  2.00092E+00  2.25091E+00
#           2.50090E+00  2.75089E+00  3.00088E+00  3.25087E+00  3.50086E+00
#           3.75085E+00  4.00084E+00  4.25083E+00  4.50082E+00  4.75081E+00
#           5.00080E+00  5.25079E+00  5.50078E+00  5.75077E+00  6.00076E+00
#           6.25075E+00  6.50074E+00  6.75073E+00  7.00072E+00  7.25071E+00
#           7.50070E+00  7.75069E+00  8.00068E+00  8.25067E+00  8.50066E+00
#           8.75065E+00  9.00064E+00  9.25063E+00  9.50062E+00  9.75061E+00
#           1.00006E+01  1.02506E+01  1.05006E+01  1.07506E+01  1.10006E+01
#           1.12505E+01  1.15005E+01  1.17505E+01  1.20005E+01  1.22505E+01
#           1.25005E+01  1.27505E+01  1.30005E+01  1.32505E+01  1.35005E+01
#           1.37504E+01  1.40004E+01  1.42504E+01  1.45004E+01  1.47504E+01
#           1.50004E+01  1.52504E+01  1.55004E+01  1.57504E+01  1.60004E+01
#           1.62504E+01  1.65003E+01  1.67503E+01  1.70003E+01  1.72503E+01
#           1.75003E+01  1.77503E+01  1.80003E+01  1.82503E+01  1.85003E+01
#           1.87503E+01  1.90002E+01  1.92502E+01  1.95002E+01  1.97502E+01
#           2.00002E+01  2.02502E+01  2.05002E+01  2.07502E+01  2.10002E+01
#           2.12502E+01  2.15001E+01  2.17501E+01  2.20001E+01  2.22501E+01
#           2.25001E+01  2.27501E+01  2.30001E+01  2.32501E+01  2.35001E+01
#           2.37501E+01  2.40000E+01  2.42500E+01  2.45000E+01  2.47500E+01
#           2.50000E+01
  eng2let =    0            # (D=0) Flag to convert energy to LET, 0: not convert, 1: convert
     unit =    2            # unit is [1/cm^2/(MeV/n)/source]
     axis =  eng            # axis of output
     file = ./out/espectro_airegel.out  # file name of output for the above axis
   output = f-curr          # surface crossing forward current spectrum
     part =  proton   
# kf/name :  2212     
   epsout =    1            # (D=0) generate eps file by ANGEL
#    used :        main (  %)        temp (  %)       total (  %)
#  memory :         109 (  0)           0 (  0)         109 (  0)

#------------------------------------------------------------------------------
#newpage:
#   no. =    1   reg = 2 - 600

x: Energy [MeV/n]
y:  F-Curr [1/cm^2/(MeV/n)/source]         
p: xlin ylog afac(0.8) form(0.9)
h: n            x            y(proton  ),hh0l n 
#  e-lower      e-upper        proton    r.err 
   1.0000E-03   2.5099E-01   6.7557E+03  0.1459
   2.5099E-01   5.0098E-01   6.3245E+03  0.1508
   5.0098E-01   7.5097E-01   1.1499E+04  0.1118
   7.5097E-01   1.0010E+00   1.3511E+04  0.1031
   1.0010E+00   1.2509E+00   1.5380E+04  0.0967
   1.2509E+00   1.5009E+00   2.0986E+04  0.0828
   1.5009E+00   1.7509E+00   2.2567E+04  0.0798
   1.7509E+00   2.0009E+00   2.4436E+04  0.0767
   2.0009E+00   2.2509E+00   2.6448E+04  0.0737
   2.2509E+00   2.5009E+00   2.5729E+04  0.0747
   2.5009E+00   2.7509E+00   3.0904E+04  0.0682
   2.7509E+00   3.0009E+00   3.2916E+04  0.0661
   3.0009E+00   3.2509E+00   3.4210E+04  0.0648
   3.2509E+00   3.5009E+00   3.5503E+04  0.0636
   3.5009E+00   3.7508E+00   3.9384E+04  0.0606
   3.7508E+00   4.0008E+00   3.6222E+04  0.0630
   4.0008E+00   4.2508E+00   4.2978E+04  0.0578
   4.2508E+00   4.5008E+00   4.5421E+04  0.0563
   4.5008E+00   4.7508E+00   5.0452E+04  0.0534
   4.7508E+00   5.0008E+00   8.4806E+04  0.0412
   5.0008E+00   5.2508E+00   1.6573E+05  0.0294
   5.2508E+00   5.5008E+00   3.4282E+05  0.0205
   5.5008E+00   5.7508E+00   5.5699E+05  0.0161
   5.7508E+00   6.0008E+00   6.8060E+05  0.0145
   6.0008E+00   6.2508E+00   6.0658E+05  0.0154
   6.2508E+00   6.5007E+00   5.6849E+05  0.0159
   6.5007E+00   6.7507E+00   1.3023E+06  0.0105
   6.7507E+00   7.0007E+00   5.6320E+06  0.0051
   7.0007E+00   7.2507E+00   1.7671E+07  0.0029
   7.2507E+00   7.5007E+00   3.0818E+07  0.0022
   7.5007E+00   7.7507E+00   2.6433E+07  0.0023
   7.7507E+00   8.0007E+00   1.0923E+07  0.0036
   8.0007E+00   8.2507E+00   5.0112E+06  0.0054
   8.2507E+00   8.5007E+00   1.4766E+07  0.0031
   8.5007E+00   8.7506E+00   3.3542E+07  0.0021
   8.7506E+00   9.0006E+00   3.3444E+07  0.0021
   9.0006E+00   9.2506E+00   1.3470E+07  0.0033
   9.2506E+00   9.5006E+00   7.8157E+06  0.0043
   9.5006E+00   9.7506E+00   2.7899E+07  0.0023
   9.7506E+00   1.0001E+01   5.2909E+07  0.0016
   1.0001E+01   1.0251E+01   3.5139E+07  0.0020
   1.0251E+01   1.0501E+01   9.9278E+06  0.0038
   1.0501E+01   1.0751E+01   2.1314E+07  0.0026
   1.0751E+01   1.1001E+01   5.6723E+07  0.0016
   1.1001E+01   1.1251E+01   4.5667E+07  0.0018
   1.1251E+01   1.1501E+01   1.2196E+07  0.0034
   1.1501E+01   1.1751E+01   2.5601E+07  0.0024
   1.1751E+01   1.2001E+01   6.6751E+07  0.0015
   1.2001E+01   1.2251E+01   4.3062E+07  0.0018
   1.2251E+01   1.2500E+01   1.2939E+07  0.0033
   1.2500E+01   1.2750E+01   5.3477E+07  0.0016
   1.2750E+01   1.3000E+01   9.0662E+07  0.0013
   1.3000E+01   1.3250E+01   2.9920E+07  0.0022
   1.3250E+01   1.3500E+01   2.9671E+07  0.0022
   1.3500E+01   1.3750E+01   1.1277E+08  0.0011
   1.3750E+01   1.4000E+01   7.6121E+07  0.0014
   1.4000E+01   1.4250E+01   2.2247E+07  0.0025
   1.4250E+01   1.4500E+01   1.2742E+08  0.0011
   1.4500E+01   1.4750E+01   1.5457E+08  0.0010
   1.4750E+01   1.5000E+01   3.2307E+07  0.0021
   1.5000E+01   1.5250E+01   1.9621E+08  0.0009
   1.5250E+01   1.5500E+01   3.6044E+08  0.0006
   1.5500E+01   1.5750E+01   4.5497E+07  0.0018
   1.5750E+01   1.6000E+01   1.1657E+05  0.0351
   1.6000E+01   1.6250E+01   0.0000E+00  0.0000
   1.6250E+01   1.6500E+01   0.0000E+00  0.0000
   1.6500E+01   1.6750E+01   0.0000E+00  0.0000
   1.6750E+01   1.7000E+01   0.0000E+00  0.0000
   1.7000E+01   1.7250E+01   0.0000E+00  0.0000
   1.7250E+01   1.7500E+01   0.0000E+00  0.0000
   1.7500E+01   1.7750E+01   0.0000E+00  0.0000
   1.7750E+01   1.8000E+01   0.0000E+00  0.0000
   1.8000E+01   1.8250E+01   0.0000E+00  0.0000
   1.8250E+01   1.8500E+01   0.0000E+00  0.0000
   1.8500E+01   1.8750E+01   0.0000E+00  0.0000
   1.8750E+01   1.9000E+01   0.0000E+00  0.0000
   1.9000E+01   1.9250E+01   0.0000E+00  0.0000
   1.9250E+01   1.9500E+01   0.0000E+00  0.0000
   1.9500E+01   1.9750E+01   0.0000E+00  0.0000
   1.9750E+01   2.0000E+01   0.0000E+00  0.0000
   2.0000E+01   2.0250E+01   0.0000E+00  0.0000
   2.0250E+01   2.0500E+01   0.0000E+00  0.0000
   2.0500E+01   2.0750E+01   0.0000E+00  0.0000
   2.0750E+01   2.1000E+01   0.0000E+00  0.0000
   2.1000E+01   2.1250E+01   0.0000E+00  0.0000
   2.1250E+01   2.1500E+01   0.0000E+00  0.0000
   2.1500E+01   2.1750E+01   0.0000E+00  0.0000
   2.1750E+01   2.2000E+01   0.0000E+00  0.0000
   2.2000E+01   2.2250E+01   0.0000E+00  0.0000
   2.2250E+01   2.2500E+01   0.0000E+00  0.0000
   2.2500E+01   2.2750E+01   0.0000E+00  0.0000
   2.2750E+01   2.3000E+01   0.0000E+00  0.0000
   2.3000E+01   2.3250E+01   0.0000E+00  0.0000
   2.3250E+01   2.3500E+01   0.0000E+00  0.0000
   2.3500E+01   2.3750E+01   0.0000E+00  0.0000
   2.3750E+01   2.4000E+01   0.0000E+00  0.0000
   2.4000E+01   2.4250E+01   0.0000E+00  0.0000
   2.4250E+01   2.4500E+01   0.0000E+00  0.0000
   2.4500E+01   2.4750E+01   0.0000E+00  0.0000
   2.4750E+01   2.5000E+01   0.0000E+00  0.0000

#   sum over                 1.9459E+07  0.0003
'no. =    1   reg = 2 - 600'
msuc: {\huge Proton energy spectra through CR39 interfaces}
msdr: {\it plotted by \ANGEL \version}
msdl: {\it calculated by \PHITS  3.36}
wt: s(0.7)
\vspace{-3}
  region surface crossing
  area  &=&   1.0000E+00 [cm^2]
e:
 
# Information for Restart Calculation
# This calculation was newly started
# istdev =  2 # 1:Batch variance, 2:History variance
# resc2  = 2.78293684441227665E-02 # Total source weight or Total source weight / maxcas
# resc3  = 1.73697216000000000E+08 # Total history number or Total batch number
# maxcas =      100056 # History / Batch, only used for istdev=1
# bitrseed = 0100010101011110001111101011111000111011001000110011001101011100 # bit data of rseed
