[ T-Deposit ]
    title = Bragg peak in pouch
     mesh =  r-z            # mesh type is r-z scoring mesh
       x0 =   0.000000      # center x-position of r-z mesh
       y0 =   0.000000      # center y-position of r-z mesh
   r-type =    2            # r-mesh is linear given by rmin, rmax and nr
     rmin =   0.000000      # minimum value of r-mesh points
     rmax =  0.5000000      # maximum value of r-mesh points
#    rdel =  0.5000000      # mesh width of r-mesh points
       nr =      1          # number of r-mesh points
#    data = ( r(i), i = 1, nr + 1 )
#           0.00000E+00  5.00000E-01
   z-type =    2            # z-mesh is linear given by zmin, zmax and nz
     zmin =   80.00000      # minimum value of z-mesh points
     zmax =   100.0000      # maximum value of z-mesh points
#    zdel =  6.6666667E-02  # mesh width of z-mesh points
       nz =    300          # number of z-mesh points
#    data = ( z(i), i = 1, nz + 1 )
#           8.00000E+01  8.00667E+01  8.01333E+01  8.02000E+01  8.02667E+01
#           8.03333E+01  8.04000E+01  8.04667E+01  8.05333E+01  8.06000E+01
#           8.06667E+01  8.07333E+01  8.08000E+01  8.08667E+01  8.09333E+01
#           8.10000E+01  8.10667E+01  8.11333E+01  8.12000E+01  8.12667E+01
#           8.13333E+01  8.14000E+01  8.14667E+01  8.15333E+01  8.16000E+01
#           8.16667E+01  8.17333E+01  8.18000E+01  8.18667E+01  8.19333E+01
#           8.20000E+01  8.20667E+01  8.21333E+01  8.22000E+01  8.22667E+01
#           8.23333E+01  8.24000E+01  8.24667E+01  8.25333E+01  8.26000E+01
#           8.26667E+01  8.27333E+01  8.28000E+01  8.28667E+01  8.29333E+01
#           8.30000E+01  8.30667E+01  8.31333E+01  8.32000E+01  8.32667E+01
#           8.33333E+01  8.34000E+01  8.34667E+01  8.35333E+01  8.36000E+01
#           8.36667E+01  8.37333E+01  8.38000E+01  8.38667E+01  8.39333E+01
#           8.40000E+01  8.40667E+01  8.41333E+01  8.42000E+01  8.42667E+01
#           8.43333E+01  8.44000E+01  8.44667E+01  8.45333E+01  8.46000E+01
#           8.46667E+01  8.47333E+01  8.48000E+01  8.48667E+01  8.49333E+01
#           8.50000E+01  8.50667E+01  8.51333E+01  8.52000E+01  8.52667E+01
#           8.53333E+01  8.54000E+01  8.54667E+01  8.55333E+01  8.56000E+01
#           8.56667E+01  8.57333E+01  8.58000E+01  8.58667E+01  8.59333E+01
#           8.60000E+01  8.60667E+01  8.61333E+01  8.62000E+01  8.62667E+01
#           8.63333E+01  8.64000E+01  8.64667E+01  8.65333E+01  8.66000E+01
#           8.66667E+01  8.67333E+01  8.68000E+01  8.68667E+01  8.69333E+01
#           8.70000E+01  8.70667E+01  8.71333E+01  8.72000E+01  8.72667E+01
#           8.73333E+01  8.74000E+01  8.74667E+01  8.75333E+01  8.76000E+01
#           8.76667E+01  8.77333E+01  8.78000E+01  8.78667E+01  8.79333E+01
#           8.80000E+01  8.80667E+01  8.81333E+01  8.82000E+01  8.82667E+01
#           8.83333E+01  8.84000E+01  8.84667E+01  8.85333E+01  8.86000E+01
#           8.86667E+01  8.87333E+01  8.88000E+01  8.88667E+01  8.89333E+01
#           8.90000E+01  8.90667E+01  8.91333E+01  8.92000E+01  8.92667E+01
#           8.93333E+01  8.94000E+01  8.94667E+01  8.95333E+01  8.96000E+01
#           8.96667E+01  8.97333E+01  8.98000E+01  8.98667E+01  8.99333E+01
#           9.00000E+01  9.00667E+01  9.01333E+01  9.02000E+01  9.02667E+01
#           9.03333E+01  9.04000E+01  9.04667E+01  9.05333E+01  9.06000E+01
#           9.06667E+01  9.07333E+01  9.08000E+01  9.08667E+01  9.09333E+01
#           9.10000E+01  9.10667E+01  9.11333E+01  9.12000E+01  9.12667E+01
#           9.13333E+01  9.14000E+01  9.14667E+01  9.15333E+01  9.16000E+01
#           9.16667E+01  9.17333E+01  9.18000E+01  9.18667E+01  9.19333E+01
#           9.20000E+01  9.20667E+01  9.21333E+01  9.22000E+01  9.22667E+01
#           9.23333E+01  9.24000E+01  9.24667E+01  9.25333E+01  9.26000E+01
#           9.26667E+01  9.27333E+01  9.28000E+01  9.28667E+01  9.29333E+01
#           9.30000E+01  9.30667E+01  9.31333E+01  9.32000E+01  9.32667E+01
#           9.33333E+01  9.34000E+01  9.34667E+01  9.35333E+01  9.36000E+01
#           9.36667E+01  9.37333E+01  9.38000E+01  9.38667E+01  9.39333E+01
#           9.40000E+01  9.40667E+01  9.41333E+01  9.42000E+01  9.42667E+01
#           9.43333E+01  9.44000E+01  9.44667E+01  9.45333E+01  9.46000E+01
#           9.46667E+01  9.47333E+01  9.48000E+01  9.48667E+01  9.49333E+01
#           9.50000E+01  9.50667E+01  9.51333E+01  9.52000E+01  9.52667E+01
#           9.53333E+01  9.54000E+01  9.54667E+01  9.55333E+01  9.56000E+01
#           9.56667E+01  9.57333E+01  9.58000E+01  9.58667E+01  9.59333E+01
#           9.60000E+01  9.60667E+01  9.61333E+01  9.62000E+01  9.62667E+01
#           9.63333E+01  9.64000E+01  9.64667E+01  9.65333E+01  9.66000E+01
#           9.66667E+01  9.67333E+01  9.68000E+01  9.68667E+01  9.69333E+01
#           9.70000E+01  9.70667E+01  9.71333E+01  9.72000E+01  9.72667E+01
#           9.73333E+01  9.74000E+01  9.74667E+01  9.75333E+01  9.76000E+01
#           9.76667E+01  9.77333E+01  9.78000E+01  9.78667E+01  9.79333E+01
#           9.80000E+01  9.80667E+01  9.81333E+01  9.82000E+01  9.82667E+01
#           9.83333E+01  9.84000E+01  9.84667E+01  9.85333E+01  9.86000E+01
#           9.86667E+01  9.87333E+01  9.88000E+01  9.88667E+01  9.89333E+01
#           9.90000E+01  9.90667E+01  9.91333E+01  9.92000E+01  9.92667E+01
#           9.93333E+01  9.94000E+01  9.94667E+01  9.95333E+01  9.96000E+01
#           9.96667E+01  9.97333E+01  9.98000E+01  9.98667E+01  9.99333E+01
#           1.00000E+02
     unit =    0            # unit is [Gy/source]
   letmat =    0            # (D=0) mat ID for LET, 0:real mat, <0: electron for H2O
  dedxfnc =    0            # (D=0) user defined multiplier, 0(no), 1, 2
 material =  all            # (D=all) number of specific material
   output =  dose           # total deposit energy
  deposit =    0            # (D=0) 0-> total deposit dist, 1-> each process
     axis =     z           # axis of output
     file = ./out/bragg_pouch_zL.out  # file name of output for the above axis
     part =  proton   
# kf/name :  2212     
   epsout =    1            # (D=0) generate eps file by ANGEL
   mother =  all            # (D=all) number of specific mother
#    used :        main (  %)        temp (  %)       total (  %)
#  memory :         306 (  0)           0 (  0)         306 (  0)

#------------------------------------------------------------------------------
#newpage:
#   no. =  1   ir  =  1
#   r = (   0.0000E+00  -   5.0000E-01  )

x: z [cm]
y: Dose [Gy/source]      
p: xlin ylog afac(0.8) form(0.9)
h: n            x            y(proton  ),hh0l n 
#  z-lower      z-upper        proton    r.err 
   8.0000E+01   8.0067E+01   3.2151E-01  0.0011
   8.0067E+01   8.0133E+01   3.2130E-01  0.0011
   8.0133E+01   8.0200E+01   3.2091E-01  0.0011
   8.0200E+01   8.0267E+01   3.2008E-01  0.0011
   8.0267E+01   8.0333E+01   3.1970E-01  0.0011
   8.0333E+01   8.0400E+01   3.1985E-01  0.0011
   8.0400E+01   8.0467E+01   3.1945E-01  0.0011
   8.0467E+01   8.0533E+01   3.1885E-01  0.0011
   8.0533E+01   8.0600E+01   3.1866E-01  0.0011
   8.0600E+01   8.0667E+01   3.1793E-01  0.0011
   8.0667E+01   8.0733E+01   3.1717E-01  0.0011
   8.0733E+01   8.0800E+01   3.1688E-01  0.0011
   8.0800E+01   8.0867E+01   3.1691E-01  0.0011
   8.0867E+01   8.0933E+01   3.1619E-01  0.0011
   8.0933E+01   8.1000E+01   3.1596E-01  0.0011
   8.1000E+01   8.1067E+01   3.1528E-01  0.0011
   8.1067E+01   8.1133E+01   3.1487E-01  0.0011
   8.1133E+01   8.1200E+01   3.1475E-01  0.0011
   8.1200E+01   8.1267E+01   3.1415E-01  0.0011
   8.1267E+01   8.1333E+01   3.1377E-01  0.0011
   8.1333E+01   8.1400E+01   3.1311E-01  0.0011
   8.1400E+01   8.1467E+01   3.1255E-01  0.0011
   8.1467E+01   8.1533E+01   3.1287E-01  0.0011
   8.1533E+01   8.1600E+01   3.1260E-01  0.0011
   8.1600E+01   8.1667E+01   3.1216E-01  0.0011
   8.1667E+01   8.1733E+01   3.1150E-01  0.0011
   8.1733E+01   8.1800E+01   3.1152E-01  0.0011
   8.1800E+01   8.1867E+01   3.1031E-01  0.0011
   8.1867E+01   8.1933E+01   3.1046E-01  0.0011
   8.1933E+01   8.2000E+01   3.0979E-01  0.0011
   8.2000E+01   8.2067E+01   3.0938E-01  0.0011
   8.2067E+01   8.2133E+01   3.0908E-01  0.0011
   8.2133E+01   8.2200E+01   3.0861E-01  0.0011
   8.2200E+01   8.2267E+01   3.0787E-01  0.0011
   8.2267E+01   8.2333E+01   3.0823E-01  0.0011
   8.2333E+01   8.2400E+01   3.0704E-01  0.0011
   8.2400E+01   8.2467E+01   3.0686E-01  0.0011
   8.2467E+01   8.2533E+01   3.0667E-01  0.0011
   8.2533E+01   8.2600E+01   3.0642E-01  0.0011
   8.2600E+01   8.2667E+01   3.0578E-01  0.0011
   8.2667E+01   8.2733E+01   3.0577E-01  0.0011
   8.2733E+01   8.2800E+01   3.0520E-01  0.0011
   8.2800E+01   8.2867E+01   3.0497E-01  0.0011
   8.2867E+01   8.2933E+01   3.0438E-01  0.0011
   8.2933E+01   8.3000E+01   3.0396E-01  0.0011
   8.3000E+01   8.3067E+01   3.0362E-01  0.0011
   8.3067E+01   8.3133E+01   3.0325E-01  0.0011
   8.3133E+01   8.3200E+01   3.0299E-01  0.0011
   8.3200E+01   8.3267E+01   3.0279E-01  0.0011
   8.3267E+01   8.3333E+01   3.0240E-01  0.0011
   8.3333E+01   8.3400E+01   3.0177E-01  0.0012
   8.3400E+01   8.3467E+01   3.0194E-01  0.0012
   8.3467E+01   8.3533E+01   3.0081E-01  0.0012
   8.3533E+01   8.3600E+01   3.0068E-01  0.0012
   8.3600E+01   8.3667E+01   3.0007E-01  0.0012
   8.3667E+01   8.3733E+01   2.9985E-01  0.0012
   8.3733E+01   8.3800E+01   2.9965E-01  0.0012
   8.3800E+01   8.3867E+01   2.9927E-01  0.0012
   8.3867E+01   8.3933E+01   2.9849E-01  0.0012
   8.3933E+01   8.4000E+01   2.9837E-01  0.0012
   8.4000E+01   8.4067E+01   2.9777E-01  0.0012
   8.4067E+01   8.4133E+01   2.9732E-01  0.0012
   8.4133E+01   8.4200E+01   2.9731E-01  0.0012
   8.4200E+01   8.4267E+01   2.9697E-01  0.0012
   8.4267E+01   8.4333E+01   2.9671E-01  0.0012
   8.4333E+01   8.4400E+01   2.9608E-01  0.0012
   8.4400E+01   8.4467E+01   2.9547E-01  0.0012
   8.4467E+01   8.4533E+01   2.9570E-01  0.0012
   8.4533E+01   8.4600E+01   2.9476E-01  0.0012
   8.4600E+01   8.4667E+01   2.9412E-01  0.0012
   8.4667E+01   8.4733E+01   2.9437E-01  0.0012
   8.4733E+01   8.4800E+01   2.9371E-01  0.0012
   8.4800E+01   8.4867E+01   2.9317E-01  0.0012
   8.4867E+01   8.4933E+01   2.9317E-01  0.0012
   8.4933E+01   8.5000E+01   2.9235E-01  0.0012
   8.5000E+01   8.5067E+01   2.9213E-01  0.0012
   8.5067E+01   8.5133E+01   2.9201E-01  0.0012
   8.5133E+01   8.5200E+01   2.9168E-01  0.0012
   8.5200E+01   8.5267E+01   2.9086E-01  0.0012
   8.5267E+01   8.5333E+01   2.9091E-01  0.0012
   8.5333E+01   8.5400E+01   2.9029E-01  0.0012
   8.5400E+01   8.5467E+01   2.9036E-01  0.0012
   8.5467E+01   8.5533E+01   2.8952E-01  0.0012
   8.5533E+01   8.5600E+01   2.8920E-01  0.0012
   8.5600E+01   8.5667E+01   2.8900E-01  0.0012
   8.5667E+01   8.5733E+01   2.8862E-01  0.0012
   8.5733E+01   8.5800E+01   2.8780E-01  0.0012
   8.5800E+01   8.5867E+01   2.8797E-01  0.0012
   8.5867E+01   8.5933E+01   2.8768E-01  0.0012
   8.5933E+01   8.6000E+01   2.8736E-01  0.0012
   8.6000E+01   8.6067E+01   2.8667E-01  0.0012
   8.6067E+01   8.6133E+01   2.8634E-01  0.0012
   8.6133E+01   8.6200E+01   2.8551E-01  0.0012
   8.6200E+01   8.6267E+01   2.8584E-01  0.0012
   8.6267E+01   8.6333E+01   2.8518E-01  0.0012
   8.6333E+01   8.6400E+01   2.8533E-01  0.0012
   8.6400E+01   8.6467E+01   2.8437E-01  0.0012
   8.6467E+01   8.6533E+01   2.8460E-01  0.0012
   8.6533E+01   8.6600E+01   2.8389E-01  0.0012
   8.6600E+01   8.6667E+01   2.8382E-01  0.0012
   8.6667E+01   8.6733E+01   2.8331E-01  0.0012
   8.6733E+01   8.6800E+01   2.8309E-01  0.0012
   8.6800E+01   8.6867E+01   2.8243E-01  0.0012
   8.6867E+01   8.6933E+01   2.8256E-01  0.0012
   8.6933E+01   8.7000E+01   2.8175E-01  0.0012
   8.7000E+01   8.7067E+01   2.8153E-01  0.0012
   8.7067E+01   8.7133E+01   2.8156E-01  0.0012
   8.7133E+01   8.7200E+01   2.8063E-01  0.0012
   8.7200E+01   8.7267E+01   2.8044E-01  0.0012
   8.7267E+01   8.7333E+01   2.7976E-01  0.0012
   8.7333E+01   8.7400E+01   2.7964E-01  0.0012
   8.7400E+01   8.7467E+01   2.7946E-01  0.0012
   8.7467E+01   8.7533E+01   2.7909E-01  0.0012
   8.7533E+01   8.7600E+01   2.7873E-01  0.0012
   8.7600E+01   8.7667E+01   2.7830E-01  0.0012
   8.7667E+01   8.7733E+01   2.7783E-01  0.0012
   8.7733E+01   8.7800E+01   2.7782E-01  0.0012
   8.7800E+01   8.7867E+01   2.7761E-01  0.0012
   8.7867E+01   8.7933E+01   2.7698E-01  0.0012
   8.7933E+01   8.8000E+01   2.7702E-01  0.0012
   8.8000E+01   8.8067E+01   2.7604E-01  0.0012
   8.8067E+01   8.8133E+01   2.7634E-01  0.0012
   8.8133E+01   8.8200E+01   2.7550E-01  0.0012
   8.8200E+01   8.8267E+01   2.7538E-01  0.0012
   8.8267E+01   8.8333E+01   2.7484E-01  0.0012
   8.8333E+01   8.8400E+01   2.7458E-01  0.0012
   8.8400E+01   8.8467E+01   2.7433E-01  0.0012
   8.8467E+01   8.8533E+01   2.7397E-01  0.0012
   8.8533E+01   8.8600E+01   2.7357E-01  0.0012
   8.8600E+01   8.8667E+01   2.7351E-01  0.0012
   8.8667E+01   8.8733E+01   2.7325E-01  0.0012
   8.8733E+01   8.8800E+01   2.7276E-01  0.0012
   8.8800E+01   8.8867E+01   2.7247E-01  0.0012
   8.8867E+01   8.8933E+01   2.7200E-01  0.0012
   8.8933E+01   8.9000E+01   2.7166E-01  0.0012
   8.9000E+01   8.9067E+01   2.7146E-01  0.0012
   8.9067E+01   8.9133E+01   2.7102E-01  0.0012
   8.9133E+01   8.9200E+01   2.7026E-01  0.0012
   8.9200E+01   8.9267E+01   2.7039E-01  0.0012
   8.9267E+01   8.9333E+01   2.7009E-01  0.0012
   8.9333E+01   8.9400E+01   2.6945E-01  0.0012
   8.9400E+01   8.9467E+01   2.6967E-01  0.0012
   8.9467E+01   8.9533E+01   2.6903E-01  0.0012
   8.9533E+01   8.9600E+01   2.6831E-01  0.0012
   8.9600E+01   8.9667E+01   2.6833E-01  0.0012
   8.9667E+01   8.9733E+01   2.6798E-01  0.0012
   8.9733E+01   8.9800E+01   2.6796E-01  0.0012
   8.9800E+01   8.9867E+01   2.6721E-01  0.0012
   8.9867E+01   8.9933E+01   2.6674E-01  0.0012
   8.9933E+01   9.0000E+01   2.6679E-01  0.0012
   9.0000E+01   9.0067E+01   2.6618E-01  0.0012
   9.0067E+01   9.0133E+01   2.6605E-01  0.0012
   9.0133E+01   9.0200E+01   2.6562E-01  0.0012
   9.0200E+01   9.0267E+01   2.6499E-01  0.0012
   9.0267E+01   9.0333E+01   2.6473E-01  0.0012
   9.0333E+01   9.0400E+01   2.6447E-01  0.0012
   9.0400E+01   9.0467E+01   2.6439E-01  0.0012
   9.0467E+01   9.0533E+01   2.6416E-01  0.0012
   9.0533E+01   9.0600E+01   2.6352E-01  0.0012
   9.0600E+01   9.0667E+01   2.6313E-01  0.0012
   9.0667E+01   9.0733E+01   2.6325E-01  0.0012
   9.0733E+01   9.0800E+01   2.6271E-01  0.0012
   9.0800E+01   9.0867E+01   2.6269E-01  0.0012
   9.0867E+01   9.0933E+01   2.6171E-01  0.0012
   9.0933E+01   9.1000E+01   2.6163E-01  0.0012
   9.1000E+01   9.1067E+01   2.6159E-01  0.0012
   9.1067E+01   9.1133E+01   2.6099E-01  0.0012
   9.1133E+01   9.1200E+01   2.6097E-01  0.0012
   9.1200E+01   9.1267E+01   2.6065E-01  0.0012
   9.1267E+01   9.1333E+01   2.6041E-01  0.0012
   9.1333E+01   9.1400E+01   2.6013E-01  0.0012
   9.1400E+01   9.1467E+01   2.5983E-01  0.0012
   9.1467E+01   9.1533E+01   2.5903E-01  0.0012
   9.1533E+01   9.1600E+01   2.5867E-01  0.0012
   9.1600E+01   9.1667E+01   2.5890E-01  0.0012
   9.1667E+01   9.1733E+01   2.5825E-01  0.0012
   9.1733E+01   9.1800E+01   2.5798E-01  0.0012
   9.1800E+01   9.1867E+01   2.5743E-01  0.0012
   9.1867E+01   9.1933E+01   2.5755E-01  0.0012
   9.1933E+01   9.2000E+01   2.5714E-01  0.0013
   9.2000E+01   9.2067E+01   2.5668E-01  0.0013
   9.2067E+01   9.2133E+01   2.5657E-01  0.0013
   9.2133E+01   9.2200E+01   2.5611E-01  0.0013
   9.2200E+01   9.2267E+01   2.5566E-01  0.0013
   9.2267E+01   9.2333E+01   2.5550E-01  0.0013
   9.2333E+01   9.2400E+01   2.5487E-01  0.0013
   9.2400E+01   9.2467E+01   2.5440E-01  0.0013
   9.2467E+01   9.2533E+01   2.5499E-01  0.0013
   9.2533E+01   9.2600E+01   2.5411E-01  0.0013
   9.2600E+01   9.2667E+01   2.5390E-01  0.0013
   9.2667E+01   9.2733E+01   2.5363E-01  0.0013
   9.2733E+01   9.2800E+01   2.5355E-01  0.0013
   9.2800E+01   9.2867E+01   2.5292E-01  0.0013
   9.2867E+01   9.2933E+01   2.5291E-01  0.0013
   9.2933E+01   9.3000E+01   2.5262E-01  0.0013
   9.3000E+01   9.3067E+01   2.5214E-01  0.0013
   9.3067E+01   9.3133E+01   2.5158E-01  0.0013
   9.3133E+01   9.3200E+01   2.5159E-01  0.0013
   9.3200E+01   9.3267E+01   2.5094E-01  0.0013
   9.3267E+01   9.3333E+01   2.5056E-01  0.0013
   9.3333E+01   9.3400E+01   2.5085E-01  0.0013
   9.3400E+01   9.3467E+01   2.5005E-01  0.0013
   9.3467E+01   9.3533E+01   2.4940E-01  0.0013
   9.3533E+01   9.3600E+01   2.4960E-01  0.0013
   9.3600E+01   9.3667E+01   2.4947E-01  0.0013
   9.3667E+01   9.3733E+01   2.4892E-01  0.0013
   9.3733E+01   9.3800E+01   2.4858E-01  0.0013
   9.3800E+01   9.3867E+01   2.4808E-01  0.0013
   9.3867E+01   9.3933E+01   2.4805E-01  0.0013
   9.3933E+01   9.4000E+01   2.4729E-01  0.0013
   9.4000E+01   9.4067E+01   2.4710E-01  0.0013
   9.4067E+01   9.4133E+01   2.4729E-01  0.0013
   9.4133E+01   9.4200E+01   2.4719E-01  0.0013
   9.4200E+01   9.4267E+01   2.4697E-01  0.0013
   9.4267E+01   9.4333E+01   2.4649E-01  0.0013
   9.4333E+01   9.4400E+01   2.4621E-01  0.0013
   9.4400E+01   9.4467E+01   2.4623E-01  0.0013
   9.4467E+01   9.4533E+01   2.4557E-01  0.0013
   9.4533E+01   9.4600E+01   2.4513E-01  0.0013
   9.4600E+01   9.4667E+01   2.4444E-01  0.0013
   9.4667E+01   9.4733E+01   2.4471E-01  0.0013
   9.4733E+01   9.4800E+01   2.4428E-01  0.0013
   9.4800E+01   9.4867E+01   2.4372E-01  0.0013
   9.4867E+01   9.4933E+01   2.4366E-01  0.0013
   9.4933E+01   9.5000E+01   2.4382E-01  0.0013
   9.5000E+01   9.5067E+01   2.4309E-01  0.0013
   9.5067E+01   9.5133E+01   2.4287E-01  0.0013
   9.5133E+01   9.5200E+01   2.4302E-01  0.0013
   9.5200E+01   9.5267E+01   2.4236E-01  0.0013
   9.5267E+01   9.5333E+01   2.4173E-01  0.0013
   9.5333E+01   9.5400E+01   2.4169E-01  0.0013
   9.5400E+01   9.5467E+01   2.4147E-01  0.0013
   9.5467E+01   9.5533E+01   2.4112E-01  0.0013
   9.5533E+01   9.5600E+01   2.4104E-01  0.0013
   9.5600E+01   9.5667E+01   2.4055E-01  0.0013
   9.5667E+01   9.5733E+01   2.4057E-01  0.0013
   9.5733E+01   9.5800E+01   2.4001E-01  0.0013
   9.5800E+01   9.5867E+01   2.3952E-01  0.0013
   9.5867E+01   9.5933E+01   2.3886E-01  0.0013
   9.5933E+01   9.6000E+01   2.3925E-01  0.0013
   9.6000E+01   9.6067E+01   2.3841E-01  0.0013
   9.6067E+01   9.6133E+01   2.3835E-01  0.0013
   9.6133E+01   9.6200E+01   2.3824E-01  0.0013
   9.6200E+01   9.6267E+01   2.3819E-01  0.0013
   9.6267E+01   9.6333E+01   2.3789E-01  0.0013
   9.6333E+01   9.6400E+01   2.3718E-01  0.0013
   9.6400E+01   9.6467E+01   2.3719E-01  0.0013
   9.6467E+01   9.6533E+01   2.3676E-01  0.0013
   9.6533E+01   9.6600E+01   2.3666E-01  0.0013
   9.6600E+01   9.6667E+01   2.3644E-01  0.0013
   9.6667E+01   9.6733E+01   2.3574E-01  0.0013
   9.6733E+01   9.6800E+01   2.3552E-01  0.0013
   9.6800E+01   9.6867E+01   2.3569E-01  0.0013
   9.6867E+01   9.6933E+01   2.3555E-01  0.0013
   9.6933E+01   9.7000E+01   2.3479E-01  0.0013
   9.7000E+01   9.7067E+01   2.3497E-01  0.0013
   9.7067E+01   9.7133E+01   2.3454E-01  0.0013
   9.7133E+01   9.7200E+01   2.3422E-01  0.0013
   9.7200E+01   9.7267E+01   2.3325E-01  0.0013
   9.7267E+01   9.7333E+01   2.3341E-01  0.0013
   9.7333E+01   9.7400E+01   2.3332E-01  0.0013
   9.7400E+01   9.7467E+01   2.3290E-01  0.0013
   9.7467E+01   9.7533E+01   2.3273E-01  0.0013
   9.7533E+01   9.7600E+01   2.3239E-01  0.0013
   9.7600E+01   9.7667E+01   2.3224E-01  0.0013
   9.7667E+01   9.7733E+01   2.3205E-01  0.0013
   9.7733E+01   9.7800E+01   2.3258E-01  0.0011
   9.7800E+01   9.7867E+01   2.5593E-01  0.0010
   9.7867E+01   9.7933E+01   6.5512E-02  0.0015
   9.7933E+01   9.8000E+01   2.3315E-03  0.0110
   9.8000E+01   9.8067E+01   2.7264E-03  0.0111
   9.8067E+01   9.8133E+01   2.9965E-03  0.0146
   9.8133E+01   9.8200E+01   3.0332E-03  0.0147
   9.8200E+01   9.8267E+01   3.0275E-03  0.0147
   9.8267E+01   9.8333E+01   3.0219E-03  0.0146
   9.8333E+01   9.8400E+01   3.0140E-03  0.0145
   9.8400E+01   9.8467E+01   3.0420E-03  0.0146
   9.8467E+01   9.8533E+01   3.0479E-03  0.0146
   9.8533E+01   9.8600E+01   3.0655E-03  0.0148
   9.8600E+01   9.8667E+01   3.0372E-03  0.0147
   9.8667E+01   9.8733E+01   3.0403E-03  0.0146
   9.8733E+01   9.8800E+01   3.0220E-03  0.0146
   9.8800E+01   9.8867E+01   3.0840E-03  0.0148
   9.8867E+01   9.8933E+01   3.0726E-03  0.0149
   9.8933E+01   9.9000E+01   3.0316E-03  0.0148
   9.9000E+01   9.9067E+01   3.0819E-03  0.0148
   9.9067E+01   9.9133E+01   3.1080E-03  0.0149
   9.9133E+01   9.9200E+01   3.0607E-03  0.0148
   9.9200E+01   9.9267E+01   3.0760E-03  0.0147
   9.9267E+01   9.9333E+01   3.0729E-03  0.0148
   9.9333E+01   9.9400E+01   3.0866E-03  0.0149
   9.9400E+01   9.9467E+01   3.1017E-03  0.0150
   9.9467E+01   9.9533E+01   3.0692E-03  0.0148
   9.9533E+01   9.9600E+01   3.0979E-03  0.0150
   9.9600E+01   9.9667E+01   3.0929E-03  0.0148
   9.9667E+01   9.9733E+01   3.1313E-03  0.0149
   9.9733E+01   9.9800E+01   3.1185E-03  0.0152
   9.9800E+01   9.9867E+01   3.1118E-03  0.0155
   9.9867E+01   9.9933E+01   3.1028E-03  0.0150
   9.9933E+01   1.0000E+02   3.1261E-03  0.0149

#   sum over    1.5708E+01   2.4479E-01  0.0008

'no. =  1,  ir =  1'
msuc: {\huge Bragg peak in pouch}
msdr: {\it plotted by \ANGEL \version}
msdl: {\it calculated by \PHITS  3.36}
wt: s(0.7)
\vspace{-3}
  rmin  &=&   0.0000E+00 [cm]
  rmax  &=&   5.0000E-01 [cm]
e:
 
# Information for Restart Calculation
# This calculation was newly started
# istdev =  2 # 1:Batch variance, 2:History variance
# resc2  = 3.20404958639304016E-02 # Total source weight or Total source weight / maxcas
# resc3  = 1.99981000000000000E+08 # Total history number or Total batch number
# maxcas =        1000 # History / Batch, only used for istdev=1
# bitrseed = 0001010110011101111001010011000010110000011010111001001010111000 # bit data of rseed
