[ T-Deposit ]
    title = Dosis xy
     mesh =  xyz            # mesh type is xyz scoring mesh
   x-type =    2            # x-mesh is linear given by xmin, xmax and nx
     xmin = -0.8000000      # minimum value of x-mesh points
     xmax =  0.8000000      # maximum value of x-mesh points
#    xdel =  0.1000000      # mesh width of x-mesh points
       nx =     16          # number of x-mesh points
#    data = ( x(i), i = 1, nx + 1 )
#          -8.00000E-01 -7.00000E-01 -6.00000E-01 -5.00000E-01 -4.00000E-01
#          -3.00000E-01 -2.00000E-01 -1.00000E-01  0.00000E+00  1.00000E-01
#           2.00000E-01  3.00000E-01  4.00000E-01  5.00000E-01  6.00000E-01
#           7.00000E-01  8.00000E-01
   y-type =    2            # y-mesh is linear given by ymin, ymax and ny
     ymin =  -1.650000      # minimum value of y-mesh points
     ymax =   1.650000      # maximum value of y-mesh points
#    ydel =  0.1000000      # mesh width of y-mesh points
       ny =     33          # number of y-mesh points
#    data = ( y(i), i = 1, ny + 1 )
#          -1.65000E+00 -1.55000E+00 -1.45000E+00 -1.35000E+00 -1.25000E+00
#          -1.15000E+00 -1.05000E+00 -9.50000E-01 -8.50000E-01 -7.50000E-01
#          -6.50000E-01 -5.50000E-01 -4.50000E-01 -3.50000E-01 -2.50000E-01
#          -1.50000E-01 -5.00000E-02  5.00000E-02  1.50000E-01  2.50000E-01
#           3.50000E-01  4.50000E-01  5.50000E-01  6.50000E-01  7.50000E-01
#           8.50000E-01  9.50000E-01  1.05000E+00  1.15000E+00  1.25000E+00
#           1.35000E+00  1.45000E+00  1.55000E+00  1.65000E+00
   z-type =    2            # z-mesh is linear given by zmin, zmax and nz
     zmin =   98.38000      # minimum value of z-mesh points
     zmax =   98.58000      # maximum value of z-mesh points
#    zdel =  5.0000000E-02  # mesh width of z-mesh points
       nz =      4          # number of z-mesh points
#    data = ( z(i), i = 1, nz + 1 )
#           9.83800E+01  9.84300E+01  9.84800E+01  9.85300E+01  9.85800E+01
     unit =    0            # unit is [Gy/source]
   letmat =    0            # (D=0) mat ID for LET, 0:real mat, <0: electron for H2O
  dedxfnc =    0            # (D=0) user defined multiplier, 0(no), 1, 2
 material =  all            # (D=all) number of specific material
   output =  dose           # total deposit energy
  deposit =    0            # (D=0) 0-> total deposit dist, 1-> each process
  2D-type =    3            # 1:Cont, 2:Clust, 3:Color, 4:xyz, 5:mat, 6:Clust+Cont, 7:Col+Cont
     axis =    xy           # axis of output
     file = ./out/dosis_pauch_L.out  # file name of output for the above axis
     part =  proton     photon   
# kf/name :  2212       22       
    gshow =    1            # 0: no 1:bnd, 2:bnd+mat, 3:bnd+reg 4:bnd+lat 5:bmp style
    resol =    1            # (D=1) resolution of gshow or rshow
    width = 0.5000000       # (D=0.5) width of lines for gshow or rshow
   epsout =    1            # (D=0) generate eps file by ANGEL
   mother =  all            # (D=all) number of specific mother
#    used :        main (  %)        temp (  %)       total (  %)
#  memory :          59 (  0)           0 (  0)          59 (  0)

#------------------------------------------------------------------------------
#newpage:
#   no. =  1   iz  =  1   part. = proton  
#   z = (   9.8380E+01  -   9.8430E+01  )

'no. =  1,  iz =  1'
msuc: {\huge Dosis xy}
msdr: {\it plotted by \ANGEL \version}
msdl: {\it calculated by \PHITS  3.36}

x: x [cm]
y: y [cm]
set: c1[ 2.062] c2[ 0.627] c5[ 0.800] c6[ 0.743] c7[ 0.708] c8[ 0.000]
p: h2fs form[c1] xfac[c2] afac[c5] scal[c6] xorg[c7] yorg[c8] nosp
set: c3[   2.125704E-08] c4[   1.037617E-01]
p: cmin[c3] cmax[c4]
p: dmin(1e-31)
p: zlog
p: xmin(-0.8000000    ) xmax( 0.8000000    )
p: ymin( -1.650000    ) ymax(  1.650000    )
#  ny =  33   nx =  16
# ( ( data(x,y), x = 1, nx ), y = ny, 1, -1 )

hc:  y =   1.600000     to  -1.600000     by  0.1000000     ; x = -0.7500000     to  0.7500000     by  0.1000000     ;
  3.360E-05  1.529E-04  0.000E+00  3.068E-05  1.886E-05  0.000E+00  0.000E+00  0.000E+00  1.360E-05  0.000E+00
  0.000E+00  0.000E+00  0.000E+00  0.000E+00  0.000E+00  0.000E+00  7.194E-05  4.307E-05  3.579E-05  7.540E-06
  0.000E+00  1.921E-05  1.580E-04  1.196E-05  0.000E+00  0.000E+00  0.000E+00  4.151E-05  0.000E+00  3.680E-05
  0.000E+00  5.167E-05  4.069E-05  6.980E-05  2.892E-05  2.071E-05  0.000E+00  1.369E-04  7.229E-05  6.429E-06
  0.000E+00  0.000E+00  0.000E+00  0.000E+00  4.182E-05  0.000E+00  0.000E+00  1.145E-04  1.135E-05  5.127E-05
  0.000E+00  1.127E-04  0.000E+00  0.000E+00  0.000E+00  0.000E+00  0.000E+00  0.000E+00  0.000E+00  2.753E-05
  4.447E-06  4.739E-05  2.725E-05  9.546E-05  1.379E-05  1.515E-04  1.363E-05  1.394E-05  1.092E-04  0.000E+00
  7.354E-05  0.000E+00  0.000E+00  0.000E+00  0.000E+00  2.907E-05  3.756E-05  3.816E-05  0.000E+00  4.591E-05
  1.246E-04  2.559E-05  1.738E-04  0.000E+00  7.179E-05  7.267E-05  5.283E-05  0.000E+00  0.000E+00  0.000E+00
  0.000E+00  0.000E+00  0.000E+00  2.389E-05  0.000E+00  1.807E-05  3.718E-05  0.000E+00  0.000E+00  0.000E+00
  0.000E+00  9.971E-05  1.789E-04  7.205E-06  0.000E+00  0.000E+00  0.000E+00  0.000E+00  0.000E+00  6.636E-05
  3.180E-05  1.485E-04  2.424E-05  0.000E+00  0.000E+00  5.349E-05  0.000E+00  0.000E+00  6.416E-05  2.845E-05
  0.000E+00  0.000E+00  9.918E-05  9.703E-05  0.000E+00  2.172E-05  0.000E+00  3.102E-05  0.000E+00  0.000E+00
  0.000E+00  6.115E-05  0.000E+00  0.000E+00  0.000E+00  0.000E+00  0.000E+00  2.034E-04  7.359E-07  0.000E+00
  0.000E+00  2.771E-06  4.216E-05  0.000E+00  1.231E-05  0.000E+00  0.000E+00  0.000E+00  0.000E+00  2.137E-05
  2.743E-05  1.566E-05  0.000E+00  3.054E-04  0.000E+00  0.000E+00  0.000E+00  9.428E-06  5.310E-05  0.000E+00
  0.000E+00  0.000E+00  0.000E+00  0.000E+00  0.000E+00  0.000E+00  0.000E+00  0.000E+00  0.000E+00  0.000E+00
  0.000E+00  0.000E+00  0.000E+00  4.472E-05  2.349E-04  0.000E+00  0.000E+00  0.000E+00  0.000E+00  0.000E+00
  0.000E+00  0.000E+00  0.000E+00  0.000E+00  0.000E+00  0.000E+00  0.000E+00  0.000E+00  0.000E+00  0.000E+00
  3.551E-05  9.097E-06  0.000E+00  0.000E+00  0.000E+00  9.134E-05  0.000E+00  0.000E+00  0.000E+00  6.911E-06
  0.000E+00  0.000E+00  0.000E+00  0.000E+00  0.000E+00  0.000E+00  1.167E-04  3.368E-05  2.199E-05  0.000E+00
  0.000E+00  0.000E+00  2.966E-06  0.000E+00  1.437E-04  2.048E-05  0.000E+00  5.113E-05  4.098E-06  0.000E+00
  0.000E+00  4.027E-06  2.096E-05  1.158E-05  0.000E+00  0.000E+00  0.000E+00  0.000E+00  4.099E-05  0.000E+00
  0.000E+00  0.000E+00  4.141E-05  3.012E-05  4.324E-05  0.000E+00  2.135E-05  0.000E+00  2.574E-05  4.630E-05
  0.000E+00  4.364E-05  0.000E+00  0.000E+00  0.000E+00  1.384E-05  1.576E-04  8.226E-03  8.495E-03  2.806E-05
  0.000E+00  0.000E+00  0.000E+00  0.000E+00  7.746E-05  8.001E-05  0.000E+00  0.000E+00  1.025E-04  0.000E+00
  0.000E+00  1.651E-05  2.882E-04  1.038E-01  1.006E-01  8.030E-04  8.346E-06  0.000E+00  0.000E+00  0.000E+00
  8.215E-07  6.416E-05  0.000E+00  5.707E-05  4.473E-06  4.399E-05  8.168E-07  1.476E-04  9.886E-05  6.978E-03
  5.825E-03  9.034E-05  0.000E+00  0.000E+00  0.000E+00  0.000E+00  1.141E-04  3.599E-05  0.000E+00  0.000E+00
  0.000E+00  0.000E+00  0.000E+00  7.431E-05  3.661E-05  5.914E-05  1.378E-04  3.627E-05  3.659E-05  0.000E+00
  0.000E+00  0.000E+00  0.000E+00  1.541E-05  0.000E+00  0.000E+00  0.000E+00  0.000E+00  0.000E+00  0.000E+00
  1.735E-05  0.000E+00  0.000E+00  0.000E+00  0.000E+00  0.000E+00  0.000E+00  0.000E+00  0.000E+00  0.000E+00
  9.491E-05  8.560E-05  0.000E+00  0.000E+00  2.173E-06  1.745E-05  3.324E-06  0.000E+00  0.000E+00  0.000E+00
  0.000E+00  0.000E+00  0.000E+00  6.771E-05  0.000E+00  0.000E+00  1.047E-04  0.000E+00  0.000E+00  0.000E+00
  1.182E-04  2.113E-05  2.972E-05  0.000E+00  1.169E-04  0.000E+00  0.000E+00  0.000E+00  0.000E+00  0.000E+00
  0.000E+00  0.000E+00  7.005E-05  4.043E-05  1.722E-05  6.804E-05  3.734E-06  8.247E-05  0.000E+00  0.000E+00
  0.000E+00  0.000E+00  0.000E+00  0.000E+00  0.000E+00  1.515E-04  0.000E+00  0.000E+00  3.862E-06  0.000E+00
  1.420E-04  0.000E+00  0.000E+00  0.000E+00  0.000E+00  0.000E+00  8.409E-05  0.000E+00  0.000E+00  0.000E+00
  8.073E-05  1.898E-05  0.000E+00  0.000E+00  5.426E-05  0.000E+00  0.000E+00  0.000E+00  0.000E+00  0.000E+00
  0.000E+00  0.000E+00  2.974E-05  0.000E+00  4.477E-05  0.000E+00  6.954E-06  0.000E+00  0.000E+00  1.162E-05
  0.000E+00  2.414E-05  0.000E+00  2.312E-05  0.000E+00  0.000E+00  0.000E+00  0.000E+00  1.230E-04  0.000E+00
  1.876E-04  2.513E-04  7.557E-05  0.000E+00  0.000E+00  9.857E-06  0.000E+00  0.000E+00  3.442E-05  7.836E-05
  0.000E+00  1.684E-06  0.000E+00  0.000E+00  0.000E+00  1.886E-04  1.599E-04  5.828E-05  0.000E+00  0.000E+00
  7.188E-06  1.829E-05  1.583E-05  1.097E-04  3.270E-05  0.000E+00  0.000E+00  7.919E-05  1.442E-04  8.368E-05
  0.000E+00  0.000E+00  0.000E+00  0.000E+00  0.000E+00  0.000E+00  0.000E+00  5.164E-05  1.041E-04  8.532E-06
  5.208E-05  0.000E+00  4.902E-05  6.561E-05  7.688E-05  2.972E-05  8.431E-05  0.000E+00  0.000E+00  0.000E+00
  0.000E+00  0.000E+00  0.000E+00  7.898E-07  0.000E+00  0.000E+00  0.000E+00  0.000E+00  0.000E+00  2.826E-06
  0.000E+00  6.742E-05  1.990E-04  0.000E+00  0.000E+00  0.000E+00  0.000E+00  0.000E+00  0.000E+00  0.000E+00
  0.000E+00  4.895E-06  0.000E+00  2.587E-05  5.395E-05  2.010E-05  2.365E-05  0.000E+00  0.000E+00  0.000E+00
  0.000E+00  0.000E+00  0.000E+00  2.648E-05  0.000E+00  6.843E-06  1.799E-05  2.439E-05  0.000E+00  9.985E-06
  0.000E+00  0.000E+00  1.638E-05  0.000E+00  1.507E-05  3.225E-05  0.000E+00  0.000E+00  0.000E+00  4.280E-05
  3.258E-05  9.031E-06  0.000E+00  0.000E+00  3.518E-05  0.000E+00  0.000E+00  0.000E+00  1.864E-05  0.000E+00
  0.000E+00  0.000E+00  0.000E+00  0.000E+00  0.000E+00  4.149E-04  2.002E-05  0.000E+00

#------------------------------------------------------------------------------
# gshow
#------------------------------------------------------------------------------

p: legs[c5*0.875]

hb:   line clip z  
frame:
 -7.9999814E-01 -1.6499925E+00
  8.0000186E-01 -1.6499925E+00
  8.0000186E-01  1.6500075E+00
 -7.9999814E-01  1.6500075E+00
clip:
 -8.94115672E-01 -1.74705108E+00
  8.94119622E-01 -1.74705108E+00
  8.94119622E-01 -1.64116873E+00
  8.94119622E-01 -1.53528638E+00
  8.94119622E-01 -1.42940402E+00
  8.94119622E-01 -1.32352167E+00
  8.94119622E-01 -1.21763932E+00
  8.94119622E-01 -1.11175697E+00
  8.94119622E-01 -1.00587461E+00
  8.94119622E-01 -8.99992259E-01
  8.94119622E-01 -7.94109906E-01
  8.94119622E-01 -6.88227553E-01
  8.94119622E-01 -5.82345200E-01
  8.94119622E-01 -4.76462847E-01
  8.94119622E-01 -3.70580495E-01
  8.94119622E-01 -2.64698142E-01
  8.94119622E-01 -1.58815789E-01
  8.94119622E-01 -5.29334357E-02
  8.94119622E-01  5.29489172E-02
  8.94119622E-01  1.58831270E-01
  8.94119622E-01  2.64713623E-01
  8.94119622E-01  3.70595976E-01
  8.94119622E-01  4.76478329E-01
  8.94119622E-01  5.82360682E-01
  8.94119622E-01  6.88243035E-01
  8.94119622E-01  7.94125388E-01
  8.94119622E-01  9.00007741E-01
  8.94119622E-01  1.00589009E+00
  8.94119622E-01  1.11177245E+00
  8.94119622E-01  1.21765480E+00
  8.94119622E-01  1.32353715E+00
  8.94119622E-01  1.42941951E+00
  8.94119622E-01  1.53530186E+00
  8.94119622E-01  1.64118421E+00
  8.94119622E-01  1.74706656E+00
  7.82354916E-01  1.74706656E+00
  6.70590211E-01  1.74706656E+00
  5.58825505E-01  1.74706656E+00
  4.47060799E-01  1.74706656E+00
  3.35296093E-01  1.74706656E+00
  2.23531387E-01  1.74706656E+00
  1.11766681E-01  1.74706656E+00
  1.97530848E-06  1.74706656E+00
 -1.11762731E-01  1.74706656E+00
 -2.23527436E-01  1.74706656E+00
 -3.35292142E-01  1.74706656E+00
 -4.47056848E-01  1.74706656E+00
 -5.58821554E-01  1.74706656E+00
 -6.70586260E-01  1.74706656E+00
 -7.82350966E-01  1.74706656E+00
 -8.94115672E-01  1.74706656E+00
 -8.94115672E-01  1.64118421E+00
 -8.94115672E-01  1.53530186E+00
 -8.94115672E-01  1.42941951E+00
 -8.94115672E-01  1.32353715E+00
 -8.94115672E-01  1.21765480E+00
 -8.94115672E-01  1.11177245E+00
 -8.94115672E-01  1.00589009E+00
 -8.94115672E-01  9.00007741E-01
 -8.94115672E-01  7.94125388E-01
 -8.94115672E-01  6.88243035E-01
 -8.94115672E-01  5.82360682E-01
 -8.94115672E-01  4.76478329E-01
 -8.94115672E-01  3.70595976E-01
 -8.94115672E-01  2.64713623E-01
 -8.94115672E-01  1.58831270E-01
 -8.94115672E-01  5.29489172E-02
 -8.94115672E-01 -5.29334357E-02
 -8.94115672E-01 -1.58815789E-01
 -8.94115672E-01 -2.64698142E-01
 -8.94115672E-01 -3.70580495E-01
 -8.94115672E-01 -4.76462847E-01
 -8.94115672E-01 -5.82345200E-01
 -8.94115672E-01 -6.88227553E-01
 -8.94115672E-01 -7.94109906E-01
 -8.94115672E-01 -8.99992259E-01
 -8.94115672E-01 -1.00587461E+00
 -8.94115672E-01 -1.11175697E+00
 -8.94115672E-01 -1.21763932E+00
 -8.94115672E-01 -1.32352167E+00
 -8.94115672E-01 -1.42940402E+00
 -8.94115672E-01 -1.53528638E+00
 -8.94115672E-01 -1.64116873E+00
 -8.94115672E-01 -1.74705108E+00

#------------------------------------------------------------------------------
z: xorg(1.03)
p: xfac[c2*0.05] form[c1/0.05] notc noxt noyt dmin(1)
p: ymin(0) ymax(1) xmin(0) xmax(1) cmin(1) cmax(100) nosp
hc: y= 0.005 to 0.995 by 0.01 ; x= 0.5 to 0.5 by 1 ;
 1  2  3  4  5  6  7  8  9 10 11 12 13 14 15 16 17 18 19 20
21 22 23 24 25 26 27 28 29 30 31 32 33 34 35 36 37 38 39 40
41 42 43 44 45 46 47 48 49 50 51 52 53 54 55 56 57 58 59 60
61 62 63 64 65 66 67 68 69 70 71 72 73 74 75 76 77 78 79 80
81 82 83 84 85 86 87 88 89 90 91 92 93 94 95 96 97 98 99 100
z: xorg(0.0)
p: xfac[c2*0.05] form[c1/0.05] nosp afac[c5*0.625] ymin[c3] ymax[c4]
p: noxt noxn ytxt(-1) ynum(-1) xltd(-1) xstd(-1) itic(1) ylog
y: Dose [Gy/source]      
#------------------------------------------------------------------------------

wt: s[c5]
\vspace{-3}
  zmin  &=&   9.8380E+01 [cm]
  zmax  &=&   9.8430E+01 [cm]
  part. &=& proton  
e:

#------------------------------------------------------------------------------
z: xorg[-1.03/0.05]
p: form[c1] xfac[c2] afac[c5] nosp notf
p: xmin(-0.8000000    ) xmax( 0.8000000    )
p: ymin( -1.650000    ) ymax(  1.650000    )

#------------------------------------------------------------------------------
 newpage:
#   no. =  2   iz  =  1   part. = photon  
#   z = (   9.8380E+01  -   9.8430E+01  )

'no. =  2,  iz =  1'
msuc: {\huge Dosis xy}
msdr: {\it plotted by \ANGEL \version}
msdl: {\it calculated by \PHITS  3.36}

x: x [cm]
y: y [cm]
set: c1[ 2.062] c2[ 0.627] c5[ 0.800] c6[ 0.743] c7[ 0.708] c8[ 0.000]
p: h2fs form[c1] xfac[c2] afac[c5] scal[c6] xorg[c7] yorg[c8] nosp
set: c3[   2.125704E-08] c4[   1.037617E-01]
p: cmin[c3] cmax[c4]
p: dmin(1e-31)
p: zlog
p: xmin(-0.8000000    ) xmax( 0.8000000    )
p: ymin( -1.650000    ) ymax(  1.650000    )
#  ny =  33   nx =  16
# ( ( data(x,y), x = 1, nx ), y = ny, 1, -1 )

hc:  y =   1.600000     to  -1.600000     by  0.1000000     ; x = -0.7500000     to  0.7500000     by  0.1000000     ;
  7.641E-07  1.028E-06  9.111E-07  1.055E-06  1.323E-06  1.264E-06  1.313E-06  1.196E-06  8.659E-07  1.239E-06
  8.084E-07  9.508E-07  1.275E-06  8.402E-07  1.097E-06  7.925E-07  8.785E-07  1.003E-06  8.247E-07  9.560E-07
  1.091E-06  1.130E-06  1.060E-06  9.454E-07  1.325E-06  1.063E-06  1.149E-06  1.053E-06  8.246E-07  1.064E-06
  7.147E-07  9.440E-07  1.229E-06  1.118E-06  8.466E-07  9.802E-07  9.923E-07  1.214E-06  1.194E-06  1.281E-06
  1.305E-06  6.636E-07  1.394E-06  1.091E-06  8.814E-07  8.760E-07  7.123E-07  9.946E-07  1.505E-06  1.359E-06
  1.095E-06  9.039E-07  8.922E-07  6.098E-07  1.176E-06  6.884E-07  1.091E-06  1.014E-06  8.863E-07  1.562E-06
  1.178E-06  5.784E-07  8.513E-07  7.247E-07  1.423E-06  1.203E-06  1.043E-06  1.211E-06  1.370E-06  1.029E-06
  1.225E-06  8.797E-07  1.109E-06  1.039E-06  9.234E-07  1.348E-06  1.220E-06  1.011E-06  7.729E-07  9.942E-07
  1.067E-06  1.432E-06  9.806E-07  1.235E-06  1.145E-06  1.655E-06  1.053E-06  1.304E-06  9.345E-07  1.012E-06
  1.105E-06  1.434E-06  1.275E-06  1.074E-06  9.778E-07  9.998E-07  1.289E-06  1.119E-06  1.145E-06  1.533E-06
  1.047E-06  1.273E-06  1.163E-06  1.077E-06  1.303E-06  1.641E-06  1.157E-06  1.225E-06  1.360E-06  1.169E-06
  1.549E-06  1.383E-06  1.028E-06  9.440E-07  7.674E-07  1.101E-06  1.111E-06  9.368E-07  1.111E-06  1.663E-06
  1.207E-06  1.303E-06  1.457E-06  1.105E-06  1.204E-06  1.145E-06  1.033E-06  1.089E-06  1.470E-06  1.286E-06
  1.274E-06  1.310E-06  1.193E-06  1.074E-06  1.055E-06  1.286E-06  1.572E-06  1.027E-06  8.574E-07  9.106E-07
  1.518E-06  1.523E-06  1.273E-06  1.554E-06  9.880E-07  1.284E-06  1.259E-06  1.121E-06  1.609E-06  1.300E-06
  1.191E-06  1.324E-06  1.565E-06  1.451E-06  1.094E-06  7.918E-07  1.003E-06  1.115E-06  1.087E-06  1.249E-06
  1.650E-06  1.184E-06  1.274E-06  9.352E-07  1.561E-06  1.657E-06  9.435E-07  1.585E-06  1.004E-06  1.499E-06
  1.158E-06  1.165E-06  9.706E-07  1.101E-06  1.530E-06  1.305E-06  9.719E-07  9.497E-07  1.569E-06  1.417E-06
  1.603E-06  1.593E-06  1.355E-06  7.359E-07  7.812E-07  1.263E-06  8.466E-07  1.162E-06  1.050E-06  1.201E-06
  1.316E-06  1.442E-06  1.226E-06  1.323E-06  1.312E-06  1.242E-06  1.300E-06  8.510E-07  1.485E-06  1.146E-06
  1.286E-06  9.366E-07  1.094E-06  9.530E-07  1.156E-06  1.158E-06  1.116E-06  1.632E-06  9.216E-07  1.127E-06
  1.427E-06  9.584E-07  1.138E-06  1.428E-06  1.079E-06  1.194E-06  1.319E-06  1.395E-06  1.174E-06  1.347E-06
  1.184E-06  1.707E-06  1.454E-06  1.143E-06  1.544E-06  1.815E-06  1.283E-06  1.062E-06  1.228E-06  1.451E-06
  1.231E-06  1.517E-06  1.333E-06  1.296E-06  9.456E-07  1.295E-06  1.121E-06  1.256E-06  1.323E-06  1.409E-06
  9.597E-07  1.507E-06  1.195E-06  9.639E-07  1.246E-06  1.397E-06  1.468E-06  1.581E-06  1.521E-06  1.307E-06
  1.167E-06  1.715E-06  1.193E-06  1.321E-06  1.076E-06  1.584E-06  1.540E-06  1.003E-06  1.032E-06  1.059E-06
  1.179E-06  1.030E-06  1.608E-06  1.077E-06  1.745E-06  1.617E-06  1.501E-06  1.146E-06  9.601E-07  1.243E-06
  1.406E-06  1.494E-06  1.329E-06  1.466E-06  9.737E-07  1.437E-06  9.791E-07  1.516E-06  1.385E-06  1.015E-06
  1.809E-06  1.688E-06  1.738E-06  1.550E-06  1.472E-06  1.789E-06  1.007E-06  1.580E-06  1.105E-06  1.224E-06
  1.427E-06  1.095E-06  1.192E-06  1.512E-06  1.360E-06  1.245E-06  1.382E-06  1.651E-06  1.367E-06  1.378E-06
  1.163E-06  1.329E-06  1.269E-06  1.110E-06  1.321E-06  1.489E-06  1.217E-06  1.285E-06  1.300E-06  1.251E-06
  1.503E-06  1.268E-06  9.919E-07  1.213E-06  1.309E-06  1.445E-06  1.168E-06  1.108E-06  1.881E-06  1.096E-06
  1.086E-06  1.351E-06  1.090E-06  1.045E-06  1.406E-06  1.066E-06  8.592E-07  1.479E-06  1.318E-06  1.591E-06
  1.504E-06  1.488E-06  1.085E-06  1.718E-06  1.577E-06  1.061E-06  1.416E-06  9.395E-07  1.014E-06  1.065E-06
  9.470E-07  1.106E-06  1.024E-06  1.208E-06  1.057E-06  7.306E-07  1.344E-06  1.273E-06  1.032E-06  1.077E-06
  1.280E-06  1.239E-06  1.294E-06  1.159E-06  1.506E-06  1.247E-06  1.245E-06  1.328E-06  8.622E-07  9.280E-07
  1.395E-06  1.163E-06  1.310E-06  1.737E-06  1.606E-06  1.214E-06  1.511E-06  1.572E-06  1.374E-06  1.065E-06
  1.419E-06  1.214E-06  1.097E-06  1.394E-06  1.420E-06  1.374E-06  1.242E-06  1.606E-06  1.558E-06  1.086E-06
  1.208E-06  1.196E-06  1.100E-06  9.483E-07  1.092E-06  8.556E-07  1.153E-06  9.944E-07  1.065E-06  1.346E-06
  1.830E-06  1.408E-06  1.216E-06  1.655E-06  1.088E-06  8.982E-07  1.390E-06  1.163E-06  9.800E-07  8.362E-07
  1.135E-06  1.255E-06  1.052E-06  9.214E-07  9.177E-07  1.521E-06  1.303E-06  1.187E-06  1.007E-06  1.234E-06
  1.097E-06  1.439E-06  1.162E-06  1.385E-06  1.232E-06  1.168E-06  1.405E-06  9.411E-07  1.069E-06  1.156E-06
  1.103E-06  1.676E-06  1.429E-06  1.201E-06  1.301E-06  1.174E-06  1.441E-06  1.526E-06  1.247E-06  1.480E-06
  1.015E-06  1.149E-06  1.187E-06  1.070E-06  7.704E-07  1.119E-06  1.174E-06  9.231E-07  1.215E-06  1.259E-06
  1.004E-06  1.403E-06  1.052E-06  1.458E-06  1.478E-06  1.267E-06  7.217E-07  9.834E-07  1.229E-06  9.089E-07
  1.112E-06  9.488E-07  1.596E-06  1.299E-06  1.289E-06  9.271E-07  9.418E-07  1.078E-06  1.193E-06  1.283E-06
  1.119E-06  1.319E-06  9.316E-07  8.877E-07  8.690E-07  1.191E-06  9.717E-07  7.425E-07  1.041E-06  1.449E-06
  1.149E-06  7.245E-07  1.418E-06  8.920E-07  1.326E-06  1.037E-06  9.013E-07  1.059E-06  8.882E-07  1.162E-06
  9.777E-07  8.999E-07  1.341E-06  9.780E-07  1.217E-06  9.913E-07  1.013E-06  7.668E-07  1.051E-06  7.736E-07
  1.135E-06  1.202E-06  9.013E-07  9.201E-07  1.078E-06  1.037E-06  1.103E-06  1.114E-06  1.097E-06  8.525E-07
  1.111E-06  9.039E-07  8.064E-07  1.062E-06  1.200E-06  1.332E-06  7.932E-07  8.764E-07  1.299E-06  9.108E-07
  9.703E-07  1.312E-06  1.039E-06  1.228E-06  7.891E-07  1.133E-06  1.095E-06  4.322E-07  7.879E-07  1.144E-06
  9.696E-07  1.022E-06  1.046E-06  6.841E-07  1.302E-06  1.152E-06  7.053E-07  8.012E-07

#------------------------------------------------------------------------------
# gshow
#------------------------------------------------------------------------------

p: legs[c5*0.875]

hb:   line clip z  
frame:
 -7.9999814E-01 -1.6499925E+00
  8.0000186E-01 -1.6499925E+00
  8.0000186E-01  1.6500075E+00
 -7.9999814E-01  1.6500075E+00
clip:
 -8.94115672E-01 -1.74705108E+00
  8.94119622E-01 -1.74705108E+00
  8.94119622E-01 -1.64116873E+00
  8.94119622E-01 -1.53528638E+00
  8.94119622E-01 -1.42940402E+00
  8.94119622E-01 -1.32352167E+00
  8.94119622E-01 -1.21763932E+00
  8.94119622E-01 -1.11175697E+00
  8.94119622E-01 -1.00587461E+00
  8.94119622E-01 -8.99992259E-01
  8.94119622E-01 -7.94109906E-01
  8.94119622E-01 -6.88227553E-01
  8.94119622E-01 -5.82345200E-01
  8.94119622E-01 -4.76462847E-01
  8.94119622E-01 -3.70580495E-01
  8.94119622E-01 -2.64698142E-01
  8.94119622E-01 -1.58815789E-01
  8.94119622E-01 -5.29334357E-02
  8.94119622E-01  5.29489172E-02
  8.94119622E-01  1.58831270E-01
  8.94119622E-01  2.64713623E-01
  8.94119622E-01  3.70595976E-01
  8.94119622E-01  4.76478329E-01
  8.94119622E-01  5.82360682E-01
  8.94119622E-01  6.88243035E-01
  8.94119622E-01  7.94125388E-01
  8.94119622E-01  9.00007741E-01
  8.94119622E-01  1.00589009E+00
  8.94119622E-01  1.11177245E+00
  8.94119622E-01  1.21765480E+00
  8.94119622E-01  1.32353715E+00
  8.94119622E-01  1.42941951E+00
  8.94119622E-01  1.53530186E+00
  8.94119622E-01  1.64118421E+00
  8.94119622E-01  1.74706656E+00
  7.82354916E-01  1.74706656E+00
  6.70590211E-01  1.74706656E+00
  5.58825505E-01  1.74706656E+00
  4.47060799E-01  1.74706656E+00
  3.35296093E-01  1.74706656E+00
  2.23531387E-01  1.74706656E+00
  1.11766681E-01  1.74706656E+00
  1.97530848E-06  1.74706656E+00
 -1.11762731E-01  1.74706656E+00
 -2.23527436E-01  1.74706656E+00
 -3.35292142E-01  1.74706656E+00
 -4.47056848E-01  1.74706656E+00
 -5.58821554E-01  1.74706656E+00
 -6.70586260E-01  1.74706656E+00
 -7.82350966E-01  1.74706656E+00
 -8.94115672E-01  1.74706656E+00
 -8.94115672E-01  1.64118421E+00
 -8.94115672E-01  1.53530186E+00
 -8.94115672E-01  1.42941951E+00
 -8.94115672E-01  1.32353715E+00
 -8.94115672E-01  1.21765480E+00
 -8.94115672E-01  1.11177245E+00
 -8.94115672E-01  1.00589009E+00
 -8.94115672E-01  9.00007741E-01
 -8.94115672E-01  7.94125388E-01
 -8.94115672E-01  6.88243035E-01
 -8.94115672E-01  5.82360682E-01
 -8.94115672E-01  4.76478329E-01
 -8.94115672E-01  3.70595976E-01
 -8.94115672E-01  2.64713623E-01
 -8.94115672E-01  1.58831270E-01
 -8.94115672E-01  5.29489172E-02
 -8.94115672E-01 -5.29334357E-02
 -8.94115672E-01 -1.58815789E-01
 -8.94115672E-01 -2.64698142E-01
 -8.94115672E-01 -3.70580495E-01
 -8.94115672E-01 -4.76462847E-01
 -8.94115672E-01 -5.82345200E-01
 -8.94115672E-01 -6.88227553E-01
 -8.94115672E-01 -7.94109906E-01
 -8.94115672E-01 -8.99992259E-01
 -8.94115672E-01 -1.00587461E+00
 -8.94115672E-01 -1.11175697E+00
 -8.94115672E-01 -1.21763932E+00
 -8.94115672E-01 -1.32352167E+00
 -8.94115672E-01 -1.42940402E+00
 -8.94115672E-01 -1.53528638E+00
 -8.94115672E-01 -1.64116873E+00
 -8.94115672E-01 -1.74705108E+00

#------------------------------------------------------------------------------
z: xorg(1.03)
p: xfac[c2*0.05] form[c1/0.05] notc noxt noyt dmin(1)
p: ymin(0) ymax(1) xmin(0) xmax(1) cmin(1) cmax(100) nosp
hc: y= 0.005 to 0.995 by 0.01 ; x= 0.5 to 0.5 by 1 ;
 1  2  3  4  5  6  7  8  9 10 11 12 13 14 15 16 17 18 19 20
21 22 23 24 25 26 27 28 29 30 31 32 33 34 35 36 37 38 39 40
41 42 43 44 45 46 47 48 49 50 51 52 53 54 55 56 57 58 59 60
61 62 63 64 65 66 67 68 69 70 71 72 73 74 75 76 77 78 79 80
81 82 83 84 85 86 87 88 89 90 91 92 93 94 95 96 97 98 99 100
z: xorg(0.0)
p: xfac[c2*0.05] form[c1/0.05] nosp afac[c5*0.625] ymin[c3] ymax[c4]
p: noxt noxn ytxt(-1) ynum(-1) xltd(-1) xstd(-1) itic(1) ylog
y: Dose [Gy/source]      
#------------------------------------------------------------------------------

wt: s[c5]
\vspace{-3}
  zmin  &=&   9.8380E+01 [cm]
  zmax  &=&   9.8430E+01 [cm]
  part. &=& photon  
e:

#------------------------------------------------------------------------------
z: xorg[-1.03/0.05]
p: form[c1] xfac[c2] afac[c5] nosp notf
p: xmin(-0.8000000    ) xmax( 0.8000000    )
p: ymin( -1.650000    ) ymax(  1.650000    )

#------------------------------------------------------------------------------
 newpage:
#   no. =  3   iz  =  2   part. = proton  
#   z = (   9.8430E+01  -   9.8480E+01  )

'no. =  3,  iz =  2'
msuc: {\huge Dosis xy}
msdr: {\it plotted by \ANGEL \version}
msdl: {\it calculated by \PHITS  3.36}

x: x [cm]
y: y [cm]
set: c1[ 2.062] c2[ 0.627] c5[ 0.800] c6[ 0.743] c7[ 0.708] c8[ 0.000]
p: h2fs form[c1] xfac[c2] afac[c5] scal[c6] xorg[c7] yorg[c8] nosp
set: c3[   2.125704E-08] c4[   1.037617E-01]
p: cmin[c3] cmax[c4]
p: dmin(1e-31)
p: zlog
p: xmin(-0.8000000    ) xmax( 0.8000000    )
p: ymin( -1.650000    ) ymax(  1.650000    )
#  ny =  33   nx =  16
# ( ( data(x,y), x = 1, nx ), y = ny, 1, -1 )

hc:  y =   1.600000     to  -1.600000     by  0.1000000     ; x = -0.7500000     to  0.7500000     by  0.1000000     ;
  3.220E-05  3.818E-05  0.000E+00  1.429E-05  1.731E-04  0.000E+00  0.000E+00  8.425E-06  1.214E-05  0.000E+00
  0.000E+00  0.000E+00  2.309E-05  1.143E-04  6.385E-05  0.000E+00  1.158E-04  2.947E-05  1.734E-05  9.106E-07
  5.395E-05  2.681E-05  0.000E+00  2.336E-05  0.000E+00  0.000E+00  0.000E+00  5.055E-05  1.704E-04  4.820E-05
  1.159E-04  5.105E-05  0.000E+00  4.685E-05  0.000E+00  0.000E+00  0.000E+00  2.682E-04  8.634E-05  0.000E+00
  0.000E+00  0.000E+00  0.000E+00  0.000E+00  1.805E-05  5.351E-06  0.000E+00  1.347E-04  5.210E-05  9.481E-06
  0.000E+00  7.598E-06  0.000E+00  0.000E+00  0.000E+00  0.000E+00  0.000E+00  0.000E+00  5.704E-05  1.234E-04
  0.000E+00  5.470E-05  7.482E-06  6.618E-05  5.560E-05  1.363E-04  0.000E+00  8.959E-05  0.000E+00  0.000E+00
  3.068E-05  5.815E-05  0.000E+00  0.000E+00  0.000E+00  0.000E+00  0.000E+00  0.000E+00  3.171E-06  1.511E-04
  1.828E-05  0.000E+00  1.140E-05  0.000E+00  0.000E+00  0.000E+00  0.000E+00  0.000E+00  0.000E+00  0.000E+00
  0.000E+00  0.000E+00  0.000E+00  0.000E+00  0.000E+00  8.200E-05  0.000E+00  0.000E+00  2.399E-05  5.368E-05
  0.000E+00  1.805E-05  0.000E+00  6.260E-05  2.187E-05  0.000E+00  0.000E+00  8.902E-05  0.000E+00  3.601E-05
  4.138E-05  6.650E-05  0.000E+00  0.000E+00  0.000E+00  7.832E-05  0.000E+00  0.000E+00  3.244E-05  4.766E-05
  0.000E+00  0.000E+00  0.000E+00  4.790E-05  2.089E-04  4.573E-05  0.000E+00  0.000E+00  0.000E+00  0.000E+00
  0.000E+00  0.000E+00  0.000E+00  0.000E+00  0.000E+00  8.563E-05  0.000E+00  0.000E+00  1.190E-06  9.287E-05
  0.000E+00  0.000E+00  5.868E-05  0.000E+00  3.673E-05  0.000E+00  0.000E+00  0.000E+00  0.000E+00  2.231E-05
  0.000E+00  4.115E-05  7.752E-05  1.571E-04  5.105E-05  0.000E+00  0.000E+00  0.000E+00  0.000E+00  0.000E+00
  0.000E+00  0.000E+00  0.000E+00  0.000E+00  0.000E+00  0.000E+00  0.000E+00  0.000E+00  6.845E-05  7.348E-05
  2.119E-04  0.000E+00  0.000E+00  1.480E-04  1.295E-05  0.000E+00  0.000E+00  0.000E+00  0.000E+00  0.000E+00
  0.000E+00  0.000E+00  0.000E+00  0.000E+00  0.000E+00  6.593E-05  7.413E-05  0.000E+00  0.000E+00  0.000E+00
  8.916E-05  0.000E+00  0.000E+00  0.000E+00  0.000E+00  7.269E-05  0.000E+00  0.000E+00  0.000E+00  3.299E-05
  0.000E+00  0.000E+00  6.673E-05  0.000E+00  0.000E+00  0.000E+00  6.057E-05  0.000E+00  4.939E-08  0.000E+00
  0.000E+00  6.938E-05  7.943E-05  0.000E+00  6.159E-05  5.385E-05  0.000E+00  2.950E-05  3.104E-05  0.000E+00
  0.000E+00  2.470E-05  7.080E-05  2.215E-05  2.610E-05  1.123E-05  0.000E+00  0.000E+00  0.000E+00  0.000E+00
  2.297E-08  0.000E+00  1.186E-04  7.647E-05  2.600E-05  0.000E+00  3.758E-05  6.263E-05  4.895E-05  4.477E-06
  2.094E-06  4.712E-05  2.084E-05  8.892E-06  0.000E+00  5.364E-05  2.586E-04  9.018E-03  9.450E-03  1.083E-04
  4.590E-05  3.547E-05  2.403E-05  0.000E+00  1.539E-04  7.349E-05  0.000E+00  0.000E+00  7.657E-06  0.000E+00
  0.000E+00  0.000E+00  8.818E-04  1.012E-01  9.591E-02  1.002E-03  0.000E+00  0.000E+00  2.070E-05  2.858E-05
  4.052E-05  7.870E-05  2.968E-06  2.699E-05  0.000E+00  1.003E-05  1.368E-04  1.392E-05  0.000E+00  8.630E-03
  7.559E-03  2.017E-04  0.000E+00  0.000E+00  0.000E+00  4.920E-06  1.292E-05  0.000E+00  0.000E+00  0.000E+00
  0.000E+00  5.571E-05  2.062E-06  5.736E-06  1.820E-05  1.532E-05  2.626E-05  5.288E-05  3.199E-05  0.000E+00
  3.493E-05  2.962E-05  0.000E+00  0.000E+00  0.000E+00  0.000E+00  0.000E+00  5.252E-05  4.519E-05  0.000E+00
  0.000E+00  0.000E+00  0.000E+00  2.358E-05  0.000E+00  7.332E-07  1.562E-05  0.000E+00  0.000E+00  0.000E+00
  0.000E+00  2.588E-05  8.870E-05  3.221E-05  7.733E-05  5.986E-05  0.000E+00  0.000E+00  0.000E+00  0.000E+00
  0.000E+00  0.000E+00  2.438E-05  2.432E-05  0.000E+00  0.000E+00  0.000E+00  0.000E+00  0.000E+00  0.000E+00
  7.480E-05  0.000E+00  4.548E-05  1.118E-04  1.033E-04  0.000E+00  0.000E+00  0.000E+00  0.000E+00  0.000E+00
  0.000E+00  0.000E+00  1.042E-04  6.639E-05  0.000E+00  6.885E-05  2.819E-05  0.000E+00  0.000E+00  0.000E+00
  0.000E+00  0.000E+00  0.000E+00  0.000E+00  0.000E+00  1.533E-05  1.651E-04  6.481E-05  8.036E-05  4.165E-05
  2.335E-06  2.141E-05  0.000E+00  0.000E+00  0.000E+00  0.000E+00  3.384E-05  0.000E+00  3.906E-05  0.000E+00
  0.000E+00  0.000E+00  0.000E+00  0.000E+00  0.000E+00  0.000E+00  0.000E+00  1.527E-04  0.000E+00  0.000E+00
  4.697E-05  4.393E-05  0.000E+00  0.000E+00  1.180E-04  0.000E+00  3.660E-05  2.126E-08  0.000E+00  0.000E+00
  0.000E+00  3.009E-06  0.000E+00  8.907E-05  3.902E-05  9.247E-05  1.172E-05  0.000E+00  3.053E-05  0.000E+00
  2.570E-05  2.693E-04  0.000E+00  0.000E+00  5.378E-05  2.243E-05  0.000E+00  2.662E-05  0.000E+00  8.251E-05
  5.240E-05  8.017E-05  3.794E-05  7.299E-06  3.272E-05  1.046E-04  1.569E-05  0.000E+00  0.000E+00  0.000E+00
  5.103E-05  0.000E+00  1.172E-05  3.831E-05  0.000E+00  1.406E-06  0.000E+00  1.703E-04  5.474E-05  0.000E+00
  8.674E-05  1.547E-04  0.000E+00  0.000E+00  0.000E+00  0.000E+00  0.000E+00  0.000E+00  6.981E-05  5.320E-05
  0.000E+00  0.000E+00  0.000E+00  7.969E-06  0.000E+00  0.000E+00  0.000E+00  0.000E+00  0.000E+00  0.000E+00
  0.000E+00  0.000E+00  0.000E+00  0.000E+00  0.000E+00  0.000E+00  0.000E+00  0.000E+00  0.000E+00  6.356E-05
  0.000E+00  0.000E+00  1.534E-04  1.061E-04  4.608E-06  0.000E+00  0.000E+00  0.000E+00  0.000E+00  0.000E+00
  0.000E+00  3.454E-05  0.000E+00  5.497E-05  0.000E+00  1.901E-06  0.000E+00  0.000E+00  1.510E-04  0.000E+00
  0.000E+00  0.000E+00  0.000E+00  1.742E-05  0.000E+00  1.363E-05  1.814E-05  0.000E+00  0.000E+00  5.388E-05
  0.000E+00  4.041E-05  0.000E+00  0.000E+00  4.128E-05  0.000E+00  0.000E+00  0.000E+00  0.000E+00  4.474E-05
  2.446E-05  0.000E+00  0.000E+00  0.000E+00  2.324E-04  0.000E+00  1.714E-05  0.000E+00  2.260E-04  0.000E+00
  0.000E+00  0.000E+00  0.000E+00  0.000E+00  1.494E-05  3.727E-04  0.000E+00  1.574E-05

#------------------------------------------------------------------------------
# gshow
#------------------------------------------------------------------------------

p: legs[c5*0.875]

hb:   line clip z  
frame:
 -7.9999814E-01 -1.6499925E+00
  8.0000186E-01 -1.6499925E+00
  8.0000186E-01  1.6500075E+00
 -7.9999814E-01  1.6500075E+00
clip:
 -8.94115672E-01 -1.74705108E+00
  8.94119622E-01 -1.74705108E+00
  8.94119622E-01 -1.64116873E+00
  8.94119622E-01 -1.53528638E+00
  8.94119622E-01 -1.42940402E+00
  8.94119622E-01 -1.32352167E+00
  8.94119622E-01 -1.21763932E+00
  8.94119622E-01 -1.11175697E+00
  8.94119622E-01 -1.00587461E+00
  8.94119622E-01 -8.99992259E-01
  8.94119622E-01 -7.94109906E-01
  8.94119622E-01 -6.88227553E-01
  8.94119622E-01 -5.82345200E-01
  8.94119622E-01 -4.76462847E-01
  8.94119622E-01 -3.70580495E-01
  8.94119622E-01 -2.64698142E-01
  8.94119622E-01 -1.58815789E-01
  8.94119622E-01 -5.29334357E-02
  8.94119622E-01  5.29489172E-02
  8.94119622E-01  1.58831270E-01
  8.94119622E-01  2.64713623E-01
  8.94119622E-01  3.70595976E-01
  8.94119622E-01  4.76478329E-01
  8.94119622E-01  5.82360682E-01
  8.94119622E-01  6.88243035E-01
  8.94119622E-01  7.94125388E-01
  8.94119622E-01  9.00007741E-01
  8.94119622E-01  1.00589009E+00
  8.94119622E-01  1.11177245E+00
  8.94119622E-01  1.21765480E+00
  8.94119622E-01  1.32353715E+00
  8.94119622E-01  1.42941951E+00
  8.94119622E-01  1.53530186E+00
  8.94119622E-01  1.64118421E+00
  8.94119622E-01  1.74706656E+00
  7.82354916E-01  1.74706656E+00
  6.70590211E-01  1.74706656E+00
  5.58825505E-01  1.74706656E+00
  4.47060799E-01  1.74706656E+00
  3.35296093E-01  1.74706656E+00
  2.23531387E-01  1.74706656E+00
  1.11766681E-01  1.74706656E+00
  1.97530848E-06  1.74706656E+00
 -1.11762731E-01  1.74706656E+00
 -2.23527436E-01  1.74706656E+00
 -3.35292142E-01  1.74706656E+00
 -4.47056848E-01  1.74706656E+00
 -5.58821554E-01  1.74706656E+00
 -6.70586260E-01  1.74706656E+00
 -7.82350966E-01  1.74706656E+00
 -8.94115672E-01  1.74706656E+00
 -8.94115672E-01  1.64118421E+00
 -8.94115672E-01  1.53530186E+00
 -8.94115672E-01  1.42941951E+00
 -8.94115672E-01  1.32353715E+00
 -8.94115672E-01  1.21765480E+00
 -8.94115672E-01  1.11177245E+00
 -8.94115672E-01  1.00589009E+00
 -8.94115672E-01  9.00007741E-01
 -8.94115672E-01  7.94125388E-01
 -8.94115672E-01  6.88243035E-01
 -8.94115672E-01  5.82360682E-01
 -8.94115672E-01  4.76478329E-01
 -8.94115672E-01  3.70595976E-01
 -8.94115672E-01  2.64713623E-01
 -8.94115672E-01  1.58831270E-01
 -8.94115672E-01  5.29489172E-02
 -8.94115672E-01 -5.29334357E-02
 -8.94115672E-01 -1.58815789E-01
 -8.94115672E-01 -2.64698142E-01
 -8.94115672E-01 -3.70580495E-01
 -8.94115672E-01 -4.76462847E-01
 -8.94115672E-01 -5.82345200E-01
 -8.94115672E-01 -6.88227553E-01
 -8.94115672E-01 -7.94109906E-01
 -8.94115672E-01 -8.99992259E-01
 -8.94115672E-01 -1.00587461E+00
 -8.94115672E-01 -1.11175697E+00
 -8.94115672E-01 -1.21763932E+00
 -8.94115672E-01 -1.32352167E+00
 -8.94115672E-01 -1.42940402E+00
 -8.94115672E-01 -1.53528638E+00
 -8.94115672E-01 -1.64116873E+00
 -8.94115672E-01 -1.74705108E+00

#------------------------------------------------------------------------------
z: xorg(1.03)
p: xfac[c2*0.05] form[c1/0.05] notc noxt noyt dmin(1)
p: ymin(0) ymax(1) xmin(0) xmax(1) cmin(1) cmax(100) nosp
hc: y= 0.005 to 0.995 by 0.01 ; x= 0.5 to 0.5 by 1 ;
 1  2  3  4  5  6  7  8  9 10 11 12 13 14 15 16 17 18 19 20
21 22 23 24 25 26 27 28 29 30 31 32 33 34 35 36 37 38 39 40
41 42 43 44 45 46 47 48 49 50 51 52 53 54 55 56 57 58 59 60
61 62 63 64 65 66 67 68 69 70 71 72 73 74 75 76 77 78 79 80
81 82 83 84 85 86 87 88 89 90 91 92 93 94 95 96 97 98 99 100
z: xorg(0.0)
p: xfac[c2*0.05] form[c1/0.05] nosp afac[c5*0.625] ymin[c3] ymax[c4]
p: noxt noxn ytxt(-1) ynum(-1) xltd(-1) xstd(-1) itic(1) ylog
y: Dose [Gy/source]      
#------------------------------------------------------------------------------

wt: s[c5]
\vspace{-3}
  zmin  &=&   9.8430E+01 [cm]
  zmax  &=&   9.8480E+01 [cm]
  part. &=& proton  
e:

#------------------------------------------------------------------------------
z: xorg[-1.03/0.05]
p: form[c1] xfac[c2] afac[c5] nosp notf
p: xmin(-0.8000000    ) xmax( 0.8000000    )
p: ymin( -1.650000    ) ymax(  1.650000    )

#------------------------------------------------------------------------------
 newpage:
#   no. =  4   iz  =  2   part. = photon  
#   z = (   9.8430E+01  -   9.8480E+01  )

'no. =  4,  iz =  2'
msuc: {\huge Dosis xy}
msdr: {\it plotted by \ANGEL \version}
msdl: {\it calculated by \PHITS  3.36}

x: x [cm]
y: y [cm]
set: c1[ 2.062] c2[ 0.627] c5[ 0.800] c6[ 0.743] c7[ 0.708] c8[ 0.000]
p: h2fs form[c1] xfac[c2] afac[c5] scal[c6] xorg[c7] yorg[c8] nosp
set: c3[   2.125704E-08] c4[   1.037617E-01]
p: cmin[c3] cmax[c4]
p: dmin(1e-31)
p: zlog
p: xmin(-0.8000000    ) xmax( 0.8000000    )
p: ymin( -1.650000    ) ymax(  1.650000    )
#  ny =  33   nx =  16
# ( ( data(x,y), x = 1, nx ), y = ny, 1, -1 )

hc:  y =   1.600000     to  -1.600000     by  0.1000000     ; x = -0.7500000     to  0.7500000     by  0.1000000     ;
  8.009E-07  9.661E-07  8.966E-07  9.809E-07  1.645E-06  1.233E-06  1.136E-06  1.539E-06  8.940E-07  1.134E-06
  6.611E-07  1.434E-06  8.575E-07  8.153E-07  8.787E-07  8.971E-07  1.056E-06  6.146E-07  1.180E-06  8.094E-07
  1.128E-06  1.387E-06  7.775E-07  1.141E-06  9.225E-07  9.910E-07  1.056E-06  1.136E-06  7.626E-07  8.858E-07
  8.945E-07  8.404E-07  1.161E-06  1.148E-06  1.176E-06  1.019E-06  9.912E-07  9.739E-07  8.173E-07  1.338E-06
  8.672E-07  9.285E-07  7.038E-07  9.705E-07  8.970E-07  8.006E-07  6.122E-07  9.670E-07  1.612E-06  7.564E-07
  1.298E-06  8.792E-07  9.635E-07  7.919E-07  1.075E-06  9.500E-07  8.203E-07  6.356E-07  9.941E-07  1.649E-06
  9.259E-07  1.062E-06  9.605E-07  8.475E-07  9.885E-07  9.657E-07  1.141E-06  9.363E-07  1.233E-06  9.506E-07
  9.047E-07  9.717E-07  8.887E-07  1.370E-06  1.178E-06  1.230E-06  9.619E-07  1.482E-06  6.873E-07  8.593E-07
  1.285E-06  1.203E-06  1.012E-06  1.109E-06  7.951E-07  1.682E-06  1.034E-06  1.238E-06  8.213E-07  8.605E-07
  1.213E-06  1.218E-06  1.300E-06  1.212E-06  9.861E-07  8.309E-07  1.039E-06  6.864E-07  1.060E-06  1.200E-06
  1.106E-06  1.355E-06  8.486E-07  1.675E-06  1.227E-06  1.560E-06  1.143E-06  7.714E-07  1.452E-06  1.205E-06
  9.818E-07  1.000E-06  1.329E-06  9.988E-07  1.103E-06  8.904E-07  9.429E-07  1.176E-06  1.011E-06  1.300E-06
  1.075E-06  6.412E-07  1.008E-06  1.128E-06  1.221E-06  1.304E-06  1.375E-06  1.194E-06  9.844E-07  1.175E-06
  8.830E-07  1.327E-06  9.449E-07  1.093E-06  1.194E-06  1.211E-06  1.331E-06  1.301E-06  7.634E-07  7.466E-07
  9.960E-07  1.163E-06  1.369E-06  1.195E-06  1.283E-06  9.453E-07  8.865E-07  1.139E-06  1.158E-06  1.254E-06
  1.442E-06  1.303E-06  1.439E-06  1.150E-06  1.016E-06  1.272E-06  9.408E-07  1.133E-06  1.293E-06  1.265E-06
  1.365E-06  1.051E-06  1.130E-06  9.627E-07  1.548E-06  1.341E-06  1.048E-06  9.326E-07  1.376E-06  1.152E-06
  1.005E-06  7.477E-07  7.780E-07  1.618E-06  1.104E-06  8.588E-07  1.065E-06  1.325E-06  1.434E-06  1.188E-06
  1.673E-06  1.473E-06  1.206E-06  1.034E-06  9.949E-07  9.610E-07  9.972E-07  1.002E-06  8.113E-07  1.151E-06
  1.504E-06  1.011E-06  9.979E-07  1.049E-06  1.163E-06  1.433E-06  1.007E-06  1.343E-06  1.525E-06  1.231E-06
  1.107E-06  9.711E-07  1.208E-06  1.129E-06  1.218E-06  1.436E-06  1.362E-06  1.553E-06  1.124E-06  1.438E-06
  1.210E-06  8.274E-07  8.171E-07  1.169E-06  1.287E-06  1.050E-06  1.345E-06  9.448E-07  1.283E-06  1.104E-06
  1.229E-06  1.515E-06  1.438E-06  1.052E-06  1.281E-06  1.552E-06  7.619E-07  1.277E-06  1.020E-06  1.464E-06
  1.445E-06  1.329E-06  1.203E-06  1.415E-06  1.347E-06  1.237E-06  1.200E-06  9.458E-07  1.417E-06  1.301E-06
  1.208E-06  1.477E-06  8.459E-07  1.467E-06  1.411E-06  1.278E-06  9.584E-07  1.156E-06  1.167E-06  1.123E-06
  1.107E-06  1.271E-06  1.125E-06  1.503E-06  1.487E-06  9.914E-07  1.412E-06  1.578E-06  1.053E-06  9.616E-07
  8.255E-07  8.431E-07  1.276E-06  1.098E-06  1.555E-06  1.662E-06  1.743E-06  1.265E-06  1.429E-06  9.722E-07
  9.942E-07  1.247E-06  1.049E-06  1.259E-06  1.012E-06  1.247E-06  1.203E-06  1.472E-06  1.370E-06  1.320E-06
  1.722E-06  1.483E-06  1.621E-06  1.539E-06  1.354E-06  1.370E-06  1.078E-06  1.620E-06  1.029E-06  1.091E-06
  1.236E-06  1.015E-06  1.132E-06  1.350E-06  1.388E-06  1.112E-06  1.041E-06  1.449E-06  1.595E-06  1.071E-06
  1.808E-06  1.141E-06  1.087E-06  1.112E-06  1.436E-06  1.366E-06  8.910E-07  1.283E-06  1.212E-06  1.414E-06
  1.074E-06  1.224E-06  1.432E-06  1.533E-06  9.945E-07  1.546E-06  1.221E-06  1.264E-06  1.481E-06  1.327E-06
  1.156E-06  1.402E-06  1.408E-06  1.037E-06  1.664E-06  9.277E-07  6.105E-07  1.141E-06  1.081E-06  1.492E-06
  1.015E-06  1.348E-06  9.295E-07  1.250E-06  1.260E-06  1.270E-06  1.360E-06  1.015E-06  9.433E-07  8.776E-07
  7.830E-07  1.235E-06  1.114E-06  1.132E-06  1.208E-06  1.082E-06  1.191E-06  1.516E-06  1.264E-06  1.127E-06
  1.073E-06  1.177E-06  9.543E-07  1.452E-06  1.224E-06  1.235E-06  9.076E-07  1.088E-06  9.410E-07  8.960E-07
  1.026E-06  1.296E-06  1.191E-06  1.066E-06  1.631E-06  9.766E-07  1.357E-06  1.047E-06  1.193E-06  8.532E-07
  1.016E-06  1.128E-06  8.797E-07  1.379E-06  1.254E-06  8.088E-07  1.564E-06  1.266E-06  1.255E-06  8.891E-07
  1.302E-06  1.268E-06  1.047E-06  1.128E-06  1.090E-06  7.720E-07  9.456E-07  1.349E-06  1.194E-06  1.226E-06
  1.348E-06  1.166E-06  9.969E-07  9.476E-07  1.535E-06  1.035E-06  1.230E-06  1.159E-06  8.216E-07  7.191E-07
  1.085E-06  9.551E-07  1.225E-06  9.758E-07  1.184E-06  1.183E-06  1.265E-06  1.643E-06  1.186E-06  1.199E-06
  1.274E-06  1.111E-06  1.167E-06  1.032E-06  1.018E-06  1.255E-06  1.254E-06  7.556E-07  8.110E-07  8.136E-07
  1.038E-06  1.584E-06  1.745E-06  1.303E-06  1.142E-06  1.142E-06  1.557E-06  1.150E-06  1.161E-06  1.091E-06
  1.382E-06  1.142E-06  1.069E-06  1.081E-06  1.136E-06  9.864E-07  8.270E-07  1.065E-06  9.643E-07  1.208E-06
  8.800E-07  8.841E-07  1.231E-06  1.392E-06  1.555E-06  8.592E-07  8.258E-07  5.628E-07  1.311E-06  8.549E-07
  1.127E-06  1.223E-06  1.329E-06  1.043E-06  9.922E-07  1.244E-06  8.243E-07  1.106E-06  1.136E-06  9.132E-07
  1.313E-06  1.347E-06  1.015E-06  8.363E-07  6.533E-07  8.655E-07  9.521E-07  1.007E-06  9.107E-07  1.042E-06
  9.789E-07  6.653E-07  9.375E-07  8.537E-07  1.272E-06  8.262E-07  9.262E-07  7.547E-07  1.039E-06  9.578E-07
  7.452E-07  9.405E-07  1.006E-06  1.076E-06  9.236E-07  9.773E-07  1.028E-06  7.973E-07  1.082E-06  1.087E-06
  1.031E-06  1.618E-06  6.467E-07  7.312E-07  8.287E-07  1.022E-06  8.216E-07  9.858E-07  9.224E-07  1.033E-06
  8.536E-07  8.183E-07  9.133E-07  9.036E-07  1.293E-06  9.849E-07  8.887E-07  1.013E-06  9.922E-07  9.860E-07
  6.315E-07  8.107E-07  9.927E-07  1.548E-06  8.575E-07  1.041E-06  1.072E-06  6.016E-07  7.594E-07  7.739E-07
  9.847E-07  1.134E-06  1.051E-06  1.045E-06  1.129E-06  8.692E-07  9.828E-07  8.369E-07

#------------------------------------------------------------------------------
# gshow
#------------------------------------------------------------------------------

p: legs[c5*0.875]

hb:   line clip z  
frame:
 -7.9999814E-01 -1.6499925E+00
  8.0000186E-01 -1.6499925E+00
  8.0000186E-01  1.6500075E+00
 -7.9999814E-01  1.6500075E+00
clip:
 -8.94115672E-01 -1.74705108E+00
  8.94119622E-01 -1.74705108E+00
  8.94119622E-01 -1.64116873E+00
  8.94119622E-01 -1.53528638E+00
  8.94119622E-01 -1.42940402E+00
  8.94119622E-01 -1.32352167E+00
  8.94119622E-01 -1.21763932E+00
  8.94119622E-01 -1.11175697E+00
  8.94119622E-01 -1.00587461E+00
  8.94119622E-01 -8.99992259E-01
  8.94119622E-01 -7.94109906E-01
  8.94119622E-01 -6.88227553E-01
  8.94119622E-01 -5.82345200E-01
  8.94119622E-01 -4.76462847E-01
  8.94119622E-01 -3.70580495E-01
  8.94119622E-01 -2.64698142E-01
  8.94119622E-01 -1.58815789E-01
  8.94119622E-01 -5.29334357E-02
  8.94119622E-01  5.29489172E-02
  8.94119622E-01  1.58831270E-01
  8.94119622E-01  2.64713623E-01
  8.94119622E-01  3.70595976E-01
  8.94119622E-01  4.76478329E-01
  8.94119622E-01  5.82360682E-01
  8.94119622E-01  6.88243035E-01
  8.94119622E-01  7.94125388E-01
  8.94119622E-01  9.00007741E-01
  8.94119622E-01  1.00589009E+00
  8.94119622E-01  1.11177245E+00
  8.94119622E-01  1.21765480E+00
  8.94119622E-01  1.32353715E+00
  8.94119622E-01  1.42941951E+00
  8.94119622E-01  1.53530186E+00
  8.94119622E-01  1.64118421E+00
  8.94119622E-01  1.74706656E+00
  7.82354916E-01  1.74706656E+00
  6.70590211E-01  1.74706656E+00
  5.58825505E-01  1.74706656E+00
  4.47060799E-01  1.74706656E+00
  3.35296093E-01  1.74706656E+00
  2.23531387E-01  1.74706656E+00
  1.11766681E-01  1.74706656E+00
  1.97530848E-06  1.74706656E+00
 -1.11762731E-01  1.74706656E+00
 -2.23527436E-01  1.74706656E+00
 -3.35292142E-01  1.74706656E+00
 -4.47056848E-01  1.74706656E+00
 -5.58821554E-01  1.74706656E+00
 -6.70586260E-01  1.74706656E+00
 -7.82350966E-01  1.74706656E+00
 -8.94115672E-01  1.74706656E+00
 -8.94115672E-01  1.64118421E+00
 -8.94115672E-01  1.53530186E+00
 -8.94115672E-01  1.42941951E+00
 -8.94115672E-01  1.32353715E+00
 -8.94115672E-01  1.21765480E+00
 -8.94115672E-01  1.11177245E+00
 -8.94115672E-01  1.00589009E+00
 -8.94115672E-01  9.00007741E-01
 -8.94115672E-01  7.94125388E-01
 -8.94115672E-01  6.88243035E-01
 -8.94115672E-01  5.82360682E-01
 -8.94115672E-01  4.76478329E-01
 -8.94115672E-01  3.70595976E-01
 -8.94115672E-01  2.64713623E-01
 -8.94115672E-01  1.58831270E-01
 -8.94115672E-01  5.29489172E-02
 -8.94115672E-01 -5.29334357E-02
 -8.94115672E-01 -1.58815789E-01
 -8.94115672E-01 -2.64698142E-01
 -8.94115672E-01 -3.70580495E-01
 -8.94115672E-01 -4.76462847E-01
 -8.94115672E-01 -5.82345200E-01
 -8.94115672E-01 -6.88227553E-01
 -8.94115672E-01 -7.94109906E-01
 -8.94115672E-01 -8.99992259E-01
 -8.94115672E-01 -1.00587461E+00
 -8.94115672E-01 -1.11175697E+00
 -8.94115672E-01 -1.21763932E+00
 -8.94115672E-01 -1.32352167E+00
 -8.94115672E-01 -1.42940402E+00
 -8.94115672E-01 -1.53528638E+00
 -8.94115672E-01 -1.64116873E+00
 -8.94115672E-01 -1.74705108E+00

#------------------------------------------------------------------------------
z: xorg(1.03)
p: xfac[c2*0.05] form[c1/0.05] notc noxt noyt dmin(1)
p: ymin(0) ymax(1) xmin(0) xmax(1) cmin(1) cmax(100) nosp
hc: y= 0.005 to 0.995 by 0.01 ; x= 0.5 to 0.5 by 1 ;
 1  2  3  4  5  6  7  8  9 10 11 12 13 14 15 16 17 18 19 20
21 22 23 24 25 26 27 28 29 30 31 32 33 34 35 36 37 38 39 40
41 42 43 44 45 46 47 48 49 50 51 52 53 54 55 56 57 58 59 60
61 62 63 64 65 66 67 68 69 70 71 72 73 74 75 76 77 78 79 80
81 82 83 84 85 86 87 88 89 90 91 92 93 94 95 96 97 98 99 100
z: xorg(0.0)
p: xfac[c2*0.05] form[c1/0.05] nosp afac[c5*0.625] ymin[c3] ymax[c4]
p: noxt noxn ytxt(-1) ynum(-1) xltd(-1) xstd(-1) itic(1) ylog
y: Dose [Gy/source]      
#------------------------------------------------------------------------------

wt: s[c5]
\vspace{-3}
  zmin  &=&   9.8430E+01 [cm]
  zmax  &=&   9.8480E+01 [cm]
  part. &=& photon  
e:

#------------------------------------------------------------------------------
z: xorg[-1.03/0.05]
p: form[c1] xfac[c2] afac[c5] nosp notf
p: xmin(-0.8000000    ) xmax( 0.8000000    )
p: ymin( -1.650000    ) ymax(  1.650000    )

#------------------------------------------------------------------------------
 newpage:
#   no. =  5   iz  =  3   part. = proton  
#   z = (   9.8480E+01  -   9.8530E+01  )

'no. =  5,  iz =  3'
msuc: {\huge Dosis xy}
msdr: {\it plotted by \ANGEL \version}
msdl: {\it calculated by \PHITS  3.36}

x: x [cm]
y: y [cm]
set: c1[ 2.062] c2[ 0.627] c5[ 0.800] c6[ 0.743] c7[ 0.708] c8[ 0.000]
p: h2fs form[c1] xfac[c2] afac[c5] scal[c6] xorg[c7] yorg[c8] nosp
set: c3[   2.125704E-08] c4[   1.037617E-01]
p: cmin[c3] cmax[c4]
p: dmin(1e-31)
p: zlog
p: xmin(-0.8000000    ) xmax( 0.8000000    )
p: ymin( -1.650000    ) ymax(  1.650000    )
#  ny =  33   nx =  16
# ( ( data(x,y), x = 1, nx ), y = ny, 1, -1 )

hc:  y =   1.600000     to  -1.600000     by  0.1000000     ; x = -0.7500000     to  0.7500000     by  0.1000000     ;
  2.216E-04  9.428E-05  0.000E+00  0.000E+00  0.000E+00  1.882E-05  0.000E+00  4.186E-05  0.000E+00  0.000E+00
  0.000E+00  0.000E+00  7.613E-05  0.000E+00  0.000E+00  0.000E+00  7.318E-05  2.153E-06  3.689E-05  1.640E-05
  8.938E-06  3.475E-05  0.000E+00  2.194E-05  0.000E+00  0.000E+00  0.000E+00  0.000E+00  4.492E-06  1.313E-04
  1.196E-05  0.000E+00  7.949E-06  2.914E-05  0.000E+00  0.000E+00  5.317E-05  9.448E-05  8.588E-06  0.000E+00
  0.000E+00  3.491E-05  1.331E-05  0.000E+00  0.000E+00  0.000E+00  9.460E-05  0.000E+00  1.110E-04  1.034E-05
  0.000E+00  0.000E+00  2.002E-04  1.148E-04  1.012E-04  0.000E+00  0.000E+00  0.000E+00  3.966E-05  0.000E+00
  0.000E+00  0.000E+00  6.461E-05  0.000E+00  3.869E-05  0.000E+00  0.000E+00  1.330E-05  1.313E-05  0.000E+00
  0.000E+00  8.370E-05  0.000E+00  0.000E+00  0.000E+00  0.000E+00  0.000E+00  0.000E+00  8.472E-05  5.201E-07
  2.713E-05  0.000E+00  0.000E+00  4.701E-05  0.000E+00  0.000E+00  0.000E+00  0.000E+00  0.000E+00  4.760E-05
  0.000E+00  0.000E+00  0.000E+00  0.000E+00  0.000E+00  0.000E+00  0.000E+00  0.000E+00  0.000E+00  8.232E-05
  9.426E-07  1.395E-05  0.000E+00  0.000E+00  3.904E-05  7.681E-07  0.000E+00  6.096E-05  0.000E+00  0.000E+00
  6.554E-06  9.633E-05  0.000E+00  0.000E+00  0.000E+00  6.206E-05  0.000E+00  0.000E+00  1.554E-06  9.270E-05
  0.000E+00  7.764E-06  1.405E-04  7.689E-06  0.000E+00  0.000E+00  0.000E+00  0.000E+00  0.000E+00  0.000E+00
  0.000E+00  0.000E+00  0.000E+00  0.000E+00  0.000E+00  4.212E-06  5.865E-05  6.168E-05  0.000E+00  6.358E-05
  1.746E-05  0.000E+00  9.077E-05  0.000E+00  1.286E-05  0.000E+00  0.000E+00  0.000E+00  0.000E+00  1.371E-05
  0.000E+00  0.000E+00  0.000E+00  1.802E-05  0.000E+00  0.000E+00  0.000E+00  0.000E+00  0.000E+00  0.000E+00
  1.084E-06  0.000E+00  0.000E+00  0.000E+00  0.000E+00  0.000E+00  0.000E+00  0.000E+00  6.845E-05  5.846E-05
  2.755E-05  2.684E-05  0.000E+00  1.059E-04  0.000E+00  0.000E+00  3.312E-05  0.000E+00  0.000E+00  0.000E+00
  0.000E+00  0.000E+00  0.000E+00  0.000E+00  0.000E+00  0.000E+00  2.793E-04  0.000E+00  0.000E+00  3.385E-05
  4.501E-06  0.000E+00  2.023E-05  0.000E+00  0.000E+00  0.000E+00  0.000E+00  0.000E+00  0.000E+00  2.847E-05
  0.000E+00  0.000E+00  3.263E-04  6.885E-06  0.000E+00  0.000E+00  8.847E-05  2.292E-05  1.017E-05  2.267E-07
  0.000E+00  9.463E-05  8.880E-05  0.000E+00  6.138E-05  1.259E-04  0.000E+00  0.000E+00  5.674E-06  1.132E-04
  0.000E+00  0.000E+00  0.000E+00  2.153E-05  4.717E-05  1.126E-04  0.000E+00  0.000E+00  0.000E+00  0.000E+00
  8.276E-05  0.000E+00  3.340E-04  3.906E-06  1.488E-04  6.774E-05  3.168E-04  8.941E-05  1.939E-04  8.198E-06
  3.152E-06  1.610E-04  2.787E-05  8.187E-05  2.731E-05  1.082E-04  2.500E-04  1.089E-02  1.063E-02  2.998E-04
  0.000E+00  0.000E+00  5.413E-05  6.685E-05  1.635E-05  0.000E+00  0.000E+00  0.000E+00  0.000E+00  0.000E+00
  3.935E-06  1.736E-05  1.169E-03  9.576E-02  9.273E-02  9.794E-04  0.000E+00  0.000E+00  0.000E+00  5.290E-05
  2.437E-05  0.000E+00  4.038E-05  0.000E+00  0.000E+00  0.000E+00  7.107E-05  0.000E+00  2.127E-05  9.359E-03
  8.474E-03  1.754E-04  0.000E+00  0.000E+00  0.000E+00  0.000E+00  9.352E-06  0.000E+00  0.000E+00  0.000E+00
  0.000E+00  0.000E+00  1.653E-04  2.870E-05  3.719E-05  7.498E-05  6.798E-07  1.552E-05  2.196E-05  0.000E+00
  0.000E+00  0.000E+00  0.000E+00  0.000E+00  0.000E+00  0.000E+00  0.000E+00  1.548E-05  0.000E+00  0.000E+00
  0.000E+00  0.000E+00  0.000E+00  3.985E-05  3.753E-06  2.613E-05  0.000E+00  0.000E+00  0.000E+00  0.000E+00
  0.000E+00  0.000E+00  0.000E+00  1.042E-04  9.363E-05  1.695E-05  0.000E+00  0.000E+00  9.953E-05  4.345E-05
  2.197E-05  9.372E-06  6.817E-05  0.000E+00  0.000E+00  0.000E+00  0.000E+00  0.000E+00  0.000E+00  0.000E+00
  9.780E-05  5.831E-05  0.000E+00  0.000E+00  9.304E-05  1.547E-05  5.877E-06  1.117E-05  5.463E-05  0.000E+00
  0.000E+00  1.484E-04  7.435E-05  7.341E-05  3.698E-05  4.048E-05  0.000E+00  0.000E+00  0.000E+00  0.000E+00
  0.000E+00  3.955E-06  1.657E-04  7.011E-05  0.000E+00  0.000E+00  0.000E+00  1.080E-05  4.445E-05  2.340E-05
  0.000E+00  5.346E-05  0.000E+00  0.000E+00  0.000E+00  0.000E+00  1.177E-04  7.491E-05  1.144E-04  0.000E+00
  0.000E+00  0.000E+00  8.224E-06  0.000E+00  0.000E+00  0.000E+00  0.000E+00  5.792E-05  3.592E-05  2.565E-05
  0.000E+00  1.378E-05  3.752E-06  0.000E+00  1.143E-04  0.000E+00  0.000E+00  4.162E-05  5.072E-05  0.000E+00
  0.000E+00  0.000E+00  2.740E-05  1.135E-04  2.786E-05  6.583E-05  0.000E+00  0.000E+00  0.000E+00  0.000E+00
  0.000E+00  2.001E-04  0.000E+00  0.000E+00  1.020E-04  1.872E-06  0.000E+00  2.055E-05  1.575E-06  0.000E+00
  1.379E-04  9.830E-05  0.000E+00  4.308E-05  0.000E+00  2.148E-06  0.000E+00  0.000E+00  0.000E+00  0.000E+00
  0.000E+00  0.000E+00  7.113E-06  6.334E-05  0.000E+00  3.252E-05  0.000E+00  1.492E-05  0.000E+00  3.333E-05
  1.106E-04  1.500E-05  0.000E+00  0.000E+00  0.000E+00  0.000E+00  0.000E+00  0.000E+00  0.000E+00  4.811E-05
  0.000E+00  0.000E+00  0.000E+00  5.175E-05  0.000E+00  1.791E-05  2.756E-04  0.000E+00  8.142E-05  2.052E-05
  0.000E+00  0.000E+00  0.000E+00  0.000E+00  0.000E+00  0.000E+00  0.000E+00  2.902E-06  0.000E+00  4.141E-06
  0.000E+00  0.000E+00  0.000E+00  0.000E+00  8.925E-06  0.000E+00  0.000E+00  1.970E-05  0.000E+00  6.300E-06
  0.000E+00  2.247E-05  0.000E+00  1.329E-05  0.000E+00  6.182E-06  7.038E-05  0.000E+00  1.098E-04  0.000E+00
  0.000E+00  0.000E+00  0.000E+00  1.632E-07  1.232E-05  6.494E-05  1.273E-05  0.000E+00  1.386E-04  3.278E-05
  1.797E-05  2.758E-07  0.000E+00  0.000E+00  1.919E-04  0.000E+00  0.000E+00  0.000E+00  0.000E+00  9.012E-05
  1.277E-05  0.000E+00  0.000E+00  6.615E-06  1.789E-04  0.000E+00  3.939E-05  7.026E-05  3.686E-05  0.000E+00
  7.615E-06  0.000E+00  0.000E+00  1.201E-05  8.552E-05  0.000E+00  0.000E+00  0.000E+00

#------------------------------------------------------------------------------
# gshow
#------------------------------------------------------------------------------

p: legs[c5*0.875]

hb:   line clip z  
frame:
 -7.9999814E-01 -1.6499925E+00
  8.0000186E-01 -1.6499925E+00
  8.0000186E-01  1.6500075E+00
 -7.9999814E-01  1.6500075E+00
clip:
 -8.94115672E-01 -1.74705108E+00
  8.94119622E-01 -1.74705108E+00
  8.94119622E-01 -1.64116873E+00
  8.94119622E-01 -1.53528638E+00
  8.94119622E-01 -1.42940402E+00
  8.94119622E-01 -1.32352167E+00
  8.94119622E-01 -1.21763932E+00
  8.94119622E-01 -1.11175697E+00
  8.94119622E-01 -1.00587461E+00
  8.94119622E-01 -8.99992259E-01
  8.94119622E-01 -7.94109906E-01
  8.94119622E-01 -6.88227553E-01
  8.94119622E-01 -5.82345200E-01
  8.94119622E-01 -4.76462847E-01
  8.94119622E-01 -3.70580495E-01
  8.94119622E-01 -2.64698142E-01
  8.94119622E-01 -1.58815789E-01
  8.94119622E-01 -5.29334357E-02
  8.94119622E-01  5.29489172E-02
  8.94119622E-01  1.58831270E-01
  8.94119622E-01  2.64713623E-01
  8.94119622E-01  3.70595976E-01
  8.94119622E-01  4.76478329E-01
  8.94119622E-01  5.82360682E-01
  8.94119622E-01  6.88243035E-01
  8.94119622E-01  7.94125388E-01
  8.94119622E-01  9.00007741E-01
  8.94119622E-01  1.00589009E+00
  8.94119622E-01  1.11177245E+00
  8.94119622E-01  1.21765480E+00
  8.94119622E-01  1.32353715E+00
  8.94119622E-01  1.42941951E+00
  8.94119622E-01  1.53530186E+00
  8.94119622E-01  1.64118421E+00
  8.94119622E-01  1.74706656E+00
  7.82354916E-01  1.74706656E+00
  6.70590211E-01  1.74706656E+00
  5.58825505E-01  1.74706656E+00
  4.47060799E-01  1.74706656E+00
  3.35296093E-01  1.74706656E+00
  2.23531387E-01  1.74706656E+00
  1.11766681E-01  1.74706656E+00
  1.97530848E-06  1.74706656E+00
 -1.11762731E-01  1.74706656E+00
 -2.23527436E-01  1.74706656E+00
 -3.35292142E-01  1.74706656E+00
 -4.47056848E-01  1.74706656E+00
 -5.58821554E-01  1.74706656E+00
 -6.70586260E-01  1.74706656E+00
 -7.82350966E-01  1.74706656E+00
 -8.94115672E-01  1.74706656E+00
 -8.94115672E-01  1.64118421E+00
 -8.94115672E-01  1.53530186E+00
 -8.94115672E-01  1.42941951E+00
 -8.94115672E-01  1.32353715E+00
 -8.94115672E-01  1.21765480E+00
 -8.94115672E-01  1.11177245E+00
 -8.94115672E-01  1.00589009E+00
 -8.94115672E-01  9.00007741E-01
 -8.94115672E-01  7.94125388E-01
 -8.94115672E-01  6.88243035E-01
 -8.94115672E-01  5.82360682E-01
 -8.94115672E-01  4.76478329E-01
 -8.94115672E-01  3.70595976E-01
 -8.94115672E-01  2.64713623E-01
 -8.94115672E-01  1.58831270E-01
 -8.94115672E-01  5.29489172E-02
 -8.94115672E-01 -5.29334357E-02
 -8.94115672E-01 -1.58815789E-01
 -8.94115672E-01 -2.64698142E-01
 -8.94115672E-01 -3.70580495E-01
 -8.94115672E-01 -4.76462847E-01
 -8.94115672E-01 -5.82345200E-01
 -8.94115672E-01 -6.88227553E-01
 -8.94115672E-01 -7.94109906E-01
 -8.94115672E-01 -8.99992259E-01
 -8.94115672E-01 -1.00587461E+00
 -8.94115672E-01 -1.11175697E+00
 -8.94115672E-01 -1.21763932E+00
 -8.94115672E-01 -1.32352167E+00
 -8.94115672E-01 -1.42940402E+00
 -8.94115672E-01 -1.53528638E+00
 -8.94115672E-01 -1.64116873E+00
 -8.94115672E-01 -1.74705108E+00

#------------------------------------------------------------------------------
z: xorg(1.03)
p: xfac[c2*0.05] form[c1/0.05] notc noxt noyt dmin(1)
p: ymin(0) ymax(1) xmin(0) xmax(1) cmin(1) cmax(100) nosp
hc: y= 0.005 to 0.995 by 0.01 ; x= 0.5 to 0.5 by 1 ;
 1  2  3  4  5  6  7  8  9 10 11 12 13 14 15 16 17 18 19 20
21 22 23 24 25 26 27 28 29 30 31 32 33 34 35 36 37 38 39 40
41 42 43 44 45 46 47 48 49 50 51 52 53 54 55 56 57 58 59 60
61 62 63 64 65 66 67 68 69 70 71 72 73 74 75 76 77 78 79 80
81 82 83 84 85 86 87 88 89 90 91 92 93 94 95 96 97 98 99 100
z: xorg(0.0)
p: xfac[c2*0.05] form[c1/0.05] nosp afac[c5*0.625] ymin[c3] ymax[c4]
p: noxt noxn ytxt(-1) ynum(-1) xltd(-1) xstd(-1) itic(1) ylog
y: Dose [Gy/source]      
#------------------------------------------------------------------------------

wt: s[c5]
\vspace{-3}
  zmin  &=&   9.8480E+01 [cm]
  zmax  &=&   9.8530E+01 [cm]
  part. &=& proton  
e:

#------------------------------------------------------------------------------
z: xorg[-1.03/0.05]
p: form[c1] xfac[c2] afac[c5] nosp notf
p: xmin(-0.8000000    ) xmax( 0.8000000    )
p: ymin( -1.650000    ) ymax(  1.650000    )

#------------------------------------------------------------------------------
 newpage:
#   no. =  6   iz  =  3   part. = photon  
#   z = (   9.8480E+01  -   9.8530E+01  )

'no. =  6,  iz =  3'
msuc: {\huge Dosis xy}
msdr: {\it plotted by \ANGEL \version}
msdl: {\it calculated by \PHITS  3.36}

x: x [cm]
y: y [cm]
set: c1[ 2.062] c2[ 0.627] c5[ 0.800] c6[ 0.743] c7[ 0.708] c8[ 0.000]
p: h2fs form[c1] xfac[c2] afac[c5] scal[c6] xorg[c7] yorg[c8] nosp
set: c3[   2.125704E-08] c4[   1.037617E-01]
p: cmin[c3] cmax[c4]
p: dmin(1e-31)
p: zlog
p: xmin(-0.8000000    ) xmax( 0.8000000    )
p: ymin( -1.650000    ) ymax(  1.650000    )
#  ny =  33   nx =  16
# ( ( data(x,y), x = 1, nx ), y = ny, 1, -1 )

hc:  y =   1.600000     to  -1.600000     by  0.1000000     ; x = -0.7500000     to  0.7500000     by  0.1000000     ;
  6.328E-07  7.205E-07  7.779E-07  1.061E-06  1.455E-06  1.280E-06  1.078E-06  9.783E-07  9.473E-07  1.229E-06
  8.174E-07  9.137E-07  7.715E-07  6.097E-07  7.628E-07  4.912E-07  7.421E-07  9.319E-07  1.044E-06  1.084E-06
  7.076E-07  8.745E-07  6.950E-07  9.056E-07  8.532E-07  8.934E-07  8.014E-07  6.237E-07  8.493E-07  7.288E-07
  7.141E-07  8.564E-07  9.989E-07  1.081E-06  1.199E-06  8.568E-07  7.180E-07  8.426E-07  7.932E-07  1.226E-06
  6.588E-07  8.369E-07  8.133E-07  1.074E-06  7.776E-07  1.074E-06  7.164E-07  8.850E-07  1.488E-06  6.529E-07
  1.069E-06  1.233E-06  5.707E-07  1.117E-06  1.090E-06  9.556E-07  7.414E-07  7.805E-07  1.095E-06  1.024E-06
  1.107E-06  6.483E-07  9.973E-07  1.006E-06  7.675E-07  9.388E-07  1.122E-06  9.545E-07  8.346E-07  9.970E-07
  1.046E-06  1.080E-06  9.552E-07  1.276E-06  1.226E-06  9.374E-07  1.363E-06  1.021E-06  7.635E-07  8.841E-07
  1.208E-06  1.094E-06  1.267E-06  1.234E-06  1.225E-06  1.147E-06  1.536E-06  1.103E-06  8.129E-07  1.019E-06
  6.459E-07  1.127E-06  1.060E-06  1.205E-06  1.026E-06  5.927E-07  1.168E-06  7.087E-07  9.498E-07  8.551E-07
  9.497E-07  1.228E-06  1.124E-06  1.153E-06  1.379E-06  1.356E-06  1.023E-06  8.872E-07  1.071E-06  1.317E-06
  1.392E-06  1.068E-06  6.699E-07  9.455E-07  1.242E-06  1.013E-06  1.008E-06  1.389E-06  1.007E-06  1.027E-06
  7.792E-07  7.809E-07  1.115E-06  8.379E-07  1.095E-06  1.433E-06  1.204E-06  1.017E-06  9.370E-07  8.890E-07
  7.870E-07  9.913E-07  1.072E-06  1.221E-06  6.302E-07  1.254E-06  1.129E-06  1.383E-06  9.257E-07  1.042E-06
  9.257E-07  7.521E-07  1.221E-06  1.392E-06  1.563E-06  9.872E-07  7.209E-07  9.180E-07  1.071E-06  1.259E-06
  1.440E-06  9.230E-07  1.328E-06  1.230E-06  8.566E-07  1.124E-06  8.775E-07  1.041E-06  1.155E-06  1.180E-06
  1.097E-06  6.904E-07  1.121E-06  9.996E-07  1.492E-06  9.728E-07  1.516E-06  1.068E-06  1.070E-06  1.008E-06
  6.258E-07  9.457E-07  8.759E-07  9.160E-07  1.109E-06  7.247E-07  1.110E-06  1.209E-06  1.396E-06  1.300E-06
  1.357E-06  1.511E-06  1.675E-06  1.551E-06  1.234E-06  8.371E-07  7.012E-07  9.239E-07  8.217E-07  1.088E-06
  9.805E-07  1.239E-06  8.520E-07  1.009E-06  1.202E-06  1.058E-06  7.434E-07  9.593E-07  1.201E-06  1.182E-06
  6.879E-07  8.462E-07  1.283E-06  1.195E-06  1.218E-06  1.112E-06  1.361E-06  1.133E-06  1.266E-06  1.150E-06
  9.967E-07  9.930E-07  1.083E-06  9.502E-07  1.146E-06  8.578E-07  1.406E-06  1.192E-06  1.039E-06  1.045E-06
  1.281E-06  1.108E-06  1.569E-06  1.283E-06  1.047E-06  9.984E-07  1.409E-06  1.268E-06  9.454E-07  1.435E-06
  1.304E-06  1.002E-06  1.454E-06  1.041E-06  1.244E-06  1.569E-06  9.991E-07  1.202E-06  1.140E-06  1.427E-06
  1.339E-06  9.076E-07  1.482E-06  9.823E-07  9.889E-07  8.881E-07  1.529E-06  1.096E-06  1.166E-06  1.096E-06
  1.491E-06  1.081E-06  9.672E-07  1.280E-06  1.810E-06  1.051E-06  1.534E-06  1.189E-06  8.372E-07  8.731E-07
  1.015E-06  8.431E-07  1.098E-06  1.214E-06  1.282E-06  1.162E-06  1.790E-06  1.252E-06  1.155E-06  1.068E-06
  1.227E-06  8.757E-07  1.214E-06  9.842E-07  1.083E-06  1.023E-06  1.431E-06  1.181E-06  1.277E-06  1.272E-06
  1.082E-06  1.464E-06  1.818E-06  1.787E-06  1.299E-06  1.183E-06  1.177E-06  1.394E-06  1.283E-06  9.324E-07
  1.274E-06  1.114E-06  1.162E-06  1.501E-06  1.351E-06  1.083E-06  1.323E-06  1.352E-06  1.091E-06  1.230E-06
  1.336E-06  1.199E-06  1.402E-06  1.175E-06  1.354E-06  1.294E-06  1.238E-06  1.097E-06  1.526E-06  1.324E-06
  6.796E-07  1.142E-06  1.202E-06  1.310E-06  1.245E-06  1.716E-06  1.398E-06  1.016E-06  9.959E-07  1.176E-06
  1.004E-06  1.369E-06  9.416E-07  9.405E-07  1.043E-06  8.516E-07  8.808E-07  9.480E-07  1.069E-06  1.378E-06
  8.438E-07  1.053E-06  1.252E-06  1.172E-06  1.265E-06  1.247E-06  1.133E-06  9.534E-07  1.086E-06  9.168E-07
  1.145E-06  1.089E-06  1.289E-06  9.986E-07  1.074E-06  1.253E-06  1.279E-06  1.280E-06  1.012E-06  1.203E-06
  1.319E-06  1.255E-06  9.194E-07  1.137E-06  1.211E-06  1.065E-06  8.914E-07  1.025E-06  8.689E-07  1.180E-06
  9.062E-07  1.711E-06  8.144E-07  1.103E-06  1.162E-06  1.027E-06  9.651E-07  8.435E-07  1.150E-06  7.070E-07
  6.877E-07  9.464E-07  1.131E-06  1.187E-06  9.854E-07  1.153E-06  1.118E-06  9.152E-07  1.264E-06  1.215E-06
  1.234E-06  9.525E-07  1.058E-06  7.732E-07  8.004E-07  5.963E-07  8.162E-07  1.103E-06  1.046E-06  9.641E-07
  1.215E-06  6.547E-07  9.033E-07  1.263E-06  1.120E-06  1.055E-06  1.368E-06  1.045E-06  9.760E-07  9.120E-07
  8.399E-07  9.750E-07  1.219E-06  1.007E-06  1.110E-06  9.185E-07  1.430E-06  1.145E-06  9.792E-07  9.113E-07
  1.246E-06  1.264E-06  1.261E-06  8.694E-07  8.479E-07  7.859E-07  1.166E-06  7.987E-07  9.231E-07  1.015E-06
  1.350E-06  1.524E-06  1.181E-06  1.190E-06  1.122E-06  1.260E-06  1.283E-06  1.090E-06  1.205E-06  1.130E-06
  1.114E-06  1.287E-06  7.336E-07  1.104E-06  9.429E-07  7.283E-07  1.139E-06  6.993E-07  1.124E-06  1.376E-06
  8.234E-07  1.200E-06  1.115E-06  8.953E-07  1.164E-06  8.389E-07  6.119E-07  7.746E-07  1.095E-06  1.072E-06
  1.087E-06  9.182E-07  9.756E-07  1.009E-06  1.423E-06  1.154E-06  6.628E-07  9.657E-07  1.324E-06  1.115E-06
  1.261E-06  8.981E-07  1.352E-06  8.837E-07  9.919E-07  7.330E-07  9.517E-07  1.295E-06  8.711E-07  1.101E-06
  6.830E-07  8.673E-07  8.467E-07  1.226E-06  8.481E-07  1.049E-06  8.612E-07  6.542E-07  8.839E-07  1.140E-06
  7.219E-07  1.024E-06  9.892E-07  1.035E-06  7.896E-07  7.902E-07  8.012E-07  8.152E-07  8.082E-07  9.970E-07
  7.788E-07  1.333E-06  8.909E-07  8.892E-07  5.695E-07  9.566E-07  9.754E-07  8.194E-07  6.324E-07  8.664E-07
  9.193E-07  6.993E-07  8.404E-07  1.159E-06  1.225E-06  8.985E-07  8.897E-07  9.003E-07  8.540E-07  5.828E-07
  5.442E-07  7.143E-07  9.028E-07  1.017E-06  8.379E-07  8.760E-07  1.091E-06  7.268E-07  7.574E-07  8.206E-07
  1.037E-06  9.752E-07  1.138E-06  1.244E-06  8.634E-07  7.827E-07  7.028E-07  9.501E-07

#------------------------------------------------------------------------------
# gshow
#------------------------------------------------------------------------------

p: legs[c5*0.875]

hb:   line clip z  
frame:
 -7.9999814E-01 -1.6499925E+00
  8.0000186E-01 -1.6499925E+00
  8.0000186E-01  1.6500075E+00
 -7.9999814E-01  1.6500075E+00
clip:
 -8.94115672E-01 -1.74705108E+00
  8.94119622E-01 -1.74705108E+00
  8.94119622E-01 -1.64116873E+00
  8.94119622E-01 -1.53528638E+00
  8.94119622E-01 -1.42940402E+00
  8.94119622E-01 -1.32352167E+00
  8.94119622E-01 -1.21763932E+00
  8.94119622E-01 -1.11175697E+00
  8.94119622E-01 -1.00587461E+00
  8.94119622E-01 -8.99992259E-01
  8.94119622E-01 -7.94109906E-01
  8.94119622E-01 -6.88227553E-01
  8.94119622E-01 -5.82345200E-01
  8.94119622E-01 -4.76462847E-01
  8.94119622E-01 -3.70580495E-01
  8.94119622E-01 -2.64698142E-01
  8.94119622E-01 -1.58815789E-01
  8.94119622E-01 -5.29334357E-02
  8.94119622E-01  5.29489172E-02
  8.94119622E-01  1.58831270E-01
  8.94119622E-01  2.64713623E-01
  8.94119622E-01  3.70595976E-01
  8.94119622E-01  4.76478329E-01
  8.94119622E-01  5.82360682E-01
  8.94119622E-01  6.88243035E-01
  8.94119622E-01  7.94125388E-01
  8.94119622E-01  9.00007741E-01
  8.94119622E-01  1.00589009E+00
  8.94119622E-01  1.11177245E+00
  8.94119622E-01  1.21765480E+00
  8.94119622E-01  1.32353715E+00
  8.94119622E-01  1.42941951E+00
  8.94119622E-01  1.53530186E+00
  8.94119622E-01  1.64118421E+00
  8.94119622E-01  1.74706656E+00
  7.82354916E-01  1.74706656E+00
  6.70590211E-01  1.74706656E+00
  5.58825505E-01  1.74706656E+00
  4.47060799E-01  1.74706656E+00
  3.35296093E-01  1.74706656E+00
  2.23531387E-01  1.74706656E+00
  1.11766681E-01  1.74706656E+00
  1.97530848E-06  1.74706656E+00
 -1.11762731E-01  1.74706656E+00
 -2.23527436E-01  1.74706656E+00
 -3.35292142E-01  1.74706656E+00
 -4.47056848E-01  1.74706656E+00
 -5.58821554E-01  1.74706656E+00
 -6.70586260E-01  1.74706656E+00
 -7.82350966E-01  1.74706656E+00
 -8.94115672E-01  1.74706656E+00
 -8.94115672E-01  1.64118421E+00
 -8.94115672E-01  1.53530186E+00
 -8.94115672E-01  1.42941951E+00
 -8.94115672E-01  1.32353715E+00
 -8.94115672E-01  1.21765480E+00
 -8.94115672E-01  1.11177245E+00
 -8.94115672E-01  1.00589009E+00
 -8.94115672E-01  9.00007741E-01
 -8.94115672E-01  7.94125388E-01
 -8.94115672E-01  6.88243035E-01
 -8.94115672E-01  5.82360682E-01
 -8.94115672E-01  4.76478329E-01
 -8.94115672E-01  3.70595976E-01
 -8.94115672E-01  2.64713623E-01
 -8.94115672E-01  1.58831270E-01
 -8.94115672E-01  5.29489172E-02
 -8.94115672E-01 -5.29334357E-02
 -8.94115672E-01 -1.58815789E-01
 -8.94115672E-01 -2.64698142E-01
 -8.94115672E-01 -3.70580495E-01
 -8.94115672E-01 -4.76462847E-01
 -8.94115672E-01 -5.82345200E-01
 -8.94115672E-01 -6.88227553E-01
 -8.94115672E-01 -7.94109906E-01
 -8.94115672E-01 -8.99992259E-01
 -8.94115672E-01 -1.00587461E+00
 -8.94115672E-01 -1.11175697E+00
 -8.94115672E-01 -1.21763932E+00
 -8.94115672E-01 -1.32352167E+00
 -8.94115672E-01 -1.42940402E+00
 -8.94115672E-01 -1.53528638E+00
 -8.94115672E-01 -1.64116873E+00
 -8.94115672E-01 -1.74705108E+00

#------------------------------------------------------------------------------
z: xorg(1.03)
p: xfac[c2*0.05] form[c1/0.05] notc noxt noyt dmin(1)
p: ymin(0) ymax(1) xmin(0) xmax(1) cmin(1) cmax(100) nosp
hc: y= 0.005 to 0.995 by 0.01 ; x= 0.5 to 0.5 by 1 ;
 1  2  3  4  5  6  7  8  9 10 11 12 13 14 15 16 17 18 19 20
21 22 23 24 25 26 27 28 29 30 31 32 33 34 35 36 37 38 39 40
41 42 43 44 45 46 47 48 49 50 51 52 53 54 55 56 57 58 59 60
61 62 63 64 65 66 67 68 69 70 71 72 73 74 75 76 77 78 79 80
81 82 83 84 85 86 87 88 89 90 91 92 93 94 95 96 97 98 99 100
z: xorg(0.0)
p: xfac[c2*0.05] form[c1/0.05] nosp afac[c5*0.625] ymin[c3] ymax[c4]
p: noxt noxn ytxt(-1) ynum(-1) xltd(-1) xstd(-1) itic(1) ylog
y: Dose [Gy/source]      
#------------------------------------------------------------------------------

wt: s[c5]
\vspace{-3}
  zmin  &=&   9.8480E+01 [cm]
  zmax  &=&   9.8530E+01 [cm]
  part. &=& photon  
e:

#------------------------------------------------------------------------------
z: xorg[-1.03/0.05]
p: form[c1] xfac[c2] afac[c5] nosp notf
p: xmin(-0.8000000    ) xmax( 0.8000000    )
p: ymin( -1.650000    ) ymax(  1.650000    )

#------------------------------------------------------------------------------
 newpage:
#   no. =  7   iz  =  4   part. = proton  
#   z = (   9.8530E+01  -   9.8580E+01  )

'no. =  7,  iz =  4'
msuc: {\huge Dosis xy}
msdr: {\it plotted by \ANGEL \version}
msdl: {\it calculated by \PHITS  3.36}

x: x [cm]
y: y [cm]
set: c1[ 2.062] c2[ 0.627] c5[ 0.800] c6[ 0.743] c7[ 0.708] c8[ 0.000]
p: h2fs form[c1] xfac[c2] afac[c5] scal[c6] xorg[c7] yorg[c8] nosp
set: c3[   2.125704E-08] c4[   1.037617E-01]
p: cmin[c3] cmax[c4]
p: dmin(1e-31)
p: zlog
p: xmin(-0.8000000    ) xmax( 0.8000000    )
p: ymin( -1.650000    ) ymax(  1.650000    )
#  ny =  33   nx =  16
# ( ( data(x,y), x = 1, nx ), y = ny, 1, -1 )

hc:  y =   1.600000     to  -1.600000     by  0.1000000     ; x = -0.7500000     to  0.7500000     by  0.1000000     ;
  5.740E-05  6.496E-05  0.000E+00  7.232E-05  3.342E-06  4.055E-05  0.000E+00  6.061E-05  3.591E-05  0.000E+00
  0.000E+00  0.000E+00  1.945E-06  5.284E-04  2.094E-04  1.305E-04  0.000E+00  0.000E+00  3.405E-05  7.489E-06
  2.140E-06  1.889E-05  0.000E+00  1.376E-04  0.000E+00  0.000E+00  0.000E+00  0.000E+00  0.000E+00  7.014E-05
  0.000E+00  6.489E-05  2.253E-05  0.000E+00  1.856E-05  0.000E+00  4.640E-06  0.000E+00  0.000E+00  0.000E+00
  2.717E-05  5.609E-05  0.000E+00  0.000E+00  0.000E+00  0.000E+00  0.000E+00  0.000E+00  7.542E-05  1.395E-06
  0.000E+00  0.000E+00  1.279E-04  8.888E-05  2.116E-05  0.000E+00  8.646E-05  0.000E+00  0.000E+00  0.000E+00
  0.000E+00  0.000E+00  0.000E+00  0.000E+00  0.000E+00  0.000E+00  0.000E+00  0.000E+00  1.575E-04  1.830E-05
  4.333E-05  1.178E-05  1.575E-05  0.000E+00  0.000E+00  0.000E+00  0.000E+00  3.055E-05  3.119E-05  0.000E+00
  3.661E-05  0.000E+00  0.000E+00  4.968E-06  0.000E+00  7.541E-05  0.000E+00  2.836E-05  0.000E+00  7.670E-06
  7.751E-05  4.419E-06  0.000E+00  0.000E+00  0.000E+00  4.325E-05  0.000E+00  0.000E+00  0.000E+00  1.729E-04
  4.353E-06  5.428E-05  3.525E-05  0.000E+00  0.000E+00  0.000E+00  0.000E+00  8.558E-05  0.000E+00  0.000E+00
  3.458E-05  5.974E-05  0.000E+00  0.000E+00  0.000E+00  0.000E+00  1.195E-04  1.829E-05  8.399E-06  0.000E+00
  0.000E+00  0.000E+00  0.000E+00  0.000E+00  0.000E+00  0.000E+00  0.000E+00  0.000E+00  0.000E+00  0.000E+00
  0.000E+00  0.000E+00  0.000E+00  0.000E+00  4.542E-05  8.673E-05  0.000E+00  0.000E+00  0.000E+00  0.000E+00
  9.265E-05  0.000E+00  4.326E-05  0.000E+00  0.000E+00  0.000E+00  0.000E+00  0.000E+00  1.918E-05  1.151E-04
  1.705E-05  0.000E+00  0.000E+00  0.000E+00  0.000E+00  0.000E+00  2.394E-06  0.000E+00  0.000E+00  0.000E+00
  9.469E-06  2.310E-06  0.000E+00  0.000E+00  0.000E+00  0.000E+00  0.000E+00  0.000E+00  1.751E-04  0.000E+00
  0.000E+00  7.750E-05  2.421E-05  1.421E-05  0.000E+00  0.000E+00  8.511E-05  1.263E-05  0.000E+00  0.000E+00
  0.000E+00  0.000E+00  0.000E+00  7.102E-05  0.000E+00  0.000E+00  5.333E-05  1.104E-05  4.601E-05  1.585E-04
  2.734E-05  0.000E+00  3.441E-05  2.569E-05  0.000E+00  0.000E+00  0.000E+00  0.000E+00  0.000E+00  1.049E-04
  0.000E+00  0.000E+00  6.308E-05  0.000E+00  0.000E+00  0.000E+00  0.000E+00  0.000E+00  0.000E+00  9.684E-06
  0.000E+00  2.965E-06  6.010E-05  0.000E+00  0.000E+00  1.260E-04  1.870E-05  4.201E-05  2.321E-04  4.335E-05
  0.000E+00  0.000E+00  0.000E+00  3.888E-05  2.145E-05  3.074E-05  0.000E+00  1.089E-04  0.000E+00  0.000E+00
  2.089E-05  0.000E+00  4.520E-04  0.000E+00  2.198E-04  1.479E-04  2.267E-05  1.728E-05  0.000E+00  1.507E-04
  4.307E-05  0.000E+00  0.000E+00  1.127E-04  2.202E-05  6.866E-05  2.679E-04  1.197E-02  1.159E-02  4.371E-04
  5.584E-06  4.383E-06  0.000E+00  0.000E+00  3.994E-05  0.000E+00  0.000E+00  0.000E+00  0.000E+00  0.000E+00
  6.622E-05  4.782E-05  1.221E-03  9.543E-02  9.181E-02  1.086E-03  0.000E+00  0.000E+00  0.000E+00  0.000E+00
  2.429E-05  0.000E+00  3.410E-05  0.000E+00  0.000E+00  0.000E+00  0.000E+00  0.000E+00  1.210E-04  1.084E-02
  1.068E-02  3.065E-04  0.000E+00  0.000E+00  0.000E+00  0.000E+00  1.274E-04  5.986E-06  0.000E+00  0.000E+00
  0.000E+00  5.419E-05  1.066E-04  2.004E-05  4.741E-06  2.850E-05  0.000E+00  0.000E+00  1.319E-05  9.282E-05
  0.000E+00  0.000E+00  0.000E+00  1.010E-04  0.000E+00  0.000E+00  0.000E+00  0.000E+00  0.000E+00  8.404E-06
  0.000E+00  8.645E-06  0.000E+00  3.054E-05  4.462E-05  8.117E-06  0.000E+00  0.000E+00  0.000E+00  1.230E-04
  0.000E+00  0.000E+00  0.000E+00  0.000E+00  0.000E+00  1.495E-04  7.247E-05  0.000E+00  7.182E-05  8.762E-05
  3.804E-05  0.000E+00  6.469E-05  2.508E-05  1.211E-04  3.216E-05  4.135E-06  0.000E+00  4.107E-05  0.000E+00
  3.908E-05  9.689E-05  0.000E+00  0.000E+00  0.000E+00  6.834E-05  5.002E-05  0.000E+00  2.355E-05  4.389E-05
  0.000E+00  0.000E+00  3.742E-05  0.000E+00  3.682E-05  0.000E+00  4.429E-05  0.000E+00  0.000E+00  1.842E-06
  3.456E-05  3.603E-06  6.319E-07  0.000E+00  0.000E+00  0.000E+00  3.805E-05  0.000E+00  0.000E+00  0.000E+00
  4.756E-05  2.670E-05  4.983E-05  0.000E+00  0.000E+00  1.210E-04  0.000E+00  9.998E-06  2.829E-05  7.302E-06
  0.000E+00  0.000E+00  2.882E-05  0.000E+00  0.000E+00  1.341E-05  2.705E-05  0.000E+00  1.559E-05  6.449E-06
  0.000E+00  0.000E+00  0.000E+00  1.272E-05  9.735E-05  0.000E+00  0.000E+00  2.425E-05  0.000E+00  0.000E+00
  0.000E+00  0.000E+00  1.141E-04  2.285E-05  1.238E-04  4.895E-05  0.000E+00  0.000E+00  0.000E+00  0.000E+00
  1.891E-04  4.214E-06  0.000E+00  0.000E+00  0.000E+00  0.000E+00  5.579E-05  2.186E-05  4.125E-05  0.000E+00
  6.603E-05  0.000E+00  0.000E+00  0.000E+00  0.000E+00  0.000E+00  0.000E+00  0.000E+00  0.000E+00  0.000E+00
  0.000E+00  0.000E+00  1.012E-05  3.224E-05  6.575E-06  3.397E-05  0.000E+00  0.000E+00  0.000E+00  3.842E-05
  8.206E-06  1.773E-05  0.000E+00  0.000E+00  0.000E+00  0.000E+00  0.000E+00  0.000E+00  1.655E-05  3.445E-05
  0.000E+00  0.000E+00  0.000E+00  9.994E-06  4.522E-06  1.077E-04  0.000E+00  0.000E+00  0.000E+00  5.957E-05
  5.617E-05  1.624E-05  0.000E+00  0.000E+00  0.000E+00  5.311E-06  0.000E+00  1.273E-05  3.323E-05  2.015E-05
  0.000E+00  2.162E-04  0.000E+00  0.000E+00  0.000E+00  0.000E+00  0.000E+00  1.270E-05  0.000E+00  2.357E-05
  0.000E+00  3.117E-05  0.000E+00  0.000E+00  2.877E-05  0.000E+00  1.029E-05  0.000E+00  0.000E+00  0.000E+00
  0.000E+00  0.000E+00  0.000E+00  0.000E+00  0.000E+00  3.432E-05  2.229E-05  2.339E-04  4.798E-05  4.690E-05
  5.179E-05  3.722E-05  2.647E-05  3.269E-05  2.041E-04  0.000E+00  1.972E-07  3.822E-05  7.097E-05  4.508E-05
  2.072E-05  3.900E-05  5.847E-05  2.608E-05  5.269E-05  6.747E-07  4.906E-05  5.935E-05  0.000E+00  0.000E+00
  1.682E-04  0.000E+00  0.000E+00  9.319E-06  1.320E-05  4.193E-05  3.940E-05  6.339E-06

#------------------------------------------------------------------------------
# gshow
#------------------------------------------------------------------------------

p: legs[c5*0.875]

hb:   line clip z  
frame:
 -7.9999814E-01 -1.6499925E+00
  8.0000186E-01 -1.6499925E+00
  8.0000186E-01  1.6500075E+00
 -7.9999814E-01  1.6500075E+00
clip:
 -8.94115672E-01 -1.74705108E+00
  8.94119622E-01 -1.74705108E+00
  8.94119622E-01 -1.64116873E+00
  8.94119622E-01 -1.53528638E+00
  8.94119622E-01 -1.42940402E+00
  8.94119622E-01 -1.32352167E+00
  8.94119622E-01 -1.21763932E+00
  8.94119622E-01 -1.11175697E+00
  8.94119622E-01 -1.00587461E+00
  8.94119622E-01 -8.99992259E-01
  8.94119622E-01 -7.94109906E-01
  8.94119622E-01 -6.88227553E-01
  8.94119622E-01 -5.82345200E-01
  8.94119622E-01 -4.76462847E-01
  8.94119622E-01 -3.70580495E-01
  8.94119622E-01 -2.64698142E-01
  8.94119622E-01 -1.58815789E-01
  8.94119622E-01 -5.29334357E-02
  8.94119622E-01  5.29489172E-02
  8.94119622E-01  1.58831270E-01
  8.94119622E-01  2.64713623E-01
  8.94119622E-01  3.70595976E-01
  8.94119622E-01  4.76478329E-01
  8.94119622E-01  5.82360682E-01
  8.94119622E-01  6.88243035E-01
  8.94119622E-01  7.94125388E-01
  8.94119622E-01  9.00007741E-01
  8.94119622E-01  1.00589009E+00
  8.94119622E-01  1.11177245E+00
  8.94119622E-01  1.21765480E+00
  8.94119622E-01  1.32353715E+00
  8.94119622E-01  1.42941951E+00
  8.94119622E-01  1.53530186E+00
  8.94119622E-01  1.64118421E+00
  8.94119622E-01  1.74706656E+00
  7.82354916E-01  1.74706656E+00
  6.70590211E-01  1.74706656E+00
  5.58825505E-01  1.74706656E+00
  4.47060799E-01  1.74706656E+00
  3.35296093E-01  1.74706656E+00
  2.23531387E-01  1.74706656E+00
  1.11766681E-01  1.74706656E+00
  1.97530848E-06  1.74706656E+00
 -1.11762731E-01  1.74706656E+00
 -2.23527436E-01  1.74706656E+00
 -3.35292142E-01  1.74706656E+00
 -4.47056848E-01  1.74706656E+00
 -5.58821554E-01  1.74706656E+00
 -6.70586260E-01  1.74706656E+00
 -7.82350966E-01  1.74706656E+00
 -8.94115672E-01  1.74706656E+00
 -8.94115672E-01  1.64118421E+00
 -8.94115672E-01  1.53530186E+00
 -8.94115672E-01  1.42941951E+00
 -8.94115672E-01  1.32353715E+00
 -8.94115672E-01  1.21765480E+00
 -8.94115672E-01  1.11177245E+00
 -8.94115672E-01  1.00589009E+00
 -8.94115672E-01  9.00007741E-01
 -8.94115672E-01  7.94125388E-01
 -8.94115672E-01  6.88243035E-01
 -8.94115672E-01  5.82360682E-01
 -8.94115672E-01  4.76478329E-01
 -8.94115672E-01  3.70595976E-01
 -8.94115672E-01  2.64713623E-01
 -8.94115672E-01  1.58831270E-01
 -8.94115672E-01  5.29489172E-02
 -8.94115672E-01 -5.29334357E-02
 -8.94115672E-01 -1.58815789E-01
 -8.94115672E-01 -2.64698142E-01
 -8.94115672E-01 -3.70580495E-01
 -8.94115672E-01 -4.76462847E-01
 -8.94115672E-01 -5.82345200E-01
 -8.94115672E-01 -6.88227553E-01
 -8.94115672E-01 -7.94109906E-01
 -8.94115672E-01 -8.99992259E-01
 -8.94115672E-01 -1.00587461E+00
 -8.94115672E-01 -1.11175697E+00
 -8.94115672E-01 -1.21763932E+00
 -8.94115672E-01 -1.32352167E+00
 -8.94115672E-01 -1.42940402E+00
 -8.94115672E-01 -1.53528638E+00
 -8.94115672E-01 -1.64116873E+00
 -8.94115672E-01 -1.74705108E+00

#------------------------------------------------------------------------------
z: xorg(1.03)
p: xfac[c2*0.05] form[c1/0.05] notc noxt noyt dmin(1)
p: ymin(0) ymax(1) xmin(0) xmax(1) cmin(1) cmax(100) nosp
hc: y= 0.005 to 0.995 by 0.01 ; x= 0.5 to 0.5 by 1 ;
 1  2  3  4  5  6  7  8  9 10 11 12 13 14 15 16 17 18 19 20
21 22 23 24 25 26 27 28 29 30 31 32 33 34 35 36 37 38 39 40
41 42 43 44 45 46 47 48 49 50 51 52 53 54 55 56 57 58 59 60
61 62 63 64 65 66 67 68 69 70 71 72 73 74 75 76 77 78 79 80
81 82 83 84 85 86 87 88 89 90 91 92 93 94 95 96 97 98 99 100
z: xorg(0.0)
p: xfac[c2*0.05] form[c1/0.05] nosp afac[c5*0.625] ymin[c3] ymax[c4]
p: noxt noxn ytxt(-1) ynum(-1) xltd(-1) xstd(-1) itic(1) ylog
y: Dose [Gy/source]      
#------------------------------------------------------------------------------

wt: s[c5]
\vspace{-3}
  zmin  &=&   9.8530E+01 [cm]
  zmax  &=&   9.8580E+01 [cm]
  part. &=& proton  
e:

#------------------------------------------------------------------------------
z: xorg[-1.03/0.05]
p: form[c1] xfac[c2] afac[c5] nosp notf
p: xmin(-0.8000000    ) xmax( 0.8000000    )
p: ymin( -1.650000    ) ymax(  1.650000    )

#------------------------------------------------------------------------------
 newpage:
#   no. =  8   iz  =  4   part. = photon  
#   z = (   9.8530E+01  -   9.8580E+01  )

'no. =  8,  iz =  4'
msuc: {\huge Dosis xy}
msdr: {\it plotted by \ANGEL \version}
msdl: {\it calculated by \PHITS  3.36}

x: x [cm]
y: y [cm]
set: c1[ 2.062] c2[ 0.627] c5[ 0.800] c6[ 0.743] c7[ 0.708] c8[ 0.000]
p: h2fs form[c1] xfac[c2] afac[c5] scal[c6] xorg[c7] yorg[c8] nosp
set: c3[   2.125704E-08] c4[   1.037617E-01]
p: cmin[c3] cmax[c4]
p: dmin(1e-31)
p: zlog
p: xmin(-0.8000000    ) xmax( 0.8000000    )
p: ymin( -1.650000    ) ymax(  1.650000    )
#  ny =  33   nx =  16
# ( ( data(x,y), x = 1, nx ), y = ny, 1, -1 )

hc:  y =   1.600000     to  -1.600000     by  0.1000000     ; x = -0.7500000     to  0.7500000     by  0.1000000     ;
  7.457E-07  5.882E-07  5.450E-07  7.016E-07  1.026E-06  7.902E-07  6.065E-07  8.421E-07  8.555E-07  1.073E-06
  9.371E-07  8.107E-07  5.295E-07  7.771E-07  9.824E-07  6.448E-07  8.750E-07  8.491E-07  9.995E-07  9.278E-07
  8.199E-07  5.633E-07  1.168E-06  7.220E-07  7.219E-07  7.459E-07  7.213E-07  7.831E-07  8.315E-07  5.757E-07
  6.326E-07  7.212E-07  9.979E-07  8.160E-07  1.287E-06  8.637E-07  7.676E-07  6.615E-07  1.131E-06  9.395E-07
  6.355E-07  9.231E-07  7.969E-07  1.334E-06  7.726E-07  7.972E-07  1.096E-06  8.334E-07  9.381E-07  5.955E-07
  1.324E-06  1.075E-06  7.765E-07  1.020E-06  1.190E-06  8.638E-07  6.590E-07  9.877E-07  7.353E-07  1.265E-06
  1.018E-06  7.669E-07  8.877E-07  9.569E-07  8.941E-07  1.139E-06  1.005E-06  9.150E-07  1.011E-06  1.275E-06
  1.186E-06  1.007E-06  8.966E-07  7.807E-07  9.459E-07  8.367E-07  9.683E-07  1.174E-06  7.905E-07  6.839E-07
  1.142E-06  8.307E-07  9.855E-07  9.391E-07  1.143E-06  7.301E-07  1.480E-06  9.138E-07  1.158E-06  8.106E-07
  1.108E-06  1.074E-06  9.852E-07  1.026E-06  1.018E-06  8.043E-07  1.029E-06  5.401E-07  1.121E-06  8.877E-07
  1.107E-06  9.607E-07  1.054E-06  1.134E-06  9.508E-07  1.160E-06  1.197E-06  8.638E-07  7.201E-07  9.100E-07
  1.358E-06  1.087E-06  6.876E-07  6.417E-07  1.413E-06  9.698E-07  1.064E-06  1.021E-06  7.353E-07  1.299E-06
  8.866E-07  9.314E-07  1.388E-06  6.900E-07  9.485E-07  1.166E-06  1.013E-06  1.093E-06  1.115E-06  9.754E-07
  8.954E-07  8.514E-07  1.034E-06  9.977E-07  1.001E-06  1.054E-06  1.479E-06  6.858E-07  6.352E-07  9.032E-07
  8.337E-07  1.286E-06  9.961E-07  1.066E-06  1.336E-06  6.828E-07  1.171E-06  1.071E-06  8.583E-07  1.072E-06
  1.570E-06  7.635E-07  9.522E-07  1.150E-06  1.028E-06  8.765E-07  8.345E-07  1.037E-06  9.639E-07  9.977E-07
  9.296E-07  9.226E-07  8.945E-07  1.307E-06  1.200E-06  1.215E-06  1.533E-06  1.308E-06  8.796E-07  1.007E-06
  8.292E-07  9.600E-07  1.027E-06  6.293E-07  8.289E-07  1.069E-06  1.306E-06  6.653E-07  1.067E-06  1.104E-06
  1.201E-06  1.103E-06  1.198E-06  1.708E-06  9.071E-07  9.045E-07  8.406E-07  6.638E-07  1.344E-06  9.828E-07
  1.169E-06  1.180E-06  1.030E-06  1.033E-06  9.273E-07  1.072E-06  9.184E-07  1.029E-06  1.204E-06  7.111E-07
  7.633E-07  1.032E-06  8.285E-07  1.305E-06  1.085E-06  1.081E-06  1.221E-06  9.319E-07  9.741E-07  1.145E-06
  9.550E-07  1.159E-06  1.032E-06  1.041E-06  9.956E-07  8.582E-07  9.575E-07  8.761E-07  1.626E-06  1.108E-06
  1.038E-06  1.103E-06  1.347E-06  1.346E-06  8.833E-07  1.185E-06  1.585E-06  1.160E-06  1.211E-06  1.377E-06
  1.140E-06  1.219E-06  1.271E-06  1.061E-06  1.116E-06  1.137E-06  1.054E-06  1.556E-06  1.265E-06  1.397E-06
  1.292E-06  9.300E-07  1.179E-06  6.859E-07  1.258E-06  8.591E-07  1.446E-06  1.195E-06  8.789E-07  1.356E-06
  1.351E-06  1.238E-06  9.817E-07  1.111E-06  1.219E-06  1.026E-06  1.291E-06  8.691E-07  9.457E-07  1.142E-06
  9.650E-07  7.706E-07  1.055E-06  9.179E-07  1.079E-06  1.229E-06  1.201E-06  1.395E-06  7.497E-07  1.022E-06
  1.107E-06  9.340E-07  1.278E-06  9.206E-07  8.640E-07  1.146E-06  1.095E-06  9.345E-07  1.326E-06  9.552E-07
  1.163E-06  1.508E-06  1.525E-06  1.886E-06  1.307E-06  8.251E-07  1.204E-06  1.129E-06  1.202E-06  1.287E-06
  1.209E-06  1.226E-06  1.138E-06  1.452E-06  9.800E-07  1.229E-06  1.103E-06  1.575E-06  1.045E-06  1.517E-06
  1.517E-06  1.133E-06  7.720E-07  1.612E-06  9.331E-07  8.616E-07  1.259E-06  1.043E-06  1.243E-06  1.239E-06
  1.169E-06  1.096E-06  1.159E-06  1.082E-06  1.106E-06  1.464E-06  1.674E-06  6.518E-07  9.399E-07  1.111E-06
  8.913E-07  1.464E-06  9.927E-07  9.629E-07  7.844E-07  8.834E-07  9.600E-07  9.233E-07  8.939E-07  9.277E-07
  1.188E-06  1.376E-06  1.521E-06  1.237E-06  1.289E-06  1.067E-06  1.026E-06  8.097E-07  1.014E-06  1.127E-06
  1.186E-06  1.112E-06  1.153E-06  8.787E-07  1.210E-06  1.326E-06  9.303E-07  1.096E-06  1.089E-06  9.230E-07
  1.713E-06  1.059E-06  9.707E-07  9.145E-07  8.498E-07  1.208E-06  6.919E-07  1.023E-06  1.081E-06  1.229E-06
  1.109E-06  1.202E-06  8.398E-07  1.264E-06  1.136E-06  1.221E-06  8.476E-07  1.030E-06  9.346E-07  8.535E-07
  5.740E-07  9.854E-07  1.136E-06  1.143E-06  9.616E-07  8.788E-07  9.625E-07  8.652E-07  7.799E-07  9.234E-07
  1.028E-06  8.678E-07  8.930E-07  6.398E-07  1.143E-06  5.044E-07  6.030E-07  1.081E-06  1.094E-06  8.827E-07
  1.156E-06  9.922E-07  9.139E-07  1.170E-06  1.107E-06  1.348E-06  1.499E-06  9.492E-07  6.148E-07  7.605E-07
  7.197E-07  1.049E-06  8.682E-07  7.824E-07  1.116E-06  8.812E-07  7.997E-07  8.019E-07  9.202E-07  8.992E-07
  1.115E-06  1.424E-06  1.339E-06  7.981E-07  1.030E-06  9.999E-07  8.066E-07  9.764E-07  8.120E-07  1.163E-06
  1.120E-06  9.748E-07  1.214E-06  1.053E-06  1.231E-06  9.481E-07  9.060E-07  7.351E-07  1.165E-06  1.026E-06
  1.152E-06  1.209E-06  5.741E-07  9.637E-07  8.010E-07  7.299E-07  1.171E-06  1.105E-06  1.074E-06  8.598E-07
  8.608E-07  1.315E-06  7.678E-07  1.142E-06  1.018E-06  8.790E-07  7.410E-07  9.275E-07  9.528E-07  6.840E-07
  1.156E-06  1.123E-06  9.132E-07  1.073E-06  1.024E-06  6.402E-07  1.312E-06  7.888E-07  9.129E-07  1.231E-06
  1.077E-06  6.621E-07  1.103E-06  9.263E-07  7.038E-07  9.321E-07  1.117E-06  9.297E-07  8.732E-07  1.077E-06
  1.010E-06  9.209E-07  9.424E-07  1.286E-06  8.800E-07  1.045E-06  8.777E-07  7.664E-07  5.873E-07  8.115E-07
  8.976E-07  8.122E-07  9.790E-07  8.846E-07  4.543E-07  6.224E-07  7.498E-07  8.612E-07  8.590E-07  1.108E-06
  9.174E-07  9.110E-07  9.687E-07  7.114E-07  3.102E-07  6.830E-07  8.711E-07  7.560E-07  8.700E-07  7.572E-07
  8.415E-07  6.291E-07  8.906E-07  1.055E-06  1.060E-06  5.751E-07  8.715E-07  6.734E-07  9.317E-07  7.314E-07
  5.204E-07  7.593E-07  5.609E-07  1.252E-06  8.788E-07  8.067E-07  1.277E-06  3.721E-07  8.251E-07  1.066E-06
  7.147E-07  7.590E-07  1.052E-06  7.652E-07  1.116E-06  7.796E-07  4.901E-07  3.590E-07

#------------------------------------------------------------------------------
# gshow
#------------------------------------------------------------------------------

p: legs[c5*0.875]

hb:   line clip z  
frame:
 -7.9999814E-01 -1.6499925E+00
  8.0000186E-01 -1.6499925E+00
  8.0000186E-01  1.6500075E+00
 -7.9999814E-01  1.6500075E+00
clip:
 -8.94115672E-01 -1.74705108E+00
  8.94119622E-01 -1.74705108E+00
  8.94119622E-01 -1.64116873E+00
  8.94119622E-01 -1.53528638E+00
  8.94119622E-01 -1.42940402E+00
  8.94119622E-01 -1.32352167E+00
  8.94119622E-01 -1.21763932E+00
  8.94119622E-01 -1.11175697E+00
  8.94119622E-01 -1.00587461E+00
  8.94119622E-01 -8.99992259E-01
  8.94119622E-01 -7.94109906E-01
  8.94119622E-01 -6.88227553E-01
  8.94119622E-01 -5.82345200E-01
  8.94119622E-01 -4.76462847E-01
  8.94119622E-01 -3.70580495E-01
  8.94119622E-01 -2.64698142E-01
  8.94119622E-01 -1.58815789E-01
  8.94119622E-01 -5.29334357E-02
  8.94119622E-01  5.29489172E-02
  8.94119622E-01  1.58831270E-01
  8.94119622E-01  2.64713623E-01
  8.94119622E-01  3.70595976E-01
  8.94119622E-01  4.76478329E-01
  8.94119622E-01  5.82360682E-01
  8.94119622E-01  6.88243035E-01
  8.94119622E-01  7.94125388E-01
  8.94119622E-01  9.00007741E-01
  8.94119622E-01  1.00589009E+00
  8.94119622E-01  1.11177245E+00
  8.94119622E-01  1.21765480E+00
  8.94119622E-01  1.32353715E+00
  8.94119622E-01  1.42941951E+00
  8.94119622E-01  1.53530186E+00
  8.94119622E-01  1.64118421E+00
  8.94119622E-01  1.74706656E+00
  7.82354916E-01  1.74706656E+00
  6.70590211E-01  1.74706656E+00
  5.58825505E-01  1.74706656E+00
  4.47060799E-01  1.74706656E+00
  3.35296093E-01  1.74706656E+00
  2.23531387E-01  1.74706656E+00
  1.11766681E-01  1.74706656E+00
  1.97530848E-06  1.74706656E+00
 -1.11762731E-01  1.74706656E+00
 -2.23527436E-01  1.74706656E+00
 -3.35292142E-01  1.74706656E+00
 -4.47056848E-01  1.74706656E+00
 -5.58821554E-01  1.74706656E+00
 -6.70586260E-01  1.74706656E+00
 -7.82350966E-01  1.74706656E+00
 -8.94115672E-01  1.74706656E+00
 -8.94115672E-01  1.64118421E+00
 -8.94115672E-01  1.53530186E+00
 -8.94115672E-01  1.42941951E+00
 -8.94115672E-01  1.32353715E+00
 -8.94115672E-01  1.21765480E+00
 -8.94115672E-01  1.11177245E+00
 -8.94115672E-01  1.00589009E+00
 -8.94115672E-01  9.00007741E-01
 -8.94115672E-01  7.94125388E-01
 -8.94115672E-01  6.88243035E-01
 -8.94115672E-01  5.82360682E-01
 -8.94115672E-01  4.76478329E-01
 -8.94115672E-01  3.70595976E-01
 -8.94115672E-01  2.64713623E-01
 -8.94115672E-01  1.58831270E-01
 -8.94115672E-01  5.29489172E-02
 -8.94115672E-01 -5.29334357E-02
 -8.94115672E-01 -1.58815789E-01
 -8.94115672E-01 -2.64698142E-01
 -8.94115672E-01 -3.70580495E-01
 -8.94115672E-01 -4.76462847E-01
 -8.94115672E-01 -5.82345200E-01
 -8.94115672E-01 -6.88227553E-01
 -8.94115672E-01 -7.94109906E-01
 -8.94115672E-01 -8.99992259E-01
 -8.94115672E-01 -1.00587461E+00
 -8.94115672E-01 -1.11175697E+00
 -8.94115672E-01 -1.21763932E+00
 -8.94115672E-01 -1.32352167E+00
 -8.94115672E-01 -1.42940402E+00
 -8.94115672E-01 -1.53528638E+00
 -8.94115672E-01 -1.64116873E+00
 -8.94115672E-01 -1.74705108E+00

#------------------------------------------------------------------------------
z: xorg(1.03)
p: xfac[c2*0.05] form[c1/0.05] notc noxt noyt dmin(1)
p: ymin(0) ymax(1) xmin(0) xmax(1) cmin(1) cmax(100) nosp
hc: y= 0.005 to 0.995 by 0.01 ; x= 0.5 to 0.5 by 1 ;
 1  2  3  4  5  6  7  8  9 10 11 12 13 14 15 16 17 18 19 20
21 22 23 24 25 26 27 28 29 30 31 32 33 34 35 36 37 38 39 40
41 42 43 44 45 46 47 48 49 50 51 52 53 54 55 56 57 58 59 60
61 62 63 64 65 66 67 68 69 70 71 72 73 74 75 76 77 78 79 80
81 82 83 84 85 86 87 88 89 90 91 92 93 94 95 96 97 98 99 100
z: xorg(0.0)
p: xfac[c2*0.05] form[c1/0.05] nosp afac[c5*0.625] ymin[c3] ymax[c4]
p: noxt noxn ytxt(-1) ynum(-1) xltd(-1) xstd(-1) itic(1) ylog
y: Dose [Gy/source]      
#------------------------------------------------------------------------------

wt: s[c5]
\vspace{-3}
  zmin  &=&   9.8530E+01 [cm]
  zmax  &=&   9.8580E+01 [cm]
  part. &=& photon  
e:

#------------------------------------------------------------------------------
z: xorg[-1.03/0.05]
p: form[c1] xfac[c2] afac[c5] nosp notf
p: xmin(-0.8000000    ) xmax( 0.8000000    )
p: ymin( -1.650000    ) ymax(  1.650000    )
 
# Information for Restart Calculation
# This calculation was newly started
# istdev =  2 # 1:Batch variance, 2:History variance
# resc2  = 3.20404958639304016E-02 # Total source weight or Total source weight / maxcas
# resc3  = 1.99981000000000000E+08 # Total history number or Total batch number
# maxcas =        1000 # History / Batch, only used for istdev=1
# bitrseed = 0001010110011101111001010011000010110000011010111001001010111000 # bit data of rseed
