[ T-Track ]
    title = [t-track] in region mesh
     mesh =  reg            # mesh type is region-wise
      reg = ( 20002 < 20005 ) ( 20002 < 20006 ) ( 20002 < 20007 ) (
            20002 < 20008 ) ( 20002 < 20009 ) 10001
   volume                   # combined, lattice or level structure 
   non     reg      vol     # reg definition
    1  1000001   1.0000E+00 # ( 20002 < 20005 )
    2  1000002   1.0000E+00 # ( 20002 < 20006 )
    3  1000003   1.0000E+00 # ( 20002 < 20007 )
    4  1000004   1.0000E+00 # ( 20002 < 20008 )
    5  1000005   1.0000E+00 # ( 20002 < 20009 )
    6    10001   1.0000E+00 # 10001
   e-type =    1            # e-mesh is given by the below data
       ne =      1          # number of e-mesh points
#    data = ( e(i), i = 1, ne + 1 )
            0.00000E+00  1.00000E+03
     unit =    1            # unit is [1/cm^2/source]
 material =  all            # (D=all) number of specific material
     axis =     reg            # axis of output
     file = ./out/flujo_cilindros.out  # file name of output for the above axis
     part =  proton   
# kf/name :  2212     
    gshow =    1            # 0: no 1:bnd, 2:bnd+mat, 3:bnd+reg 4:bnd+lat 5:bmp style
    resol =    1            # (D=1) resolution of gshow or rshow
    width = 0.5000000       # (D=0.5) width of lines for gshow or rshow
   epsout =    1            # (D=0) generate eps file by ANGEL
#    used :        main (  %)        temp (  %)       total (  %)
#  memory :          35 (  0)           0 (  0)          35 (  0)

#------------------------------------------------------------------------------
#newpage:
#   no. =  1
#  ie =  1
#   e = (   0.0000E+00  -   1.0000E+03  )

x: Serial Num. of Region
y: Flux [1/cm^2/source]              
p: xlin ylog afac(0.8) form(0.9)
h:   x      n     n          y(proton  ),l3 n  
#  num    reg     volume       proton    r.err 
    1 1000001   1.0000E+00   6.5584E+04  0.0100
    2 1000002   1.0000E+00   8.8031E+03  0.0261
    3 1000003   1.0000E+00   1.0815E+03  0.0738
    4 1000004   1.0000E+00   3.5729E+03  0.0407
    5 1000005   1.0000E+00   1.2471E+03  0.0689
    6   10001   1.0000E+00   1.1582E+03  0.0701

#   sum over    6.0000E+00   1.3575E+04  0.0089

'no. =  1,  ie =  1'
msuc: {\huge [t-track] in region mesh}
msdr: {\it plotted by \ANGEL \version}
msdl: {\it calculated by \PHITS  3.36}
wt: s(0.7)
\vspace{-3}
  emin  &=&   0.0000E+00 [MeV/n]
  emax  &=&   1.0000E+03 [MeV/n]
e:
 
# Information for Restart Calculation
# This calculation was newly started
# istdev =  2 # 1:Batch variance, 2:History variance
# resc2  = 3.20404958639304016E-02 # Total source weight or Total source weight / maxcas
# resc3  = 1.99981000000000000E+08 # Total history number or Total batch number
# maxcas =        1000 # History / Batch, only used for istdev=1
# bitrseed = 0001010110011101111001010011000010110000011010111001001010111000 # bit data of rseed
