[ T-Cross ]
    title = Proton response in air channel
     mesh =  reg            # mesh type is region-wise
      reg =   10            # number of crossing regions
      non     r-from                  r-to                     area
      1       ( 20002 < 20005 )       ( 20003 < 20005 )        1.000000    
      2       ( 20001 < 20005 )       ( 20003 < 20005 )        1.000000    
      3       ( 20002 < 20006 )       ( 20003 < 20006 )        1.000000    
      4       ( 20001 < 20006 )       ( 20003 < 20006 )        1.000000    
      5       ( 20002 < 20007 )       ( 20003 < 20007 )        1.000000    
      6       ( 20001 < 20007 )       ( 20003 < 20007 )        1.000000    
      7       ( 20002 < 20008 )       ( 20003 < 20008 )        1.000000    
      8       ( 20001 < 20008 )       ( 20003 < 20008 )        1.000000    
      9       ( 20002 < 20009 )       ( 20003 < 20009 )        1.000000    
     10       ( 20001 < 20009 )       ( 20003 < 20009 )        1.000000    
   e-type =    2            # e-mesh is linear given by emin, emax and ne
     emin =   0.000000      # minimum value of e-mesh points
     emax =   17.00000      # maximum value of e-mesh points
#    edel =  0.1700000      # mesh width of e-mesh points
       ne =    100          # number of e-mesh points
#    data = ( e(i), i = 1, ne + 1 )
#           0.00000E+00  1.70000E-01  3.40000E-01  5.10000E-01  6.80000E-01
#           8.50000E-01  1.02000E+00  1.19000E+00  1.36000E+00  1.53000E+00
#           1.70000E+00  1.87000E+00  2.04000E+00  2.21000E+00  2.38000E+00
#           2.55000E+00  2.72000E+00  2.89000E+00  3.06000E+00  3.23000E+00
#           3.40000E+00  3.57000E+00  3.74000E+00  3.91000E+00  4.08000E+00
#           4.25000E+00  4.42000E+00  4.59000E+00  4.76000E+00  4.93000E+00
#           5.10000E+00  5.27000E+00  5.44000E+00  5.61000E+00  5.78000E+00
#           5.95000E+00  6.12000E+00  6.29000E+00  6.46000E+00  6.63000E+00
#           6.80000E+00  6.97000E+00  7.14000E+00  7.31000E+00  7.48000E+00
#           7.65000E+00  7.82000E+00  7.99000E+00  8.16000E+00  8.33000E+00
#           8.50000E+00  8.67000E+00  8.84000E+00  9.01000E+00  9.18000E+00
#           9.35000E+00  9.52000E+00  9.69000E+00  9.86000E+00  1.00300E+01
#           1.02000E+01  1.03700E+01  1.05400E+01  1.07100E+01  1.08800E+01
#           1.10500E+01  1.12200E+01  1.13900E+01  1.15600E+01  1.17300E+01
#           1.19000E+01  1.20700E+01  1.22400E+01  1.24100E+01  1.25800E+01
#           1.27500E+01  1.29200E+01  1.30900E+01  1.32600E+01  1.34300E+01
#           1.36000E+01  1.37700E+01  1.39400E+01  1.41100E+01  1.42800E+01
#           1.44500E+01  1.46200E+01  1.47900E+01  1.49600E+01  1.51300E+01
#           1.53000E+01  1.54700E+01  1.56400E+01  1.58100E+01  1.59800E+01
#           1.61500E+01  1.63200E+01  1.64900E+01  1.66600E+01  1.68300E+01
#           1.70000E+01
  eng2let =    0            # (D=0) Flag to convert energy to LET, 0: not convert, 1: convert
     unit =    1            # unit is [1/cm^2/source]
     axis =  eng            # axis of output
     file = ./out/protones_detector.out  # file name of output for the above axis
   output = f-curr          # surface crossing forward current spectrum
     part =  proton   
# kf/name :  2212     
   epsout =    1            # (D=0) generate eps file by ANGEL
#    used :        main (  %)        temp (  %)       total (  %)
#  memory :         156 (  0)           0 (  0)         156 (  0)

#------------------------------------------------------------------------------
#newpage:
#   no. =    1   reg = ( 20002 < 20005 ) - ( 20003 < 20005 )

x: Energy [MeV/n]
y:  F-Curr [1/cm^2/source]                 
p: xlin ylog afac(0.8) form(0.9)
h: n            x            y(proton  ),hh0l n 
#  e-lower      e-upper        proton    r.err 
   0.0000E+00   1.7000E-01   0.0000E+00  0.0000
   1.7000E-01   3.4000E-01   0.0000E+00  0.0000
   3.4000E-01   5.1000E-01   0.0000E+00  0.0000
   5.1000E-01   6.8000E-01   0.0000E+00  0.0000
   6.8000E-01   8.5000E-01   0.0000E+00  0.0000
   8.5000E-01   1.0200E+00   0.0000E+00  0.0000
   1.0200E+00   1.1900E+00   0.0000E+00  0.0000
   1.1900E+00   1.3600E+00   3.1211E+01  1.0000
   1.3600E+00   1.5300E+00   0.0000E+00  0.0000
   1.5300E+00   1.7000E+00   3.1211E+01  1.0000
   1.7000E+00   1.8700E+00   0.0000E+00  0.0000
   1.8700E+00   2.0400E+00   3.1211E+01  1.0000
   2.0400E+00   2.2100E+00   3.1211E+01  1.0000
   2.2100E+00   2.3800E+00   3.1211E+01  1.0000
   2.3800E+00   2.5500E+00   0.0000E+00  0.0000
   2.5500E+00   2.7200E+00   6.2421E+01  0.7071
   2.7200E+00   2.8900E+00   6.2421E+01  0.7071
   2.8900E+00   3.0600E+00   0.0000E+00  0.0000
   3.0600E+00   3.2300E+00   6.2421E+01  0.7071
   3.2300E+00   3.4000E+00   3.1211E+01  1.0000
   3.4000E+00   3.5700E+00   3.1211E+01  1.0000
   3.5700E+00   3.7400E+00   3.1211E+01  1.0000
   3.7400E+00   3.9100E+00   3.1211E+01  1.0000
   3.9100E+00   4.0800E+00   3.1211E+01  1.0000
   4.0800E+00   4.2500E+00   1.2484E+02  0.5000
   4.2500E+00   4.4200E+00   6.2421E+01  0.7071
   4.4200E+00   4.5900E+00   6.2421E+01  0.7071
   4.5900E+00   4.7600E+00   6.2421E+01  0.7071
   4.7600E+00   4.9300E+00   9.3632E+01  0.5774
   4.9300E+00   5.1000E+00   1.8726E+02  0.4082
   5.1000E+00   5.2700E+00   3.1211E+01  1.0000
   5.2700E+00   5.4400E+00   9.3632E+01  0.5774
   5.4400E+00   5.6100E+00   9.3632E+01  0.5774
   5.6100E+00   5.7800E+00   1.8726E+02  0.4082
   5.7800E+00   5.9500E+00   1.2484E+02  0.5000
   5.9500E+00   6.1200E+00   1.5605E+02  0.4472
   6.1200E+00   6.2900E+00   1.8726E+02  0.4082
   6.2900E+00   6.4600E+00   6.2421E+01  0.7071
   6.4600E+00   6.6300E+00   1.2484E+02  0.5000
   6.6300E+00   6.8000E+00   3.4332E+02  0.3015
   6.8000E+00   6.9700E+00   6.5542E+02  0.2182
   6.9700E+00   7.1400E+00   1.3108E+03  0.1543
   7.1400E+00   7.3100E+00   2.4032E+03  0.1140
   7.3100E+00   7.4800E+00   3.1523E+03  0.0995
   7.4800E+00   7.6500E+00   4.1510E+03  0.0867
   7.6500E+00   7.8200E+00   2.1847E+03  0.1195
   7.8200E+00   7.9900E+00   1.4045E+03  0.1491
   7.9900E+00   8.1600E+00   7.4905E+02  0.2041
   8.1600E+00   8.3300E+00   5.9300E+02  0.2294
   8.3300E+00   8.5000E+00   1.9351E+03  0.1270
   8.5000E+00   8.6700E+00   3.4956E+03  0.0945
   8.6700E+00   8.8400E+00   4.3383E+03  0.0848
   8.8400E+00   9.0100E+00   3.7453E+03  0.0913
   9.0100E+00   9.1800E+00   1.8726E+03  0.1291
   9.1800E+00   9.3500E+00   9.0510E+02  0.1857
   9.3500E+00   9.5200E+00   9.6753E+02  0.1796
   9.5200E+00   9.6900E+00   2.9338E+03  0.1031
   9.6900E+00   9.8600E+00   5.3058E+03  0.0767
   9.8600E+00   1.0030E+01   5.8676E+03  0.0729
   1.0030E+01   1.0200E+01   4.3070E+03  0.0851
   1.0200E+01   1.0370E+01   2.0911E+03  0.1222
   1.0370E+01   1.0540E+01   6.5542E+02  0.2182
   1.0540E+01   1.0710E+01   2.2159E+03  0.1187
   1.0710E+01   1.0880E+01   5.0249E+03  0.0788
   1.0880E+01   1.1050E+01   6.9287E+03  0.0671
   1.1050E+01   1.1220E+01   4.7128E+03  0.0814
   1.1220E+01   1.1390E+01   2.3408E+03  0.1155
   1.1390E+01   1.1560E+01   9.3632E+02  0.1826
   1.1560E+01   1.1730E+01   3.4644E+03  0.0949
   1.1730E+01   1.1900E+01   6.5854E+03  0.0688
   1.1900E+01   1.2070E+01   8.1459E+03  0.0619
   1.2070E+01   1.2240E+01   4.2134E+03  0.0861
   1.2240E+01   1.2410E+01   1.1548E+03  0.1644
   1.2410E+01   1.2580E+01   2.2159E+03  0.1187
   1.2580E+01   1.2750E+01   7.4905E+03  0.0645
   1.2750E+01   1.2920E+01   1.1049E+04  0.0531
   1.2920E+01   1.3090E+01   6.8975E+03  0.0673
   1.3090E+01   1.3260E+01   2.4344E+03  0.1132
   1.3260E+01   1.3430E+01   1.9663E+03  0.1260
   1.3430E+01   1.3600E+01   7.8026E+03  0.0632
   1.3600E+01   1.3770E+01   1.3920E+04  0.0474
   1.3770E+01   1.3940E+01   1.0331E+04  0.0550
   1.3940E+01   1.4110E+01   2.7777E+03  0.1060
   1.4110E+01   1.4280E+01   3.2771E+03  0.0976
   1.4280E+01   1.4450E+01   1.1517E+04  0.0521
   1.4450E+01   1.4620E+01   2.0380E+04  0.0391
   1.4620E+01   1.4790E+01   1.2235E+04  0.0505
   1.4790E+01   1.4960E+01   2.6529E+03  0.1085
   1.4960E+01   1.5130E+01   8.3332E+03  0.0612
   1.5130E+01   1.5300E+01   3.3614E+04  0.0305
   1.5300E+01   1.5470E+01   4.2041E+04  0.0272
   1.5470E+01   1.5640E+01   1.2859E+04  0.0493
   1.5640E+01   1.5810E+01   5.3058E+02  0.2425
   1.5810E+01   1.5980E+01   0.0000E+00  0.0000
   1.5980E+01   1.6150E+01   0.0000E+00  0.0000
   1.6150E+01   1.6320E+01   0.0000E+00  0.0000
   1.6320E+01   1.6490E+01   0.0000E+00  0.0000
   1.6490E+01   1.6660E+01   0.0000E+00  0.0000
   1.6660E+01   1.6830E+01   0.0000E+00  0.0000
   1.6830E+01   1.7000E+01   0.0000E+00  0.0000

#   sum over                 3.1757E+05  0.0099
'no. =    1   reg = ( 20002 < 20005 ) - ( 20003 < 20005 )'
msuc: {\huge Proton response in air channel}
msdr: {\it plotted by \ANGEL \version}
msdl: {\it calculated by \PHITS  3.36}
wt: s(0.7)
\vspace{-3}
  region surface crossing
  area  &=&   1.0000E+00 [cm^2]
e:

#------------------------------------------------------------------------------
 newpage:
#   no. =    2   reg = ( 20001 < 20005 ) - ( 20003 < 20005 )

x: Energy [MeV/n]
y:  F-Curr [1/cm^2/source]                 
p: xlin ylog afac(0.8) form(0.9)
h: n            x            y(proton  ),hh0l n 
#  e-lower      e-upper        proton    r.err 
   0.0000E+00   1.7000E-01   0.0000E+00  0.0000
   1.7000E-01   3.4000E-01   0.0000E+00  0.0000
   3.4000E-01   5.1000E-01   3.1211E+01  1.0000
   5.1000E-01   6.8000E-01   3.1211E+01  1.0000
   6.8000E-01   8.5000E-01   0.0000E+00  0.0000
   8.5000E-01   1.0200E+00   0.0000E+00  0.0000
   1.0200E+00   1.1900E+00   6.2421E+01  0.7071
   1.1900E+00   1.3600E+00   0.0000E+00  0.0000
   1.3600E+00   1.5300E+00   0.0000E+00  0.0000
   1.5300E+00   1.7000E+00   3.1211E+01  1.0000
   1.7000E+00   1.8700E+00   3.1211E+01  1.0000
   1.8700E+00   2.0400E+00   0.0000E+00  0.0000
   2.0400E+00   2.2100E+00   0.0000E+00  0.0000
   2.2100E+00   2.3800E+00   3.1211E+01  1.0000
   2.3800E+00   2.5500E+00   0.0000E+00  0.0000
   2.5500E+00   2.7200E+00   0.0000E+00  0.0000
   2.7200E+00   2.8900E+00   1.2484E+02  0.5000
   2.8900E+00   3.0600E+00   0.0000E+00  0.0000
   3.0600E+00   3.2300E+00   9.3632E+01  0.5774
   3.2300E+00   3.4000E+00   0.0000E+00  0.0000
   3.4000E+00   3.5700E+00   6.2421E+01  0.7071
   3.5700E+00   3.7400E+00   1.8726E+02  0.4082
   3.7400E+00   3.9100E+00   3.1211E+01  1.0000
   3.9100E+00   4.0800E+00   6.2421E+01  0.7071
   4.0800E+00   4.2500E+00   9.3632E+01  0.5774
   4.2500E+00   4.4200E+00   0.0000E+00  0.0000
   4.4200E+00   4.5900E+00   3.1211E+01  1.0000
   4.5900E+00   4.7600E+00   0.0000E+00  0.0000
   4.7600E+00   4.9300E+00   6.2421E+01  0.7071
   4.9300E+00   5.1000E+00   1.2484E+02  0.5000
   5.1000E+00   5.2700E+00   3.1211E+01  1.0000
   5.2700E+00   5.4400E+00   1.2484E+02  0.5000
   5.4400E+00   5.6100E+00   6.2421E+01  0.7071
   5.6100E+00   5.7800E+00   9.3632E+01  0.5774
   5.7800E+00   5.9500E+00   3.1211E+01  1.0000
   5.9500E+00   6.1200E+00   0.0000E+00  0.0000
   6.1200E+00   6.2900E+00   6.2421E+01  0.7071
   6.2900E+00   6.4600E+00   0.0000E+00  0.0000
   6.4600E+00   6.6300E+00   9.3632E+01  0.5774
   6.6300E+00   6.8000E+00   0.0000E+00  0.0000
   6.8000E+00   6.9700E+00   3.1211E+01  1.0000
   6.9700E+00   7.1400E+00   6.2421E+01  0.7071
   7.1400E+00   7.3100E+00   1.2484E+02  0.5000
   7.3100E+00   7.4800E+00   3.1211E+01  1.0000
   7.4800E+00   7.6500E+00   6.2421E+01  0.7071
   7.6500E+00   7.8200E+00   6.2421E+01  0.7071
   7.8200E+00   7.9900E+00   1.2484E+02  0.5000
   7.9900E+00   8.1600E+00   3.1211E+01  1.0000
   8.1600E+00   8.3300E+00   1.5605E+02  0.4472
   8.3300E+00   8.5000E+00   9.3632E+01  0.5774
   8.5000E+00   8.6700E+00   3.1211E+01  1.0000
   8.6700E+00   8.8400E+00   9.3632E+01  0.5774
   8.8400E+00   9.0100E+00   6.2421E+01  0.7071
   9.0100E+00   9.1800E+00   9.3632E+01  0.5774
   9.1800E+00   9.3500E+00   9.3632E+01  0.5774
   9.3500E+00   9.5200E+00   6.2421E+01  0.7071
   9.5200E+00   9.6900E+00   1.2484E+02  0.5000
   9.6900E+00   9.8600E+00   6.2421E+01  0.7071
   9.8600E+00   1.0030E+01   6.2421E+01  0.7071
   1.0030E+01   1.0200E+01   9.3632E+01  0.5774
   1.0200E+01   1.0370E+01   1.2484E+02  0.5000
   1.0370E+01   1.0540E+01   1.5605E+02  0.4472
   1.0540E+01   1.0710E+01   1.5605E+02  0.4472
   1.0710E+01   1.0880E+01   3.1211E+01  1.0000
   1.0880E+01   1.1050E+01   1.2484E+02  0.5000
   1.1050E+01   1.1220E+01   6.2421E+01  0.7071
   1.1220E+01   1.1390E+01   0.0000E+00  0.0000
   1.1390E+01   1.1560E+01   1.2484E+02  0.5000
   1.1560E+01   1.1730E+01   9.3632E+01  0.5774
   1.1730E+01   1.1900E+01   6.2421E+01  0.7071
   1.1900E+01   1.2070E+01   3.1211E+01  1.0000
   1.2070E+01   1.2240E+01   9.3632E+01  0.5774
   1.2240E+01   1.2410E+01   1.8726E+02  0.4082
   1.2410E+01   1.2580E+01   6.2421E+01  0.7071
   1.2580E+01   1.2750E+01   9.3632E+01  0.5774
   1.2750E+01   1.2920E+01   1.2484E+02  0.5000
   1.2920E+01   1.3090E+01   9.3632E+01  0.5774
   1.3090E+01   1.3260E+01   3.1211E+01  1.0000
   1.3260E+01   1.3430E+01   1.5605E+02  0.4472
   1.3430E+01   1.3600E+01   6.2421E+01  0.7071
   1.3600E+01   1.3770E+01   9.3632E+01  0.5774
   1.3770E+01   1.3940E+01   6.2421E+01  0.7071
   1.3940E+01   1.4110E+01   6.2421E+01  0.7071
   1.4110E+01   1.4280E+01   6.2421E+01  0.7071
   1.4280E+01   1.4450E+01   1.8726E+02  0.4082
   1.4450E+01   1.4620E+01   3.1211E+01  1.0000
   1.4620E+01   1.4790E+01   6.2421E+01  0.7071
   1.4790E+01   1.4960E+01   6.2421E+01  0.7071
   1.4960E+01   1.5130E+01   3.1211E+01  1.0000
   1.5130E+01   1.5300E+01   0.0000E+00  0.0000
   1.5300E+01   1.5470E+01   3.1211E+01  1.0000
   1.5470E+01   1.5640E+01   0.0000E+00  0.0000
   1.5640E+01   1.5810E+01   0.0000E+00  0.0000
   1.5810E+01   1.5980E+01   0.0000E+00  0.0000
   1.5980E+01   1.6150E+01   0.0000E+00  0.0000
   1.6150E+01   1.6320E+01   0.0000E+00  0.0000
   1.6320E+01   1.6490E+01   0.0000E+00  0.0000
   1.6490E+01   1.6660E+01   0.0000E+00  0.0000
   1.6660E+01   1.6830E+01   0.0000E+00  0.0000
   1.6830E+01   1.7000E+01   0.0000E+00  0.0000

#   sum over                 5.7115E+03  0.0739
'no. =    2   reg = ( 20001 < 20005 ) - ( 20003 < 20005 )'
msuc: {\huge Proton response in air channel}
msdr: {\it plotted by \ANGEL \version}
msdl: {\it calculated by \PHITS  3.36}
wt: s(0.7)
\vspace{-3}
  region surface crossing
  area  &=&   1.0000E+00 [cm^2]
e:

#------------------------------------------------------------------------------
 newpage:
#   no. =    3   reg = ( 20002 < 20006 ) - ( 20003 < 20006 )

x: Energy [MeV/n]
y:  F-Curr [1/cm^2/source]                 
p: xlin ylog afac(0.8) form(0.9)
h: n            x            y(proton  ),hh0l n 
#  e-lower      e-upper        proton    r.err 
   0.0000E+00   1.7000E-01   0.0000E+00  0.0000
   1.7000E-01   3.4000E-01   0.0000E+00  0.0000
   3.4000E-01   5.1000E-01   0.0000E+00  0.0000
   5.1000E-01   6.8000E-01   0.0000E+00  0.0000
   6.8000E-01   8.5000E-01   0.0000E+00  0.0000
   8.5000E-01   1.0200E+00   0.0000E+00  0.0000
   1.0200E+00   1.1900E+00   0.0000E+00  0.0000
   1.1900E+00   1.3600E+00   0.0000E+00  0.0000
   1.3600E+00   1.5300E+00   0.0000E+00  0.0000
   1.5300E+00   1.7000E+00   0.0000E+00  0.0000
   1.7000E+00   1.8700E+00   0.0000E+00  0.0000
   1.8700E+00   2.0400E+00   0.0000E+00  0.0000
   2.0400E+00   2.2100E+00   0.0000E+00  0.0000
   2.2100E+00   2.3800E+00   0.0000E+00  0.0000
   2.3800E+00   2.5500E+00   3.1211E+01  1.0000
   2.5500E+00   2.7200E+00   0.0000E+00  0.0000
   2.7200E+00   2.8900E+00   0.0000E+00  0.0000
   2.8900E+00   3.0600E+00   0.0000E+00  0.0000
   3.0600E+00   3.2300E+00   0.0000E+00  0.0000
   3.2300E+00   3.4000E+00   0.0000E+00  0.0000
   3.4000E+00   3.5700E+00   9.3632E+01  0.5774
   3.5700E+00   3.7400E+00   6.2421E+01  0.7071
   3.7400E+00   3.9100E+00   3.1211E+01  1.0000
   3.9100E+00   4.0800E+00   0.0000E+00  0.0000
   4.0800E+00   4.2500E+00   6.2421E+01  0.7071
   4.2500E+00   4.4200E+00   6.2421E+01  0.7071
   4.4200E+00   4.5900E+00   3.1211E+01  1.0000
   4.5900E+00   4.7600E+00   0.0000E+00  0.0000
   4.7600E+00   4.9300E+00   3.1211E+01  1.0000
   4.9300E+00   5.1000E+00   9.3632E+01  0.5774
   5.1000E+00   5.2700E+00   9.3632E+01  0.5774
   5.2700E+00   5.4400E+00   3.1211E+01  1.0000
   5.4400E+00   5.6100E+00   1.2484E+02  0.5000
   5.6100E+00   5.7800E+00   3.1211E+01  1.0000
   5.7800E+00   5.9500E+00   9.3632E+01  0.5774
   5.9500E+00   6.1200E+00   1.2484E+02  0.5000
   6.1200E+00   6.2900E+00   0.0000E+00  0.0000
   6.2900E+00   6.4600E+00   6.2421E+01  0.7071
   6.4600E+00   6.6300E+00   9.3632E+01  0.5774
   6.6300E+00   6.8000E+00   1.2484E+02  0.5000
   6.8000E+00   6.9700E+00   1.5605E+02  0.4472
   6.9700E+00   7.1400E+00   4.9937E+02  0.2500
   7.1400E+00   7.3100E+00   8.4268E+02  0.1925
   7.3100E+00   7.4800E+00   9.3632E+02  0.1826
   7.4800E+00   7.6500E+00   9.9874E+02  0.1768
   7.6500E+00   7.8200E+00   4.0574E+02  0.2774
   7.8200E+00   7.9900E+00   2.8089E+02  0.3333
   7.9900E+00   8.1600E+00   2.1847E+02  0.3780
   8.1600E+00   8.3300E+00   2.1847E+02  0.3780
   8.3300E+00   8.5000E+00   4.0574E+02  0.2774
   8.5000E+00   8.6700E+00   8.7389E+02  0.1890
   8.6700E+00   8.8400E+00   1.0299E+03  0.1741
   8.8400E+00   9.0100E+00   6.2421E+02  0.2236
   9.0100E+00   9.1800E+00   3.1211E+02  0.3162
   9.1800E+00   9.3500E+00   2.1847E+02  0.3780
   9.3500E+00   9.5200E+00   4.0574E+02  0.2774
   9.5200E+00   9.6900E+00   6.2421E+02  0.2236
   9.6900E+00   9.8600E+00   6.8663E+02  0.2132
   9.8600E+00   1.0030E+01   1.1860E+03  0.1622
   1.0030E+01   1.0200E+01   7.8026E+02  0.2000
   1.0200E+01   1.0370E+01   1.8726E+02  0.4082
   1.0370E+01   1.0540E+01   2.4968E+02  0.3536
   1.0540E+01   1.0710E+01   6.5542E+02  0.2182
   1.0710E+01   1.0880E+01   8.4268E+02  0.1925
   1.0880E+01   1.1050E+01   1.1548E+03  0.1644
   1.1050E+01   1.1220E+01   6.8663E+02  0.2132
   1.1220E+01   1.1390E+01   2.1847E+02  0.3780
   1.1390E+01   1.1560E+01   1.8726E+02  0.4082
   1.1560E+01   1.1730E+01   5.6179E+02  0.2357
   1.1730E+01   1.1900E+01   7.4905E+02  0.2041
   1.1900E+01   1.2070E+01   9.9874E+02  0.1768
   1.2070E+01   1.2240E+01   3.4332E+02  0.3015
   1.2240E+01   1.2410E+01   1.8726E+02  0.4082
   1.2410E+01   1.2580E+01   1.5605E+02  0.4472
   1.2580E+01   1.2750E+01   8.1147E+02  0.1961
   1.2750E+01   1.2920E+01   1.1236E+03  0.1667
   1.2920E+01   1.3090E+01   8.7389E+02  0.1890
   1.3090E+01   1.3260E+01   1.5605E+02  0.4472
   1.3260E+01   1.3430E+01   3.7453E+02  0.2887
   1.3430E+01   1.3600E+01   1.0612E+03  0.1715
   1.3600E+01   1.3770E+01   1.4669E+03  0.1459
   1.3770E+01   1.3940E+01   7.1784E+02  0.2085
   1.3940E+01   1.4110E+01   2.4968E+02  0.3536
   1.4110E+01   1.4280E+01   2.4968E+02  0.3536
   1.4280E+01   1.4450E+01   1.2484E+03  0.1581
   1.4450E+01   1.4620E+01   1.5605E+03  0.1414
   1.4620E+01   1.4790E+01   1.0924E+03  0.1690
   1.4790E+01   1.4960E+01   3.1211E+02  0.3162
   1.4960E+01   1.5130E+01   5.9300E+02  0.2294
   1.5130E+01   1.5300E+01   2.2472E+03  0.1179
   1.5300E+01   1.5470E+01   3.5580E+03  0.0937
   1.5470E+01   1.5640E+01   7.1784E+02  0.2085
   1.5640E+01   1.5810E+01   3.1211E+01  1.0000
   1.5810E+01   1.5980E+01   0.0000E+00  0.0000
   1.5980E+01   1.6150E+01   0.0000E+00  0.0000
   1.6150E+01   1.6320E+01   0.0000E+00  0.0000
   1.6320E+01   1.6490E+01   0.0000E+00  0.0000
   1.6490E+01   1.6660E+01   0.0000E+00  0.0000
   1.6660E+01   1.6830E+01   0.0000E+00  0.0000
   1.6830E+01   1.7000E+01   0.0000E+00  0.0000

#   sum over                 3.8607E+04  0.0284
'no. =    3   reg = ( 20002 < 20006 ) - ( 20003 < 20006 )'
msuc: {\huge Proton response in air channel}
msdr: {\it plotted by \ANGEL \version}
msdl: {\it calculated by \PHITS  3.36}
wt: s(0.7)
\vspace{-3}
  region surface crossing
  area  &=&   1.0000E+00 [cm^2]
e:

#------------------------------------------------------------------------------
 newpage:
#   no. =    4   reg = ( 20001 < 20006 ) - ( 20003 < 20006 )

x: Energy [MeV/n]
y:  F-Curr [1/cm^2/source]                 
p: xlin ylog afac(0.8) form(0.9)
h: n            x            y(proton  ),hh0l n 
#  e-lower      e-upper        proton    r.err 
   0.0000E+00   1.7000E-01   0.0000E+00  0.0000
   1.7000E-01   3.4000E-01   0.0000E+00  0.0000
   3.4000E-01   5.1000E-01   3.1211E+01  1.0000
   5.1000E-01   6.8000E-01   0.0000E+00  0.0000
   6.8000E-01   8.5000E-01   0.0000E+00  0.0000
   8.5000E-01   1.0200E+00   6.2421E+01  0.7071
   1.0200E+00   1.1900E+00   3.1211E+01  1.0000
   1.1900E+00   1.3600E+00   1.2484E+02  0.5000
   1.3600E+00   1.5300E+00   0.0000E+00  0.0000
   1.5300E+00   1.7000E+00   6.2421E+01  0.7071
   1.7000E+00   1.8700E+00   0.0000E+00  0.0000
   1.8700E+00   2.0400E+00   3.1211E+01  1.0000
   2.0400E+00   2.2100E+00   0.0000E+00  0.0000
   2.2100E+00   2.3800E+00   3.1211E+01  1.0000
   2.3800E+00   2.5500E+00   3.1211E+01  1.0000
   2.5500E+00   2.7200E+00   3.1211E+01  1.0000
   2.7200E+00   2.8900E+00   3.1211E+01  1.0000
   2.8900E+00   3.0600E+00   6.2421E+01  0.7071
   3.0600E+00   3.2300E+00   1.2484E+02  0.5000
   3.2300E+00   3.4000E+00   6.2421E+01  0.7071
   3.4000E+00   3.5700E+00   0.0000E+00  0.0000
   3.5700E+00   3.7400E+00   3.1211E+01  1.0000
   3.7400E+00   3.9100E+00   0.0000E+00  0.0000
   3.9100E+00   4.0800E+00   6.2421E+01  0.7071
   4.0800E+00   4.2500E+00   6.2421E+01  0.7071
   4.2500E+00   4.4200E+00   3.1211E+01  1.0000
   4.4200E+00   4.5900E+00   9.3632E+01  0.5774
   4.5900E+00   4.7600E+00   6.2421E+01  0.7071
   4.7600E+00   4.9300E+00   6.2421E+01  0.7071
   4.9300E+00   5.1000E+00   3.1211E+01  1.0000
   5.1000E+00   5.2700E+00   3.1211E+01  1.0000
   5.2700E+00   5.4400E+00   2.1847E+02  0.3780
   5.4400E+00   5.6100E+00   1.2484E+02  0.5000
   5.6100E+00   5.7800E+00   3.1211E+01  1.0000
   5.7800E+00   5.9500E+00   3.1211E+01  1.0000
   5.9500E+00   6.1200E+00   3.1211E+01  1.0000
   6.1200E+00   6.2900E+00   1.2484E+02  0.5000
   6.2900E+00   6.4600E+00   0.0000E+00  0.0000
   6.4600E+00   6.6300E+00   1.2484E+02  0.5000
   6.6300E+00   6.8000E+00   9.3632E+01  0.5774
   6.8000E+00   6.9700E+00   0.0000E+00  0.0000
   6.9700E+00   7.1400E+00   1.2484E+02  0.5000
   7.1400E+00   7.3100E+00   6.2421E+01  0.7071
   7.3100E+00   7.4800E+00   6.2421E+01  0.7071
   7.4800E+00   7.6500E+00   9.3632E+01  0.5774
   7.6500E+00   7.8200E+00   9.3632E+01  0.5774
   7.8200E+00   7.9900E+00   6.2421E+01  0.7071
   7.9900E+00   8.1600E+00   9.3632E+01  0.5774
   8.1600E+00   8.3300E+00   3.1211E+01  1.0000
   8.3300E+00   8.5000E+00   9.3632E+01  0.5774
   8.5000E+00   8.6700E+00   3.1211E+01  1.0000
   8.6700E+00   8.8400E+00   1.5605E+02  0.4472
   8.8400E+00   9.0100E+00   6.2421E+01  0.7071
   9.0100E+00   9.1800E+00   9.3632E+01  0.5774
   9.1800E+00   9.3500E+00   3.1211E+01  1.0000
   9.3500E+00   9.5200E+00   0.0000E+00  0.0000
   9.5200E+00   9.6900E+00   0.0000E+00  0.0000
   9.6900E+00   9.8600E+00   6.2421E+01  0.7071
   9.8600E+00   1.0030E+01   1.2484E+02  0.5000
   1.0030E+01   1.0200E+01   6.2421E+01  0.7071
   1.0200E+01   1.0370E+01   1.2484E+02  0.5000
   1.0370E+01   1.0540E+01   0.0000E+00  0.0000
   1.0540E+01   1.0710E+01   1.8726E+02  0.4082
   1.0710E+01   1.0880E+01   9.3632E+01  0.5774
   1.0880E+01   1.1050E+01   6.2421E+01  0.7071
   1.1050E+01   1.1220E+01   6.2421E+01  0.7071
   1.1220E+01   1.1390E+01   1.2484E+02  0.5000
   1.1390E+01   1.1560E+01   9.3632E+01  0.5774
   1.1560E+01   1.1730E+01   9.3632E+01  0.5774
   1.1730E+01   1.1900E+01   3.1211E+01  1.0000
   1.1900E+01   1.2070E+01   3.1211E+01  1.0000
   1.2070E+01   1.2240E+01   9.3632E+01  0.5774
   1.2240E+01   1.2410E+01   9.3632E+01  0.5774
   1.2410E+01   1.2580E+01   9.3632E+01  0.5774
   1.2580E+01   1.2750E+01   6.2421E+01  0.7071
   1.2750E+01   1.2920E+01   3.1211E+01  1.0000
   1.2920E+01   1.3090E+01   0.0000E+00  0.0000
   1.3090E+01   1.3260E+01   1.2484E+02  0.5000
   1.3260E+01   1.3430E+01   6.2421E+01  0.7071
   1.3430E+01   1.3600E+01   3.1211E+01  1.0000
   1.3600E+01   1.3770E+01   1.2484E+02  0.5000
   1.3770E+01   1.3940E+01   6.2421E+01  0.7071
   1.3940E+01   1.4110E+01   3.1211E+01  1.0000
   1.4110E+01   1.4280E+01   6.2421E+01  0.7071
   1.4280E+01   1.4450E+01   9.3632E+01  0.5774
   1.4450E+01   1.4620E+01   0.0000E+00  0.0000
   1.4620E+01   1.4790E+01   3.1211E+01  1.0000
   1.4790E+01   1.4960E+01   3.1211E+01  1.0000
   1.4960E+01   1.5130E+01   6.2421E+01  0.7071
   1.5130E+01   1.5300E+01   0.0000E+00  0.0000
   1.5300E+01   1.5470E+01   0.0000E+00  0.0000
   1.5470E+01   1.5640E+01   0.0000E+00  0.0000
   1.5640E+01   1.5810E+01   0.0000E+00  0.0000
   1.5810E+01   1.5980E+01   0.0000E+00  0.0000
   1.5980E+01   1.6150E+01   0.0000E+00  0.0000
   1.6150E+01   1.6320E+01   0.0000E+00  0.0000
   1.6320E+01   1.6490E+01   0.0000E+00  0.0000
   1.6490E+01   1.6660E+01   0.0000E+00  0.0000
   1.6660E+01   1.6830E+01   0.0000E+00  0.0000
   1.6830E+01   1.7000E+01   0.0000E+00  0.0000

#   sum over                 5.3058E+03  0.0767
'no. =    4   reg = ( 20001 < 20006 ) - ( 20003 < 20006 )'
msuc: {\huge Proton response in air channel}
msdr: {\it plotted by \ANGEL \version}
msdl: {\it calculated by \PHITS  3.36}
wt: s(0.7)
\vspace{-3}
  region surface crossing
  area  &=&   1.0000E+00 [cm^2]
e:

#------------------------------------------------------------------------------
 newpage:
#   no. =    5   reg = ( 20002 < 20007 ) - ( 20003 < 20007 )

x: Energy [MeV/n]
y:  F-Curr [1/cm^2/source]                 
p: xlin ylog afac(0.8) form(0.9)
h: n            x            y(proton  ),hh0l n 
#  e-lower      e-upper        proton    r.err 
   0.0000E+00   1.7000E-01   3.1211E+01  1.0000
   1.7000E-01   3.4000E-01   0.0000E+00  0.0000
   3.4000E-01   5.1000E-01   0.0000E+00  0.0000
   5.1000E-01   6.8000E-01   0.0000E+00  0.0000
   6.8000E-01   8.5000E-01   0.0000E+00  0.0000
   8.5000E-01   1.0200E+00   0.0000E+00  0.0000
   1.0200E+00   1.1900E+00   0.0000E+00  0.0000
   1.1900E+00   1.3600E+00   0.0000E+00  0.0000
   1.3600E+00   1.5300E+00   0.0000E+00  0.0000
   1.5300E+00   1.7000E+00   0.0000E+00  0.0000
   1.7000E+00   1.8700E+00   0.0000E+00  0.0000
   1.8700E+00   2.0400E+00   0.0000E+00  0.0000
   2.0400E+00   2.2100E+00   0.0000E+00  0.0000
   2.2100E+00   2.3800E+00   0.0000E+00  0.0000
   2.3800E+00   2.5500E+00   0.0000E+00  0.0000
   2.5500E+00   2.7200E+00   3.1211E+01  1.0000
   2.7200E+00   2.8900E+00   0.0000E+00  0.0000
   2.8900E+00   3.0600E+00   3.1211E+01  1.0000
   3.0600E+00   3.2300E+00   0.0000E+00  0.0000
   3.2300E+00   3.4000E+00   0.0000E+00  0.0000
   3.4000E+00   3.5700E+00   0.0000E+00  0.0000
   3.5700E+00   3.7400E+00   0.0000E+00  0.0000
   3.7400E+00   3.9100E+00   3.1211E+01  1.0000
   3.9100E+00   4.0800E+00   0.0000E+00  0.0000
   4.0800E+00   4.2500E+00   0.0000E+00  0.0000
   4.2500E+00   4.4200E+00   0.0000E+00  0.0000
   4.4200E+00   4.5900E+00   0.0000E+00  0.0000
   4.5900E+00   4.7600E+00   0.0000E+00  0.0000
   4.7600E+00   4.9300E+00   0.0000E+00  0.0000
   4.9300E+00   5.1000E+00   0.0000E+00  0.0000
   5.1000E+00   5.2700E+00   0.0000E+00  0.0000
   5.2700E+00   5.4400E+00   0.0000E+00  0.0000
   5.4400E+00   5.6100E+00   0.0000E+00  0.0000
   5.6100E+00   5.7800E+00   0.0000E+00  0.0000
   5.7800E+00   5.9500E+00   0.0000E+00  0.0000
   5.9500E+00   6.1200E+00   3.1211E+01  1.0000
   6.1200E+00   6.2900E+00   0.0000E+00  0.0000
   6.2900E+00   6.4600E+00   3.1211E+01  1.0000
   6.4600E+00   6.6300E+00   0.0000E+00  0.0000
   6.6300E+00   6.8000E+00   3.1211E+01  1.0000
   6.8000E+00   6.9700E+00   3.1211E+01  1.0000
   6.9700E+00   7.1400E+00   2.1847E+02  0.3780
   7.1400E+00   7.3100E+00   3.1211E+01  1.0000
   7.3100E+00   7.4800E+00   1.8726E+02  0.4082
   7.4800E+00   7.6500E+00   2.8089E+02  0.3333
   7.6500E+00   7.8200E+00   9.3632E+01  0.5774
   7.8200E+00   7.9900E+00   3.1211E+01  1.0000
   7.9900E+00   8.1600E+00   3.1211E+01  1.0000
   8.1600E+00   8.3300E+00   6.2421E+01  0.7071
   8.3300E+00   8.5000E+00   1.2484E+02  0.5000
   8.5000E+00   8.6700E+00   9.3632E+01  0.5774
   8.6700E+00   8.8400E+00   1.5605E+02  0.4472
   8.8400E+00   9.0100E+00   9.3632E+01  0.5774
   9.0100E+00   9.1800E+00   1.2484E+02  0.5000
   9.1800E+00   9.3500E+00   3.1211E+01  1.0000
   9.3500E+00   9.5200E+00   0.0000E+00  0.0000
   9.5200E+00   9.6900E+00   3.1211E+01  1.0000
   9.6900E+00   9.8600E+00   2.8089E+02  0.3333
   9.8600E+00   1.0030E+01   1.5605E+02  0.4472
   1.0030E+01   1.0200E+01   9.3632E+01  0.5774
   1.0200E+01   1.0370E+01   3.1211E+01  1.0000
   1.0370E+01   1.0540E+01   0.0000E+00  0.0000
   1.0540E+01   1.0710E+01   3.1211E+01  1.0000
   1.0710E+01   1.0880E+01   6.2421E+01  0.7071
   1.0880E+01   1.1050E+01   2.8089E+02  0.3333
   1.1050E+01   1.1220E+01   3.1211E+01  1.0000
   1.1220E+01   1.1390E+01   6.2421E+01  0.7071
   1.1390E+01   1.1560E+01   0.0000E+00  0.0000
   1.1560E+01   1.1730E+01   6.2421E+01  0.7071
   1.1730E+01   1.1900E+01   0.0000E+00  0.0000
   1.1900E+01   1.2070E+01   6.2421E+01  0.7071
   1.2070E+01   1.2240E+01   0.0000E+00  0.0000
   1.2240E+01   1.2410E+01   0.0000E+00  0.0000
   1.2410E+01   1.2580E+01   6.2421E+01  0.7071
   1.2580E+01   1.2750E+01   9.3632E+01  0.5774
   1.2750E+01   1.2920E+01   2.8089E+02  0.3333
   1.2920E+01   1.3090E+01   9.3632E+01  0.5774
   1.3090E+01   1.3260E+01   0.0000E+00  0.0000
   1.3260E+01   1.3430E+01   0.0000E+00  0.0000
   1.3430E+01   1.3600E+01   1.2484E+02  0.5000
   1.3600E+01   1.3770E+01   3.1211E+01  1.0000
   1.3770E+01   1.3940E+01   3.1211E+01  1.0000
   1.3940E+01   1.4110E+01   0.0000E+00  0.0000
   1.4110E+01   1.4280E+01   0.0000E+00  0.0000
   1.4280E+01   1.4450E+01   1.2484E+02  0.5000
   1.4450E+01   1.4620E+01   1.5605E+02  0.4472
   1.4620E+01   1.4790E+01   6.2421E+01  0.7071
   1.4790E+01   1.4960E+01   3.1211E+01  1.0000
   1.4960E+01   1.5130E+01   1.2484E+02  0.5000
   1.5130E+01   1.5300E+01   1.8726E+02  0.4082
   1.5300E+01   1.5470E+01   9.3632E+01  0.5774
   1.5470E+01   1.5640E+01   3.1211E+01  1.0000
   1.5640E+01   1.5810E+01   0.0000E+00  0.0000
   1.5810E+01   1.5980E+01   0.0000E+00  0.0000
   1.5980E+01   1.6150E+01   0.0000E+00  0.0000
   1.6150E+01   1.6320E+01   0.0000E+00  0.0000
   1.6320E+01   1.6490E+01   0.0000E+00  0.0000
   1.6490E+01   1.6660E+01   0.0000E+00  0.0000
   1.6660E+01   1.6830E+01   0.0000E+00  0.0000
   1.6830E+01   1.7000E+01   0.0000E+00  0.0000

#   sum over                 4.5255E+03  0.0830
'no. =    5   reg = ( 20002 < 20007 ) - ( 20003 < 20007 )'
msuc: {\huge Proton response in air channel}
msdr: {\it plotted by \ANGEL \version}
msdl: {\it calculated by \PHITS  3.36}
wt: s(0.7)
\vspace{-3}
  region surface crossing
  area  &=&   1.0000E+00 [cm^2]
e:

#------------------------------------------------------------------------------
 newpage:
#   no. =    6   reg = ( 20001 < 20007 ) - ( 20003 < 20007 )

x: Energy [MeV/n]
y:  F-Curr [1/cm^2/source]                 
p: xlin ylog afac(0.8) form(0.9)
h: n            x            y(proton  ),hh0l n 
#  e-lower      e-upper        proton    r.err 
   0.0000E+00   1.7000E-01   0.0000E+00  0.0000
   1.7000E-01   3.4000E-01   0.0000E+00  0.0000
   3.4000E-01   5.1000E-01   0.0000E+00  0.0000
   5.1000E-01   6.8000E-01   0.0000E+00  0.0000
   6.8000E-01   8.5000E-01   0.0000E+00  0.0000
   8.5000E-01   1.0200E+00   0.0000E+00  0.0000
   1.0200E+00   1.1900E+00   0.0000E+00  0.0000
   1.1900E+00   1.3600E+00   0.0000E+00  0.0000
   1.3600E+00   1.5300E+00   0.0000E+00  0.0000
   1.5300E+00   1.7000E+00   3.1211E+01  1.0000
   1.7000E+00   1.8700E+00   0.0000E+00  0.0000
   1.8700E+00   2.0400E+00   0.0000E+00  0.0000
   2.0400E+00   2.2100E+00   3.1211E+01  1.0000
   2.2100E+00   2.3800E+00   0.0000E+00  0.0000
   2.3800E+00   2.5500E+00   0.0000E+00  0.0000
   2.5500E+00   2.7200E+00   0.0000E+00  0.0000
   2.7200E+00   2.8900E+00   0.0000E+00  0.0000
   2.8900E+00   3.0600E+00   0.0000E+00  0.0000
   3.0600E+00   3.2300E+00   0.0000E+00  0.0000
   3.2300E+00   3.4000E+00   0.0000E+00  0.0000
   3.4000E+00   3.5700E+00   0.0000E+00  0.0000
   3.5700E+00   3.7400E+00   0.0000E+00  0.0000
   3.7400E+00   3.9100E+00   0.0000E+00  0.0000
   3.9100E+00   4.0800E+00   0.0000E+00  0.0000
   4.0800E+00   4.2500E+00   3.1211E+01  1.0000
   4.2500E+00   4.4200E+00   3.1211E+01  1.0000
   4.4200E+00   4.5900E+00   0.0000E+00  0.0000
   4.5900E+00   4.7600E+00   0.0000E+00  0.0000
   4.7600E+00   4.9300E+00   0.0000E+00  0.0000
   4.9300E+00   5.1000E+00   0.0000E+00  0.0000
   5.1000E+00   5.2700E+00   3.1211E+01  1.0000
   5.2700E+00   5.4400E+00   3.1211E+01  1.0000
   5.4400E+00   5.6100E+00   0.0000E+00  0.0000
   5.6100E+00   5.7800E+00   3.1211E+01  1.0000
   5.7800E+00   5.9500E+00   0.0000E+00  0.0000
   5.9500E+00   6.1200E+00   0.0000E+00  0.0000
   6.1200E+00   6.2900E+00   0.0000E+00  0.0000
   6.2900E+00   6.4600E+00   0.0000E+00  0.0000
   6.4600E+00   6.6300E+00   3.1211E+01  1.0000
   6.6300E+00   6.8000E+00   3.1211E+01  1.0000
   6.8000E+00   6.9700E+00   0.0000E+00  0.0000
   6.9700E+00   7.1400E+00   0.0000E+00  0.0000
   7.1400E+00   7.3100E+00   3.1211E+01  1.0000
   7.3100E+00   7.4800E+00   0.0000E+00  0.0000
   7.4800E+00   7.6500E+00   0.0000E+00  0.0000
   7.6500E+00   7.8200E+00   0.0000E+00  0.0000
   7.8200E+00   7.9900E+00   3.1211E+01  1.0000
   7.9900E+00   8.1600E+00   0.0000E+00  0.0000
   8.1600E+00   8.3300E+00   3.1211E+01  1.0000
   8.3300E+00   8.5000E+00   0.0000E+00  0.0000
   8.5000E+00   8.6700E+00   6.2421E+01  0.7071
   8.6700E+00   8.8400E+00   3.1211E+01  1.0000
   8.8400E+00   9.0100E+00   0.0000E+00  0.0000
   9.0100E+00   9.1800E+00   0.0000E+00  0.0000
   9.1800E+00   9.3500E+00   3.1211E+01  1.0000
   9.3500E+00   9.5200E+00   0.0000E+00  0.0000
   9.5200E+00   9.6900E+00   0.0000E+00  0.0000
   9.6900E+00   9.8600E+00   0.0000E+00  0.0000
   9.8600E+00   1.0030E+01   0.0000E+00  0.0000
   1.0030E+01   1.0200E+01   0.0000E+00  0.0000
   1.0200E+01   1.0370E+01   0.0000E+00  0.0000
   1.0370E+01   1.0540E+01   0.0000E+00  0.0000
   1.0540E+01   1.0710E+01   0.0000E+00  0.0000
   1.0710E+01   1.0880E+01   0.0000E+00  0.0000
   1.0880E+01   1.1050E+01   3.1211E+01  1.0000
   1.1050E+01   1.1220E+01   0.0000E+00  0.0000
   1.1220E+01   1.1390E+01   0.0000E+00  0.0000
   1.1390E+01   1.1560E+01   3.1211E+01  1.0000
   1.1560E+01   1.1730E+01   0.0000E+00  0.0000
   1.1730E+01   1.1900E+01   0.0000E+00  0.0000
   1.1900E+01   1.2070E+01   3.1211E+01  1.0000
   1.2070E+01   1.2240E+01   0.0000E+00  0.0000
   1.2240E+01   1.2410E+01   0.0000E+00  0.0000
   1.2410E+01   1.2580E+01   0.0000E+00  0.0000
   1.2580E+01   1.2750E+01   0.0000E+00  0.0000
   1.2750E+01   1.2920E+01   0.0000E+00  0.0000
   1.2920E+01   1.3090E+01   0.0000E+00  0.0000
   1.3090E+01   1.3260E+01   0.0000E+00  0.0000
   1.3260E+01   1.3430E+01   0.0000E+00  0.0000
   1.3430E+01   1.3600E+01   0.0000E+00  0.0000
   1.3600E+01   1.3770E+01   3.1211E+01  1.0000
   1.3770E+01   1.3940E+01   0.0000E+00  0.0000
   1.3940E+01   1.4110E+01   0.0000E+00  0.0000
   1.4110E+01   1.4280E+01   3.1211E+01  1.0000
   1.4280E+01   1.4450E+01   0.0000E+00  0.0000
   1.4450E+01   1.4620E+01   0.0000E+00  0.0000
   1.4620E+01   1.4790E+01   0.0000E+00  0.0000
   1.4790E+01   1.4960E+01   0.0000E+00  0.0000
   1.4960E+01   1.5130E+01   0.0000E+00  0.0000
   1.5130E+01   1.5300E+01   0.0000E+00  0.0000
   1.5300E+01   1.5470E+01   0.0000E+00  0.0000
   1.5470E+01   1.5640E+01   0.0000E+00  0.0000
   1.5640E+01   1.5810E+01   0.0000E+00  0.0000
   1.5810E+01   1.5980E+01   0.0000E+00  0.0000
   1.5980E+01   1.6150E+01   0.0000E+00  0.0000
   1.6150E+01   1.6320E+01   0.0000E+00  0.0000
   1.6320E+01   1.6490E+01   0.0000E+00  0.0000
   1.6490E+01   1.6660E+01   0.0000E+00  0.0000
   1.6660E+01   1.6830E+01   0.0000E+00  0.0000
   1.6830E+01   1.7000E+01   0.0000E+00  0.0000

#   sum over                 6.5542E+02  0.2182
'no. =    6   reg = ( 20001 < 20007 ) - ( 20003 < 20007 )'
msuc: {\huge Proton response in air channel}
msdr: {\it plotted by \ANGEL \version}
msdl: {\it calculated by \PHITS  3.36}
wt: s(0.7)
\vspace{-3}
  region surface crossing
  area  &=&   1.0000E+00 [cm^2]
e:

#------------------------------------------------------------------------------
 newpage:
#   no. =    7   reg = ( 20002 < 20008 ) - ( 20003 < 20008 )

x: Energy [MeV/n]
y:  F-Curr [1/cm^2/source]                 
p: xlin ylog afac(0.8) form(0.9)
h: n            x            y(proton  ),hh0l n 
#  e-lower      e-upper        proton    r.err 
   0.0000E+00   1.7000E-01   0.0000E+00  0.0000
   1.7000E-01   3.4000E-01   0.0000E+00  0.0000
   3.4000E-01   5.1000E-01   0.0000E+00  0.0000
   5.1000E-01   6.8000E-01   0.0000E+00  0.0000
   6.8000E-01   8.5000E-01   0.0000E+00  0.0000
   8.5000E-01   1.0200E+00   0.0000E+00  0.0000
   1.0200E+00   1.1900E+00   0.0000E+00  0.0000
   1.1900E+00   1.3600E+00   0.0000E+00  0.0000
   1.3600E+00   1.5300E+00   0.0000E+00  0.0000
   1.5300E+00   1.7000E+00   0.0000E+00  0.0000
   1.7000E+00   1.8700E+00   0.0000E+00  0.0000
   1.8700E+00   2.0400E+00   0.0000E+00  0.0000
   2.0400E+00   2.2100E+00   0.0000E+00  0.0000
   2.2100E+00   2.3800E+00   0.0000E+00  0.0000
   2.3800E+00   2.5500E+00   0.0000E+00  0.0000
   2.5500E+00   2.7200E+00   0.0000E+00  0.0000
   2.7200E+00   2.8900E+00   0.0000E+00  0.0000
   2.8900E+00   3.0600E+00   3.1211E+01  1.0000
   3.0600E+00   3.2300E+00   3.1211E+01  1.0000
   3.2300E+00   3.4000E+00   0.0000E+00  0.0000
   3.4000E+00   3.5700E+00   6.2421E+01  0.7071
   3.5700E+00   3.7400E+00   0.0000E+00  0.0000
   3.7400E+00   3.9100E+00   3.1211E+01  1.0000
   3.9100E+00   4.0800E+00   0.0000E+00  0.0000
   4.0800E+00   4.2500E+00   0.0000E+00  0.0000
   4.2500E+00   4.4200E+00   0.0000E+00  0.0000
   4.4200E+00   4.5900E+00   0.0000E+00  0.0000
   4.5900E+00   4.7600E+00   0.0000E+00  0.0000
   4.7600E+00   4.9300E+00   3.1211E+01  1.0000
   4.9300E+00   5.1000E+00   0.0000E+00  0.0000
   5.1000E+00   5.2700E+00   6.2421E+01  0.7071
   5.2700E+00   5.4400E+00   0.0000E+00  0.0000
   5.4400E+00   5.6100E+00   0.0000E+00  0.0000
   5.6100E+00   5.7800E+00   0.0000E+00  0.0000
   5.7800E+00   5.9500E+00   0.0000E+00  0.0000
   5.9500E+00   6.1200E+00   0.0000E+00  0.0000
   6.1200E+00   6.2900E+00   0.0000E+00  0.0000
   6.2900E+00   6.4600E+00   0.0000E+00  0.0000
   6.4600E+00   6.6300E+00   0.0000E+00  0.0000
   6.6300E+00   6.8000E+00   6.2421E+01  0.7071
   6.8000E+00   6.9700E+00   1.5605E+02  0.4472
   6.9700E+00   7.1400E+00   2.1847E+02  0.3780
   7.1400E+00   7.3100E+00   3.4332E+02  0.3015
   7.3100E+00   7.4800E+00   3.1211E+02  0.3162
   7.4800E+00   7.6500E+00   1.8726E+02  0.4082
   7.6500E+00   7.8200E+00   2.4968E+02  0.3536
   7.8200E+00   7.9900E+00   1.8726E+02  0.4082
   7.9900E+00   8.1600E+00   0.0000E+00  0.0000
   8.1600E+00   8.3300E+00   1.2484E+02  0.5000
   8.3300E+00   8.5000E+00   3.1211E+02  0.3162
   8.5000E+00   8.6700E+00   2.8089E+02  0.3333
   8.6700E+00   8.8400E+00   5.3058E+02  0.2425
   8.8400E+00   9.0100E+00   3.7453E+02  0.2887
   9.0100E+00   9.1800E+00   1.2484E+02  0.5000
   9.1800E+00   9.3500E+00   3.1211E+01  1.0000
   9.3500E+00   9.5200E+00   6.2421E+01  0.7071
   9.5200E+00   9.6900E+00   3.4332E+02  0.3015
   9.6900E+00   9.8600E+00   3.1211E+02  0.3162
   9.8600E+00   1.0030E+01   3.7453E+02  0.2887
   1.0030E+01   1.0200E+01   2.4968E+02  0.3536
   1.0200E+01   1.0370E+01   2.1847E+02  0.3780
   1.0370E+01   1.0540E+01   1.8726E+02  0.4082
   1.0540E+01   1.0710E+01   2.4968E+02  0.3536
   1.0710E+01   1.0880E+01   3.1211E+02  0.3162
   1.0880E+01   1.1050E+01   5.6179E+02  0.2357
   1.1050E+01   1.1220E+01   4.6816E+02  0.2582
   1.1220E+01   1.1390E+01   1.2484E+02  0.5000
   1.1390E+01   1.1560E+01   9.3632E+01  0.5774
   1.1560E+01   1.1730E+01   2.1847E+02  0.3780
   1.1730E+01   1.1900E+01   3.7453E+02  0.2887
   1.1900E+01   1.2070E+01   5.6179E+02  0.2357
   1.2070E+01   1.2240E+01   9.3632E+01  0.5774
   1.2240E+01   1.2410E+01   1.2484E+02  0.5000
   1.2410E+01   1.2580E+01   9.3632E+01  0.5774
   1.2580E+01   1.2750E+01   2.8089E+02  0.3333
   1.2750E+01   1.2920E+01   6.5542E+02  0.2182
   1.2920E+01   1.3090E+01   4.0574E+02  0.2774
   1.3090E+01   1.3260E+01   9.3632E+01  0.5774
   1.3260E+01   1.3430E+01   9.3632E+01  0.5774
   1.3430E+01   1.3600E+01   4.0574E+02  0.2774
   1.3600E+01   1.3770E+01   3.4332E+02  0.3015
   1.3770E+01   1.3940E+01   3.1211E+02  0.3162
   1.3940E+01   1.4110E+01   1.2484E+02  0.5000
   1.4110E+01   1.4280E+01   6.2421E+01  0.7071
   1.4280E+01   1.4450E+01   5.6179E+02  0.2357
   1.4450E+01   1.4620E+01   4.3695E+02  0.2673
   1.4620E+01   1.4790E+01   2.4968E+02  0.3536
   1.4790E+01   1.4960E+01   3.1211E+01  1.0000
   1.4960E+01   1.5130E+01   2.1847E+02  0.3780
   1.5130E+01   1.5300E+01   8.7389E+02  0.1890
   1.5300E+01   1.5470E+01   1.0299E+03  0.1741
   1.5470E+01   1.5640E+01   1.8726E+02  0.4082
   1.5640E+01   1.5810E+01   6.2421E+01  0.7071
   1.5810E+01   1.5980E+01   0.0000E+00  0.0000
   1.5980E+01   1.6150E+01   0.0000E+00  0.0000
   1.6150E+01   1.6320E+01   0.0000E+00  0.0000
   1.6320E+01   1.6490E+01   0.0000E+00  0.0000
   1.6490E+01   1.6660E+01   0.0000E+00  0.0000
   1.6660E+01   1.6830E+01   0.0000E+00  0.0000
   1.6830E+01   1.7000E+01   0.0000E+00  0.0000

#   sum over                 1.5200E+04  0.0453
'no. =    7   reg = ( 20002 < 20008 ) - ( 20003 < 20008 )'
msuc: {\huge Proton response in air channel}
msdr: {\it plotted by \ANGEL \version}
msdl: {\it calculated by \PHITS  3.36}
wt: s(0.7)
\vspace{-3}
  region surface crossing
  area  &=&   1.0000E+00 [cm^2]
e:

#------------------------------------------------------------------------------
 newpage:
#   no. =    8   reg = ( 20001 < 20008 ) - ( 20003 < 20008 )

x: Energy [MeV/n]
y:  F-Curr [1/cm^2/source]                 
p: xlin ylog afac(0.8) form(0.9)
h: n            x            y(proton  ),hh0l n 
#  e-lower      e-upper        proton    r.err 
   0.0000E+00   1.7000E-01   0.0000E+00  0.0000
   1.7000E-01   3.4000E-01   0.0000E+00  0.0000
   3.4000E-01   5.1000E-01   0.0000E+00  0.0000
   5.1000E-01   6.8000E-01   0.0000E+00  0.0000
   6.8000E-01   8.5000E-01   0.0000E+00  0.0000
   8.5000E-01   1.0200E+00   0.0000E+00  0.0000
   1.0200E+00   1.1900E+00   3.1211E+01  1.0000
   1.1900E+00   1.3600E+00   3.1211E+01  1.0000
   1.3600E+00   1.5300E+00   0.0000E+00  0.0000
   1.5300E+00   1.7000E+00   0.0000E+00  0.0000
   1.7000E+00   1.8700E+00   0.0000E+00  0.0000
   1.8700E+00   2.0400E+00   0.0000E+00  0.0000
   2.0400E+00   2.2100E+00   0.0000E+00  0.0000
   2.2100E+00   2.3800E+00   0.0000E+00  0.0000
   2.3800E+00   2.5500E+00   6.2421E+01  0.7071
   2.5500E+00   2.7200E+00   3.1211E+01  1.0000
   2.7200E+00   2.8900E+00   0.0000E+00  0.0000
   2.8900E+00   3.0600E+00   6.2421E+01  0.7071
   3.0600E+00   3.2300E+00   0.0000E+00  0.0000
   3.2300E+00   3.4000E+00   0.0000E+00  0.0000
   3.4000E+00   3.5700E+00   0.0000E+00  0.0000
   3.5700E+00   3.7400E+00   0.0000E+00  0.0000
   3.7400E+00   3.9100E+00   3.1211E+01  1.0000
   3.9100E+00   4.0800E+00   3.1211E+01  1.0000
   4.0800E+00   4.2500E+00   3.1211E+01  1.0000
   4.2500E+00   4.4200E+00   3.1211E+01  1.0000
   4.4200E+00   4.5900E+00   3.1211E+01  1.0000
   4.5900E+00   4.7600E+00   0.0000E+00  0.0000
   4.7600E+00   4.9300E+00   3.1211E+01  1.0000
   4.9300E+00   5.1000E+00   0.0000E+00  0.0000
   5.1000E+00   5.2700E+00   3.1211E+01  1.0000
   5.2700E+00   5.4400E+00   0.0000E+00  0.0000
   5.4400E+00   5.6100E+00   0.0000E+00  0.0000
   5.6100E+00   5.7800E+00   6.2421E+01  0.7071
   5.7800E+00   5.9500E+00   3.1211E+01  1.0000
   5.9500E+00   6.1200E+00   3.1211E+01  1.0000
   6.1200E+00   6.2900E+00   3.1211E+01  1.0000
   6.2900E+00   6.4600E+00   6.2421E+01  0.7071
   6.4600E+00   6.6300E+00   6.2421E+01  0.7071
   6.6300E+00   6.8000E+00   0.0000E+00  0.0000
   6.8000E+00   6.9700E+00   3.1211E+01  1.0000
   6.9700E+00   7.1400E+00   6.2421E+01  0.7071
   7.1400E+00   7.3100E+00   6.2421E+01  0.7071
   7.3100E+00   7.4800E+00   0.0000E+00  0.0000
   7.4800E+00   7.6500E+00   3.1211E+01  1.0000
   7.6500E+00   7.8200E+00   3.1211E+01  1.0000
   7.8200E+00   7.9900E+00   6.2421E+01  0.7071
   7.9900E+00   8.1600E+00   3.1211E+01  1.0000
   8.1600E+00   8.3300E+00   0.0000E+00  0.0000
   8.3300E+00   8.5000E+00   0.0000E+00  0.0000
   8.5000E+00   8.6700E+00   0.0000E+00  0.0000
   8.6700E+00   8.8400E+00   0.0000E+00  0.0000
   8.8400E+00   9.0100E+00   3.1211E+01  1.0000
   9.0100E+00   9.1800E+00   0.0000E+00  0.0000
   9.1800E+00   9.3500E+00   6.2421E+01  0.7071
   9.3500E+00   9.5200E+00   3.1211E+01  1.0000
   9.5200E+00   9.6900E+00   6.2421E+01  0.7071
   9.6900E+00   9.8600E+00   3.1211E+01  1.0000
   9.8600E+00   1.0030E+01   0.0000E+00  0.0000
   1.0030E+01   1.0200E+01   0.0000E+00  0.0000
   1.0200E+01   1.0370E+01   3.1211E+01  1.0000
   1.0370E+01   1.0540E+01   6.2421E+01  0.7071
   1.0540E+01   1.0710E+01   3.1211E+01  1.0000
   1.0710E+01   1.0880E+01   6.2421E+01  0.7071
   1.0880E+01   1.1050E+01   6.2421E+01  0.7071
   1.1050E+01   1.1220E+01   0.0000E+00  0.0000
   1.1220E+01   1.1390E+01   0.0000E+00  0.0000
   1.1390E+01   1.1560E+01   3.1211E+01  1.0000
   1.1560E+01   1.1730E+01   3.1211E+01  1.0000
   1.1730E+01   1.1900E+01   0.0000E+00  0.0000
   1.1900E+01   1.2070E+01   6.2421E+01  0.7071
   1.2070E+01   1.2240E+01   3.1211E+01  1.0000
   1.2240E+01   1.2410E+01   0.0000E+00  0.0000
   1.2410E+01   1.2580E+01   3.1211E+01  1.0000
   1.2580E+01   1.2750E+01   0.0000E+00  0.0000
   1.2750E+01   1.2920E+01   0.0000E+00  0.0000
   1.2920E+01   1.3090E+01   0.0000E+00  0.0000
   1.3090E+01   1.3260E+01   3.1211E+01  1.0000
   1.3260E+01   1.3430E+01   9.3632E+01  0.5774
   1.3430E+01   1.3600E+01   0.0000E+00  0.0000
   1.3600E+01   1.3770E+01   6.2421E+01  0.7071
   1.3770E+01   1.3940E+01   0.0000E+00  0.0000
   1.3940E+01   1.4110E+01   0.0000E+00  0.0000
   1.4110E+01   1.4280E+01   0.0000E+00  0.0000
   1.4280E+01   1.4450E+01   0.0000E+00  0.0000
   1.4450E+01   1.4620E+01   3.1211E+01  1.0000
   1.4620E+01   1.4790E+01   6.2421E+01  0.7071
   1.4790E+01   1.4960E+01   0.0000E+00  0.0000
   1.4960E+01   1.5130E+01   3.1211E+01  1.0000
   1.5130E+01   1.5300E+01   3.1211E+01  1.0000
   1.5300E+01   1.5470E+01   3.1211E+01  1.0000
   1.5470E+01   1.5640E+01   0.0000E+00  0.0000
   1.5640E+01   1.5810E+01   0.0000E+00  0.0000
   1.5810E+01   1.5980E+01   0.0000E+00  0.0000
   1.5980E+01   1.6150E+01   0.0000E+00  0.0000
   1.6150E+01   1.6320E+01   0.0000E+00  0.0000
   1.6320E+01   1.6490E+01   0.0000E+00  0.0000
   1.6490E+01   1.6660E+01   0.0000E+00  0.0000
   1.6660E+01   1.6830E+01   0.0000E+00  0.0000
   1.6830E+01   1.7000E+01   0.0000E+00  0.0000

#   sum over                 2.0599E+03  0.1231
'no. =    8   reg = ( 20001 < 20008 ) - ( 20003 < 20008 )'
msuc: {\huge Proton response in air channel}
msdr: {\it plotted by \ANGEL \version}
msdl: {\it calculated by \PHITS  3.36}
wt: s(0.7)
\vspace{-3}
  region surface crossing
  area  &=&   1.0000E+00 [cm^2]
e:

#------------------------------------------------------------------------------
 newpage:
#   no. =    9   reg = ( 20002 < 20009 ) - ( 20003 < 20009 )

x: Energy [MeV/n]
y:  F-Curr [1/cm^2/source]                 
p: xlin ylog afac(0.8) form(0.9)
h: n            x            y(proton  ),hh0l n 
#  e-lower      e-upper        proton    r.err 
   0.0000E+00   1.7000E-01   0.0000E+00  0.0000
   1.7000E-01   3.4000E-01   0.0000E+00  0.0000
   3.4000E-01   5.1000E-01   3.1211E+01  1.0000
   5.1000E-01   6.8000E-01   0.0000E+00  0.0000
   6.8000E-01   8.5000E-01   0.0000E+00  0.0000
   8.5000E-01   1.0200E+00   0.0000E+00  0.0000
   1.0200E+00   1.1900E+00   3.1211E+01  1.0000
   1.1900E+00   1.3600E+00   0.0000E+00  0.0000
   1.3600E+00   1.5300E+00   0.0000E+00  0.0000
   1.5300E+00   1.7000E+00   0.0000E+00  0.0000
   1.7000E+00   1.8700E+00   0.0000E+00  0.0000
   1.8700E+00   2.0400E+00   0.0000E+00  0.0000
   2.0400E+00   2.2100E+00   0.0000E+00  0.0000
   2.2100E+00   2.3800E+00   0.0000E+00  0.0000
   2.3800E+00   2.5500E+00   0.0000E+00  0.0000
   2.5500E+00   2.7200E+00   0.0000E+00  0.0000
   2.7200E+00   2.8900E+00   0.0000E+00  0.0000
   2.8900E+00   3.0600E+00   0.0000E+00  0.0000
   3.0600E+00   3.2300E+00   0.0000E+00  0.0000
   3.2300E+00   3.4000E+00   0.0000E+00  0.0000
   3.4000E+00   3.5700E+00   0.0000E+00  0.0000
   3.5700E+00   3.7400E+00   0.0000E+00  0.0000
   3.7400E+00   3.9100E+00   0.0000E+00  0.0000
   3.9100E+00   4.0800E+00   0.0000E+00  0.0000
   4.0800E+00   4.2500E+00   0.0000E+00  0.0000
   4.2500E+00   4.4200E+00   3.1211E+01  1.0000
   4.4200E+00   4.5900E+00   0.0000E+00  0.0000
   4.5900E+00   4.7600E+00   0.0000E+00  0.0000
   4.7600E+00   4.9300E+00   0.0000E+00  0.0000
   4.9300E+00   5.1000E+00   0.0000E+00  0.0000
   5.1000E+00   5.2700E+00   3.1211E+01  1.0000
   5.2700E+00   5.4400E+00   0.0000E+00  0.0000
   5.4400E+00   5.6100E+00   0.0000E+00  0.0000
   5.6100E+00   5.7800E+00   0.0000E+00  0.0000
   5.7800E+00   5.9500E+00   0.0000E+00  0.0000
   5.9500E+00   6.1200E+00   6.2421E+01  0.7071
   6.1200E+00   6.2900E+00   0.0000E+00  0.0000
   6.2900E+00   6.4600E+00   0.0000E+00  0.0000
   6.4600E+00   6.6300E+00   3.1211E+01  1.0000
   6.6300E+00   6.8000E+00   0.0000E+00  0.0000
   6.8000E+00   6.9700E+00   3.1211E+01  1.0000
   6.9700E+00   7.1400E+00   1.5605E+02  0.4472
   7.1400E+00   7.3100E+00   1.5605E+02  0.4472
   7.3100E+00   7.4800E+00   1.8726E+02  0.4082
   7.4800E+00   7.6500E+00   1.5605E+02  0.4472
   7.6500E+00   7.8200E+00   6.2421E+01  0.7071
   7.8200E+00   7.9900E+00   3.1211E+01  1.0000
   7.9900E+00   8.1600E+00   6.2421E+01  0.7071
   8.1600E+00   8.3300E+00   6.2421E+01  0.7071
   8.3300E+00   8.5000E+00   1.5605E+02  0.4472
   8.5000E+00   8.6700E+00   1.5605E+02  0.4472
   8.6700E+00   8.8400E+00   2.4968E+02  0.3536
   8.8400E+00   9.0100E+00   3.1211E+01  1.0000
   9.0100E+00   9.1800E+00   3.1211E+01  1.0000
   9.1800E+00   9.3500E+00   0.0000E+00  0.0000
   9.3500E+00   9.5200E+00   6.2421E+01  0.7071
   9.5200E+00   9.6900E+00   1.2484E+02  0.5000
   9.6900E+00   9.8600E+00   1.8726E+02  0.4082
   9.8600E+00   1.0030E+01   1.8726E+02  0.4082
   1.0030E+01   1.0200E+01   6.2421E+01  0.7071
   1.0200E+01   1.0370E+01   3.1211E+01  1.0000
   1.0370E+01   1.0540E+01   6.2421E+01  0.7071
   1.0540E+01   1.0710E+01   0.0000E+00  0.0000
   1.0710E+01   1.0880E+01   2.1847E+02  0.3780
   1.0880E+01   1.1050E+01   2.4968E+02  0.3536
   1.1050E+01   1.1220E+01   1.2484E+02  0.5000
   1.1220E+01   1.1390E+01   3.1211E+01  1.0000
   1.1390E+01   1.1560E+01   0.0000E+00  0.0000
   1.1560E+01   1.1730E+01   1.2484E+02  0.5000
   1.1730E+01   1.1900E+01   3.1211E+01  1.0000
   1.1900E+01   1.2070E+01   9.3632E+01  0.5774
   1.2070E+01   1.2240E+01   0.0000E+00  0.0000
   1.2240E+01   1.2410E+01   3.1211E+01  1.0000
   1.2410E+01   1.2580E+01   0.0000E+00  0.0000
   1.2580E+01   1.2750E+01   6.2421E+01  0.7071
   1.2750E+01   1.2920E+01   1.2484E+02  0.5000
   1.2920E+01   1.3090E+01   2.1847E+02  0.3780
   1.3090E+01   1.3260E+01   0.0000E+00  0.0000
   1.3260E+01   1.3430E+01   3.1211E+01  1.0000
   1.3430E+01   1.3600E+01   1.5605E+02  0.4472
   1.3600E+01   1.3770E+01   9.3632E+01  0.5774
   1.3770E+01   1.3940E+01   1.5605E+02  0.4472
   1.3940E+01   1.4110E+01   3.1211E+01  1.0000
   1.4110E+01   1.4280E+01   0.0000E+00  0.0000
   1.4280E+01   1.4450E+01   3.1211E+01  1.0000
   1.4450E+01   1.4620E+01   1.2484E+02  0.5000
   1.4620E+01   1.4790E+01   9.3632E+01  0.5774
   1.4790E+01   1.4960E+01   9.3632E+01  0.5774
   1.4960E+01   1.5130E+01   6.2421E+01  0.7071
   1.5130E+01   1.5300E+01   2.8089E+02  0.3333
   1.5300E+01   1.5470E+01   2.4968E+02  0.3536
   1.5470E+01   1.5640E+01   6.2421E+01  0.7071
   1.5640E+01   1.5810E+01   0.0000E+00  0.0000
   1.5810E+01   1.5980E+01   0.0000E+00  0.0000
   1.5980E+01   1.6150E+01   0.0000E+00  0.0000
   1.6150E+01   1.6320E+01   0.0000E+00  0.0000
   1.6320E+01   1.6490E+01   0.0000E+00  0.0000
   1.6490E+01   1.6660E+01   0.0000E+00  0.0000
   1.6660E+01   1.6830E+01   0.0000E+00  0.0000
   1.6830E+01   1.7000E+01   0.0000E+00  0.0000

#   sum over                 5.2434E+03  0.0772
'no. =    9   reg = ( 20002 < 20009 ) - ( 20003 < 20009 )'
msuc: {\huge Proton response in air channel}
msdr: {\it plotted by \ANGEL \version}
msdl: {\it calculated by \PHITS  3.36}
wt: s(0.7)
\vspace{-3}
  region surface crossing
  area  &=&   1.0000E+00 [cm^2]
e:

#------------------------------------------------------------------------------
 newpage:
#   no. =   10   reg = ( 20001 < 20009 ) - ( 20003 < 20009 )

x: Energy [MeV/n]
y:  F-Curr [1/cm^2/source]                 
p: xlin ylog afac(0.8) form(0.9)
h: n            x            y(proton  ),hh0l n 
#  e-lower      e-upper        proton    r.err 
   0.0000E+00   1.7000E-01   0.0000E+00  0.0000
   1.7000E-01   3.4000E-01   0.0000E+00  0.0000
   3.4000E-01   5.1000E-01   0.0000E+00  0.0000
   5.1000E-01   6.8000E-01   0.0000E+00  0.0000
   6.8000E-01   8.5000E-01   0.0000E+00  0.0000
   8.5000E-01   1.0200E+00   0.0000E+00  0.0000
   1.0200E+00   1.1900E+00   0.0000E+00  0.0000
   1.1900E+00   1.3600E+00   0.0000E+00  0.0000
   1.3600E+00   1.5300E+00   0.0000E+00  0.0000
   1.5300E+00   1.7000E+00   0.0000E+00  0.0000
   1.7000E+00   1.8700E+00   0.0000E+00  0.0000
   1.8700E+00   2.0400E+00   0.0000E+00  0.0000
   2.0400E+00   2.2100E+00   0.0000E+00  0.0000
   2.2100E+00   2.3800E+00   0.0000E+00  0.0000
   2.3800E+00   2.5500E+00   3.1211E+01  1.0000
   2.5500E+00   2.7200E+00   0.0000E+00  0.0000
   2.7200E+00   2.8900E+00   3.1211E+01  1.0000
   2.8900E+00   3.0600E+00   0.0000E+00  0.0000
   3.0600E+00   3.2300E+00   0.0000E+00  0.0000
   3.2300E+00   3.4000E+00   0.0000E+00  0.0000
   3.4000E+00   3.5700E+00   0.0000E+00  0.0000
   3.5700E+00   3.7400E+00   0.0000E+00  0.0000
   3.7400E+00   3.9100E+00   0.0000E+00  0.0000
   3.9100E+00   4.0800E+00   0.0000E+00  0.0000
   4.0800E+00   4.2500E+00   6.2421E+01  0.7071
   4.2500E+00   4.4200E+00   0.0000E+00  0.0000
   4.4200E+00   4.5900E+00   0.0000E+00  0.0000
   4.5900E+00   4.7600E+00   0.0000E+00  0.0000
   4.7600E+00   4.9300E+00   6.2421E+01  0.7071
   4.9300E+00   5.1000E+00   0.0000E+00  0.0000
   5.1000E+00   5.2700E+00   0.0000E+00  0.0000
   5.2700E+00   5.4400E+00   0.0000E+00  0.0000
   5.4400E+00   5.6100E+00   0.0000E+00  0.0000
   5.6100E+00   5.7800E+00   0.0000E+00  0.0000
   5.7800E+00   5.9500E+00   3.1211E+01  1.0000
   5.9500E+00   6.1200E+00   3.1211E+01  1.0000
   6.1200E+00   6.2900E+00   0.0000E+00  0.0000
   6.2900E+00   6.4600E+00   0.0000E+00  0.0000
   6.4600E+00   6.6300E+00   3.1211E+01  1.0000
   6.6300E+00   6.8000E+00   3.1211E+01  1.0000
   6.8000E+00   6.9700E+00   0.0000E+00  0.0000
   6.9700E+00   7.1400E+00   3.1211E+01  1.0000
   7.1400E+00   7.3100E+00   0.0000E+00  0.0000
   7.3100E+00   7.4800E+00   6.2421E+01  0.7071
   7.4800E+00   7.6500E+00   0.0000E+00  0.0000
   7.6500E+00   7.8200E+00   0.0000E+00  0.0000
   7.8200E+00   7.9900E+00   0.0000E+00  0.0000
   7.9900E+00   8.1600E+00   0.0000E+00  0.0000
   8.1600E+00   8.3300E+00   3.1211E+01  1.0000
   8.3300E+00   8.5000E+00   0.0000E+00  0.0000
   8.5000E+00   8.6700E+00   0.0000E+00  0.0000
   8.6700E+00   8.8400E+00   0.0000E+00  0.0000
   8.8400E+00   9.0100E+00   0.0000E+00  0.0000
   9.0100E+00   9.1800E+00   3.1211E+01  1.0000
   9.1800E+00   9.3500E+00   3.1211E+01  1.0000
   9.3500E+00   9.5200E+00   0.0000E+00  0.0000
   9.5200E+00   9.6900E+00   6.2421E+01  0.7071
   9.6900E+00   9.8600E+00   0.0000E+00  0.0000
   9.8600E+00   1.0030E+01   0.0000E+00  0.0000
   1.0030E+01   1.0200E+01   3.1211E+01  1.0000
   1.0200E+01   1.0370E+01   0.0000E+00  0.0000
   1.0370E+01   1.0540E+01   0.0000E+00  0.0000
   1.0540E+01   1.0710E+01   0.0000E+00  0.0000
   1.0710E+01   1.0880E+01   0.0000E+00  0.0000
   1.0880E+01   1.1050E+01   0.0000E+00  0.0000
   1.1050E+01   1.1220E+01   0.0000E+00  0.0000
   1.1220E+01   1.1390E+01   0.0000E+00  0.0000
   1.1390E+01   1.1560E+01   0.0000E+00  0.0000
   1.1560E+01   1.1730E+01   0.0000E+00  0.0000
   1.1730E+01   1.1900E+01   3.1211E+01  1.0000
   1.1900E+01   1.2070E+01   0.0000E+00  0.0000
   1.2070E+01   1.2240E+01   0.0000E+00  0.0000
   1.2240E+01   1.2410E+01   3.1211E+01  1.0000
   1.2410E+01   1.2580E+01   0.0000E+00  0.0000
   1.2580E+01   1.2750E+01   0.0000E+00  0.0000
   1.2750E+01   1.2920E+01   0.0000E+00  0.0000
   1.2920E+01   1.3090E+01   3.1211E+01  1.0000
   1.3090E+01   1.3260E+01   0.0000E+00  0.0000
   1.3260E+01   1.3430E+01   0.0000E+00  0.0000
   1.3430E+01   1.3600E+01   0.0000E+00  0.0000
   1.3600E+01   1.3770E+01   3.1211E+01  1.0000
   1.3770E+01   1.3940E+01   3.1211E+01  1.0000
   1.3940E+01   1.4110E+01   0.0000E+00  0.0000
   1.4110E+01   1.4280E+01   0.0000E+00  0.0000
   1.4280E+01   1.4450E+01   0.0000E+00  0.0000
   1.4450E+01   1.4620E+01   0.0000E+00  0.0000
   1.4620E+01   1.4790E+01   3.1211E+01  1.0000
   1.4790E+01   1.4960E+01   0.0000E+00  0.0000
   1.4960E+01   1.5130E+01   0.0000E+00  0.0000
   1.5130E+01   1.5300E+01   0.0000E+00  0.0000
   1.5300E+01   1.5470E+01   0.0000E+00  0.0000
   1.5470E+01   1.5640E+01   0.0000E+00  0.0000
   1.5640E+01   1.5810E+01   0.0000E+00  0.0000
   1.5810E+01   1.5980E+01   0.0000E+00  0.0000
   1.5980E+01   1.6150E+01   0.0000E+00  0.0000
   1.6150E+01   1.6320E+01   0.0000E+00  0.0000
   1.6320E+01   1.6490E+01   0.0000E+00  0.0000
   1.6490E+01   1.6660E+01   0.0000E+00  0.0000
   1.6660E+01   1.6830E+01   0.0000E+00  0.0000
   1.6830E+01   1.7000E+01   0.0000E+00  0.0000

#   sum over                 7.8026E+02  0.2000
'no. =   10   reg = ( 20001 < 20009 ) - ( 20003 < 20009 )'
msuc: {\huge Proton response in air channel}
msdr: {\it plotted by \ANGEL \version}
msdl: {\it calculated by \PHITS  3.36}
wt: s(0.7)
\vspace{-3}
  region surface crossing
  area  &=&   1.0000E+00 [cm^2]
e:
 
# Information for Restart Calculation
# This calculation was newly started
# istdev =  2 # 1:Batch variance, 2:History variance
# resc2  = 3.20404958639304016E-02 # Total source weight or Total source weight / maxcas
# resc3  = 1.99981000000000000E+08 # Total history number or Total batch number
# maxcas =        1000 # History / Batch, only used for istdev=1
# bitrseed = 0001010110011101111001010011000010110000011010111001001010111000 # bit data of rseed
