[ T-Deposit ]
    title = Bragg peak in pouch
     mesh =  r-z            # mesh type is r-z scoring mesh
       x0 =   0.000000      # center x-position of r-z mesh
       y0 =   0.000000      # center y-position of r-z mesh
   r-type =    2            # r-mesh is linear given by rmin, rmax and nr
     rmin =   0.000000      # minimum value of r-mesh points
     rmax =  0.5000000      # maximum value of r-mesh points
#    rdel =  0.5000000      # mesh width of r-mesh points
       nr =      1          # number of r-mesh points
#    data = ( r(i), i = 1, nr + 1 )
#           0.00000E+00  5.00000E-01
   z-type =    2            # z-mesh is linear given by zmin, zmax and nz
     zmin =   57.00000      # minimum value of z-mesh points
     zmax =   63.00000      # maximum value of z-mesh points
#    zdel =  2.0000000E-02  # mesh width of z-mesh points
       nz =    300          # number of z-mesh points
#    data = ( z(i), i = 1, nz + 1 )
#           5.70000E+01  5.70200E+01  5.70400E+01  5.70600E+01  5.70800E+01
#           5.71000E+01  5.71200E+01  5.71400E+01  5.71600E+01  5.71800E+01
#           5.72000E+01  5.72200E+01  5.72400E+01  5.72600E+01  5.72800E+01
#           5.73000E+01  5.73200E+01  5.73400E+01  5.73600E+01  5.73800E+01
#           5.74000E+01  5.74200E+01  5.74400E+01  5.74600E+01  5.74800E+01
#           5.75000E+01  5.75200E+01  5.75400E+01  5.75600E+01  5.75800E+01
#           5.76000E+01  5.76200E+01  5.76400E+01  5.76600E+01  5.76800E+01
#           5.77000E+01  5.77200E+01  5.77400E+01  5.77600E+01  5.77800E+01
#           5.78000E+01  5.78200E+01  5.78400E+01  5.78600E+01  5.78800E+01
#           5.79000E+01  5.79200E+01  5.79400E+01  5.79600E+01  5.79800E+01
#           5.80000E+01  5.80200E+01  5.80400E+01  5.80600E+01  5.80800E+01
#           5.81000E+01  5.81200E+01  5.81400E+01  5.81600E+01  5.81800E+01
#           5.82000E+01  5.82200E+01  5.82400E+01  5.82600E+01  5.82800E+01
#           5.83000E+01  5.83200E+01  5.83400E+01  5.83600E+01  5.83800E+01
#           5.84000E+01  5.84200E+01  5.84400E+01  5.84600E+01  5.84800E+01
#           5.85000E+01  5.85200E+01  5.85400E+01  5.85600E+01  5.85800E+01
#           5.86000E+01  5.86200E+01  5.86400E+01  5.86600E+01  5.86800E+01
#           5.87000E+01  5.87200E+01  5.87400E+01  5.87600E+01  5.87800E+01
#           5.88000E+01  5.88200E+01  5.88400E+01  5.88600E+01  5.88800E+01
#           5.89000E+01  5.89200E+01  5.89400E+01  5.89600E+01  5.89800E+01
#           5.90000E+01  5.90200E+01  5.90400E+01  5.90600E+01  5.90800E+01
#           5.91000E+01  5.91200E+01  5.91400E+01  5.91600E+01  5.91800E+01
#           5.92000E+01  5.92200E+01  5.92400E+01  5.92600E+01  5.92800E+01
#           5.93000E+01  5.93200E+01  5.93400E+01  5.93600E+01  5.93800E+01
#           5.94000E+01  5.94200E+01  5.94400E+01  5.94600E+01  5.94800E+01
#           5.95000E+01  5.95200E+01  5.95400E+01  5.95600E+01  5.95800E+01
#           5.96000E+01  5.96200E+01  5.96400E+01  5.96600E+01  5.96800E+01
#           5.97000E+01  5.97200E+01  5.97400E+01  5.97600E+01  5.97800E+01
#           5.98000E+01  5.98200E+01  5.98400E+01  5.98600E+01  5.98800E+01
#           5.99000E+01  5.99200E+01  5.99400E+01  5.99600E+01  5.99800E+01
#           6.00000E+01  6.00200E+01  6.00400E+01  6.00600E+01  6.00800E+01
#           6.01000E+01  6.01200E+01  6.01400E+01  6.01600E+01  6.01800E+01
#           6.02000E+01  6.02200E+01  6.02400E+01  6.02600E+01  6.02800E+01
#           6.03000E+01  6.03200E+01  6.03400E+01  6.03600E+01  6.03800E+01
#           6.04000E+01  6.04200E+01  6.04400E+01  6.04600E+01  6.04800E+01
#           6.05000E+01  6.05200E+01  6.05400E+01  6.05600E+01  6.05800E+01
#           6.06000E+01  6.06200E+01  6.06400E+01  6.06600E+01  6.06800E+01
#           6.07000E+01  6.07200E+01  6.07400E+01  6.07600E+01  6.07800E+01
#           6.08000E+01  6.08200E+01  6.08400E+01  6.08600E+01  6.08800E+01
#           6.09000E+01  6.09200E+01  6.09400E+01  6.09600E+01  6.09800E+01
#           6.10000E+01  6.10200E+01  6.10400E+01  6.10600E+01  6.10800E+01
#           6.11000E+01  6.11200E+01  6.11400E+01  6.11600E+01  6.11800E+01
#           6.12000E+01  6.12200E+01  6.12400E+01  6.12600E+01  6.12800E+01
#           6.13000E+01  6.13200E+01  6.13400E+01  6.13600E+01  6.13800E+01
#           6.14000E+01  6.14200E+01  6.14400E+01  6.14600E+01  6.14800E+01
#           6.15000E+01  6.15200E+01  6.15400E+01  6.15600E+01  6.15800E+01
#           6.16000E+01  6.16200E+01  6.16400E+01  6.16600E+01  6.16800E+01
#           6.17000E+01  6.17200E+01  6.17400E+01  6.17600E+01  6.17800E+01
#           6.18000E+01  6.18200E+01  6.18400E+01  6.18600E+01  6.18800E+01
#           6.19000E+01  6.19200E+01  6.19400E+01  6.19600E+01  6.19800E+01
#           6.20000E+01  6.20200E+01  6.20400E+01  6.20600E+01  6.20800E+01
#           6.21000E+01  6.21200E+01  6.21400E+01  6.21600E+01  6.21800E+01
#           6.22000E+01  6.22200E+01  6.22400E+01  6.22600E+01  6.22800E+01
#           6.23000E+01  6.23200E+01  6.23400E+01  6.23600E+01  6.23800E+01
#           6.24000E+01  6.24200E+01  6.24400E+01  6.24600E+01  6.24800E+01
#           6.25000E+01  6.25200E+01  6.25400E+01  6.25600E+01  6.25800E+01
#           6.26000E+01  6.26200E+01  6.26400E+01  6.26600E+01  6.26800E+01
#           6.27000E+01  6.27200E+01  6.27400E+01  6.27600E+01  6.27800E+01
#           6.28000E+01  6.28200E+01  6.28400E+01  6.28600E+01  6.28800E+01
#           6.29000E+01  6.29200E+01  6.29400E+01  6.29600E+01  6.29800E+01
#           6.30000E+01
     unit =    0            # unit is [Gy/source]
   letmat =    0            # (D=0) mat ID for LET, 0:real mat, <0: electron for H2O
  dedxfnc =    0            # (D=0) user defined multiplier, 0(no), 1, 2
 material =  all            # (D=all) number of specific material
   output =  dose           # total deposit energy
  deposit =    0            # (D=0) 0-> total deposit dist, 1-> each process
     axis =     z           # axis of output
     file = bragg_pouch_zcilindJesus.out  # file name of output for the above axis
     part =  proton   
# kf/name :  2212     
   epsout =    1            # (D=0) generate eps file by ANGEL
   mother =  all            # (D=all) number of specific mother
#    used :        main (  %)        temp (  %)       total (  %)
#  memory :         306 (  0)           0 (  0)         306 (  0)

#------------------------------------------------------------------------------
#newpage:
#   no. =  1   ir  =  1
#   r = (   0.0000E+00  -   5.0000E-01  )

x: z [cm]
y: Dose [Gy/source]      
p: xlin ylog afac(0.8) form(0.9)
h: n            x            y(proton  ),hh0l n 
#  z-lower      z-upper        proton    r.err 
   5.7000E+01   5.7020E+01   1.2714E-02  0.0378
   5.7020E+01   5.7040E+01   1.1785E-02  0.0330
   5.7040E+01   5.7060E+01   1.2275E-02  0.0331
   5.7060E+01   5.7080E+01   1.2204E-02  0.0346
   5.7080E+01   5.7100E+01   1.2256E-02  0.0373
   5.7100E+01   5.7120E+01   1.2531E-02  0.0346
   5.7120E+01   5.7140E+01   1.2466E-02  0.0344
   5.7140E+01   5.7160E+01   1.2289E-02  0.0353
   5.7160E+01   5.7180E+01   1.2379E-02  0.0355
   5.7180E+01   5.7200E+01   1.2184E-02  0.0363
   5.7200E+01   5.7220E+01   1.2880E-02  0.0362
   5.7220E+01   5.7240E+01   1.2385E-02  0.0360
   5.7240E+01   5.7260E+01   1.2140E-02  0.0356
   5.7260E+01   5.7280E+01   1.2517E-02  0.0354
   5.7280E+01   5.7300E+01   1.2591E-02  0.0356
   5.7300E+01   5.7320E+01   1.2265E-02  0.0333
   5.7320E+01   5.7340E+01   1.2063E-02  0.0348
   5.7340E+01   5.7360E+01   1.2458E-02  0.0356
   5.7360E+01   5.7380E+01   1.1874E-02  0.0310
   5.7380E+01   5.7400E+01   1.2043E-02  0.0346
   5.7400E+01   5.7420E+01   1.2304E-02  0.0355
   5.7420E+01   5.7440E+01   1.2934E-02  0.0369
   5.7440E+01   5.7460E+01   1.2694E-02  0.0343
   5.7460E+01   5.7480E+01   1.2060E-02  0.0332
   5.7480E+01   5.7500E+01   1.2441E-02  0.0363
   5.7500E+01   5.7520E+01   1.2038E-02  0.0357
   5.7520E+01   5.7540E+01   1.2064E-02  0.0330
   5.7540E+01   5.7560E+01   1.2186E-02  0.0362
   5.7560E+01   5.7580E+01   1.2357E-02  0.0359
   5.7580E+01   5.7600E+01   1.1766E-02  0.0334
   5.7600E+01   5.7620E+01   1.2747E-02  0.0373
   5.7620E+01   5.7640E+01   1.2667E-02  0.0354
   5.7640E+01   5.7660E+01   1.2709E-02  0.0377
   5.7660E+01   5.7680E+01   1.1843E-02  0.0327
   5.7680E+01   5.7700E+01   1.1928E-02  0.0317
   5.7700E+01   5.7720E+01   1.1890E-02  0.0332
   5.7720E+01   5.7740E+01   1.2243E-02  0.0371
   5.7740E+01   5.7760E+01   1.2729E-02  0.0404
   5.7760E+01   5.7780E+01   1.2249E-02  0.0342
   5.7780E+01   5.7800E+01   1.2485E-02  0.0363
   5.7800E+01   5.7820E+01   1.3025E-02  0.0364
   5.7820E+01   5.7840E+01   1.2251E-02  0.0363
   5.7840E+01   5.7860E+01   1.2847E-02  0.0371
   5.7860E+01   5.7880E+01   1.2249E-02  0.0364
   5.7880E+01   5.7900E+01   1.2305E-02  0.0348
   5.7900E+01   5.7920E+01   1.2075E-02  0.0361
   5.7920E+01   5.7940E+01   1.2871E-02  0.0378
   5.7940E+01   5.7960E+01   1.2253E-02  0.0385
   5.7960E+01   5.7980E+01   1.2644E-02  0.0403
   5.7980E+01   5.8000E+01   1.2731E-02  0.0382
   5.8000E+01   5.8020E+01   1.1756E-02  0.0331
   5.8020E+01   5.8040E+01   1.2161E-02  0.0341
   5.8040E+01   5.8060E+01   1.2309E-02  0.0355
   5.8060E+01   5.8080E+01   1.1994E-02  0.0336
   5.8080E+01   5.8100E+01   1.2536E-02  0.0389
   5.8100E+01   5.8120E+01   1.1347E-02  0.0316
   5.8120E+01   5.8140E+01   1.2332E-02  0.0351
   5.8140E+01   5.8160E+01   1.1617E-02  0.0360
   5.8160E+01   5.8180E+01   1.1869E-02  0.0332
   5.8180E+01   5.8200E+01   1.2053E-02  0.0345
   5.8200E+01   5.8220E+01   1.2101E-02  0.0345
   5.8220E+01   5.8240E+01   1.1764E-02  0.0328
   5.8240E+01   5.8260E+01   1.2802E-02  0.0382
   5.8260E+01   5.8280E+01   1.2753E-02  0.0382
   5.8280E+01   5.8300E+01   1.2404E-02  0.0389
   5.8300E+01   5.8320E+01   1.2839E-02  0.0370
   5.8320E+01   5.8340E+01   1.2219E-02  0.0355
   5.8340E+01   5.8360E+01   1.1634E-02  0.0310
   5.8360E+01   5.8380E+01   1.2173E-02  0.0377
   5.8380E+01   5.8400E+01   1.2478E-02  0.0366
   5.8400E+01   5.8420E+01   1.2057E-02  0.0328
   5.8420E+01   5.8440E+01   1.2016E-02  0.0355
   5.8440E+01   5.8460E+01   1.2377E-02  0.0371
   5.8460E+01   5.8480E+01   1.2689E-02  0.0374
   5.8480E+01   5.8500E+01   1.2295E-02  0.0392
   5.8500E+01   5.8520E+01   1.2187E-02  0.0368
   5.8520E+01   5.8540E+01   1.2714E-02  0.0363
   5.8540E+01   5.8560E+01   1.2275E-02  0.0386
   5.8560E+01   5.8580E+01   1.1485E-02  0.0321
   5.8580E+01   5.8600E+01   1.2176E-02  0.0378
   5.8600E+01   5.8620E+01   1.2698E-02  0.0372
   5.8620E+01   5.8640E+01   1.2334E-02  0.0384
   5.8640E+01   5.8660E+01   1.2527E-02  0.0394
   5.8660E+01   5.8680E+01   1.2534E-02  0.0364
   5.8680E+01   5.8700E+01   1.1964E-02  0.0355
   5.8700E+01   5.8720E+01   1.2525E-02  0.0366
   5.8720E+01   5.8740E+01   1.2314E-02  0.0347
   5.8740E+01   5.8760E+01   1.1794E-02  0.0375
   5.8760E+01   5.8780E+01   1.2227E-02  0.0395
   5.8780E+01   5.8800E+01   1.2530E-02  0.0397
   5.8800E+01   5.8820E+01   1.2654E-02  0.0378
   5.8820E+01   5.8840E+01   1.2248E-02  0.0378
   5.8840E+01   5.8860E+01   1.2034E-02  0.0355
   5.8860E+01   5.8880E+01   1.1686E-02  0.0355
   5.8880E+01   5.8900E+01   1.1637E-02  0.0333
   5.8900E+01   5.8920E+01   1.1863E-02  0.0335
   5.8920E+01   5.8940E+01   1.2476E-02  0.0411
   5.8940E+01   5.8960E+01   1.1870E-02  0.0369
   5.8960E+01   5.8980E+01   1.2181E-02  0.0371
   5.8980E+01   5.9000E+01   1.1938E-02  0.0349
   5.9000E+01   5.9020E+01   1.1265E-02  0.0311
   5.9020E+01   5.9040E+01   1.1550E-02  0.0341
   5.9040E+01   5.9060E+01   1.1667E-02  0.0329
   5.9060E+01   5.9080E+01   1.1946E-02  0.0341
   5.9080E+01   5.9100E+01   1.2013E-02  0.0358
   5.9100E+01   5.9120E+01   1.1935E-02  0.0376
   5.9120E+01   5.9140E+01   1.2533E-02  0.0385
   5.9140E+01   5.9160E+01   1.2572E-02  0.0382
   5.9160E+01   5.9180E+01   1.2260E-02  0.0383
   5.9180E+01   5.9200E+01   1.2495E-02  0.0385
   5.9200E+01   5.9220E+01   1.1990E-02  0.0381
   5.9220E+01   5.9240E+01   1.2055E-02  0.0362
   5.9240E+01   5.9260E+01   1.1525E-02  0.0334
   5.9260E+01   5.9280E+01   1.1790E-02  0.0364
   5.9280E+01   5.9300E+01   1.1647E-02  0.0338
   5.9300E+01   5.9320E+01   1.1806E-02  0.0390
   5.9320E+01   5.9340E+01   1.1857E-02  0.0372
   5.9340E+01   5.9360E+01   1.1736E-02  0.0353
   5.9360E+01   5.9380E+01   1.1593E-02  0.0335
   5.9380E+01   5.9400E+01   1.2729E-02  0.0391
   5.9400E+01   5.9420E+01   1.1718E-02  0.0355
   5.9420E+01   5.9440E+01   1.2331E-02  0.0385
   5.9440E+01   5.9460E+01   1.1733E-02  0.0375
   5.9460E+01   5.9480E+01   1.1576E-02  0.0345
   5.9480E+01   5.9500E+01   1.1979E-02  0.0373
   5.9500E+01   5.9520E+01   1.1661E-02  0.0347
   5.9520E+01   5.9540E+01   1.1893E-02  0.0376
   5.9540E+01   5.9560E+01   1.1718E-02  0.0345
   5.9560E+01   5.9580E+01   1.2510E-02  0.0382
   5.9580E+01   5.9600E+01   1.2198E-02  0.0361
   5.9600E+01   5.9620E+01   1.1784E-02  0.0346
   5.9620E+01   5.9640E+01   1.1787E-02  0.0359
   5.9640E+01   5.9660E+01   1.1408E-02  0.0332
   5.9660E+01   5.9680E+01   1.2322E-02  0.0383
   5.9680E+01   5.9700E+01   1.2422E-02  0.0391
   5.9700E+01   5.9720E+01   1.2084E-02  0.0394
   5.9720E+01   5.9740E+01   1.1882E-02  0.0371
   5.9740E+01   5.9760E+01   1.2673E-02  0.0428
   5.9760E+01   5.9780E+01   1.2214E-02  0.0387
   5.9780E+01   5.9800E+01   1.2127E-02  0.0383
   5.9800E+01   5.9820E+01   1.1201E-02  0.0328
   5.9820E+01   5.9840E+01   1.1814E-02  0.0374
   5.9840E+01   5.9860E+01   1.1631E-02  0.0350
   5.9860E+01   5.9880E+01   1.1456E-02  0.0337
   5.9880E+01   5.9900E+01   1.1877E-02  0.0363
   5.9900E+01   5.9920E+01   1.1691E-02  0.0378
   5.9920E+01   5.9940E+01   1.2073E-02  0.0395
   5.9940E+01   5.9960E+01   1.1828E-02  0.0388
   5.9960E+01   5.9980E+01   1.1433E-02  0.0342
   5.9980E+01   6.0000E+01   1.1649E-02  0.0349
   6.0000E+01   6.0020E+01   1.1866E-02  0.0359
   6.0020E+01   6.0040E+01   1.1593E-02  0.0359
   6.0040E+01   6.0060E+01   1.1749E-02  0.0366
   6.0060E+01   6.0080E+01   1.1314E-02  0.0349
   6.0080E+01   6.0100E+01   1.1582E-02  0.0384
   6.0100E+01   6.0120E+01   1.1305E-02  0.0334
   6.0120E+01   6.0140E+01   1.1393E-02  0.0331
   6.0140E+01   6.0160E+01   1.2111E-02  0.0407
   6.0160E+01   6.0180E+01   1.1243E-02  0.0344
   6.0180E+01   6.0200E+01   1.1764E-02  0.0352
   6.0200E+01   6.0220E+01   1.2005E-02  0.0371
   6.0220E+01   6.0240E+01   1.1737E-02  0.0387
   6.0240E+01   6.0260E+01   1.1711E-02  0.0380
   6.0260E+01   6.0280E+01   1.1871E-02  0.0379
   6.0280E+01   6.0300E+01   1.1755E-02  0.0352
   6.0300E+01   6.0320E+01   1.1124E-02  0.0341
   6.0320E+01   6.0340E+01   1.1637E-02  0.0358
   6.0340E+01   6.0360E+01   1.1034E-02  0.0345
   6.0360E+01   6.0380E+01   1.1751E-02  0.0392
   6.0380E+01   6.0400E+01   1.1789E-02  0.0363
   6.0400E+01   6.0420E+01   1.1518E-02  0.0375
   6.0420E+01   6.0440E+01   1.1475E-02  0.0331
   6.0440E+01   6.0460E+01   1.1620E-02  0.0370
   6.0460E+01   6.0480E+01   1.1431E-02  0.0369
   6.0480E+01   6.0500E+01   1.1455E-02  0.0346
   6.0500E+01   6.0520E+01   1.1322E-02  0.0346
   6.0520E+01   6.0540E+01   1.1528E-02  0.0365
   6.0540E+01   6.0560E+01   1.1904E-02  0.0404
   6.0560E+01   6.0580E+01   1.1853E-02  0.0379
   6.0580E+01   6.0600E+01   1.3819E-02  0.0212
   6.0600E+01   6.0620E+01   1.5103E-02  0.0216
   6.0620E+01   6.0640E+01   1.7185E-02  0.0230
   6.0640E+01   6.0660E+01   1.6863E-02  0.0235
   6.0660E+01   6.0680E+01   1.6829E-02  0.0240
   6.0680E+01   6.0700E+01   1.5988E-02  0.0242
   6.0700E+01   6.0720E+01   1.5328E-02  0.0249
   6.0720E+01   6.0740E+01   1.4813E-02  0.0260
   6.0740E+01   6.0760E+01   1.5029E-02  0.0277
   6.0760E+01   6.0780E+01   1.4839E-02  0.0300
   6.0780E+01   6.0800E+01   1.3614E-02  0.0328
   6.0800E+01   6.0820E+01   1.1125E-02  0.0401
   6.0820E+01   6.0840E+01   4.1474E-04  0.1191
   6.0840E+01   6.0860E+01   0.0000E+00  0.0000
   6.0860E+01   6.0880E+01   0.0000E+00  0.0000
   6.0880E+01   6.0900E+01   0.0000E+00  0.0000
   6.0900E+01   6.0920E+01   0.0000E+00  0.0000
   6.0920E+01   6.0940E+01   0.0000E+00  0.0000
   6.0940E+01   6.0960E+01   0.0000E+00  0.0000
   6.0960E+01   6.0980E+01   0.0000E+00  0.0000
   6.0980E+01   6.1000E+01   0.0000E+00  0.0000
   6.1000E+01   6.1020E+01   0.0000E+00  0.0000
   6.1020E+01   6.1040E+01   0.0000E+00  0.0000
   6.1040E+01   6.1060E+01   0.0000E+00  0.0000
   6.1060E+01   6.1080E+01   0.0000E+00  0.0000
   6.1080E+01   6.1100E+01   0.0000E+00  0.0000
   6.1100E+01   6.1120E+01   0.0000E+00  0.0000
   6.1120E+01   6.1140E+01   0.0000E+00  0.0000
   6.1140E+01   6.1160E+01   0.0000E+00  0.0000
   6.1160E+01   6.1180E+01   0.0000E+00  0.0000
   6.1180E+01   6.1200E+01   0.0000E+00  0.0000
   6.1200E+01   6.1220E+01   0.0000E+00  0.0000
   6.1220E+01   6.1240E+01   0.0000E+00  0.0000
   6.1240E+01   6.1260E+01   0.0000E+00  0.0000
   6.1260E+01   6.1280E+01   0.0000E+00  0.0000
   6.1280E+01   6.1300E+01   0.0000E+00  0.0000
   6.1300E+01   6.1320E+01   0.0000E+00  0.0000
   6.1320E+01   6.1340E+01   0.0000E+00  0.0000
   6.1340E+01   6.1360E+01   0.0000E+00  0.0000
   6.1360E+01   6.1380E+01   0.0000E+00  0.0000
   6.1380E+01   6.1400E+01   0.0000E+00  0.0000
   6.1400E+01   6.1420E+01   0.0000E+00  0.0000
   6.1420E+01   6.1440E+01   0.0000E+00  0.0000
   6.1440E+01   6.1460E+01   0.0000E+00  0.0000
   6.1460E+01   6.1480E+01   0.0000E+00  0.0000
   6.1480E+01   6.1500E+01   0.0000E+00  0.0000
   6.1500E+01   6.1520E+01   0.0000E+00  0.0000
   6.1520E+01   6.1540E+01   0.0000E+00  0.0000
   6.1540E+01   6.1560E+01   0.0000E+00  0.0000
   6.1560E+01   6.1580E+01   0.0000E+00  0.0000
   6.1580E+01   6.1600E+01   0.0000E+00  0.0000
   6.1600E+01   6.1620E+01   0.0000E+00  0.0000
   6.1620E+01   6.1640E+01   0.0000E+00  0.0000
   6.1640E+01   6.1660E+01   0.0000E+00  0.0000
   6.1660E+01   6.1680E+01   0.0000E+00  0.0000
   6.1680E+01   6.1700E+01   0.0000E+00  0.0000
   6.1700E+01   6.1720E+01   0.0000E+00  0.0000
   6.1720E+01   6.1740E+01   0.0000E+00  0.0000
   6.1740E+01   6.1760E+01   0.0000E+00  0.0000
   6.1760E+01   6.1780E+01   0.0000E+00  0.0000
   6.1780E+01   6.1800E+01   0.0000E+00  0.0000
   6.1800E+01   6.1820E+01   7.1324E-06  1.0000
   6.1820E+01   6.1840E+01   5.7861E-06  1.0000
   6.1840E+01   6.1860E+01   4.5220E-06  1.0000
   6.1860E+01   6.1880E+01   8.7258E-06  1.0000
   6.1880E+01   6.1900E+01   5.6451E-06  1.0000
   6.1900E+01   6.1920E+01   4.2072E-06  1.0000
   6.1920E+01   6.1940E+01   6.9421E-06  1.0000
   6.1940E+01   6.1960E+01   5.1931E-06  1.0000
   6.1960E+01   6.1980E+01   4.5150E-06  1.0000
   6.1980E+01   6.2000E+01   1.6875E-05  1.0000
   6.2000E+01   6.2020E+01   5.9274E-06  1.0000
   6.2020E+01   6.2040E+01   6.0279E-06  1.0000
   6.2040E+01   6.2060E+01   4.0841E-06  1.0000
   6.2060E+01   6.2080E+01   5.5111E-06  1.0000
   6.2080E+01   6.2100E+01   9.6941E-06  1.0000
   6.2100E+01   6.2120E+01   2.2237E-05  1.0000
   6.2120E+01   6.2140E+01   4.2817E-06  1.0000
   6.2140E+01   6.2160E+01   1.5146E-05  1.0000
   6.2160E+01   6.2180E+01   1.0345E-05  1.0000
   6.2180E+01   6.2200E+01   3.8039E-06  1.0000
   6.2200E+01   6.2220E+01   3.6407E-06  1.0000
   6.2220E+01   6.2240E+01   7.3184E-06  1.0000
   6.2240E+01   6.2260E+01   1.0014E-05  1.0000
   6.2260E+01   6.2280E+01   5.6493E-06  1.0000
   6.2280E+01   6.2300E+01   5.1868E-06  1.0000
   6.2300E+01   6.2320E+01   8.0973E-06  1.0000
   6.2320E+01   6.2340E+01   3.9895E-06  1.0000
   6.2340E+01   6.2360E+01   4.7275E-06  1.0000
   6.2360E+01   6.2380E+01   7.2037E-06  1.0000
   6.2380E+01   6.2400E+01   4.7810E-06  1.0000
   6.2400E+01   6.2420E+01   4.5275E-06  1.0000
   6.2420E+01   6.2440E+01   3.0388E-05  1.0000
   6.2440E+01   6.2460E+01   8.9801E-06  1.0000
   6.2460E+01   6.2480E+01   4.5776E-06  1.0000
   6.2480E+01   6.2500E+01   8.7022E-06  0.7109
   6.2500E+01   6.2520E+01   2.6960E-05  0.7856
   6.2520E+01   6.2540E+01   5.6104E-05  0.7144
   6.2540E+01   6.2560E+01   6.2241E-05  0.9186
   6.2560E+01   6.2580E+01   3.8015E-05  0.7991
   6.2580E+01   6.2600E+01   2.7389E-05  0.8179
   6.2600E+01   6.2620E+01   2.5724E-05  0.8291
   6.2620E+01   6.2640E+01   2.8986E-05  0.8124
   6.2640E+01   6.2660E+01   4.3777E-05  0.8781
   6.2660E+01   6.2680E+01   3.5352E-05  0.8633
   6.2680E+01   6.2700E+01   7.4817E-05  0.8946
   6.2700E+01   6.2720E+01   5.1083E-05  0.8978
   6.2720E+01   6.2740E+01   2.2668E-05  0.8519
   6.2740E+01   6.2760E+01   2.9949E-05  0.7710
   6.2760E+01   6.2780E+01   6.7362E-05  0.8626
   6.2780E+01   6.2800E+01   2.8845E-05  0.7692
   6.2800E+01   6.2820E+01   3.8350E-05  0.9027
   6.2820E+01   6.2840E+01   3.4910E-05  0.8692
   6.2840E+01   6.2860E+01   1.1433E-05  0.7841
   6.2860E+01   6.2880E+01   5.4905E-06  1.0000
   6.2880E+01   6.2900E+01   1.7471E-05  1.0000
   6.2900E+01   6.2920E+01   3.7286E-06  1.0000
   6.2920E+01   6.2940E+01   3.3674E-06  1.0000
   6.2940E+01   6.2960E+01   4.9541E-06  1.0000
   6.2960E+01   6.2980E+01   3.6214E-06  1.0000
   6.2980E+01   6.3000E+01   5.5478E-06  1.0000

#   sum over    4.7124E+00   7.8046E-03  0.0200

'no. =  1,  ir =  1'
msuc: {\huge Bragg peak in pouch}
msdr: {\it plotted by \ANGEL \version}
msdl: {\it calculated by \PHITS  3.35}
wt: s(0.7)
\vspace{-3}
  rmin  &=&   0.0000E+00 [cm]
  rmax  &=&   5.0000E-01 [cm]
e:
 
# Information for Restart Calculation
# This calculation was newly started
# istdev =  2 # 1:Batch variance, 2:History variance
# resc2  = 1.60217700001159249E-03 # Total source weight or Total source weight / maxcas
# resc3  = 1.00000000000000000E+07 # Total history number or Total batch number
# maxcas =       10000 # History / Batch, only used for istdev=1
# bitrseed = 1000110000001000111111101100101001110101110010000011011101101000 # bit data of rseed
