[ T-Deposit ]
    title = Bragg peak in pouch
     mesh =  r-z            # mesh type is r-z scoring mesh
       x0 =   0.000000      # center x-position of r-z mesh
       y0 =   0.000000      # center y-position of r-z mesh
   r-type =    2            # r-mesh is linear given by rmin, rmax and nr
     rmin =   0.000000      # minimum value of r-mesh points
     rmax =  0.5000000      # maximum value of r-mesh points
#    rdel =  0.5000000      # mesh width of r-mesh points
       nr =      1          # number of r-mesh points
#    data = ( r(i), i = 1, nr + 1 )
#           0.00000E+00  5.00000E-01
   z-type =    2            # z-mesh is linear given by zmin, zmax and nz
     zmin =   57.00000      # minimum value of z-mesh points
     zmax =   63.00000      # maximum value of z-mesh points
#    zdel =  1.2000000E-02  # mesh width of z-mesh points
       nz =    500          # number of z-mesh points
#    data = ( z(i), i = 1, nz + 1 )
#           5.70000E+01  5.70120E+01  5.70240E+01  5.70360E+01  5.70480E+01
#           5.70600E+01  5.70720E+01  5.70840E+01  5.70960E+01  5.71080E+01
#           5.71200E+01  5.71320E+01  5.71440E+01  5.71560E+01  5.71680E+01
#           5.71800E+01  5.71920E+01  5.72040E+01  5.72160E+01  5.72280E+01
#           5.72400E+01  5.72520E+01  5.72640E+01  5.72760E+01  5.72880E+01
#           5.73000E+01  5.73120E+01  5.73240E+01  5.73360E+01  5.73480E+01
#           5.73600E+01  5.73720E+01  5.73840E+01  5.73960E+01  5.74080E+01
#           5.74200E+01  5.74320E+01  5.74440E+01  5.74560E+01  5.74680E+01
#           5.74800E+01  5.74920E+01  5.75040E+01  5.75160E+01  5.75280E+01
#           5.75400E+01  5.75520E+01  5.75640E+01  5.75760E+01  5.75880E+01
#           5.76000E+01  5.76120E+01  5.76240E+01  5.76360E+01  5.76480E+01
#           5.76600E+01  5.76720E+01  5.76840E+01  5.76960E+01  5.77080E+01
#           5.77200E+01  5.77320E+01  5.77440E+01  5.77560E+01  5.77680E+01
#           5.77800E+01  5.77920E+01  5.78040E+01  5.78160E+01  5.78280E+01
#           5.78400E+01  5.78520E+01  5.78640E+01  5.78760E+01  5.78880E+01
#           5.79000E+01  5.79120E+01  5.79240E+01  5.79360E+01  5.79480E+01
#           5.79600E+01  5.79720E+01  5.79840E+01  5.79960E+01  5.80080E+01
#           5.80200E+01  5.80320E+01  5.80440E+01  5.80560E+01  5.80680E+01
#           5.80800E+01  5.80920E+01  5.81040E+01  5.81160E+01  5.81280E+01
#           5.81400E+01  5.81520E+01  5.81640E+01  5.81760E+01  5.81880E+01
#           5.82000E+01  5.82120E+01  5.82240E+01  5.82360E+01  5.82480E+01
#           5.82600E+01  5.82720E+01  5.82840E+01  5.82960E+01  5.83080E+01
#           5.83200E+01  5.83320E+01  5.83440E+01  5.83560E+01  5.83680E+01
#           5.83800E+01  5.83920E+01  5.84040E+01  5.84160E+01  5.84280E+01
#           5.84400E+01  5.84520E+01  5.84640E+01  5.84760E+01  5.84880E+01
#           5.85000E+01  5.85120E+01  5.85240E+01  5.85360E+01  5.85480E+01
#           5.85600E+01  5.85720E+01  5.85840E+01  5.85960E+01  5.86080E+01
#           5.86200E+01  5.86320E+01  5.86440E+01  5.86560E+01  5.86680E+01
#           5.86800E+01  5.86920E+01  5.87040E+01  5.87160E+01  5.87280E+01
#           5.87400E+01  5.87520E+01  5.87640E+01  5.87760E+01  5.87880E+01
#           5.88000E+01  5.88120E+01  5.88240E+01  5.88360E+01  5.88480E+01
#           5.88600E+01  5.88720E+01  5.88840E+01  5.88960E+01  5.89080E+01
#           5.89200E+01  5.89320E+01  5.89440E+01  5.89560E+01  5.89680E+01
#           5.89800E+01  5.89920E+01  5.90040E+01  5.90160E+01  5.90280E+01
#           5.90400E+01  5.90520E+01  5.90640E+01  5.90760E+01  5.90880E+01
#           5.91000E+01  5.91120E+01  5.91240E+01  5.91360E+01  5.91480E+01
#           5.91600E+01  5.91720E+01  5.91840E+01  5.91960E+01  5.92080E+01
#           5.92200E+01  5.92320E+01  5.92440E+01  5.92560E+01  5.92680E+01
#           5.92800E+01  5.92920E+01  5.93040E+01  5.93160E+01  5.93280E+01
#           5.93400E+01  5.93520E+01  5.93640E+01  5.93760E+01  5.93880E+01
#           5.94000E+01  5.94120E+01  5.94240E+01  5.94360E+01  5.94480E+01
#           5.94600E+01  5.94720E+01  5.94840E+01  5.94960E+01  5.95080E+01
#           5.95200E+01  5.95320E+01  5.95440E+01  5.95560E+01  5.95680E+01
#           5.95800E+01  5.95920E+01  5.96040E+01  5.96160E+01  5.96280E+01
#           5.96400E+01  5.96520E+01  5.96640E+01  5.96760E+01  5.96880E+01
#           5.97000E+01  5.97120E+01  5.97240E+01  5.97360E+01  5.97480E+01
#           5.97600E+01  5.97720E+01  5.97840E+01  5.97960E+01  5.98080E+01
#           5.98200E+01  5.98320E+01  5.98440E+01  5.98560E+01  5.98680E+01
#           5.98800E+01  5.98920E+01  5.99040E+01  5.99160E+01  5.99280E+01
#           5.99400E+01  5.99520E+01  5.99640E+01  5.99760E+01  5.99880E+01
#           6.00000E+01  6.00120E+01  6.00240E+01  6.00360E+01  6.00480E+01
#           6.00600E+01  6.00720E+01  6.00840E+01  6.00960E+01  6.01080E+01
#           6.01200E+01  6.01320E+01  6.01440E+01  6.01560E+01  6.01680E+01
#           6.01800E+01  6.01920E+01  6.02040E+01  6.02160E+01  6.02280E+01
#           6.02400E+01  6.02520E+01  6.02640E+01  6.02760E+01  6.02880E+01
#           6.03000E+01  6.03120E+01  6.03240E+01  6.03360E+01  6.03480E+01
#           6.03600E+01  6.03720E+01  6.03840E+01  6.03960E+01  6.04080E+01
#           6.04200E+01  6.04320E+01  6.04440E+01  6.04560E+01  6.04680E+01
#           6.04800E+01  6.04920E+01  6.05040E+01  6.05160E+01  6.05280E+01
#           6.05400E+01  6.05520E+01  6.05640E+01  6.05760E+01  6.05880E+01
#           6.06000E+01  6.06120E+01  6.06240E+01  6.06360E+01  6.06480E+01
#           6.06600E+01  6.06720E+01  6.06840E+01  6.06960E+01  6.07080E+01
#           6.07200E+01  6.07320E+01  6.07440E+01  6.07560E+01  6.07680E+01
#           6.07800E+01  6.07920E+01  6.08040E+01  6.08160E+01  6.08280E+01
#           6.08400E+01  6.08520E+01  6.08640E+01  6.08760E+01  6.08880E+01
#           6.09000E+01  6.09120E+01  6.09240E+01  6.09360E+01  6.09480E+01
#           6.09600E+01  6.09720E+01  6.09840E+01  6.09960E+01  6.10080E+01
#           6.10200E+01  6.10320E+01  6.10440E+01  6.10560E+01  6.10680E+01
#           6.10800E+01  6.10920E+01  6.11040E+01  6.11160E+01  6.11280E+01
#           6.11400E+01  6.11520E+01  6.11640E+01  6.11760E+01  6.11880E+01
#           6.12000E+01  6.12120E+01  6.12240E+01  6.12360E+01  6.12480E+01
#           6.12600E+01  6.12720E+01  6.12840E+01  6.12960E+01  6.13080E+01
#           6.13200E+01  6.13320E+01  6.13440E+01  6.13560E+01  6.13680E+01
#           6.13800E+01  6.13920E+01  6.14040E+01  6.14160E+01  6.14280E+01
#           6.14400E+01  6.14520E+01  6.14640E+01  6.14760E+01  6.14880E+01
#           6.15000E+01  6.15120E+01  6.15240E+01  6.15360E+01  6.15480E+01
#           6.15600E+01  6.15720E+01  6.15840E+01  6.15960E+01  6.16080E+01
#           6.16200E+01  6.16320E+01  6.16440E+01  6.16560E+01  6.16680E+01
#           6.16800E+01  6.16920E+01  6.17040E+01  6.17160E+01  6.17280E+01
#           6.17400E+01  6.17520E+01  6.17640E+01  6.17760E+01  6.17880E+01
#           6.18000E+01  6.18120E+01  6.18240E+01  6.18360E+01  6.18480E+01
#           6.18600E+01  6.18720E+01  6.18840E+01  6.18960E+01  6.19080E+01
#           6.19200E+01  6.19320E+01  6.19440E+01  6.19560E+01  6.19680E+01
#           6.19800E+01  6.19920E+01  6.20040E+01  6.20160E+01  6.20280E+01
#           6.20400E+01  6.20520E+01  6.20640E+01  6.20760E+01  6.20880E+01
#           6.21000E+01  6.21120E+01  6.21240E+01  6.21360E+01  6.21480E+01
#           6.21600E+01  6.21720E+01  6.21840E+01  6.21960E+01  6.22080E+01
#           6.22200E+01  6.22320E+01  6.22440E+01  6.22560E+01  6.22680E+01
#           6.22800E+01  6.22920E+01  6.23040E+01  6.23160E+01  6.23280E+01
#           6.23400E+01  6.23520E+01  6.23640E+01  6.23760E+01  6.23880E+01
#           6.24000E+01  6.24120E+01  6.24240E+01  6.24360E+01  6.24480E+01
#           6.24600E+01  6.24720E+01  6.24840E+01  6.24960E+01  6.25080E+01
#           6.25200E+01  6.25320E+01  6.25440E+01  6.25560E+01  6.25680E+01
#           6.25800E+01  6.25920E+01  6.26040E+01  6.26160E+01  6.26280E+01
#           6.26400E+01  6.26520E+01  6.26640E+01  6.26760E+01  6.26880E+01
#           6.27000E+01  6.27120E+01  6.27240E+01  6.27360E+01  6.27480E+01
#           6.27600E+01  6.27720E+01  6.27840E+01  6.27960E+01  6.28080E+01
#           6.28200E+01  6.28320E+01  6.28440E+01  6.28560E+01  6.28680E+01
#           6.28800E+01  6.28920E+01  6.29040E+01  6.29160E+01  6.29280E+01
#           6.29400E+01  6.29520E+01  6.29640E+01  6.29760E+01  6.29880E+01
#           6.30000E+01
     unit =    0            # unit is [Gy/source]
   letmat =    0            # (D=0) mat ID for LET, 0:real mat, <0: electron for H2O
  dedxfnc =    0            # (D=0) user defined multiplier, 0(no), 1, 2
 material =  all            # (D=all) number of specific material
   output =  dose           # total deposit energy
  deposit =    0            # (D=0) 0-> total deposit dist, 1-> each process
     axis =     z           # axis of output
     file = bragg_pouch_zcilindJesus.out  # file name of output for the above axis
     part =  proton   
# kf/name :  2212     
   epsout =    1            # (D=0) generate eps file by ANGEL
   mother =  all            # (D=all) number of specific mother
#    used :        main (  %)        temp (  %)       total (  %)
#  memory :         506 (  0)           0 (  0)         506 (  0)

#------------------------------------------------------------------------------
#newpage:
#   no. =  1   ir  =  1
#   r = (   0.0000E+00  -   5.0000E-01  )

x: z [cm]
y: Dose [Gy/source]      
p: xlin ylog afac(0.8) form(0.9)
h: n            x            y(proton  ),hh0l n 
#  z-lower      z-upper        proton    r.err 
   5.7000E+01   5.7012E+01   1.2715E-02  0.0445
   5.7012E+01   5.7024E+01   1.1501E-02  0.0368
   5.7024E+01   5.7036E+01   1.2369E-02  0.0416
   5.7036E+01   5.7048E+01   1.2295E-02  0.0440
   5.7048E+01   5.7060E+01   1.1873E-02  0.0408
   5.7060E+01   5.7072E+01   1.2453E-02  0.0415
   5.7072E+01   5.7084E+01   1.2473E-02  0.0462
   5.7084E+01   5.7096E+01   1.2963E-02  0.0485
   5.7096E+01   5.7108E+01   1.2949E-02  0.0499
   5.7108E+01   5.7120E+01   1.1915E-02  0.0420
   5.7120E+01   5.7132E+01   1.2510E-02  0.0397
   5.7132E+01   5.7144E+01   1.2126E-02  0.0429
   5.7144E+01   5.7156E+01   1.2096E-02  0.0430
   5.7156E+01   5.7168E+01   1.2264E-02  0.0397
   5.7168E+01   5.7180E+01   1.2389E-02  0.0408
   5.7180E+01   5.7192E+01   1.2275E-02  0.0430
   5.7192E+01   5.7204E+01   1.1844E-02  0.0417
   5.7204E+01   5.7216E+01   1.2385E-02  0.0399
   5.7216E+01   5.7228E+01   1.1452E-02  0.0334
   5.7228E+01   5.7240E+01   1.2057E-02  0.0423
   5.7240E+01   5.7252E+01   1.2481E-02  0.0469
   5.7252E+01   5.7264E+01   1.3054E-02  0.0458
   5.7264E+01   5.7276E+01   1.2227E-02  0.0365
   5.7276E+01   5.7288E+01   1.2621E-02  0.0469
   5.7288E+01   5.7300E+01   1.2480E-02  0.0447
   5.7300E+01   5.7312E+01   1.2793E-02  0.0518
   5.7312E+01   5.7324E+01   1.2259E-02  0.0414
   5.7324E+01   5.7336E+01   1.2039E-02  0.0448
   5.7336E+01   5.7348E+01   1.2621E-02  0.0437
   5.7348E+01   5.7360E+01   1.2059E-02  0.0462
   5.7360E+01   5.7372E+01   1.2942E-02  0.0459
   5.7372E+01   5.7384E+01   1.2697E-02  0.0425
   5.7384E+01   5.7396E+01   1.2484E-02  0.0425
   5.7396E+01   5.7408E+01   1.1801E-02  0.0392
   5.7408E+01   5.7420E+01   1.1664E-02  0.0377
   5.7420E+01   5.7432E+01   1.2778E-02  0.0493
   5.7432E+01   5.7444E+01   1.2551E-02  0.0454
   5.7444E+01   5.7456E+01   1.2457E-02  0.0462
   5.7456E+01   5.7468E+01   1.2612E-02  0.0452
   5.7468E+01   5.7480E+01   1.2340E-02  0.0427
   5.7480E+01   5.7492E+01   1.2776E-02  0.0410
   5.7492E+01   5.7504E+01   1.2098E-02  0.0384
   5.7504E+01   5.7516E+01   1.2923E-02  0.0419
   5.7516E+01   5.7528E+01   1.2204E-02  0.0433
   5.7528E+01   5.7540E+01   1.2868E-02  0.0445
   5.7540E+01   5.7552E+01   1.2116E-02  0.0439
   5.7552E+01   5.7564E+01   1.2614E-02  0.0426
   5.7564E+01   5.7576E+01   1.3052E-02  0.0483
   5.7576E+01   5.7588E+01   1.4005E-02  0.0550
   5.7588E+01   5.7600E+01   1.3060E-02  0.0467
   5.7600E+01   5.7612E+01   1.1736E-02  0.0395
   5.7612E+01   5.7624E+01   1.1984E-02  0.0387
   5.7624E+01   5.7636E+01   1.2303E-02  0.0402
   5.7636E+01   5.7648E+01   1.2240E-02  0.0421
   5.7648E+01   5.7660E+01   1.2254E-02  0.0428
   5.7660E+01   5.7672E+01   1.1595E-02  0.0419
   5.7672E+01   5.7684E+01   1.2274E-02  0.0453
   5.7684E+01   5.7696E+01   1.1573E-02  0.0422
   5.7696E+01   5.7708E+01   1.1839E-02  0.0399
   5.7708E+01   5.7720E+01   1.1839E-02  0.0384
   5.7720E+01   5.7732E+01   1.2158E-02  0.0428
   5.7732E+01   5.7744E+01   1.2207E-02  0.0437
   5.7744E+01   5.7756E+01   1.2536E-02  0.0421
   5.7756E+01   5.7768E+01   1.2620E-02  0.0421
   5.7768E+01   5.7780E+01   1.2629E-02  0.0477
   5.7780E+01   5.7792E+01   1.2923E-02  0.0463
   5.7792E+01   5.7804E+01   1.2483E-02  0.0457
   5.7804E+01   5.7816E+01   1.1707E-02  0.0380
   5.7816E+01   5.7828E+01   1.2031E-02  0.0470
   5.7828E+01   5.7840E+01   1.2599E-02  0.0440
   5.7840E+01   5.7852E+01   1.2856E-02  0.0498
   5.7852E+01   5.7864E+01   1.2524E-02  0.0486
   5.7864E+01   5.7876E+01   1.2440E-02  0.0406
   5.7876E+01   5.7888E+01   1.2178E-02  0.0418
   5.7888E+01   5.7900E+01   1.2256E-02  0.0430
   5.7900E+01   5.7912E+01   1.2154E-02  0.0434
   5.7912E+01   5.7924E+01   1.2037E-02  0.0433
   5.7924E+01   5.7936E+01   1.2772E-02  0.0485
   5.7936E+01   5.7948E+01   1.3751E-02  0.0477
   5.7948E+01   5.7960E+01   1.2329E-02  0.0478
   5.7960E+01   5.7972E+01   1.1938E-02  0.0426
   5.7972E+01   5.7984E+01   1.2524E-02  0.0420
   5.7984E+01   5.7996E+01   1.2282E-02  0.0421
   5.7996E+01   5.8008E+01   1.1918E-02  0.0401
   5.8008E+01   5.8020E+01   1.1807E-02  0.0426
   5.8020E+01   5.8032E+01   1.2047E-02  0.0427
   5.8032E+01   5.8044E+01   1.2975E-02  0.0476
   5.8044E+01   5.8056E+01   1.2937E-02  0.0470
   5.8056E+01   5.8068E+01   1.2350E-02  0.0442
   5.8068E+01   5.8080E+01   1.2908E-02  0.0464
   5.8080E+01   5.8092E+01   1.2932E-02  0.0436
   5.8092E+01   5.8104E+01   1.2280E-02  0.0422
   5.8104E+01   5.8116E+01   1.3117E-02  0.0491
   5.8116E+01   5.8128E+01   1.2247E-02  0.0402
   5.8128E+01   5.8140E+01   1.1915E-02  0.0447
   5.8140E+01   5.8152E+01   1.1459E-02  0.0423
   5.8152E+01   5.8164E+01   1.2019E-02  0.0389
   5.8164E+01   5.8176E+01   1.2335E-02  0.0403
   5.8176E+01   5.8188E+01   1.2200E-02  0.0416
   5.8188E+01   5.8200E+01   1.2361E-02  0.0468
   5.8200E+01   5.8212E+01   1.2792E-02  0.0465
   5.8212E+01   5.8224E+01   1.1775E-02  0.0359
   5.8224E+01   5.8236E+01   1.2261E-02  0.0450
   5.8236E+01   5.8248E+01   1.2387E-02  0.0414
   5.8248E+01   5.8260E+01   1.1866E-02  0.0436
   5.8260E+01   5.8272E+01   1.2425E-02  0.0446
   5.8272E+01   5.8284E+01   1.2252E-02  0.0425
   5.8284E+01   5.8296E+01   1.2312E-02  0.0418
   5.8296E+01   5.8308E+01   1.1891E-02  0.0423
   5.8308E+01   5.8320E+01   1.2546E-02  0.0416
   5.8320E+01   5.8332E+01   1.2576E-02  0.0436
   5.8332E+01   5.8344E+01   1.2399E-02  0.0438
   5.8344E+01   5.8356E+01   1.2428E-02  0.0447
   5.8356E+01   5.8368E+01   1.2580E-02  0.0474
   5.8368E+01   5.8380E+01   1.2240E-02  0.0475
   5.8380E+01   5.8392E+01   1.2219E-02  0.0402
   5.8392E+01   5.8404E+01   1.2233E-02  0.0419
   5.8404E+01   5.8416E+01   1.2102E-02  0.0428
   5.8416E+01   5.8428E+01   1.2602E-02  0.0489
   5.8428E+01   5.8440E+01   1.2409E-02  0.0444
   5.8440E+01   5.8452E+01   1.2846E-02  0.0488
   5.8452E+01   5.8464E+01   1.2601E-02  0.0441
   5.8464E+01   5.8476E+01   1.2319E-02  0.0491
   5.8476E+01   5.8488E+01   1.2405E-02  0.0444
   5.8488E+01   5.8500E+01   1.1608E-02  0.0400
   5.8500E+01   5.8512E+01   1.1925E-02  0.0394
   5.8512E+01   5.8524E+01   1.2854E-02  0.0492
   5.8524E+01   5.8536E+01   1.2155E-02  0.0423
   5.8536E+01   5.8548E+01   1.2687E-02  0.0496
   5.8548E+01   5.8560E+01   1.2420E-02  0.0426
   5.8560E+01   5.8572E+01   1.2402E-02  0.0461
   5.8572E+01   5.8584E+01   1.1904E-02  0.0379
   5.8584E+01   5.8596E+01   1.2047E-02  0.0429
   5.8596E+01   5.8608E+01   1.1886E-02  0.0447
   5.8608E+01   5.8620E+01   1.2145E-02  0.0422
   5.8620E+01   5.8632E+01   1.2619E-02  0.0491
   5.8632E+01   5.8644E+01   1.1891E-02  0.0389
   5.8644E+01   5.8656E+01   1.1522E-02  0.0370
   5.8656E+01   5.8668E+01   1.2195E-02  0.0481
   5.8668E+01   5.8680E+01   1.3110E-02  0.0475
   5.8680E+01   5.8692E+01   1.2507E-02  0.0471
   5.8692E+01   5.8704E+01   1.2518E-02  0.0485
   5.8704E+01   5.8716E+01   1.1846E-02  0.0447
   5.8716E+01   5.8728E+01   1.0989E-02  0.0338
   5.8728E+01   5.8740E+01   1.2517E-02  0.0427
   5.8740E+01   5.8752E+01   1.2255E-02  0.0442
   5.8752E+01   5.8764E+01   1.2250E-02  0.0532
   5.8764E+01   5.8776E+01   1.2583E-02  0.0447
   5.8776E+01   5.8788E+01   1.1240E-02  0.0380
   5.8788E+01   5.8800E+01   1.2934E-02  0.0526
   5.8800E+01   5.8812E+01   1.2396E-02  0.0431
   5.8812E+01   5.8824E+01   1.2659E-02  0.0473
   5.8824E+01   5.8836E+01   1.1169E-02  0.0408
   5.8836E+01   5.8848E+01   1.2274E-02  0.0469
   5.8848E+01   5.8860E+01   1.2592E-02  0.0445
   5.8860E+01   5.8872E+01   1.1953E-02  0.0425
   5.8872E+01   5.8884E+01   1.2085E-02  0.0491
   5.8884E+01   5.8896E+01   1.3058E-02  0.0520
   5.8896E+01   5.8908E+01   1.2254E-02  0.0424
   5.8908E+01   5.8920E+01   1.1294E-02  0.0378
   5.8920E+01   5.8932E+01   1.2322E-02  0.0444
   5.8932E+01   5.8944E+01   1.2285E-02  0.0464
   5.8944E+01   5.8956E+01   1.3026E-02  0.0476
   5.8956E+01   5.8968E+01   1.2055E-02  0.0429
   5.8968E+01   5.8980E+01   1.1745E-02  0.0397
   5.8980E+01   5.8992E+01   1.1313E-02  0.0379
   5.8992E+01   5.9004E+01   1.1221E-02  0.0395
   5.9004E+01   5.9016E+01   1.1856E-02  0.0454
   5.9016E+01   5.9028E+01   1.1937E-02  0.0446
   5.9028E+01   5.9040E+01   1.2134E-02  0.0417
   5.9040E+01   5.9052E+01   1.2378E-02  0.0519
   5.9052E+01   5.9064E+01   1.1483E-02  0.0413
   5.9064E+01   5.9076E+01   1.1457E-02  0.0475
   5.9076E+01   5.9088E+01   1.2077E-02  0.0457
   5.9088E+01   5.9100E+01   1.1469E-02  0.0399
   5.9100E+01   5.9112E+01   1.2248E-02  0.0424
   5.9112E+01   5.9124E+01   1.2209E-02  0.0472
   5.9124E+01   5.9136E+01   1.2233E-02  0.0434
   5.9136E+01   5.9148E+01   1.2089E-02  0.0388
   5.9148E+01   5.9160E+01   1.1735E-02  0.0426
   5.9160E+01   5.9172E+01   1.2419E-02  0.0440
   5.9172E+01   5.9184E+01   1.2001E-02  0.0457
   5.9184E+01   5.9196E+01   1.1623E-02  0.0393
   5.9196E+01   5.9208E+01   1.1500E-02  0.0448
   5.9208E+01   5.9220E+01   1.1847E-02  0.0463
   5.9220E+01   5.9232E+01   1.1599E-02  0.0413
   5.9232E+01   5.9244E+01   1.1695E-02  0.0428
   5.9244E+01   5.9256E+01   1.1666E-02  0.0434
   5.9256E+01   5.9268E+01   1.2075E-02  0.0415
   5.9268E+01   5.9280E+01   1.3011E-02  0.0503
   5.9280E+01   5.9292E+01   1.1587E-02  0.0441
   5.9292E+01   5.9304E+01   1.1289E-02  0.0395
   5.9304E+01   5.9316E+01   1.2602E-02  0.0435
   5.9316E+01   5.9328E+01   1.2370E-02  0.0464
   5.9328E+01   5.9340E+01   1.2113E-02  0.0442
   5.9340E+01   5.9352E+01   1.1553E-02  0.0444
   5.9352E+01   5.9364E+01   1.2961E-02  0.0510
   5.9364E+01   5.9376E+01   1.0786E-02  0.0344
   5.9376E+01   5.9388E+01   1.2820E-02  0.0481
   5.9388E+01   5.9400E+01   1.1093E-02  0.0370
   5.9400E+01   5.9412E+01   1.2247E-02  0.0460
   5.9412E+01   5.9424E+01   1.1956E-02  0.0434
   5.9424E+01   5.9436E+01   1.2533E-02  0.0505
   5.9436E+01   5.9448E+01   1.1416E-02  0.0461
   5.9448E+01   5.9460E+01   1.2269E-02  0.0512
   5.9460E+01   5.9472E+01   1.2221E-02  0.0429
   5.9472E+01   5.9484E+01   1.1771E-02  0.0413
   5.9484E+01   5.9496E+01   1.1747E-02  0.0457
   5.9496E+01   5.9508E+01   1.1570E-02  0.0435
   5.9508E+01   5.9520E+01   1.1045E-02  0.0402
   5.9520E+01   5.9532E+01   1.1526E-02  0.0430
   5.9532E+01   5.9544E+01   1.1394E-02  0.0435
   5.9544E+01   5.9556E+01   1.1435E-02  0.0367
   5.9556E+01   5.9568E+01   1.1466E-02  0.0368
   5.9568E+01   5.9580E+01   1.1466E-02  0.0414
   5.9580E+01   5.9592E+01   1.2025E-02  0.0456
   5.9592E+01   5.9604E+01   1.2359E-02  0.0468
   5.9604E+01   5.9616E+01   1.1637E-02  0.0451
   5.9616E+01   5.9628E+01   1.2740E-02  0.0506
   5.9628E+01   5.9640E+01   1.2571E-02  0.0496
   5.9640E+01   5.9652E+01   1.2181E-02  0.0484
   5.9652E+01   5.9664E+01   1.2715E-02  0.0484
   5.9664E+01   5.9676E+01   1.1430E-02  0.0395
   5.9676E+01   5.9688E+01   1.2230E-02  0.0463
   5.9688E+01   5.9700E+01   1.1820E-02  0.0438
   5.9700E+01   5.9712E+01   1.1444E-02  0.0394
   5.9712E+01   5.9724E+01   1.2158E-02  0.0426
   5.9724E+01   5.9736E+01   1.1633E-02  0.0409
   5.9736E+01   5.9748E+01   1.1261E-02  0.0430
   5.9748E+01   5.9760E+01   1.2412E-02  0.0477
   5.9760E+01   5.9772E+01   1.2061E-02  0.0463
   5.9772E+01   5.9784E+01   1.1778E-02  0.0436
   5.9784E+01   5.9796E+01   1.2592E-02  0.0492
   5.9796E+01   5.9808E+01   1.1667E-02  0.0423
   5.9808E+01   5.9820E+01   1.1839E-02  0.0430
   5.9820E+01   5.9832E+01   1.1691E-02  0.0432
   5.9832E+01   5.9844E+01   1.2668E-02  0.0453
   5.9844E+01   5.9856E+01   1.1427E-02  0.0426
   5.9856E+01   5.9868E+01   1.2275E-02  0.0453
   5.9868E+01   5.9880E+01   1.2312E-02  0.0425
   5.9880E+01   5.9892E+01   1.1693E-02  0.0441
   5.9892E+01   5.9904E+01   1.2243E-02  0.0516
   5.9904E+01   5.9916E+01   1.2442E-02  0.0433
   5.9916E+01   5.9928E+01   1.2308E-02  0.0470
   5.9928E+01   5.9940E+01   1.2288E-02  0.0470
   5.9940E+01   5.9952E+01   1.1879E-02  0.0416
   5.9952E+01   5.9964E+01   1.1327E-02  0.0413
   5.9964E+01   5.9976E+01   1.2006E-02  0.0453
   5.9976E+01   5.9988E+01   1.1366E-02  0.0459
   5.9988E+01   6.0000E+01   1.2625E-02  0.0490
   6.0000E+01   6.0012E+01   1.1628E-02  0.0428
   6.0012E+01   6.0024E+01   1.2257E-02  0.0456
   6.0024E+01   6.0036E+01   1.2332E-02  0.0452
   6.0036E+01   6.0048E+01   1.1856E-02  0.0408
   6.0048E+01   6.0060E+01   1.2811E-02  0.0475
   6.0060E+01   6.0072E+01   1.1542E-02  0.0428
   6.0072E+01   6.0084E+01   1.2272E-02  0.0464
   6.0084E+01   6.0096E+01   1.2370E-02  0.0464
   6.0096E+01   6.0108E+01   1.1652E-02  0.0460
   6.0108E+01   6.0120E+01   1.1817E-02  0.0421
   6.0120E+01   6.0132E+01   1.1987E-02  0.0425
   6.0132E+01   6.0144E+01   1.2335E-02  0.0480
   6.0144E+01   6.0156E+01   1.1786E-02  0.0449
   6.0156E+01   6.0168E+01   1.1860E-02  0.0423
   6.0168E+01   6.0180E+01   1.2004E-02  0.0477
   6.0180E+01   6.0192E+01   1.1152E-02  0.0435
   6.0192E+01   6.0204E+01   1.1688E-02  0.0404
   6.0204E+01   6.0216E+01   1.1283E-02  0.0377
   6.0216E+01   6.0228E+01   1.0985E-02  0.0380
   6.0228E+01   6.0240E+01   1.2974E-02  0.0514
   6.0240E+01   6.0252E+01   1.1861E-02  0.0487
   6.0252E+01   6.0264E+01   1.1553E-02  0.0444
   6.0264E+01   6.0276E+01   1.2183E-02  0.0475
   6.0276E+01   6.0288E+01   1.1580E-02  0.0423
   6.0288E+01   6.0300E+01   1.2433E-02  0.0521
   6.0300E+01   6.0312E+01   1.1662E-02  0.0492
   6.0312E+01   6.0324E+01   1.1554E-02  0.0416
   6.0324E+01   6.0336E+01   1.1773E-02  0.0428
   6.0336E+01   6.0348E+01   1.2145E-02  0.0460
   6.0348E+01   6.0360E+01   1.2397E-02  0.0496
   6.0360E+01   6.0372E+01   1.1738E-02  0.0443
   6.0372E+01   6.0384E+01   1.2331E-02  0.0500
   6.0384E+01   6.0396E+01   1.1051E-02  0.0443
   6.0396E+01   6.0408E+01   1.2092E-02  0.0496
   6.0408E+01   6.0420E+01   1.1973E-02  0.0493
   6.0420E+01   6.0432E+01   1.2606E-02  0.0503
   6.0432E+01   6.0444E+01   1.2131E-02  0.0482
   6.0444E+01   6.0456E+01   1.1476E-02  0.0403
   6.0456E+01   6.0468E+01   1.1233E-02  0.0425
   6.0468E+01   6.0480E+01   1.1745E-02  0.0421
   6.0480E+01   6.0492E+01   1.0902E-02  0.0425
   6.0492E+01   6.0504E+01   1.1513E-02  0.0416
   6.0504E+01   6.0516E+01   1.1762E-02  0.0452
   6.0516E+01   6.0528E+01   1.2858E-02  0.0489
   6.0528E+01   6.0540E+01   1.1727E-02  0.0415
   6.0540E+01   6.0552E+01   1.0973E-02  0.0400
   6.0552E+01   6.0564E+01   1.1796E-02  0.0452
   6.0564E+01   6.0576E+01   1.1599E-02  0.0435
   6.0576E+01   6.0588E+01   1.3016E-02  0.0282
   6.0588E+01   6.0600E+01   1.4102E-02  0.0212
   6.0600E+01   6.0612E+01   1.4952E-02  0.0216
   6.0612E+01   6.0624E+01   1.5874E-02  0.0220
   6.0624E+01   6.0636E+01   1.7677E-02  0.0237
   6.0636E+01   6.0648E+01   1.6612E-02  0.0226
   6.0648E+01   6.0660E+01   1.7456E-02  0.0242
   6.0660E+01   6.0672E+01   1.6411E-02  0.0235
   6.0672E+01   6.0684E+01   1.7638E-02  0.0254
   6.0684E+01   6.0696E+01   1.5510E-02  0.0248
   6.0696E+01   6.0708E+01   1.6520E-02  0.0265
   6.0708E+01   6.0720E+01   1.4576E-02  0.0260
   6.0720E+01   6.0732E+01   1.5325E-02  0.0270
   6.0732E+01   6.0744E+01   1.4388E-02  0.0274
   6.0744E+01   6.0756E+01   1.5640E-02  0.0284
   6.0756E+01   6.0768E+01   1.3938E-02  0.0294
   6.0768E+01   6.0780E+01   1.5475E-02  0.0306
   6.0780E+01   6.0792E+01   1.3220E-02  0.0334
   6.0792E+01   6.0804E+01   1.2724E-02  0.0340
   6.0804E+01   6.0816E+01   1.2455E-02  0.0413
   6.0816E+01   6.0828E+01   3.2460E-03  0.0637
   6.0828E+01   6.0840E+01   0.0000E+00  0.0000
   6.0840E+01   6.0852E+01   0.0000E+00  0.0000
   6.0852E+01   6.0864E+01   0.0000E+00  0.0000
   6.0864E+01   6.0876E+01   0.0000E+00  0.0000
   6.0876E+01   6.0888E+01   0.0000E+00  0.0000
   6.0888E+01   6.0900E+01   0.0000E+00  0.0000
   6.0900E+01   6.0912E+01   0.0000E+00  0.0000
   6.0912E+01   6.0924E+01   0.0000E+00  0.0000
   6.0924E+01   6.0936E+01   0.0000E+00  0.0000
   6.0936E+01   6.0948E+01   0.0000E+00  0.0000
   6.0948E+01   6.0960E+01   0.0000E+00  0.0000
   6.0960E+01   6.0972E+01   0.0000E+00  0.0000
   6.0972E+01   6.0984E+01   0.0000E+00  0.0000
   6.0984E+01   6.0996E+01   0.0000E+00  0.0000
   6.0996E+01   6.1008E+01   0.0000E+00  0.0000
   6.1008E+01   6.1020E+01   0.0000E+00  0.0000
   6.1020E+01   6.1032E+01   0.0000E+00  0.0000
   6.1032E+01   6.1044E+01   0.0000E+00  0.0000
   6.1044E+01   6.1056E+01   0.0000E+00  0.0000
   6.1056E+01   6.1068E+01   0.0000E+00  0.0000
   6.1068E+01   6.1080E+01   0.0000E+00  0.0000
   6.1080E+01   6.1092E+01   0.0000E+00  0.0000
   6.1092E+01   6.1104E+01   0.0000E+00  0.0000
   6.1104E+01   6.1116E+01   0.0000E+00  0.0000
   6.1116E+01   6.1128E+01   0.0000E+00  0.0000
   6.1128E+01   6.1140E+01   0.0000E+00  0.0000
   6.1140E+01   6.1152E+01   0.0000E+00  0.0000
   6.1152E+01   6.1164E+01   0.0000E+00  0.0000
   6.1164E+01   6.1176E+01   0.0000E+00  0.0000
   6.1176E+01   6.1188E+01   0.0000E+00  0.0000
   6.1188E+01   6.1200E+01   0.0000E+00  0.0000
   6.1200E+01   6.1212E+01   0.0000E+00  0.0000
   6.1212E+01   6.1224E+01   0.0000E+00  0.0000
   6.1224E+01   6.1236E+01   0.0000E+00  0.0000
   6.1236E+01   6.1248E+01   0.0000E+00  0.0000
   6.1248E+01   6.1260E+01   0.0000E+00  0.0000
   6.1260E+01   6.1272E+01   0.0000E+00  0.0000
   6.1272E+01   6.1284E+01   0.0000E+00  0.0000
   6.1284E+01   6.1296E+01   0.0000E+00  0.0000
   6.1296E+01   6.1308E+01   0.0000E+00  0.0000
   6.1308E+01   6.1320E+01   0.0000E+00  0.0000
   6.1320E+01   6.1332E+01   0.0000E+00  0.0000
   6.1332E+01   6.1344E+01   0.0000E+00  0.0000
   6.1344E+01   6.1356E+01   0.0000E+00  0.0000
   6.1356E+01   6.1368E+01   0.0000E+00  0.0000
   6.1368E+01   6.1380E+01   0.0000E+00  0.0000
   6.1380E+01   6.1392E+01   0.0000E+00  0.0000
   6.1392E+01   6.1404E+01   0.0000E+00  0.0000
   6.1404E+01   6.1416E+01   0.0000E+00  0.0000
   6.1416E+01   6.1428E+01   0.0000E+00  0.0000
   6.1428E+01   6.1440E+01   0.0000E+00  0.0000
   6.1440E+01   6.1452E+01   0.0000E+00  0.0000
   6.1452E+01   6.1464E+01   0.0000E+00  0.0000
   6.1464E+01   6.1476E+01   0.0000E+00  0.0000
   6.1476E+01   6.1488E+01   0.0000E+00  0.0000
   6.1488E+01   6.1500E+01   0.0000E+00  0.0000
   6.1500E+01   6.1512E+01   0.0000E+00  0.0000
   6.1512E+01   6.1524E+01   0.0000E+00  0.0000
   6.1524E+01   6.1536E+01   0.0000E+00  0.0000
   6.1536E+01   6.1548E+01   0.0000E+00  0.0000
   6.1548E+01   6.1560E+01   0.0000E+00  0.0000
   6.1560E+01   6.1572E+01   0.0000E+00  0.0000
   6.1572E+01   6.1584E+01   0.0000E+00  0.0000
   6.1584E+01   6.1596E+01   0.0000E+00  0.0000
   6.1596E+01   6.1608E+01   0.0000E+00  0.0000
   6.1608E+01   6.1620E+01   0.0000E+00  0.0000
   6.1620E+01   6.1632E+01   0.0000E+00  0.0000
   6.1632E+01   6.1644E+01   0.0000E+00  0.0000
   6.1644E+01   6.1656E+01   0.0000E+00  0.0000
   6.1656E+01   6.1668E+01   0.0000E+00  0.0000
   6.1668E+01   6.1680E+01   0.0000E+00  0.0000
   6.1680E+01   6.1692E+01   0.0000E+00  0.0000
   6.1692E+01   6.1704E+01   0.0000E+00  0.0000
   6.1704E+01   6.1716E+01   0.0000E+00  0.0000
   6.1716E+01   6.1728E+01   0.0000E+00  0.0000
   6.1728E+01   6.1740E+01   0.0000E+00  0.0000
   6.1740E+01   6.1752E+01   0.0000E+00  0.0000
   6.1752E+01   6.1764E+01   0.0000E+00  0.0000
   6.1764E+01   6.1776E+01   0.0000E+00  0.0000
   6.1776E+01   6.1788E+01   0.0000E+00  0.0000
   6.1788E+01   6.1800E+01   0.0000E+00  0.0000
   6.1800E+01   6.1812E+01   0.0000E+00  0.0000
   6.1812E+01   6.1824E+01   0.0000E+00  0.0000
   6.1824E+01   6.1836E+01   0.0000E+00  0.0000
   6.1836E+01   6.1848E+01   0.0000E+00  0.0000
   6.1848E+01   6.1860E+01   0.0000E+00  0.0000
   6.1860E+01   6.1872E+01   0.0000E+00  0.0000
   6.1872E+01   6.1884E+01   0.0000E+00  0.0000
   6.1884E+01   6.1896E+01   0.0000E+00  0.0000
   6.1896E+01   6.1908E+01   0.0000E+00  0.0000
   6.1908E+01   6.1920E+01   0.0000E+00  0.0000
   6.1920E+01   6.1932E+01   0.0000E+00  0.0000
   6.1932E+01   6.1944E+01   0.0000E+00  0.0000
   6.1944E+01   6.1956E+01   0.0000E+00  0.0000
   6.1956E+01   6.1968E+01   0.0000E+00  0.0000
   6.1968E+01   6.1980E+01   0.0000E+00  0.0000
   6.1980E+01   6.1992E+01   0.0000E+00  0.0000
   6.1992E+01   6.2004E+01   0.0000E+00  0.0000
   6.2004E+01   6.2016E+01   0.0000E+00  0.0000
   6.2016E+01   6.2028E+01   0.0000E+00  0.0000
   6.2028E+01   6.2040E+01   0.0000E+00  0.0000
   6.2040E+01   6.2052E+01   0.0000E+00  0.0000
   6.2052E+01   6.2064E+01   0.0000E+00  0.0000
   6.2064E+01   6.2076E+01   0.0000E+00  0.0000
   6.2076E+01   6.2088E+01   0.0000E+00  0.0000
   6.2088E+01   6.2100E+01   0.0000E+00  0.0000
   6.2100E+01   6.2112E+01   0.0000E+00  0.0000
   6.2112E+01   6.2124E+01   0.0000E+00  0.0000
   6.2124E+01   6.2136E+01   0.0000E+00  0.0000
   6.2136E+01   6.2148E+01   0.0000E+00  0.0000
   6.2148E+01   6.2160E+01   0.0000E+00  0.0000
   6.2160E+01   6.2172E+01   0.0000E+00  0.0000
   6.2172E+01   6.2184E+01   0.0000E+00  0.0000
   6.2184E+01   6.2196E+01   0.0000E+00  0.0000
   6.2196E+01   6.2208E+01   0.0000E+00  0.0000
   6.2208E+01   6.2220E+01   0.0000E+00  0.0000
   6.2220E+01   6.2232E+01   0.0000E+00  0.0000
   6.2232E+01   6.2244E+01   0.0000E+00  0.0000
   6.2244E+01   6.2256E+01   0.0000E+00  0.0000
   6.2256E+01   6.2268E+01   0.0000E+00  0.0000
   6.2268E+01   6.2280E+01   0.0000E+00  0.0000
   6.2280E+01   6.2292E+01   0.0000E+00  0.0000
   6.2292E+01   6.2304E+01   0.0000E+00  0.0000
   6.2304E+01   6.2316E+01   0.0000E+00  0.0000
   6.2316E+01   6.2328E+01   0.0000E+00  0.0000
   6.2328E+01   6.2340E+01   0.0000E+00  0.0000
   6.2340E+01   6.2352E+01   0.0000E+00  0.0000
   6.2352E+01   6.2364E+01   0.0000E+00  0.0000
   6.2364E+01   6.2376E+01   0.0000E+00  0.0000
   6.2376E+01   6.2388E+01   0.0000E+00  0.0000
   6.2388E+01   6.2400E+01   0.0000E+00  0.0000
   6.2400E+01   6.2412E+01   0.0000E+00  0.0000
   6.2412E+01   6.2424E+01   0.0000E+00  0.0000
   6.2424E+01   6.2436E+01   0.0000E+00  0.0000
   6.2436E+01   6.2448E+01   0.0000E+00  0.0000
   6.2448E+01   6.2460E+01   0.0000E+00  0.0000
   6.2460E+01   6.2472E+01   0.0000E+00  0.0000
   6.2472E+01   6.2484E+01   0.0000E+00  0.0000
   6.2484E+01   6.2496E+01   0.0000E+00  0.0000
   6.2496E+01   6.2508E+01   0.0000E+00  0.0000
   6.2508E+01   6.2520E+01   0.0000E+00  0.0000
   6.2520E+01   6.2532E+01   0.0000E+00  0.0000
   6.2532E+01   6.2544E+01   0.0000E+00  0.0000
   6.2544E+01   6.2556E+01   0.0000E+00  0.0000
   6.2556E+01   6.2568E+01   0.0000E+00  0.0000
   6.2568E+01   6.2580E+01   0.0000E+00  0.0000
   6.2580E+01   6.2592E+01   0.0000E+00  0.0000
   6.2592E+01   6.2604E+01   0.0000E+00  0.0000
   6.2604E+01   6.2616E+01   0.0000E+00  0.0000
   6.2616E+01   6.2628E+01   0.0000E+00  0.0000
   6.2628E+01   6.2640E+01   0.0000E+00  0.0000
   6.2640E+01   6.2652E+01   0.0000E+00  0.0000
   6.2652E+01   6.2664E+01   0.0000E+00  0.0000
   6.2664E+01   6.2676E+01   0.0000E+00  0.0000
   6.2676E+01   6.2688E+01   0.0000E+00  0.0000
   6.2688E+01   6.2700E+01   0.0000E+00  0.0000
   6.2700E+01   6.2712E+01   0.0000E+00  0.0000
   6.2712E+01   6.2724E+01   0.0000E+00  0.0000
   6.2724E+01   6.2736E+01   0.0000E+00  0.0000
   6.2736E+01   6.2748E+01   0.0000E+00  0.0000
   6.2748E+01   6.2760E+01   0.0000E+00  0.0000
   6.2760E+01   6.2772E+01   0.0000E+00  0.0000
   6.2772E+01   6.2784E+01   0.0000E+00  0.0000
   6.2784E+01   6.2796E+01   0.0000E+00  0.0000
   6.2796E+01   6.2808E+01   0.0000E+00  0.0000
   6.2808E+01   6.2820E+01   0.0000E+00  0.0000
   6.2820E+01   6.2832E+01   0.0000E+00  0.0000
   6.2832E+01   6.2844E+01   0.0000E+00  0.0000
   6.2844E+01   6.2856E+01   0.0000E+00  0.0000
   6.2856E+01   6.2868E+01   0.0000E+00  0.0000
   6.2868E+01   6.2880E+01   0.0000E+00  0.0000
   6.2880E+01   6.2892E+01   0.0000E+00  0.0000
   6.2892E+01   6.2904E+01   0.0000E+00  0.0000
   6.2904E+01   6.2916E+01   0.0000E+00  0.0000
   6.2916E+01   6.2928E+01   0.0000E+00  0.0000
   6.2928E+01   6.2940E+01   0.0000E+00  0.0000
   6.2940E+01   6.2952E+01   0.0000E+00  0.0000
   6.2952E+01   6.2964E+01   0.0000E+00  0.0000
   6.2964E+01   6.2976E+01   0.0000E+00  0.0000
   6.2976E+01   6.2988E+01   0.0000E+00  0.0000
   6.2988E+01   6.3000E+01   0.0000E+00  0.0000

#   sum over    4.7124E+00   7.8464E-03  0.0200

'no. =  1,  ir =  1'
msuc: {\huge Bragg peak in pouch}
msdr: {\it plotted by \ANGEL \version}
msdl: {\it calculated by \PHITS  3.35}
wt: s(0.7)
\vspace{-3}
  rmin  &=&   0.0000E+00 [cm]
  rmax  &=&   5.0000E-01 [cm]
e:
 
# Information for Restart Calculation
# This calculation was newly started
# istdev =  2 # 1:Batch variance, 2:History variance
# resc2  = 1.60217700001159249E-03 # Total source weight or Total source weight / maxcas
# resc3  = 1.00000000000000000E+07 # Total history number or Total batch number
# maxcas =       10000 # History / Batch, only used for istdev=1
# bitrseed = 1000110000001000111111101100101001110101110010000011011101101000 # bit data of rseed
