[ T-Track ]
    title = Espectro de protones en region 700
     mesh =  reg            # mesh type is region-wise
      reg = 700
   volume                   # combined, lattice or level structure 
   non     reg      vol     # reg definition
    1      700   1.0000E+00 # 700
   e-type =    2            # e-mesh is linear given by emin, emax and ne
     emin =   0.000000      # minimum value of e-mesh points
     emax =   25.00000      # maximum value of e-mesh points
#    edel =   1.250000      # mesh width of e-mesh points
       ne =     20          # number of e-mesh points
#    data = ( e(i), i = 1, ne + 1 )
#           0.00000E+00  1.25000E+00  2.50000E+00  3.75000E+00  5.00000E+00
#           6.25000E+00  7.50000E+00  8.75000E+00  1.00000E+01  1.12500E+01
#           1.25000E+01  1.37500E+01  1.50000E+01  1.62500E+01  1.75000E+01
#           1.87500E+01  2.00000E+01  2.12500E+01  2.25000E+01  2.37500E+01
#           2.50000E+01
     unit =    2            # unit is [1/cm^2/MeV/source]
 material =  all            # (D=all) number of specific material
     axis =     eng            # axis of output
     file = ./out/espectro_region2.out  # file name of output for the above axis
     part =  proton   
# kf/name :  2212     
   epsout =    1            # (D=0) generate eps file by ANGEL
#    used :        main (  %)        temp (  %)       total (  %)
#  memory :          27 (  0)           0 (  0)          27 (  0)

#------------------------------------------------------------------------------
#newpage:
#   no. =  1   reg =    700

x: Energy [MeV]
y: Flux [1/cm^2/MeV/source]          
p: xlin ylog afac(0.8) form(0.9)
h: n            x            y(proton  ),hh0l n  
#  e-lower      e-upper        proton    r.err 
   0.0000E+00   1.2500E+00   1.3344E+05  0.0177
   1.2500E+00   2.5000E+00   2.7276E+05  0.0180
   2.5000E+00   3.7500E+00   3.7424E+05  0.0179
   3.7500E+00   5.0000E+00   4.7144E+05  0.0172
   5.0000E+00   6.2500E+00   3.6374E+06  0.0037
   6.2500E+00   7.5000E+00   7.8973E+07  0.0004
   7.5000E+00   8.7500E+00   1.0665E+08  0.0003
   8.7500E+00   1.0000E+01   1.2001E+08  0.0003
   1.0000E+01   1.1250E+01   1.3288E+08  0.0003
   1.1250E+01   1.2500E+01   1.4596E+08  0.0003
   1.2500E+01   1.3750E+01   1.5894E+08  0.0003
   1.3750E+01   1.5000E+01   1.7184E+08  0.0003
   1.5000E+01   1.6250E+01   1.8465E+08  0.0003
   1.6250E+01   1.7500E+01   1.9739E+08  0.0003
   1.7500E+01   1.8750E+01   1.3790E+08  0.0003
   1.8750E+01   2.0000E+01   0.0000E+00  0.0000
   2.0000E+01   2.1250E+01   0.0000E+00  0.0000
   2.1250E+01   2.2500E+01   0.0000E+00  0.0000
   2.2500E+01   2.3750E+01   0.0000E+00  0.0000
   2.3750E+01   2.5000E+01   0.0000E+00  0.0000

#   sum over                 7.2004E+07  0.0003

'no. =  1,  reg  =    700'
msuc: {\huge Espectro de protones en region 700}
msdr: {\it plotted by \ANGEL \version}
msdl: {\it calculated by \PHITS  3.35}
wt: s(0.7)
\vspace{-3}
   vol  &=&   1.0000E+00 [cm^3]
e:
 
# Information for Restart Calculation
# This calculation was newly started
# istdev =  2 # 1:Batch variance, 2:History variance
# resc2  = 9.13240890005377425E-05 # Total source weight or Total source weight / maxcas
# resc3  = 5.70000000000000000E+05 # Total history number or Total batch number
# maxcas =        5000 # History / Batch, only used for istdev=1
# bitrseed = 0000010000000000111000111110101001101010110100101101100010110101 # bit data of rseed
