[ T-Track ]
    title = [t-track] in xyz mesh
     mesh =  xyz            # mesh type is xyz scoring mesh
   x-type =    4            # x-mesh is linear given by xmin, xmax and xdel
     xmin =  -10.00000      # minimum value of x-mesh points
     xmax =   10.00000      # maximum value of x-mesh points
     xdel =  0.3000000      # mesh width of x-mesh points
#      nx =   67            # number of x-mesh points
#    data = ( x(i), i = 1, nx + 1 )
#          -1.00000E+01 -9.70000E+00 -9.40000E+00 -9.10000E+00 -8.80000E+00
#          -8.50000E+00 -8.20000E+00 -7.90000E+00 -7.60000E+00 -7.30000E+00
#          -7.00000E+00 -6.70000E+00 -6.40000E+00 -6.10000E+00 -5.80000E+00
#          -5.50000E+00 -5.20000E+00 -4.90000E+00 -4.60000E+00 -4.30000E+00
#          -4.00000E+00 -3.70000E+00 -3.40000E+00 -3.10000E+00 -2.80000E+00
#          -2.50000E+00 -2.20000E+00 -1.90000E+00 -1.60000E+00 -1.30000E+00
#          -1.00000E+00 -7.00000E-01 -4.00000E-01 -1.00000E-01  2.00000E-01
#           5.00000E-01  8.00000E-01  1.10000E+00  1.40000E+00  1.70000E+00
#           2.00000E+00  2.30000E+00  2.60000E+00  2.90000E+00  3.20000E+00
#           3.50000E+00  3.80000E+00  4.10000E+00  4.40000E+00  4.70000E+00
#           5.00000E+00  5.30000E+00  5.60000E+00  5.90000E+00  6.20000E+00
#           6.50000E+00  6.80000E+00  7.10000E+00  7.40000E+00  7.70000E+00
#           8.00000E+00  8.30000E+00  8.60000E+00  8.90000E+00  9.20000E+00
#           9.50000E+00  9.80000E+00  1.01000E+01
   y-type =    4            # y-mesh is linear given by ymin, ymax and ydel
     ymin =  -15.00000      # minimum value of y-mesh points
     ymax =   15.00000      # maximum value of y-mesh points
     ydel =  0.3000000      # mesh width of y-mesh points
#      ny =  100            # number of y-mesh points
#    data = ( y(i), i = 1, ny + 1 )
#          -1.50000E+01 -1.47000E+01 -1.44000E+01 -1.41000E+01 -1.38000E+01
#          -1.35000E+01 -1.32000E+01 -1.29000E+01 -1.26000E+01 -1.23000E+01
#          -1.20000E+01 -1.17000E+01 -1.14000E+01 -1.11000E+01 -1.08000E+01
#          -1.05000E+01 -1.02000E+01 -9.90000E+00 -9.60000E+00 -9.30000E+00
#          -9.00000E+00 -8.70000E+00 -8.40000E+00 -8.10000E+00 -7.80000E+00
#          -7.50000E+00 -7.20000E+00 -6.90000E+00 -6.60000E+00 -6.30000E+00
#          -6.00000E+00 -5.70000E+00 -5.40000E+00 -5.10000E+00 -4.80000E+00
#          -4.50000E+00 -4.20000E+00 -3.90000E+00 -3.60000E+00 -3.30000E+00
#          -3.00000E+00 -2.70000E+00 -2.40000E+00 -2.10000E+00 -1.80000E+00
#          -1.50000E+00 -1.20000E+00 -9.00000E-01 -6.00000E-01 -3.00000E-01
#           0.00000E+00  3.00000E-01  6.00000E-01  9.00000E-01  1.20000E+00
#           1.50000E+00  1.80000E+00  2.10000E+00  2.40000E+00  2.70000E+00
#           3.00000E+00  3.30000E+00  3.60000E+00  3.90000E+00  4.20000E+00
#           4.50000E+00  4.80000E+00  5.10000E+00  5.40000E+00  5.70000E+00
#           6.00000E+00  6.30000E+00  6.60000E+00  6.90000E+00  7.20000E+00
#           7.50000E+00  7.80000E+00  8.10000E+00  8.40000E+00  8.70000E+00
#           9.00000E+00  9.30000E+00  9.60000E+00  9.90000E+00  1.02000E+01
#           1.05000E+01  1.08000E+01  1.11000E+01  1.14000E+01  1.17000E+01
#           1.20000E+01  1.23000E+01  1.26000E+01  1.29000E+01  1.32000E+01
#           1.35000E+01  1.38000E+01  1.41000E+01  1.44000E+01  1.47000E+01
#           1.50000E+01
   z-type =    1            # z-mesh is given by the below data
       nz =      1          # number of z-mesh points
#    data = ( z(i), i = 1, nz + 1 )
            3.39300E+01  3.39500E+01
   e-type =    1            # e-mesh is given by the below data
       ne =      1          # number of e-mesh points
#    data = ( e(i), i = 1, ne + 1 )
            0.00000E+00  1.00000E+03
     unit =    1            # unit is [1/cm^2/source]
 material =  all            # (D=all) number of specific material
  2D-type =    3            # 1:Cont, 2:Clust, 3:Color, 4:xyz, 5:mat, 6:Clust+Cont, 7:Col+Cont
     axis =      xy            # axis of output
     file = ./out/track_xy_antes_disp2.out  # file name of output for the above axis
     part =  proton   
# kf/name :  2212     
    gshow =    1            # 0: no 1:bnd, 2:bnd+mat, 3:bnd+reg 4:bnd+lat 5:bmp style
    resol =    1            # (D=1) resolution of gshow or rshow
    width = 0.5000000       # (D=0.5) width of lines for gshow or rshow
   epsout =    1            # (D=0) generate eps file by ANGEL
#    used :        main (  %)        temp (  %)       total (  %)
#  memory :         177 (  0)           0 (  0)         177 (  0)

#------------------------------------------------------------------------------
#newpage:
#   no. =  1   ie  =  1   iz  =  1   part. = proton  
#   e = (   0.0000E+00  -   1.0000E+03  )
#   z = (   3.3930E+01  -   3.3950E+01  )

'no. =  1,  ie =  1,  iz =  1'
msuc: {\huge [t-track] in xyz mesh}
msdr: {\it plotted by \ANGEL \version}
msdl: {\it calculated by \PHITS  3.35}

x: x [cm]
y: y [cm]
set: c1[ 1.493] c2[ 0.737] c5[ 0.800] c6[ 0.849] c7[ 0.328] c8[ 0.000]
p: h2fs form[c1] xfac[c2] afac[c5] scal[c6] xorg[c7] yorg[c8] nosp
set: c3[1.0e-4] c4[1.0]
p: cmin[c3] cmax[c4]
p: dmin(1e-31)
p: zlog
p: xmin( -10.00000    ) xmax(  10.10000    )
p: ymin( -15.00000    ) ymax(  15.00000    )
#  ny = 100   nx =  67
# ( ( data(x,y), x = 1, nx ), y = ny, 1, -1 )

hc:  y =   14.85000     to  -14.85000     by  0.3000000     ; x =  -9.850000     to   9.950000     by  0.3000000     ;
  0.000E+00  0.000E+00  0.000E+00  1.000E+00  0.000E+00  0.000E+00  0.000E+00  0.000E+00  1.000E+00  0.000E+00
  0.000E+00  0.000E+00  0.000E+00  0.000E+00  0.000E+00  0.000E+00  0.000E+00  0.000E+00  7.073E-01  1.000E+00
  1.000E+00  0.000E+00  0.000E+00  7.110E-01  0.000E+00  1.000E+00  0.000E+00  1.000E+00  0.000E+00  0.000E+00
  0.000E+00  0.000E+00  0.000E+00  1.000E+00  0.000E+00  0.000E+00  0.000E+00  0.000E+00  0.000E+00  1.000E+00
  0.000E+00  0.000E+00  1.000E+00  1.000E+00  0.000E+00  0.000E+00  0.000E+00  0.000E+00  0.000E+00  0.000E+00
  1.000E+00  0.000E+00  7.071E-01  1.000E+00  0.000E+00  0.000E+00  0.000E+00  0.000E+00  0.000E+00  0.000E+00
  7.074E-01  0.000E+00  0.000E+00  0.000E+00  0.000E+00  0.000E+00  0.000E+00  0.000E+00  0.000E+00  0.000E+00
  0.000E+00  0.000E+00  0.000E+00  0.000E+00  0.000E+00  1.000E+00  0.000E+00  1.000E+00  0.000E+00  0.000E+00
  0.000E+00  0.000E+00  0.000E+00  0.000E+00  0.000E+00  1.000E+00  1.000E+00  5.774E-01  1.000E+00  0.000E+00
  1.000E+00  0.000E+00  0.000E+00  0.000E+00  0.000E+00  0.000E+00  0.000E+00  0.000E+00  0.000E+00  0.000E+00
  0.000E+00  0.000E+00  0.000E+00  1.000E+00  0.000E+00  0.000E+00  1.000E+00  1.000E+00  0.000E+00  1.000E+00
  0.000E+00  0.000E+00  0.000E+00  0.000E+00  0.000E+00  0.000E+00  0.000E+00  1.000E+00  1.000E+00  0.000E+00
  0.000E+00  1.000E+00  1.000E+00  0.000E+00  0.000E+00  0.000E+00  0.000E+00  7.072E-01  0.000E+00  0.000E+00
  0.000E+00  0.000E+00  1.000E+00  0.000E+00  0.000E+00  0.000E+00  0.000E+00  0.000E+00  1.000E+00  0.000E+00
  0.000E+00  0.000E+00  0.000E+00  1.000E+00  0.000E+00  0.000E+00  0.000E+00  0.000E+00  0.000E+00  0.000E+00
  0.000E+00  7.071E-01  0.000E+00  0.000E+00  0.000E+00  0.000E+00  5.840E-01  1.000E+00  5.774E-01  1.000E+00
  0.000E+00  0.000E+00  1.000E+00  0.000E+00  0.000E+00  0.000E+00  0.000E+00  0.000E+00  0.000E+00  1.000E+00
  0.000E+00  0.000E+00  5.774E-01  0.000E+00  0.000E+00  0.000E+00  0.000E+00  1.000E+00  0.000E+00  0.000E+00
  7.071E-01  1.000E+00  1.000E+00  1.000E+00  0.000E+00  0.000E+00  1.000E+00  1.000E+00  0.000E+00  0.000E+00
  0.000E+00  0.000E+00  0.000E+00  1.000E+00  0.000E+00  0.000E+00  1.000E+00  1.000E+00  0.000E+00  0.000E+00
  0.000E+00  0.000E+00  0.000E+00  0.000E+00  0.000E+00  0.000E+00  0.000E+00  0.000E+00  0.000E+00  0.000E+00
  0.000E+00  1.000E+00  0.000E+00  0.000E+00  0.000E+00  1.000E+00  1.000E+00  1.000E+00  0.000E+00  1.000E+00
  0.000E+00  1.000E+00  0.000E+00  0.000E+00  0.000E+00  0.000E+00  1.000E+00  0.000E+00  0.000E+00  0.000E+00
  0.000E+00  1.000E+00  0.000E+00  0.000E+00  1.000E+00  1.000E+00  1.000E+00  1.000E+00  1.000E+00  0.000E+00
  1.000E+00  0.000E+00  0.000E+00  0.000E+00  1.000E+00  0.000E+00  0.000E+00  7.072E-01  0.000E+00  0.000E+00
  0.000E+00  0.000E+00  1.000E+00  0.000E+00  1.000E+00  1.000E+00  0.000E+00  0.000E+00  0.000E+00  0.000E+00
  1.000E+00  0.000E+00  0.000E+00  8.588E-01  8.315E-01  1.000E+00  0.000E+00  0.000E+00  0.000E+00  0.000E+00
  0.000E+00  0.000E+00  1.000E+00  0.000E+00  0.000E+00  0.000E+00  0.000E+00  1.000E+00  1.000E+00  1.000E+00
  0.000E+00  0.000E+00  0.000E+00  1.000E+00  0.000E+00  0.000E+00  1.000E+00  0.000E+00  1.000E+00  1.000E+00
  0.000E+00  0.000E+00  0.000E+00  1.000E+00  1.000E+00  1.000E+00  1.000E+00  0.000E+00  0.000E+00  6.856E-01
  0.000E+00  0.000E+00  1.000E+00  1.000E+00  1.000E+00  0.000E+00  1.000E+00  1.000E+00  1.000E+00  0.000E+00
  1.000E+00  0.000E+00  0.000E+00  1.000E+00  0.000E+00  7.096E-01  0.000E+00  0.000E+00  0.000E+00  1.000E+00
  0.000E+00  0.000E+00  0.000E+00  0.000E+00  0.000E+00  0.000E+00  0.000E+00  0.000E+00  0.000E+00  0.000E+00
  0.000E+00  0.000E+00  0.000E+00  0.000E+00  0.000E+00  0.000E+00  0.000E+00  0.000E+00  0.000E+00  0.000E+00
  1.000E+00  0.000E+00  0.000E+00  0.000E+00  0.000E+00  0.000E+00  0.000E+00  1.000E+00  1.000E+00  1.000E+00
  0.000E+00  1.000E+00  0.000E+00  0.000E+00  0.000E+00  0.000E+00  0.000E+00  1.000E+00  7.072E-01  0.000E+00
  1.000E+00  0.000E+00  0.000E+00  0.000E+00  0.000E+00  0.000E+00  7.072E-01  1.000E+00  0.000E+00  1.000E+00
  0.000E+00  0.000E+00  0.000E+00  1.000E+00  0.000E+00  0.000E+00  0.000E+00  0.000E+00  7.071E-01  0.000E+00
  5.399E-01  1.000E+00  0.000E+00  7.072E-01  1.000E+00  1.000E+00  1.000E+00  0.000E+00  0.000E+00  0.000E+00
  0.000E+00  0.000E+00  0.000E+00  0.000E+00  1.000E+00  0.000E+00  0.000E+00  0.000E+00  0.000E+00  0.000E+00
  0.000E+00  1.000E+00  0.000E+00  0.000E+00  0.000E+00  0.000E+00  0.000E+00  1.000E+00  1.000E+00  0.000E+00
  0.000E+00  0.000E+00  0.000E+00  0.000E+00  1.000E+00  0.000E+00  0.000E+00  0.000E+00  0.000E+00  0.000E+00
  1.000E+00  0.000E+00  7.073E-01  0.000E+00  1.000E+00  0.000E+00  1.000E+00  1.000E+00  1.000E+00  0.000E+00
  0.000E+00  5.774E-01  1.000E+00  0.000E+00  1.000E+00  0.000E+00  1.000E+00  1.000E+00  7.194E-01  1.000E+00
  0.000E+00  0.000E+00  7.343E-01  1.000E+00  0.000E+00  7.073E-01  1.000E+00  7.671E-01  1.000E+00  1.000E+00
  0.000E+00  1.000E+00  0.000E+00  0.000E+00  0.000E+00  0.000E+00  7.071E-01  0.000E+00  1.000E+00  0.000E+00
  0.000E+00  0.000E+00  0.000E+00  0.000E+00  0.000E+00  0.000E+00  0.000E+00  0.000E+00  1.000E+00  0.000E+00
  0.000E+00  1.000E+00  0.000E+00  0.000E+00  0.000E+00  1.000E+00  0.000E+00  1.000E+00  0.000E+00  5.774E-01
  7.071E-01  0.000E+00  0.000E+00  1.000E+00  0.000E+00  0.000E+00  0.000E+00  1.000E+00  0.000E+00  0.000E+00
  0.000E+00  1.000E+00  1.000E+00  1.000E+00  7.074E-01  0.000E+00  0.000E+00  0.000E+00  1.000E+00  0.000E+00
  1.000E+00  1.000E+00  7.071E-01  1.000E+00  1.000E+00  1.000E+00  0.000E+00  1.000E+00  1.000E+00  7.231E-01
  1.000E+00  1.000E+00  0.000E+00  1.000E+00  7.371E-01  0.000E+00  0.000E+00  0.000E+00  0.000E+00  0.000E+00
  0.000E+00  0.000E+00  0.000E+00  0.000E+00  0.000E+00  0.000E+00  0.000E+00  7.072E-01  0.000E+00  0.000E+00
  0.000E+00  0.000E+00  0.000E+00  0.000E+00  0.000E+00  0.000E+00  0.000E+00  1.000E+00  0.000E+00  1.000E+00
  0.000E+00  0.000E+00  0.000E+00  0.000E+00  0.000E+00  1.000E+00  0.000E+00  1.000E+00  1.000E+00  0.000E+00
  7.072E-01  0.000E+00  1.000E+00  0.000E+00  1.000E+00  5.001E-01  4.151E-01  1.000E+00  0.000E+00  1.000E+00
  7.074E-01  0.000E+00  1.000E+00  7.071E-01  0.000E+00  1.000E+00  1.000E+00  5.774E-01  0.000E+00  1.000E+00
  7.072E-01  0.000E+00  1.000E+00  1.000E+00  1.000E+00  0.000E+00  1.000E+00  5.110E-01  1.000E+00  7.072E-01
  1.000E+00  8.551E-01  0.000E+00  0.000E+00  0.000E+00  0.000E+00  0.000E+00  1.000E+00  1.000E+00  0.000E+00
  0.000E+00  0.000E+00  1.000E+00  7.072E-01  0.000E+00  0.000E+00  0.000E+00  0.000E+00  0.000E+00  0.000E+00
  1.000E+00  0.000E+00  1.000E+00  0.000E+00  1.000E+00  0.000E+00  0.000E+00  0.000E+00  0.000E+00  7.071E-01
  1.000E+00  1.000E+00  1.000E+00  0.000E+00  0.000E+00  0.000E+00  0.000E+00  0.000E+00  0.000E+00  0.000E+00
  0.000E+00  1.000E+00  1.000E+00  1.000E+00  5.774E-01  0.000E+00  8.809E-01  1.000E+00  1.000E+00  0.000E+00
  1.000E+00  7.071E-01  1.000E+00  1.000E+00  5.779E-01  0.000E+00  0.000E+00  7.075E-01  7.571E-01  7.205E-01
  0.000E+00  0.000E+00  0.000E+00  0.000E+00  7.649E-01  0.000E+00  1.000E+00  1.000E+00  0.000E+00  1.000E+00
  0.000E+00  1.000E+00  1.000E+00  0.000E+00  0.000E+00  1.000E+00  0.000E+00  0.000E+00  1.000E+00  1.000E+00
  0.000E+00  0.000E+00  0.000E+00  0.000E+00  1.000E+00  1.000E+00  0.000E+00  1.000E+00  0.000E+00  0.000E+00
  0.000E+00  0.000E+00  0.000E+00  0.000E+00  1.000E+00  0.000E+00  0.000E+00  1.000E+00  0.000E+00  6.488E-01
  0.000E+00  0.000E+00  1.000E+00  0.000E+00  7.994E-01  0.000E+00  1.000E+00  7.073E-01  0.000E+00  0.000E+00
  1.000E+00  0.000E+00  0.000E+00  7.163E-01  5.000E-01  7.071E-01  1.000E+00  6.341E-01  1.000E+00  8.106E-01
  7.072E-01  6.893E-01  0.000E+00  1.000E+00  1.000E+00  7.376E-01  5.008E-01  1.000E+00  1.000E+00  0.000E+00
  1.000E+00  0.000E+00  5.775E-01  1.000E+00  1.000E+00  7.071E-01  0.000E+00  1.000E+00  7.071E-01  1.000E+00
  1.000E+00  1.000E+00  1.000E+00  0.000E+00  1.000E+00  0.000E+00  0.000E+00  0.000E+00  7.071E-01  1.000E+00
  0.000E+00  1.000E+00  0.000E+00  0.000E+00  0.000E+00  0.000E+00  0.000E+00  0.000E+00  0.000E+00  1.000E+00
  0.000E+00  1.000E+00  7.071E-01  0.000E+00  0.000E+00  0.000E+00  7.073E-01  0.000E+00  5.775E-01  0.000E+00
  6.298E-01  1.000E+00  1.000E+00  1.000E+00  5.775E-01  1.000E+00  1.000E+00  0.000E+00  1.000E+00  1.000E+00
  0.000E+00  1.000E+00  0.000E+00  0.000E+00  6.193E-01  1.000E+00  5.841E-01  1.000E+00  1.000E+00  1.000E+00
  0.000E+00  7.071E-01  1.000E+00  7.189E-01  1.000E+00  7.073E-01  1.000E+00  7.188E-01  7.095E-01  0.000E+00
  0.000E+00  8.317E-01  1.000E+00  5.774E-01  0.000E+00  9.366E-01  1.000E+00  0.000E+00  1.000E+00  0.000E+00
  0.000E+00  1.000E+00  5.777E-01  0.000E+00  1.000E+00  0.000E+00  0.000E+00  0.000E+00  0.000E+00  0.000E+00
  0.000E+00  1.000E+00  7.072E-01  1.000E+00  1.000E+00  0.000E+00  0.000E+00  0.000E+00  0.000E+00  1.000E+00
  1.000E+00  0.000E+00  1.000E+00  1.000E+00  0.000E+00  0.000E+00  1.000E+00  1.000E+00  1.000E+00  1.000E+00
  7.071E-01  5.774E-01  1.000E+00  8.163E-01  1.000E+00  1.000E+00  0.000E+00  1.000E+00  5.000E-01  7.421E-01
  0.000E+00  1.000E+00  7.071E-01  0.000E+00  0.000E+00  7.071E-01  5.929E-01  1.000E+00  1.000E+00  5.942E-01
  7.073E-01  0.000E+00  7.236E-01  5.811E-01  5.774E-01  1.000E+00  0.000E+00  5.774E-01  5.774E-01  7.072E-01
  7.073E-01  7.071E-01  5.907E-01  7.079E-01  0.000E+00  7.072E-01  1.000E+00  7.072E-01  0.000E+00  7.072E-01
  7.072E-01  1.000E+00  0.000E+00  1.000E+00  0.000E+00  8.597E-01  1.000E+00  0.000E+00  0.000E+00  0.000E+00
  1.000E+00  0.000E+00  0.000E+00  0.000E+00  0.000E+00  1.000E+00  1.000E+00  1.000E+00  1.000E+00  0.000E+00
  1.000E+00  0.000E+00  1.000E+00  1.000E+00  0.000E+00  7.344E-01  5.775E-01  0.000E+00  7.072E-01  1.000E+00
  1.000E+00  0.000E+00  5.774E-01  0.000E+00  0.000E+00  6.462E-01  6.993E-01  5.929E-01  1.000E+00  7.072E-01
  5.774E-01  5.774E-01  6.108E-01  6.538E-01  0.000E+00  1.000E+00  7.618E-01  0.000E+00  1.000E+00  1.000E+00
  1.000E+00  0.000E+00  0.000E+00  7.072E-01  7.402E-01  7.108E-01  1.000E+00  9.495E-01  5.774E-01  0.000E+00
  7.072E-01  1.000E+00  1.000E+00  5.796E-01  0.000E+00  1.000E+00  0.000E+00  1.000E+00  0.000E+00  0.000E+00
  7.072E-01  0.000E+00  4.882E-01  0.000E+00  0.000E+00  0.000E+00  0.000E+00  1.000E+00  0.000E+00  1.000E+00
  7.072E-01  0.000E+00  1.000E+00  1.000E+00  0.000E+00  0.000E+00  0.000E+00  7.248E-01  0.000E+00  1.000E+00
  1.000E+00  7.071E-01  1.000E+00  0.000E+00  7.074E-01  1.000E+00  0.000E+00  1.000E+00  7.071E-01  1.000E+00
  0.000E+00  1.000E+00  5.802E-01  5.774E-01  6.139E-01  0.000E+00  0.000E+00  4.473E-01  7.071E-01  5.774E-01
  5.775E-01  7.072E-01  4.473E-01  7.071E-01  1.000E+00  7.518E-01  1.000E+00  1.000E+00  1.000E+00  7.076E-01
  1.000E+00  7.219E-01  1.000E+00  5.002E-01  0.000E+00  7.071E-01  1.000E+00  1.000E+00  0.000E+00  1.000E+00
  1.000E+00  1.000E+00  0.000E+00  0.000E+00  7.071E-01  1.000E+00  1.000E+00  1.000E+00  0.000E+00  0.000E+00
  1.000E+00  1.000E+00  7.072E-01  0.000E+00  0.000E+00  0.000E+00  0.000E+00  0.000E+00  0.000E+00  1.000E+00
  1.000E+00  0.000E+00  0.000E+00  1.000E+00  7.467E-01  0.000E+00  0.000E+00  0.000E+00  7.073E-01  0.000E+00
  8.000E-01  7.174E-01  7.072E-01  4.502E-01  0.000E+00  1.000E+00  1.000E+00  1.000E+00  0.000E+00  1.000E+00
  7.072E-01  5.774E-01  3.780E-01  7.071E-01  0.000E+00  5.774E-01  0.000E+00  7.071E-01  4.083E-01  5.058E-01
  5.004E-01  7.071E-01  1.000E+00  5.061E-01  7.071E-01  7.072E-01  7.071E-01  0.000E+00  7.071E-01  6.667E-01
  1.000E+00  1.000E+00  1.000E+00  5.259E-01  0.000E+00  7.071E-01  0.000E+00  5.774E-01  1.000E+00  7.076E-01
  0.000E+00  0.000E+00  7.071E-01  1.000E+00  1.000E+00  1.000E+00  1.000E+00  1.000E+00  7.253E-01  0.000E+00
  1.000E+00  1.000E+00  0.000E+00  0.000E+00  0.000E+00  0.000E+00  0.000E+00  0.000E+00  1.000E+00  0.000E+00
  1.000E+00  7.072E-01  0.000E+00  7.071E-01  1.000E+00  0.000E+00  5.774E-01  7.140E-01  5.002E-01  1.000E+00
  4.196E-01  7.073E-01  1.000E+00  9.811E-01  1.000E+00  7.071E-01  7.879E-01  5.777E-01  5.949E-01  7.074E-01
  5.774E-01  3.780E-01  3.780E-01  4.083E-01  5.774E-01  7.072E-01  6.161E-01  5.879E-01  5.776E-01  7.071E-01
  4.686E-01  1.000E+00  7.073E-01  6.236E-01  0.000E+00  5.776E-01  5.358E-01  7.073E-01  7.072E-01  4.473E-01
  5.198E-01  7.071E-01  1.000E+00  1.000E+00  1.000E+00  0.000E+00  0.000E+00  7.076E-01  7.071E-01  1.000E+00
  0.000E+00  1.000E+00  1.000E+00  1.000E+00  0.000E+00  1.000E+00  0.000E+00  1.000E+00  0.000E+00  0.000E+00
  0.000E+00  7.074E-01  1.000E+00  0.000E+00  0.000E+00  1.000E+00  0.000E+00  0.000E+00  0.000E+00  1.000E+00
  0.000E+00  1.000E+00  0.000E+00  0.000E+00  8.282E-01  5.016E-01  7.103E-01  8.597E-01  5.776E-01  1.000E+00
  5.825E-01  7.071E-01  1.000E+00  5.864E-01  9.250E-01  4.582E-01  3.781E-01  5.774E-01  1.000E+00  7.286E-01
  5.774E-01  8.831E-01  4.515E-01  1.000E+00  4.473E-01  5.775E-01  5.774E-01  5.001E-01  1.000E+00  5.001E-01
  5.136E-01  7.074E-01  5.068E-01  9.250E-01  5.775E-01  7.071E-01  1.000E+00  1.000E+00  7.071E-01  5.774E-01
  0.000E+00  0.000E+00  7.071E-01  7.072E-01  7.071E-01  7.071E-01  0.000E+00  0.000E+00  7.072E-01  1.000E+00
  0.000E+00  1.000E+00  1.000E+00  0.000E+00  0.000E+00  0.000E+00  0.000E+00  1.000E+00  0.000E+00  0.000E+00
  1.000E+00  1.000E+00  0.000E+00  0.000E+00  9.325E-01  4.487E-01  0.000E+00  1.000E+00  1.000E+00  7.071E-01
  5.774E-01  7.071E-01  8.473E-01  7.071E-01  5.774E-01  0.000E+00  7.071E-01  1.000E+00  5.000E-01  5.002E-01
  5.000E-01  5.774E-01  3.782E-01  6.896E-01  5.001E-01  7.073E-01  5.327E-01  5.001E-01  4.088E-01  5.309E-01
  1.000E+00  5.774E-01  5.002E-01  7.072E-01  1.000E+00  5.774E-01  7.071E-01  5.774E-01  7.073E-01  5.237E-01
  5.401E-01  5.774E-01  5.774E-01  4.473E-01  1.000E+00  5.001E-01  1.000E+00  1.000E+00  1.000E+00  0.000E+00
  7.073E-01  1.000E+00  1.000E+00  0.000E+00  1.000E+00  1.000E+00  0.000E+00  0.000E+00  7.480E-01  0.000E+00
  0.000E+00  0.000E+00  0.000E+00  1.000E+00  1.000E+00  0.000E+00  7.088E-01  1.000E+00  7.073E-01  0.000E+00
  7.072E-01  1.000E+00  1.000E+00  7.071E-01  6.969E-01  1.000E+00  5.774E-01  5.774E-01  0.000E+00  5.056E-01
  4.260E-01  5.045E-01  1.000E+00  1.000E+00  5.001E-01  7.072E-01  7.073E-01  3.780E-01  5.774E-01  5.001E-01
  3.452E-01  5.001E-01  7.071E-01  5.774E-01  4.083E-01  5.681E-01  5.775E-01  5.774E-01  4.473E-01  4.086E-01
  4.473E-01  5.774E-01  5.890E-01  5.774E-01  1.000E+00  3.334E-01  3.825E-01  4.659E-01  5.774E-01  5.002E-01
  5.777E-01  4.083E-01  4.473E-01  5.006E-01  1.000E+00  7.071E-01  1.000E+00  7.071E-01  7.071E-01  7.073E-01
  1.000E+00  1.000E+00  1.000E+00  9.925E-01  7.264E-01  0.000E+00  1.000E+00  1.000E+00  0.000E+00  0.000E+00
  1.000E+00  0.000E+00  0.000E+00  0.000E+00  1.000E+00  1.000E+00  1.000E+00  0.000E+00  5.000E-01  5.776E-01
  1.000E+00  8.763E-01  1.000E+00  1.000E+00  0.000E+00  7.072E-01  6.268E-01  5.774E-01  1.000E+00  0.000E+00
  3.780E-01  7.071E-01  5.774E-01  4.472E-01  7.071E-01  5.002E-01  5.776E-01  6.146E-01  3.582E-01  7.071E-01
  4.474E-01  0.000E+00  5.001E-01  4.291E-01  3.563E-01  3.919E-01  4.473E-01  3.854E-01  4.587E-01  4.309E-01
  5.000E-01  5.774E-01  3.536E-01  5.000E-01  4.523E-01  7.071E-01  6.417E-01  3.780E-01  5.001E-01  4.475E-01
  0.000E+00  0.000E+00  7.076E-01  7.073E-01  7.071E-01  7.071E-01  5.001E-01  7.071E-01  1.000E+00  0.000E+00
  1.000E+00  1.000E+00  0.000E+00  0.000E+00  1.000E+00  0.000E+00  0.000E+00  7.083E-01  1.000E+00  5.775E-01
  0.000E+00  1.000E+00  1.000E+00  1.000E+00  0.000E+00  1.000E+00  0.000E+00  1.000E+00  5.775E-01  7.071E-01
  0.000E+00  1.000E+00  5.774E-01  1.000E+00  1.000E+00  4.473E-01  4.477E-01  5.774E-01  7.072E-01  4.862E-01
  9.441E-01  5.003E-01  4.687E-01  3.927E-01  4.473E-01  4.095E-01  5.774E-01  3.538E-01  4.907E-01  3.488E-01
  4.503E-01  3.005E-01  3.851E-01  4.084E-01  3.199E-01  3.957E-01  3.347E-01  7.072E-01  2.888E-01  7.073E-01
  3.780E-01  4.083E-01  4.473E-01  4.084E-01  5.002E-01  4.473E-01  4.473E-01  3.780E-01  7.071E-01  1.000E+00
  1.000E+00  5.000E-01  5.774E-01  1.000E+00  7.071E-01  1.000E+00  6.201E-01  1.000E+00  0.000E+00  1.000E+00
  0.000E+00  1.000E+00  1.000E+00  0.000E+00  0.000E+00  0.000E+00  1.000E+00  0.000E+00  1.000E+00  1.000E+00
  0.000E+00  7.075E-01  5.776E-01  5.779E-01  0.000E+00  1.000E+00  4.436E-01  1.000E+00  0.000E+00  5.001E-01
  5.000E-01  5.290E-01  3.940E-01  3.805E-01  1.000E+00  4.095E-01  3.783E-01  7.074E-01  1.000E+00  3.559E-01
  3.991E-01  3.582E-01  4.083E-01  3.016E-01  3.169E-01  4.473E-01  5.007E-01  3.251E-01  3.536E-01  4.453E-01
  5.033E-01  3.536E-01  3.020E-01  3.100E-01  5.002E-01  3.367E-01  3.581E-01  3.536E-01  3.940E-01  4.083E-01
  3.334E-01  3.781E-01  4.473E-01  3.549E-01  1.000E+00  1.000E+00  1.000E+00  0.000E+00  1.000E+00  7.072E-01
  5.774E-01  5.002E-01  0.000E+00  7.072E-01  5.774E-01  0.000E+00  0.000E+00  0.000E+00  1.000E+00  7.072E-01
  1.000E+00  5.110E-01  0.000E+00  0.000E+00  1.000E+00  4.443E-01  5.774E-01  7.072E-01  1.000E+00  5.774E-01
  1.000E+00  5.774E-01  1.000E+00  5.874E-01  7.702E-01  7.073E-01  4.138E-01  4.173E-01  4.473E-01  5.774E-01
  4.489E-01  4.264E-01  4.798E-01  3.780E-01  3.530E-01  5.001E-01  3.163E-01  2.682E-01  3.388E-01  3.536E-01
  3.333E-01  3.461E-01  3.536E-01  3.585E-01  3.038E-01  3.038E-01  4.083E-01  2.583E-01  3.183E-01  3.536E-01
  3.649E-01  4.270E-01  3.391E-01  3.371E-01  3.781E-01  4.497E-01  5.001E-01  3.780E-01  6.534E-01  4.735E-01
  1.000E+00  0.000E+00  5.777E-01  7.071E-01  1.000E+00  1.000E+00  5.000E-01  1.000E+00  4.935E-01  1.000E+00
  7.073E-01  7.072E-01  1.000E+00  5.774E-01  1.000E+00  1.000E+00  1.000E+00  1.000E+00  7.940E-01  5.778E-01
  7.071E-01  7.072E-01  1.000E+00  7.071E-01  5.774E-01  7.072E-01  1.000E+00  4.554E-01  4.288E-01  5.823E-01
  5.774E-01  7.073E-01  4.089E-01  6.110E-01  3.738E-01  4.473E-01  5.774E-01  3.523E-01  4.506E-01  3.536E-01
  3.536E-01  4.121E-01  4.085E-01  3.016E-01  2.734E-01  3.291E-01  3.029E-01  3.780E-01  3.390E-01  3.780E-01
  3.334E-01  2.463E-01  3.157E-01  3.573E-01  3.223E-01  4.032E-01  3.780E-01  3.551E-01  3.308E-01  3.334E-01
  3.162E-01  5.695E-01  3.559E-01  3.542E-01  3.762E-01  2.811E-01  3.366E-01  4.556E-01  6.025E-01  5.774E-01
  5.002E-01  5.774E-01  4.083E-01  4.473E-01  1.000E+00  4.881E-01  6.298E-01  1.000E+00  0.000E+00  7.071E-01
  1.000E+00  1.000E+00  1.000E+00  0.000E+00  7.072E-01  0.000E+00  0.000E+00  1.000E+00  0.000E+00  1.000E+00
  1.000E+00  1.000E+00  1.000E+00  1.000E+00  7.075E-01  4.473E-01  5.373E-01  4.473E-01  5.045E-01  4.153E-01
  4.083E-01  4.472E-01  5.775E-01  4.472E-01  3.407E-01  4.104E-01  5.020E-01  3.334E-01  3.536E-01  2.504E-01
  2.639E-01  2.840E-01  2.888E-01  2.719E-01  3.015E-01  2.609E-01  2.938E-01  2.428E-01  3.046E-01  2.434E-01
  2.929E-01  2.304E-01  2.952E-01  3.536E-01  3.015E-01  3.334E-01  3.163E-01  3.536E-01  3.334E-01  3.232E-01
  3.479E-01  4.083E-01  5.664E-01  4.496E-01  4.549E-01  3.873E-01  3.975E-01  5.774E-01  5.000E-01  5.000E-01
  1.000E+00  7.071E-01  1.000E+00  3.822E-01  5.785E-01  6.247E-01  7.073E-01  7.071E-01  7.071E-01  1.000E+00
  1.000E+00  1.000E+00  1.000E+00  0.000E+00  0.000E+00  1.000E+00  7.072E-01  7.073E-01  7.083E-01  1.000E+00
  7.072E-01  5.774E-01  1.000E+00  3.357E-01  3.334E-01  4.083E-01  4.130E-01  5.774E-01  4.473E-01  4.083E-01
  3.162E-01  4.473E-01  4.473E-01  5.001E-01  3.644E-01  3.661E-01  2.840E-01  3.022E-01  3.595E-01  2.700E-01
  2.674E-01  2.582E-01  2.582E-01  2.426E-01  2.711E-01  2.044E-01  2.465E-01  2.182E-01  2.426E-01  2.369E-01
  2.343E-01  2.479E-01  2.698E-01  3.015E-01  2.935E-01  3.016E-01  2.674E-01  2.972E-01  3.749E-01  4.541E-01
  3.541E-01  3.781E-01  4.880E-01  4.098E-01  5.774E-01  4.761E-01  5.810E-01  5.796E-01  6.485E-01  4.557E-01
  4.718E-01  1.000E+00  7.196E-01  5.001E-01  7.072E-01  5.774E-01  1.000E+00  7.072E-01  0.000E+00  0.000E+00
  1.000E+00  7.071E-01  0.000E+00  5.001E-01  7.073E-01  8.305E-01  5.774E-01  5.774E-01  5.001E-01  5.774E-01
  3.439E-01  4.472E-01  7.071E-01  4.084E-01  4.472E-01  3.536E-01  3.536E-01  4.036E-01  3.016E-01  3.162E-01
  3.244E-01  2.462E-01  2.588E-01  2.972E-01  2.938E-01  2.353E-01  3.220E-01  2.588E-01  3.334E-01  1.989E-01
  1.826E-01  2.593E-01  3.536E-01  2.591E-01  2.852E-01  2.618E-01  2.823E-01  3.531E-01  2.842E-01  3.334E-01
  2.774E-01  3.363E-01  3.334E-01  2.862E-01  3.261E-01  3.334E-01  3.873E-01  3.782E-01  3.334E-01  4.083E-01
  4.083E-01  7.071E-01  4.475E-01  6.880E-01  5.774E-01  4.474E-01  5.000E-01  5.001E-01  6.068E-01  1.000E+00
  5.049E-01  7.075E-01  1.000E+00  7.391E-01  1.000E+00  1.000E+00  1.000E+00  5.775E-01  0.000E+00  0.000E+00
  7.071E-01  0.000E+00  5.029E-01  7.071E-01  1.000E+00  5.001E-01  6.359E-01  3.604E-01  0.000E+00  5.774E-01
  5.001E-01  3.971E-01  3.541E-01  3.074E-01  3.780E-01  3.491E-01  2.735E-01  2.299E-01  2.700E-01  3.162E-01
  2.778E-01  2.358E-01  2.426E-01  2.904E-01  2.045E-01  2.182E-01  2.583E-01  3.162E-01  2.042E-01  2.357E-01
  2.041E-01  1.930E-01  2.284E-01  2.369E-01  2.236E-01  2.431E-01  2.085E-01  2.584E-01  2.661E-01  2.493E-01
  3.372E-01  2.057E-01  3.797E-01  2.779E-01  2.992E-01  3.016E-01  4.472E-01  5.005E-01  4.473E-01  5.774E-01
  7.074E-01  4.472E-01  5.001E-01  5.774E-01  5.027E-01  6.544E-01  5.775E-01  3.934E-01  1.000E+00  5.193E-01
  5.243E-01  1.000E+00  0.000E+00  1.000E+00  7.078E-01  9.241E-01  1.000E+00  7.071E-01  7.071E-01  4.759E-01
  4.921E-01  5.000E-01  4.021E-01  5.001E-01  4.543E-01  4.475E-01  5.774E-01  3.536E-01  2.657E-01  4.083E-01
  2.687E-01  2.887E-01  3.371E-01  3.015E-01  2.776E-01  2.279E-01  2.413E-01  2.385E-01  3.163E-01  2.135E-01
  2.212E-01  2.278E-01  2.673E-01  2.426E-01  1.880E-01  2.511E-01  2.056E-01  2.193E-01  2.044E-01  2.426E-01
  2.294E-01  2.774E-01  1.943E-01  2.761E-01  2.726E-01  2.429E-01  2.673E-01  2.807E-01  2.371E-01  3.334E-01
  2.582E-01  3.018E-01  3.786E-01  3.536E-01  2.864E-01  3.163E-01  4.472E-01  1.000E+00  7.075E-01  5.095E-01
  4.499E-01  9.346E-01  1.000E+00  5.037E-01  5.774E-01  0.000E+00  1.000E+00  8.502E-01  7.133E-01  1.000E+00
  0.000E+00  4.083E-01  1.000E+00  7.071E-01  7.071E-01  7.072E-01  5.001E-01  5.264E-01  4.838E-01  3.328E-01
  4.346E-01  4.716E-01  3.018E-01  3.536E-01  3.162E-01  2.888E-01  3.210E-01  3.021E-01  3.201E-01  2.944E-01
  2.254E-01  2.481E-01  2.152E-01  2.459E-01  2.005E-01  2.085E-01  2.132E-01  2.240E-01  1.691E-01  2.010E-01
  1.859E-01  1.947E-01  2.102E-01  1.931E-01  2.338E-01  1.878E-01  2.132E-01  2.002E-01  2.397E-01  2.113E-01
  2.241E-01  2.202E-01  2.324E-01  2.373E-01  2.426E-01  3.611E-01  2.402E-01  2.675E-01  2.184E-01  2.455E-01
  3.536E-01  3.536E-01  2.699E-01  3.193E-01  4.148E-01  0.000E+00  4.633E-01  5.579E-01  4.476E-01  0.000E+00
  5.001E-01  7.072E-01  5.775E-01  5.000E-01  5.790E-01  6.455E-01  7.072E-01  1.000E+00  7.071E-01  1.000E+00
  0.000E+00  5.000E-01  4.596E-01  4.588E-01  1.000E+00  4.473E-01  3.722E-01  4.090E-01  5.000E-01  5.062E-01
  2.403E-01  3.334E-01  4.473E-01  3.102E-01  2.302E-01  2.521E-01  2.673E-01  2.115E-01  2.383E-01  1.860E-01
  3.050E-01  2.098E-01  2.296E-01  1.796E-01  2.000E-01  2.425E-01  1.853E-01  2.171E-01  1.835E-01  1.958E-01
  1.644E-01  1.925E-01  1.972E-01  1.961E-01  1.893E-01  2.136E-01  2.673E-01  2.023E-01  1.885E-01  2.078E-01
  2.427E-01  1.888E-01  1.879E-01  2.448E-01  2.456E-01  2.941E-01  2.775E-01  3.135E-01  3.334E-01  3.334E-01
  3.334E-01  5.192E-01  4.083E-01  3.344E-01  3.450E-01  5.775E-01  7.071E-01  7.071E-01  6.983E-01  5.002E-01
  7.071E-01  1.000E+00  1.000E+00  1.000E+00  0.000E+00  5.774E-01  1.000E+00  8.427E-01  1.000E+00  3.780E-01
  3.016E-01  4.472E-01  5.001E-01  4.473E-01  5.774E-01  3.163E-01  3.781E-01  4.084E-01  3.536E-01  3.780E-01
  2.697E-01  2.679E-01  2.023E-01  2.774E-01  2.355E-01  2.352E-01  2.165E-01  2.282E-01  1.857E-01  1.770E-01
  2.001E-01  2.181E-01  2.235E-01  1.839E-01  1.981E-01  1.940E-01  1.486E-01  1.857E-01  1.671E-01  1.580E-01
  1.986E-01  1.790E-01  1.779E-01  1.826E-01  1.850E-01  1.868E-01  2.323E-01  2.673E-01  2.443E-01  2.228E-01
  2.118E-01  2.272E-01  2.652E-01  4.083E-01  2.755E-01  3.536E-01  3.170E-01  3.163E-01  5.774E-01  4.585E-01
  3.034E-01  4.688E-01  5.779E-01  5.776E-01  5.001E-01  5.926E-01  5.197E-01  1.000E+00  1.000E+00  5.775E-01
  7.071E-01  7.087E-01  1.000E+00  1.000E+00  7.072E-01  7.071E-01  5.774E-01  5.515E-01  3.278E-01  5.054E-01
  4.485E-01  4.439E-01  3.371E-01  3.162E-01  2.903E-01  3.168E-01  2.967E-01  2.361E-01  2.360E-01  2.500E-01
  2.357E-01  2.369E-01  1.849E-01  1.926E-01  2.089E-01  2.181E-01  1.935E-01  1.899E-01  1.708E-01  1.924E-01
  1.625E-01  1.612E-01  1.612E-01  1.425E-01  1.691E-01  1.710E-01  1.586E-01  1.494E-01  1.461E-01  1.730E-01
  1.792E-01  1.911E-01  2.014E-01  1.857E-01  2.182E-01  1.793E-01  1.882E-01  2.153E-01  2.162E-01  2.275E-01
  2.673E-01  2.185E-01  3.536E-01  3.276E-01  4.094E-01  3.536E-01  4.083E-01  3.174E-01  4.182E-01  4.845E-01
  5.124E-01  5.003E-01  6.785E-01  7.071E-01  7.073E-01  7.071E-01  0.000E+00  5.138E-01  6.691E-01  7.190E-01
  7.074E-01  7.071E-01  5.738E-01  4.249E-01  7.144E-01  3.780E-01  3.902E-01  4.532E-01  3.230E-01  3.984E-01
  2.903E-01  2.881E-01  3.482E-01  3.785E-01  2.357E-01  2.673E-01  2.005E-01  2.182E-01  1.809E-01  1.611E-01
  2.152E-01  1.756E-01  1.905E-01  1.527E-01  1.645E-01  1.651E-01  1.743E-01  1.514E-01  1.581E-01  1.888E-01
  1.521E-01  1.620E-01  1.623E-01  1.525E-01  1.321E-01  1.823E-01  1.508E-01  2.085E-01  1.887E-01  1.838E-01
  1.896E-01  2.007E-01  1.891E-01  2.184E-01  2.200E-01  2.087E-01  2.125E-01  2.409E-01  2.132E-01  2.533E-01
  3.035E-01  3.791E-01  3.759E-01  3.536E-01  4.083E-01  2.690E-01  4.713E-01  5.044E-01  5.774E-01  7.072E-01
  6.562E-01  5.038E-01  5.775E-01  1.000E+00  4.511E-01  7.071E-01  5.774E-01  0.000E+00  1.000E+00  7.071E-01
  5.774E-01  1.000E+00  5.774E-01  3.334E-01  3.334E-01  5.000E-01  3.026E-01  4.759E-01  3.581E-01  2.586E-01
  2.906E-01  1.847E-01  2.426E-01  2.138E-01  2.500E-01  1.704E-01  1.919E-01  1.852E-01  1.757E-01  1.757E-01
  1.501E-01  1.572E-01  1.694E-01  1.571E-01  1.414E-01  1.475E-01  1.486E-01  1.539E-01  1.422E-01  1.476E-01
  1.606E-01  1.719E-01  1.532E-01  1.514E-01  1.564E-01  1.647E-01  1.777E-01  1.771E-01  1.968E-01  1.739E-01
  2.276E-01  2.049E-01  1.891E-01  2.270E-01  2.295E-01  2.335E-01  2.123E-01  2.616E-01  3.894E-01  4.189E-01
  2.774E-01  3.333E-01  3.334E-01  7.071E-01  4.686E-01  4.120E-01  4.795E-01  0.000E+00  4.475E-01  5.000E-01
  0.000E+00  7.071E-01  5.779E-01  5.774E-01  3.537E-01  5.025E-01  5.383E-01  1.000E+00  5.774E-01  5.774E-01
  4.083E-01  2.889E-01  2.980E-01  4.665E-01  2.513E-01  2.462E-01  2.582E-01  2.608E-01  2.690E-01  2.705E-01
  2.155E-01  1.922E-01  1.796E-01  1.826E-01  1.676E-01  1.857E-01  1.719E-01  1.482E-01  1.497E-01  1.498E-01
  1.440E-01  1.303E-01  1.414E-01  1.398E-01  1.571E-01  1.462E-01  1.177E-01  1.190E-01  1.386E-01  1.406E-01
  1.479E-01  1.576E-01  1.487E-01  1.566E-01  1.651E-01  1.898E-01  1.947E-01  2.427E-01  1.777E-01  1.973E-01
  2.887E-01  2.324E-01  2.538E-01  2.500E-01  2.774E-01  2.357E-01  3.037E-01  2.689E-01  3.580E-01  3.599E-01
  3.536E-01  3.163E-01  3.536E-01  1.000E+00  5.101E-01  5.201E-01  1.000E+00  5.774E-01  5.775E-01  4.508E-01
  5.001E-01  5.774E-01  4.472E-01  7.203E-01  5.176E-01  4.614E-01  5.678E-01  7.072E-01  2.977E-01  3.780E-01
  3.877E-01  3.015E-01  3.024E-01  2.361E-01  2.854E-01  1.956E-01  2.223E-01  1.695E-01  2.197E-01  2.011E-01
  1.872E-01  1.963E-01  1.570E-01  1.531E-01  1.400E-01  1.496E-01  1.365E-01  1.529E-01  1.260E-01  1.259E-01
  1.076E-01  1.096E-01  1.009E-01  1.213E-01  1.304E-01  1.258E-01  1.225E-01  1.262E-01  1.485E-01  1.301E-01
  1.460E-01  2.738E-01  1.527E-01  1.703E-01  2.000E-01  2.260E-01  1.804E-01  1.946E-01  2.440E-01  2.236E-01
  2.129E-01  2.141E-01  2.706E-01  2.380E-01  2.543E-01  3.345E-01  3.536E-01  3.780E-01  3.336E-01  1.000E+00
  4.698E-01  4.276E-01  5.001E-01  5.000E-01  5.776E-01  1.000E+00  7.071E-01  5.001E-01  5.001E-01  0.000E+00
  5.000E-01  5.000E-01  4.472E-01  4.102E-01  3.651E-01  3.383E-01  3.111E-01  2.790E-01  2.582E-01  2.198E-01
  2.778E-01  2.022E-01  1.827E-01  1.955E-01  1.981E-01  1.897E-01  1.866E-01  1.553E-01  1.622E-01  1.526E-01
  1.382E-01  1.301E-01  1.321E-01  1.276E-01  1.105E-01  9.552E-02  8.367E-02  7.699E-02  7.221E-02  7.171E-02
  7.035E-02  7.877E-02  8.980E-02  1.011E-01  1.100E-01  1.128E-01  1.462E-01  1.171E-01  1.339E-01  1.548E-01
  1.729E-01  1.693E-01  1.861E-01  2.059E-01  1.901E-01  2.063E-01  2.059E-01  2.996E-01  3.015E-01  2.520E-01
  2.697E-01  2.917E-01  2.549E-01  3.163E-01  3.016E-01  4.473E-01  5.774E-01  7.071E-01  5.008E-01  5.775E-01
  5.000E-01  7.071E-01  1.000E+00  8.339E-01  3.799E-01  9.224E-01  5.419E-01  5.804E-01  4.474E-01  4.323E-01
  4.473E-01  3.349E-01  3.780E-01  3.015E-01  2.413E-01  2.426E-01  2.582E-01  1.825E-01  2.005E-01  2.034E-01
  2.139E-01  1.722E-01  1.925E-01  1.830E-01  1.544E-01  1.617E-01  1.348E-01  1.414E-01  1.142E-01  1.090E-01
  8.762E-02  7.047E-02  5.645E-02  4.694E-02  4.119E-02  3.645E-02  3.613E-02  3.934E-02  4.208E-02  5.003E-02
  5.732E-02  7.661E-02  1.023E-01  1.216E-01  1.268E-01  1.384E-01  1.421E-01  1.562E-01  1.546E-01  1.826E-01
  1.965E-01  1.669E-01  1.857E-01  2.041E-01  2.044E-01  2.065E-01  2.582E-01  2.494E-01  3.435E-01  2.360E-01
  3.015E-01  5.774E-01  6.052E-01  3.583E-01  3.491E-01  7.690E-01  1.000E+00  4.473E-01  5.774E-01  1.000E+00
  5.774E-01  7.071E-01  5.776E-01  5.774E-01  3.163E-01  1.000E+00  4.099E-01  3.891E-01  3.163E-01  4.472E-01
  3.162E-01  2.419E-01  2.583E-01  2.204E-01  2.435E-01  2.213E-01  1.601E-01  1.837E-01  1.786E-01  1.692E-01
  1.490E-01  1.378E-01  1.525E-01  1.433E-01  1.320E-01  1.072E-01  9.846E-02  5.533E-02  4.028E-02  3.037E-02
  2.421E-02  2.073E-02  1.943E-02  1.940E-02  1.924E-02  2.181E-02  2.644E-02  3.311E-02  4.343E-02  5.998E-02
  8.787E-02  1.103E-01  1.338E-01  1.429E-01  1.361E-01  1.576E-01  1.585E-01  1.820E-01  1.810E-01  2.055E-01
  2.008E-01  2.869E-01  2.000E-01  2.123E-01  2.596E-01  2.528E-01  2.796E-01  3.099E-01  3.569E-01  4.473E-01
  3.334E-01  3.780E-01  5.009E-01  8.453E-01  1.000E+00  1.000E+00  1.000E+00  0.000E+00  5.001E-01  5.001E-01
  6.129E-01  5.091E-01  3.536E-01  3.334E-01  4.528E-01  3.780E-01  4.470E-01  2.887E-01  2.111E-01  2.363E-01
  2.391E-01  2.306E-01  1.702E-01  2.144E-01  2.058E-01  1.614E-01  2.025E-01  1.676E-01  1.462E-01  1.347E-01
  1.243E-01  9.694E-02  7.689E-02  5.407E-02  3.059E-02  2.177E-02  1.669E-02  1.317E-02  1.124E-02  1.050E-02
  1.053E-02  1.072E-02  1.181E-02  1.420E-02  1.836E-02  2.494E-02  3.707E-02  5.619E-02  7.925E-02  1.109E-01
  1.227E-01  1.652E-01  1.427E-01  1.687E-01  1.693E-01  1.838E-01  1.857E-01  1.961E-01  1.891E-01  2.057E-01
  1.933E-01  3.081E-01  3.163E-01  2.547E-01  3.794E-01  3.780E-01  2.905E-01  3.334E-01  5.647E-01  5.523E-01
  3.789E-01  5.774E-01  3.781E-01  7.072E-01  7.073E-01  1.000E+00  1.000E+00  1.000E+00  4.472E-01  3.901E-01
  3.065E-01  2.931E-01  4.217E-01  3.483E-01  2.361E-01  2.588E-01  3.146E-01  2.639E-01  2.073E-01  1.763E-01
  2.077E-01  1.976E-01  1.744E-01  1.572E-01  1.491E-01  1.387E-01  1.397E-01  1.076E-01  7.388E-02  4.842E-02
  3.135E-02  1.838E-02  1.303E-02  9.895E-03  7.750E-03  6.678E-03  6.450E-03  6.568E-03  6.430E-03  6.931E-03
  8.378E-03  1.082E-02  1.459E-02  2.159E-02  3.595E-02  6.060E-02  9.177E-02  1.070E-01  1.395E-01  1.492E-01
  1.666E-01  1.543E-01  1.715E-01  2.085E-01  2.000E-01  1.768E-01  2.591E-01  2.323E-01  2.323E-01  2.859E-01
  2.357E-01  3.536E-01  3.827E-01  3.964E-01  3.721E-01  4.190E-01  4.110E-01  4.473E-01  4.473E-01  5.775E-01
  1.000E+00  5.776E-01  4.473E-01  4.083E-01  7.071E-01  3.227E-01  3.571E-01  3.793E-01  3.554E-01  2.887E-01
  2.774E-01  3.115E-01  2.357E-01  2.318E-01  2.335E-01  1.835E-01  1.923E-01  1.629E-01  1.799E-01  1.516E-01
  1.489E-01  1.407E-01  1.549E-01  1.114E-01  8.094E-02  5.122E-02  3.278E-02  1.908E-02  1.171E-02  8.428E-03
  6.532E-03  5.201E-03  4.562E-03  4.574E-03  4.692E-03  4.524E-03  4.688E-03  5.595E-03  7.075E-03  9.279E-03
  1.362E-02  2.309E-02  3.808E-02  5.871E-02  8.910E-02  1.204E-01  1.389E-01  1.510E-01  1.341E-01  1.816E-01
  1.644E-01  2.001E-01  2.041E-01  2.357E-01  2.364E-01  2.607E-01  2.358E-01  3.433E-01  3.551E-01  3.334E-01
  3.016E-01  4.473E-01  4.083E-01  3.780E-01  7.071E-01  7.073E-01  5.001E-01  1.000E+00  5.000E-01  1.000E+00
  3.940E-01  4.736E-01  4.180E-01  6.100E-01  4.196E-01  2.774E-01  3.163E-01  3.015E-01  3.374E-01  2.669E-01
  2.196E-01  2.313E-01  1.875E-01  1.962E-01  1.632E-01  1.505E-01  1.543E-01  1.714E-01  1.528E-01  1.382E-01
  1.026E-01  5.881E-02  3.534E-02  2.180E-02  1.297E-02  8.137E-03  5.983E-03  4.899E-03  4.090E-03  3.715E-03
  3.714E-03  3.732E-03  3.707E-03  3.795E-03  4.331E-03  5.214E-03  6.458E-03  9.324E-03  1.534E-02  2.652E-02
  4.140E-02  6.693E-02  1.039E-01  1.373E-01  1.393E-01  1.644E-01  1.583E-01  1.763E-01  2.020E-01  1.928E-01
  2.357E-01  2.344E-01  2.584E-01  2.673E-01  3.334E-01  2.805E-01  4.459E-01  3.538E-01  3.536E-01  3.561E-01
  5.001E-01  3.334E-01  7.071E-01  7.071E-01  5.000E-01  7.072E-01  5.001E-01  3.780E-01  3.628E-01  3.874E-01
  3.334E-01  5.001E-01  2.673E-01  4.083E-01  3.334E-01  2.132E-01  2.512E-01  2.500E-01  2.295E-01  2.240E-01
  2.133E-01  1.925E-01  1.643E-01  1.873E-01  1.623E-01  1.385E-01  1.211E-01  7.878E-02  4.108E-02  2.519E-02
  1.548E-02  9.206E-03  5.982E-03  4.710E-03  4.033E-03  3.418E-03  3.075E-03  2.936E-03  2.914E-03  2.969E-03
  3.169E-03  3.600E-03  4.252E-03  4.994E-03  6.730E-03  1.089E-02  1.816E-02  2.985E-02  5.243E-02  9.076E-02
  1.257E-01  1.260E-01  1.608E-01  1.509E-01  1.539E-01  1.562E-01  1.682E-01  1.891E-01  2.555E-01  2.096E-01
  2.006E-01  3.138E-01  2.543E-01  3.799E-01  3.344E-01  5.433E-01  5.774E-01  4.083E-01  5.774E-01  7.071E-01
  5.774E-01  1.000E+00  4.482E-01  0.000E+00  5.775E-01  1.000E+00  5.001E-01  3.622E-01  3.657E-01  2.895E-01
  2.674E-01  2.685E-01  2.806E-01  2.705E-01  2.062E-01  1.844E-01  2.112E-01  2.213E-01  1.709E-01  1.425E-01
  1.397E-01  1.546E-01  1.286E-01  1.205E-01  6.175E-02  3.200E-02  1.892E-02  1.157E-02  7.107E-03  4.832E-03
  4.087E-03  3.408E-03  2.804E-03  2.489E-03  2.363E-03  2.344E-03  2.385E-03  2.563E-03  2.972E-03  3.664E-03
  4.252E-03  5.392E-03  8.288E-03  1.360E-02  2.197E-02  3.816E-02  7.926E-02  1.053E-01  1.389E-01  1.636E-01
  1.450E-01  1.506E-01  1.827E-01  2.240E-01  1.969E-01  2.796E-01  2.012E-01  2.189E-01  2.272E-01  2.721E-01
  3.169E-01  2.583E-01  5.001E-01  3.536E-01  4.548E-01  4.473E-01  1.000E+00  5.001E-01  7.071E-01  4.288E-01
  5.846E-01  1.000E+00  5.000E-01  1.000E+00  4.473E-01  3.536E-01  2.673E-01  2.774E-01  2.632E-01  2.505E-01
  2.089E-01  2.712E-01  1.775E-01  2.132E-01  1.925E-01  1.863E-01  1.712E-01  1.450E-01  1.272E-01  1.232E-01
  8.905E-02  5.090E-02  2.601E-02  1.485E-02  9.249E-03  5.903E-03  4.299E-03  3.763E-03  2.944E-03  2.386E-03
  2.102E-03  2.000E-03  1.981E-03  2.023E-03  2.175E-03  2.536E-03  3.202E-03  3.932E-03  4.642E-03  6.844E-03
  1.082E-02  1.773E-02  3.193E-02  6.454E-02  9.850E-02  1.346E-01  1.433E-01  1.512E-01  1.438E-01  1.581E-01
  1.826E-01  2.041E-01  1.859E-01  2.559E-01  2.357E-01  2.500E-01  2.673E-01  3.117E-01  2.969E-01  4.490E-01
  5.001E-01  1.000E+00  5.774E-01  7.071E-01  7.072E-01  5.001E-01  7.077E-01  4.914E-01  5.774E-01  7.073E-01
  4.067E-01  5.774E-01  4.102E-01  3.605E-01  4.083E-01  2.500E-01  2.682E-01  2.140E-01  2.132E-01  1.891E-01
  1.879E-01  1.831E-01  1.712E-01  1.447E-01  1.418E-01  1.261E-01  1.163E-01  8.622E-02  4.465E-02  2.196E-02
  1.283E-02  8.031E-03  5.265E-03  4.083E-03  3.452E-03  2.634E-03  2.136E-03  1.886E-03  1.792E-03  1.775E-03
  1.811E-03  1.945E-03  2.271E-03  2.883E-03  3.709E-03  4.327E-03  5.982E-03  9.446E-03  1.520E-02  2.754E-02
  5.765E-02  9.028E-02  1.351E-01  1.541E-01  1.459E-01  1.568E-01  1.822E-01  2.215E-01  2.559E-01  2.062E-01
  2.294E-01  2.114E-01  3.169E-01  2.673E-01  2.357E-01  4.809E-01  3.537E-01  3.147E-01  4.473E-01  3.780E-01
  5.000E-01  1.000E+00  1.000E+00  7.071E-01  1.000E+00  5.001E-01  5.000E-01  3.638E-01  3.781E-01  3.681E-01
  2.676E-01  2.887E-01  3.476E-01  2.171E-01  2.311E-01  2.067E-01  2.656E-01  1.925E-01  1.827E-01  1.716E-01
  1.596E-01  1.582E-01  1.264E-01  1.192E-01  8.125E-02  4.178E-02  2.066E-02  1.187E-02  7.454E-03  5.001E-03
  3.981E-03  3.270E-03  2.493E-03  2.021E-03  1.782E-03  1.695E-03  1.678E-03  1.712E-03  1.843E-03  2.147E-03
  2.720E-03  3.568E-03  4.205E-03  5.632E-03  8.703E-03  1.424E-02  2.594E-02  5.317E-02  9.717E-02  1.230E-01
  1.277E-01  1.521E-01  1.450E-01  1.848E-01  1.837E-01  1.778E-01  2.021E-01  2.500E-01  1.890E-01  2.551E-01
  2.359E-01  4.083E-01  3.804E-01  4.083E-01  3.334E-01  4.084E-01  5.774E-01  5.140E-01  7.514E-01  5.774E-01
  5.001E-01  1.000E+00  5.000E-01  5.778E-01  7.071E-01  3.164E-01  4.031E-01  2.673E-01  3.656E-01  2.208E-01
  3.169E-01  2.343E-01  2.024E-01  1.927E-01  1.691E-01  2.132E-01  1.863E-01  1.490E-01  1.484E-01  1.361E-01
  1.263E-01  8.578E-02  4.086E-02  2.050E-02  1.186E-02  7.427E-03  4.996E-03  3.988E-03  3.270E-03  2.490E-03
  2.021E-03  1.783E-03  1.693E-03  1.676E-03  1.712E-03  1.843E-03  2.147E-03  2.723E-03  3.570E-03  4.186E-03
  5.636E-03  8.669E-03  1.390E-02  2.570E-02  5.582E-02  1.039E-01  1.312E-01  1.485E-01  1.477E-01  1.715E-01
  1.537E-01  1.869E-01  2.001E-01  1.987E-01  1.974E-01  2.636E-01  2.890E-01  2.088E-01  3.949E-01  2.551E-01
  3.536E-01  3.080E-01  4.513E-01  5.000E-01  7.102E-01  6.581E-01  5.774E-01  7.071E-01  6.629E-01  3.347E-01
  1.000E+00  5.774E-01  3.781E-01  3.850E-01  3.540E-01  2.774E-01  2.560E-01  2.357E-01  2.102E-01  2.409E-01
  1.877E-01  1.866E-01  1.832E-01  1.808E-01  1.526E-01  1.689E-01  1.393E-01  1.152E-01  8.703E-02  4.420E-02
  2.234E-02  1.285E-02  8.018E-03  5.279E-03  4.087E-03  3.460E-03  2.643E-03  2.141E-03  1.887E-03  1.788E-03
  1.773E-03  1.809E-03  1.947E-03  2.266E-03  2.871E-03  3.708E-03  4.315E-03  5.986E-03  9.409E-03  1.527E-02
  2.847E-02  5.845E-02  1.026E-01  1.244E-01  1.328E-01  1.639E-01  1.885E-01  1.607E-01  2.570E-01  2.088E-01
  2.095E-01  2.452E-01  2.294E-01  2.500E-01  3.406E-01  3.032E-01  4.083E-01  3.780E-01  5.000E-01  4.475E-01
  3.334E-01  7.072E-01  4.473E-01  1.000E+00  5.776E-01  7.075E-01  4.283E-01  4.804E-01  3.544E-01  4.338E-01
  3.544E-01  3.016E-01  2.901E-01  2.618E-01  2.007E-01  2.014E-01  2.054E-01  2.142E-01  2.196E-01  1.967E-01
  1.688E-01  2.182E-01  1.692E-01  1.375E-01  1.270E-01  9.408E-02  5.261E-02  2.624E-02  1.506E-02  9.230E-03
  5.849E-03  4.316E-03  3.754E-03  2.936E-03  2.384E-03  2.114E-03  1.997E-03  1.978E-03  2.019E-03  2.175E-03
  2.530E-03  3.197E-03  3.943E-03  4.649E-03  6.821E-03  1.077E-02  1.773E-02  3.268E-02  6.128E-02  1.073E-01
  1.425E-01  1.552E-01  1.776E-01  1.650E-01  1.669E-01  1.862E-01  1.875E-01  1.777E-01  2.613E-01  2.260E-01
  2.684E-01  2.823E-01  3.354E-01  2.673E-01  3.743E-01  3.452E-01  3.170E-01  4.083E-01  5.000E-01  4.089E-01
  5.774E-01  5.774E-01  4.435E-01  3.536E-01  5.020E-01  4.579E-01  3.545E-01  3.176E-01  3.429E-01  3.125E-01
  2.887E-01  2.673E-01  2.426E-01  1.902E-01  2.239E-01  2.003E-01  2.073E-01  1.582E-01  1.540E-01  1.635E-01
  1.468E-01  1.325E-01  1.046E-01  6.434E-02  3.184E-02  1.875E-02  1.165E-02  7.119E-03  4.830E-03  4.066E-03
  3.412E-03  2.807E-03  2.493E-03  2.362E-03  2.345E-03  2.387E-03  2.565E-03  2.972E-03  3.659E-03  4.255E-03
  5.401E-03  8.313E-03  1.359E-02  2.189E-02  4.005E-02  7.680E-02  1.130E-01  1.349E-01  1.388E-01  1.419E-01
  1.904E-01  1.758E-01  2.160E-01  2.652E-01  2.510E-01  2.940E-01  2.774E-01  2.132E-01  2.085E-01  2.775E-01
  3.780E-01  4.410E-01  3.362E-01  4.041E-01  6.373E-01  7.071E-01  7.169E-01  5.403E-01  5.774E-01  5.774E-01
  4.083E-01  1.000E+00  3.553E-01  3.334E-01  3.053E-01  3.046E-01  2.572E-01  2.500E-01  2.673E-01  2.196E-01
  2.261E-01  2.318E-01  1.965E-01  2.089E-01  1.741E-01  1.587E-01  1.642E-01  1.604E-01  1.363E-01  1.126E-01
  8.401E-02  4.256E-02  2.530E-02  1.524E-02  9.244E-03  5.954E-03  4.709E-03  4.010E-03  3.419E-03  3.078E-03
  2.936E-03  2.919E-03  2.967E-03  3.162E-03  3.597E-03  4.279E-03  4.980E-03  6.789E-03  1.095E-02  1.803E-02
  2.927E-02  5.267E-02  9.282E-02  1.212E-01  1.459E-01  1.864E-01  1.627E-01  1.419E-01  1.809E-01  1.900E-01
  1.802E-01  2.066E-01  2.000E-01  2.357E-01  3.780E-01  3.334E-01  3.334E-01  3.905E-01  3.038E-01  5.790E-01
  4.855E-01  5.775E-01  5.001E-01  1.000E+00  4.905E-01  1.000E+00  4.473E-01  5.000E-01  7.071E-01  4.083E-01
  4.548E-01  3.536E-01  3.665E-01  3.797E-01  3.551E-01  2.624E-01  2.313E-01  2.287E-01  2.036E-01  2.463E-01
  1.843E-01  1.752E-01  1.692E-01  1.606E-01  1.485E-01  1.355E-01  1.278E-01  8.715E-02  5.946E-02  3.527E-02
  2.192E-02  1.291E-02  8.030E-03  5.988E-03  4.910E-03  4.105E-03  3.718E-03  3.717E-03  3.716E-03  3.705E-03
  3.796E-03  4.321E-03  5.247E-03  6.486E-03  9.292E-03  1.532E-02  2.612E-02  4.274E-02  7.045E-02  1.031E-01
  1.331E-01  1.450E-01  1.456E-01  1.894E-01  2.210E-01  1.644E-01  1.922E-01  1.872E-01  2.059E-01  1.741E-01
  2.582E-01  3.821E-01  2.682E-01  3.084E-01  3.381E-01  3.201E-01  3.780E-01  5.001E-01  3.960E-01  3.953E-01
  4.135E-01  5.001E-01  1.000E+00  7.670E-01  5.815E-01  7.073E-01  3.406E-01  4.206E-01  4.473E-01  5.001E-01
  4.493E-01  2.407E-01  3.805E-01  2.360E-01  2.359E-01  1.951E-01  1.880E-01  2.001E-01  1.672E-01  1.794E-01
  1.515E-01  1.526E-01  1.337E-01  1.383E-01  1.142E-01  8.304E-02  5.404E-02  3.269E-02  1.896E-02  1.176E-02
  8.334E-03  6.504E-03  5.205E-03  4.532E-03  4.578E-03  4.718E-03  4.503E-03  4.701E-03  5.573E-03  7.083E-03
  9.237E-03  1.366E-02  2.357E-02  3.839E-02  6.232E-02  8.392E-02  1.210E-01  1.472E-01  1.509E-01  1.599E-01
  1.715E-01  1.962E-01  1.925E-01  2.362E-01  2.006E-01  2.229E-01  2.344E-01  2.500E-01  2.673E-01  2.774E-01
  3.333E-01  5.001E-01  3.780E-01  3.173E-01  4.789E-01  4.407E-01  3.830E-01  5.775E-01  5.004E-01  1.000E+00
  1.000E+00  5.774E-01  1.000E+00  5.000E-01  5.000E-01  3.163E-01  3.726E-01  2.753E-01  2.677E-01  3.790E-01
  2.075E-01  2.595E-01  2.133E-01  1.925E-01  2.133E-01  1.675E-01  1.820E-01  1.675E-01  1.669E-01  1.397E-01
  1.597E-01  1.410E-01  1.032E-01  7.390E-02  4.825E-02  3.099E-02  1.830E-02  1.298E-02  9.982E-03  7.766E-03
  6.644E-03  6.477E-03  6.565E-03  6.444E-03  6.908E-03  8.302E-03  1.079E-02  1.429E-02  2.202E-02  3.695E-02
  5.872E-02  8.233E-02  1.090E-01  1.262E-01  1.342E-01  1.562E-01  1.858E-01  1.921E-01  2.133E-01  1.668E-01
  2.048E-01  2.108E-01  2.804E-01  2.083E-01  3.016E-01  2.673E-01  2.582E-01  4.085E-01  3.192E-01  5.000E-01
  5.001E-01  4.083E-01  0.000E+00  4.421E-01  4.038E-01  5.774E-01  7.074E-01  5.774E-01  4.473E-01  5.000E-01
  5.774E-01  5.892E-01  3.884E-01  3.589E-01  3.065E-01  2.890E-01  2.113E-01  2.549E-01  3.015E-01  2.109E-01
  2.318E-01  2.024E-01  1.820E-01  1.827E-01  1.729E-01  1.588E-01  1.772E-01  1.340E-01  1.203E-01  1.286E-01
  9.160E-02  7.878E-02  5.131E-02  3.246E-02  2.182E-02  1.646E-02  1.310E-02  1.113E-02  1.066E-02  1.063E-02
  1.067E-02  1.166E-02  1.397E-02  1.792E-02  2.516E-02  3.728E-02  5.712E-02  8.982E-02  1.137E-01  1.283E-01
  1.167E-01  1.690E-01  1.604E-01  1.553E-01  1.861E-01  1.961E-01  2.428E-01  1.963E-01  2.695E-01  2.013E-01
  2.887E-01  2.426E-01  2.600E-01  3.163E-01  3.015E-01  4.083E-01  5.001E-01  5.774E-01  4.473E-01  7.072E-01
  7.071E-01  7.072E-01  7.071E-01  7.071E-01  7.072E-01  5.774E-01  5.001E-01  5.774E-01  4.473E-01  4.473E-01
  3.780E-01  3.781E-01  2.500E-01  2.774E-01  2.425E-01  2.379E-01  2.673E-01  2.357E-01  2.162E-01  2.061E-01
  2.086E-01  1.804E-01  1.875E-01  1.638E-01  1.863E-01  1.287E-01  1.379E-01  1.135E-01  1.092E-01  7.818E-02
  5.556E-02  3.925E-02  3.111E-02  2.438E-02  2.065E-02  1.923E-02  1.945E-02  1.980E-02  2.171E-02  2.612E-02
  3.307E-02  4.326E-02  6.059E-02  8.758E-02  1.246E-01  1.288E-01  1.465E-01  1.586E-01  1.644E-01  1.920E-01
  1.727E-01  1.861E-01  1.863E-01  2.294E-01  2.274E-01  2.249E-01  2.820E-01  2.236E-01  2.887E-01  2.700E-01
  3.333E-01  3.536E-01  3.780E-01  1.000E+00  4.473E-01  5.774E-01  1.000E+00  1.000E+00  7.072E-01  1.000E+00
  5.775E-01  5.774E-01  7.071E-01  5.774E-01  4.472E-01  4.551E-01  4.612E-01  4.473E-01  2.500E-01  3.780E-01
  3.163E-01  2.582E-01  2.509E-01  2.211E-01  2.239E-01  2.200E-01  2.041E-01  2.107E-01  2.044E-01  1.845E-01
  1.629E-01  1.611E-01  1.789E-01  1.590E-01  1.327E-01  1.252E-01  1.142E-01  9.202E-02  7.119E-02  5.703E-02
  4.656E-02  3.876E-02  3.740E-02  3.694E-02  3.738E-02  4.283E-02  5.166E-02  6.076E-02  7.607E-02  1.085E-01
  1.316E-01  1.281E-01  1.400E-01  1.375E-01  1.703E-01  1.522E-01  1.868E-01  2.041E-01  1.617E-01  2.032E-01
  2.103E-01  2.237E-01  2.235E-01  2.068E-01  2.564E-01  3.536E-01  2.774E-01  5.000E-01  3.780E-01  3.780E-01
  4.817E-01  5.013E-01  3.852E-01  5.861E-01  7.072E-01  1.000E+00  7.071E-01  4.084E-01  5.822E-01  6.451E-01
  4.474E-01  9.784E-01  5.001E-01  3.015E-01  5.000E-01  3.536E-01  2.909E-01  2.451E-01  3.165E-01  3.483E-01
  2.569E-01  2.255E-01  2.589E-01  2.582E-01  2.131E-01  2.057E-01  1.832E-01  1.735E-01  1.587E-01  1.528E-01
  1.589E-01  1.434E-01  1.354E-01  1.540E-01  1.066E-01  1.011E-01  9.383E-02  8.827E-02  7.542E-02  7.137E-02
  7.277E-02  7.572E-02  8.026E-02  8.221E-02  9.841E-02  1.154E-01  1.130E-01  1.399E-01  1.523E-01  1.448E-01
  1.326E-01  1.566E-01  1.601E-01  2.132E-01  1.925E-01  2.046E-01  1.954E-01  1.964E-01  2.067E-01  3.525E-01
  2.673E-01  2.805E-01  2.887E-01  4.083E-01  5.774E-01  3.163E-01  3.709E-01  5.001E-01  5.000E-01  4.083E-01
  7.075E-01  5.400E-01  4.490E-01  7.071E-01  7.071E-01  7.167E-01  1.000E+00  1.000E+00  5.001E-01  7.071E-01
  3.536E-01  3.780E-01  3.163E-01  4.473E-01  3.313E-01  2.690E-01  2.525E-01  2.291E-01  2.316E-01  2.629E-01
  2.582E-01  2.313E-01  1.928E-01  2.282E-01  1.826E-01  1.863E-01  1.741E-01  1.779E-01  1.377E-01  1.314E-01
  1.421E-01  1.384E-01  1.335E-01  1.116E-01  1.037E-01  1.237E-01  1.145E-01  1.053E-01  1.036E-01  1.132E-01
  1.195E-01  1.326E-01  1.209E-01  1.338E-01  1.471E-01  1.417E-01  1.544E-01  1.543E-01  1.616E-01  1.844E-01
  2.345E-01  2.085E-01  2.066E-01  2.326E-01  2.429E-01  2.483E-01  2.426E-01  3.905E-01  2.295E-01  4.083E-01
  2.476E-01  4.473E-01  3.334E-01  5.010E-01  5.009E-01  3.249E-01  5.023E-01  4.191E-01  1.000E+00  1.000E+00
  7.071E-01  0.000E+00  7.073E-01  1.000E+00  5.001E-01  1.000E+00  1.000E+00  5.000E-01  4.472E-01  4.083E-01
  5.001E-01  3.334E-01  2.774E-01  2.887E-01  2.292E-01  2.491E-01  2.957E-01  2.182E-01  2.306E-01  1.901E-01
  2.043E-01  2.085E-01  1.893E-01  2.008E-01  1.567E-01  1.375E-01  1.643E-01  1.667E-01  1.634E-01  1.388E-01
  1.278E-01  1.429E-01  1.347E-01  1.389E-01  1.320E-01  1.286E-01  1.284E-01  1.514E-01  1.331E-01  1.430E-01
  1.350E-01  1.546E-01  1.655E-01  1.685E-01  1.961E-01  1.804E-01  1.868E-01  2.071E-01  1.963E-01  1.966E-01
  2.236E-01  2.257E-01  2.262E-01  2.273E-01  3.218E-01  2.774E-01  3.016E-01  2.777E-01  2.972E-01  3.570E-01
  7.071E-01  5.018E-01  7.071E-01  5.776E-01  5.875E-01  5.206E-01  1.000E+00  1.000E+00  7.071E-01  7.071E-01
  7.071E-01  4.473E-01  5.001E-01  5.774E-01  4.473E-01  5.774E-01  5.008E-01  4.472E-01  3.370E-01  3.566E-01
  2.170E-01  3.270E-01  2.294E-01  2.733E-01  3.015E-01  2.139E-01  2.535E-01  2.294E-01  2.132E-01  1.979E-01
  2.241E-01  1.690E-01  2.054E-01  1.592E-01  1.768E-01  1.601E-01  1.563E-01  1.391E-01  1.324E-01  1.431E-01
  1.645E-01  1.327E-01  1.475E-01  1.539E-01  1.567E-01  1.589E-01  1.491E-01  1.576E-01  1.602E-01  1.887E-01
  1.665E-01  1.902E-01  1.745E-01  1.958E-01  2.136E-01  2.272E-01  2.377E-01  2.576E-01  2.500E-01  3.168E-01
  2.613E-01  3.171E-01  3.163E-01  4.472E-01  3.016E-01  4.144E-01  4.175E-01  4.562E-01  5.001E-01  3.536E-01
  5.000E-01  0.000E+00  8.730E-01  0.000E+00  0.000E+00  1.000E+00  7.072E-01  7.072E-01  7.072E-01  1.000E+00
  1.000E+00  4.084E-01  5.001E-01  3.536E-01  5.000E-01  3.400E-01  4.474E-01  2.903E-01  3.015E-01  3.039E-01
  2.679E-01  2.500E-01  2.205E-01  2.718E-01  2.357E-01  2.113E-01  2.398E-01  1.815E-01  1.973E-01  1.899E-01
  1.661E-01  1.715E-01  1.679E-01  1.839E-01  1.572E-01  1.470E-01  1.562E-01  1.768E-01  1.394E-01  1.622E-01
  1.783E-01  1.643E-01  1.645E-01  1.500E-01  1.574E-01  1.866E-01  1.650E-01  1.772E-01  1.972E-01  1.931E-01
  1.884E-01  2.082E-01  3.009E-01  2.518E-01  2.252E-01  2.978E-01  2.612E-01  2.774E-01  3.256E-01  3.312E-01
  5.000E-01  3.163E-01  3.613E-01  3.780E-01  5.002E-01  4.083E-01  5.774E-01  3.334E-01  4.580E-01  8.199E-01
  1.000E+00  0.000E+00  0.000E+00  5.774E-01  5.774E-01  0.000E+00  5.774E-01  4.089E-01  7.071E-01  4.472E-01
  5.001E-01  5.000E-01  4.473E-01  3.068E-01  3.821E-01  2.500E-01  2.788E-01  2.072E-01  2.887E-01  2.428E-01
  2.852E-01  2.236E-01  2.307E-01  2.054E-01  1.823E-01  1.866E-01  2.107E-01  1.648E-01  1.674E-01  1.860E-01
  1.721E-01  1.961E-01  2.086E-01  1.697E-01  1.771E-01  1.829E-01  1.758E-01  1.822E-01  1.827E-01  1.641E-01
  1.796E-01  2.269E-01  1.784E-01  1.868E-01  1.824E-01  1.782E-01  2.010E-01  2.165E-01  2.042E-01  2.343E-01
  2.500E-01  2.845E-01  3.167E-01  2.673E-01  3.017E-01  4.004E-01  4.088E-01  3.781E-01  1.000E+00  4.473E-01
  3.876E-01  5.730E-01  3.781E-01  4.473E-01  4.479E-01  6.077E-01  4.473E-01  0.000E+00  1.000E+00  7.071E-01
  5.774E-01  4.080E-01  1.000E+00  4.697E-01  5.524E-01  5.775E-01  5.778E-01  4.473E-01  3.334E-01  3.537E-01
  3.536E-01  3.045E-01  5.774E-01  2.938E-01  2.234E-01  3.539E-01  2.673E-01  2.449E-01  2.249E-01  2.116E-01
  2.203E-01  2.083E-01  2.089E-01  1.961E-01  2.086E-01  1.896E-01  1.838E-01  1.906E-01  2.181E-01  2.562E-01
  1.796E-01  1.941E-01  1.823E-01  1.690E-01  2.074E-01  1.826E-01  2.426E-01  1.917E-01  1.986E-01  1.644E-01
  1.600E-01  1.928E-01  2.427E-01  2.313E-01  2.426E-01  2.886E-01  2.501E-01  2.362E-01  2.711E-01  2.578E-01
  3.333E-01  3.748E-01  2.735E-01  2.774E-01  3.408E-01  3.364E-01  5.034E-01  4.467E-01  5.000E-01  0.000E+00
  7.071E-01  5.354E-01  5.033E-01  5.776E-01  0.000E+00  1.000E+00  7.072E-01  0.000E+00  7.071E-01  7.748E-01
  4.569E-01  0.000E+00  5.000E-01  4.472E-01  4.506E-01  4.007E-01  5.309E-01  2.947E-01  3.355E-01  3.232E-01
  4.086E-01  3.148E-01  4.083E-01  2.444E-01  2.554E-01  2.850E-01  2.774E-01  2.133E-01  2.060E-01  2.335E-01
  2.132E-01  2.673E-01  1.952E-01  2.047E-01  1.911E-01  1.627E-01  2.039E-01  1.780E-01  1.925E-01  2.043E-01
  1.961E-01  2.182E-01  2.001E-01  1.837E-01  1.856E-01  2.133E-01  1.925E-01  2.360E-01  2.000E-01  2.578E-01
  2.177E-01  2.312E-01  2.236E-01  2.796E-01  2.606E-01  2.673E-01  3.096E-01  4.145E-01  2.673E-01  3.780E-01
  3.776E-01  4.083E-01  3.780E-01  4.472E-01  5.776E-01  1.000E+00  5.789E-01  5.775E-01  5.774E-01  0.000E+00
  5.774E-01  7.334E-01  1.000E+00  1.000E+00  7.205E-01  6.289E-01  7.071E-01  5.775E-01  1.000E+00  4.473E-01
  5.775E-01  4.105E-01  5.009E-01  4.651E-01  4.549E-01  5.000E-01  3.811E-01  3.780E-01  3.804E-01  3.132E-01
  2.506E-01  3.035E-01  3.163E-01  2.799E-01  2.317E-01  3.186E-01  2.387E-01  2.188E-01  2.460E-01  1.985E-01
  1.890E-01  2.000E-01  1.842E-01  2.210E-01  2.079E-01  2.156E-01  2.439E-01  2.358E-01  2.070E-01  1.868E-01
  2.185E-01  2.057E-01  2.000E-01  2.236E-01  2.085E-01  2.451E-01  2.274E-01  2.426E-01  2.302E-01  2.149E-01
  2.893E-01  2.487E-01  2.730E-01  3.780E-01  3.134E-01  3.762E-01  4.528E-01  7.072E-01  5.774E-01  4.107E-01
  4.259E-01  7.072E-01  5.085E-01  6.180E-01  4.940E-01  5.777E-01  1.000E+00  5.001E-01  1.000E+00  5.001E-01
  1.000E+00  1.000E+00  1.000E+00  7.071E-01  7.071E-01  1.000E+00  7.071E-01  4.473E-01  9.718E-01  4.474E-01
  4.473E-01  3.063E-01  4.181E-01  3.442E-01  3.015E-01  4.098E-01  4.083E-01  3.164E-01  2.662E-01  3.782E-01
  3.287E-01  2.357E-01  2.582E-01  2.891E-01  2.385E-01  2.246E-01  2.500E-01  2.142E-01  2.236E-01  2.426E-01
  2.447E-01  2.042E-01  1.994E-01  1.925E-01  2.032E-01  2.024E-01  2.236E-01  1.984E-01  2.189E-01  2.092E-01
  2.351E-01  2.137E-01  2.907E-01  2.086E-01  2.063E-01  2.896E-01  3.826E-01  2.639E-01  3.335E-01  3.145E-01
  3.193E-01  5.001E-01  4.257E-01  3.226E-01  7.072E-01  5.003E-01  5.774E-01  5.050E-01  1.000E+00  6.332E-01
  1.000E+00  1.000E+00  8.843E-01  7.072E-01  6.941E-01  1.000E+00  6.054E-01  9.171E-01  7.231E-01  5.387E-01
  4.152E-01  5.175E-01  0.000E+00  5.723E-01  4.090E-01  7.073E-01  5.001E-01  3.163E-01  5.774E-01  5.117E-01
  4.083E-01  4.473E-01  4.298E-01  6.240E-01  2.788E-01  4.492E-01  2.758E-01  2.598E-01  2.357E-01  2.887E-01
  2.940E-01  2.504E-01  3.099E-01  2.610E-01  2.270E-01  2.582E-01  2.673E-01  2.148E-01  2.182E-01  2.427E-01
  2.690E-01  2.183E-01  1.999E-01  2.740E-01  2.444E-01  2.674E-01  2.887E-01  2.673E-01  2.208E-01  2.183E-01
  2.319E-01  2.873E-01  2.371E-01  3.162E-01  4.118E-01  3.028E-01  2.582E-01  4.083E-01  3.338E-01  4.344E-01
  5.020E-01  4.473E-01  4.473E-01  5.000E-01  4.724E-01  5.158E-01  7.071E-01  0.000E+00  0.000E+00  5.787E-01
  7.071E-01  4.107E-01  1.000E+00  7.071E-01  5.788E-01  0.000E+00  5.053E-01  1.000E+00  7.091E-01  1.000E+00
  4.579E-01  5.774E-01  4.084E-01  5.775E-01  5.775E-01  1.000E+00  4.627E-01  5.001E-01  5.775E-01  4.083E-01
  1.000E+00  3.020E-01  3.334E-01  2.658E-01  2.574E-01  3.069E-01  2.997E-01  3.472E-01  2.294E-01  3.016E-01
  2.805E-01  2.165E-01  2.251E-01  4.971E-01  2.224E-01  2.402E-01  2.077E-01  2.408E-01  2.424E-01  2.673E-01
  2.391E-01  2.901E-01  2.426E-01  2.352E-01  2.042E-01  2.295E-01  3.598E-01  4.139E-01  3.070E-01  2.844E-01
  3.338E-01  3.780E-01  3.334E-01  5.250E-01  3.029E-01  3.431E-01  5.774E-01  5.446E-01  4.083E-01  3.781E-01
  5.774E-01  3.484E-01  0.000E+00  1.000E+00  5.001E-01  7.071E-01  1.000E+00  1.000E+00  7.072E-01  5.777E-01
  7.071E-01  1.000E+00  1.000E+00  7.071E-01  7.071E-01  8.778E-01  1.000E+00  1.000E+00  5.774E-01  0.000E+00
  5.166E-01  5.777E-01  5.774E-01  4.473E-01  4.473E-01  5.001E-01  4.500E-01  3.392E-01  3.862E-01  4.556E-01
  3.334E-01  3.080E-01  3.091E-01  4.163E-01  3.446E-01  3.536E-01  2.467E-01  2.715E-01  2.774E-01  3.365E-01
  2.582E-01  2.501E-01  2.572E-01  3.163E-01  2.500E-01  2.784E-01  2.776E-01  3.252E-01  2.304E-01  2.637E-01
  3.163E-01  2.582E-01  3.526E-01  3.163E-01  3.204E-01  2.845E-01  2.887E-01  3.163E-01  3.318E-01  4.473E-01
  4.130E-01  3.780E-01  5.002E-01  5.189E-01  1.000E+00  1.000E+00  7.072E-01  3.780E-01  3.548E-01  7.072E-01
  1.000E+00  7.072E-01  7.071E-01  1.000E+00  5.774E-01  0.000E+00  1.000E+00  0.000E+00  1.000E+00  1.000E+00
  7.326E-01  1.000E+00  0.000E+00  7.878E-01  0.000E+00  5.774E-01  7.620E-01  4.675E-01  1.000E+00  4.083E-01
  5.001E-01  5.988E-01  5.979E-01  5.341E-01  4.083E-01  3.936E-01  4.183E-01  5.001E-01  3.164E-01  2.599E-01
  3.601E-01  2.661E-01  2.897E-01  2.780E-01  3.027E-01  2.582E-01  2.559E-01  3.016E-01  2.774E-01  2.679E-01
  2.827E-01  2.614E-01  2.539E-01  2.680E-01  3.020E-01  2.673E-01  4.474E-01  3.551E-01  3.015E-01  2.774E-01
  2.887E-01  3.536E-01  3.015E-01  3.536E-01  3.677E-01  3.766E-01  4.085E-01  4.020E-01  7.071E-01  5.001E-01
  5.112E-01  3.629E-01  4.175E-01  6.892E-01  5.010E-01  4.381E-01  7.071E-01  4.512E-01  1.000E+00  1.000E+00
  1.000E+00  7.071E-01  1.000E+00  7.073E-01  7.072E-01  0.000E+00  1.000E+00  7.609E-01  1.000E+00  0.000E+00
  7.252E-01  1.000E+00  0.000E+00  0.000E+00  7.283E-01  7.071E-01  7.078E-01  7.072E-01  5.776E-01  4.057E-01
  3.780E-01  4.474E-01  5.774E-01  5.774E-01  4.084E-01  4.478E-01  3.571E-01  4.100E-01  3.224E-01  3.235E-01
  4.992E-01  4.745E-01  5.902E-01  2.412E-01  3.536E-01  3.190E-01  2.731E-01  4.083E-01  2.774E-01  2.887E-01
  3.021E-01  2.914E-01  4.648E-01  3.322E-01  2.723E-01  3.781E-01  2.835E-01  4.084E-01  4.012E-01  4.084E-01
  3.780E-01  4.034E-01  4.475E-01  3.336E-01  5.776E-01  5.001E-01  5.001E-01  3.780E-01  6.100E-01  6.008E-01
  7.073E-01  1.000E+00  7.530E-01  4.096E-01  0.000E+00  5.778E-01  1.000E+00  1.000E+00  1.000E+00  5.283E-01
  1.000E+00  0.000E+00  1.000E+00  7.071E-01  7.075E-01  1.000E+00  0.000E+00  1.000E+00  0.000E+00  1.000E+00
  1.000E+00  6.851E-01  5.003E-01  1.000E+00  5.000E-01  1.000E+00  1.000E+00  5.775E-01  5.000E-01  5.006E-01
  4.895E-01  3.782E-01  3.914E-01  4.472E-01  3.780E-01  4.770E-01  5.063E-01  3.016E-01  4.083E-01  3.238E-01
  4.083E-01  4.036E-01  4.626E-01  3.780E-01  3.536E-01  3.539E-01  4.472E-01  3.780E-01  3.600E-01  3.016E-01
  2.889E-01  3.334E-01  2.888E-01  4.083E-01  4.472E-01  2.675E-01  4.472E-01  4.083E-01  5.781E-01  3.415E-01
  3.869E-01  4.570E-01  4.083E-01  4.570E-01  4.596E-01  1.000E+00  5.774E-01  5.776E-01  7.072E-01  4.083E-01
  5.001E-01  5.774E-01  6.811E-01  5.780E-01  1.000E+00  1.000E+00  7.083E-01  7.071E-01  1.000E+00  1.000E+00
  1.000E+00  0.000E+00  7.851E-01  6.809E-01  0.000E+00  0.000E+00  1.000E+00  5.017E-01  1.000E+00  4.757E-01
  5.774E-01  5.774E-01  1.000E+00  5.000E-01  4.617E-01  5.152E-01  5.976E-01  5.774E-01  5.761E-01  3.547E-01
  4.083E-01  5.000E-01  4.083E-01  5.002E-01  4.132E-01  4.083E-01  3.061E-01  4.083E-01  3.163E-01  4.083E-01
  3.780E-01  2.802E-01  4.083E-01  3.016E-01  3.780E-01  3.781E-01  3.173E-01  4.473E-01  3.933E-01  5.001E-01
  3.334E-01  3.333E-01  3.871E-01  3.975E-01  5.774E-01  3.334E-01  4.083E-01  4.084E-01  1.000E+00  5.001E-01
  1.000E+00  7.071E-01  7.072E-01  6.960E-01  5.774E-01  5.001E-01  8.916E-01  1.000E+00  1.000E+00  1.000E+00
  7.071E-01  1.000E+00  0.000E+00  1.000E+00  1.000E+00  0.000E+00  0.000E+00  0.000E+00  1.000E+00  1.000E+00
  0.000E+00  1.000E+00  0.000E+00  0.000E+00  1.000E+00  5.774E-01  1.000E+00  7.071E-01  5.000E-01  7.071E-01
  5.774E-01  4.143E-01  1.000E+00  7.071E-01  5.774E-01  4.868E-01  5.228E-01  4.084E-01  5.000E-01  3.334E-01
  5.019E-01  4.083E-01  7.077E-01  4.195E-01  4.473E-01  3.780E-01  4.473E-01  4.472E-01  5.136E-01  3.536E-01
  4.450E-01  3.546E-01  7.071E-01  3.881E-01  3.609E-01  4.083E-01  3.163E-01  3.454E-01  4.463E-01  5.026E-01
  4.641E-01  4.473E-01  1.000E+00  5.491E-01  7.072E-01  7.071E-01  4.506E-01  5.020E-01  5.774E-01  5.802E-01
  5.775E-01  1.000E+00  1.000E+00  5.780E-01  7.073E-01  1.000E+00  0.000E+00  0.000E+00  1.000E+00  7.072E-01
  1.000E+00  7.550E-01  1.000E+00  1.000E+00  0.000E+00  7.072E-01  7.072E-01  1.000E+00  1.000E+00  7.076E-01
  0.000E+00  1.000E+00  1.000E+00  7.071E-01  0.000E+00  1.000E+00  0.000E+00  1.000E+00  7.596E-01  7.071E-01
  7.071E-01  5.775E-01  7.889E-01  7.071E-01  1.000E+00  5.001E-01  3.589E-01  5.000E-01  5.774E-01  7.071E-01
  3.719E-01  4.473E-01  5.000E-01  7.333E-01  7.071E-01  5.774E-01  4.472E-01  4.473E-01  4.605E-01  3.163E-01
  7.072E-01  3.183E-01  4.084E-01  5.774E-01  1.000E+00  5.775E-01  4.281E-01  6.521E-01  4.095E-01  5.774E-01
  7.093E-01  5.777E-01  1.000E+00  7.179E-01  7.118E-01  5.774E-01  7.071E-01  0.000E+00  1.000E+00  0.000E+00
  1.000E+00  1.000E+00  0.000E+00  7.186E-01  1.000E+00  1.000E+00  5.774E-01  1.000E+00  1.000E+00  6.018E-01
  7.072E-01  7.071E-01  1.000E+00  0.000E+00  1.000E+00  0.000E+00  1.000E+00  0.000E+00  1.000E+00  1.000E+00
  7.071E-01  7.073E-01  7.071E-01  0.000E+00  0.000E+00  7.072E-01  5.775E-01  3.781E-01  1.000E+00  1.000E+00
  5.002E-01  7.441E-01  7.071E-01  6.842E-01  3.795E-01  3.788E-01  4.474E-01  3.782E-01  5.774E-01  5.000E-01
  3.606E-01  5.775E-01  4.083E-01  5.774E-01  3.495E-01  5.774E-01  7.633E-01  5.774E-01  3.597E-01  5.002E-01
  5.002E-01  5.774E-01  5.774E-01  8.672E-01  4.473E-01  3.780E-01  3.780E-01  1.000E+00  5.774E-01  1.000E+00
  1.000E+00  7.073E-01  5.859E-01  1.000E+00  1.000E+00  1.000E+00  5.775E-01  5.774E-01  0.000E+00  7.072E-01
  0.000E+00  0.000E+00  0.000E+00  1.000E+00  7.072E-01  1.000E+00  7.418E-01  1.000E+00  0.000E+00  1.000E+00
  5.784E-01  7.072E-01  0.000E+00  7.142E-01  1.000E+00  0.000E+00  1.000E+00  5.774E-01  1.000E+00  5.774E-01
  0.000E+00  1.000E+00  5.774E-01  5.842E-01  7.128E-01  7.071E-01  5.774E-01  7.071E-01  4.794E-01  5.000E-01
  5.786E-01  5.003E-01  1.000E+00  7.211E-01  7.071E-01  7.270E-01  7.072E-01  4.472E-01  5.775E-01  5.774E-01
  4.474E-01  4.083E-01  1.000E+00  7.071E-01  1.000E+00  5.774E-01  5.000E-01  3.768E-01  1.000E+00  3.800E-01
  6.182E-01  1.000E+00  5.044E-01  5.774E-01  5.789E-01  7.072E-01  1.000E+00  7.072E-01  6.179E-01  6.853E-01
  5.889E-01  5.774E-01  1.000E+00  0.000E+00  7.072E-01  6.642E-01  9.588E-01  7.087E-01  1.000E+00  1.000E+00
  1.000E+00  0.000E+00  0.000E+00  7.073E-01  7.071E-01  0.000E+00  0.000E+00  1.000E+00  0.000E+00  1.000E+00
  7.071E-01  1.000E+00  0.000E+00  7.072E-01  7.071E-01  0.000E+00  7.071E-01  1.000E+00  1.000E+00  0.000E+00
  7.073E-01  5.774E-01  7.073E-01  9.025E-01  7.086E-01  8.991E-01  5.774E-01  5.774E-01  7.071E-01  5.777E-01
  9.235E-01  7.089E-01  7.727E-01  5.774E-01  4.083E-01  5.001E-01  1.000E+00  4.999E-01  5.001E-01  0.000E+00
  5.451E-01  5.781E-01  7.517E-01  5.038E-01  5.001E-01  4.779E-01  6.709E-01  7.071E-01  5.000E-01  8.031E-01
  5.001E-01  1.000E+00  7.072E-01  4.473E-01  4.495E-01  7.296E-01  5.774E-01  0.000E+00  1.000E+00  0.000E+00
  0.000E+00  1.000E+00  0.000E+00  1.000E+00  0.000E+00  1.000E+00  1.000E+00  0.000E+00  0.000E+00  1.000E+00
  0.000E+00  0.000E+00  7.190E-01  1.000E+00  1.000E+00  7.071E-01  0.000E+00  0.000E+00  0.000E+00  1.000E+00
  0.000E+00  0.000E+00  7.078E-01  7.072E-01  5.774E-01  1.000E+00  0.000E+00  0.000E+00  7.071E-01  7.656E-01
  1.000E+00  4.537E-01  1.000E+00  1.000E+00  7.073E-01  5.775E-01  5.716E-01  7.071E-01  8.167E-01  5.000E-01
  1.000E+00  7.071E-01  5.774E-01  4.473E-01  7.072E-01  5.774E-01  4.605E-01  1.000E+00  7.071E-01  0.000E+00
  5.004E-01  5.774E-01  0.000E+00  7.085E-01  8.742E-01  5.774E-01  5.774E-01  1.000E+00  7.072E-01  1.000E+00
  1.000E+00  7.071E-01  5.774E-01  1.000E+00  0.000E+00  1.000E+00  1.000E+00  0.000E+00  0.000E+00  0.000E+00
  0.000E+00  5.774E-01  0.000E+00  0.000E+00  0.000E+00  5.779E-01  0.000E+00  0.000E+00  1.000E+00  1.000E+00
  0.000E+00  1.000E+00  0.000E+00  0.000E+00  0.000E+00  0.000E+00  1.000E+00  0.000E+00  5.775E-01  0.000E+00
  5.774E-01  1.000E+00  0.000E+00  1.000E+00  1.000E+00  0.000E+00  7.261E-01  4.084E-01  7.072E-01  5.774E-01
  1.000E+00  7.071E-01  1.000E+00  0.000E+00  7.336E-01  0.000E+00  0.000E+00  7.071E-01  0.000E+00  5.001E-01
  1.000E+00  1.000E+00  5.775E-01  5.019E-01  1.000E+00  1.000E+00  1.000E+00  1.000E+00  1.000E+00  7.071E-01
  0.000E+00  1.000E+00  1.000E+00  0.000E+00  1.000E+00  1.000E+00  5.775E-01  7.072E-01  9.813E-01  5.798E-01
  1.000E+00  1.000E+00  7.071E-01  0.000E+00  0.000E+00  5.774E-01  1.000E+00  1.000E+00  0.000E+00  0.000E+00
  1.000E+00  7.071E-01  0.000E+00  1.000E+00  0.000E+00  7.072E-01  1.000E+00  0.000E+00  1.000E+00  1.000E+00
  7.071E-01  1.000E+00  1.000E+00  7.805E-01  1.000E+00  7.527E-01  1.000E+00  5.001E-01  0.000E+00  5.774E-01
  7.076E-01  0.000E+00  1.000E+00  1.000E+00  7.078E-01  7.072E-01  7.076E-01  6.886E-01  5.001E-01  7.074E-01
  1.000E+00  6.055E-01  1.000E+00  5.774E-01  5.001E-01  0.000E+00  5.775E-01  0.000E+00  5.774E-01  1.000E+00
  1.000E+00  0.000E+00  1.000E+00  1.000E+00  1.000E+00  7.071E-01  5.000E-01  7.071E-01  5.774E-01  0.000E+00
  1.000E+00  0.000E+00  7.071E-01  7.071E-01  1.000E+00  0.000E+00  0.000E+00  0.000E+00  0.000E+00  0.000E+00
  1.000E+00  0.000E+00  1.000E+00  0.000E+00  1.000E+00  0.000E+00  1.000E+00  1.000E+00  1.000E+00  0.000E+00
  7.071E-01  0.000E+00  1.000E+00  1.000E+00  0.000E+00  0.000E+00  6.425E-01  1.000E+00  0.000E+00  0.000E+00
  0.000E+00  0.000E+00  0.000E+00  0.000E+00  1.000E+00  0.000E+00  0.000E+00  1.000E+00  0.000E+00  7.071E-01
  0.000E+00  0.000E+00  0.000E+00  1.000E+00  0.000E+00  0.000E+00  1.000E+00  0.000E+00  5.250E-01  1.000E+00
  1.000E+00  1.000E+00  7.073E-01  6.504E-01  5.002E-01  7.082E-01  8.219E-01  4.474E-01  0.000E+00  5.774E-01
  0.000E+00  5.774E-01  4.473E-01  1.000E+00  1.000E+00  1.000E+00  4.472E-01  5.570E-01  7.286E-01  0.000E+00
  7.072E-01  1.000E+00  7.072E-01  7.086E-01  1.000E+00  0.000E+00  0.000E+00  7.083E-01  0.000E+00  0.000E+00
  1.000E+00  7.072E-01  0.000E+00  0.000E+00  0.000E+00  1.000E+00  0.000E+00  1.000E+00  1.000E+00  0.000E+00
  0.000E+00  0.000E+00  0.000E+00  7.738E-01  0.000E+00  0.000E+00  1.000E+00  1.000E+00  1.000E+00  0.000E+00
  0.000E+00  5.776E-01  0.000E+00  0.000E+00  0.000E+00  7.073E-01  1.000E+00  5.776E-01  5.774E-01  0.000E+00
  1.000E+00  7.071E-01  1.000E+00  0.000E+00  1.000E+00  0.000E+00  0.000E+00  5.774E-01  7.393E-01  0.000E+00
  5.816E-01  7.071E-01  1.000E+00  5.783E-01  1.000E+00  0.000E+00  0.000E+00  0.000E+00  5.774E-01  5.000E-01
  0.000E+00  5.807E-01  0.000E+00  0.000E+00  7.071E-01  1.000E+00  0.000E+00  1.000E+00  0.000E+00  0.000E+00
  1.000E+00  0.000E+00  5.774E-01  7.071E-01  0.000E+00  1.000E+00  0.000E+00  1.000E+00  1.000E+00  0.000E+00
  1.000E+00  0.000E+00  0.000E+00  1.000E+00  0.000E+00  0.000E+00  0.000E+00  0.000E+00  0.000E+00  0.000E+00
  0.000E+00  0.000E+00  0.000E+00  1.000E+00  1.000E+00  1.000E+00  1.000E+00  5.774E-01  0.000E+00  0.000E+00
  0.000E+00  7.072E-01  1.000E+00  0.000E+00  1.000E+00  1.000E+00  1.000E+00  1.000E+00  7.095E-01  1.000E+00
  1.000E+00  1.000E+00  7.075E-01  1.000E+00  6.885E-01  7.303E-01  7.072E-01  1.000E+00  5.774E-01  5.817E-01
  7.072E-01  0.000E+00  0.000E+00  1.000E+00  5.774E-01  4.474E-01  1.000E+00  1.000E+00  1.000E+00  7.104E-01
  1.000E+00  1.000E+00  1.000E+00  0.000E+00  0.000E+00  0.000E+00  7.071E-01  0.000E+00  1.000E+00  0.000E+00
  7.071E-01  0.000E+00  0.000E+00  7.071E-01  7.071E-01  0.000E+00  1.000E+00  0.000E+00  0.000E+00  1.000E+00
  1.000E+00  0.000E+00  0.000E+00  0.000E+00  0.000E+00  5.774E-01  0.000E+00  0.000E+00  0.000E+00  0.000E+00
  0.000E+00  0.000E+00  7.072E-01  1.000E+00  0.000E+00  1.000E+00  7.074E-01  1.000E+00  7.071E-01  0.000E+00
  1.000E+00  0.000E+00  5.776E-01  0.000E+00  7.073E-01  0.000E+00  7.073E-01  8.271E-01  7.121E-01  5.005E-01
  0.000E+00  7.071E-01  1.000E+00  7.072E-01  1.000E+00  0.000E+00  1.000E+00  5.774E-01  0.000E+00  0.000E+00
  1.000E+00  7.072E-01  7.071E-01  1.000E+00  7.072E-01  7.072E-01  1.000E+00  0.000E+00  0.000E+00  1.000E+00
  7.071E-01  0.000E+00  7.072E-01  1.000E+00  1.000E+00  7.071E-01  0.000E+00  1.000E+00  0.000E+00  1.000E+00
  0.000E+00  0.000E+00  0.000E+00  0.000E+00  0.000E+00  0.000E+00  7.072E-01  0.000E+00  1.000E+00  1.000E+00
  0.000E+00  1.000E+00  0.000E+00  1.000E+00  0.000E+00  0.000E+00  1.000E+00  0.000E+00  0.000E+00  0.000E+00
  0.000E+00  0.000E+00  0.000E+00  1.000E+00  1.000E+00  7.210E-01  1.000E+00  1.000E+00  1.000E+00  7.071E-01
  0.000E+00  0.000E+00  0.000E+00  7.072E-01  1.000E+00  1.000E+00  1.000E+00  1.000E+00  1.000E+00  1.000E+00
  0.000E+00  7.071E-01  0.000E+00  0.000E+00  1.000E+00  0.000E+00  0.000E+00  1.000E+00  1.000E+00  0.000E+00
  1.000E+00  1.000E+00  1.000E+00  0.000E+00  0.000E+00  0.000E+00  1.000E+00  5.852E-01  1.000E+00  0.000E+00
  0.000E+00  0.000E+00  0.000E+00  1.000E+00  0.000E+00  0.000E+00  0.000E+00  0.000E+00  0.000E+00  0.000E+00
  0.000E+00  1.000E+00  7.071E-01  0.000E+00  0.000E+00  0.000E+00  0.000E+00  0.000E+00  0.000E+00  0.000E+00
  0.000E+00  0.000E+00  0.000E+00  1.000E+00  0.000E+00  0.000E+00  0.000E+00  1.000E+00  0.000E+00  1.000E+00
  7.072E-01  0.000E+00  1.000E+00  0.000E+00  0.000E+00  1.000E+00  1.000E+00  0.000E+00  7.075E-01  0.000E+00
  0.000E+00  7.071E-01  1.000E+00  7.071E-01  0.000E+00  0.000E+00  0.000E+00  6.033E-01  0.000E+00  5.792E-01
  0.000E+00  0.000E+00  7.071E-01  0.000E+00  0.000E+00  1.000E+00  1.000E+00  1.000E+00  7.100E-01  1.000E+00
  0.000E+00  0.000E+00  0.000E+00  1.000E+00  0.000E+00  0.000E+00  1.000E+00  1.000E+00  1.000E+00  1.000E+00
  0.000E+00  1.000E+00  0.000E+00  1.000E+00  1.000E+00  1.000E+00  1.000E+00  1.000E+00  0.000E+00  1.000E+00
  0.000E+00  0.000E+00  0.000E+00  0.000E+00  0.000E+00  0.000E+00  0.000E+00  0.000E+00  0.000E+00  0.000E+00
  8.312E-01  1.000E+00  1.000E+00  0.000E+00  1.000E+00  0.000E+00  0.000E+00  0.000E+00  0.000E+00  0.000E+00
  0.000E+00  1.000E+00  0.000E+00  1.000E+00  0.000E+00  0.000E+00  5.832E-01  0.000E+00  0.000E+00  0.000E+00
  1.000E+00  7.110E-01  0.000E+00  1.000E+00  1.000E+00  1.000E+00  0.000E+00  1.000E+00  1.000E+00  1.000E+00
  0.000E+00  1.000E+00  0.000E+00  1.000E+00  0.000E+00  1.000E+00  0.000E+00  7.073E-01  5.774E-01  0.000E+00
  0.000E+00  7.072E-01  1.000E+00  0.000E+00  1.000E+00  1.000E+00  0.000E+00  0.000E+00  0.000E+00  0.000E+00
  0.000E+00  1.000E+00  0.000E+00  0.000E+00  0.000E+00  0.000E+00  0.000E+00  1.000E+00  0.000E+00  0.000E+00
  1.000E+00  0.000E+00  1.000E+00  0.000E+00  0.000E+00  0.000E+00  0.000E+00  5.826E-01  0.000E+00  1.000E+00
  0.000E+00  0.000E+00  1.000E+00  1.000E+00  1.000E+00  0.000E+00  0.000E+00  1.000E+00  1.000E+00  1.000E+00
  1.000E+00  0.000E+00  0.000E+00  8.158E-01  1.000E+00  0.000E+00  1.000E+00  0.000E+00  0.000E+00  0.000E+00
  1.000E+00  1.000E+00  0.000E+00  1.000E+00  1.000E+00  0.000E+00  7.071E-01  1.000E+00  1.000E+00  0.000E+00
  0.000E+00  1.000E+00  1.000E+00  1.000E+00  0.000E+00  0.000E+00  1.000E+00  0.000E+00  0.000E+00  0.000E+00
  1.000E+00  7.074E-01  9.250E-01  0.000E+00  0.000E+00  1.000E+00  0.000E+00  7.073E-01  1.000E+00  0.000E+00
  0.000E+00  0.000E+00  0.000E+00  0.000E+00  0.000E+00  1.000E+00  0.000E+00  0.000E+00  0.000E+00  0.000E+00
  0.000E+00  0.000E+00  0.000E+00  0.000E+00  0.000E+00  1.000E+00  1.000E+00  1.000E+00  7.556E-01  0.000E+00
  0.000E+00  0.000E+00  0.000E+00  1.000E+00  1.000E+00  0.000E+00  0.000E+00  0.000E+00  1.000E+00  0.000E+00
  0.000E+00  0.000E+00  1.000E+00  0.000E+00  1.000E+00  0.000E+00  1.000E+00  0.000E+00  0.000E+00  0.000E+00
  0.000E+00  0.000E+00  1.000E+00  0.000E+00  1.000E+00  1.000E+00  5.809E-01  0.000E+00  1.000E+00  0.000E+00
  0.000E+00  1.000E+00  1.000E+00  1.000E+00  1.000E+00  0.000E+00  0.000E+00  1.000E+00  0.000E+00  1.000E+00
  0.000E+00  0.000E+00  0.000E+00  1.000E+00  0.000E+00  0.000E+00  0.000E+00  0.000E+00  0.000E+00  1.000E+00
  0.000E+00  0.000E+00  1.000E+00  0.000E+00  0.000E+00  1.000E+00  0.000E+00  0.000E+00  0.000E+00  0.000E+00
  1.000E+00  0.000E+00  0.000E+00  0.000E+00  1.000E+00  1.000E+00  0.000E+00  0.000E+00  0.000E+00  0.000E+00
  0.000E+00  1.000E+00  1.000E+00  0.000E+00  1.000E+00  1.000E+00  0.000E+00  0.000E+00  0.000E+00  1.000E+00
  0.000E+00  0.000E+00  1.000E+00  1.000E+00  0.000E+00  0.000E+00  0.000E+00  0.000E+00  0.000E+00  1.000E+00
  0.000E+00  0.000E+00  1.000E+00  1.000E+00  1.000E+00  0.000E+00  0.000E+00  1.000E+00  0.000E+00  1.000E+00
  0.000E+00  0.000E+00  1.000E+00  0.000E+00  1.000E+00  1.000E+00  0.000E+00  1.000E+00  1.000E+00  1.000E+00
  7.079E-01  0.000E+00  0.000E+00  0.000E+00  0.000E+00  1.000E+00  0.000E+00  0.000E+00  0.000E+00  0.000E+00
  0.000E+00  0.000E+00  0.000E+00  0.000E+00  0.000E+00  0.000E+00  0.000E+00  0.000E+00  1.000E+00  0.000E+00
  0.000E+00  1.000E+00  0.000E+00  0.000E+00  0.000E+00  1.000E+00  0.000E+00  1.000E+00  0.000E+00  1.000E+00
  0.000E+00  0.000E+00  1.000E+00  0.000E+00  1.000E+00  0.000E+00  1.000E+00  1.000E+00  1.000E+00  0.000E+00
  0.000E+00  0.000E+00  0.000E+00  1.000E+00  0.000E+00  1.000E+00  0.000E+00  7.072E-01  1.000E+00  1.000E+00
  1.000E+00  0.000E+00  0.000E+00  0.000E+00  0.000E+00  1.000E+00  0.000E+00  0.000E+00  1.000E+00  0.000E+00
  0.000E+00  0.000E+00  0.000E+00  0.000E+00  0.000E+00  0.000E+00  0.000E+00  0.000E+00  0.000E+00  1.000E+00
  0.000E+00  0.000E+00  0.000E+00  0.000E+00  0.000E+00  0.000E+00  0.000E+00  0.000E+00  0.000E+00  0.000E+00
  1.000E+00  0.000E+00  0.000E+00  0.000E+00  0.000E+00  0.000E+00  0.000E+00  0.000E+00  1.000E+00  1.000E+00
  0.000E+00  0.000E+00  1.000E+00  0.000E+00  0.000E+00  1.000E+00  0.000E+00  0.000E+00  0.000E+00  0.000E+00
  1.000E+00  1.000E+00  0.000E+00  0.000E+00  0.000E+00  0.000E+00  0.000E+00  1.000E+00  0.000E+00  0.000E+00
  0.000E+00  0.000E+00  1.000E+00  0.000E+00  0.000E+00  1.000E+00  0.000E+00  6.799E-01  1.000E+00  1.000E+00
  0.000E+00  0.000E+00  1.000E+00  0.000E+00  0.000E+00  1.000E+00  9.637E-01  0.000E+00  0.000E+00  0.000E+00
  0.000E+00  7.672E-01  1.000E+00  0.000E+00  1.000E+00  0.000E+00  0.000E+00  1.000E+00  0.000E+00  0.000E+00
  0.000E+00  1.000E+00  0.000E+00  0.000E+00  0.000E+00  0.000E+00  0.000E+00  0.000E+00  0.000E+00  0.000E+00
  0.000E+00  1.000E+00  0.000E+00  0.000E+00  0.000E+00  0.000E+00  0.000E+00  0.000E+00  0.000E+00  1.000E+00
  0.000E+00  0.000E+00  0.000E+00  0.000E+00  1.000E+00  0.000E+00  0.000E+00  0.000E+00  1.000E+00  1.000E+00
  0.000E+00  0.000E+00  0.000E+00  0.000E+00  1.000E+00  0.000E+00  1.000E+00  0.000E+00  0.000E+00  0.000E+00
  0.000E+00  0.000E+00  0.000E+00  0.000E+00  0.000E+00  0.000E+00  0.000E+00  1.000E+00  0.000E+00  0.000E+00
  0.000E+00  1.000E+00  0.000E+00  0.000E+00  0.000E+00  0.000E+00  0.000E+00  0.000E+00  1.000E+00  7.305E-01
  0.000E+00  0.000E+00  0.000E+00  0.000E+00  0.000E+00  1.000E+00  0.000E+00  0.000E+00  0.000E+00  0.000E+00
  0.000E+00  0.000E+00  0.000E+00  0.000E+00  0.000E+00  1.000E+00  0.000E+00  0.000E+00  0.000E+00  0.000E+00
  1.000E+00  0.000E+00  0.000E+00  1.000E+00  0.000E+00  1.000E+00  0.000E+00  0.000E+00  0.000E+00  0.000E+00
  1.000E+00  0.000E+00  1.000E+00  0.000E+00  1.000E+00  0.000E+00  0.000E+00  0.000E+00  0.000E+00  0.000E+00
  1.000E+00  1.000E+00  0.000E+00  0.000E+00  1.000E+00  1.000E+00  1.000E+00  0.000E+00  0.000E+00  1.000E+00
  1.000E+00  0.000E+00  1.000E+00  0.000E+00  0.000E+00  0.000E+00  0.000E+00  1.000E+00  1.000E+00  0.000E+00
  0.000E+00  0.000E+00  1.000E+00  0.000E+00  0.000E+00  0.000E+00  0.000E+00  0.000E+00  1.000E+00  0.000E+00
  1.000E+00  0.000E+00  0.000E+00  0.000E+00  0.000E+00  1.000E+00  0.000E+00  1.000E+00  0.000E+00  0.000E+00

#------------------------------------------------------------------------------
# gshow
#------------------------------------------------------------------------------

p: legs[c5*0.875]

hb:   line clip z  
frame:
 -9.9999756E+00 -1.4999930E+01
  1.0100024E+01 -1.4999930E+01
  1.0100024E+01  1.5000070E+01
 -9.9999756E+00  1.5000070E+01
clip:
 -1.02955634E+01 -1.52969593E+01
  1.03956131E+01 -1.52969593E+01
  1.03956131E+01 -1.49910187E+01
  1.03956131E+01 -1.47500000E+01
  1.02500000E+01 -1.46850781E+01
  1.02500000E+01 -1.45233913E+01
  1.02500000E+01 -1.43791376E+01
  1.02500000E+01 -1.42174507E+01
  1.02500000E+01 -1.40731970E+01
  1.02500000E+01 -1.39115101E+01
  1.02500000E+01 -1.37672564E+01
  1.02500000E+01 -1.36055695E+01
  1.02500000E+01 -1.34613158E+01
  1.02500000E+01 -1.32996289E+01
  1.02500000E+01 -1.31553752E+01
  1.02500000E+01 -1.29936883E+01
  1.02500000E+01 -1.28494346E+01
  1.02500000E+01 -1.26877477E+01
  1.02500000E+01 -1.25434940E+01
  1.02500000E+01 -1.23818071E+01
  1.02500000E+01 -1.22375534E+01
  1.02500000E+01 -1.20758665E+01
  1.02500000E+01 -1.19316128E+01
  1.02500000E+01 -1.17699259E+01
  1.02500000E+01 -1.16256722E+01
  1.02500000E+01 -1.14639853E+01
  1.02500000E+01 -1.13197316E+01
  1.02500000E+01 -1.11580447E+01
  1.02500000E+01 -1.10137910E+01
  1.02500000E+01 -1.08521041E+01
  1.02500000E+01 -1.07078504E+01
  1.02500000E+01 -1.05461635E+01
  1.03956131E+01 -1.02500000E+01
  1.03956131E+01  1.02500000E+01
  1.02500000E+01  1.05637374E+01
  1.02500000E+01  1.46852189E+01
  1.03956131E+01  1.49911595E+01
  1.03956131E+01  1.52971001E+01
  1.00867895E+01  1.52971001E+01
  9.77796599E+00  1.52971001E+01
  9.46914246E+00  1.52971001E+01
  9.16031893E+00  1.52971001E+01
  8.85149540E+00  1.52971001E+01
  8.54267187E+00  1.52971001E+01
  8.23384834E+00  1.52971001E+01
  7.92502481E+00  1.52971001E+01
  7.61620129E+00  1.52971001E+01
  7.30737776E+00  1.52971001E+01
  6.99855423E+00  1.52971001E+01
  6.68973070E+00  1.52971001E+01
  6.38090717E+00  1.52971001E+01
  6.07208364E+00  1.52971001E+01
  5.76326011E+00  1.52971001E+01
  5.45443658E+00  1.52971001E+01
  5.14561305E+00  1.52971001E+01
  4.83678952E+00  1.52971001E+01
  4.52796599E+00  1.52971001E+01
  4.21914246E+00  1.52971001E+01
  3.91031893E+00  1.52971001E+01
  3.60149540E+00  1.52971001E+01
  3.29267187E+00  1.52971001E+01
  2.98384834E+00  1.52971001E+01
  2.67502481E+00  1.52971001E+01
  2.36620129E+00  1.52971001E+01
  2.05737776E+00  1.52971001E+01
  1.74855423E+00  1.52971001E+01
  1.43973070E+00  1.52971001E+01
  1.13090717E+00  1.52971001E+01
  8.22083638E-01  1.52971001E+01
  5.13260109E-01  1.52971001E+01
  2.04436580E-01  1.52971001E+01
 -1.04386950E-01  1.52971001E+01
 -4.13210479E-01  1.52971001E+01
 -7.22034009E-01  1.52971001E+01
 -1.03085754E+00  1.52971001E+01
 -1.33968107E+00  1.52971001E+01
 -1.64850460E+00  1.52971001E+01
 -1.95732813E+00  1.52971001E+01
 -2.26615166E+00  1.52971001E+01
 -2.57497519E+00  1.52971001E+01
 -2.88379871E+00  1.52971001E+01
 -3.19262224E+00  1.52971001E+01
 -3.50144577E+00  1.52971001E+01
 -3.81026930E+00  1.52971001E+01
 -4.11909283E+00  1.52971001E+01
 -4.42791636E+00  1.52971001E+01
 -4.73673989E+00  1.52971001E+01
 -5.04556342E+00  1.52971001E+01
 -5.35438695E+00  1.52971001E+01
 -5.66321048E+00  1.52971001E+01
 -5.97203401E+00  1.52971001E+01
 -6.28085754E+00  1.52971001E+01
 -6.58968107E+00  1.52971001E+01
 -6.89850460E+00  1.52971001E+01
 -7.20732813E+00  1.52971001E+01
 -7.51615166E+00  1.52971001E+01
 -7.82497519E+00  1.52971001E+01
 -8.13379871E+00  1.52971001E+01
 -8.44262224E+00  1.52971001E+01
 -8.75144577E+00  1.52971001E+01
 -9.06026930E+00  1.52971001E+01
 -9.36909283E+00  1.52971001E+01
 -9.67791636E+00  1.52971001E+01
 -9.98673989E+00  1.52971001E+01
 -1.02955634E+01  1.52971001E+01
 -1.02955634E+01  1.49911595E+01
 -1.02955634E+01  1.47500000E+01
 -1.02500000E+01  1.46852189E+01
 -1.02500000E+01  1.44244164E+01
 -1.02500000E+01  1.43792783E+01
 -1.02500000E+01  1.41184758E+01
 -1.02500000E+01  1.40733377E+01
 -1.02500000E+01  1.38125352E+01
 -1.02500000E+01  1.37673971E+01
 -1.02500000E+01  1.35065946E+01
 -1.02500000E+01  1.34614565E+01
 -1.02500000E+01  1.32006540E+01
 -1.02500000E+01  1.31555159E+01
 -1.02500000E+01  1.28947134E+01
 -1.02500000E+01  1.28495753E+01
 -1.02500000E+01  1.25887728E+01
 -1.02500000E+01  1.25436347E+01
 -1.02500000E+01  1.22828322E+01
 -1.02500000E+01  1.22376941E+01
 -1.02500000E+01  1.19768916E+01
 -1.02500000E+01  1.19317535E+01
 -1.02500000E+01  1.16709510E+01
 -1.02500000E+01  1.16258129E+01
 -1.02500000E+01  1.13650104E+01
 -1.02500000E+01  1.13198724E+01
 -1.02500000E+01  1.10590698E+01
 -1.02500000E+01  1.10139318E+01
 -1.02500000E+01  1.07531292E+01
 -1.02500000E+01  1.07079912E+01
 -1.02500000E+01  1.04471886E+01
 -1.02500000E+01  1.04020506E+01
 -1.02955634E+01  1.02500000E+01
 -1.02955634E+01  1.00961100E+01
 -1.02955634E+01  9.79016938E+00
 -1.02955634E+01  9.48422879E+00
 -1.02955634E+01  9.17828819E+00
 -1.02955634E+01  8.87234760E+00
 -1.02955634E+01  8.56640700E+00
 -1.02955634E+01  8.26046641E+00
 -1.02955634E+01  7.95452582E+00
 -1.02955634E+01  7.64858522E+00
 -1.02955634E+01  7.34264463E+00
 -1.02955634E+01  7.03670403E+00
 -1.02955634E+01  6.73076344E+00
 -1.02955634E+01  6.42482285E+00
 -1.02955634E+01  6.11888225E+00
 -1.02955634E+01  5.81294166E+00
 -1.02955634E+01  5.50700106E+00
 -1.02955634E+01  5.20106047E+00
 -1.02955634E+01  4.89511988E+00
 -1.02955634E+01  4.58917928E+00
 -1.02955634E+01  4.28323869E+00
 -1.02955634E+01  3.97729809E+00
 -1.02955634E+01  3.67135750E+00
 -1.02955634E+01  3.36541691E+00
 -1.02955634E+01  3.05947631E+00
 -1.02955634E+01  2.75353572E+00
 -1.02955634E+01  2.44759512E+00
 -1.02955634E+01  2.14165453E+00
 -1.02955634E+01  1.83571393E+00
 -1.02955634E+01  1.52977334E+00
 -1.02955634E+01  1.22383275E+00
 -1.02955634E+01  9.17892153E-01
 -1.02955634E+01  6.11951558E-01
 -1.02955634E+01  3.06010964E-01
 -1.02955634E+01  7.03703670E-05
 -1.02955634E+01 -3.05870224E-01
 -1.02955634E+01 -6.11810818E-01
 -1.02955634E+01 -9.17751412E-01
 -1.02955634E+01 -1.22369201E+00
 -1.02955634E+01 -1.52963260E+00
 -1.02955634E+01 -1.83557319E+00
 -1.02955634E+01 -2.14151379E+00
 -1.02955634E+01 -2.44745438E+00
 -1.02955634E+01 -2.75339498E+00
 -1.02955634E+01 -3.05933557E+00
 -1.02955634E+01 -3.36527616E+00
 -1.02955634E+01 -3.67121676E+00
 -1.02955634E+01 -3.97715735E+00
 -1.02955634E+01 -4.28309795E+00
 -1.02955634E+01 -4.58903854E+00
 -1.02955634E+01 -4.89497913E+00
 -1.02955634E+01 -5.20091973E+00
 -1.02955634E+01 -5.50686032E+00
 -1.02955634E+01 -5.81280092E+00
 -1.02955634E+01 -6.11874151E+00
 -1.02955634E+01 -6.42468210E+00
 -1.02955634E+01 -6.73062270E+00
 -1.02955634E+01 -7.03656329E+00
 -1.02955634E+01 -7.34250389E+00
 -1.02955634E+01 -7.64844448E+00
 -1.02955634E+01 -7.95438508E+00
 -1.02955634E+01 -8.26032567E+00
 -1.02955634E+01 -8.56626626E+00
 -1.02955634E+01 -8.87220686E+00
 -1.02955634E+01 -9.17814745E+00
 -1.02955634E+01 -9.48408805E+00
 -1.02955634E+01 -9.79002864E+00
 -1.02955634E+01 -1.00959692E+01
 -1.02955634E+01 -1.02500000E+01
 -1.02500000E+01 -1.04019098E+01
 -1.02500000E+01 -1.06627123E+01
 -1.02500000E+01 -1.07078504E+01
 -1.02500000E+01 -1.09686529E+01
 -1.02500000E+01 -1.10137910E+01
 -1.02500000E+01 -1.12745935E+01
 -1.02500000E+01 -1.13197316E+01
 -1.02500000E+01 -1.15805341E+01
 -1.02500000E+01 -1.16256722E+01
 -1.02500000E+01 -1.18864747E+01
 -1.02500000E+01 -1.19316128E+01
 -1.02500000E+01 -1.21924153E+01
 -1.02500000E+01 -1.22375534E+01
 -1.02500000E+01 -1.24983559E+01
 -1.02500000E+01 -1.25434940E+01
 -1.02500000E+01 -1.28042965E+01
 -1.02500000E+01 -1.28494346E+01
 -1.02500000E+01 -1.31102371E+01
 -1.02500000E+01 -1.31553752E+01
 -1.02500000E+01 -1.34161777E+01
 -1.02500000E+01 -1.34613158E+01
 -1.02500000E+01 -1.37221183E+01
 -1.02500000E+01 -1.37672564E+01
 -1.02500000E+01 -1.40280589E+01
 -1.02500000E+01 -1.40731970E+01
 -1.02500000E+01 -1.43339995E+01
 -1.02500000E+01 -1.43791376E+01
 -1.02500000E+01 -1.46399401E+01
 -1.02500000E+01 -1.46850781E+01
 -1.02955634E+01 -1.47500000E+01
 -1.02955634E+01 -1.49910187E+01
 -1.02955634E+01 -1.52969593E+01

hb:   line clip z  
frame:
 -9.9999756E+00 -1.4999930E+01
  1.0100024E+01 -1.4999930E+01
  1.0100024E+01  1.5000070E+01
 -9.9999756E+00  1.5000070E+01
clip:
 -1.02955634E+01 -1.47500000E+01
 -1.02500000E+01 -1.47302162E+01
 -1.02500000E+01 -1.46850781E+01
 -1.02500000E+01 -1.46399401E+01
 -1.02500000E+01 -1.43791376E+01
 -1.02500000E+01 -1.43339995E+01
 -1.02500000E+01 -1.40731970E+01
 -1.02500000E+01 -1.40280589E+01
 -1.02500000E+01 -1.37672564E+01
 -1.02500000E+01 -1.37221183E+01
 -1.02500000E+01 -1.34613158E+01
 -1.02500000E+01 -1.34161777E+01
 -1.02500000E+01 -1.31553752E+01
 -1.02500000E+01 -1.31102371E+01
 -1.02500000E+01 -1.28494346E+01
 -1.02500000E+01 -1.28042965E+01
 -1.02500000E+01 -1.25434940E+01
 -1.02500000E+01 -1.24983559E+01
 -1.02500000E+01 -1.22375534E+01
 -1.02500000E+01 -1.21924153E+01
 -1.02500000E+01 -1.19316128E+01
 -1.02500000E+01 -1.18864747E+01
 -1.02500000E+01 -1.16256722E+01
 -1.02500000E+01 -1.15805341E+01
 -1.02500000E+01 -1.13197316E+01
 -1.02500000E+01 -1.12745935E+01
 -1.02500000E+01 -1.10137910E+01
 -1.02500000E+01 -1.09686529E+01
 -1.02500000E+01 -1.07078504E+01
 -1.02500000E+01 -1.06627123E+01
 -1.02500000E+01 -1.04019098E+01
 -1.02500000E+01 -1.03567718E+01
 -1.02955634E+01 -1.02500000E+01
 -1.02955634E+01 -1.04019098E+01
 -1.02955634E+01 -1.07078504E+01
 -1.02955634E+01 -1.10137910E+01
 -1.02955634E+01 -1.13197316E+01
 -1.02955634E+01 -1.16256722E+01
 -1.02955634E+01 -1.19316128E+01
 -1.02955634E+01 -1.22375534E+01
 -1.02955634E+01 -1.25434940E+01
 -1.02955634E+01 -1.28494346E+01
 -1.02955634E+01 -1.31553752E+01
 -1.02955634E+01 -1.34613158E+01
 -1.02955634E+01 -1.37672564E+01
 -1.02955634E+01 -1.40731970E+01
 -1.02955634E+01 -1.43791376E+01
 -1.02955634E+01 -1.46850781E+01

hb:   line clip z  
frame:
 -9.9999756E+00 -1.4999930E+01
  1.0100024E+01 -1.4999930E+01
  1.0100024E+01  1.5000070E+01
 -9.9999756E+00  1.5000070E+01
clip:
  1.03300794E+01 -1.47500000E+01
  1.03956131E+01 -1.47500000E+01
  1.03956131E+01 -1.46850781E+01
  1.03956131E+01 -1.43791376E+01
  1.03956131E+01 -1.40731970E+01
  1.03956131E+01 -1.37672564E+01
  1.03956131E+01 -1.34613158E+01
  1.03956131E+01 -1.31553752E+01
  1.03956131E+01 -1.28494346E+01
  1.03956131E+01 -1.25434940E+01
  1.03956131E+01 -1.22375534E+01
  1.03956131E+01 -1.19316128E+01
  1.03956131E+01 -1.16256722E+01
  1.03956131E+01 -1.13197316E+01
  1.03956131E+01 -1.10137910E+01
  1.03956131E+01 -1.07078504E+01
  1.03956131E+01 -1.04019098E+01
  1.03956131E+01 -1.02500000E+01
  1.02500000E+01 -1.02576561E+01
  1.02500000E+01 -1.04019098E+01
  1.02500000E+01 -1.05461635E+01
  1.02500000E+01 -1.07078504E+01
  1.02500000E+01 -1.08521041E+01
  1.02500000E+01 -1.10137910E+01
  1.02500000E+01 -1.11580447E+01
  1.02500000E+01 -1.13197316E+01
  1.02500000E+01 -1.14639853E+01
  1.02500000E+01 -1.16256722E+01
  1.02500000E+01 -1.17699259E+01
  1.02500000E+01 -1.19316128E+01
  1.02500000E+01 -1.20758665E+01
  1.02500000E+01 -1.22375534E+01
  1.02500000E+01 -1.23818071E+01
  1.02500000E+01 -1.25434940E+01
  1.02500000E+01 -1.26877477E+01
  1.02500000E+01 -1.28494346E+01
  1.02500000E+01 -1.29936883E+01
  1.02500000E+01 -1.31553752E+01
  1.02500000E+01 -1.32996289E+01
  1.02500000E+01 -1.34613158E+01
  1.02500000E+01 -1.36055695E+01
  1.02500000E+01 -1.37672564E+01
  1.02500000E+01 -1.39115101E+01
  1.02500000E+01 -1.40731970E+01
  1.02500000E+01 -1.42174507E+01
  1.02500000E+01 -1.43791376E+01
  1.02500000E+01 -1.45233913E+01
  1.02500000E+01 -1.46850781E+01

hb:   line clip z  
frame:
 -9.9999756E+00 -1.4999930E+01
  1.0100024E+01 -1.4999930E+01
  1.0100024E+01  1.5000070E+01
 -9.9999756E+00  1.5000070E+01
clip:
 -1.02955634E+01  1.02500000E+01
 -1.02500000E+01  1.03569125E+01
 -1.02500000E+01  1.47303570E+01
 -1.02955634E+01  1.47500000E+01
 -1.02955634E+01  1.46852189E+01
 -1.02955634E+01  1.43792783E+01
 -1.02955634E+01  1.40733377E+01
 -1.02955634E+01  1.37673971E+01
 -1.02955634E+01  1.34614565E+01
 -1.02955634E+01  1.31555159E+01
 -1.02955634E+01  1.28495753E+01
 -1.02955634E+01  1.25436347E+01
 -1.02955634E+01  1.22376941E+01
 -1.02955634E+01  1.19317535E+01
 -1.02955634E+01  1.16258129E+01
 -1.02955634E+01  1.13198724E+01
 -1.02955634E+01  1.10139318E+01
 -1.02955634E+01  1.07079912E+01
 -1.02955634E+01  1.04020506E+01

hb:   line clip z  
frame:
 -9.9999756E+00 -1.4999930E+01
  1.0100024E+01 -1.4999930E+01
  1.0100024E+01  1.5000070E+01
 -9.9999756E+00  1.5000070E+01
clip:
  1.02500000E+01  1.02577968E+01
  1.03956131E+01  1.02500000E+01
  1.03956131E+01  1.04020506E+01
  1.03956131E+01  1.07079912E+01
  1.03956131E+01  1.10139318E+01
  1.03956131E+01  1.13198724E+01
  1.03956131E+01  1.16258129E+01
  1.03956131E+01  1.19317535E+01
  1.03956131E+01  1.22376941E+01
  1.03956131E+01  1.25436347E+01
  1.03956131E+01  1.28495753E+01
  1.03956131E+01  1.31555159E+01
  1.03956131E+01  1.34614565E+01
  1.03956131E+01  1.37673971E+01
  1.03956131E+01  1.40733377E+01
  1.03956131E+01  1.43792783E+01
  1.03956131E+01  1.46852189E+01
  1.03956131E+01  1.47500000E+01
  1.03302215E+01  1.47500000E+01
  1.02500000E+01  1.46852189E+01
  1.02500000E+01  1.45409652E+01
  1.02500000E+01  1.43792783E+01
  1.02500000E+01  1.42350246E+01
  1.02500000E+01  1.40733377E+01
  1.02500000E+01  1.39290840E+01
  1.02500000E+01  1.37673971E+01
  1.02500000E+01  1.36231434E+01
  1.02500000E+01  1.34614565E+01
  1.02500000E+01  1.33172028E+01
  1.02500000E+01  1.31555159E+01
  1.02500000E+01  1.30112622E+01
  1.02500000E+01  1.28495753E+01
  1.02500000E+01  1.27053216E+01
  1.02500000E+01  1.25436347E+01
  1.02500000E+01  1.23993810E+01
  1.02500000E+01  1.22376941E+01
  1.02500000E+01  1.20934404E+01
  1.02500000E+01  1.19317535E+01
  1.02500000E+01  1.17874998E+01
  1.02500000E+01  1.16258129E+01
  1.02500000E+01  1.14815592E+01
  1.02500000E+01  1.13198724E+01
  1.02500000E+01  1.11756186E+01
  1.02500000E+01  1.10139318E+01
  1.02500000E+01  1.08696780E+01
  1.02500000E+01  1.07079912E+01
  1.02500000E+01  1.05637374E+01
  1.02500000E+01  1.04020506E+01

#------------------------------------------------------------------------------
z: xorg(1.03)
p: xfac[c2*0.05] form[c1/0.05] notc noxt noyt dmin(1)
p: ymin(0) ymax(1) xmin(0) xmax(1) cmin(1) cmax(100) nosp
hc: y= 0.005 to 0.995 by 0.01 ; x= 0.5 to 0.5 by 1 ;
 1  2  3  4  5  6  7  8  9 10 11 12 13 14 15 16 17 18 19 20
21 22 23 24 25 26 27 28 29 30 31 32 33 34 35 36 37 38 39 40
41 42 43 44 45 46 47 48 49 50 51 52 53 54 55 56 57 58 59 60
61 62 63 64 65 66 67 68 69 70 71 72 73 74 75 76 77 78 79 80
81 82 83 84 85 86 87 88 89 90 91 92 93 94 95 96 97 98 99 100
z: xorg(0.0)
p: xfac[c2*0.05] form[c1/0.05] nosp afac[c5*0.625] ymin[c3] ymax[c4]
p: noxt noxn ytxt(-1) ynum(-1) xltd(-1) xstd(-1) itic(1) ylog
y: Relative Error
#------------------------------------------------------------------------------

wt: s[c5]
\vspace{-3}
  emin  &=&   0.0000E+00 [MeV]
  emax  &=&   1.0000E+03 [MeV]
  zmin  &=&   3.3930E+01 [cm]
  zmax  &=&   3.3950E+01 [cm]
  part. &=& proton  
e:

#------------------------------------------------------------------------------
z: xorg[-1.03/0.05]
p: form[c1] xfac[c2] afac[c5] nosp notf
p: xmin( -10.00000    ) xmax(  10.10000    )
p: ymin( -15.00000    ) ymax(  15.00000    )
 
# Information for Restart Calculation
# This calculation was newly started
# istdev =  2 # 1:Batch variance, 2:History variance
# resc2  = 8.01088500297036238E-03 # Total source weight or Total source weight / maxcas
# resc3  = 5.00000000000000000E+07 # Total history number or Total batch number
# maxcas =        5000 # History / Batch, only used for istdev=1
# bitrseed = 1011011100110000010011010001101010111111010111000100110010000110 # bit data of rseed
