[ T-Track ]
    title = [t-track] in xyz mesh
     mesh =  xyz            # mesh type is xyz scoring mesh
   x-type =    4            # x-mesh is linear given by xmin, xmax and xdel
     xmin =  -10.00000      # minimum value of x-mesh points
     xmax =   10.00000      # maximum value of x-mesh points
     xdel =  0.3000000      # mesh width of x-mesh points
#      nx =   67            # number of x-mesh points
#    data = ( x(i), i = 1, nx + 1 )
#          -1.00000E+01 -9.70000E+00 -9.40000E+00 -9.10000E+00 -8.80000E+00
#          -8.50000E+00 -8.20000E+00 -7.90000E+00 -7.60000E+00 -7.30000E+00
#          -7.00000E+00 -6.70000E+00 -6.40000E+00 -6.10000E+00 -5.80000E+00
#          -5.50000E+00 -5.20000E+00 -4.90000E+00 -4.60000E+00 -4.30000E+00
#          -4.00000E+00 -3.70000E+00 -3.40000E+00 -3.10000E+00 -2.80000E+00
#          -2.50000E+00 -2.20000E+00 -1.90000E+00 -1.60000E+00 -1.30000E+00
#          -1.00000E+00 -7.00000E-01 -4.00000E-01 -1.00000E-01  2.00000E-01
#           5.00000E-01  8.00000E-01  1.10000E+00  1.40000E+00  1.70000E+00
#           2.00000E+00  2.30000E+00  2.60000E+00  2.90000E+00  3.20000E+00
#           3.50000E+00  3.80000E+00  4.10000E+00  4.40000E+00  4.70000E+00
#           5.00000E+00  5.30000E+00  5.60000E+00  5.90000E+00  6.20000E+00
#           6.50000E+00  6.80000E+00  7.10000E+00  7.40000E+00  7.70000E+00
#           8.00000E+00  8.30000E+00  8.60000E+00  8.90000E+00  9.20000E+00
#           9.50000E+00  9.80000E+00  1.01000E+01
   y-type =    4            # y-mesh is linear given by ymin, ymax and ydel
     ymin =  -15.00000      # minimum value of y-mesh points
     ymax =   15.00000      # maximum value of y-mesh points
     ydel =  0.3000000      # mesh width of y-mesh points
#      ny =  100            # number of y-mesh points
#    data = ( y(i), i = 1, ny + 1 )
#          -1.50000E+01 -1.47000E+01 -1.44000E+01 -1.41000E+01 -1.38000E+01
#          -1.35000E+01 -1.32000E+01 -1.29000E+01 -1.26000E+01 -1.23000E+01
#          -1.20000E+01 -1.17000E+01 -1.14000E+01 -1.11000E+01 -1.08000E+01
#          -1.05000E+01 -1.02000E+01 -9.90000E+00 -9.60000E+00 -9.30000E+00
#          -9.00000E+00 -8.70000E+00 -8.40000E+00 -8.10000E+00 -7.80000E+00
#          -7.50000E+00 -7.20000E+00 -6.90000E+00 -6.60000E+00 -6.30000E+00
#          -6.00000E+00 -5.70000E+00 -5.40000E+00 -5.10000E+00 -4.80000E+00
#          -4.50000E+00 -4.20000E+00 -3.90000E+00 -3.60000E+00 -3.30000E+00
#          -3.00000E+00 -2.70000E+00 -2.40000E+00 -2.10000E+00 -1.80000E+00
#          -1.50000E+00 -1.20000E+00 -9.00000E-01 -6.00000E-01 -3.00000E-01
#           0.00000E+00  3.00000E-01  6.00000E-01  9.00000E-01  1.20000E+00
#           1.50000E+00  1.80000E+00  2.10000E+00  2.40000E+00  2.70000E+00
#           3.00000E+00  3.30000E+00  3.60000E+00  3.90000E+00  4.20000E+00
#           4.50000E+00  4.80000E+00  5.10000E+00  5.40000E+00  5.70000E+00
#           6.00000E+00  6.30000E+00  6.60000E+00  6.90000E+00  7.20000E+00
#           7.50000E+00  7.80000E+00  8.10000E+00  8.40000E+00  8.70000E+00
#           9.00000E+00  9.30000E+00  9.60000E+00  9.90000E+00  1.02000E+01
#           1.05000E+01  1.08000E+01  1.11000E+01  1.14000E+01  1.17000E+01
#           1.20000E+01  1.23000E+01  1.26000E+01  1.29000E+01  1.32000E+01
#           1.35000E+01  1.38000E+01  1.41000E+01  1.44000E+01  1.47000E+01
#           1.50000E+01
   z-type =    1            # z-mesh is given by the below data
       nz =      1          # number of z-mesh points
#    data = ( z(i), i = 1, nz + 1 )
            3.39300E+01  3.39500E+01
   e-type =    1            # e-mesh is given by the below data
       ne =      1          # number of e-mesh points
#    data = ( e(i), i = 1, ne + 1 )
            0.00000E+00  1.00000E+03
     unit =    1            # unit is [1/cm^2/source]
 material =  all            # (D=all) number of specific material
  2D-type =    3            # 1:Cont, 2:Clust, 3:Color, 4:xyz, 5:mat, 6:Clust+Cont, 7:Col+Cont
     axis =      xy            # axis of output
     file = ./out/track_xy_antes_disp2.out  # file name of output for the above axis
     part =  proton   
# kf/name :  2212     
    gshow =    1            # 0: no 1:bnd, 2:bnd+mat, 3:bnd+reg 4:bnd+lat 5:bmp style
    resol =    1            # (D=1) resolution of gshow or rshow
    width = 0.5000000       # (D=0.5) width of lines for gshow or rshow
   epsout =    1            # (D=0) generate eps file by ANGEL
#    used :        main (  %)        temp (  %)       total (  %)
#  memory :         177 (  0)           0 (  0)         177 (  0)

#------------------------------------------------------------------------------
#newpage:
#   no. =  1   ie  =  1   iz  =  1   part. = proton  
#   e = (   0.0000E+00  -   1.0000E+03  )
#   z = (   3.3930E+01  -   3.3950E+01  )

'no. =  1,  ie =  1,  iz =  1'
msuc: {\huge [t-track] in xyz mesh}
msdr: {\it plotted by \ANGEL \version}
msdl: {\it calculated by \PHITS  3.35}

x: x [cm]
y: y [cm]
set: c1[ 1.493] c2[ 0.737] c5[ 0.800] c6[ 0.849] c7[ 0.328] c8[ 0.000]
p: h2fs form[c1] xfac[c2] afac[c5] scal[c6] xorg[c7] yorg[c8] nosp
set: c3[   2.660010E+01] c4[   4.898452E+08]
p: cmin[c3] cmax[c4]
p: dmin(1e-31)
p: zlog
p: xmin( -10.00000    ) xmax(  10.10000    )
p: ymin( -15.00000    ) ymax(  15.00000    )
#  ny = 100   nx =  67
# ( ( data(x,y), x = 1, nx ), y = ny, 1, -1 )

hc:  y =   14.85000     to  -14.85000     by  0.3000000     ; x =  -9.850000     to   9.950000     by  0.3000000     ;
  0.000E+00  0.000E+00  0.000E+00  5.275E+03  0.000E+00  0.000E+00  0.000E+00  0.000E+00  2.123E+03  0.000E+00
  0.000E+00  0.000E+00  0.000E+00  0.000E+00  0.000E+00  0.000E+00  0.000E+00  0.000E+00  3.919E+03  9.386E+02
  4.883E+03  0.000E+00  0.000E+00  2.599E+03  0.000E+00  1.697E+03  0.000E+00  1.926E+03  0.000E+00  0.000E+00
  0.000E+00  0.000E+00  0.000E+00  1.895E+03  0.000E+00  0.000E+00  0.000E+00  0.000E+00  0.000E+00  1.401E+03
  0.000E+00  0.000E+00  1.974E+03  1.998E+03  0.000E+00  0.000E+00  0.000E+00  0.000E+00  0.000E+00  0.000E+00
  1.984E+03  0.000E+00  4.073E+03  2.054E+03  0.000E+00  0.000E+00  0.000E+00  0.000E+00  0.000E+00  0.000E+00
  4.235E+03  0.000E+00  0.000E+00  0.000E+00  0.000E+00  0.000E+00  0.000E+00  0.000E+00  0.000E+00  0.000E+00
  0.000E+00  0.000E+00  0.000E+00  0.000E+00  0.000E+00  2.041E+03  0.000E+00  1.979E+03  0.000E+00  0.000E+00
  0.000E+00  0.000E+00  0.000E+00  0.000E+00  0.000E+00  2.012E+03  1.091E+03  5.850E+03  1.909E+03  0.000E+00
  5.112E+02  0.000E+00  0.000E+00  0.000E+00  0.000E+00  0.000E+00  0.000E+00  0.000E+00  0.000E+00  0.000E+00
  0.000E+00  0.000E+00  0.000E+00  1.895E+03  0.000E+00  0.000E+00  1.933E+03  1.911E+03  0.000E+00  1.906E+03
  0.000E+00  0.000E+00  0.000E+00  0.000E+00  0.000E+00  0.000E+00  0.000E+00  2.065E+03  2.018E+03  0.000E+00
  0.000E+00  2.042E+03  1.983E+03  0.000E+00  0.000E+00  0.000E+00  0.000E+00  4.103E+03  0.000E+00  0.000E+00
  0.000E+00  0.000E+00  2.127E+03  0.000E+00  0.000E+00  0.000E+00  0.000E+00  0.000E+00  2.082E+03  0.000E+00
  0.000E+00  0.000E+00  0.000E+00  1.941E+03  0.000E+00  0.000E+00  0.000E+00  0.000E+00  0.000E+00  0.000E+00
  0.000E+00  3.939E+03  0.000E+00  0.000E+00  0.000E+00  0.000E+00  6.834E+03  1.951E+03  5.833E+03  2.024E+03
  0.000E+00  0.000E+00  1.924E+03  0.000E+00  0.000E+00  0.000E+00  0.000E+00  0.000E+00  0.000E+00  1.957E+03
  0.000E+00  0.000E+00  5.747E+03  0.000E+00  0.000E+00  0.000E+00  0.000E+00  1.948E+03  0.000E+00  0.000E+00
  3.807E+03  1.980E+03  1.915E+03  2.074E+03  0.000E+00  0.000E+00  1.558E+03  4.632E+02  0.000E+00  0.000E+00
  0.000E+00  0.000E+00  0.000E+00  2.042E+03  0.000E+00  0.000E+00  2.096E+03  9.616E+02  0.000E+00  0.000E+00
  0.000E+00  0.000E+00  0.000E+00  0.000E+00  0.000E+00  0.000E+00  0.000E+00  0.000E+00  0.000E+00  0.000E+00
  0.000E+00  1.982E+03  0.000E+00  0.000E+00  0.000E+00  1.957E+03  1.923E+03  1.899E+03  0.000E+00  1.903E+03
  0.000E+00  4.323E+02  0.000E+00  0.000E+00  0.000E+00  0.000E+00  1.892E+03  0.000E+00  0.000E+00  0.000E+00
  0.000E+00  1.926E+03  0.000E+00  0.000E+00  1.860E+03  1.917E+03  1.881E+03  1.854E+03  1.853E+03  0.000E+00
  1.925E+03  0.000E+00  0.000E+00  0.000E+00  1.870E+03  0.000E+00  0.000E+00  3.761E+03  0.000E+00  0.000E+00
  0.000E+00  0.000E+00  1.953E+03  0.000E+00  1.909E+03  1.931E+03  0.000E+00  0.000E+00  0.000E+00  0.000E+00
  2.039E+03  0.000E+00  0.000E+00  2.473E+03  3.620E+03  1.614E+03  0.000E+00  0.000E+00  0.000E+00  0.000E+00
  0.000E+00  0.000E+00  1.999E+03  0.000E+00  0.000E+00  0.000E+00  0.000E+00  2.563E+03  1.929E+03  7.240E+01
  0.000E+00  0.000E+00  0.000E+00  1.996E+03  0.000E+00  0.000E+00  1.897E+03  0.000E+00  1.509E+03  1.872E+03
  0.000E+00  0.000E+00  0.000E+00  3.336E+03  1.894E+03  1.859E+03  1.885E+03  0.000E+00  0.000E+00  3.789E+03
  0.000E+00  0.000E+00  1.865E+03  1.888E+03  1.884E+03  0.000E+00  1.844E+03  1.929E+03  1.874E+03  0.000E+00
  1.876E+03  0.000E+00  0.000E+00  3.657E+02  0.000E+00  4.282E+03  0.000E+00  0.000E+00  0.000E+00  1.916E+03
  0.000E+00  0.000E+00  0.000E+00  0.000E+00  0.000E+00  0.000E+00  0.000E+00  0.000E+00  0.000E+00  0.000E+00
  0.000E+00  0.000E+00  0.000E+00  0.000E+00  0.000E+00  0.000E+00  0.000E+00  0.000E+00  0.000E+00  0.000E+00
  1.965E+03  0.000E+00  0.000E+00  0.000E+00  0.000E+00  0.000E+00  0.000E+00  1.739E+02  1.888E+03  1.891E+03
  0.000E+00  1.899E+03  0.000E+00  0.000E+00  0.000E+00  0.000E+00  0.000E+00  1.929E+03  3.605E+03  0.000E+00
  1.579E+03  0.000E+00  0.000E+00  0.000E+00  0.000E+00  0.000E+00  3.654E+03  1.907E+03  0.000E+00  1.881E+03
  0.000E+00  0.000E+00  0.000E+00  1.918E+03  0.000E+00  0.000E+00  0.000E+00  0.000E+00  3.782E+03  0.000E+00
  5.732E+03  1.435E+03  0.000E+00  3.878E+03  9.353E+02  1.870E+03  1.877E+03  0.000E+00  0.000E+00  0.000E+00
  0.000E+00  0.000E+00  0.000E+00  0.000E+00  2.063E+03  0.000E+00  0.000E+00  0.000E+00  0.000E+00  0.000E+00
  0.000E+00  2.149E+03  0.000E+00  0.000E+00  0.000E+00  0.000E+00  0.000E+00  1.970E+03  1.947E+03  0.000E+00
  0.000E+00  0.000E+00  0.000E+00  0.000E+00  1.713E+03  0.000E+00  0.000E+00  0.000E+00  0.000E+00  0.000E+00
  1.949E+03  0.000E+00  3.737E+03  0.000E+00  1.864E+03  0.000E+00  1.882E+03  7.701E+02  1.807E+03  0.000E+00
  0.000E+00  5.470E+03  1.834E+03  0.000E+00  1.843E+03  0.000E+00  1.858E+03  1.769E+03  4.527E+03  1.799E+03
  0.000E+00  0.000E+00  5.117E+03  1.858E+03  0.000E+00  3.687E+03  1.273E+03  6.478E+03  1.904E+03  1.846E+03
  0.000E+00  8.791E+02  0.000E+00  0.000E+00  0.000E+00  0.000E+00  3.773E+03  0.000E+00  1.931E+03  0.000E+00
  0.000E+00  0.000E+00  0.000E+00  0.000E+00  0.000E+00  0.000E+00  0.000E+00  0.000E+00  2.169E+03  0.000E+00
  0.000E+00  2.033E+03  0.000E+00  0.000E+00  0.000E+00  1.967E+03  0.000E+00  3.317E+03  0.000E+00  5.905E+03
  3.873E+03  0.000E+00  0.000E+00  1.857E+03  0.000E+00  0.000E+00  0.000E+00  1.876E+03  0.000E+00  0.000E+00
  0.000E+00  1.808E+03  2.010E+03  1.832E+03  3.653E+03  0.000E+00  0.000E+00  0.000E+00  1.775E+03  0.000E+00
  1.756E+03  3.700E+03  3.600E+03  1.849E+03  1.806E+03  1.769E+03  0.000E+00  1.918E+03  1.819E+03  4.490E+03
  1.736E+03  1.837E+03  0.000E+00  5.899E+02  4.215E+03  0.000E+00  0.000E+00  0.000E+00  0.000E+00  0.000E+00
  0.000E+00  0.000E+00  0.000E+00  0.000E+00  0.000E+00  0.000E+00  0.000E+00  3.878E+03  0.000E+00  0.000E+00
  0.000E+00  0.000E+00  0.000E+00  0.000E+00  0.000E+00  0.000E+00  0.000E+00  1.983E+03  0.000E+00  2.019E+03
  0.000E+00  0.000E+00  0.000E+00  0.000E+00  0.000E+00  1.884E+03  0.000E+00  1.576E+03  3.741E+02  0.000E+00
  3.626E+03  0.000E+00  1.929E+03  0.000E+00  1.858E+03  7.504E+03  1.004E+04  2.768E+03  0.000E+00  1.780E+03
  3.656E+03  0.000E+00  1.790E+03  3.588E+03  0.000E+00  1.818E+03  1.835E+03  5.348E+03  0.000E+00  1.791E+03
  3.608E+03  0.000E+00  1.730E+03  1.798E+03  1.732E+03  0.000E+00  2.148E+03  6.447E+03  1.826E+03  3.565E+03
  1.805E+03  2.075E+03  0.000E+00  0.000E+00  0.000E+00  0.000E+00  0.000E+00  1.891E+03  1.886E+03  0.000E+00
  0.000E+00  0.000E+00  1.875E+03  3.738E+03  0.000E+00  0.000E+00  0.000E+00  0.000E+00  0.000E+00  0.000E+00
  2.070E+03  0.000E+00  2.015E+03  0.000E+00  2.023E+03  0.000E+00  0.000E+00  0.000E+00  0.000E+00  3.859E+03
  1.889E+03  1.890E+03  1.463E+03  0.000E+00  0.000E+00  0.000E+00  0.000E+00  0.000E+00  0.000E+00  0.000E+00
  0.000E+00  1.787E+03  1.823E+03  8.250E+02  5.448E+03  0.000E+00  2.123E+03  1.829E+03  1.661E+02  0.000E+00
  1.776E+03  3.630E+03  1.817E+03  1.711E+03  5.286E+03  0.000E+00  0.000E+00  3.689E+03  2.539E+03  4.415E+03
  0.000E+00  0.000E+00  0.000E+00  0.000E+00  2.685E+03  0.000E+00  1.787E+03  1.839E+03  0.000E+00  1.785E+03
  0.000E+00  1.827E+03  1.794E+03  0.000E+00  0.000E+00  1.123E+03  0.000E+00  0.000E+00  1.850E+03  1.860E+03
  0.000E+00  0.000E+00  0.000E+00  0.000E+00  1.937E+03  1.914E+03  0.000E+00  2.046E+03  0.000E+00  0.000E+00
  0.000E+00  0.000E+00  0.000E+00  0.000E+00  1.944E+03  0.000E+00  0.000E+00  1.918E+03  0.000E+00  4.148E+03
  0.000E+00  0.000E+00  1.847E+03  0.000E+00  2.324E+03  0.000E+00  1.864E+03  3.613E+03  0.000E+00  0.000E+00
  1.807E+03  0.000E+00  0.000E+00  3.550E+03  6.956E+03  3.341E+03  1.756E+03  4.323E+03  1.726E+03  2.386E+03
  3.427E+03  3.660E+03  0.000E+00  1.744E+03  1.766E+03  2.666E+03  7.148E+03  1.866E+03  1.754E+03  0.000E+00
  1.747E+03  0.000E+00  5.311E+03  1.748E+03  1.301E+03  3.613E+03  0.000E+00  2.169E+03  3.543E+03  1.836E+03
  1.849E+03  1.879E+03  6.813E+02  0.000E+00  1.846E+03  0.000E+00  0.000E+00  0.000E+00  3.879E+03  1.927E+03
  0.000E+00  1.957E+03  0.000E+00  0.000E+00  0.000E+00  0.000E+00  0.000E+00  0.000E+00  0.000E+00  1.907E+03
  0.000E+00  1.972E+03  3.739E+03  0.000E+00  0.000E+00  0.000E+00  3.660E+03  0.000E+00  5.526E+03  0.000E+00
  4.283E+03  1.269E+03  1.851E+03  1.777E+03  5.396E+03  1.838E+03  1.255E+03  0.000E+00  1.789E+03  1.726E+03
  0.000E+00  1.792E+03  0.000E+00  0.000E+00  3.624E+03  1.762E+03  4.722E+03  1.751E+03  1.716E+03  2.863E+02
  0.000E+00  3.534E+03  1.764E+03  4.235E+03  1.785E+03  3.448E+03  4.618E+02  4.343E+03  3.866E+03  0.000E+00
  0.000E+00  2.175E+03  1.768E+03  5.430E+03  0.000E+00  1.973E+03  1.300E+02  0.000E+00  1.761E+03  0.000E+00
  0.000E+00  1.854E+03  5.559E+03  0.000E+00  1.852E+03  0.000E+00  0.000E+00  0.000E+00  0.000E+00  0.000E+00
  0.000E+00  1.934E+03  3.885E+03  1.925E+03  1.973E+03  0.000E+00  0.000E+00  0.000E+00  0.000E+00  2.132E+03
  1.804E+03  0.000E+00  1.876E+03  1.898E+03  0.000E+00  0.000E+00  1.742E+03  1.315E+03  8.797E+02  1.759E+03
  3.567E+03  5.356E+03  1.780E+03  2.237E+03  1.748E+03  1.826E+03  0.000E+00  1.691E+03  6.909E+03  2.500E+03
  0.000E+00  1.061E+03  3.415E+03  0.000E+00  0.000E+00  3.370E+03  5.470E+03  1.713E+03  1.717E+03  4.338E+03
  3.470E+03  0.000E+00  4.492E+03  4.649E+03  5.170E+03  1.697E+03  0.000E+00  5.108E+03  5.166E+03  3.500E+03
  3.412E+03  3.480E+03  6.189E+03  3.429E+03  0.000E+00  3.575E+03  1.910E+03  3.774E+03  0.000E+00  3.661E+03
  3.651E+03  1.816E+03  0.000E+00  1.919E+03  0.000E+00  2.227E+03  1.873E+03  0.000E+00  0.000E+00  0.000E+00
  2.028E+03  0.000E+00  0.000E+00  0.000E+00  0.000E+00  1.930E+03  1.872E+03  1.835E+03  1.885E+03  0.000E+00
  3.564E+02  0.000E+00  1.720E+03  1.847E+03  0.000E+00  2.741E+03  5.327E+03  0.000E+00  3.515E+03  1.819E+03
  1.798E+03  0.000E+00  5.334E+03  0.000E+00  0.000E+00  3.751E+03  3.028E+03  4.451E+03  1.771E+03  3.420E+03
  5.168E+03  5.092E+03  6.673E+03  3.680E+03  0.000E+00  3.626E+01  2.484E+03  0.000E+00  8.939E+02  1.710E+03
  1.691E+03  0.000E+00  0.000E+00  3.495E+03  4.861E+03  3.791E+03  1.707E+03  1.852E+03  5.347E+03  0.000E+00
  3.468E+03  1.716E+03  1.873E+03  5.068E+03  0.000E+00  1.778E+03  0.000E+00  1.826E+03  0.000E+00  0.000E+00
  3.618E+03  0.000E+00  1.223E+04  0.000E+00  0.000E+00  0.000E+00  0.000E+00  1.983E+03  0.000E+00  1.927E+03
  3.813E+03  0.000E+00  1.901E+03  1.793E+03  0.000E+00  0.000E+00  0.000E+00  2.408E+03  0.000E+00  1.766E+03
  1.777E+03  3.470E+03  1.794E+03  0.000E+00  3.441E+03  2.229E+03  0.000E+00  1.705E+03  3.363E+03  1.752E+03
  0.000E+00  1.668E+03  4.830E+03  5.088E+03  4.165E+03  0.000E+00  0.000E+00  8.383E+03  3.451E+03  5.114E+03
  5.137E+03  3.357E+03  8.540E+03  3.236E+03  2.123E+03  2.552E+03  1.703E+03  1.682E+03  1.716E+03  3.403E+03
  1.668E+03  3.436E+03  1.691E+03  6.897E+03  0.000E+00  3.421E+03  1.795E+03  1.721E+03  0.000E+00  1.749E+03
  2.898E+02  1.817E+03  0.000E+00  0.000E+00  3.549E+03  1.783E+03  1.820E+03  1.895E+03  0.000E+00  0.000E+00
  1.856E+03  1.248E+03  3.899E+03  0.000E+00  0.000E+00  0.000E+00  0.000E+00  0.000E+00  0.000E+00  1.865E+03
  1.875E+03  0.000E+00  0.000E+00  1.871E+03  2.702E+03  0.000E+00  0.000E+00  0.000E+00  3.495E+03  0.000E+00
  2.283E+03  2.938E+03  3.423E+03  7.976E+03  0.000E+00  1.733E+03  1.668E+03  1.760E+03  0.000E+00  1.690E+03
  3.540E+03  4.980E+03  1.176E+04  3.368E+03  0.000E+00  5.025E+03  0.000E+00  3.413E+03  1.011E+04  6.187E+03
  6.727E+03  3.306E+03  1.687E+03  6.216E+03  3.348E+03  3.477E+03  3.370E+03  0.000E+00  3.416E+03  3.621E+03
  1.716E+03  1.737E+03  1.707E+03  5.843E+03  0.000E+00  3.524E+03  0.000E+00  5.411E+03  1.771E+03  3.609E+03
  0.000E+00  0.000E+00  3.699E+03  1.815E+03  1.787E+03  1.640E+03  1.694E+02  1.923E+03  1.020E+03  0.000E+00
  1.991E+03  1.963E+03  0.000E+00  0.000E+00  0.000E+00  0.000E+00  0.000E+00  0.000E+00  1.819E+03  0.000E+00
  1.768E+03  3.593E+03  0.000E+00  3.483E+03  1.765E+03  0.000E+00  5.235E+03  3.069E+03  6.952E+03  1.749E+03
  9.129E+03  3.337E+03  1.681E+03  1.645E+03  1.699E+03  3.448E+03  2.219E+03  4.948E+03  4.228E+03  3.375E+03
  5.052E+03  1.162E+04  1.159E+04  9.904E+03  4.971E+03  3.251E+03  3.868E+03  5.701E+03  5.027E+03  3.229E+03
  7.372E+03  1.684E+03  3.360E+03  4.967E+03  0.000E+00  5.112E+03  5.335E+03  3.309E+03  3.399E+03  8.562E+03
  7.042E+03  3.471E+03  1.752E+03  1.697E+03  1.692E+03  0.000E+00  0.000E+00  3.616E+03  3.646E+03  1.811E+03
  0.000E+00  1.795E+03  1.780E+03  1.803E+03  0.000E+00  1.466E+03  0.000E+00  1.900E+03  0.000E+00  0.000E+00
  0.000E+00  3.900E+03  1.914E+03  0.000E+00  0.000E+00  1.532E+03  0.000E+00  0.000E+00  0.000E+00  1.721E+03
  0.000E+00  1.748E+03  0.000E+00  0.000E+00  2.137E+03  6.487E+03  3.770E+03  1.971E+03  5.056E+03  1.669E+03
  4.628E+03  3.389E+03  1.688E+03  4.458E+03  1.726E+03  7.433E+03  1.169E+04  4.972E+03  1.710E+03  3.137E+03
  5.021E+03  1.950E+03  7.622E+03  1.619E+03  8.203E+03  4.861E+03  4.950E+03  6.707E+03  1.702E+03  6.537E+03
  5.844E+03  3.279E+03  6.012E+03  1.829E+03  5.018E+03  3.429E+03  1.656E+03  1.679E+03  3.489E+03  5.162E+03
  0.000E+00  0.000E+00  3.496E+03  3.571E+03  3.518E+03  3.482E+03  0.000E+00  0.000E+00  3.540E+03  1.822E+03
  0.000E+00  9.769E+02  1.824E+03  0.000E+00  0.000E+00  0.000E+00  0.000E+00  2.896E+02  0.000E+00  0.000E+00
  1.778E+03  1.831E+03  0.000E+00  0.000E+00  1.882E+03  8.283E+03  0.000E+00  1.649E+03  1.775E+03  3.350E+03
  5.144E+03  3.385E+03  2.016E+03  3.385E+03  5.093E+03  0.000E+00  3.439E+03  3.780E+02  6.737E+03  6.724E+03
  6.574E+03  4.918E+03  1.143E+04  3.617E+03  6.569E+03  3.275E+03  5.385E+03  6.414E+03  9.405E+03  5.308E+03
  1.625E+03  4.866E+03  6.597E+03  3.255E+03  1.634E+03  5.007E+03  3.240E+03  4.980E+03  3.317E+03  5.458E+03
  5.448E+03  4.965E+03  5.074E+03  8.309E+03  1.702E+03  6.717E+03  1.560E+02  1.680E+03  1.723E+03  0.000E+00
  3.462E+03  1.775E+03  1.796E+03  0.000E+00  1.837E+03  1.815E+03  0.000E+00  0.000E+00  2.646E+03  0.000E+00
  0.000E+00  0.000E+00  0.000E+00  1.813E+03  1.516E+03  0.000E+00  3.830E+03  1.843E+03  3.592E+03  0.000E+00
  3.537E+03  1.730E+03  3.756E+02  3.468E+03  3.451E+03  1.741E+03  5.115E+03  5.121E+03  0.000E+00  6.246E+03
  8.697E+03  5.988E+03  1.675E+03  1.604E+03  6.611E+03  3.351E+03  3.280E+03  1.140E+04  4.893E+03  6.485E+03
  1.594E+04  6.483E+03  3.140E+03  4.721E+03  9.704E+03  4.928E+03  4.761E+03  4.870E+03  8.062E+03  9.820E+03
  7.967E+03  4.871E+03  4.283E+03  4.771E+03  1.635E+03  1.485E+04  1.082E+04  6.929E+03  4.936E+03  6.547E+03
  5.186E+03  1.003E+04  8.515E+03  6.654E+03  1.625E+03  3.370E+03  1.761E+03  3.420E+03  3.448E+03  3.478E+03
  3.081E+03  1.001E+03  1.792E+03  1.819E+03  2.906E+03  0.000E+00  1.780E+03  1.771E+03  0.000E+00  0.000E+00
  1.927E+02  0.000E+00  0.000E+00  0.000E+00  4.334E+02  1.358E+03  1.693E+03  0.000E+00  6.967E+03  5.152E+03
  1.683E+03  1.338E+04  1.717E+03  1.691E+03  0.000E+00  3.295E+03  3.829E+03  4.861E+03  1.647E+03  0.000E+00
  1.138E+04  3.212E+03  4.791E+03  8.125E+03  3.258E+03  6.416E+03  4.952E+03  6.335E+03  1.198E+04  3.200E+03
  7.989E+03  0.000E+00  6.467E+03  8.480E+03  1.346E+04  1.041E+04  8.053E+03  1.041E+04  7.125E+03  7.745E+03
  6.501E+03  4.858E+03  1.305E+04  6.381E+03  7.559E+03  3.275E+03  3.689E+03  1.163E+04  6.699E+03  8.215E+03
  0.000E+00  0.000E+00  3.414E+03  3.393E+03  3.388E+03  3.479E+03  6.976E+03  3.460E+03  8.095E+02  0.000E+00
  6.218E+02  1.786E+03  0.000E+00  0.000E+00  1.883E+03  0.000E+00  0.000E+00  3.356E+03  1.844E+03  5.412E+03
  0.000E+00  1.788E+03  1.832E+03  1.777E+03  0.000E+00  1.693E+03  0.000E+00  1.669E+03  5.023E+03  3.410E+03
  0.000E+00  1.705E+03  4.912E+03  1.681E+03  1.658E+03  8.182E+03  8.382E+03  4.907E+03  3.225E+03  6.755E+03
  1.719E+03  6.290E+03  7.218E+03  1.008E+04  7.932E+03  8.830E+03  4.822E+03  1.251E+04  6.404E+03  1.282E+04
  7.512E+03  1.751E+04  9.904E+03  9.576E+03  1.540E+04  9.935E+03  1.393E+04  3.237E+03  1.919E+04  3.312E+03
  1.130E+04  9.750E+03  8.074E+03  9.765E+03  6.635E+03  8.227E+03  8.269E+03  1.147E+04  3.361E+03  1.672E+03
  1.719E+03  6.755E+03  5.094E+03  1.722E+03  3.466E+03  1.748E+03  7.088E+03  1.735E+03  0.000E+00  1.877E+03
  0.000E+00  1.796E+03  1.780E+03  0.000E+00  0.000E+00  0.000E+00  1.774E+03  0.000E+00  8.105E+02  2.027E+03
  0.000E+00  3.445E+03  5.240E+03  5.208E+03  0.000E+00  1.692E+03  8.563E+03  1.743E+03  0.000E+00  6.664E+03
  6.509E+03  5.446E+03  9.838E+03  1.085E+04  1.685E+03  9.410E+03  1.106E+04  3.344E+03  1.558E+03  1.214E+04
  1.216E+04  1.193E+04  9.465E+03  1.733E+04  1.540E+04  7.843E+03  6.127E+03  1.449E+04  1.259E+04  1.609E+04
  6.680E+03  1.260E+04  1.699E+04  1.634E+04  6.255E+03  1.367E+04  1.195E+04  1.269E+04  1.005E+04  9.620E+03
  1.449E+04  1.135E+04  8.273E+03  1.353E+04  1.651E+03  1.638E+03  1.591E+03  0.000E+00  1.681E+03  3.293E+03
  5.073E+03  6.846E+03  0.000E+00  3.560E+03  5.298E+03  0.000E+00  0.000E+00  0.000E+00  1.776E+03  3.675E+03
  1.831E+03  7.273E+03  0.000E+00  0.000E+00  1.631E+03  8.733E+03  5.282E+03  3.455E+03  3.868E+03  5.022E+03
  7.986E+02  5.034E+03  1.662E+03  4.361E+03  2.219E+03  3.241E+03  9.097E+03  8.795E+03  8.111E+03  4.807E+03
  7.709E+03  8.341E+03  6.739E+03  1.104E+04  1.590E+04  6.209E+03  1.579E+04  2.206E+04  1.321E+04  1.241E+04
  1.410E+04  1.275E+04  1.251E+04  1.318E+04  1.643E+04  1.663E+04  9.392E+03  2.348E+04  2.202E+04  1.241E+04
  1.150E+04  8.237E+03  1.325E+04  1.325E+04  1.104E+04  7.664E+03  6.386E+03  1.114E+04  3.519E+03  6.786E+03
  1.585E+03  0.000E+00  4.875E+03  3.344E+03  1.711E+03  1.677E+03  6.680E+03  1.621E+03  6.628E+03  1.780E+03
  3.446E+03  3.504E+03  1.756E+03  5.251E+03  1.777E+03  1.745E+03  1.707E+03  1.791E+03  2.318E+03  5.553E+03
  3.539E+03  3.528E+03  1.682E+03  3.487E+03  5.175E+03  3.441E+03  1.724E+03  7.555E+03  9.037E+03  4.623E+03
  4.920E+03  3.307E+03  9.709E+03  3.905E+03  1.488E+04  8.050E+03  4.807E+03  1.232E+04  7.434E+03  1.285E+04
  1.254E+04  8.971E+03  9.563E+03  1.720E+04  2.065E+04  1.413E+04  1.655E+04  1.081E+04  1.309E+04  1.084E+04
  1.390E+04  2.581E+04  1.477E+04  1.179E+04  1.464E+04  1.846E+04  1.078E+04  1.210E+04  1.382E+04  1.400E+04
  1.575E+04  4.770E+03  1.195E+04  1.242E+04  1.121E+04  1.963E+04  1.359E+04  7.398E+03  3.920E+03  4.902E+03
  6.538E+03  5.038E+03  9.913E+03  8.314E+03  1.637E+03  6.929E+03  3.871E+03  1.706E+03  0.000E+00  3.402E+03
  1.717E+03  1.730E+03  1.806E+03  0.000E+00  3.603E+03  0.000E+00  0.000E+00  1.700E+03  0.000E+00  1.746E+03
  1.713E+03  1.710E+03  1.653E+03  1.700E+03  3.288E+03  8.316E+03  5.368E+03  8.261E+03  6.059E+03  8.771E+03
  9.627E+03  8.006E+03  4.785E+03  8.009E+03  1.541E+04  9.693E+03  6.651E+03  1.410E+04  1.256E+04  2.469E+04
  2.177E+04  1.893E+04  1.834E+04  2.049E+04  1.697E+04  2.187E+04  1.749E+04  2.635E+04  1.600E+04  2.548E+04
  1.769E+04  2.865E+04  1.731E+04  1.247E+04  1.692E+04  1.388E+04  1.561E+04  1.249E+04  1.406E+04  1.476E+04
  1.268E+04  9.501E+03  4.398E+03  7.146E+03  7.240E+03  1.014E+04  1.055E+04  4.888E+03  6.596E+03  6.577E+03
  1.625E+03  3.299E+03  6.701E+02  1.081E+04  5.366E+03  3.976E+03  3.444E+03  3.493E+03  3.517E+03  1.723E+03
  1.776E+03  1.743E+03  1.835E+03  0.000E+00  0.000E+00  1.726E+03  3.432E+03  3.347E+03  3.352E+03  8.083E+01
  3.445E+03  5.014E+03  1.609E+03  1.380E+04  1.468E+04  9.732E+03  1.040E+04  4.861E+03  8.001E+03  9.451E+03
  1.582E+04  7.866E+03  7.666E+03  6.240E+03  1.141E+04  1.135E+04  1.879E+04  1.605E+04  1.499E+04  2.505E+04
  2.164E+04  2.292E+04  2.295E+04  2.612E+04  2.044E+04  3.600E+04  2.535E+04  3.218E+04  2.583E+04  2.668E+04
  2.659E+04  2.457E+04  2.233E+04  1.694E+04  1.754E+04  1.704E+04  2.154E+04  1.755E+04  1.099E+04  7.233E+03
  1.238E+04  1.109E+04  6.588E+03  9.321E+03  4.854E+03  6.837E+03  4.559E+03  4.517E+03  3.695E+03  7.627E+03
  7.276E+03  1.737E+03  2.805E+03  6.826E+03  3.348E+03  5.262E+03  1.775E+03  3.427E+03  0.000E+00  0.000E+00
  1.798E+03  3.491E+03  0.000E+00  6.958E+03  3.446E+03  2.008E+03  5.018E+03  5.025E+03  6.602E+03  4.978E+03
  1.325E+04  8.018E+03  3.312E+03  9.541E+03  8.014E+03  1.283E+04  1.254E+04  9.517E+03  1.701E+04  1.571E+04
  1.582E+04  2.442E+04  2.270E+04  1.719E+04  1.853E+04  2.706E+04  1.436E+04  2.336E+04  1.360E+04  4.085E+04
  4.547E+04  2.214E+04  1.208E+04  2.308E+04  1.853E+04  2.168E+04  1.877E+04  1.159E+04  1.821E+04  1.378E+04
  1.976E+04  1.327E+04  1.384E+04  1.879E+04  1.412E+04  1.378E+04  9.990E+03  1.080E+04  1.425E+04  9.543E+03
  9.403E+03  3.191E+03  8.067E+03  3.328E+03  5.040E+03  8.286E+03  6.619E+03  6.632E+03  4.148E+03  1.697E+03
  6.627E+03  3.468E+03  1.701E+03  2.670E+03  1.817E+03  1.782E+03  1.798E+03  5.208E+03  0.000E+00  0.000E+00
  3.471E+03  0.000E+00  6.235E+03  3.322E+03  1.658E+03  6.528E+03  3.809E+03  1.173E+04  0.000E+00  4.814E+03
  6.451E+03  9.772E+03  1.226E+04  1.609E+04  1.091E+04  1.257E+04  2.031E+04  2.863E+04  2.021E+04  1.532E+04
  1.958E+04  2.757E+04  2.585E+04  1.746E+04  3.571E+04  3.162E+04  2.257E+04  1.497E+04  3.604E+04  2.719E+04
  3.596E+04  4.076E+04  2.854E+04  2.681E+04  3.032E+04  2.530E+04  3.498E+04  2.247E+04  2.150E+04  2.446E+04
  1.309E+04  3.578E+04  1.149E+04  2.069E+04  1.780E+04  1.714E+04  7.885E+03  6.193E+03  7.877E+03  4.768E+03
  3.216E+03  8.155E+03  6.566E+03  4.882E+03  6.090E+03  2.993E+03  5.030E+03  1.093E+04  1.674E+03  5.848E+03
  5.205E+03  1.777E+03  0.000E+00  1.772E+03  3.348E+03  1.813E+03  1.698E+03  3.428E+03  3.346E+03  1.035E+04
  6.836E+03  6.569E+03  9.904E+03  6.421E+03  6.924E+03  7.861E+03  4.790E+03  1.265E+04  2.211E+04  9.399E+03
  2.097E+04  1.858E+04  1.308E+04  1.697E+04  1.980E+04  2.813E+04  2.828E+04  2.827E+04  1.503E+04  3.367E+04
  3.043E+04  2.975E+04  2.090E+04  2.535E+04  4.201E+04  2.469E+04  3.513E+04  3.079E+04  3.549E+04  2.546E+04
  2.853E+04  1.941E+04  3.927E+04  1.928E+04  1.954E+04  2.551E+04  2.117E+04  1.888E+04  2.674E+04  1.388E+04
  2.303E+04  1.727E+04  1.070E+04  1.255E+04  1.909E+04  1.573E+04  8.070E+03  1.663E+03  3.183E+03  5.818E+03
  8.293E+03  1.749E+03  4.551E+02  6.250E+03  5.024E+03  0.000E+00  1.714E+03  2.012E+03  3.064E+03  1.675E+03
  0.000E+00  1.025E+04  1.684E+03  3.318E+03  3.322E+03  3.362E+03  6.627E+03  5.417E+03  7.452E+03  1.281E+04
  8.257E+03  6.754E+03  1.747E+04  1.207E+04  1.575E+04  1.851E+04  1.432E+04  1.597E+04  1.462E+04  1.712E+04
  2.970E+04  2.448E+04  3.223E+04  2.420E+04  3.727E+04  3.438E+04  3.294E+04  2.954E+04  5.217E+04  3.983E+04
  4.241E+04  3.830E+04  3.270E+04  3.960E+04  2.627E+04  4.139E+04  3.257E+04  3.702E+04  2.570E+04  3.340E+04
  3.029E+04  3.032E+04  2.758E+04  2.756E+04  2.596E+04  1.132E+04  2.577E+04  2.131E+04  3.202E+04  2.534E+04
  1.253E+04  1.254E+04  2.133E+04  1.516E+04  8.773E+03  0.000E+00  7.128E+03  5.113E+03  8.033E+03  0.000E+00
  6.617E+03  3.293E+03  4.975E+03  6.816E+03  4.804E+03  3.519E+03  3.447E+03  1.662E+03  3.453E+03  1.649E+03
  0.000E+00  6.680E+03  7.524E+03  7.328E+03  1.672E+03  8.090E+03  1.047E+04  9.337E+03  6.382E+03  5.817E+03
  2.637E+04  1.403E+04  7.811E+03  1.569E+04  2.971E+04  2.372E+04  2.137E+04  3.322E+04  2.592E+04  4.336E+04
  4.363E+04  3.367E+04  2.787E+04  4.610E+04  3.715E+04  2.521E+04  4.185E+04  3.040E+04  4.326E+04  3.728E+04
  5.450E+04  3.993E+04  3.770E+04  3.832E+04  4.102E+04  3.245E+04  2.072E+04  3.613E+04  4.191E+04  3.407E+04
  2.528E+04  4.145E+04  4.305E+04  2.430E+04  2.486E+04  1.747E+04  1.978E+04  1.547E+04  1.401E+04  1.399E+04
  1.421E+04  5.481E+03  9.647E+03  1.401E+04  1.338E+04  4.890E+03  3.279E+03  3.360E+03  3.288E+03  6.682E+03
  3.375E+03  1.683E+03  3.414E+02  2.660E+01  0.000E+00  5.170E+03  1.358E+03  2.046E+03  1.673E+03  1.158E+04
  1.810E+04  8.196E+03  6.537E+03  8.020E+03  4.770E+03  1.571E+04  1.101E+04  9.347E+03  1.238E+04  1.086E+04
  2.061E+04  2.117E+04  3.683E+04  1.971E+04  2.657E+04  2.642E+04  3.821E+04  3.377E+04  4.307E+04  4.688E+04
  3.660E+04  3.148E+04  2.930E+04  4.238E+04  3.637E+04  3.835E+04  6.971E+04  4.253E+04  5.241E+04  5.765E+04
  3.726E+04  4.479E+04  4.582E+04  4.429E+04  4.279E+04  4.378E+04  2.739E+04  2.099E+04  2.474E+04  2.961E+04
  3.274E+04  2.867E+04  2.113E+04  9.233E+03  2.013E+04  1.248E+04  1.594E+04  1.564E+04  4.715E+03  7.059E+03
  1.639E+04  6.929E+03  4.837E+03  4.947E+03  6.534E+03  4.223E+03  5.718E+03  1.629E+03  1.665E+03  5.132E+03
  3.472E+03  3.239E+03  1.689E+03  1.732E+03  3.313E+03  3.325E+03  4.937E+03  8.937E+03  1.435E+04  5.958E+03
  7.795E+03  7.312E+03  1.347E+04  1.566E+04  1.803E+04  1.535E+04  1.733E+04  2.720E+04  2.770E+04  2.416E+04
  2.708E+04  2.614E+04  4.257E+04  3.981E+04  3.340E+04  3.091E+04  3.887E+04  4.050E+04  4.946E+04  3.941E+04
  5.494E+04  5.973E+04  5.717E+04  7.091E+04  5.106E+04  4.958E+04  5.765E+04  6.456E+04  6.710E+04  4.845E+04
  4.829E+04  3.972E+04  3.566E+04  4.293E+04  3.126E+04  4.627E+04  4.166E+04  3.207E+04  3.741E+04  2.932E+04
  2.126E+04  3.267E+04  1.233E+04  1.416E+04  9.108E+03  1.243E+04  9.511E+03  1.971E+04  8.804E+03  5.900E+03
  5.335E+03  6.318E+03  3.401E+03  3.389E+03  3.367E+03  3.348E+03  0.000E+00  6.167E+03  3.629E+03  4.265E+03
  3.352E+03  3.236E+03  4.940E+03  8.647E+03  2.706E+03  1.133E+04  9.993E+03  7.319E+03  1.477E+04  8.443E+03
  1.825E+04  2.505E+04  1.246E+04  1.096E+04  2.730E+04  2.109E+04  3.831E+04  3.150E+04  4.528E+04  5.671E+04
  3.169E+04  4.688E+04  4.062E+04  6.272E+04  5.269E+04  5.199E+04  4.783E+04  6.299E+04  5.744E+04  4.061E+04
  6.430E+04  5.378E+04  5.506E+04  6.196E+04  8.272E+04  4.242E+04  6.386E+04  3.330E+04  4.045E+04  4.195E+04
  4.021E+04  3.615E+04  4.123E+04  3.106E+04  3.048E+04  3.424E+04  3.326E+04  2.583E+04  3.355E+04  2.348E+04
  1.620E+04  1.016E+04  1.096E+04  1.255E+04  9.501E+03  2.145E+04  6.884E+03  5.960E+03  4.957E+03  3.308E+03
  2.796E+03  5.532E+03  5.039E+03  4.774E+02  7.910E+03  3.407E+03  5.031E+03  0.000E+00  1.671E+03  3.324E+03
  4.895E+03  1.661E+03  4.809E+03  1.444E+04  1.432E+04  6.360E+03  1.657E+04  6.573E+03  1.308E+04  2.227E+04
  1.738E+04  4.362E+04  2.526E+04  3.232E+04  2.380E+04  5.039E+04  3.909E+04  4.225E+04  4.694E+04  4.664E+04
  6.395E+04  5.811E+04  4.986E+04  5.805E+04  7.119E+04  6.535E+04  6.481E+04  6.003E+04  6.936E+04  6.573E+04
  5.535E+04  4.815E+04  6.230E+04  6.208E+04  6.163E+04  5.285E+04  4.548E+04  4.625E+04  3.748E+04  4.776E+04
  2.834E+04  3.482E+04  4.115E+04  2.884E+04  2.844E+04  2.703E+04  3.342E+04  2.210E+04  9.802E+03  9.261E+03
  2.026E+04  1.424E+04  1.416E+04  3.185E+03  6.937E+03  8.777E+03  6.765E+03  0.000E+00  8.026E+03  6.794E+03
  0.000E+00  3.390E+03  5.062E+03  5.036E+03  1.340E+04  6.199E+03  5.321E+03  1.645E+03  4.868E+03  4.790E+03
  9.641E+03  1.870E+04  1.732E+04  6.071E+03  2.396E+04  2.482E+04  2.281E+04  2.183E+04  3.283E+04  2.375E+04
  3.200E+04  4.017E+04  4.561E+04  4.386E+04  5.161E+04  4.238E+04  4.857E+04  6.537E+04  6.396E+04  6.420E+04
  6.820E+04  8.428E+04  7.138E+04  7.370E+04  5.784E+04  6.789E+04  1.031E+05  1.006E+05  7.454E+04  7.182E+04
  6.471E+04  5.854E+04  6.472E+04  5.852E+04  5.256E+04  4.137E+04  3.789E+04  2.429E+04  4.644E+04  3.713E+04
  1.770E+04  2.758E+04  2.238E+04  2.424E+04  1.973E+04  2.768E+04  3.043E+04  2.120E+04  1.182E+04  1.167E+04
  1.278E+04  1.621E+04  1.295E+04  1.640E+03  5.838E+03  5.959E+03  1.661E+03  5.048E+03  5.148E+03  7.875E+03
  6.661E+03  4.971E+03  8.136E+03  2.476E+03  5.536E+03  6.646E+03  4.177E+03  3.111E+03  1.738E+04  1.091E+04
  9.904E+03  1.689E+04  1.612E+04  2.773E+04  1.834E+04  3.882E+04  2.942E+04  5.138E+04  3.025E+04  3.601E+04
  4.151E+04  3.753E+04  5.841E+04  6.067E+04  7.351E+04  6.365E+04  7.652E+04  6.057E+04  8.985E+04  8.985E+04
  1.225E+05  1.173E+05  1.386E+05  9.644E+04  8.378E+04  9.301E+04  9.428E+04  8.929E+04  6.424E+04  8.437E+04
  6.725E+04  6.954E+04  6.194E+04  4.979E+04  3.664E+04  2.830E+04  4.558E+04  3.844E+04  2.474E+04  2.996E+04
  3.326E+04  3.330E+04  2.046E+04  4.394E+04  2.372E+04  1.374E+04  1.261E+04  1.093E+04  1.453E+04  1.629E+03
  7.019E+03  1.100E+04  6.488E+03  6.642E+03  5.017E+03  1.794E+03  3.340E+03  6.602E+03  6.543E+03  0.000E+00
  6.507E+03  6.475E+03  8.110E+03  9.263E+03  1.145E+04  1.320E+04  1.515E+04  1.976E+04  2.285E+04  3.102E+04
  2.048E+04  3.654E+04  4.427E+04  3.773E+04  3.680E+04  4.061E+04  4.154E+04  6.026E+04  5.503E+04  6.179E+04
  7.502E+04  8.423E+04  8.085E+04  8.655E+04  1.159E+05  1.553E+05  2.011E+05  2.370E+05  2.695E+05  2.831E+05
  3.018E+05  2.261E+05  1.745E+05  1.376E+05  1.166E+05  1.103E+05  6.719E+04  1.043E+05  8.905E+04  6.001E+04
  4.843E+04  5.046E+04  4.123E+04  3.564E+04  4.007E+04  3.431E+04  3.480E+04  1.658E+04  1.662E+04  2.368E+04
  2.027E+04  1.898E+04  2.361E+04  1.563E+04  1.737E+04  8.019E+03  4.715E+03  3.110E+03  6.331E+03  4.975E+03
  6.621E+03  3.241E+03  1.340E+03  2.041E+03  1.099E+04  1.799E+03  5.209E+03  4.628E+03  8.122E+03  8.246E+03
  7.919E+03  1.371E+04  1.091E+04  1.705E+04  2.637E+04  2.581E+04  2.258E+04  4.478E+04  3.671E+04  3.693E+04
  3.174E+04  4.928E+04  3.968E+04  4.324E+04  5.973E+04  5.507E+04  7.900E+04  7.156E+04  1.088E+05  1.362E+05
  1.872E+05  2.823E+05  4.395E+05  6.328E+05  8.226E+05  1.051E+06  1.070E+06  9.045E+05  7.894E+05  5.584E+05
  4.257E+05  2.388E+05  1.342E+05  9.469E+04  8.825E+04  7.419E+04  7.105E+04  5.920E+04  6.009E+04  4.355E+04
  3.744E+04  5.221E+04  4.279E+04  3.581E+04  3.563E+04  3.509E+04  2.278E+04  2.333E+04  1.188E+04  3.109E+04
  1.713E+04  4.627E+03  3.975E+03  1.205E+04  1.626E+04  2.720E+04  1.645E+03  8.240E+03  5.001E+03  3.746E+02
  4.905E+03  3.295E+03  4.976E+03  4.858E+03  1.604E+04  1.605E+03  9.118E+03  9.959E+03  1.572E+04  7.774E+03
  1.541E+04  2.603E+04  2.294E+04  3.072E+04  2.497E+04  3.014E+04  5.711E+04  4.274E+04  4.407E+04  4.982E+04
  6.478E+04  7.594E+04  6.165E+04  6.880E+04  8.105E+04  1.236E+05  2.266E+05  4.573E+05  8.605E+05  1.515E+06
  2.377E+06  3.243E+06  3.697E+06  3.703E+06  3.767E+06  2.932E+06  1.994E+06  1.273E+06  7.407E+05  3.910E+05
  1.817E+05  1.157E+05  7.917E+04  7.012E+04  7.756E+04  5.717E+04  5.737E+04  4.341E+04  4.431E+04  3.447E+04
  3.642E+04  1.817E+04  3.766E+04  3.346E+04  2.215E+04  2.366E+04  1.928E+04  1.557E+04  1.225E+04  7.897E+03
  1.434E+04  1.120E+04  6.251E+03  1.996E+03  1.685E+03  1.679E+03  1.677E+03  0.000E+00  6.467E+03  6.638E+03
  3.911E+03  5.809E+03  1.269E+04  1.432E+04  7.308E+03  1.092E+04  7.670E+03  1.849E+04  3.391E+04  2.669E+04
  2.613E+04  2.769E+04  5.320E+04  3.154E+04  3.395E+04  5.515E+04  3.447E+04  5.085E+04  6.694E+04  7.862E+04
  9.094E+04  1.496E+05  2.416E+05  5.702E+05  1.493E+06  2.946E+06  4.999E+06  8.028E+06  1.101E+07  1.262E+07
  1.256E+07  1.210E+07  9.988E+06  6.898E+06  4.135E+06  2.242E+06  1.017E+06  4.429E+05  2.229E+05  1.147E+05
  9.403E+04  5.195E+04  7.004E+04  5.022E+04  5.034E+04  4.302E+04  4.276E+04  3.864E+04  4.191E+04  3.498E+04
  4.028E+04  1.569E+04  1.522E+04  2.342E+04  1.054E+04  1.094E+04  1.818E+04  1.431E+04  4.988E+03  5.021E+03
  1.109E+04  4.973E+03  1.165E+04  3.394E+03  3.350E+03  1.683E+03  1.648E+03  1.657E+03  8.058E+03  1.011E+04
  1.603E+04  1.725E+04  8.364E+03  1.284E+04  2.708E+04  2.249E+04  1.456E+04  2.084E+04  3.365E+04  4.683E+04
  3.393E+04  3.762E+04  4.741E+04  5.769E+04  6.480E+04  7.484E+04  7.573E+04  1.217E+05  2.563E+05  5.970E+05
  1.419E+06  4.127E+06  8.215E+06  1.422E+07  2.315E+07  3.116E+07  3.341E+07  3.222E+07  3.361E+07  2.892E+07
  1.981E+07  1.188E+07  6.540E+06  2.992E+06  1.082E+06  3.814E+05  1.669E+05  1.240E+05  7.285E+04  6.437E+04
  5.242E+04  6.073E+04  4.968E+04  3.384E+04  3.694E+04  4.743E+04  2.203E+04  2.767E+04  2.718E+04  1.807E+04
  2.755E+04  1.241E+04  1.033E+04  9.263E+03  1.133E+04  1.049E+04  1.060E+04  8.231E+03  8.135E+03  5.008E+03
  1.752E+03  5.014E+03  8.262E+03  9.737E+03  3.265E+03  1.493E+04  1.220E+04  9.829E+03  1.217E+04  1.863E+04
  2.000E+04  1.553E+04  2.737E+04  2.725E+04  2.678E+04  4.406E+04  3.968E+04  5.505E+04  4.483E+04  6.252E+04
  6.406E+04  7.115E+04  5.865E+04  1.143E+05  2.142E+05  5.527E+05  1.305E+06  3.827E+06  1.015E+07  1.957E+07
  3.257E+07  5.133E+07  6.671E+07  6.635E+07  6.307E+07  6.782E+07  6.314E+07  4.441E+07  2.776E+07  1.626E+07
  7.503E+06  2.613E+06  9.638E+05  4.058E+05  1.783E+05  9.843E+04  7.373E+04  6.237E+04  7.984E+04  4.891E+04
  5.534E+04  3.654E+04  3.571E+04  2.681E+04  2.693E+04  2.190E+04  2.706E+04  1.279E+04  1.193E+04  1.406E+04
  1.730E+04  7.877E+03  9.708E+03  1.125E+04  3.247E+03  3.404E+03  6.552E+03  6.502E+02  6.436E+03  1.652E+03
  1.224E+04  7.265E+03  8.276E+03  3.781E+03  8.460E+03  2.020E+04  1.540E+04  1.700E+04  1.290E+04  2.027E+04
  2.998E+04  2.679E+04  4.252E+04  3.821E+04  5.476E+04  6.371E+04  6.075E+04  4.853E+04  6.072E+04  7.477E+04
  1.346E+05  4.054E+05  1.117E+06  2.934E+06  8.276E+06  2.100E+07  3.880E+07  5.785E+07  8.292E+07  1.005E+08
  1.005E+08  9.955E+07  1.009E+08  9.626E+07  7.395E+07  5.107E+07  3.332E+07  1.599E+07  5.911E+06  1.983E+06
  8.148E+05  3.134E+05  1.305E+05  7.551E+04  7.332E+04  5.266E+04  5.798E+04  4.637E+04  3.576E+04  3.960E+04
  2.660E+04  2.714E+04  2.240E+04  2.121E+04  1.375E+04  1.901E+04  7.199E+03  1.223E+04  1.268E+04  1.339E+04
  6.276E+03  1.458E+04  3.252E+03  3.281E+03  6.684E+03  3.283E+03  6.587E+03  1.122E+04  1.411E+04  1.010E+04
  1.413E+04  6.240E+03  2.182E+04  9.320E+03  1.385E+04  3.383E+04  2.355E+04  2.410E+04  2.840E+04  2.849E+04
  3.314E+04  3.931E+04  5.340E+04  4.145E+04  5.457E+04  7.389E+04  9.685E+04  2.265E+05  8.277E+05  2.204E+06
  5.810E+06  1.640E+07  3.880E+07  6.254E+07  8.526E+07  1.186E+08  1.465E+08  1.607E+08  1.630E+08  1.572E+08
  1.380E+08  1.069E+08  7.671E+07  5.565E+07  3.067E+07  1.173E+07  4.224E+06  1.567E+06  5.089E+05  1.753E+05
  9.005E+04  8.898E+04  5.426E+04  6.351E+04  6.091E+04  6.007E+04  5.158E+04  4.128E+04  2.212E+04  3.362E+04
  3.743E+04  1.690E+04  2.341E+04  1.044E+04  1.363E+04  4.995E+03  4.806E+03  9.595E+03  4.836E+03  3.145E+03
  4.899E+03  1.714E+03  8.704E+03  0.000E+00  4.979E+03  1.605E+03  6.340E+03  1.113E+04  1.087E+04  1.914E+04
  2.173E+04  2.111E+04  1.893E+04  1.981E+04  3.457E+04  4.332E+04  3.293E+04  3.198E+04  4.896E+04  6.991E+04
  7.313E+04  5.916E+04  8.551E+04  9.716E+04  3.681E+05  1.362E+06  3.890E+06  1.040E+07  2.751E+07  5.945E+07
  8.303E+07  1.193E+08  1.760E+08  2.232E+08  2.477E+08  2.517E+08  2.430E+08  2.106E+08  1.568E+08  1.033E+08
  7.674E+07  4.776E+07  2.024E+07  7.522E+06  2.890E+06  9.618E+05  2.242E+05  1.276E+05  7.306E+04  5.312E+04
  6.812E+04  6.305E+04  4.476E+04  2.888E+04  3.744E+04  1.873E+04  3.694E+04  3.121E+04  2.872E+04  1.999E+04
  1.500E+04  2.339E+04  6.256E+03  1.273E+04  8.845E+03  8.051E+03  1.572E+03  6.550E+03  3.304E+03  8.733E+03
  5.384E+03  1.584E+03  6.464E+03  1.595E+03  7.849E+03  1.255E+04  2.177E+04  2.022E+04  2.177E+04  2.394E+04
  3.411E+04  1.919E+04  4.709E+04  3.251E+04  3.991E+04  4.163E+04  5.464E+04  6.875E+04  9.084E+04  9.374E+04
  1.801E+05  5.514E+05  2.060E+06  6.314E+06  1.627E+07  3.986E+07  7.507E+07  9.792E+07  1.597E+08  2.429E+08
  3.126E+08  3.450E+08  3.516E+08  3.373E+08  2.920E+08  2.151E+08  1.351E+08  8.969E+07  6.440E+07  2.966E+07
  1.189E+07  4.428E+06  1.368E+06  3.363E+05  1.458E+05  7.945E+04  6.997E+04  6.195E+04  6.995E+04  5.844E+04
  4.451E+04  3.556E+04  4.318E+04  2.270E+04  2.707E+04  2.453E+04  2.149E+04  1.584E+04  1.743E+04  7.713E+03
  6.283E+03  1.573E+03  4.880E+03  3.188E+03  3.318E+03  6.606E+03  3.192E+03  6.692E+03  4.926E+03  3.150E+03
  1.900E+04  4.718E+03  8.707E+03  1.147E+04  9.149E+03  2.438E+04  2.065E+04  3.222E+04  3.291E+04  4.124E+04
  4.184E+04  4.444E+04  5.004E+04  6.863E+04  7.124E+04  8.952E+04  1.055E+05  1.904E+05  7.020E+05  2.894E+06
  8.454E+06  2.155E+07  5.008E+07  8.322E+07  1.163E+08  1.995E+08  3.027E+08  3.879E+08  4.291E+08  4.376E+08
  4.201E+08  3.646E+08  2.680E+08  1.665E+08  1.008E+08  7.412E+07  3.880E+07  1.558E+07  6.029E+06  1.840E+06
  4.220E+05  1.737E+05  7.790E+04  6.020E+04  6.804E+04  5.866E+04  4.374E+04  3.142E+04  2.200E+04  3.468E+04
  2.862E+04  3.364E+04  1.487E+04  2.153E+04  2.781E+04  1.326E+04  1.241E+04  1.625E+04  7.895E+03  1.110E+04
  6.561E+03  1.653E+03  1.710E+03  3.318E+03  1.727E+03  6.578E+03  6.283E+03  1.161E+04  1.108E+04  1.139E+04
  2.151E+04  1.845E+04  1.252E+04  3.169E+04  2.758E+04  3.713E+04  2.094E+04  3.994E+04  4.348E+04  4.902E+04
  5.607E+04  5.744E+04  8.872E+04  1.004E+05  2.140E+05  8.019E+05  3.271E+06  9.881E+06  2.503E+07  5.552E+07
  8.754E+07  1.296E+08  2.225E+08  3.379E+08  4.339E+08  4.791E+08  4.892E+08  4.700E+08  4.060E+08  2.997E+08
  1.872E+08  1.089E+08  7.848E+07  4.378E+07  1.837E+07  6.897E+06  2.075E+06  4.958E+05  1.494E+05  9.419E+04
  8.752E+04  6.500E+04  6.831E+04  4.389E+04  4.286E+04  4.656E+04  3.619E+04  2.396E+04  4.234E+04  2.304E+04
  2.778E+04  9.170E+03  1.046E+04  9.461E+03  1.418E+04  9.579E+03  4.782E+03  5.726E+03  2.418E+03  5.015E+03
  6.580E+03  1.635E+03  6.588E+03  4.832E+03  3.229E+03  1.565E+04  9.584E+03  2.162E+04  1.068E+04  3.067E+04
  1.490E+04  2.747E+04  3.641E+04  4.052E+04  5.166E+04  3.243E+04  4.154E+04  6.443E+04  6.503E+04  7.744E+04
  8.899E+04  1.913E+05  8.401E+05  3.321E+06  9.900E+06  2.520E+07  5.562E+07  8.727E+07  1.296E+08  2.230E+08
  3.378E+08  4.334E+08  4.805E+08  4.898E+08  4.698E+08  4.058E+08  2.995E+08  1.867E+08  1.088E+08  7.916E+07
  4.374E+07  1.851E+07  7.215E+06  2.113E+06  4.492E+05  1.304E+05  8.420E+04  6.491E+04  6.561E+04  4.763E+04
  6.071E+04  4.184E+04  3.721E+04  3.763E+04  3.787E+04  2.155E+04  1.798E+04  3.511E+04  9.627E+03  2.643E+04
  1.256E+04  1.616E+04  7.466E+03  6.517E+03  2.958E+03  3.570E+03  5.042E+03  3.336E+03  3.530E+03  1.385E+04
  1.607E+03  4.768E+03  1.104E+04  1.027E+04  1.249E+04  1.981E+04  2.318E+04  2.745E+04  3.368E+04  2.619E+04
  4.166E+04  4.154E+04  4.311E+04  4.406E+04  6.198E+04  4.983E+04  7.786E+04  1.076E+05  1.855E+05  7.265E+05
  2.796E+06  8.437E+06  2.162E+07  4.982E+07  8.304E+07  1.158E+08  1.981E+08  3.014E+08  3.871E+08  4.312E+08
  4.384E+08  4.210E+08  3.639E+08  2.691E+08  1.680E+08  1.009E+08  7.452E+07  3.877E+07  1.571E+07  5.972E+06
  1.725E+06  4.148E+05  1.356E+05  9.198E+04  8.127E+04  5.309E+04  4.050E+04  5.559E+04  2.101E+04  3.299E+04
  3.347E+04  2.470E+04  2.873E+04  2.424E+04  1.275E+04  1.648E+04  9.490E+03  1.100E+04  6.440E+03  8.212E+03
  1.440E+04  3.238E+03  8.180E+03  1.627E+03  4.952E+03  3.246E+03  8.547E+03  6.748E+03  1.241E+04  8.150E+03
  1.221E+04  1.702E+04  1.818E+04  2.202E+04  3.756E+04  3.589E+04  3.483E+04  3.204E+04  3.019E+04  3.793E+04
  5.074E+04  3.047E+04  5.077E+04  7.560E+04  8.858E+04  1.591E+05  5.079E+05  2.032E+06  6.142E+06  1.632E+07
  4.060E+07  7.450E+07  9.838E+07  1.607E+08  2.432E+08  3.090E+08  3.459E+08  3.528E+08  3.385E+08  2.920E+08
  2.161E+08  1.356E+08  8.922E+07  6.423E+07  2.987E+07  1.199E+07  4.430E+06  1.307E+06  3.737E+05  1.245E+05
  6.996E+04  5.963E+04  4.506E+04  5.248E+04  5.255E+04  4.225E+04  4.163E+04  4.634E+04  2.181E+04  2.924E+04
  2.069E+04  1.925E+04  1.354E+04  2.155E+04  1.101E+04  1.297E+04  1.548E+04  9.602E+03  6.481E+03  1.013E+04
  5.015E+03  4.939E+03  8.246E+03  1.306E+04  6.050E+03  6.889E+03  1.244E+04  1.523E+04  1.278E+04  1.577E+04
  1.832E+04  2.143E+04  2.562E+04  4.102E+04  2.989E+04  3.732E+04  3.400E+04  5.763E+04  6.169E+04  5.352E+04
  6.609E+04  8.095E+04  1.288E+05  3.380E+05  1.375E+06  3.959E+06  1.026E+07  2.742E+07  5.948E+07  8.388E+07
  1.191E+08  1.757E+08  2.225E+08  2.477E+08  2.513E+08  2.427E+08  2.103E+08  1.568E+08  1.035E+08  7.662E+07
  4.759E+07  2.011E+07  7.533E+06  2.907E+06  8.720E+05  2.382E+05  1.111E+05  7.812E+04  7.436E+04  7.136E+04
  3.938E+04  4.873E+04  3.223E+04  2.096E+04  2.302E+04  1.701E+04  1.957E+04  3.354E+04  3.544E+04  2.026E+04
  1.092E+04  7.352E+03  1.379E+04  1.205E+04  3.032E+03  3.288E+03  2.819E+03  4.735E+03  5.026E+03  4.883E+03
  9.666E+03  1.626E+03  1.312E+04  1.434E+04  1.636E+04  1.630E+04  2.338E+04  2.456E+04  2.123E+04  3.132E+04
  2.858E+04  2.725E+04  3.757E+04  3.529E+04  4.835E+04  5.736E+04  5.314E+04  5.689E+04  7.721E+04  1.117E+05
  1.994E+05  7.747E+05  2.179E+06  5.991E+06  1.627E+07  3.917E+07  6.259E+07  8.624E+07  1.186E+08  1.462E+08
  1.606E+08  1.626E+08  1.573E+08  1.385E+08  1.072E+08  7.574E+07  5.597E+07  3.014E+07  1.161E+07  4.282E+06
  1.628E+06  5.072E+05  1.621E+05  9.587E+04  6.737E+04  4.116E+04  5.436E+04  7.160E+04  4.425E+04  4.038E+04
  4.523E+04  3.469E+04  3.773E+04  2.726E+04  1.065E+04  1.389E+04  1.398E+04  9.988E+03  1.645E+04  4.542E+03
  6.743E+03  4.854E+03  6.576E+03  1.498E+03  6.723E+03  1.705E+03  8.136E+03  6.503E+03  3.211E+03  9.737E+03
  7.311E+03  1.263E+04  1.131E+04  1.033E+04  1.831E+04  2.159E+04  2.770E+04  2.856E+04  3.562E+04  2.412E+04
  4.327E+04  4.732E+04  5.059E+04  5.583E+04  6.477E+04  7.784E+04  8.940E+04  1.853E+05  4.008E+05  1.124E+06
  2.899E+06  8.343E+06  2.154E+07  3.874E+07  5.758E+07  8.234E+07  1.003E+08  1.004E+08  1.004E+08  1.010E+08
  9.625E+07  7.432E+07  5.042E+07  3.302E+07  1.610E+07  5.932E+06  2.046E+06  7.652E+05  2.827E+05  1.321E+05
  7.815E+04  6.670E+04  6.746E+04  3.984E+04  2.966E+04  5.436E+04  4.016E+04  4.211E+04  3.499E+04  4.959E+04
  2.276E+04  1.141E+04  2.111E+04  1.601E+04  1.331E+04  1.483E+04  1.109E+04  6.383E+03  9.955E+03  1.019E+04
  1.061E+04  6.588E+03  9.000E+02  2.343E+03  5.388E+03  3.247E+03  1.841E+04  1.225E+04  7.831E+03  6.305E+03
  8.143E+03  2.594E+04  1.077E+04  2.761E+04  2.685E+04  3.907E+04  4.173E+04  3.681E+04  5.214E+04  4.460E+04
  6.297E+04  6.177E+04  8.088E+04  8.643E+04  1.277E+05  2.046E+05  4.798E+05  1.306E+06  3.876E+06  1.007E+07
  2.001E+07  3.285E+07  5.124E+07  6.756E+07  6.625E+07  6.242E+07  6.847E+07  6.282E+07  4.472E+07  2.769E+07
  1.630E+07  7.456E+06  2.510E+06  9.483E+05  3.604E+05  2.005E+05  9.841E+04  6.556E+04  6.288E+04  5.641E+04
  4.941E+04  3.812E+04  3.978E+04  2.630E+04  3.541E+04  2.925E+04  2.726E+04  2.419E+04  2.150E+04  2.026E+04
  1.400E+04  6.167E+03  1.093E+04  1.641E+04  9.824E+03  8.115E+03  1.077E+04  4.964E+03  6.523E+03  1.681E+03
  1.624E+03  4.862E+03  1.662E+03  6.440E+03  6.425E+03  1.584E+04  1.113E+04  2.033E+04  2.190E+04  1.050E+04
  3.470E+04  2.183E+04  3.285E+04  4.016E+04  3.286E+04  5.195E+04  4.190E+04  5.007E+04  5.064E+04  7.323E+04
  7.146E+04  7.161E+04  1.373E+05  2.580E+05  6.001E+05  1.451E+06  4.162E+06  8.264E+06  1.396E+07  2.306E+07
  3.148E+07  3.313E+07  3.225E+07  3.347E+07  2.912E+07  2.018E+07  1.195E+07  6.814E+06  2.876E+06  1.029E+06
  4.063E+05  2.065E+05  1.222E+05  8.938E+04  7.936E+04  5.877E+04  4.240E+04  3.939E+04  3.254E+04  5.255E+04
  3.504E+04  3.348E+04  1.814E+04  3.459E+04  1.658E+04  2.158E+04  2.323E+04  9.481E+03  2.197E+04  6.397E+03
  6.414E+03  9.689E+03  0.000E+00  8.316E+03  1.350E+04  4.878E+03  3.262E+03  4.854E+03  8.115E+03  6.312E+03
  4.896E+03  4.180E+03  1.008E+04  1.171E+04  1.612E+04  1.809E+04  3.410E+04  2.327E+04  1.664E+04  3.622E+04
  2.969E+04  3.841E+04  4.395E+04  4.295E+04  5.151E+04  5.697E+04  4.556E+04  7.919E+04  9.742E+04  8.664E+04
  1.675E+05  2.256E+05  5.305E+05  1.324E+06  2.929E+06  5.141E+06  8.119E+06  1.124E+07  1.224E+07  1.232E+07
  1.223E+07  1.024E+07  7.153E+06  4.351E+06  2.201E+06  1.005E+06  4.302E+05  1.742E+05  1.089E+05  8.663E+04
  1.039E+05  5.045E+04  5.584E+04  5.941E+04  4.194E+04  3.828E+04  2.496E+04  3.854E+04  1.995E+04  3.695E+04
  1.825E+04  2.592E+04  2.210E+04  1.547E+04  1.735E+04  9.366E+03  6.354E+03  4.813E+03  7.962E+03  3.299E+03
  3.304E+03  3.369E+03  3.345E+03  3.363E+03  3.341E+03  4.876E+03  6.468E+03  4.762E+03  8.009E+03  7.984E+03
  1.106E+04  1.084E+04  2.488E+04  1.991E+04  2.611E+04  2.662E+04  2.110E+04  2.707E+04  3.075E+04  3.395E+04
  3.727E+04  4.436E+04  4.091E+04  5.532E+04  4.117E+04  8.612E+04  7.471E+04  1.111E+05  1.212E+05  2.279E+05
  4.536E+05  9.067E+05  1.447E+06  2.345E+06  3.283E+06  3.766E+06  3.687E+06  3.554E+06  2.960E+06  2.049E+06
  1.277E+06  7.466E+05  3.812E+05  1.825E+05  9.080E+04  8.534E+04  6.637E+04  5.693E+04  5.557E+04  3.871E+04
  4.821E+04  4.179E+04  4.236E+04  2.821E+04  2.868E+04  3.022E+04  1.866E+04  3.056E+04  1.839E+04  2.079E+04
  1.403E+04  1.256E+04  1.111E+04  1.613E+03  8.052E+03  4.822E+03  1.653E+03  1.645E+03  3.254E+03  1.661E+03
  5.051E+03  5.027E+03  3.304E+03  4.860E+03  8.198E+03  7.297E+03  6.998E+03  7.901E+03  2.515E+04  1.095E+04
  1.556E+04  2.291E+04  2.386E+04  3.317E+04  3.026E+04  3.047E+04  3.564E+04  3.240E+04  3.491E+04  4.223E+04
  5.461E+04  5.442E+04  4.474E+04  5.712E+04  7.980E+04  9.031E+04  1.090E+05  1.659E+05  2.826E+05  4.317E+05
  6.453E+05  9.285E+05  9.983E+05  1.022E+06  1.001E+06  7.631E+05  5.252E+05  3.801E+05  2.426E+05  1.194E+05
  8.159E+04  8.667E+04  7.208E+04  7.537E+04  4.943E+04  6.130E+04  4.054E+04  3.506E+04  5.641E+04  5.303E+04
  3.316E+04  2.947E+04  3.038E+04  3.521E+04  2.222E+04  1.235E+04  2.018E+04  6.279E+03  1.103E+04  1.108E+04
  6.559E+03  6.274E+03  1.048E+04  4.299E+03  3.328E+03  1.697E+03  3.341E+03  1.017E+04  4.707E+03  3.670E+03
  8.175E+03  1.676E+03  6.424E+03  1.743E+04  6.406E+03  1.257E+04  1.815E+04  2.553E+04  1.529E+04  1.244E+04
  2.286E+04  2.914E+04  2.197E+04  2.229E+04  3.217E+04  3.438E+04  4.314E+04  4.782E+04  5.629E+04  6.152E+04
  5.658E+04  7.042E+04  7.757E+04  5.936E+04  1.239E+05  1.382E+05  1.600E+05  1.821E+05  2.474E+05  2.757E+05
  2.702E+05  2.456E+05  2.195E+05  2.087E+05  1.442E+05  1.057E+05  1.096E+05  7.148E+04  6.114E+04  6.810E+04
  8.167E+04  5.844E+04  5.603E+04  3.237E+04  3.999E+04  3.498E+04  3.796E+04  3.836E+04  3.499E+04  1.213E+04
  2.122E+04  1.889E+04  1.856E+04  9.341E+03  4.678E+03  1.577E+04  1.139E+04  6.327E+03  6.471E+03  9.696E+03
  3.275E+03  5.377E+03  7.809E+03  3.395E+03  3.367E+03  3.929E+03  1.672E+03  1.660E+03  6.470E+03  3.265E+03
  1.292E+04  1.112E+04  1.586E+04  7.803E+03  1.405E+04  2.087E+04  2.369E+04  2.870E+04  2.768E+04  2.153E+04
  2.238E+04  2.753E+04  3.891E+04  2.748E+04  4.377E+04  4.131E+04  4.841E+04  4.562E+04  7.517E+04  8.265E+04
  7.072E+04  7.681E+04  8.498E+04  1.141E+05  1.335E+05  9.185E+04  1.263E+05  1.277E+05  1.320E+05  1.108E+05
  9.985E+04  8.014E+04  9.771E+04  7.941E+04  6.618E+04  7.072E+04  6.003E+04  6.089E+04  5.672E+04  4.247E+04
  2.669E+04  3.382E+04  3.528E+04  2.729E+04  2.518E+04  2.391E+04  2.579E+04  3.050E+04  2.911E+04  9.262E+03
  2.513E+04  7.894E+03  1.434E+04  6.152E+03  5.971E+03  1.499E+04  6.082E+03  8.735E+03  1.347E+03  1.640E+03
  3.392E+03  0.000E+00  3.397E+03  1.704E+03  6.501E+03  1.648E+03  1.629E+03  6.478E+03  8.006E+03  9.440E+03
  6.339E+03  1.400E+04  2.011E+04  1.843E+04  2.859E+04  2.300E+04  1.619E+04  3.178E+04  2.785E+04  4.533E+04
  3.583E+04  3.387E+04  4.027E+04  3.579E+04  5.912E+04  7.643E+04  5.367E+04  5.195E+04  5.431E+04  7.531E+04
  8.720E+04  6.994E+04  7.736E+04  7.414E+04  8.144E+04  8.644E+04  8.655E+04  6.213E+04  8.099E+04  6.989E+04
  7.849E+04  5.999E+04  5.222E+04  5.085E+04  3.800E+04  4.448E+04  4.225E+04  3.420E+04  3.910E+04  3.817E+04
  3.004E+04  2.854E+04  2.780E+04  2.873E+04  2.852E+04  2.000E+04  1.708E+04  1.993E+04  1.690E+04  1.210E+04
  3.204E+03  6.756E+03  3.247E+03  4.935E+03  4.267E+03  5.450E+03  1.693E+03  1.656E+03  3.343E+03  3.432E+03
  3.181E+03  8.201E+03  6.418E+03  4.922E+03  8.109E+03  4.706E+03  6.173E+03  7.927E+03  1.344E+04  1.156E+04
  3.234E+04  1.410E+04  2.899E+04  2.001E+04  1.673E+04  3.250E+04  2.287E+04  2.834E+04  3.274E+04  3.704E+04
  2.823E+04  5.066E+04  3.437E+04  5.642E+04  4.605E+04  5.662E+04  5.861E+04  7.422E+04  8.746E+04  6.994E+04
  7.287E+04  8.116E+04  6.616E+04  6.047E+04  5.800E+04  6.076E+04  6.522E+04  5.838E+04  5.632E+04  4.065E+04
  5.158E+04  3.906E+04  4.791E+04  3.835E+04  3.213E+04  2.883E+04  2.614E+04  2.466E+04  2.424E+04  1.493E+04
  2.186E+04  1.486E+04  1.541E+04  7.832E+03  1.730E+04  9.013E+03  8.683E+03  7.349E+03  6.406E+03  1.305E+04
  6.602E+03  0.000E+00  1.904E+03  0.000E+00  0.000E+00  1.680E+03  3.445E+03  3.332E+03  3.301E+03  1.642E+03
  1.640E+03  9.746E+03  6.438E+03  1.297E+04  6.342E+03  1.323E+04  7.668E+03  1.806E+04  1.690E+04  1.617E+04
  2.065E+04  2.423E+04  3.034E+04  2.002E+04  2.711E+04  3.290E+04  2.474E+04  4.308E+04  3.686E+04  4.153E+04
  5.178E+04  4.969E+04  5.145E+04  4.264E+04  5.854E+04  6.584E+04  5.924E+04  4.629E+04  7.367E+04  5.513E+04
  4.483E+04  5.298E+04  5.386E+04  6.341E+04  5.802E+04  4.163E+04  5.379E+04  4.632E+04  3.689E+04  3.935E+04
  4.074E+04  3.432E+04  1.634E+04  2.327E+04  2.926E+04  1.654E+04  2.208E+04  1.996E+04  1.416E+04  1.420E+04
  6.289E+03  1.580E+04  1.375E+04  1.125E+04  6.383E+03  9.753E+03  4.958E+03  1.492E+04  7.125E+03  2.097E+03
  1.703E+03  0.000E+00  0.000E+00  5.090E+03  4.966E+03  0.000E+00  4.997E+03  9.745E+03  3.336E+03  8.141E+03
  6.336E+03  6.463E+03  7.919E+03  1.628E+04  1.039E+04  2.493E+04  1.940E+04  3.570E+04  1.818E+04  2.567E+04
  1.826E+04  3.002E+04  2.790E+04  3.539E+04  4.378E+04  4.154E+04  3.283E+04  5.359E+04  5.198E+04  4.215E+04
  4.906E+04  4.141E+04  3.337E+04  5.352E+04  4.632E+04  4.728E+04  4.745E+04  4.219E+04  4.328E+04  5.386E+04
  4.465E+04  2.789E+04  4.572E+04  4.245E+04  4.457E+04  4.689E+04  3.625E+04  3.103E+04  3.602E+04  2.718E+04
  2.432E+04  1.838E+04  1.491E+04  2.143E+04  1.674E+04  9.279E+03  9.567E+03  1.101E+04  1.627E+03  7.871E+03
  1.021E+04  4.340E+03  1.122E+04  8.204E+03  8.468E+03  4.104E+03  8.547E+03  0.000E+00  1.657E+03  3.443E+03
  5.167E+03  1.020E+04  1.692E+03  7.210E+03  5.230E+03  4.830E+03  4.861E+03  8.133E+03  1.436E+04  1.266E+04
  1.263E+04  1.651E+04  4.658E+03  1.744E+04  3.033E+04  1.244E+04  2.123E+04  2.458E+04  2.886E+04  3.286E+04
  3.183E+04  3.393E+04  3.384E+04  3.875E+04  3.424E+04  4.100E+04  4.341E+04  4.105E+04  3.096E+04  2.226E+04
  4.528E+04  3.845E+04  4.471E+04  5.128E+04  3.346E+04  4.400E+04  2.499E+04  3.934E+04  3.673E+04  5.472E+04
  5.736E+04  3.956E+04  2.528E+04  2.756E+04  2.564E+04  1.804E+04  2.418E+04  2.694E+04  2.038E+04  2.274E+04
  1.392E+04  1.103E+04  2.065E+04  2.033E+04  1.331E+04  1.394E+04  6.866E+03  7.975E+03  6.596E+03  0.000E+00
  3.309E+03  5.483E+03  6.245E+03  5.075E+03  0.000E+00  1.736E+03  3.493E+03  0.000E+00  3.416E+03  2.228E+03
  7.174E+03  0.000E+00  6.726E+03  8.226E+03  7.653E+03  9.168E+03  5.324E+03  1.825E+04  1.355E+04  1.465E+04
  9.464E+03  1.543E+04  9.206E+03  2.531E+04  2.268E+04  1.822E+04  1.970E+04  3.343E+04  3.492E+04  2.734E+04
  3.286E+04  2.083E+04  3.829E+04  3.510E+04  4.033E+04  5.705E+04  3.530E+04  4.549E+04  3.966E+04  3.528E+04
  3.842E+04  3.104E+04  3.670E+04  4.385E+04  4.168E+04  3.281E+04  4.025E+04  2.662E+04  4.366E+04  2.252E+04
  3.421E+04  2.781E+04  3.030E+04  1.898E+04  2.190E+04  2.161E+04  1.584E+04  8.610E+03  2.189E+04  1.105E+04
  1.104E+04  9.410E+03  1.130E+04  8.084E+03  4.904E+03  1.998E+02  4.776E+03  5.022E+03  5.129E+03  0.000E+00
  5.037E+03  4.608E+03  1.319E+02  3.253E+03  2.904E+03  3.941E+03  3.467E+03  5.074E+03  1.586E+03  8.224E+03
  5.060E+03  8.977E+03  6.335E+03  8.195E+03  7.360E+03  6.370E+03  1.032E+04  1.101E+04  1.077E+04  1.568E+04
  2.389E+04  1.694E+04  1.525E+04  1.919E+04  2.803E+04  1.401E+04  2.619E+04  3.101E+04  2.503E+04  4.400E+04
  4.198E+04  3.706E+04  4.354E+04  2.966E+04  3.416E+04  3.219E+04  2.461E+04  2.658E+04  3.362E+04  4.339E+04
  3.092E+04  3.461E+04  3.750E+04  2.999E+04  3.465E+04  2.478E+04  2.901E+04  2.576E+04  2.828E+04  3.270E+04
  1.778E+04  2.482E+04  2.034E+04  1.080E+04  1.515E+04  1.025E+04  7.285E+03  3.130E+03  4.834E+03  9.271E+03
  8.526E+03  3.321E+03  5.604E+03  3.957E+03  6.617E+03  5.104E+03  1.631E+03  6.798E+03  1.671E+03  6.905E+03
  1.716E+03  1.736E+03  3.458E+02  3.431E+03  3.447E+03  1.682E+03  3.462E+03  8.288E+03  1.657E+03  8.111E+03
  7.884E+03  1.661E+04  1.060E+04  1.311E+04  1.751E+04  9.083E+03  9.307E+03  1.559E+04  2.285E+04  1.085E+04
  1.409E+04  2.736E+04  2.285E+04  1.860E+04  2.630E+04  2.947E+04  2.411E+04  3.248E+04  3.009E+04  2.548E+04
  2.429E+04  3.564E+04  3.686E+04  4.042E+04  3.580E+04  3.576E+04  2.993E+04  3.793E+04  3.062E+04  3.404E+04
  2.712E+04  3.273E+04  1.761E+04  3.460E+04  3.546E+04  1.797E+04  9.993E+03  2.136E+04  1.389E+04  1.473E+04
  1.503E+04  6.277E+03  8.298E+03  1.476E+04  3.183E+03  6.508E+03  4.884E+03  6.039E+03  1.592E+03  3.785E+03
  1.616E+03  1.653E+03  1.847E+03  3.377E+03  3.528E+03  1.740E+03  7.022E+03  1.986E+03  4.374E+03  9.881E+03
  9.418E+03  5.958E+03  0.000E+00  4.422E+03  9.783E+03  3.292E+03  6.375E+03  1.639E+04  4.869E+03  5.737E+03
  9.616E+03  7.907E+03  8.354E+03  3.631E+03  1.946E+04  7.567E+03  1.964E+04  2.260E+04  2.764E+04  1.844E+04
  2.197E+04  2.402E+04  1.556E+04  2.176E+04  2.882E+04  2.267E+04  2.114E+04  3.228E+04  3.191E+04  2.479E+04
  2.121E+04  3.090E+04  3.776E+04  1.994E+04  2.483E+04  2.083E+04  1.819E+04  2.120E+04  3.087E+04  3.211E+04
  2.816E+04  1.815E+04  2.678E+04  1.471E+04  8.837E+03  1.765E+04  2.360E+04  9.491E+03  1.394E+04  8.109E+03
  6.029E+03  8.048E+03  8.148E+03  6.511E+03  5.874E+03  5.909E+03  3.370E+03  0.000E+00  0.000E+00  4.848E+03
  3.283E+03  1.151E+04  1.244E+02  3.475E+03  5.159E+03  0.000E+00  6.390E+03  1.780E+03  3.197E+03  1.655E+03
  7.497E+03  5.026E+03  9.947E+03  5.001E+03  4.926E+03  1.605E+03  7.265E+03  6.439E+03  4.735E+03  9.411E+03
  8.824E+02  1.662E+04  1.404E+04  2.138E+04  2.245E+04  1.490E+04  1.704E+04  1.256E+04  2.917E+04  1.690E+04
  1.869E+04  3.188E+04  2.929E+04  1.951E+04  3.047E+04  2.570E+04  3.518E+04  2.559E+04  2.515E+04  2.105E+04
  2.560E+04  1.684E+04  2.566E+04  2.761E+04  3.653E+04  2.893E+04  1.155E+04  8.554E+03  1.584E+04  1.893E+04
  1.419E+04  1.094E+04  1.410E+04  5.321E+03  1.729E+04  1.320E+04  4.777E+03  5.151E+03  9.751E+03  1.141E+04
  4.981E+03  1.301E+04  0.000E+00  1.680E+03  6.740E+03  3.358E+03  1.687E+03  1.769E+03  3.464E+03  5.198E+03
  3.514E+03  1.757E+03  1.723E+03  3.484E+03  3.531E+03  2.004E+03  1.741E+03  1.741E+03  5.121E+03  0.000E+00
  1.164E+04  4.961E+03  4.945E+03  8.211E+03  8.042E+03  6.535E+03  7.672E+03  1.347E+04  1.003E+04  7.189E+03
  1.408E+04  1.608E+04  1.462E+04  8.480E+03  1.255E+04  1.239E+04  2.500E+04  2.045E+04  1.990E+04  1.307E+04
  2.303E+04  2.432E+04  2.316E+04  1.535E+04  2.426E+04  1.932E+04  1.932E+04  1.380E+04  2.842E+04  2.471E+04
  1.532E+04  2.321E+04  1.234E+04  1.566E+04  1.634E+04  1.851E+04  1.865E+04  1.573E+04  1.424E+04  7.890E+03
  8.969E+03  1.123E+04  6.393E+03  5.459E+03  1.039E+03  1.699E+03  3.350E+03  1.154E+04  1.298E+04  3.373E+03
  5.049E+02  3.330E+03  3.452E+03  1.743E+03  5.223E+03  0.000E+00  1.775E+03  0.000E+00  1.820E+03  2.749E+03
  2.705E+03  1.768E+03  0.000E+00  2.269E+03  0.000E+00  5.039E+03  1.279E+04  6.904E+03  1.697E+03  9.854E+03
  6.465E+03  4.101E+03  4.043E+03  5.332E+03  9.714E+03  1.185E+04  8.642E+03  6.298E+03  1.549E+04  2.271E+04
  1.180E+04  2.219E+04  1.815E+04  1.981E+04  1.689E+04  2.303E+04  2.298E+04  1.692E+04  1.988E+04  2.077E+04
  1.897E+04  2.409E+04  2.362E+04  2.075E+04  1.659E+04  2.164E+04  7.698E+03  1.187E+04  1.712E+04  2.005E+04
  1.886E+04  1.260E+04  1.724E+04  1.257E+04  1.139E+04  1.078E+04  9.492E+03  9.817E+03  3.208E+03  6.503E+03
  5.655E+03  1.207E+04  9.047E+03  3.439E+03  6.231E+03  8.511E+03  3.320E+03  7.928E+03  1.662E+03  1.679E+03
  1.741E+03  3.502E+03  1.813E+03  3.562E+03  3.631E+03  0.000E+00  1.781E+03  2.520E+03  1.753E+03  0.000E+00
  2.872E+03  1.775E+03  0.000E+00  0.000E+00  2.748E+03  3.344E+03  3.338E+03  3.298E+03  4.930E+03  9.878E+03
  1.144E+04  8.058E+03  4.831E+03  4.859E+03  9.544E+03  8.098E+03  1.353E+04  9.901E+03  1.456E+04  1.466E+04
  5.866E+03  6.821E+03  3.999E+03  2.633E+04  1.240E+04  1.482E+04  2.059E+04  9.328E+03  2.007E+04  1.868E+04
  1.676E+04  1.783E+04  1.837E+04  1.987E+04  2.072E+04  1.099E+04  2.170E+04  9.573E+03  9.664E+03  9.440E+03
  1.119E+04  9.637E+03  7.821E+03  1.478E+04  4.833E+03  6.431E+03  6.415E+03  1.140E+04  3.863E+03  3.514E+03
  3.247E+03  9.268E+02  2.466E+03  1.047E+04  0.000E+00  5.076E+03  1.650E+03  1.713E+03  1.092E+03  5.900E+03
  1.752E+03  0.000E+00  1.822E+03  3.535E+03  3.501E+03  1.762E+03  0.000E+00  1.676E+03  0.000E+00  1.636E+03
  1.729E+03  3.497E+03  6.745E+03  1.685E+03  6.602E+03  1.688E+03  1.666E+03  4.962E+03  6.494E+03  6.165E+03
  6.653E+03  1.130E+04  1.000E+04  8.079E+03  1.120E+04  6.186E+03  5.876E+03  1.731E+04  9.563E+03  1.404E+04
  9.372E+03  9.596E+03  6.942E+03  1.102E+04  1.233E+04  1.267E+04  7.750E+03  1.095E+04  1.159E+04  1.730E+04
  1.908E+04  1.415E+04  1.887E+04  9.512E+03  7.911E+03  2.200E+04  7.912E+03  9.565E+03  4.724E+03  1.350E+04
  9.781E+03  7.256E+03  9.799E+03  7.558E+03  7.365E+03  1.676E+03  5.061E+03  4.893E+03  3.405E+03  1.022E+04
  6.743E+03  5.226E+03  3.634E+03  5.088E+03  1.752E+03  1.767E+03  3.299E+03  3.559E+03  1.818E+03  1.799E+03
  1.786E+03  0.000E+00  2.134E+03  3.451E+03  0.000E+00  0.000E+00  3.655E+02  6.541E+03  1.660E+03  1.053E+04
  5.071E+03  5.085E+03  1.628E+03  6.752E+03  7.222E+03  5.649E+03  4.144E+03  4.926E+03  4.291E+03  1.254E+04
  9.623E+03  6.311E+03  9.513E+03  6.342E+03  1.044E+04  9.522E+03  1.728E+04  9.485E+03  1.577E+04  9.481E+03
  1.105E+04  1.953E+04  9.457E+03  1.731E+04  1.098E+04  1.112E+04  1.525E+04  8.016E+03  9.942E+03  6.374E+03
  1.430E+04  1.447E+04  1.028E+04  8.835E+03  4.841E+03  1.444E+04  9.766E+03  9.790E+03  1.648E+03  6.566E+03
  3.591E+02  3.240E+03  3.319E+03  3.403E+03  5.051E+03  6.781E+03  1.946E+03  1.693E+03  1.743E+03  1.766E+03
  3.406E+03  1.773E+03  0.000E+00  1.708E+03  1.772E+03  0.000E+00  0.000E+00  0.000E+00  1.823E+03  1.863E+03
  0.000E+00  1.792E+03  0.000E+00  0.000E+00  1.733E+03  5.242E+03  3.187E+03  3.392E+03  6.744E+03  3.404E+03
  5.015E+03  9.357E+03  1.408E+02  3.281E+03  4.939E+03  5.948E+03  1.317E+04  9.737E+03  6.504E+03  1.434E+04
  6.745E+03  9.649E+03  3.271E+03  8.677E+03  7.913E+03  1.114E+04  7.965E+03  7.977E+03  5.599E+03  1.274E+04
  8.079E+03  1.238E+04  3.193E+03  1.002E+04  1.370E+04  9.671E+03  1.590E+04  1.585E+04  7.940E+03  5.991E+03
  6.579E+03  8.156E+03  1.627E+03  5.178E+03  3.326E+03  3.323E+03  8.200E+03  6.366E+03  5.096E+03  5.383E+03
  4.986E+03  1.686E+03  1.729E+03  4.810E+03  3.413E+03  1.771E+03  0.000E+00  0.000E+00  1.760E+03  3.594E+03
  9.986E+02  2.596E+03  1.812E+03  1.798E+03  0.000E+00  3.682E+03  3.560E+03  1.813E+03  1.795E+03  3.500E+03
  0.000E+00  1.708E+03  1.711E+03  3.371E+03  0.000E+00  1.711E+03  0.000E+00  9.064E+02  2.462E+03  3.401E+03
  3.260E+03  4.949E+03  4.576E+03  3.259E+03  1.574E+03  6.490E+03  1.228E+04  6.488E+03  4.916E+03  3.301E+03
  1.153E+04  8.080E+03  6.490E+03  2.482E+03  3.237E+03  4.851E+03  8.044E+03  7.866E+03  1.011E+04  1.617E+04
  3.245E+03  1.541E+04  9.692E+03  4.819E+03  1.612E+03  4.890E+03  8.185E+03  3.668E+03  9.621E+03  4.944E+03
  3.068E+03  4.935E+03  1.653E+03  2.434E+03  2.991E+03  5.152E+03  3.463E+03  0.000E+00  2.749E+03  0.000E+00
  1.705E+03  1.717E+03  0.000E+00  3.043E+03  4.750E+02  1.837E+03  5.455E+03  1.838E+03  1.841E+03  4.564E+03
  3.665E+03  3.712E+03  1.907E+03  0.000E+00  1.750E+03  0.000E+00  2.223E+03  0.000E+00  2.273E+03  1.740E+03
  3.448E+03  3.437E+03  3.400E+03  0.000E+00  0.000E+00  3.361E+03  5.114E+03  1.169E+04  1.616E+03  1.675E+03
  6.654E+03  2.488E+03  3.253E+03  2.681E+03  1.171E+04  1.169E+04  8.159E+03  1.123E+04  4.817E+03  6.499E+03
  1.190E+04  4.735E+03  9.633E+03  4.947E+03  1.312E+04  4.946E+03  5.589E+03  4.724E+03  1.211E+04  6.534E+03
  6.501E+03  4.840E+03  4.957E+03  1.938E+03  8.324E+03  1.162E+04  1.147E+04  1.710E+03  5.040E+03  1.644E+03
  1.678E+03  3.302E+03  4.590E+03  1.731E+03  1.679E+03  1.726E+03  5.190E+03  5.332E+03  0.000E+00  3.538E+03
  0.000E+00  0.000E+00  0.000E+00  2.334E+03  3.674E+03  1.839E+03  3.101E+03  1.837E+03  0.000E+00  1.151E+02
  5.452E+03  3.648E+03  0.000E+00  3.070E+03  5.321E+02  0.000E+00  1.760E+03  5.262E+03  1.779E+03  5.217E+03
  0.000E+00  1.728E+03  5.130E+03  5.715E+03  3.051E+03  3.409E+03  5.124E+03  3.311E+03  9.588E+03  6.667E+03
  4.737E+03  6.672E+03  1.664E+03  3.836E+03  3.246E+03  2.607E+03  3.184E+03  8.092E+03  4.877E+03  4.989E+03
  8.077E+03  9.877E+03  1.622E+03  3.218E+03  1.597E+03  4.902E+03  6.657E+03  1.151E+04  1.272E+03  1.097E+04
  3.926E+03  1.603E+03  6.167E+03  5.019E+03  5.423E+03  3.416E+03  1.679E+03  3.381E+03  4.076E+03  1.148E+04
  4.491E+03  5.183E+03  2.661E+03  0.000E+00  3.492E+03  8.960E+03  2.316E+03  3.497E+03  1.800E+03  1.796E+03
  1.883E+03  0.000E+00  0.000E+00  3.736E+03  3.838E+03  0.000E+00  0.000E+00  1.803E+03  0.000E+00  1.837E+03
  3.662E+03  1.852E+03  0.000E+00  3.645E+03  3.620E+03  0.000E+00  3.426E+03  1.801E+03  1.667E+03  0.000E+00
  3.360E+03  5.128E+03  3.397E+03  1.938E+03  3.137E+03  1.881E+03  5.020E+03  4.985E+03  3.315E+03  4.977E+03
  1.746E+03  2.972E+03  2.313E+03  5.030E+03  9.852E+03  6.661E+03  1.663E+03  6.603E+03  6.652E+03  0.000E+00
  5.316E+03  4.714E+03  6.795E+02  6.220E+03  6.567E+03  6.960E+03  3.596E+03  3.343E+03  6.647E+03  2.133E+03
  6.749E+03  1.859E+03  3.304E+03  8.552E+03  9.025E+03  2.763E+03  5.161E+03  0.000E+00  1.787E+03  0.000E+00
  0.000E+00  1.748E+03  0.000E+00  1.791E+03  0.000E+00  1.825E+03  1.786E+03  0.000E+00  0.000E+00  1.854E+03
  0.000E+00  0.000E+00  3.097E+03  1.813E+03  1.887E+03  3.796E+03  0.000E+00  0.000E+00  0.000E+00  1.801E+03
  0.000E+00  0.000E+00  3.516E+03  3.501E+03  5.387E+03  1.747E+03  0.000E+00  0.000E+00  3.409E+03  2.450E+03
  1.665E+03  9.381E+03  1.632E+03  2.381E+03  3.356E+03  5.109E+03  5.083E+03  3.415E+03  2.038E+03  6.713E+03
  1.682E+03  3.377E+03  4.940E+03  8.376E+03  3.338E+03  4.968E+03  7.180E+03  1.331E+03  3.311E+03  0.000E+00
  6.845E+03  5.111E+03  0.000E+00  3.183E+03  1.978E+03  5.065E+03  5.036E+03  1.628E+03  3.416E+03  1.715E+03
  1.661E+03  3.450E+03  5.164E+03  1.760E+03  0.000E+00  1.719E+03  1.695E+03  0.000E+00  0.000E+00  0.000E+00
  0.000E+00  5.469E+03  0.000E+00  0.000E+00  0.000E+00  5.827E+03  0.000E+00  0.000E+00  1.884E+03  5.912E+02
  0.000E+00  1.863E+03  0.000E+00  0.000E+00  0.000E+00  0.000E+00  1.737E+03  0.000E+00  5.350E+03  0.000E+00
  5.290E+03  1.791E+03  0.000E+00  1.725E+03  1.735E+03  0.000E+00  2.674E+03  1.046E+04  3.451E+03  5.095E+03
  1.719E+03  3.460E+03  1.665E+03  0.000E+00  2.598E+03  0.000E+00  0.000E+00  3.327E+03  0.000E+00  6.630E+03
  1.709E+03  1.698E+03  4.924E+03  6.127E+03  1.708E+03  1.700E+03  1.702E+03  1.673E+03  1.774E+03  3.501E+03
  0.000E+00  1.475E+03  1.661E+03  0.000E+00  1.694E+03  1.671E+03  5.169E+03  3.452E+03  1.794E+03  5.692E+03
  1.729E+03  1.808E+03  3.525E+03  0.000E+00  0.000E+00  5.313E+03  1.827E+03  1.757E+03  0.000E+00  0.000E+00
  1.880E+03  3.849E+03  0.000E+00  1.931E+03  0.000E+00  3.838E+03  1.865E+03  0.000E+00  1.928E+03  1.866E+03
  3.805E+03  1.894E+03  1.108E+03  2.625E+03  1.011E+03  2.537E+03  1.715E+03  7.204E+03  0.000E+00  5.155E+03
  3.514E+03  0.000E+00  1.819E+03  1.676E+03  3.445E+03  3.413E+03  3.396E+03  3.431E+03  6.868E+03  3.464E+03
  1.661E+03  4.288E+03  1.659E+03  5.095E+03  6.856E+03  0.000E+00  5.090E+03  0.000E+00  5.014E+03  1.678E+03
  1.697E+03  0.000E+00  1.660E+03  1.693E+03  1.622E+03  3.483E+03  6.831E+03  3.454E+03  5.143E+03  0.000E+00
  1.270E+03  0.000E+00  3.491E+03  3.536E+03  1.725E+03  0.000E+00  0.000E+00  0.000E+00  0.000E+00  0.000E+00
  1.837E+03  0.000E+00  1.789E+03  0.000E+00  1.846E+03  0.000E+00  1.843E+03  1.880E+03  1.951E+03  0.000E+00
  3.774E+03  0.000E+00  2.349E+03  1.980E+03  0.000E+00  0.000E+00  3.427E+03  1.441E+03  0.000E+00  0.000E+00
  0.000E+00  0.000E+00  0.000E+00  0.000E+00  1.834E+03  0.000E+00  0.000E+00  1.799E+03  0.000E+00  3.402E+03
  0.000E+00  0.000E+00  0.000E+00  1.757E+03  0.000E+00  0.000E+00  1.749E+03  0.000E+00  5.784E+03  1.025E+03
  1.746E+03  1.677E+03  3.333E+03  3.748E+03  6.964E+03  3.662E+03  2.172E+03  8.696E+03  0.000E+00  5.115E+03
  0.000E+00  5.253E+03  8.563E+03  1.735E+03  1.767E+03  1.755E+03  8.761E+03  3.790E+03  2.732E+03  0.000E+00
  3.497E+03  1.757E+03  3.522E+03  3.188E+03  1.793E+03  0.000E+00  0.000E+00  3.753E+03  0.000E+00  0.000E+00
  1.846E+03  3.765E+03  0.000E+00  0.000E+00  0.000E+00  1.884E+03  0.000E+00  2.086E+03  1.972E+03  0.000E+00
  0.000E+00  0.000E+00  0.000E+00  2.665E+03  0.000E+00  0.000E+00  1.831E+03  1.869E+03  1.875E+03  0.000E+00
  0.000E+00  5.514E+03  0.000E+00  0.000E+00  0.000E+00  3.682E+03  1.767E+03  5.407E+03  5.282E+03  0.000E+00
  1.759E+03  3.535E+03  1.721E+03  0.000E+00  1.745E+03  0.000E+00  0.000E+00  5.059E+03  4.917E+03  0.000E+00
  4.862E+03  3.522E+03  4.233E+02  4.952E+03  1.744E+03  0.000E+00  0.000E+00  0.000E+00  5.285E+03  6.820E+03
  0.000E+00  5.668E+03  0.000E+00  0.000E+00  3.465E+03  1.748E+03  0.000E+00  1.778E+03  0.000E+00  0.000E+00
  2.785E+02  0.000E+00  5.427E+03  3.572E+03  0.000E+00  1.884E+03  0.000E+00  1.911E+03  2.442E+03  0.000E+00
  1.860E+03  0.000E+00  0.000E+00  1.929E+03  0.000E+00  0.000E+00  0.000E+00  0.000E+00  0.000E+00  0.000E+00
  0.000E+00  0.000E+00  0.000E+00  1.906E+03  1.858E+03  1.862E+03  1.818E+03  5.606E+03  0.000E+00  0.000E+00
  0.000E+00  3.630E+03  1.828E+03  0.000E+00  1.760E+03  1.718E+03  1.875E+03  1.794E+03  3.880E+03  1.776E+03
  1.805E+03  3.444E+02  3.461E+03  1.025E+02  3.496E+03  2.786E+03  3.532E+03  1.751E+03  5.169E+03  4.768E+03
  3.460E+03  0.000E+00  0.000E+00  1.792E+03  5.274E+03  8.758E+03  1.700E+03  1.711E+03  1.792E+03  3.124E+03
  3.827E+02  1.744E+03  1.801E+03  0.000E+00  0.000E+00  0.000E+00  3.687E+03  0.000E+00  1.834E+03  0.000E+00
  3.607E+03  0.000E+00  0.000E+00  3.610E+03  3.720E+03  0.000E+00  1.992E+03  0.000E+00  0.000E+00  2.035E+03
  1.957E+03  0.000E+00  0.000E+00  0.000E+00  0.000E+00  5.938E+03  0.000E+00  0.000E+00  0.000E+00  0.000E+00
  0.000E+00  0.000E+00  3.849E+03  1.885E+03  0.000E+00  1.887E+03  3.653E+03  4.010E+02  3.651E+03  0.000E+00
  1.405E+03  0.000E+00  5.283E+03  0.000E+00  3.593E+03  0.000E+00  3.501E+03  2.104E+03  3.113E+03  7.329E+03
  0.000E+00  3.384E+03  7.343E+02  3.526E+03  1.731E+03  0.000E+00  1.725E+03  5.174E+03  0.000E+00  0.000E+00
  1.739E+03  3.629E+03  3.526E+03  8.759E+01  3.436E+03  3.444E+03  1.793E+03  0.000E+00  0.000E+00  1.789E+03
  3.611E+03  0.000E+00  3.660E+03  1.826E+03  1.796E+03  3.718E+03  0.000E+00  1.836E+03  0.000E+00  1.913E+03
  0.000E+00  0.000E+00  0.000E+00  0.000E+00  0.000E+00  0.000E+00  3.961E+03  0.000E+00  1.951E+03  4.055E+03
  0.000E+00  1.947E+03  0.000E+00  1.997E+03  0.000E+00  0.000E+00  2.031E+03  0.000E+00  0.000E+00  0.000E+00
  0.000E+00  0.000E+00  0.000E+00  8.711E+01  1.393E+03  4.656E+03  1.818E+03  4.125E+02  1.834E+03  3.677E+03
  0.000E+00  0.000E+00  0.000E+00  3.497E+03  1.349E+03  1.751E+03  1.756E+03  1.785E+03  1.732E+03  1.787E+03
  0.000E+00  3.600E+03  0.000E+00  0.000E+00  1.765E+03  0.000E+00  0.000E+00  1.812E+03  1.737E+03  0.000E+00
  1.705E+03  1.760E+03  1.813E+03  0.000E+00  0.000E+00  0.000E+00  1.794E+03  6.264E+03  1.835E+03  0.000E+00
  0.000E+00  0.000E+00  0.000E+00  1.826E+03  0.000E+00  0.000E+00  0.000E+00  0.000E+00  0.000E+00  0.000E+00
  0.000E+00  1.954E+03  3.897E+03  0.000E+00  0.000E+00  0.000E+00  0.000E+00  0.000E+00  0.000E+00  0.000E+00
  0.000E+00  0.000E+00  0.000E+00  1.986E+03  0.000E+00  0.000E+00  0.000E+00  1.966E+03  0.000E+00  1.852E+03
  3.660E+03  0.000E+00  1.830E+03  0.000E+00  0.000E+00  1.810E+03  2.382E+02  0.000E+00  3.695E+03  0.000E+00
  0.000E+00  3.699E+03  1.838E+03  3.706E+03  0.000E+00  0.000E+00  0.000E+00  4.538E+03  0.000E+00  5.798E+03
  0.000E+00  0.000E+00  3.617E+03  0.000E+00  0.000E+00  1.820E+03  1.720E+03  1.792E+03  3.918E+03  1.802E+03
  0.000E+00  0.000E+00  0.000E+00  1.890E+03  0.000E+00  0.000E+00  1.835E+03  1.920E+03  8.783E+02  1.014E+03
  0.000E+00  1.824E+03  0.000E+00  1.837E+03  1.936E+03  1.938E+03  1.894E+03  1.933E+03  0.000E+00  1.987E+03
  0.000E+00  0.000E+00  0.000E+00  0.000E+00  0.000E+00  0.000E+00  0.000E+00  0.000E+00  0.000E+00  0.000E+00
  2.508E+03  1.922E+03  1.102E+03  0.000E+00  1.921E+03  0.000E+00  0.000E+00  0.000E+00  0.000E+00  0.000E+00
  0.000E+00  1.896E+03  0.000E+00  1.571E+03  0.000E+00  0.000E+00  5.050E+03  0.000E+00  0.000E+00  0.000E+00
  4.018E+02  3.219E+03  0.000E+00  1.817E+03  9.496E+02  1.782E+03  0.000E+00  1.915E+03  1.791E+03  1.774E+03
  0.000E+00  1.791E+03  0.000E+00  1.875E+03  0.000E+00  1.863E+03  0.000E+00  3.696E+03  5.486E+03  0.000E+00
  0.000E+00  3.708E+03  1.872E+03  0.000E+00  1.981E+03  1.805E+03  0.000E+00  0.000E+00  0.000E+00  0.000E+00
  0.000E+00  2.040E+03  0.000E+00  0.000E+00  0.000E+00  0.000E+00  0.000E+00  1.999E+03  0.000E+00  0.000E+00
  5.754E+02  0.000E+00  1.492E+03  0.000E+00  0.000E+00  0.000E+00  0.000E+00  5.414E+03  0.000E+00  8.530E+02
  0.000E+00  0.000E+00  1.916E+03  1.924E+03  1.917E+03  0.000E+00  0.000E+00  1.862E+03  1.943E+03  1.862E+03
  1.833E+03  0.000E+00  0.000E+00  2.336E+03  1.866E+03  0.000E+00  1.859E+03  0.000E+00  0.000E+00  0.000E+00
  4.287E+03  1.871E+03  0.000E+00  1.752E+03  1.805E+03  0.000E+00  3.597E+03  1.797E+03  1.879E+03  0.000E+00
  0.000E+00  1.826E+03  1.876E+03  1.885E+03  0.000E+00  0.000E+00  1.196E+03  0.000E+00  0.000E+00  0.000E+00
  1.800E+03  3.779E+03  2.095E+03  0.000E+00  0.000E+00  1.972E+03  0.000E+00  3.986E+03  1.945E+03  0.000E+00
  0.000E+00  0.000E+00  0.000E+00  0.000E+00  0.000E+00  1.993E+03  0.000E+00  0.000E+00  0.000E+00  0.000E+00
  0.000E+00  0.000E+00  0.000E+00  0.000E+00  0.000E+00  2.058E+03  2.002E+03  2.086E+03  6.651E+03  0.000E+00
  0.000E+00  0.000E+00  0.000E+00  3.309E+02  1.594E+03  0.000E+00  0.000E+00  0.000E+00  1.872E+03  0.000E+00
  0.000E+00  0.000E+00  1.890E+03  0.000E+00  3.042E+03  0.000E+00  1.904E+03  0.000E+00  0.000E+00  0.000E+00
  0.000E+00  0.000E+00  1.837E+03  0.000E+00  1.869E+03  1.765E+03  6.092E+03  0.000E+00  1.835E+03  0.000E+00
  0.000E+00  1.817E+03  1.147E+03  7.328E+02  1.850E+03  0.000E+00  0.000E+00  1.889E+03  0.000E+00  1.770E+03
  0.000E+00  0.000E+00  0.000E+00  2.058E+03  0.000E+00  0.000E+00  0.000E+00  0.000E+00  0.000E+00  2.492E+03
  0.000E+00  0.000E+00  2.102E+03  0.000E+00  0.000E+00  2.078E+03  0.000E+00  0.000E+00  0.000E+00  0.000E+00
  1.945E+03  0.000E+00  0.000E+00  0.000E+00  1.289E+03  2.131E+03  0.000E+00  0.000E+00  0.000E+00  0.000E+00
  0.000E+00  1.944E+03  1.872E+03  0.000E+00  1.919E+03  1.860E+03  0.000E+00  0.000E+00  0.000E+00  1.816E+03
  0.000E+00  0.000E+00  1.910E+03  1.900E+03  0.000E+00  0.000E+00  0.000E+00  0.000E+00  0.000E+00  1.922E+03
  0.000E+00  0.000E+00  1.864E+03  1.827E+03  1.919E+03  0.000E+00  0.000E+00  1.795E+03  0.000E+00  8.603E+02
  0.000E+00  0.000E+00  2.037E+03  0.000E+00  1.978E+03  1.898E+03  0.000E+00  1.940E+03  1.906E+03  1.893E+02
  3.725E+03  0.000E+00  0.000E+00  0.000E+00  0.000E+00  2.018E+03  0.000E+00  0.000E+00  0.000E+00  0.000E+00
  0.000E+00  0.000E+00  0.000E+00  0.000E+00  0.000E+00  0.000E+00  0.000E+00  0.000E+00  2.133E+03  0.000E+00
  0.000E+00  7.023E+02  0.000E+00  0.000E+00  0.000E+00  1.946E+03  0.000E+00  1.925E+03  0.000E+00  1.929E+03
  0.000E+00  0.000E+00  1.973E+03  0.000E+00  1.926E+03  0.000E+00  1.883E+03  1.837E+03  1.806E+03  0.000E+00
  0.000E+00  0.000E+00  0.000E+00  1.917E+03  0.000E+00  1.923E+03  0.000E+00  3.794E+03  1.961E+03  1.864E+03
  2.268E+03  0.000E+00  0.000E+00  0.000E+00  0.000E+00  1.877E+03  0.000E+00  0.000E+00  2.047E+03  0.000E+00
  0.000E+00  0.000E+00  0.000E+00  0.000E+00  0.000E+00  0.000E+00  0.000E+00  0.000E+00  0.000E+00  2.049E+03
  0.000E+00  0.000E+00  0.000E+00  0.000E+00  0.000E+00  0.000E+00  0.000E+00  0.000E+00  0.000E+00  0.000E+00
  2.091E+03  0.000E+00  0.000E+00  0.000E+00  0.000E+00  0.000E+00  0.000E+00  0.000E+00  2.077E+03  2.011E+03
  0.000E+00  0.000E+00  4.315E+03  0.000E+00  0.000E+00  1.935E+03  0.000E+00  0.000E+00  0.000E+00  0.000E+00
  1.910E+03  1.964E+03  0.000E+00  0.000E+00  0.000E+00  0.000E+00  0.000E+00  1.947E+03  0.000E+00  0.000E+00
  0.000E+00  0.000E+00  1.949E+03  0.000E+00  0.000E+00  1.837E+03  0.000E+00  4.073E+03  2.174E+03  1.846E+03
  0.000E+00  0.000E+00  1.945E+03  0.000E+00  0.000E+00  1.835E+03  2.017E+03  0.000E+00  0.000E+00  0.000E+00
  0.000E+00  2.364E+03  1.027E+02  0.000E+00  2.004E+03  0.000E+00  0.000E+00  2.013E+03  0.000E+00  0.000E+00
  0.000E+00  2.040E+03  0.000E+00  0.000E+00  0.000E+00  0.000E+00  0.000E+00  0.000E+00  0.000E+00  0.000E+00
  0.000E+00  2.097E+03  0.000E+00  0.000E+00  0.000E+00  0.000E+00  0.000E+00  0.000E+00  0.000E+00  1.971E+03
  0.000E+00  0.000E+00  0.000E+00  0.000E+00  1.960E+03  0.000E+00  0.000E+00  0.000E+00  1.905E+03  1.918E+03
  0.000E+00  0.000E+00  0.000E+00  0.000E+00  4.991E+01  0.000E+00  1.936E+03  0.000E+00  0.000E+00  0.000E+00
  0.000E+00  0.000E+00  0.000E+00  0.000E+00  0.000E+00  0.000E+00  0.000E+00  1.906E+03  0.000E+00  0.000E+00
  0.000E+00  3.505E+02  0.000E+00  0.000E+00  0.000E+00  0.000E+00  0.000E+00  0.000E+00  3.529E+03  3.254E+03
  0.000E+00  0.000E+00  0.000E+00  0.000E+00  0.000E+00  2.212E+03  0.000E+00  0.000E+00  0.000E+00  0.000E+00
  0.000E+00  0.000E+00  0.000E+00  0.000E+00  0.000E+00  2.148E+03  0.000E+00  0.000E+00  0.000E+00  0.000E+00
  1.845E+03  0.000E+00  0.000E+00  2.069E+03  0.000E+00  2.011E+03  0.000E+00  0.000E+00  0.000E+00  0.000E+00
  2.033E+03  0.000E+00  1.139E+03  0.000E+00  2.018E+03  0.000E+00  0.000E+00  0.000E+00  0.000E+00  0.000E+00
  2.019E+03  2.209E+03  0.000E+00  0.000E+00  2.011E+03  2.819E+03  1.977E+03  0.000E+00  0.000E+00  1.943E+03
  5.869E+02  0.000E+00  1.934E+03  0.000E+00  0.000E+00  0.000E+00  0.000E+00  2.277E+03  1.950E+03  0.000E+00
  0.000E+00  0.000E+00  2.551E+03  0.000E+00  0.000E+00  0.000E+00  0.000E+00  0.000E+00  2.070E+03  0.000E+00
  2.107E+03  0.000E+00  0.000E+00  0.000E+00  0.000E+00  2.132E+03  0.000E+00  2.155E+03  0.000E+00  0.000E+00

#------------------------------------------------------------------------------
# gshow
#------------------------------------------------------------------------------

p: legs[c5*0.875]

hb:   line clip z  
frame:
 -9.9999756E+00 -1.4999930E+01
  1.0100024E+01 -1.4999930E+01
  1.0100024E+01  1.5000070E+01
 -9.9999756E+00  1.5000070E+01
clip:
 -1.02955634E+01 -1.52969593E+01
  1.03956131E+01 -1.52969593E+01
  1.03956131E+01 -1.49910187E+01
  1.03956131E+01 -1.47500000E+01
  1.02500000E+01 -1.46850781E+01
  1.02500000E+01 -1.45233913E+01
  1.02500000E+01 -1.43791376E+01
  1.02500000E+01 -1.42174507E+01
  1.02500000E+01 -1.40731970E+01
  1.02500000E+01 -1.39115101E+01
  1.02500000E+01 -1.37672564E+01
  1.02500000E+01 -1.36055695E+01
  1.02500000E+01 -1.34613158E+01
  1.02500000E+01 -1.32996289E+01
  1.02500000E+01 -1.31553752E+01
  1.02500000E+01 -1.29936883E+01
  1.02500000E+01 -1.28494346E+01
  1.02500000E+01 -1.26877477E+01
  1.02500000E+01 -1.25434940E+01
  1.02500000E+01 -1.23818071E+01
  1.02500000E+01 -1.22375534E+01
  1.02500000E+01 -1.20758665E+01
  1.02500000E+01 -1.19316128E+01
  1.02500000E+01 -1.17699259E+01
  1.02500000E+01 -1.16256722E+01
  1.02500000E+01 -1.14639853E+01
  1.02500000E+01 -1.13197316E+01
  1.02500000E+01 -1.11580447E+01
  1.02500000E+01 -1.10137910E+01
  1.02500000E+01 -1.08521041E+01
  1.02500000E+01 -1.07078504E+01
  1.02500000E+01 -1.05461635E+01
  1.03956131E+01 -1.02500000E+01
  1.03956131E+01  1.02500000E+01
  1.02500000E+01  1.05637374E+01
  1.02500000E+01  1.46852189E+01
  1.03956131E+01  1.49911595E+01
  1.03956131E+01  1.52971001E+01
  1.00867895E+01  1.52971001E+01
  9.77796599E+00  1.52971001E+01
  9.46914246E+00  1.52971001E+01
  9.16031893E+00  1.52971001E+01
  8.85149540E+00  1.52971001E+01
  8.54267187E+00  1.52971001E+01
  8.23384834E+00  1.52971001E+01
  7.92502481E+00  1.52971001E+01
  7.61620129E+00  1.52971001E+01
  7.30737776E+00  1.52971001E+01
  6.99855423E+00  1.52971001E+01
  6.68973070E+00  1.52971001E+01
  6.38090717E+00  1.52971001E+01
  6.07208364E+00  1.52971001E+01
  5.76326011E+00  1.52971001E+01
  5.45443658E+00  1.52971001E+01
  5.14561305E+00  1.52971001E+01
  4.83678952E+00  1.52971001E+01
  4.52796599E+00  1.52971001E+01
  4.21914246E+00  1.52971001E+01
  3.91031893E+00  1.52971001E+01
  3.60149540E+00  1.52971001E+01
  3.29267187E+00  1.52971001E+01
  2.98384834E+00  1.52971001E+01
  2.67502481E+00  1.52971001E+01
  2.36620129E+00  1.52971001E+01
  2.05737776E+00  1.52971001E+01
  1.74855423E+00  1.52971001E+01
  1.43973070E+00  1.52971001E+01
  1.13090717E+00  1.52971001E+01
  8.22083638E-01  1.52971001E+01
  5.13260109E-01  1.52971001E+01
  2.04436580E-01  1.52971001E+01
 -1.04386950E-01  1.52971001E+01
 -4.13210479E-01  1.52971001E+01
 -7.22034009E-01  1.52971001E+01
 -1.03085754E+00  1.52971001E+01
 -1.33968107E+00  1.52971001E+01
 -1.64850460E+00  1.52971001E+01
 -1.95732813E+00  1.52971001E+01
 -2.26615166E+00  1.52971001E+01
 -2.57497519E+00  1.52971001E+01
 -2.88379871E+00  1.52971001E+01
 -3.19262224E+00  1.52971001E+01
 -3.50144577E+00  1.52971001E+01
 -3.81026930E+00  1.52971001E+01
 -4.11909283E+00  1.52971001E+01
 -4.42791636E+00  1.52971001E+01
 -4.73673989E+00  1.52971001E+01
 -5.04556342E+00  1.52971001E+01
 -5.35438695E+00  1.52971001E+01
 -5.66321048E+00  1.52971001E+01
 -5.97203401E+00  1.52971001E+01
 -6.28085754E+00  1.52971001E+01
 -6.58968107E+00  1.52971001E+01
 -6.89850460E+00  1.52971001E+01
 -7.20732813E+00  1.52971001E+01
 -7.51615166E+00  1.52971001E+01
 -7.82497519E+00  1.52971001E+01
 -8.13379871E+00  1.52971001E+01
 -8.44262224E+00  1.52971001E+01
 -8.75144577E+00  1.52971001E+01
 -9.06026930E+00  1.52971001E+01
 -9.36909283E+00  1.52971001E+01
 -9.67791636E+00  1.52971001E+01
 -9.98673989E+00  1.52971001E+01
 -1.02955634E+01  1.52971001E+01
 -1.02955634E+01  1.49911595E+01
 -1.02955634E+01  1.47500000E+01
 -1.02500000E+01  1.46852189E+01
 -1.02500000E+01  1.44244164E+01
 -1.02500000E+01  1.43792783E+01
 -1.02500000E+01  1.41184758E+01
 -1.02500000E+01  1.40733377E+01
 -1.02500000E+01  1.38125352E+01
 -1.02500000E+01  1.37673971E+01
 -1.02500000E+01  1.35065946E+01
 -1.02500000E+01  1.34614565E+01
 -1.02500000E+01  1.32006540E+01
 -1.02500000E+01  1.31555159E+01
 -1.02500000E+01  1.28947134E+01
 -1.02500000E+01  1.28495753E+01
 -1.02500000E+01  1.25887728E+01
 -1.02500000E+01  1.25436347E+01
 -1.02500000E+01  1.22828322E+01
 -1.02500000E+01  1.22376941E+01
 -1.02500000E+01  1.19768916E+01
 -1.02500000E+01  1.19317535E+01
 -1.02500000E+01  1.16709510E+01
 -1.02500000E+01  1.16258129E+01
 -1.02500000E+01  1.13650104E+01
 -1.02500000E+01  1.13198724E+01
 -1.02500000E+01  1.10590698E+01
 -1.02500000E+01  1.10139318E+01
 -1.02500000E+01  1.07531292E+01
 -1.02500000E+01  1.07079912E+01
 -1.02500000E+01  1.04471886E+01
 -1.02500000E+01  1.04020506E+01
 -1.02955634E+01  1.02500000E+01
 -1.02955634E+01  1.00961100E+01
 -1.02955634E+01  9.79016938E+00
 -1.02955634E+01  9.48422879E+00
 -1.02955634E+01  9.17828819E+00
 -1.02955634E+01  8.87234760E+00
 -1.02955634E+01  8.56640700E+00
 -1.02955634E+01  8.26046641E+00
 -1.02955634E+01  7.95452582E+00
 -1.02955634E+01  7.64858522E+00
 -1.02955634E+01  7.34264463E+00
 -1.02955634E+01  7.03670403E+00
 -1.02955634E+01  6.73076344E+00
 -1.02955634E+01  6.42482285E+00
 -1.02955634E+01  6.11888225E+00
 -1.02955634E+01  5.81294166E+00
 -1.02955634E+01  5.50700106E+00
 -1.02955634E+01  5.20106047E+00
 -1.02955634E+01  4.89511988E+00
 -1.02955634E+01  4.58917928E+00
 -1.02955634E+01  4.28323869E+00
 -1.02955634E+01  3.97729809E+00
 -1.02955634E+01  3.67135750E+00
 -1.02955634E+01  3.36541691E+00
 -1.02955634E+01  3.05947631E+00
 -1.02955634E+01  2.75353572E+00
 -1.02955634E+01  2.44759512E+00
 -1.02955634E+01  2.14165453E+00
 -1.02955634E+01  1.83571393E+00
 -1.02955634E+01  1.52977334E+00
 -1.02955634E+01  1.22383275E+00
 -1.02955634E+01  9.17892153E-01
 -1.02955634E+01  6.11951558E-01
 -1.02955634E+01  3.06010964E-01
 -1.02955634E+01  7.03703670E-05
 -1.02955634E+01 -3.05870224E-01
 -1.02955634E+01 -6.11810818E-01
 -1.02955634E+01 -9.17751412E-01
 -1.02955634E+01 -1.22369201E+00
 -1.02955634E+01 -1.52963260E+00
 -1.02955634E+01 -1.83557319E+00
 -1.02955634E+01 -2.14151379E+00
 -1.02955634E+01 -2.44745438E+00
 -1.02955634E+01 -2.75339498E+00
 -1.02955634E+01 -3.05933557E+00
 -1.02955634E+01 -3.36527616E+00
 -1.02955634E+01 -3.67121676E+00
 -1.02955634E+01 -3.97715735E+00
 -1.02955634E+01 -4.28309795E+00
 -1.02955634E+01 -4.58903854E+00
 -1.02955634E+01 -4.89497913E+00
 -1.02955634E+01 -5.20091973E+00
 -1.02955634E+01 -5.50686032E+00
 -1.02955634E+01 -5.81280092E+00
 -1.02955634E+01 -6.11874151E+00
 -1.02955634E+01 -6.42468210E+00
 -1.02955634E+01 -6.73062270E+00
 -1.02955634E+01 -7.03656329E+00
 -1.02955634E+01 -7.34250389E+00
 -1.02955634E+01 -7.64844448E+00
 -1.02955634E+01 -7.95438508E+00
 -1.02955634E+01 -8.26032567E+00
 -1.02955634E+01 -8.56626626E+00
 -1.02955634E+01 -8.87220686E+00
 -1.02955634E+01 -9.17814745E+00
 -1.02955634E+01 -9.48408805E+00
 -1.02955634E+01 -9.79002864E+00
 -1.02955634E+01 -1.00959692E+01
 -1.02955634E+01 -1.02500000E+01
 -1.02500000E+01 -1.04019098E+01
 -1.02500000E+01 -1.06627123E+01
 -1.02500000E+01 -1.07078504E+01
 -1.02500000E+01 -1.09686529E+01
 -1.02500000E+01 -1.10137910E+01
 -1.02500000E+01 -1.12745935E+01
 -1.02500000E+01 -1.13197316E+01
 -1.02500000E+01 -1.15805341E+01
 -1.02500000E+01 -1.16256722E+01
 -1.02500000E+01 -1.18864747E+01
 -1.02500000E+01 -1.19316128E+01
 -1.02500000E+01 -1.21924153E+01
 -1.02500000E+01 -1.22375534E+01
 -1.02500000E+01 -1.24983559E+01
 -1.02500000E+01 -1.25434940E+01
 -1.02500000E+01 -1.28042965E+01
 -1.02500000E+01 -1.28494346E+01
 -1.02500000E+01 -1.31102371E+01
 -1.02500000E+01 -1.31553752E+01
 -1.02500000E+01 -1.34161777E+01
 -1.02500000E+01 -1.34613158E+01
 -1.02500000E+01 -1.37221183E+01
 -1.02500000E+01 -1.37672564E+01
 -1.02500000E+01 -1.40280589E+01
 -1.02500000E+01 -1.40731970E+01
 -1.02500000E+01 -1.43339995E+01
 -1.02500000E+01 -1.43791376E+01
 -1.02500000E+01 -1.46399401E+01
 -1.02500000E+01 -1.46850781E+01
 -1.02955634E+01 -1.47500000E+01
 -1.02955634E+01 -1.49910187E+01
 -1.02955634E+01 -1.52969593E+01

hb:   line clip z  
frame:
 -9.9999756E+00 -1.4999930E+01
  1.0100024E+01 -1.4999930E+01
  1.0100024E+01  1.5000070E+01
 -9.9999756E+00  1.5000070E+01
clip:
 -1.02955634E+01 -1.47500000E+01
 -1.02500000E+01 -1.47302162E+01
 -1.02500000E+01 -1.46850781E+01
 -1.02500000E+01 -1.46399401E+01
 -1.02500000E+01 -1.43791376E+01
 -1.02500000E+01 -1.43339995E+01
 -1.02500000E+01 -1.40731970E+01
 -1.02500000E+01 -1.40280589E+01
 -1.02500000E+01 -1.37672564E+01
 -1.02500000E+01 -1.37221183E+01
 -1.02500000E+01 -1.34613158E+01
 -1.02500000E+01 -1.34161777E+01
 -1.02500000E+01 -1.31553752E+01
 -1.02500000E+01 -1.31102371E+01
 -1.02500000E+01 -1.28494346E+01
 -1.02500000E+01 -1.28042965E+01
 -1.02500000E+01 -1.25434940E+01
 -1.02500000E+01 -1.24983559E+01
 -1.02500000E+01 -1.22375534E+01
 -1.02500000E+01 -1.21924153E+01
 -1.02500000E+01 -1.19316128E+01
 -1.02500000E+01 -1.18864747E+01
 -1.02500000E+01 -1.16256722E+01
 -1.02500000E+01 -1.15805341E+01
 -1.02500000E+01 -1.13197316E+01
 -1.02500000E+01 -1.12745935E+01
 -1.02500000E+01 -1.10137910E+01
 -1.02500000E+01 -1.09686529E+01
 -1.02500000E+01 -1.07078504E+01
 -1.02500000E+01 -1.06627123E+01
 -1.02500000E+01 -1.04019098E+01
 -1.02500000E+01 -1.03567718E+01
 -1.02955634E+01 -1.02500000E+01
 -1.02955634E+01 -1.04019098E+01
 -1.02955634E+01 -1.07078504E+01
 -1.02955634E+01 -1.10137910E+01
 -1.02955634E+01 -1.13197316E+01
 -1.02955634E+01 -1.16256722E+01
 -1.02955634E+01 -1.19316128E+01
 -1.02955634E+01 -1.22375534E+01
 -1.02955634E+01 -1.25434940E+01
 -1.02955634E+01 -1.28494346E+01
 -1.02955634E+01 -1.31553752E+01
 -1.02955634E+01 -1.34613158E+01
 -1.02955634E+01 -1.37672564E+01
 -1.02955634E+01 -1.40731970E+01
 -1.02955634E+01 -1.43791376E+01
 -1.02955634E+01 -1.46850781E+01

hb:   line clip z  
frame:
 -9.9999756E+00 -1.4999930E+01
  1.0100024E+01 -1.4999930E+01
  1.0100024E+01  1.5000070E+01
 -9.9999756E+00  1.5000070E+01
clip:
  1.03300794E+01 -1.47500000E+01
  1.03956131E+01 -1.47500000E+01
  1.03956131E+01 -1.46850781E+01
  1.03956131E+01 -1.43791376E+01
  1.03956131E+01 -1.40731970E+01
  1.03956131E+01 -1.37672564E+01
  1.03956131E+01 -1.34613158E+01
  1.03956131E+01 -1.31553752E+01
  1.03956131E+01 -1.28494346E+01
  1.03956131E+01 -1.25434940E+01
  1.03956131E+01 -1.22375534E+01
  1.03956131E+01 -1.19316128E+01
  1.03956131E+01 -1.16256722E+01
  1.03956131E+01 -1.13197316E+01
  1.03956131E+01 -1.10137910E+01
  1.03956131E+01 -1.07078504E+01
  1.03956131E+01 -1.04019098E+01
  1.03956131E+01 -1.02500000E+01
  1.02500000E+01 -1.02576561E+01
  1.02500000E+01 -1.04019098E+01
  1.02500000E+01 -1.05461635E+01
  1.02500000E+01 -1.07078504E+01
  1.02500000E+01 -1.08521041E+01
  1.02500000E+01 -1.10137910E+01
  1.02500000E+01 -1.11580447E+01
  1.02500000E+01 -1.13197316E+01
  1.02500000E+01 -1.14639853E+01
  1.02500000E+01 -1.16256722E+01
  1.02500000E+01 -1.17699259E+01
  1.02500000E+01 -1.19316128E+01
  1.02500000E+01 -1.20758665E+01
  1.02500000E+01 -1.22375534E+01
  1.02500000E+01 -1.23818071E+01
  1.02500000E+01 -1.25434940E+01
  1.02500000E+01 -1.26877477E+01
  1.02500000E+01 -1.28494346E+01
  1.02500000E+01 -1.29936883E+01
  1.02500000E+01 -1.31553752E+01
  1.02500000E+01 -1.32996289E+01
  1.02500000E+01 -1.34613158E+01
  1.02500000E+01 -1.36055695E+01
  1.02500000E+01 -1.37672564E+01
  1.02500000E+01 -1.39115101E+01
  1.02500000E+01 -1.40731970E+01
  1.02500000E+01 -1.42174507E+01
  1.02500000E+01 -1.43791376E+01
  1.02500000E+01 -1.45233913E+01
  1.02500000E+01 -1.46850781E+01

hb:   line clip z  
frame:
 -9.9999756E+00 -1.4999930E+01
  1.0100024E+01 -1.4999930E+01
  1.0100024E+01  1.5000070E+01
 -9.9999756E+00  1.5000070E+01
clip:
 -1.02955634E+01  1.02500000E+01
 -1.02500000E+01  1.03569125E+01
 -1.02500000E+01  1.47303570E+01
 -1.02955634E+01  1.47500000E+01
 -1.02955634E+01  1.46852189E+01
 -1.02955634E+01  1.43792783E+01
 -1.02955634E+01  1.40733377E+01
 -1.02955634E+01  1.37673971E+01
 -1.02955634E+01  1.34614565E+01
 -1.02955634E+01  1.31555159E+01
 -1.02955634E+01  1.28495753E+01
 -1.02955634E+01  1.25436347E+01
 -1.02955634E+01  1.22376941E+01
 -1.02955634E+01  1.19317535E+01
 -1.02955634E+01  1.16258129E+01
 -1.02955634E+01  1.13198724E+01
 -1.02955634E+01  1.10139318E+01
 -1.02955634E+01  1.07079912E+01
 -1.02955634E+01  1.04020506E+01

hb:   line clip z  
frame:
 -9.9999756E+00 -1.4999930E+01
  1.0100024E+01 -1.4999930E+01
  1.0100024E+01  1.5000070E+01
 -9.9999756E+00  1.5000070E+01
clip:
  1.02500000E+01  1.02577968E+01
  1.03956131E+01  1.02500000E+01
  1.03956131E+01  1.04020506E+01
  1.03956131E+01  1.07079912E+01
  1.03956131E+01  1.10139318E+01
  1.03956131E+01  1.13198724E+01
  1.03956131E+01  1.16258129E+01
  1.03956131E+01  1.19317535E+01
  1.03956131E+01  1.22376941E+01
  1.03956131E+01  1.25436347E+01
  1.03956131E+01  1.28495753E+01
  1.03956131E+01  1.31555159E+01
  1.03956131E+01  1.34614565E+01
  1.03956131E+01  1.37673971E+01
  1.03956131E+01  1.40733377E+01
  1.03956131E+01  1.43792783E+01
  1.03956131E+01  1.46852189E+01
  1.03956131E+01  1.47500000E+01
  1.03302215E+01  1.47500000E+01
  1.02500000E+01  1.46852189E+01
  1.02500000E+01  1.45409652E+01
  1.02500000E+01  1.43792783E+01
  1.02500000E+01  1.42350246E+01
  1.02500000E+01  1.40733377E+01
  1.02500000E+01  1.39290840E+01
  1.02500000E+01  1.37673971E+01
  1.02500000E+01  1.36231434E+01
  1.02500000E+01  1.34614565E+01
  1.02500000E+01  1.33172028E+01
  1.02500000E+01  1.31555159E+01
  1.02500000E+01  1.30112622E+01
  1.02500000E+01  1.28495753E+01
  1.02500000E+01  1.27053216E+01
  1.02500000E+01  1.25436347E+01
  1.02500000E+01  1.23993810E+01
  1.02500000E+01  1.22376941E+01
  1.02500000E+01  1.20934404E+01
  1.02500000E+01  1.19317535E+01
  1.02500000E+01  1.17874998E+01
  1.02500000E+01  1.16258129E+01
  1.02500000E+01  1.14815592E+01
  1.02500000E+01  1.13198724E+01
  1.02500000E+01  1.11756186E+01
  1.02500000E+01  1.10139318E+01
  1.02500000E+01  1.08696780E+01
  1.02500000E+01  1.07079912E+01
  1.02500000E+01  1.05637374E+01
  1.02500000E+01  1.04020506E+01

#------------------------------------------------------------------------------
z: xorg(1.03)
p: xfac[c2*0.05] form[c1/0.05] notc noxt noyt dmin(1)
p: ymin(0) ymax(1) xmin(0) xmax(1) cmin(1) cmax(100) nosp
hc: y= 0.005 to 0.995 by 0.01 ; x= 0.5 to 0.5 by 1 ;
 1  2  3  4  5  6  7  8  9 10 11 12 13 14 15 16 17 18 19 20
21 22 23 24 25 26 27 28 29 30 31 32 33 34 35 36 37 38 39 40
41 42 43 44 45 46 47 48 49 50 51 52 53 54 55 56 57 58 59 60
61 62 63 64 65 66 67 68 69 70 71 72 73 74 75 76 77 78 79 80
81 82 83 84 85 86 87 88 89 90 91 92 93 94 95 96 97 98 99 100
z: xorg(0.0)
p: xfac[c2*0.05] form[c1/0.05] nosp afac[c5*0.625] ymin[c3] ymax[c4]
p: noxt noxn ytxt(-1) ynum(-1) xltd(-1) xstd(-1) itic(1) ylog
y: Flux [1/cm^2/source]              
#------------------------------------------------------------------------------

wt: s[c5]
\vspace{-3}
  emin  &=&   0.0000E+00 [MeV]
  emax  &=&   1.0000E+03 [MeV]
  zmin  &=&   3.3930E+01 [cm]
  zmax  &=&   3.3950E+01 [cm]
  part. &=& proton  
e:

#------------------------------------------------------------------------------
z: xorg[-1.03/0.05]
p: form[c1] xfac[c2] afac[c5] nosp notf
p: xmin( -10.00000    ) xmax(  10.10000    )
p: ymin( -15.00000    ) ymax(  15.00000    )
 
# Information for Restart Calculation
# This calculation was newly started
# istdev =  2 # 1:Batch variance, 2:History variance
# resc2  = 8.01088500297036238E-03 # Total source weight or Total source weight / maxcas
# resc3  = 5.00000000000000000E+07 # Total history number or Total batch number
# maxcas =        5000 # History / Batch, only used for istdev=1
# bitrseed = 1011011100110000010011010001101010111111010111000100110010000110 # bit data of rseed
