[ T-Deposit ]
    title = Dosis xy
     mesh =  xyz            # mesh type is xyz scoring mesh
   x-type =    2            # x-mesh is linear given by xmin, xmax and nx
     xmin = -0.8000000      # minimum value of x-mesh points
     xmax =  0.8000000      # maximum value of x-mesh points
#    xdel =  0.1000000      # mesh width of x-mesh points
       nx =     16          # number of x-mesh points
#    data = ( x(i), i = 1, nx + 1 )
#          -8.00000E-01 -7.00000E-01 -6.00000E-01 -5.00000E-01 -4.00000E-01
#          -3.00000E-01 -2.00000E-01 -1.00000E-01  0.00000E+00  1.00000E-01
#           2.00000E-01  3.00000E-01  4.00000E-01  5.00000E-01  6.00000E-01
#           7.00000E-01  8.00000E-01
   y-type =    2            # y-mesh is linear given by ymin, ymax and ny
     ymin =  -1.650000      # minimum value of y-mesh points
     ymax =   1.650000      # maximum value of y-mesh points
#    ydel =  0.1000000      # mesh width of y-mesh points
       ny =     33          # number of y-mesh points
#    data = ( y(i), i = 1, ny + 1 )
#          -1.65000E+00 -1.55000E+00 -1.45000E+00 -1.35000E+00 -1.25000E+00
#          -1.15000E+00 -1.05000E+00 -9.50000E-01 -8.50000E-01 -7.50000E-01
#          -6.50000E-01 -5.50000E-01 -4.50000E-01 -3.50000E-01 -2.50000E-01
#          -1.50000E-01 -5.00000E-02  5.00000E-02  1.50000E-01  2.50000E-01
#           3.50000E-01  4.50000E-01  5.50000E-01  6.50000E-01  7.50000E-01
#           8.50000E-01  9.50000E-01  1.05000E+00  1.15000E+00  1.25000E+00
#           1.35000E+00  1.45000E+00  1.55000E+00  1.65000E+00
   z-type =    2            # z-mesh is linear given by zmin, zmax and nz
     zmin =   98.38000      # minimum value of z-mesh points
     zmax =   98.58000      # maximum value of z-mesh points
#    zdel =  5.0000000E-02  # mesh width of z-mesh points
       nz =      4          # number of z-mesh points
#    data = ( z(i), i = 1, nz + 1 )
#           9.83800E+01  9.84300E+01  9.84800E+01  9.85300E+01  9.85800E+01
     unit =    0            # unit is [Gy/source]
   letmat =    0            # (D=0) mat ID for LET, 0:real mat, <0: electron for H2O
  dedxfnc =    0            # (D=0) user defined multiplier, 0(no), 1, 2
 material =  all            # (D=all) number of specific material
   output =  dose           # total deposit energy
  deposit =    0            # (D=0) 0-> total deposit dist, 1-> each process
  2D-type =    3            # 1:Cont, 2:Clust, 3:Color, 4:xyz, 5:mat, 6:Clust+Cont, 7:Col+Cont
     axis =    xy           # axis of output
     file = ./out/dosis_pauch_L.out  # file name of output for the above axis
     part =  proton     photon   
# kf/name :  2212       22       
    gshow =    1            # 0: no 1:bnd, 2:bnd+mat, 3:bnd+reg 4:bnd+lat 5:bmp style
    resol =    1            # (D=1) resolution of gshow or rshow
    width = 0.5000000       # (D=0.5) width of lines for gshow or rshow
   epsout =    1            # (D=0) generate eps file by ANGEL
   mother =  all            # (D=all) number of specific mother
#    used :        main (  %)        temp (  %)       total (  %)
#  memory :          59 (  0)           0 (  0)          59 (  0)

#------------------------------------------------------------------------------
#newpage:
#   no. =  1   iz  =  1   part. = proton  
#   z = (   9.8380E+01  -   9.8430E+01  )

'no. =  1,  iz =  1'
msuc: {\huge Dosis xy}
msdr: {\it plotted by \ANGEL \version}
msdl: {\it calculated by \PHITS  3.35}

x: x [cm]
y: y [cm]
set: c1[ 2.062] c2[ 0.627] c5[ 0.800] c6[ 0.743] c7[ 0.708] c8[ 0.000]
p: h2fs form[c1] xfac[c2] afac[c5] scal[c6] xorg[c7] yorg[c8] nosp
p: xmin(-0.8000000    ) xmax( 0.8000000    )
p: ymin( -1.650000    ) ymax(  1.650000    )
#  ny =  33   nx =  16
# ( ( data(x,y), x = 1, nx ), y = ny, 1, -1 )

#------------------------------------------------------------------------------
# gshow
#------------------------------------------------------------------------------

p: legs[c5*0.875]

h: x ny1,0  y2=[y1](Air),ic[cyan]
 -1.000000E+00 -1.000000E+00

hb:   line clip z   cb(cyan)
frame:
 -7.9999814E-01 -1.6499925E+00
  8.0000186E-01 -1.6499925E+00
  8.0000186E-01  1.6500075E+00
 -7.9999814E-01  1.6500075E+00
clip:
 -8.94115672E-01 -1.74705108E+00
 -6.32785317E-01 -1.74705108E+00
 -5.38767899E-01 -1.66016693E+00
 -4.82115673E-01 -1.56850000E+00
 -5.58821554E-01 -1.56850000E+00
 -6.35527436E-01 -1.56850000E+00
 -6.70586260E-01 -1.56850000E+00
 -7.47292141E-01 -1.56850000E+00
 -7.82350966E-01 -1.56850000E+00
 -8.59056847E-01 -1.56850000E+00
 -8.94115672E-01 -1.56850000E+00
 -8.94115672E-01 -1.64116873E+00
 -8.94115672E-01 -1.74705108E+00

h: x ny1,0  y2=[y1](skin),ic[brown]
 -1.000000E+00 -1.000000E+00

hb:   line clip z   cb(brown)
frame:
 -7.9999814E-01 -1.6499925E+00
  8.0000186E-01 -1.6499925E+00
  8.0000186E-01  1.6500075E+00
 -7.9999814E-01  1.6500075E+00
clip:
 -5.58821554E-01 -1.74705108E+00
  6.20785317E-01 -1.74705108E+00
  5.90325664E-01 -1.71720883E+00
  5.58825505E-01 -1.68806355E+00
  5.03686244E-01 -1.64116873E+00
  4.72582690E-01 -1.61699010E+00
  4.47060799E-01 -1.59835691E+00
  3.46432903E-01 -1.53528638E+00
  3.39338567E-01 -1.53145666E+00
  3.35296093E-01 -1.52931036E+00
  3.21420925E-01 -1.52214148E+00
  2.23531387E-01 -1.48019479E+00
  1.40060957E-01 -1.45620913E+00
  1.11766681E-01 -1.45051238E+00
  1.13687964E-02 -1.44017259E+00
  1.97530848E-06 -1.43997032E+00
 -9.43601938E-02 -1.44589064E+00
 -1.11762731E-01 -1.44846602E+00
 -1.86238735E-01 -1.46473016E+00
 -2.23527436E-01 -1.47608211E+00
 -2.68527207E-01 -1.49265502E+00
 -3.35292142E-01 -1.52309042E+00
 -3.43630637E-01 -1.52738675E+00
 -3.58432903E-01 -1.53528638E+00
 -4.47056848E-01 -1.58996573E+00
 -4.77865826E-01 -1.61198128E+00
 -5.15686244E-01 -1.64116873E+00
 -5.58821554E-01 -1.67741064E+00
 -5.96324196E-01 -1.71152226E+00
 -6.32785317E-01 -1.74705108E+00

hb:   line clip z   cb(cyan)
frame:
 -7.9999814E-01 -1.6499925E+00
  8.0000186E-01 -1.6499925E+00
  8.0000186E-01  1.6500075E+00
 -7.9999814E-01  1.6500075E+00
clip:
  6.70590211E-01 -1.74705108E+00
  8.94119622E-01 -1.74705108E+00
  8.94119622E-01 -1.64116873E+00
  8.94119622E-01 -1.56850000E+00
  8.17413741E-01 -1.56850000E+00
  7.82354916E-01 -1.56850000E+00
  7.05649035E-01 -1.56850000E+00
  6.70590211E-01 -1.56850000E+00
  5.93884329E-01 -1.56850000E+00
  5.58825505E-01 -1.56850000E+00
  4.82119623E-01 -1.56850000E+00
  5.33101624E-01 -1.66553872E+00
  6.20785317E-01 -1.74705108E+00

hb:   line clip z   cb(cyan)
frame:
 -7.9999814E-01 -1.6499925E+00
  8.0000186E-01 -1.6499925E+00
  8.0000186E-01  1.6500075E+00
 -7.9999814E-01  1.6500075E+00
clip:
 -8.94115672E-01 -1.56850000E+00
 -4.47056848E-01 -1.56850000E+00
 -3.58432903E-01 -1.53528638E+00
 -2.68527207E-01 -1.49265502E+00
 -1.86238735E-01 -1.46473016E+00
 -9.43601938E-02 -1.44589064E+00
  1.97530848E-06 -1.43997032E+00
  1.11766681E-01 -1.45051238E+00
  2.23531387E-01 -1.48019479E+00
  3.35296093E-01 -1.52931036E+00
  4.12001974E-01 -1.56850000E+00
  8.94119622E-01 -1.56850000E+00
  8.94119622E-01 -1.53528638E+00
  8.94119622E-01 -1.42940402E+00
  8.94119622E-01 -1.32352167E+00
  8.94119622E-01 -1.31850000E+00
  8.88818970E-01 -1.31850000E+00
  7.82354916E-01 -1.31850000E+00
  7.77054264E-01 -1.31850000E+00
  6.70590211E-01 -1.31850000E+00
  6.65289558E-01 -1.31850000E+00
  5.58825505E-01 -1.31850000E+00
  5.53524852E-01 -1.31850000E+00
  4.47060799E-01 -1.31850000E+00
  4.41760146E-01 -1.31850000E+00
  3.35296093E-01 -1.31850000E+00
  3.29995440E-01 -1.31850000E+00
  2.23531387E-01 -1.31850000E+00
  2.18230734E-01 -1.31850000E+00
  1.11766681E-01 -1.31850000E+00
  1.06466028E-01 -1.31850000E+00
  1.97530848E-06 -1.31850000E+00
 -5.29867744E-03 -1.31850000E+00
 -1.11762731E-01 -1.31850000E+00
 -1.17063383E-01 -1.31850000E+00
 -2.23527436E-01 -1.31850000E+00
 -2.28828089E-01 -1.31850000E+00
 -3.35292142E-01 -1.31850000E+00
 -3.40592795E-01 -1.31850000E+00
 -4.47056848E-01 -1.31850000E+00
 -4.52357501E-01 -1.31850000E+00
 -5.58821554E-01 -1.31850000E+00
 -5.64122207E-01 -1.31850000E+00
 -6.70586260E-01 -1.31850000E+00
 -6.75886913E-01 -1.31850000E+00
 -7.82350966E-01 -1.31850000E+00
 -7.87651619E-01 -1.31850000E+00
 -8.94115672E-01 -1.31850000E+00
 -8.94115672E-01 -1.32352167E+00
 -8.94115672E-01 -1.42940402E+00
 -8.94115672E-01 -1.53528638E+00

h: x ny1,0  y2=[y1](double defined),ic[black]
 -1.000000E+00 -1.000000E+00
hb:
bmap: width=  0.111765E+00 hight=  0.105882E+00
 -8.941157E-01  1.111772E+00  1.000  1.000  0.000
 -7.823510E-01  1.111772E+00  1.000  1.000  0.000
 -6.705863E-01  1.111772E+00  1.000  1.000  0.000
 -5.588216E-01  1.111772E+00  1.000  1.000  0.000
 -4.470568E-01  1.111772E+00  1.000  1.000  0.000
 -3.352921E-01  1.111772E+00  1.000  1.000  0.000
 -2.235274E-01  1.111772E+00  1.000  1.000  0.000
 -1.117627E-01  1.111772E+00  1.000  1.000  0.000
  1.975308E-06  1.111772E+00  1.000  1.000  0.000
  1.117667E-01  1.111772E+00  1.000  1.000  0.000
  2.235314E-01  1.111772E+00  1.000  1.000  0.000
  3.352961E-01  1.111772E+00  1.000  1.000  0.000
  4.470608E-01  1.111772E+00  1.000  1.000  0.000
  5.588255E-01  1.111772E+00  1.000  1.000  0.000
  6.705902E-01  1.111772E+00  1.000  1.000  0.000
  7.823549E-01  1.111772E+00  1.000  1.000  0.000
  8.941196E-01  1.111772E+00  1.000  1.000  0.000
 -8.941157E-01  1.217655E+00  1.000  1.000  0.000
 -7.823510E-01  1.217655E+00  1.000  1.000  0.000
 -6.705863E-01  1.217655E+00  1.000  1.000  0.000
 -5.588216E-01  1.217655E+00  1.000  1.000  0.000
 -4.470568E-01  1.217655E+00  1.000  1.000  0.000
 -3.352921E-01  1.217655E+00  1.000  1.000  0.000
 -2.235274E-01  1.217655E+00  1.000  1.000  0.000
 -1.117627E-01  1.217655E+00  1.000  1.000  0.000
  1.975308E-06  1.217655E+00  1.000  1.000  0.000
  1.117667E-01  1.217655E+00  1.000  1.000  0.000
  2.235314E-01  1.217655E+00  1.000  1.000  0.000
  3.352961E-01  1.217655E+00  1.000  1.000  0.000
  4.470608E-01  1.217655E+00  1.000  1.000  0.000
  5.588255E-01  1.217655E+00  1.000  1.000  0.000
  6.705902E-01  1.217655E+00  1.000  1.000  0.000
  7.823549E-01  1.217655E+00  1.000  1.000  0.000
  8.941196E-01  1.217655E+00  1.000  1.000  0.000
 -8.941157E-01  1.323537E+00  1.000  1.000  0.000
 -7.823510E-01  1.323537E+00  1.000  1.000  0.000
 -6.705863E-01  1.323537E+00  1.000  1.000  0.000
 -5.588216E-01  1.323537E+00  1.000  1.000  0.000
 -4.470568E-01  1.323537E+00  1.000  1.000  0.000
 -3.352921E-01  1.323537E+00  1.000  1.000  0.000
 -2.235274E-01  1.323537E+00  1.000  1.000  0.000
 -1.117627E-01  1.323537E+00  1.000  1.000  0.000
  1.975308E-06  1.323537E+00  1.000  1.000  0.000
  1.117667E-01  1.323537E+00  1.000  1.000  0.000
  2.235314E-01  1.323537E+00  1.000  1.000  0.000
  3.352961E-01  1.323537E+00  1.000  1.000  0.000
  4.470608E-01  1.323537E+00  1.000  1.000  0.000
  5.588255E-01  1.323537E+00  1.000  1.000  0.000
  6.705902E-01  1.323537E+00  1.000  1.000  0.000
  7.823549E-01  1.323537E+00  1.000  1.000  0.000
  8.941196E-01  1.323537E+00  1.000  1.000  0.000
 -8.941157E-01  1.429420E+00  1.000  1.000  0.000
 -7.823510E-01  1.429420E+00  1.000  1.000  0.000
 -6.705863E-01  1.429420E+00  1.000  1.000  0.000
 -5.588216E-01  1.429420E+00  1.000  1.000  0.000
 -4.470568E-01  1.429420E+00  1.000  1.000  0.000
 -3.352921E-01  1.429420E+00  1.000  1.000  0.000
 -2.235274E-01  1.429420E+00  1.000  1.000  0.000
 -1.117627E-01  1.429420E+00  1.000  1.000  0.000
  1.975308E-06  1.429420E+00  1.000  1.000  0.000
  1.117667E-01  1.429420E+00  1.000  1.000  0.000
  2.235314E-01  1.429420E+00  1.000  1.000  0.000
  3.352961E-01  1.429420E+00  1.000  1.000  0.000
  4.470608E-01  1.429420E+00  1.000  1.000  0.000
  5.588255E-01  1.429420E+00  1.000  1.000  0.000
  6.705902E-01  1.429420E+00  1.000  1.000  0.000
  7.823549E-01  1.429420E+00  1.000  1.000  0.000
  8.941196E-01  1.429420E+00  1.000  1.000  0.000
 -8.941157E-01  1.535302E+00  1.000  1.000  0.000
 -7.823510E-01  1.535302E+00  1.000  1.000  0.000
 -6.705863E-01  1.535302E+00  1.000  1.000  0.000
 -5.588216E-01  1.535302E+00  1.000  1.000  0.000
 -4.470568E-01  1.535302E+00  1.000  1.000  0.000
 -3.352921E-01  1.535302E+00  1.000  1.000  0.000
 -2.235274E-01  1.535302E+00  1.000  1.000  0.000
 -1.117627E-01  1.535302E+00  1.000  1.000  0.000
  1.975308E-06  1.535302E+00  1.000  1.000  0.000
  1.117667E-01  1.535302E+00  1.000  1.000  0.000
  2.235314E-01  1.535302E+00  1.000  1.000  0.000
  3.352961E-01  1.535302E+00  1.000  1.000  0.000
  4.470608E-01  1.535302E+00  1.000  1.000  0.000
  5.588255E-01  1.535302E+00  1.000  1.000  0.000
  6.705902E-01  1.535302E+00  1.000  1.000  0.000
  7.823549E-01  1.535302E+00  1.000  1.000  0.000
  8.941196E-01  1.535302E+00  1.000  1.000  0.000
 -8.941157E-01  1.641184E+00  1.000  1.000  0.000
 -7.823510E-01  1.641184E+00  1.000  1.000  0.000
 -6.705863E-01  1.641184E+00  1.000  1.000  0.000
 -5.588216E-01  1.641184E+00  1.000  1.000  0.000
 -4.470568E-01  1.641184E+00  1.000  1.000  0.000
 -3.352921E-01  1.641184E+00  1.000  1.000  0.000
 -2.235274E-01  1.641184E+00  1.000  1.000  0.000
 -1.117627E-01  1.641184E+00  1.000  1.000  0.000
  1.975308E-06  1.641184E+00  1.000  1.000  0.000
  1.117667E-01  1.641184E+00  1.000  1.000  0.000
  2.235314E-01  1.641184E+00  1.000  1.000  0.000
  3.352961E-01  1.641184E+00  1.000  1.000  0.000
  4.470608E-01  1.641184E+00  1.000  1.000  0.000
  5.588255E-01  1.641184E+00  1.000  1.000  0.000
  6.705902E-01  1.641184E+00  1.000  1.000  0.000
  7.823549E-01  1.641184E+00  1.000  1.000  0.000
  8.941196E-01  1.641184E+00  1.000  1.000  0.000
 -8.941157E-01  1.747067E+00  1.000  1.000  0.000
 -7.823510E-01  1.747067E+00  1.000  1.000  0.000
 -6.705863E-01  1.747067E+00  1.000  1.000  0.000
 -5.588216E-01  1.747067E+00  1.000  1.000  0.000
 -4.470568E-01  1.747067E+00  1.000  1.000  0.000
 -3.352921E-01  1.747067E+00  1.000  1.000  0.000
 -2.235274E-01  1.747067E+00  1.000  1.000  0.000
 -1.117627E-01  1.747067E+00  1.000  1.000  0.000
  1.975308E-06  1.747067E+00  1.000  1.000  0.000
  1.117667E-01  1.747067E+00  1.000  1.000  0.000
  2.235314E-01  1.747067E+00  1.000  1.000  0.000
  3.352961E-01  1.747067E+00  1.000  1.000  0.000
  4.470608E-01  1.747067E+00  1.000  1.000  0.000
  5.588255E-01  1.747067E+00  1.000  1.000  0.000
  6.705902E-01  1.747067E+00  1.000  1.000  0.000
  7.823549E-01  1.747067E+00  1.000  1.000  0.000
  8.941196E-01  1.747067E+00  1.000  1.000  0.000

wt: s[c5]
\vspace{-3}
  zmin  &=&   9.8380E+01 [cm]
  zmax  &=&   9.8430E+01 [cm]
  part. &=& proton  
e:

#------------------------------------------------------------------------------
 newpage:
#   no. =  2   iz  =  2   part. = proton  
#   z = (   9.8430E+01  -   9.8480E+01  )

'no. =  2,  iz =  2'
msuc: {\huge Dosis xy}
msdr: {\it plotted by \ANGEL \version}
msdl: {\it calculated by \PHITS  3.35}

x: x [cm]
y: y [cm]
set: c1[ 2.062] c2[ 0.627] c5[ 0.800] c6[ 0.743] c7[ 0.708] c8[ 0.000]
p: h2fs form[c1] xfac[c2] afac[c5] scal[c6] xorg[c7] yorg[c8] nosp
p: xmin(-0.8000000    ) xmax( 0.8000000    )
p: ymin( -1.650000    ) ymax(  1.650000    )
#  ny =  33   nx =  16
# ( ( data(x,y), x = 1, nx ), y = ny, 1, -1 )

#------------------------------------------------------------------------------
# gshow
#------------------------------------------------------------------------------

p: legs[c5*0.875]

h: x ny1,0  y2=[y1](Air),ic[cyan]
 -1.000000E+00 -1.000000E+00

hb:   line clip z   cb(cyan)
frame:
 -7.9999814E-01 -1.6499925E+00
  8.0000186E-01 -1.6499925E+00
  8.0000186E-01  1.6500075E+00
 -7.9999814E-01  1.6500075E+00
clip:
 -8.94115672E-01 -1.74705108E+00
 -6.57812728E-01 -1.74705108E+00
 -5.52810143E-01 -1.64686375E+00
 -4.82115673E-01 -1.56850000E+00
 -5.58821554E-01 -1.56850000E+00
 -6.35527436E-01 -1.56850000E+00
 -6.70586260E-01 -1.56850000E+00
 -7.47292141E-01 -1.56850000E+00
 -7.82350966E-01 -1.56850000E+00
 -8.59056847E-01 -1.56850000E+00
 -8.94115672E-01 -1.56850000E+00
 -8.94115672E-01 -1.64116873E+00
 -8.94115672E-01 -1.74705108E+00

h: x ny1,0  y2=[y1](skin),ic[brown]
 -1.000000E+00 -1.000000E+00

hb:   line clip z   cb(brown)
frame:
 -7.9999814E-01 -1.6499925E+00
  8.0000186E-01 -1.6499925E+00
  8.0000186E-01  1.6500075E+00
 -7.9999814E-01  1.6500075E+00
clip:
 -5.58821554E-01 -1.74705108E+00
  6.45812728E-01 -1.74705108E+00
  6.03696844E-01 -1.70454139E+00
  5.58825505E-01 -1.66268742E+00
  5.34166702E-01 -1.64116873E+00
  4.87259867E-01 -1.60308540E+00
  4.47060799E-01 -1.57337484E+00
  3.89232779E-01 -1.53528638E+00
  3.55886029E-01 -1.51578012E+00
  3.35296093E-01 -1.50462338E+00
  2.70473897E-01 -1.47387588E+00
  2.23531387E-01 -1.45571352E+00
  1.28708885E-01 -1.42940402E+00
  1.14646872E-01 -1.42667542E+00
  1.07554644E-01 -1.42541367E+00
  1.97530848E-06 -1.41565498E+00
 -1.44821537E-02 -1.41568222E+00
 -1.11762731E-01 -1.42411582E+00
 -1.16519932E-01 -1.42489720E+00
 -1.40708885E-01 -1.42940402E+00
 -2.23527436E-01 -1.45161790E+00
 -2.86525235E-01 -1.47560425E+00
 -3.35292142E-01 -1.49842968E+00
 -3.60302435E-01 -1.51159242E+00
 -4.01232779E-01 -1.53528638E+00
 -4.47056848E-01 -1.56501990E+00
 -4.92626191E-01 -1.59799777E+00
 -5.46166702E-01 -1.64116873E+00
 -5.58821554E-01 -1.65208196E+00
 -6.09755650E-01 -1.69879773E+00
 -6.57812728E-01 -1.74705108E+00

hb:   line clip z   cb(cyan)
frame:
 -7.9999814E-01 -1.6499925E+00
  8.0000186E-01 -1.6499925E+00
  8.0000186E-01  1.6500075E+00
 -7.9999814E-01  1.6500075E+00
clip:
  6.70590211E-01 -1.74705108E+00
  8.94119622E-01 -1.74705108E+00
  8.94119622E-01 -1.64116873E+00
  8.94119622E-01 -1.56850000E+00
  8.17413741E-01 -1.56850000E+00
  7.82354916E-01 -1.56850000E+00
  7.05649035E-01 -1.56850000E+00
  6.70590211E-01 -1.56850000E+00
  5.93884329E-01 -1.56850000E+00
  5.58825505E-01 -1.56850000E+00
  5.34166702E-01 -1.64116873E+00
  5.58825505E-01 -1.66268742E+00
  6.45812728E-01 -1.74705108E+00

hb:   line clip z   cb(cyan)
frame:
 -7.9999814E-01 -1.6499925E+00
  8.0000186E-01 -1.6499925E+00
  8.0000186E-01  1.6500075E+00
 -7.9999814E-01  1.6500075E+00
clip:
 -8.94115672E-01 -1.56850000E+00
 -5.23762730E-01 -1.56850000E+00
 -4.28686251E-01 -1.55269010E+00
 -3.35292142E-01 -1.49842968E+00
 -2.23527436E-01 -1.45161790E+00
 -1.40708885E-01 -1.42940402E+00
 -1.44821537E-02 -1.41568222E+00
  1.07554644E-01 -1.42541367E+00
  1.28708885E-01 -1.42940402E+00
  2.03008802E-01 -1.44884647E+00
  2.23531387E-01 -1.45571352E+00
  2.70473897E-01 -1.47387588E+00
  3.35296093E-01 -1.50462338E+00
  3.89232779E-01 -1.53528638E+00
  4.23752702E-01 -1.55736773E+00
  4.47060799E-01 -1.56850000E+00
  4.82119623E-01 -1.56850000E+00
  5.58825505E-01 -1.56850000E+00
  5.93884329E-01 -1.56850000E+00
  6.70590211E-01 -1.56850000E+00
  7.05649035E-01 -1.56850000E+00
  7.82354916E-01 -1.56850000E+00
  8.17413741E-01 -1.56850000E+00
  8.94119622E-01 -1.56850000E+00
  8.94119622E-01 -1.53528638E+00
  8.94119622E-01 -1.42940402E+00
  8.94119622E-01 -1.32352167E+00
  8.94119622E-01 -1.31850000E+00
  8.88818970E-01 -1.31850000E+00
  7.82354916E-01 -1.31850000E+00
  7.77054264E-01 -1.31850000E+00
  6.70590211E-01 -1.31850000E+00
  6.65289558E-01 -1.31850000E+00
  5.58825505E-01 -1.31850000E+00
  5.53524852E-01 -1.31850000E+00
  4.47060799E-01 -1.31850000E+00
  4.41760146E-01 -1.31850000E+00
  3.35296093E-01 -1.31850000E+00
  3.29995440E-01 -1.31850000E+00
  2.23531387E-01 -1.31850000E+00
  2.18230734E-01 -1.31850000E+00
  1.11766681E-01 -1.31850000E+00
  1.06466028E-01 -1.31850000E+00
  1.97530848E-06 -1.31850000E+00
 -5.29867744E-03 -1.31850000E+00
 -1.11762731E-01 -1.31850000E+00
 -1.17063383E-01 -1.31850000E+00
 -2.23527436E-01 -1.31850000E+00
 -2.28828089E-01 -1.31850000E+00
 -3.35292142E-01 -1.31850000E+00
 -3.40592795E-01 -1.31850000E+00
 -4.47056848E-01 -1.31850000E+00
 -4.52357501E-01 -1.31850000E+00
 -5.58821554E-01 -1.31850000E+00
 -5.64122207E-01 -1.31850000E+00
 -6.70586260E-01 -1.31850000E+00
 -6.75886913E-01 -1.31850000E+00
 -7.82350966E-01 -1.31850000E+00
 -7.87651619E-01 -1.31850000E+00
 -8.94115672E-01 -1.31850000E+00
 -8.94115672E-01 -1.32352167E+00
 -8.94115672E-01 -1.42940402E+00
 -8.94115672E-01 -1.53528638E+00

h: x ny1,0  y2=[y1](double defined),ic[black]
 -1.000000E+00 -1.000000E+00
hb:
bmap: width=  0.111765E+00 hight=  0.105882E+00
 -8.941157E-01  3.705960E-01  1.000  1.000  0.000
 -7.823510E-01  3.705960E-01  1.000  1.000  0.000
 -6.705863E-01  3.705960E-01  1.000  1.000  0.000
 -5.588216E-01  3.705960E-01  1.000  1.000  0.000
 -4.470568E-01  3.705960E-01  1.000  1.000  0.000
 -3.352921E-01  3.705960E-01  1.000  1.000  0.000
 -2.235274E-01  3.705960E-01  1.000  1.000  0.000
 -1.117627E-01  3.705960E-01  1.000  1.000  0.000
  1.975308E-06  3.705960E-01  1.000  1.000  0.000
  1.117667E-01  3.705960E-01  1.000  1.000  0.000
  2.235314E-01  3.705960E-01  1.000  1.000  0.000
  3.352961E-01  3.705960E-01  1.000  1.000  0.000
  4.470608E-01  3.705960E-01  1.000  1.000  0.000
  5.588255E-01  3.705960E-01  1.000  1.000  0.000
  6.705902E-01  3.705960E-01  1.000  1.000  0.000
  7.823549E-01  3.705960E-01  1.000  1.000  0.000
  8.941196E-01  3.705960E-01  1.000  1.000  0.000
 -8.941157E-01  4.764783E-01  1.000  1.000  0.000
 -7.823510E-01  4.764783E-01  1.000  1.000  0.000
 -6.705863E-01  4.764783E-01  1.000  1.000  0.000
 -5.588216E-01  4.764783E-01  1.000  1.000  0.000
 -4.470568E-01  4.764783E-01  1.000  1.000  0.000
 -3.352921E-01  4.764783E-01  1.000  1.000  0.000
 -2.235274E-01  4.764783E-01  1.000  1.000  0.000
 -1.117627E-01  4.764783E-01  1.000  1.000  0.000
  1.975308E-06  4.764783E-01  1.000  1.000  0.000
  1.117667E-01  4.764783E-01  1.000  1.000  0.000
  2.235314E-01  4.764783E-01  1.000  1.000  0.000
  3.352961E-01  4.764783E-01  1.000  1.000  0.000
  4.470608E-01  4.764783E-01  1.000  1.000  0.000
  5.588255E-01  4.764783E-01  1.000  1.000  0.000
  6.705902E-01  4.764783E-01  1.000  1.000  0.000
  7.823549E-01  4.764783E-01  1.000  1.000  0.000
  8.941196E-01  4.764783E-01  1.000  1.000  0.000
 -8.941157E-01  5.823607E-01  1.000  1.000  0.000
 -7.823510E-01  5.823607E-01  1.000  1.000  0.000
 -6.705863E-01  5.823607E-01  1.000  1.000  0.000
 -5.588216E-01  5.823607E-01  1.000  1.000  0.000
 -4.470568E-01  5.823607E-01  1.000  1.000  0.000
 -3.352921E-01  5.823607E-01  1.000  1.000  0.000
 -2.235274E-01  5.823607E-01  1.000  1.000  0.000
 -1.117627E-01  5.823607E-01  1.000  1.000  0.000
  1.975308E-06  5.823607E-01  1.000  1.000  0.000
  1.117667E-01  5.823607E-01  1.000  1.000  0.000
  2.235314E-01  5.823607E-01  1.000  1.000  0.000
  3.352961E-01  5.823607E-01  1.000  1.000  0.000
  4.470608E-01  5.823607E-01  1.000  1.000  0.000
  5.588255E-01  5.823607E-01  1.000  1.000  0.000
  6.705902E-01  5.823607E-01  1.000  1.000  0.000
  7.823549E-01  5.823607E-01  1.000  1.000  0.000
  8.941196E-01  5.823607E-01  1.000  1.000  0.000
 -8.941157E-01  6.882430E-01  1.000  1.000  0.000
 -7.823510E-01  6.882430E-01  1.000  1.000  0.000
 -6.705863E-01  6.882430E-01  1.000  1.000  0.000
 -5.588216E-01  6.882430E-01  1.000  1.000  0.000
 -4.470568E-01  6.882430E-01  1.000  1.000  0.000
 -3.352921E-01  6.882430E-01  1.000  1.000  0.000
 -2.235274E-01  6.882430E-01  1.000  1.000  0.000
 -1.117627E-01  6.882430E-01  1.000  1.000  0.000
  1.975308E-06  6.882430E-01  1.000  1.000  0.000
  1.117667E-01  6.882430E-01  1.000  1.000  0.000
  2.235314E-01  6.882430E-01  1.000  1.000  0.000
  3.352961E-01  6.882430E-01  1.000  1.000  0.000
  4.470608E-01  6.882430E-01  1.000  1.000  0.000
  5.588255E-01  6.882430E-01  1.000  1.000  0.000
  6.705902E-01  6.882430E-01  1.000  1.000  0.000
  7.823549E-01  6.882430E-01  1.000  1.000  0.000
  8.941196E-01  6.882430E-01  1.000  1.000  0.000
 -8.941157E-01  7.941254E-01  1.000  1.000  0.000
 -7.823510E-01  7.941254E-01  1.000  1.000  0.000
 -6.705863E-01  7.941254E-01  1.000  1.000  0.000
 -5.588216E-01  7.941254E-01  1.000  1.000  0.000
 -4.470568E-01  7.941254E-01  1.000  1.000  0.000
 -3.352921E-01  7.941254E-01  1.000  1.000  0.000
 -2.235274E-01  7.941254E-01  1.000  1.000  0.000
 -1.117627E-01  7.941254E-01  1.000  1.000  0.000
  1.975308E-06  7.941254E-01  1.000  1.000  0.000
  1.117667E-01  7.941254E-01  1.000  1.000  0.000
  2.235314E-01  7.941254E-01  1.000  1.000  0.000
  3.352961E-01  7.941254E-01  1.000  1.000  0.000
  4.470608E-01  7.941254E-01  1.000  1.000  0.000
  5.588255E-01  7.941254E-01  1.000  1.000  0.000
  6.705902E-01  7.941254E-01  1.000  1.000  0.000
  7.823549E-01  7.941254E-01  1.000  1.000  0.000
  8.941196E-01  7.941254E-01  1.000  1.000  0.000
 -8.941157E-01  9.000077E-01  1.000  1.000  0.000
 -7.823510E-01  9.000077E-01  1.000  1.000  0.000
 -6.705863E-01  9.000077E-01  1.000  1.000  0.000
 -5.588216E-01  9.000077E-01  1.000  1.000  0.000
 -4.470568E-01  9.000077E-01  1.000  1.000  0.000
 -3.352921E-01  9.000077E-01  1.000  1.000  0.000
 -2.235274E-01  9.000077E-01  1.000  1.000  0.000
 -1.117627E-01  9.000077E-01  1.000  1.000  0.000
  1.975308E-06  9.000077E-01  1.000  1.000  0.000
  1.117667E-01  9.000077E-01  1.000  1.000  0.000
  2.235314E-01  9.000077E-01  1.000  1.000  0.000
  3.352961E-01  9.000077E-01  1.000  1.000  0.000
  4.470608E-01  9.000077E-01  1.000  1.000  0.000
  5.588255E-01  9.000077E-01  1.000  1.000  0.000
  6.705902E-01  9.000077E-01  1.000  1.000  0.000
  7.823549E-01  9.000077E-01  1.000  1.000  0.000
  8.941196E-01  9.000077E-01  1.000  1.000  0.000
 -8.941157E-01  1.005890E+00  1.000  1.000  0.000
 -7.823510E-01  1.005890E+00  1.000  1.000  0.000
 -6.705863E-01  1.005890E+00  1.000  1.000  0.000
 -5.588216E-01  1.005890E+00  1.000  1.000  0.000
 -4.470568E-01  1.005890E+00  1.000  1.000  0.000
 -3.352921E-01  1.005890E+00  1.000  1.000  0.000
 -2.235274E-01  1.005890E+00  1.000  1.000  0.000
 -1.117627E-01  1.005890E+00  1.000  1.000  0.000
  1.975308E-06  1.005890E+00  1.000  1.000  0.000
  1.117667E-01  1.005890E+00  1.000  1.000  0.000
  2.235314E-01  1.005890E+00  1.000  1.000  0.000
  3.352961E-01  1.005890E+00  1.000  1.000  0.000
  4.470608E-01  1.005890E+00  1.000  1.000  0.000
  5.588255E-01  1.005890E+00  1.000  1.000  0.000
  6.705902E-01  1.005890E+00  1.000  1.000  0.000
  7.823549E-01  1.005890E+00  1.000  1.000  0.000
  8.941196E-01  1.005890E+00  1.000  1.000  0.000
 -8.941157E-01  1.111772E+00  1.000  1.000  0.000
 -7.823510E-01  1.111772E+00  1.000  1.000  0.000
 -6.705863E-01  1.111772E+00  1.000  1.000  0.000
 -5.588216E-01  1.111772E+00  1.000  1.000  0.000
 -4.470568E-01  1.111772E+00  1.000  1.000  0.000
 -3.352921E-01  1.111772E+00  1.000  1.000  0.000
 -2.235274E-01  1.111772E+00  1.000  1.000  0.000
 -1.117627E-01  1.111772E+00  1.000  1.000  0.000
  1.975308E-06  1.111772E+00  1.000  1.000  0.000
  1.117667E-01  1.111772E+00  1.000  1.000  0.000
  2.235314E-01  1.111772E+00  1.000  1.000  0.000
  3.352961E-01  1.111772E+00  1.000  1.000  0.000
  4.470608E-01  1.111772E+00  1.000  1.000  0.000
  5.588255E-01  1.111772E+00  1.000  1.000  0.000
  6.705902E-01  1.111772E+00  1.000  1.000  0.000
  7.823549E-01  1.111772E+00  1.000  1.000  0.000
  8.941196E-01  1.111772E+00  1.000  1.000  0.000
 -8.941157E-01  1.217655E+00  1.000  1.000  0.000
 -7.823510E-01  1.217655E+00  1.000  1.000  0.000
 -6.705863E-01  1.217655E+00  1.000  1.000  0.000
 -5.588216E-01  1.217655E+00  1.000  1.000  0.000
 -4.470568E-01  1.217655E+00  1.000  1.000  0.000
 -3.352921E-01  1.217655E+00  1.000  1.000  0.000
 -2.235274E-01  1.217655E+00  1.000  1.000  0.000
 -1.117627E-01  1.217655E+00  1.000  1.000  0.000
  1.975308E-06  1.217655E+00  1.000  1.000  0.000
  1.117667E-01  1.217655E+00  1.000  1.000  0.000
  2.235314E-01  1.217655E+00  1.000  1.000  0.000
  3.352961E-01  1.217655E+00  1.000  1.000  0.000
  4.470608E-01  1.217655E+00  1.000  1.000  0.000
  5.588255E-01  1.217655E+00  1.000  1.000  0.000
  6.705902E-01  1.217655E+00  1.000  1.000  0.000
  7.823549E-01  1.217655E+00  1.000  1.000  0.000
  8.941196E-01  1.217655E+00  1.000  1.000  0.000
 -8.941157E-01  1.323537E+00  1.000  1.000  0.000
 -7.823510E-01  1.323537E+00  1.000  1.000  0.000
 -6.705863E-01  1.323537E+00  1.000  1.000  0.000
 -5.588216E-01  1.323537E+00  1.000  1.000  0.000
 -4.470568E-01  1.323537E+00  1.000  1.000  0.000
 -3.352921E-01  1.323537E+00  1.000  1.000  0.000
 -2.235274E-01  1.323537E+00  1.000  1.000  0.000
 -1.117627E-01  1.323537E+00  1.000  1.000  0.000
  1.975308E-06  1.323537E+00  1.000  1.000  0.000
  1.117667E-01  1.323537E+00  1.000  1.000  0.000
  2.235314E-01  1.323537E+00  1.000  1.000  0.000
  3.352961E-01  1.323537E+00  1.000  1.000  0.000
  4.470608E-01  1.323537E+00  1.000  1.000  0.000
  5.588255E-01  1.323537E+00  1.000  1.000  0.000
  6.705902E-01  1.323537E+00  1.000  1.000  0.000
  7.823549E-01  1.323537E+00  1.000  1.000  0.000
  8.941196E-01  1.323537E+00  1.000  1.000  0.000
 -8.941157E-01  1.429420E+00  1.000  1.000  0.000
 -7.823510E-01  1.429420E+00  1.000  1.000  0.000
 -6.705863E-01  1.429420E+00  1.000  1.000  0.000
 -5.588216E-01  1.429420E+00  1.000  1.000  0.000
 -4.470568E-01  1.429420E+00  1.000  1.000  0.000
 -3.352921E-01  1.429420E+00  1.000  1.000  0.000
 -2.235274E-01  1.429420E+00  1.000  1.000  0.000
 -1.117627E-01  1.429420E+00  1.000  1.000  0.000
  1.975308E-06  1.429420E+00  1.000  1.000  0.000
  1.117667E-01  1.429420E+00  1.000  1.000  0.000
  2.235314E-01  1.429420E+00  1.000  1.000  0.000
  3.352961E-01  1.429420E+00  1.000  1.000  0.000
  4.470608E-01  1.429420E+00  1.000  1.000  0.000
  5.588255E-01  1.429420E+00  1.000  1.000  0.000
  6.705902E-01  1.429420E+00  1.000  1.000  0.000
  7.823549E-01  1.429420E+00  1.000  1.000  0.000
  8.941196E-01  1.429420E+00  1.000  1.000  0.000
 -8.941157E-01  1.535302E+00  1.000  1.000  0.000
 -7.823510E-01  1.535302E+00  1.000  1.000  0.000
 -6.705863E-01  1.535302E+00  1.000  1.000  0.000
 -5.588216E-01  1.535302E+00  1.000  1.000  0.000
 -4.470568E-01  1.535302E+00  1.000  1.000  0.000
 -3.352921E-01  1.535302E+00  1.000  1.000  0.000
 -2.235274E-01  1.535302E+00  1.000  1.000  0.000
 -1.117627E-01  1.535302E+00  1.000  1.000  0.000
  1.975308E-06  1.535302E+00  1.000  1.000  0.000
  1.117667E-01  1.535302E+00  1.000  1.000  0.000
  2.235314E-01  1.535302E+00  1.000  1.000  0.000
  3.352961E-01  1.535302E+00  1.000  1.000  0.000
  4.470608E-01  1.535302E+00  1.000  1.000  0.000
  5.588255E-01  1.535302E+00  1.000  1.000  0.000
  6.705902E-01  1.535302E+00  1.000  1.000  0.000
  7.823549E-01  1.535302E+00  1.000  1.000  0.000
  8.941196E-01  1.535302E+00  1.000  1.000  0.000
 -8.941157E-01  1.641184E+00  1.000  1.000  0.000
 -7.823510E-01  1.641184E+00  1.000  1.000  0.000
 -6.705863E-01  1.641184E+00  1.000  1.000  0.000
 -5.588216E-01  1.641184E+00  1.000  1.000  0.000
 -4.470568E-01  1.641184E+00  1.000  1.000  0.000
 -3.352921E-01  1.641184E+00  1.000  1.000  0.000
 -2.235274E-01  1.641184E+00  1.000  1.000  0.000
 -1.117627E-01  1.641184E+00  1.000  1.000  0.000
  1.975308E-06  1.641184E+00  1.000  1.000  0.000
  1.117667E-01  1.641184E+00  1.000  1.000  0.000
  2.235314E-01  1.641184E+00  1.000  1.000  0.000
  3.352961E-01  1.641184E+00  1.000  1.000  0.000
  4.470608E-01  1.641184E+00  1.000  1.000  0.000
  5.588255E-01  1.641184E+00  1.000  1.000  0.000
  6.705902E-01  1.641184E+00  1.000  1.000  0.000
  7.823549E-01  1.641184E+00  1.000  1.000  0.000
  8.941196E-01  1.641184E+00  1.000  1.000  0.000
 -8.941157E-01  1.747067E+00  1.000  1.000  0.000
 -7.823510E-01  1.747067E+00  1.000  1.000  0.000
 -6.705863E-01  1.747067E+00  1.000  1.000  0.000
 -5.588216E-01  1.747067E+00  1.000  1.000  0.000
 -4.470568E-01  1.747067E+00  1.000  1.000  0.000
 -3.352921E-01  1.747067E+00  1.000  1.000  0.000
 -2.235274E-01  1.747067E+00  1.000  1.000  0.000
 -1.117627E-01  1.747067E+00  1.000  1.000  0.000
  1.975308E-06  1.747067E+00  1.000  1.000  0.000
  1.117667E-01  1.747067E+00  1.000  1.000  0.000
  2.235314E-01  1.747067E+00  1.000  1.000  0.000
  3.352961E-01  1.747067E+00  1.000  1.000  0.000
  4.470608E-01  1.747067E+00  1.000  1.000  0.000
  5.588255E-01  1.747067E+00  1.000  1.000  0.000
  6.705902E-01  1.747067E+00  1.000  1.000  0.000
  7.823549E-01  1.747067E+00  1.000  1.000  0.000
  8.941196E-01  1.747067E+00  1.000  1.000  0.000

wt: s[c5]
\vspace{-3}
  zmin  &=&   9.8430E+01 [cm]
  zmax  &=&   9.8480E+01 [cm]
  part. &=& proton  
e:

#------------------------------------------------------------------------------
 newpage:
#   no. =  3   iz  =  3   part. = proton  
#   z = (   9.8480E+01  -   9.8530E+01  )

'no. =  3,  iz =  3'
msuc: {\huge Dosis xy}
msdr: {\it plotted by \ANGEL \version}
msdl: {\it calculated by \PHITS  3.35}

x: x [cm]
y: y [cm]
set: c1[ 2.062] c2[ 0.627] c5[ 0.800] c6[ 0.743] c7[ 0.708] c8[ 0.000]
p: h2fs form[c1] xfac[c2] afac[c5] scal[c6] xorg[c7] yorg[c8] nosp
p: xmin(-0.8000000    ) xmax( 0.8000000    )
p: ymin( -1.650000    ) ymax(  1.650000    )
#  ny =  33   nx =  16
# ( ( data(x,y), x = 1, nx ), y = ny, 1, -1 )

#------------------------------------------------------------------------------
# gshow
#------------------------------------------------------------------------------

p: legs[c5*0.875]

h: x ny1,0  y2=[y1](Air),ic[cyan]
 -1.000000E+00 -1.000000E+00

hb:   line clip z   cb(cyan)
frame:
 -7.9999814E-01 -1.6499925E+00
  8.0000186E-01 -1.6499925E+00
  8.0000186E-01  1.6500075E+00
 -7.9999814E-01  1.6500075E+00
clip:
 -8.94115672E-01 -1.74705108E+00
 -6.78205201E-01 -1.74705108E+00
 -6.20961010E-01 -1.68818212E+00
 -5.70606115E-01 -1.64116873E+00
 -5.93880378E-01 -1.56850000E+00
 -6.70586260E-01 -1.56850000E+00
 -7.47292141E-01 -1.56850000E+00
 -7.82350966E-01 -1.56850000E+00
 -8.59056847E-01 -1.56850000E+00
 -8.94115672E-01 -1.56850000E+00
 -8.94115672E-01 -1.64116873E+00
 -8.94115672E-01 -1.74705108E+00

h: x ny1,0  y2=[y1](skin),ic[brown]
 -1.000000E+00 -1.000000E+00

hb:   line clip z   cb(brown)
frame:
 -7.9999814E-01 -1.6499925E+00
  8.0000186E-01 -1.6499925E+00
  8.0000186E-01  1.6500075E+00
 -7.9999814E-01  1.6500075E+00
clip:
 -6.70586260E-01 -1.74705108E+00
  6.66205201E-01 -1.74705108E+00
  6.14853039E-01 -1.69397237E+00
  5.58825505E-01 -1.64136405E+00
  4.99477984E-01 -1.59151034E+00
  4.47060799E-01 -1.55237995E+00
  4.22029144E-01 -1.53528638E+00
  3.69611655E-01 -1.50277690E+00
  3.35296093E-01 -1.48387455E+00
  2.33236709E-01 -1.43859854E+00
  2.23531387E-01 -1.43513625E+00
  2.06477017E-01 -1.42940402E+00
  1.32551387E-01 -1.40971325E+00
  1.11766681E-01 -1.40567883E+00
  8.18033587E-02 -1.40101772E+00
  1.97530848E-06 -1.39521614E+00
 -3.54233609E-02 -1.39584318E+00
 -1.11762731E-01 -1.40364790E+00
 -1.34660466E-01 -1.40771143E+00
 -2.18477017E-01 -1.42940402E+00
 -2.23527436E-01 -1.43105488E+00
 -3.01408379E-01 -1.46150443E+00
 -3.35292142E-01 -1.47770273E+00
 -3.74127693E-01 -1.49849480E+00
 -4.34029144E-01 -1.53528638E+00
 -4.47056848E-01 -1.54405522E+00
 -5.04911701E-01 -1.58635887E+00
 -5.58821554E-01 -1.63079813E+00
 -5.64512891E-01 -1.63577694E+00
 -5.70606115E-01 -1.64116873E+00
 -6.70586260E-01 -1.73887703E+00
 -6.74638840E-01 -1.74321180E+00
 -6.78205201E-01 -1.74705108E+00

hb:   line clip z   cb(cyan)
frame:
 -7.9999814E-01 -1.6499925E+00
  8.0000186E-01 -1.6499925E+00
  8.0000186E-01  1.6500075E+00
 -7.9999814E-01  1.6500075E+00
clip:
  6.70590211E-01 -1.74705108E+00
  8.94119622E-01 -1.74705108E+00
  8.94119622E-01 -1.64116873E+00
  8.94119622E-01 -1.56850000E+00
  8.17413741E-01 -1.56850000E+00
  7.82354916E-01 -1.56850000E+00
  7.05649035E-01 -1.56850000E+00
  6.70590211E-01 -1.56850000E+00
  5.93884329E-01 -1.56850000E+00
  5.58825505E-01 -1.56850000E+00
  5.58606115E-01 -1.64116873E+00
  6.66205201E-01 -1.74705108E+00

hb:   line clip z   cb(cyan)
frame:
 -7.9999814E-01 -1.6499925E+00
  8.0000186E-01 -1.6499925E+00
  8.0000186E-01  1.6500075E+00
 -7.9999814E-01  1.6500075E+00
clip:
 -8.94115672E-01 -1.56850000E+00
 -5.23762730E-01 -1.56850000E+00
 -4.41666189E-01 -1.54039332E+00
 -3.35292142E-01 -1.47770273E+00
 -2.23527436E-01 -1.43105488E+00
 -1.11762731E-01 -1.40364790E+00
  1.97530848E-06 -1.39521614E+00
  1.11766681E-01 -1.40567883E+00
  2.19098808E-01 -1.43360331E+00
  2.33236709E-01 -1.43859854E+00
  3.35296093E-01 -1.48387455E+00
  4.22029144E-01 -1.53528638E+00
  4.36651661E-01 -1.54514767E+00
  4.82119623E-01 -1.56850000E+00
  5.58825505E-01 -1.56850000E+00
  8.94119622E-01 -1.56850000E+00
  8.94119622E-01 -1.53528638E+00
  8.94119622E-01 -1.42940402E+00
  8.94119622E-01 -1.32352167E+00
  8.94119622E-01 -1.31850000E+00
  8.88818970E-01 -1.31850000E+00
  7.82354916E-01 -1.31850000E+00
  7.77054264E-01 -1.31850000E+00
  6.70590211E-01 -1.31850000E+00
  6.65289558E-01 -1.31850000E+00
  5.58825505E-01 -1.31850000E+00
  5.53524852E-01 -1.31850000E+00
  4.47060799E-01 -1.31850000E+00
  4.41760146E-01 -1.31850000E+00
  3.35296093E-01 -1.31850000E+00
  3.29995440E-01 -1.31850000E+00
  2.23531387E-01 -1.31850000E+00
  2.18230734E-01 -1.31850000E+00
  1.11766681E-01 -1.31850000E+00
  1.06466028E-01 -1.31850000E+00
  1.97530848E-06 -1.31850000E+00
 -5.29867744E-03 -1.31850000E+00
 -1.11762731E-01 -1.31850000E+00
 -1.17063383E-01 -1.31850000E+00
 -2.23527436E-01 -1.31850000E+00
 -2.28828089E-01 -1.31850000E+00
 -3.35292142E-01 -1.31850000E+00
 -3.40592795E-01 -1.31850000E+00
 -4.47056848E-01 -1.31850000E+00
 -4.52357501E-01 -1.31850000E+00
 -5.58821554E-01 -1.31850000E+00
 -5.64122207E-01 -1.31850000E+00
 -6.70586260E-01 -1.31850000E+00
 -6.75886913E-01 -1.31850000E+00
 -7.82350966E-01 -1.31850000E+00
 -7.87651619E-01 -1.31850000E+00
 -8.94115672E-01 -1.31850000E+00
 -8.94115672E-01 -1.32352167E+00
 -8.94115672E-01 -1.42940402E+00
 -8.94115672E-01 -1.53528638E+00

h: x ny1,0  y2=[y1](double defined),ic[black]
 -1.000000E+00 -1.000000E+00
hb:
bmap: width=  0.111765E+00 hight=  0.105882E+00
 -8.941157E-01 -4.764628E-01  1.000  1.000  0.000
 -7.823510E-01 -4.764628E-01  1.000  1.000  0.000
 -6.705863E-01 -4.764628E-01  1.000  1.000  0.000
 -5.588216E-01 -4.764628E-01  1.000  1.000  0.000
 -4.470568E-01 -4.764628E-01  1.000  1.000  0.000
 -3.352921E-01 -4.764628E-01  1.000  1.000  0.000
 -2.235274E-01 -4.764628E-01  1.000  1.000  0.000
 -1.117627E-01 -4.764628E-01  1.000  1.000  0.000
  1.975308E-06 -4.764628E-01  1.000  1.000  0.000
  1.117667E-01 -4.764628E-01  1.000  1.000  0.000
  2.235314E-01 -4.764628E-01  1.000  1.000  0.000
  3.352961E-01 -4.764628E-01  1.000  1.000  0.000
  4.470608E-01 -4.764628E-01  1.000  1.000  0.000
  5.588255E-01 -4.764628E-01  1.000  1.000  0.000
  6.705902E-01 -4.764628E-01  1.000  1.000  0.000
  7.823549E-01 -4.764628E-01  1.000  1.000  0.000
  8.941196E-01 -4.764628E-01  1.000  1.000  0.000
 -8.941157E-01 -3.705805E-01  1.000  1.000  0.000
 -7.823510E-01 -3.705805E-01  1.000  1.000  0.000
 -6.705863E-01 -3.705805E-01  1.000  1.000  0.000
 -5.588216E-01 -3.705805E-01  1.000  1.000  0.000
 -4.470568E-01 -3.705805E-01  1.000  1.000  0.000
 -3.352921E-01 -3.705805E-01  1.000  1.000  0.000
 -2.235274E-01 -3.705805E-01  1.000  1.000  0.000
 -1.117627E-01 -3.705805E-01  1.000  1.000  0.000
  1.975308E-06 -3.705805E-01  1.000  1.000  0.000
  1.117667E-01 -3.705805E-01  1.000  1.000  0.000
  2.235314E-01 -3.705805E-01  1.000  1.000  0.000
  3.352961E-01 -3.705805E-01  1.000  1.000  0.000
  4.470608E-01 -3.705805E-01  1.000  1.000  0.000
  5.588255E-01 -3.705805E-01  1.000  1.000  0.000
  6.705902E-01 -3.705805E-01  1.000  1.000  0.000
  7.823549E-01 -3.705805E-01  1.000  1.000  0.000
  8.941196E-01 -3.705805E-01  1.000  1.000  0.000
 -8.941157E-01 -2.646981E-01  1.000  1.000  0.000
 -7.823510E-01 -2.646981E-01  1.000  1.000  0.000
 -6.705863E-01 -2.646981E-01  1.000  1.000  0.000
 -5.588216E-01 -2.646981E-01  1.000  1.000  0.000
 -4.470568E-01 -2.646981E-01  1.000  1.000  0.000
 -3.352921E-01 -2.646981E-01  1.000  1.000  0.000
 -2.235274E-01 -2.646981E-01  1.000  1.000  0.000
 -1.117627E-01 -2.646981E-01  1.000  1.000  0.000
  1.975308E-06 -2.646981E-01  1.000  1.000  0.000
  1.117667E-01 -2.646981E-01  1.000  1.000  0.000
  2.235314E-01 -2.646981E-01  1.000  1.000  0.000
  3.352961E-01 -2.646981E-01  1.000  1.000  0.000
  4.470608E-01 -2.646981E-01  1.000  1.000  0.000
  5.588255E-01 -2.646981E-01  1.000  1.000  0.000
  6.705902E-01 -2.646981E-01  1.000  1.000  0.000
  7.823549E-01 -2.646981E-01  1.000  1.000  0.000
  8.941196E-01 -2.646981E-01  1.000  1.000  0.000
 -8.941157E-01 -1.588158E-01  1.000  1.000  0.000
 -7.823510E-01 -1.588158E-01  1.000  1.000  0.000
 -6.705863E-01 -1.588158E-01  1.000  1.000  0.000
 -5.588216E-01 -1.588158E-01  1.000  1.000  0.000
 -4.470568E-01 -1.588158E-01  1.000  1.000  0.000
 -3.352921E-01 -1.588158E-01  1.000  1.000  0.000
 -2.235274E-01 -1.588158E-01  1.000  1.000  0.000
 -1.117627E-01 -1.588158E-01  1.000  1.000  0.000
  1.975308E-06 -1.588158E-01  1.000  1.000  0.000
  1.117667E-01 -1.588158E-01  1.000  1.000  0.000
  2.235314E-01 -1.588158E-01  1.000  1.000  0.000
  3.352961E-01 -1.588158E-01  1.000  1.000  0.000
  4.470608E-01 -1.588158E-01  1.000  1.000  0.000
  5.588255E-01 -1.588158E-01  1.000  1.000  0.000
  6.705902E-01 -1.588158E-01  1.000  1.000  0.000
  7.823549E-01 -1.588158E-01  1.000  1.000  0.000
  8.941196E-01 -1.588158E-01  1.000  1.000  0.000
 -8.941157E-01 -5.293344E-02  1.000  1.000  0.000
 -7.823510E-01 -5.293344E-02  1.000  1.000  0.000
 -6.705863E-01 -5.293344E-02  1.000  1.000  0.000
 -5.588216E-01 -5.293344E-02  1.000  1.000  0.000
 -4.470568E-01 -5.293344E-02  1.000  1.000  0.000
 -3.352921E-01 -5.293344E-02  1.000  1.000  0.000
 -2.235274E-01 -5.293344E-02  1.000  1.000  0.000
 -1.117627E-01 -5.293344E-02  1.000  1.000  0.000
  1.975308E-06 -5.293344E-02  1.000  1.000  0.000
  1.117667E-01 -5.293344E-02  1.000  1.000  0.000
  2.235314E-01 -5.293344E-02  1.000  1.000  0.000
  3.352961E-01 -5.293344E-02  1.000  1.000  0.000
  4.470608E-01 -5.293344E-02  1.000  1.000  0.000
  5.588255E-01 -5.293344E-02  1.000  1.000  0.000
  6.705902E-01 -5.293344E-02  1.000  1.000  0.000
  7.823549E-01 -5.293344E-02  1.000  1.000  0.000
  8.941196E-01 -5.293344E-02  1.000  1.000  0.000
 -8.941157E-01  5.294892E-02  1.000  1.000  0.000
 -7.823510E-01  5.294892E-02  1.000  1.000  0.000
 -6.705863E-01  5.294892E-02  1.000  1.000  0.000
 -5.588216E-01  5.294892E-02  1.000  1.000  0.000
 -4.470568E-01  5.294892E-02  1.000  1.000  0.000
 -3.352921E-01  5.294892E-02  1.000  1.000  0.000
 -2.235274E-01  5.294892E-02  1.000  1.000  0.000
 -1.117627E-01  5.294892E-02  1.000  1.000  0.000
  1.975308E-06  5.294892E-02  1.000  1.000  0.000
  1.117667E-01  5.294892E-02  1.000  1.000  0.000
  2.235314E-01  5.294892E-02  1.000  1.000  0.000
  3.352961E-01  5.294892E-02  1.000  1.000  0.000
  4.470608E-01  5.294892E-02  1.000  1.000  0.000
  5.588255E-01  5.294892E-02  1.000  1.000  0.000
  6.705902E-01  5.294892E-02  1.000  1.000  0.000
  7.823549E-01  5.294892E-02  1.000  1.000  0.000
  8.941196E-01  5.294892E-02  1.000  1.000  0.000
 -8.941157E-01  1.588313E-01  1.000  1.000  0.000
 -7.823510E-01  1.588313E-01  1.000  1.000  0.000
 -6.705863E-01  1.588313E-01  1.000  1.000  0.000
 -5.588216E-01  1.588313E-01  1.000  1.000  0.000
 -4.470568E-01  1.588313E-01  1.000  1.000  0.000
 -3.352921E-01  1.588313E-01  1.000  1.000  0.000
 -2.235274E-01  1.588313E-01  1.000  1.000  0.000
 -1.117627E-01  1.588313E-01  1.000  1.000  0.000
  1.975308E-06  1.588313E-01  1.000  1.000  0.000
  1.117667E-01  1.588313E-01  1.000  1.000  0.000
  2.235314E-01  1.588313E-01  1.000  1.000  0.000
  3.352961E-01  1.588313E-01  1.000  1.000  0.000
  4.470608E-01  1.588313E-01  1.000  1.000  0.000
  5.588255E-01  1.588313E-01  1.000  1.000  0.000
  6.705902E-01  1.588313E-01  1.000  1.000  0.000
  7.823549E-01  1.588313E-01  1.000  1.000  0.000
  8.941196E-01  1.588313E-01  1.000  1.000  0.000
 -8.941157E-01  2.647136E-01  1.000  1.000  0.000
 -7.823510E-01  2.647136E-01  1.000  1.000  0.000
 -6.705863E-01  2.647136E-01  1.000  1.000  0.000
 -5.588216E-01  2.647136E-01  1.000  1.000  0.000
 -4.470568E-01  2.647136E-01  1.000  1.000  0.000
 -3.352921E-01  2.647136E-01  1.000  1.000  0.000
 -2.235274E-01  2.647136E-01  1.000  1.000  0.000
 -1.117627E-01  2.647136E-01  1.000  1.000  0.000
  1.975308E-06  2.647136E-01  1.000  1.000  0.000
  1.117667E-01  2.647136E-01  1.000  1.000  0.000
  2.235314E-01  2.647136E-01  1.000  1.000  0.000
  3.352961E-01  2.647136E-01  1.000  1.000  0.000
  4.470608E-01  2.647136E-01  1.000  1.000  0.000
  5.588255E-01  2.647136E-01  1.000  1.000  0.000
  6.705902E-01  2.647136E-01  1.000  1.000  0.000
  7.823549E-01  2.647136E-01  1.000  1.000  0.000
  8.941196E-01  2.647136E-01  1.000  1.000  0.000
 -8.941157E-01  3.705960E-01  1.000  1.000  0.000
 -7.823510E-01  3.705960E-01  1.000  1.000  0.000
 -6.705863E-01  3.705960E-01  1.000  1.000  0.000
 -5.588216E-01  3.705960E-01  1.000  1.000  0.000
 -4.470568E-01  3.705960E-01  1.000  1.000  0.000
 -3.352921E-01  3.705960E-01  1.000  1.000  0.000
 -2.235274E-01  3.705960E-01  1.000  1.000  0.000
 -1.117627E-01  3.705960E-01  1.000  1.000  0.000
  1.975308E-06  3.705960E-01  1.000  1.000  0.000
  1.117667E-01  3.705960E-01  1.000  1.000  0.000
  2.235314E-01  3.705960E-01  1.000  1.000  0.000
  3.352961E-01  3.705960E-01  1.000  1.000  0.000
  4.470608E-01  3.705960E-01  1.000  1.000  0.000
  5.588255E-01  3.705960E-01  1.000  1.000  0.000
  6.705902E-01  3.705960E-01  1.000  1.000  0.000
  7.823549E-01  3.705960E-01  1.000  1.000  0.000
  8.941196E-01  3.705960E-01  1.000  1.000  0.000
 -8.941157E-01  4.764783E-01  1.000  1.000  0.000
 -7.823510E-01  4.764783E-01  1.000  1.000  0.000
 -6.705863E-01  4.764783E-01  1.000  1.000  0.000
 -5.588216E-01  4.764783E-01  1.000  1.000  0.000
 -4.470568E-01  4.764783E-01  1.000  1.000  0.000
 -3.352921E-01  4.764783E-01  1.000  1.000  0.000
 -2.235274E-01  4.764783E-01  1.000  1.000  0.000
 -1.117627E-01  4.764783E-01  1.000  1.000  0.000
  1.975308E-06  4.764783E-01  1.000  1.000  0.000
  1.117667E-01  4.764783E-01  1.000  1.000  0.000
  2.235314E-01  4.764783E-01  1.000  1.000  0.000
  3.352961E-01  4.764783E-01  1.000  1.000  0.000
  4.470608E-01  4.764783E-01  1.000  1.000  0.000
  5.588255E-01  4.764783E-01  1.000  1.000  0.000
  6.705902E-01  4.764783E-01  1.000  1.000  0.000
  7.823549E-01  4.764783E-01  1.000  1.000  0.000
  8.941196E-01  4.764783E-01  1.000  1.000  0.000
 -8.941157E-01  5.823607E-01  1.000  1.000  0.000
 -7.823510E-01  5.823607E-01  1.000  1.000  0.000
 -6.705863E-01  5.823607E-01  1.000  1.000  0.000
 -5.588216E-01  5.823607E-01  1.000  1.000  0.000
 -4.470568E-01  5.823607E-01  1.000  1.000  0.000
 -3.352921E-01  5.823607E-01  1.000  1.000  0.000
 -2.235274E-01  5.823607E-01  1.000  1.000  0.000
 -1.117627E-01  5.823607E-01  1.000  1.000  0.000
  1.975308E-06  5.823607E-01  1.000  1.000  0.000
  1.117667E-01  5.823607E-01  1.000  1.000  0.000
  2.235314E-01  5.823607E-01  1.000  1.000  0.000
  3.352961E-01  5.823607E-01  1.000  1.000  0.000
  4.470608E-01  5.823607E-01  1.000  1.000  0.000
  5.588255E-01  5.823607E-01  1.000  1.000  0.000
  6.705902E-01  5.823607E-01  1.000  1.000  0.000
  7.823549E-01  5.823607E-01  1.000  1.000  0.000
  8.941196E-01  5.823607E-01  1.000  1.000  0.000
 -8.941157E-01  6.882430E-01  1.000  1.000  0.000
 -7.823510E-01  6.882430E-01  1.000  1.000  0.000
 -6.705863E-01  6.882430E-01  1.000  1.000  0.000
 -5.588216E-01  6.882430E-01  1.000  1.000  0.000
 -4.470568E-01  6.882430E-01  1.000  1.000  0.000
 -3.352921E-01  6.882430E-01  1.000  1.000  0.000
 -2.235274E-01  6.882430E-01  1.000  1.000  0.000
 -1.117627E-01  6.882430E-01  1.000  1.000  0.000
  1.975308E-06  6.882430E-01  1.000  1.000  0.000
  1.117667E-01  6.882430E-01  1.000  1.000  0.000
  2.235314E-01  6.882430E-01  1.000  1.000  0.000
  3.352961E-01  6.882430E-01  1.000  1.000  0.000
  4.470608E-01  6.882430E-01  1.000  1.000  0.000
  5.588255E-01  6.882430E-01  1.000  1.000  0.000
  6.705902E-01  6.882430E-01  1.000  1.000  0.000
  7.823549E-01  6.882430E-01  1.000  1.000  0.000
  8.941196E-01  6.882430E-01  1.000  1.000  0.000
 -8.941157E-01  7.941254E-01  1.000  1.000  0.000
 -7.823510E-01  7.941254E-01  1.000  1.000  0.000
 -6.705863E-01  7.941254E-01  1.000  1.000  0.000
 -5.588216E-01  7.941254E-01  1.000  1.000  0.000
 -4.470568E-01  7.941254E-01  1.000  1.000  0.000
 -3.352921E-01  7.941254E-01  1.000  1.000  0.000
 -2.235274E-01  7.941254E-01  1.000  1.000  0.000
 -1.117627E-01  7.941254E-01  1.000  1.000  0.000
  1.975308E-06  7.941254E-01  1.000  1.000  0.000
  1.117667E-01  7.941254E-01  1.000  1.000  0.000
  2.235314E-01  7.941254E-01  1.000  1.000  0.000
  3.352961E-01  7.941254E-01  1.000  1.000  0.000
  4.470608E-01  7.941254E-01  1.000  1.000  0.000
  5.588255E-01  7.941254E-01  1.000  1.000  0.000
  6.705902E-01  7.941254E-01  1.000  1.000  0.000
  7.823549E-01  7.941254E-01  1.000  1.000  0.000
  8.941196E-01  7.941254E-01  1.000  1.000  0.000
 -8.941157E-01  9.000077E-01  1.000  1.000  0.000
 -7.823510E-01  9.000077E-01  1.000  1.000  0.000
 -6.705863E-01  9.000077E-01  1.000  1.000  0.000
 -5.588216E-01  9.000077E-01  1.000  1.000  0.000
 -4.470568E-01  9.000077E-01  1.000  1.000  0.000
 -3.352921E-01  9.000077E-01  1.000  1.000  0.000
 -2.235274E-01  9.000077E-01  1.000  1.000  0.000
 -1.117627E-01  9.000077E-01  1.000  1.000  0.000
  1.975308E-06  9.000077E-01  1.000  1.000  0.000
  1.117667E-01  9.000077E-01  1.000  1.000  0.000
  2.235314E-01  9.000077E-01  1.000  1.000  0.000
  3.352961E-01  9.000077E-01  1.000  1.000  0.000
  4.470608E-01  9.000077E-01  1.000  1.000  0.000
  5.588255E-01  9.000077E-01  1.000  1.000  0.000
  6.705902E-01  9.000077E-01  1.000  1.000  0.000
  7.823549E-01  9.000077E-01  1.000  1.000  0.000
  8.941196E-01  9.000077E-01  1.000  1.000  0.000
 -8.941157E-01  1.005890E+00  1.000  1.000  0.000
 -7.823510E-01  1.005890E+00  1.000  1.000  0.000
 -6.705863E-01  1.005890E+00  1.000  1.000  0.000
 -5.588216E-01  1.005890E+00  1.000  1.000  0.000
 -4.470568E-01  1.005890E+00  1.000  1.000  0.000
 -3.352921E-01  1.005890E+00  1.000  1.000  0.000
 -2.235274E-01  1.005890E+00  1.000  1.000  0.000
 -1.117627E-01  1.005890E+00  1.000  1.000  0.000
  1.975308E-06  1.005890E+00  1.000  1.000  0.000
  1.117667E-01  1.005890E+00  1.000  1.000  0.000
  2.235314E-01  1.005890E+00  1.000  1.000  0.000
  3.352961E-01  1.005890E+00  1.000  1.000  0.000
  4.470608E-01  1.005890E+00  1.000  1.000  0.000
  5.588255E-01  1.005890E+00  1.000  1.000  0.000
  6.705902E-01  1.005890E+00  1.000  1.000  0.000
  7.823549E-01  1.005890E+00  1.000  1.000  0.000
  8.941196E-01  1.005890E+00  1.000  1.000  0.000
 -8.941157E-01  1.111772E+00  1.000  1.000  0.000
 -7.823510E-01  1.111772E+00  1.000  1.000  0.000
 -6.705863E-01  1.111772E+00  1.000  1.000  0.000
 -5.588216E-01  1.111772E+00  1.000  1.000  0.000
 -4.470568E-01  1.111772E+00  1.000  1.000  0.000
 -3.352921E-01  1.111772E+00  1.000  1.000  0.000
 -2.235274E-01  1.111772E+00  1.000  1.000  0.000
 -1.117627E-01  1.111772E+00  1.000  1.000  0.000
  1.975308E-06  1.111772E+00  1.000  1.000  0.000
  1.117667E-01  1.111772E+00  1.000  1.000  0.000
  2.235314E-01  1.111772E+00  1.000  1.000  0.000
  3.352961E-01  1.111772E+00  1.000  1.000  0.000
  4.470608E-01  1.111772E+00  1.000  1.000  0.000
  5.588255E-01  1.111772E+00  1.000  1.000  0.000
  6.705902E-01  1.111772E+00  1.000  1.000  0.000
  7.823549E-01  1.111772E+00  1.000  1.000  0.000
  8.941196E-01  1.111772E+00  1.000  1.000  0.000
 -8.941157E-01  1.217655E+00  1.000  1.000  0.000
 -7.823510E-01  1.217655E+00  1.000  1.000  0.000
 -6.705863E-01  1.217655E+00  1.000  1.000  0.000
 -5.588216E-01  1.217655E+00  1.000  1.000  0.000
 -4.470568E-01  1.217655E+00  1.000  1.000  0.000
 -3.352921E-01  1.217655E+00  1.000  1.000  0.000
 -2.235274E-01  1.217655E+00  1.000  1.000  0.000
 -1.117627E-01  1.217655E+00  1.000  1.000  0.000
  1.975308E-06  1.217655E+00  1.000  1.000  0.000
  1.117667E-01  1.217655E+00  1.000  1.000  0.000
  2.235314E-01  1.217655E+00  1.000  1.000  0.000
  3.352961E-01  1.217655E+00  1.000  1.000  0.000
  4.470608E-01  1.217655E+00  1.000  1.000  0.000
  5.588255E-01  1.217655E+00  1.000  1.000  0.000
  6.705902E-01  1.217655E+00  1.000  1.000  0.000
  7.823549E-01  1.217655E+00  1.000  1.000  0.000
  8.941196E-01  1.217655E+00  1.000  1.000  0.000
 -8.941157E-01  1.323537E+00  1.000  1.000  0.000
 -7.823510E-01  1.323537E+00  1.000  1.000  0.000
 -6.705863E-01  1.323537E+00  1.000  1.000  0.000
 -5.588216E-01  1.323537E+00  1.000  1.000  0.000
 -4.470568E-01  1.323537E+00  1.000  1.000  0.000
 -3.352921E-01  1.323537E+00  1.000  1.000  0.000
 -2.235274E-01  1.323537E+00  1.000  1.000  0.000
 -1.117627E-01  1.323537E+00  1.000  1.000  0.000
  1.975308E-06  1.323537E+00  1.000  1.000  0.000
  1.117667E-01  1.323537E+00  1.000  1.000  0.000
  2.235314E-01  1.323537E+00  1.000  1.000  0.000
  3.352961E-01  1.323537E+00  1.000  1.000  0.000
  4.470608E-01  1.323537E+00  1.000  1.000  0.000
  5.588255E-01  1.323537E+00  1.000  1.000  0.000
  6.705902E-01  1.323537E+00  1.000  1.000  0.000
  7.823549E-01  1.323537E+00  1.000  1.000  0.000
  8.941196E-01  1.323537E+00  1.000  1.000  0.000
 -8.941157E-01  1.429420E+00  1.000  1.000  0.000
 -7.823510E-01  1.429420E+00  1.000  1.000  0.000
 -6.705863E-01  1.429420E+00  1.000  1.000  0.000
 -5.588216E-01  1.429420E+00  1.000  1.000  0.000
 -4.470568E-01  1.429420E+00  1.000  1.000  0.000
 -3.352921E-01  1.429420E+00  1.000  1.000  0.000
 -2.235274E-01  1.429420E+00  1.000  1.000  0.000
 -1.117627E-01  1.429420E+00  1.000  1.000  0.000
  1.975308E-06  1.429420E+00  1.000  1.000  0.000
  1.117667E-01  1.429420E+00  1.000  1.000  0.000
  2.235314E-01  1.429420E+00  1.000  1.000  0.000
  3.352961E-01  1.429420E+00  1.000  1.000  0.000
  4.470608E-01  1.429420E+00  1.000  1.000  0.000
  5.588255E-01  1.429420E+00  1.000  1.000  0.000
  6.705902E-01  1.429420E+00  1.000  1.000  0.000
  7.823549E-01  1.429420E+00  1.000  1.000  0.000
  8.941196E-01  1.429420E+00  1.000  1.000  0.000
 -8.941157E-01  1.535302E+00  1.000  1.000  0.000
 -7.823510E-01  1.535302E+00  1.000  1.000  0.000
 -6.705863E-01  1.535302E+00  1.000  1.000  0.000
 -5.588216E-01  1.535302E+00  1.000  1.000  0.000
 -4.470568E-01  1.535302E+00  1.000  1.000  0.000
 -3.352921E-01  1.535302E+00  1.000  1.000  0.000
 -2.235274E-01  1.535302E+00  1.000  1.000  0.000
 -1.117627E-01  1.535302E+00  1.000  1.000  0.000
  1.975308E-06  1.535302E+00  1.000  1.000  0.000
  1.117667E-01  1.535302E+00  1.000  1.000  0.000
  2.235314E-01  1.535302E+00  1.000  1.000  0.000
  3.352961E-01  1.535302E+00  1.000  1.000  0.000
  4.470608E-01  1.535302E+00  1.000  1.000  0.000
  5.588255E-01  1.535302E+00  1.000  1.000  0.000
  6.705902E-01  1.535302E+00  1.000  1.000  0.000
  7.823549E-01  1.535302E+00  1.000  1.000  0.000
  8.941196E-01  1.535302E+00  1.000  1.000  0.000
 -8.941157E-01  1.641184E+00  1.000  1.000  0.000
 -7.823510E-01  1.641184E+00  1.000  1.000  0.000
 -6.705863E-01  1.641184E+00  1.000  1.000  0.000
 -5.588216E-01  1.641184E+00  1.000  1.000  0.000
 -4.470568E-01  1.641184E+00  1.000  1.000  0.000
 -3.352921E-01  1.641184E+00  1.000  1.000  0.000
 -2.235274E-01  1.641184E+00  1.000  1.000  0.000
 -1.117627E-01  1.641184E+00  1.000  1.000  0.000
  1.975308E-06  1.641184E+00  1.000  1.000  0.000
  1.117667E-01  1.641184E+00  1.000  1.000  0.000
  2.235314E-01  1.641184E+00  1.000  1.000  0.000
  3.352961E-01  1.641184E+00  1.000  1.000  0.000
  4.470608E-01  1.641184E+00  1.000  1.000  0.000
  5.588255E-01  1.641184E+00  1.000  1.000  0.000
  6.705902E-01  1.641184E+00  1.000  1.000  0.000
  7.823549E-01  1.641184E+00  1.000  1.000  0.000
  8.941196E-01  1.641184E+00  1.000  1.000  0.000
 -8.941157E-01  1.747067E+00  1.000  1.000  0.000
 -7.823510E-01  1.747067E+00  1.000  1.000  0.000
 -6.705863E-01  1.747067E+00  1.000  1.000  0.000
 -5.588216E-01  1.747067E+00  1.000  1.000  0.000
 -4.470568E-01  1.747067E+00  1.000  1.000  0.000
 -3.352921E-01  1.747067E+00  1.000  1.000  0.000
 -2.235274E-01  1.747067E+00  1.000  1.000  0.000
 -1.117627E-01  1.747067E+00  1.000  1.000  0.000
  1.975308E-06  1.747067E+00  1.000  1.000  0.000
  1.117667E-01  1.747067E+00  1.000  1.000  0.000
  2.235314E-01  1.747067E+00  1.000  1.000  0.000
  3.352961E-01  1.747067E+00  1.000  1.000  0.000
  4.470608E-01  1.747067E+00  1.000  1.000  0.000
  5.588255E-01  1.747067E+00  1.000  1.000  0.000
  6.705902E-01  1.747067E+00  1.000  1.000  0.000
  7.823549E-01  1.747067E+00  1.000  1.000  0.000
  8.941196E-01  1.747067E+00  1.000  1.000  0.000

wt: s[c5]
\vspace{-3}
  zmin  &=&   9.8480E+01 [cm]
  zmax  &=&   9.8530E+01 [cm]
  part. &=& proton  
e:

#------------------------------------------------------------------------------
 newpage:
#   no. =  4   iz  =  4   part. = proton  
#   z = (   9.8530E+01  -   9.8580E+01  )

'no. =  4,  iz =  4'
msuc: {\huge Dosis xy}
msdr: {\it plotted by \ANGEL \version}
msdl: {\it calculated by \PHITS  3.35}

x: x [cm]
y: y [cm]
set: c1[ 2.062] c2[ 0.627] c5[ 0.800] c6[ 0.743] c7[ 0.708] c8[ 0.000]
p: h2fs form[c1] xfac[c2] afac[c5] scal[c6] xorg[c7] yorg[c8] nosp
p: xmin(-0.8000000    ) xmax( 0.8000000    )
p: ymin( -1.650000    ) ymax(  1.650000    )
#  ny =  33   nx =  16
# ( ( data(x,y), x = 1, nx ), y = ny, 1, -1 )

#------------------------------------------------------------------------------
# gshow
#------------------------------------------------------------------------------

p: legs[c5*0.875]

h: x ny1,0  y2=[y1](Air),ic[cyan]
 -1.000000E+00 -1.000000E+00

hb:   line clip z   cb(cyan)
frame:
 -7.9999814E-01 -1.6499925E+00
  8.0000186E-01 -1.6499925E+00
  8.0000186E-01  1.6500075E+00
 -7.9999814E-01  1.6500075E+00
clip:
 -8.94115672E-01 -1.74705108E+00
 -6.94374775E-01 -1.74705108E+00
 -6.30007685E-01 -1.67961159E+00
 -5.93880378E-01 -1.56850000E+00
 -6.70586260E-01 -1.56850000E+00
 -7.47292141E-01 -1.56850000E+00
 -7.82350966E-01 -1.56850000E+00
 -8.59056847E-01 -1.56850000E+00
 -8.94115672E-01 -1.56850000E+00
 -8.94115672E-01 -1.64116873E+00
 -8.94115672E-01 -1.74705108E+00

h: x ny1,0  y2=[y1](skin),ic[brown]
 -1.000000E+00 -1.000000E+00

hb:   line clip z   cb(brown)
frame:
 -7.9999814E-01 -1.6499925E+00
  8.0000186E-01 -1.6499925E+00
  8.0000186E-01  1.6500075E+00
 -7.9999814E-01  1.6500075E+00
clip:
 -6.70586260E-01 -1.74705108E+00
  6.82374775E-01 -1.74705108E+00
  6.76923805E-01 -1.74105084E+00
  6.70590211E-01 -1.73414688E+00
  5.77763705E-01 -1.64116873E+00
  5.68114472E-01 -1.63236866E+00
  5.58825505E-01 -1.62404817E+00
  4.47234284E-01 -1.53545073E+00
  3.80642824E-01 -1.49232632E+00
  3.35296093E-01 -1.46702220E+00
  2.53126381E-01 -1.42940402E+00
  2.31965026E-01 -1.42141426E+00
  2.23531387E-01 -1.41842237E+00
  2.05612777E-01 -1.41242850E+00
  1.11766681E-01 -1.38904755E+00
  6.17820373E-02 -1.38205015E+00
  1.97530848E-06 -1.37861399E+00
 -5.19580375E-02 -1.38017875E+00
 -1.11762731E-01 -1.38702228E+00
 -1.49094245E-01 -1.39403733E+00
 -2.23527436E-01 -1.41435249E+00
 -2.35229926E-01 -1.41831746E+00
 -2.65126381E-01 -1.42940402E+00
 -3.35292142E-01 -1.46086804E+00
 -3.85236738E-01 -1.48797044E+00
 -4.47056848E-01 -1.52702870E+00
 -4.52113047E-01 -1.53049629E+00
 -4.58999942E-01 -1.53528638E+00
 -5.58821554E-01 -1.61351414E+00
 -5.73953322E-01 -1.62683337E+00
 -5.89763705E-01 -1.64116873E+00
 -6.70586260E-01 -1.72126116E+00
 -6.83344032E-01 -1.73496477E+00
 -6.94374775E-01 -1.74705108E+00

hb:   line clip z   cb(cyan)
frame:
 -7.9999814E-01 -1.6499925E+00
  8.0000186E-01 -1.6499925E+00
  8.0000186E-01  1.6500075E+00
 -7.9999814E-01  1.6500075E+00
clip:
  7.82354916E-01 -1.74705108E+00
  8.94119622E-01 -1.74705108E+00
  8.94119622E-01 -1.64116873E+00
  8.94119622E-01 -1.56850000E+00
  8.17413741E-01 -1.56850000E+00
  7.82354916E-01 -1.56850000E+00
  7.05649035E-01 -1.56850000E+00
  6.70590211E-01 -1.56850000E+00
  5.93884329E-01 -1.56850000E+00
  6.23860739E-01 -1.68543876E+00
  6.82374775E-01 -1.74705108E+00

hb:   line clip z   cb(cyan)
frame:
 -7.9999814E-01 -1.6499925E+00
  8.0000186E-01 -1.6499925E+00
  8.0000186E-01  1.6500075E+00
 -7.9999814E-01  1.6500075E+00
clip:
 -8.94115672E-01 -1.56850000E+00
 -5.23762730E-01 -1.56850000E+00
 -4.47056848E-01 -1.52702870E+00
 -3.35292142E-01 -1.46086804E+00
 -2.65126381E-01 -1.42940402E+00
 -1.49094245E-01 -1.39403733E+00
 -5.19580375E-02 -1.38017875E+00
  6.17820373E-02 -1.38205015E+00
  2.05612777E-01 -1.41242850E+00
  2.53126381E-01 -1.42940402E+00
  3.09336114E-01 -1.45399769E+00
  4.46999942E-01 -1.53528638E+00
  5.93884329E-01 -1.56850000E+00
  8.94119622E-01 -1.56850000E+00
  8.94119622E-01 -1.53528638E+00
  8.94119622E-01 -1.42940402E+00
  8.94119622E-01 -1.32352167E+00
  8.94119622E-01 -1.31850000E+00
  8.88818970E-01 -1.31850000E+00
  7.82354916E-01 -1.31850000E+00
  7.77054264E-01 -1.31850000E+00
  6.70590211E-01 -1.31850000E+00
  6.65289558E-01 -1.31850000E+00
  5.58825505E-01 -1.31850000E+00
  5.53524852E-01 -1.31850000E+00
  4.47060799E-01 -1.31850000E+00
  4.41760146E-01 -1.31850000E+00
  3.35296093E-01 -1.31850000E+00
  3.29995440E-01 -1.31850000E+00
  2.23531387E-01 -1.31850000E+00
  2.18230734E-01 -1.31850000E+00
  1.11766681E-01 -1.31850000E+00
  1.06466028E-01 -1.31850000E+00
  1.97530848E-06 -1.31850000E+00
 -5.29867744E-03 -1.31850000E+00
 -1.11762731E-01 -1.31850000E+00
 -1.17063383E-01 -1.31850000E+00
 -2.23527436E-01 -1.31850000E+00
 -2.28828089E-01 -1.31850000E+00
 -3.35292142E-01 -1.31850000E+00
 -3.40592795E-01 -1.31850000E+00
 -4.47056848E-01 -1.31850000E+00
 -4.52357501E-01 -1.31850000E+00
 -5.58821554E-01 -1.31850000E+00
 -5.64122207E-01 -1.31850000E+00
 -6.70586260E-01 -1.31850000E+00
 -6.75886913E-01 -1.31850000E+00
 -7.82350966E-01 -1.31850000E+00
 -7.87651619E-01 -1.31850000E+00
 -8.94115672E-01 -1.31850000E+00
 -8.94115672E-01 -1.32352167E+00
 -8.94115672E-01 -1.42940402E+00
 -8.94115672E-01 -1.53528638E+00

h: x ny1,0  y2=[y1](double defined),ic[black]
 -1.000000E+00 -1.000000E+00
hb:
bmap: width=  0.111765E+00 hight=  0.105882E+00
 -8.941157E-01 -1.217639E+00  1.000  1.000  0.000
 -7.823510E-01 -1.217639E+00  1.000  1.000  0.000
 -6.705863E-01 -1.217639E+00  1.000  1.000  0.000
 -5.588216E-01 -1.217639E+00  1.000  1.000  0.000
 -4.470568E-01 -1.217639E+00  1.000  1.000  0.000
 -3.352921E-01 -1.217639E+00  1.000  1.000  0.000
 -2.235274E-01 -1.217639E+00  1.000  1.000  0.000
 -1.117627E-01 -1.217639E+00  1.000  1.000  0.000
  1.975308E-06 -1.217639E+00  1.000  1.000  0.000
  1.117667E-01 -1.217639E+00  1.000  1.000  0.000
  2.235314E-01 -1.217639E+00  1.000  1.000  0.000
  3.352961E-01 -1.217639E+00  1.000  1.000  0.000
  4.470608E-01 -1.217639E+00  1.000  1.000  0.000
  5.588255E-01 -1.217639E+00  1.000  1.000  0.000
  6.705902E-01 -1.217639E+00  1.000  1.000  0.000
  7.823549E-01 -1.217639E+00  1.000  1.000  0.000
  8.941196E-01 -1.217639E+00  1.000  1.000  0.000
 -8.941157E-01 -1.111757E+00  1.000  1.000  0.000
 -7.823510E-01 -1.111757E+00  1.000  1.000  0.000
 -6.705863E-01 -1.111757E+00  1.000  1.000  0.000
 -5.588216E-01 -1.111757E+00  1.000  1.000  0.000
 -4.470568E-01 -1.111757E+00  1.000  1.000  0.000
 -3.352921E-01 -1.111757E+00  1.000  1.000  0.000
 -2.235274E-01 -1.111757E+00  1.000  1.000  0.000
 -1.117627E-01 -1.111757E+00  1.000  1.000  0.000
  1.975308E-06 -1.111757E+00  1.000  1.000  0.000
  1.117667E-01 -1.111757E+00  1.000  1.000  0.000
  2.235314E-01 -1.111757E+00  1.000  1.000  0.000
  3.352961E-01 -1.111757E+00  1.000  1.000  0.000
  4.470608E-01 -1.111757E+00  1.000  1.000  0.000
  5.588255E-01 -1.111757E+00  1.000  1.000  0.000
  6.705902E-01 -1.111757E+00  1.000  1.000  0.000
  7.823549E-01 -1.111757E+00  1.000  1.000  0.000
  8.941196E-01 -1.111757E+00  1.000  1.000  0.000
 -8.941157E-01 -1.005875E+00  1.000  1.000  0.000
 -7.823510E-01 -1.005875E+00  1.000  1.000  0.000
 -6.705863E-01 -1.005875E+00  1.000  1.000  0.000
 -5.588216E-01 -1.005875E+00  1.000  1.000  0.000
 -4.470568E-01 -1.005875E+00  1.000  1.000  0.000
 -3.352921E-01 -1.005875E+00  1.000  1.000  0.000
 -2.235274E-01 -1.005875E+00  1.000  1.000  0.000
 -1.117627E-01 -1.005875E+00  1.000  1.000  0.000
  1.975308E-06 -1.005875E+00  1.000  1.000  0.000
  1.117667E-01 -1.005875E+00  1.000  1.000  0.000
  2.235314E-01 -1.005875E+00  1.000  1.000  0.000
  3.352961E-01 -1.005875E+00  1.000  1.000  0.000
  4.470608E-01 -1.005875E+00  1.000  1.000  0.000
  5.588255E-01 -1.005875E+00  1.000  1.000  0.000
  6.705902E-01 -1.005875E+00  1.000  1.000  0.000
  7.823549E-01 -1.005875E+00  1.000  1.000  0.000
  8.941196E-01 -1.005875E+00  1.000  1.000  0.000
 -8.941157E-01 -8.999923E-01  1.000  1.000  0.000
 -7.823510E-01 -8.999923E-01  1.000  1.000  0.000
 -6.705863E-01 -8.999923E-01  1.000  1.000  0.000
 -5.588216E-01 -8.999923E-01  1.000  1.000  0.000
 -4.470568E-01 -8.999923E-01  1.000  1.000  0.000
 -3.352921E-01 -8.999923E-01  1.000  1.000  0.000
 -2.235274E-01 -8.999923E-01  1.000  1.000  0.000
 -1.117627E-01 -8.999923E-01  1.000  1.000  0.000
  1.975308E-06 -8.999923E-01  1.000  1.000  0.000
  1.117667E-01 -8.999923E-01  1.000  1.000  0.000
  2.235314E-01 -8.999923E-01  1.000  1.000  0.000
  3.352961E-01 -8.999923E-01  1.000  1.000  0.000
  4.470608E-01 -8.999923E-01  1.000  1.000  0.000
  5.588255E-01 -8.999923E-01  1.000  1.000  0.000
  6.705902E-01 -8.999923E-01  1.000  1.000  0.000
  7.823549E-01 -8.999923E-01  1.000  1.000  0.000
  8.941196E-01 -8.999923E-01  1.000  1.000  0.000
 -8.941157E-01 -7.941099E-01  1.000  1.000  0.000
 -7.823510E-01 -7.941099E-01  1.000  1.000  0.000
 -6.705863E-01 -7.941099E-01  1.000  1.000  0.000
 -5.588216E-01 -7.941099E-01  1.000  1.000  0.000
 -4.470568E-01 -7.941099E-01  1.000  1.000  0.000
 -3.352921E-01 -7.941099E-01  1.000  1.000  0.000
 -2.235274E-01 -7.941099E-01  1.000  1.000  0.000
 -1.117627E-01 -7.941099E-01  1.000  1.000  0.000
  1.975308E-06 -7.941099E-01  1.000  1.000  0.000
  1.117667E-01 -7.941099E-01  1.000  1.000  0.000
  2.235314E-01 -7.941099E-01  1.000  1.000  0.000
  3.352961E-01 -7.941099E-01  1.000  1.000  0.000
  4.470608E-01 -7.941099E-01  1.000  1.000  0.000
  5.588255E-01 -7.941099E-01  1.000  1.000  0.000
  6.705902E-01 -7.941099E-01  1.000  1.000  0.000
  7.823549E-01 -7.941099E-01  1.000  1.000  0.000
  8.941196E-01 -7.941099E-01  1.000  1.000  0.000
 -8.941157E-01 -6.882276E-01  1.000  1.000  0.000
 -7.823510E-01 -6.882276E-01  1.000  1.000  0.000
 -6.705863E-01 -6.882276E-01  1.000  1.000  0.000
 -5.588216E-01 -6.882276E-01  1.000  1.000  0.000
 -4.470568E-01 -6.882276E-01  1.000  1.000  0.000
 -3.352921E-01 -6.882276E-01  1.000  1.000  0.000
 -2.235274E-01 -6.882276E-01  1.000  1.000  0.000
 -1.117627E-01 -6.882276E-01  1.000  1.000  0.000
  1.975308E-06 -6.882276E-01  1.000  1.000  0.000
  1.117667E-01 -6.882276E-01  1.000  1.000  0.000
  2.235314E-01 -6.882276E-01  1.000  1.000  0.000
  3.352961E-01 -6.882276E-01  1.000  1.000  0.000
  4.470608E-01 -6.882276E-01  1.000  1.000  0.000
  5.588255E-01 -6.882276E-01  1.000  1.000  0.000
  6.705902E-01 -6.882276E-01  1.000  1.000  0.000
  7.823549E-01 -6.882276E-01  1.000  1.000  0.000
  8.941196E-01 -6.882276E-01  1.000  1.000  0.000
 -8.941157E-01 -5.823452E-01  1.000  1.000  0.000
 -7.823510E-01 -5.823452E-01  1.000  1.000  0.000
 -6.705863E-01 -5.823452E-01  1.000  1.000  0.000
 -5.588216E-01 -5.823452E-01  1.000  1.000  0.000
 -4.470568E-01 -5.823452E-01  1.000  1.000  0.000
 -3.352921E-01 -5.823452E-01  1.000  1.000  0.000
 -2.235274E-01 -5.823452E-01  1.000  1.000  0.000
 -1.117627E-01 -5.823452E-01  1.000  1.000  0.000
  1.975308E-06 -5.823452E-01  1.000  1.000  0.000
  1.117667E-01 -5.823452E-01  1.000  1.000  0.000
  2.235314E-01 -5.823452E-01  1.000  1.000  0.000
  3.352961E-01 -5.823452E-01  1.000  1.000  0.000
  4.470608E-01 -5.823452E-01  1.000  1.000  0.000
  5.588255E-01 -5.823452E-01  1.000  1.000  0.000
  6.705902E-01 -5.823452E-01  1.000  1.000  0.000
  7.823549E-01 -5.823452E-01  1.000  1.000  0.000
  8.941196E-01 -5.823452E-01  1.000  1.000  0.000
 -8.941157E-01 -4.764628E-01  1.000  1.000  0.000
 -7.823510E-01 -4.764628E-01  1.000  1.000  0.000
 -6.705863E-01 -4.764628E-01  1.000  1.000  0.000
 -5.588216E-01 -4.764628E-01  1.000  1.000  0.000
 -4.470568E-01 -4.764628E-01  1.000  1.000  0.000
 -3.352921E-01 -4.764628E-01  1.000  1.000  0.000
 -2.235274E-01 -4.764628E-01  1.000  1.000  0.000
 -1.117627E-01 -4.764628E-01  1.000  1.000  0.000
  1.975308E-06 -4.764628E-01  1.000  1.000  0.000
  1.117667E-01 -4.764628E-01  1.000  1.000  0.000
  2.235314E-01 -4.764628E-01  1.000  1.000  0.000
  3.352961E-01 -4.764628E-01  1.000  1.000  0.000
  4.470608E-01 -4.764628E-01  1.000  1.000  0.000
  5.588255E-01 -4.764628E-01  1.000  1.000  0.000
  6.705902E-01 -4.764628E-01  1.000  1.000  0.000
  7.823549E-01 -4.764628E-01  1.000  1.000  0.000
  8.941196E-01 -4.764628E-01  1.000  1.000  0.000
 -8.941157E-01 -3.705805E-01  1.000  1.000  0.000
 -7.823510E-01 -3.705805E-01  1.000  1.000  0.000
 -6.705863E-01 -3.705805E-01  1.000  1.000  0.000
 -5.588216E-01 -3.705805E-01  1.000  1.000  0.000
 -4.470568E-01 -3.705805E-01  1.000  1.000  0.000
 -3.352921E-01 -3.705805E-01  1.000  1.000  0.000
 -2.235274E-01 -3.705805E-01  1.000  1.000  0.000
 -1.117627E-01 -3.705805E-01  1.000  1.000  0.000
  1.975308E-06 -3.705805E-01  1.000  1.000  0.000
  1.117667E-01 -3.705805E-01  1.000  1.000  0.000
  2.235314E-01 -3.705805E-01  1.000  1.000  0.000
  3.352961E-01 -3.705805E-01  1.000  1.000  0.000
  4.470608E-01 -3.705805E-01  1.000  1.000  0.000
  5.588255E-01 -3.705805E-01  1.000  1.000  0.000
  6.705902E-01 -3.705805E-01  1.000  1.000  0.000
  7.823549E-01 -3.705805E-01  1.000  1.000  0.000
  8.941196E-01 -3.705805E-01  1.000  1.000  0.000
 -8.941157E-01 -2.646981E-01  1.000  1.000  0.000
 -7.823510E-01 -2.646981E-01  1.000  1.000  0.000
 -6.705863E-01 -2.646981E-01  1.000  1.000  0.000
 -5.588216E-01 -2.646981E-01  1.000  1.000  0.000
 -4.470568E-01 -2.646981E-01  1.000  1.000  0.000
 -3.352921E-01 -2.646981E-01  1.000  1.000  0.000
 -2.235274E-01 -2.646981E-01  1.000  1.000  0.000
 -1.117627E-01 -2.646981E-01  1.000  1.000  0.000
  1.975308E-06 -2.646981E-01  1.000  1.000  0.000
  1.117667E-01 -2.646981E-01  1.000  1.000  0.000
  2.235314E-01 -2.646981E-01  1.000  1.000  0.000
  3.352961E-01 -2.646981E-01  1.000  1.000  0.000
  4.470608E-01 -2.646981E-01  1.000  1.000  0.000
  5.588255E-01 -2.646981E-01  1.000  1.000  0.000
  6.705902E-01 -2.646981E-01  1.000  1.000  0.000
  7.823549E-01 -2.646981E-01  1.000  1.000  0.000
  8.941196E-01 -2.646981E-01  1.000  1.000  0.000
 -8.941157E-01 -1.588158E-01  1.000  1.000  0.000
 -7.823510E-01 -1.588158E-01  1.000  1.000  0.000
 -6.705863E-01 -1.588158E-01  1.000  1.000  0.000
 -5.588216E-01 -1.588158E-01  1.000  1.000  0.000
 -4.470568E-01 -1.588158E-01  1.000  1.000  0.000
 -3.352921E-01 -1.588158E-01  1.000  1.000  0.000
 -2.235274E-01 -1.588158E-01  1.000  1.000  0.000
 -1.117627E-01 -1.588158E-01  1.000  1.000  0.000
  1.975308E-06 -1.588158E-01  1.000  1.000  0.000
  1.117667E-01 -1.588158E-01  1.000  1.000  0.000
  2.235314E-01 -1.588158E-01  1.000  1.000  0.000
  3.352961E-01 -1.588158E-01  1.000  1.000  0.000
  4.470608E-01 -1.588158E-01  1.000  1.000  0.000
  5.588255E-01 -1.588158E-01  1.000  1.000  0.000
  6.705902E-01 -1.588158E-01  1.000  1.000  0.000
  7.823549E-01 -1.588158E-01  1.000  1.000  0.000
  8.941196E-01 -1.588158E-01  1.000  1.000  0.000
 -8.941157E-01 -5.293344E-02  1.000  1.000  0.000
 -7.823510E-01 -5.293344E-02  1.000  1.000  0.000
 -6.705863E-01 -5.293344E-02  1.000  1.000  0.000
 -5.588216E-01 -5.293344E-02  1.000  1.000  0.000
 -4.470568E-01 -5.293344E-02  1.000  1.000  0.000
 -3.352921E-01 -5.293344E-02  1.000  1.000  0.000
 -2.235274E-01 -5.293344E-02  1.000  1.000  0.000
 -1.117627E-01 -5.293344E-02  1.000  1.000  0.000
  1.975308E-06 -5.293344E-02  1.000  1.000  0.000
  1.117667E-01 -5.293344E-02  1.000  1.000  0.000
  2.235314E-01 -5.293344E-02  1.000  1.000  0.000
  3.352961E-01 -5.293344E-02  1.000  1.000  0.000
  4.470608E-01 -5.293344E-02  1.000  1.000  0.000
  5.588255E-01 -5.293344E-02  1.000  1.000  0.000
  6.705902E-01 -5.293344E-02  1.000  1.000  0.000
  7.823549E-01 -5.293344E-02  1.000  1.000  0.000
  8.941196E-01 -5.293344E-02  1.000  1.000  0.000
 -8.941157E-01  5.294892E-02  1.000  1.000  0.000
 -7.823510E-01  5.294892E-02  1.000  1.000  0.000
 -6.705863E-01  5.294892E-02  1.000  1.000  0.000
 -5.588216E-01  5.294892E-02  1.000  1.000  0.000
 -4.470568E-01  5.294892E-02  1.000  1.000  0.000
 -3.352921E-01  5.294892E-02  1.000  1.000  0.000
 -2.235274E-01  5.294892E-02  1.000  1.000  0.000
 -1.117627E-01  5.294892E-02  1.000  1.000  0.000
  1.975308E-06  5.294892E-02  1.000  1.000  0.000
  1.117667E-01  5.294892E-02  1.000  1.000  0.000
  2.235314E-01  5.294892E-02  1.000  1.000  0.000
  3.352961E-01  5.294892E-02  1.000  1.000  0.000
  4.470608E-01  5.294892E-02  1.000  1.000  0.000
  5.588255E-01  5.294892E-02  1.000  1.000  0.000
  6.705902E-01  5.294892E-02  1.000  1.000  0.000
  7.823549E-01  5.294892E-02  1.000  1.000  0.000
  8.941196E-01  5.294892E-02  1.000  1.000  0.000
 -8.941157E-01  1.588313E-01  1.000  1.000  0.000
 -7.823510E-01  1.588313E-01  1.000  1.000  0.000
 -6.705863E-01  1.588313E-01  1.000  1.000  0.000
 -5.588216E-01  1.588313E-01  1.000  1.000  0.000
 -4.470568E-01  1.588313E-01  1.000  1.000  0.000
 -3.352921E-01  1.588313E-01  1.000  1.000  0.000
 -2.235274E-01  1.588313E-01  1.000  1.000  0.000
 -1.117627E-01  1.588313E-01  1.000  1.000  0.000
  1.975308E-06  1.588313E-01  1.000  1.000  0.000
  1.117667E-01  1.588313E-01  1.000  1.000  0.000
  2.235314E-01  1.588313E-01  1.000  1.000  0.000
  3.352961E-01  1.588313E-01  1.000  1.000  0.000
  4.470608E-01  1.588313E-01  1.000  1.000  0.000
  5.588255E-01  1.588313E-01  1.000  1.000  0.000
  6.705902E-01  1.588313E-01  1.000  1.000  0.000
  7.823549E-01  1.588313E-01  1.000  1.000  0.000
  8.941196E-01  1.588313E-01  1.000  1.000  0.000
 -8.941157E-01  2.647136E-01  1.000  1.000  0.000
 -7.823510E-01  2.647136E-01  1.000  1.000  0.000
 -6.705863E-01  2.647136E-01  1.000  1.000  0.000
 -5.588216E-01  2.647136E-01  1.000  1.000  0.000
 -4.470568E-01  2.647136E-01  1.000  1.000  0.000
 -3.352921E-01  2.647136E-01  1.000  1.000  0.000
 -2.235274E-01  2.647136E-01  1.000  1.000  0.000
 -1.117627E-01  2.647136E-01  1.000  1.000  0.000
  1.975308E-06  2.647136E-01  1.000  1.000  0.000
  1.117667E-01  2.647136E-01  1.000  1.000  0.000
  2.235314E-01  2.647136E-01  1.000  1.000  0.000
  3.352961E-01  2.647136E-01  1.000  1.000  0.000
  4.470608E-01  2.647136E-01  1.000  1.000  0.000
  5.588255E-01  2.647136E-01  1.000  1.000  0.000
  6.705902E-01  2.647136E-01  1.000  1.000  0.000
  7.823549E-01  2.647136E-01  1.000  1.000  0.000
  8.941196E-01  2.647136E-01  1.000  1.000  0.000
 -8.941157E-01  3.705960E-01  1.000  1.000  0.000
 -7.823510E-01  3.705960E-01  1.000  1.000  0.000
 -6.705863E-01  3.705960E-01  1.000  1.000  0.000
 -5.588216E-01  3.705960E-01  1.000  1.000  0.000
 -4.470568E-01  3.705960E-01  1.000  1.000  0.000
 -3.352921E-01  3.705960E-01  1.000  1.000  0.000
 -2.235274E-01  3.705960E-01  1.000  1.000  0.000
 -1.117627E-01  3.705960E-01  1.000  1.000  0.000
  1.975308E-06  3.705960E-01  1.000  1.000  0.000
  1.117667E-01  3.705960E-01  1.000  1.000  0.000
  2.235314E-01  3.705960E-01  1.000  1.000  0.000
  3.352961E-01  3.705960E-01  1.000  1.000  0.000
  4.470608E-01  3.705960E-01  1.000  1.000  0.000
  5.588255E-01  3.705960E-01  1.000  1.000  0.000
  6.705902E-01  3.705960E-01  1.000  1.000  0.000
  7.823549E-01  3.705960E-01  1.000  1.000  0.000
  8.941196E-01  3.705960E-01  1.000  1.000  0.000
 -8.941157E-01  4.764783E-01  1.000  1.000  0.000
 -7.823510E-01  4.764783E-01  1.000  1.000  0.000
 -6.705863E-01  4.764783E-01  1.000  1.000  0.000
 -5.588216E-01  4.764783E-01  1.000  1.000  0.000
 -4.470568E-01  4.764783E-01  1.000  1.000  0.000
 -3.352921E-01  4.764783E-01  1.000  1.000  0.000
 -2.235274E-01  4.764783E-01  1.000  1.000  0.000
 -1.117627E-01  4.764783E-01  1.000  1.000  0.000
  1.975308E-06  4.764783E-01  1.000  1.000  0.000
  1.117667E-01  4.764783E-01  1.000  1.000  0.000
  2.235314E-01  4.764783E-01  1.000  1.000  0.000
  3.352961E-01  4.764783E-01  1.000  1.000  0.000
  4.470608E-01  4.764783E-01  1.000  1.000  0.000
  5.588255E-01  4.764783E-01  1.000  1.000  0.000
  6.705902E-01  4.764783E-01  1.000  1.000  0.000
  7.823549E-01  4.764783E-01  1.000  1.000  0.000
  8.941196E-01  4.764783E-01  1.000  1.000  0.000
 -8.941157E-01  5.823607E-01  1.000  1.000  0.000
 -7.823510E-01  5.823607E-01  1.000  1.000  0.000
 -6.705863E-01  5.823607E-01  1.000  1.000  0.000
 -5.588216E-01  5.823607E-01  1.000  1.000  0.000
 -4.470568E-01  5.823607E-01  1.000  1.000  0.000
 -3.352921E-01  5.823607E-01  1.000  1.000  0.000
 -2.235274E-01  5.823607E-01  1.000  1.000  0.000
 -1.117627E-01  5.823607E-01  1.000  1.000  0.000
  1.975308E-06  5.823607E-01  1.000  1.000  0.000
  1.117667E-01  5.823607E-01  1.000  1.000  0.000
  2.235314E-01  5.823607E-01  1.000  1.000  0.000
  3.352961E-01  5.823607E-01  1.000  1.000  0.000
  4.470608E-01  5.823607E-01  1.000  1.000  0.000
  5.588255E-01  5.823607E-01  1.000  1.000  0.000
  6.705902E-01  5.823607E-01  1.000  1.000  0.000
  7.823549E-01  5.823607E-01  1.000  1.000  0.000
  8.941196E-01  5.823607E-01  1.000  1.000  0.000
 -8.941157E-01  6.882430E-01  1.000  1.000  0.000
 -7.823510E-01  6.882430E-01  1.000  1.000  0.000
 -6.705863E-01  6.882430E-01  1.000  1.000  0.000
 -5.588216E-01  6.882430E-01  1.000  1.000  0.000
 -4.470568E-01  6.882430E-01  1.000  1.000  0.000
 -3.352921E-01  6.882430E-01  1.000  1.000  0.000
 -2.235274E-01  6.882430E-01  1.000  1.000  0.000
 -1.117627E-01  6.882430E-01  1.000  1.000  0.000
  1.975308E-06  6.882430E-01  1.000  1.000  0.000
  1.117667E-01  6.882430E-01  1.000  1.000  0.000
  2.235314E-01  6.882430E-01  1.000  1.000  0.000
  3.352961E-01  6.882430E-01  1.000  1.000  0.000
  4.470608E-01  6.882430E-01  1.000  1.000  0.000
  5.588255E-01  6.882430E-01  1.000  1.000  0.000
  6.705902E-01  6.882430E-01  1.000  1.000  0.000
  7.823549E-01  6.882430E-01  1.000  1.000  0.000
  8.941196E-01  6.882430E-01  1.000  1.000  0.000
 -8.941157E-01  7.941254E-01  1.000  1.000  0.000
 -7.823510E-01  7.941254E-01  1.000  1.000  0.000
 -6.705863E-01  7.941254E-01  1.000  1.000  0.000
 -5.588216E-01  7.941254E-01  1.000  1.000  0.000
 -4.470568E-01  7.941254E-01  1.000  1.000  0.000
 -3.352921E-01  7.941254E-01  1.000  1.000  0.000
 -2.235274E-01  7.941254E-01  1.000  1.000  0.000
 -1.117627E-01  7.941254E-01  1.000  1.000  0.000
  1.975308E-06  7.941254E-01  1.000  1.000  0.000
  1.117667E-01  7.941254E-01  1.000  1.000  0.000
  2.235314E-01  7.941254E-01  1.000  1.000  0.000
  3.352961E-01  7.941254E-01  1.000  1.000  0.000
  4.470608E-01  7.941254E-01  1.000  1.000  0.000
  5.588255E-01  7.941254E-01  1.000  1.000  0.000
  6.705902E-01  7.941254E-01  1.000  1.000  0.000
  7.823549E-01  7.941254E-01  1.000  1.000  0.000
  8.941196E-01  7.941254E-01  1.000  1.000  0.000
 -8.941157E-01  9.000077E-01  1.000  1.000  0.000
 -7.823510E-01  9.000077E-01  1.000  1.000  0.000
 -6.705863E-01  9.000077E-01  1.000  1.000  0.000
 -5.588216E-01  9.000077E-01  1.000  1.000  0.000
 -4.470568E-01  9.000077E-01  1.000  1.000  0.000
 -3.352921E-01  9.000077E-01  1.000  1.000  0.000
 -2.235274E-01  9.000077E-01  1.000  1.000  0.000
 -1.117627E-01  9.000077E-01  1.000  1.000  0.000
  1.975308E-06  9.000077E-01  1.000  1.000  0.000
  1.117667E-01  9.000077E-01  1.000  1.000  0.000
  2.235314E-01  9.000077E-01  1.000  1.000  0.000
  3.352961E-01  9.000077E-01  1.000  1.000  0.000
  4.470608E-01  9.000077E-01  1.000  1.000  0.000
  5.588255E-01  9.000077E-01  1.000  1.000  0.000
  6.705902E-01  9.000077E-01  1.000  1.000  0.000
  7.823549E-01  9.000077E-01  1.000  1.000  0.000
  8.941196E-01  9.000077E-01  1.000  1.000  0.000
 -8.941157E-01  1.005890E+00  1.000  1.000  0.000
 -7.823510E-01  1.005890E+00  1.000  1.000  0.000
 -6.705863E-01  1.005890E+00  1.000  1.000  0.000
 -5.588216E-01  1.005890E+00  1.000  1.000  0.000
 -4.470568E-01  1.005890E+00  1.000  1.000  0.000
 -3.352921E-01  1.005890E+00  1.000  1.000  0.000
 -2.235274E-01  1.005890E+00  1.000  1.000  0.000
 -1.117627E-01  1.005890E+00  1.000  1.000  0.000
  1.975308E-06  1.005890E+00  1.000  1.000  0.000
  1.117667E-01  1.005890E+00  1.000  1.000  0.000
  2.235314E-01  1.005890E+00  1.000  1.000  0.000
  3.352961E-01  1.005890E+00  1.000  1.000  0.000
  4.470608E-01  1.005890E+00  1.000  1.000  0.000
  5.588255E-01  1.005890E+00  1.000  1.000  0.000
  6.705902E-01  1.005890E+00  1.000  1.000  0.000
  7.823549E-01  1.005890E+00  1.000  1.000  0.000
  8.941196E-01  1.005890E+00  1.000  1.000  0.000
 -8.941157E-01  1.111772E+00  1.000  1.000  0.000
 -7.823510E-01  1.111772E+00  1.000  1.000  0.000
 -6.705863E-01  1.111772E+00  1.000  1.000  0.000
 -5.588216E-01  1.111772E+00  1.000  1.000  0.000
 -4.470568E-01  1.111772E+00  1.000  1.000  0.000
 -3.352921E-01  1.111772E+00  1.000  1.000  0.000
 -2.235274E-01  1.111772E+00  1.000  1.000  0.000
 -1.117627E-01  1.111772E+00  1.000  1.000  0.000
  1.975308E-06  1.111772E+00  1.000  1.000  0.000
  1.117667E-01  1.111772E+00  1.000  1.000  0.000
  2.235314E-01  1.111772E+00  1.000  1.000  0.000
  3.352961E-01  1.111772E+00  1.000  1.000  0.000
  4.470608E-01  1.111772E+00  1.000  1.000  0.000
  5.588255E-01  1.111772E+00  1.000  1.000  0.000
  6.705902E-01  1.111772E+00  1.000  1.000  0.000
  7.823549E-01  1.111772E+00  1.000  1.000  0.000
  8.941196E-01  1.111772E+00  1.000  1.000  0.000
 -8.941157E-01  1.217655E+00  1.000  1.000  0.000
 -7.823510E-01  1.217655E+00  1.000  1.000  0.000
 -6.705863E-01  1.217655E+00  1.000  1.000  0.000
 -5.588216E-01  1.217655E+00  1.000  1.000  0.000
 -4.470568E-01  1.217655E+00  1.000  1.000  0.000
 -3.352921E-01  1.217655E+00  1.000  1.000  0.000
 -2.235274E-01  1.217655E+00  1.000  1.000  0.000
 -1.117627E-01  1.217655E+00  1.000  1.000  0.000
  1.975308E-06  1.217655E+00  1.000  1.000  0.000
  1.117667E-01  1.217655E+00  1.000  1.000  0.000
  2.235314E-01  1.217655E+00  1.000  1.000  0.000
  3.352961E-01  1.217655E+00  1.000  1.000  0.000
  4.470608E-01  1.217655E+00  1.000  1.000  0.000
  5.588255E-01  1.217655E+00  1.000  1.000  0.000
  6.705902E-01  1.217655E+00  1.000  1.000  0.000
  7.823549E-01  1.217655E+00  1.000  1.000  0.000
  8.941196E-01  1.217655E+00  1.000  1.000  0.000
 -8.941157E-01  1.323537E+00  1.000  1.000  0.000
 -7.823510E-01  1.323537E+00  1.000  1.000  0.000
 -6.705863E-01  1.323537E+00  1.000  1.000  0.000
 -5.588216E-01  1.323537E+00  1.000  1.000  0.000
 -4.470568E-01  1.323537E+00  1.000  1.000  0.000
 -3.352921E-01  1.323537E+00  1.000  1.000  0.000
 -2.235274E-01  1.323537E+00  1.000  1.000  0.000
 -1.117627E-01  1.323537E+00  1.000  1.000  0.000
  1.975308E-06  1.323537E+00  1.000  1.000  0.000
  1.117667E-01  1.323537E+00  1.000  1.000  0.000
  2.235314E-01  1.323537E+00  1.000  1.000  0.000
  3.352961E-01  1.323537E+00  1.000  1.000  0.000
  4.470608E-01  1.323537E+00  1.000  1.000  0.000
  5.588255E-01  1.323537E+00  1.000  1.000  0.000
  6.705902E-01  1.323537E+00  1.000  1.000  0.000
  7.823549E-01  1.323537E+00  1.000  1.000  0.000
  8.941196E-01  1.323537E+00  1.000  1.000  0.000
 -8.941157E-01  1.429420E+00  1.000  1.000  0.000
 -7.823510E-01  1.429420E+00  1.000  1.000  0.000
 -6.705863E-01  1.429420E+00  1.000  1.000  0.000
 -5.588216E-01  1.429420E+00  1.000  1.000  0.000
 -4.470568E-01  1.429420E+00  1.000  1.000  0.000
 -3.352921E-01  1.429420E+00  1.000  1.000  0.000
 -2.235274E-01  1.429420E+00  1.000  1.000  0.000
 -1.117627E-01  1.429420E+00  1.000  1.000  0.000
  1.975308E-06  1.429420E+00  1.000  1.000  0.000
  1.117667E-01  1.429420E+00  1.000  1.000  0.000
  2.235314E-01  1.429420E+00  1.000  1.000  0.000
  3.352961E-01  1.429420E+00  1.000  1.000  0.000
  4.470608E-01  1.429420E+00  1.000  1.000  0.000
  5.588255E-01  1.429420E+00  1.000  1.000  0.000
  6.705902E-01  1.429420E+00  1.000  1.000  0.000
  7.823549E-01  1.429420E+00  1.000  1.000  0.000
  8.941196E-01  1.429420E+00  1.000  1.000  0.000
 -8.941157E-01  1.535302E+00  1.000  1.000  0.000
 -7.823510E-01  1.535302E+00  1.000  1.000  0.000
 -6.705863E-01  1.535302E+00  1.000  1.000  0.000
 -5.588216E-01  1.535302E+00  1.000  1.000  0.000
 -4.470568E-01  1.535302E+00  1.000  1.000  0.000
 -3.352921E-01  1.535302E+00  1.000  1.000  0.000
 -2.235274E-01  1.535302E+00  1.000  1.000  0.000
 -1.117627E-01  1.535302E+00  1.000  1.000  0.000
  1.975308E-06  1.535302E+00  1.000  1.000  0.000
  1.117667E-01  1.535302E+00  1.000  1.000  0.000
  2.235314E-01  1.535302E+00  1.000  1.000  0.000
  3.352961E-01  1.535302E+00  1.000  1.000  0.000
  4.470608E-01  1.535302E+00  1.000  1.000  0.000
  5.588255E-01  1.535302E+00  1.000  1.000  0.000
  6.705902E-01  1.535302E+00  1.000  1.000  0.000
  7.823549E-01  1.535302E+00  1.000  1.000  0.000
  8.941196E-01  1.535302E+00  1.000  1.000  0.000
 -8.941157E-01  1.641184E+00  1.000  1.000  0.000
 -7.823510E-01  1.641184E+00  1.000  1.000  0.000
 -6.705863E-01  1.641184E+00  1.000  1.000  0.000
 -5.588216E-01  1.641184E+00  1.000  1.000  0.000
 -4.470568E-01  1.641184E+00  1.000  1.000  0.000
 -3.352921E-01  1.641184E+00  1.000  1.000  0.000
 -2.235274E-01  1.641184E+00  1.000  1.000  0.000
 -1.117627E-01  1.641184E+00  1.000  1.000  0.000
  1.975308E-06  1.641184E+00  1.000  1.000  0.000
  1.117667E-01  1.641184E+00  1.000  1.000  0.000
  2.235314E-01  1.641184E+00  1.000  1.000  0.000
  3.352961E-01  1.641184E+00  1.000  1.000  0.000
  4.470608E-01  1.641184E+00  1.000  1.000  0.000
  5.588255E-01  1.641184E+00  1.000  1.000  0.000
  6.705902E-01  1.641184E+00  1.000  1.000  0.000
  7.823549E-01  1.641184E+00  1.000  1.000  0.000
  8.941196E-01  1.641184E+00  1.000  1.000  0.000
 -8.941157E-01  1.747067E+00  1.000  1.000  0.000
 -7.823510E-01  1.747067E+00  1.000  1.000  0.000
 -6.705863E-01  1.747067E+00  1.000  1.000  0.000
 -5.588216E-01  1.747067E+00  1.000  1.000  0.000
 -4.470568E-01  1.747067E+00  1.000  1.000  0.000
 -3.352921E-01  1.747067E+00  1.000  1.000  0.000
 -2.235274E-01  1.747067E+00  1.000  1.000  0.000
 -1.117627E-01  1.747067E+00  1.000  1.000  0.000
  1.975308E-06  1.747067E+00  1.000  1.000  0.000
  1.117667E-01  1.747067E+00  1.000  1.000  0.000
  2.235314E-01  1.747067E+00  1.000  1.000  0.000
  3.352961E-01  1.747067E+00  1.000  1.000  0.000
  4.470608E-01  1.747067E+00  1.000  1.000  0.000
  5.588255E-01  1.747067E+00  1.000  1.000  0.000
  6.705902E-01  1.747067E+00  1.000  1.000  0.000
  7.823549E-01  1.747067E+00  1.000  1.000  0.000
  8.941196E-01  1.747067E+00  1.000  1.000  0.000

wt: s[c5]
\vspace{-3}
  zmin  &=&   9.8530E+01 [cm]
  zmax  &=&   9.8580E+01 [cm]
  part. &=& proton  
e:
 
# Information for Restart Calculation
# This calculation was newly started
# istdev =  2 # 1:Batch variance, 2:History variance
# resc2  = 0.00000000000000000E+00 # Total source weight or Total source weight / maxcas
# resc3  = 0.00000000000000000E+00 # Total history number or Total batch number
# maxcas =       10000 # History / Batch, only used for istdev=1
# bitrseed = 0000000000000000000000000000000000000000000000000000000000000000 # bit data of rseed
