[ T-Track ]
    title = Proton fluence map z cut 8
     mesh =  xyz            # mesh type is xyz scoring mesh
   x-type =    2            # x-mesh is linear given by xmin, xmax and nx
     xmin =  -2.350000      # minimum value of x-mesh points
     xmax =   2.350000      # maximum value of x-mesh points
#    xdel =  0.1000000      # mesh width of x-mesh points
       nx =     47          # number of x-mesh points
#    data = ( x(i), i = 1, nx + 1 )
#          -2.35000E+00 -2.25000E+00 -2.15000E+00 -2.05000E+00 -1.95000E+00
#          -1.85000E+00 -1.75000E+00 -1.65000E+00 -1.55000E+00 -1.45000E+00
#          -1.35000E+00 -1.25000E+00 -1.15000E+00 -1.05000E+00 -9.50000E-01
#          -8.50000E-01 -7.50000E-01 -6.50000E-01 -5.50000E-01 -4.50000E-01
#          -3.50000E-01 -2.50000E-01 -1.50000E-01 -5.00000E-02  5.00000E-02
#           1.50000E-01  2.50000E-01  3.50000E-01  4.50000E-01  5.50000E-01
#           6.50000E-01  7.50000E-01  8.50000E-01  9.50000E-01  1.05000E+00
#           1.15000E+00  1.25000E+00  1.35000E+00  1.45000E+00  1.55000E+00
#           1.65000E+00  1.75000E+00  1.85000E+00  1.95000E+00  2.05000E+00
#           2.15000E+00  2.25000E+00  2.35000E+00
   y-type =    2            # y-mesh is linear given by ymin, ymax and ny
     ymin =  -2.318500      # minimum value of y-mesh points
     ymax =   2.881500      # maximum value of y-mesh points
#    ydel =  0.1000000      # mesh width of y-mesh points
       ny =     52          # number of y-mesh points
#    data = ( y(i), i = 1, ny + 1 )
#          -2.31850E+00 -2.21850E+00 -2.11850E+00 -2.01850E+00 -1.91850E+00
#          -1.81850E+00 -1.71850E+00 -1.61850E+00 -1.51850E+00 -1.41850E+00
#          -1.31850E+00 -1.21850E+00 -1.11850E+00 -1.01850E+00 -9.18500E-01
#          -8.18500E-01 -7.18500E-01 -6.18500E-01 -5.18500E-01 -4.18500E-01
#          -3.18500E-01 -2.18500E-01 -1.18500E-01 -1.85000E-02  8.15000E-02
#           1.81500E-01  2.81500E-01  3.81500E-01  4.81500E-01  5.81500E-01
#           6.81500E-01  7.81500E-01  8.81500E-01  9.81500E-01  1.08150E+00
#           1.18150E+00  1.28150E+00  1.38150E+00  1.48150E+00  1.58150E+00
#           1.68150E+00  1.78150E+00  1.88150E+00  1.98150E+00  2.08150E+00
#           2.18150E+00  2.28150E+00  2.38150E+00  2.48150E+00  2.58150E+00
#           2.68150E+00  2.78150E+00  2.88150E+00
   z-type =    2            # z-mesh is linear given by zmin, zmax and nz
     zmin =   98.56500      # minimum value of z-mesh points
     zmax =   98.57000      # maximum value of z-mesh points
#    zdel =  5.0000000E-03  # mesh width of z-mesh points
       nz =      1          # number of z-mesh points
#    data = ( z(i), i = 1, nz + 1 )
#           9.85650E+01  9.85700E+01
   e-type =    2            # e-mesh is linear given by emin, emax and ne
     emin =  1.0000000E-03  # minimum value of e-mesh points
     emax =   25.00000      # maximum value of e-mesh points
#    edel =   24.99900      # mesh width of e-mesh points
       ne =      1          # number of e-mesh points
#    data = ( e(i), i = 1, ne + 1 )
#           1.00000E-03  2.50000E+01
     unit =    1            # unit is [1/cm^2/source]
 material =  all            # (D=all) number of specific material
  2D-type =    3            # 1:Cont, 2:Clust, 3:Color, 4:xyz, 5:mat, 6:Clust+Cont, 7:Col+Cont
     axis =      xy            # axis of output
     file = ./out/flujo_xy_zcut8.out  # file name of output for the above axis
     part =  proton   
# kf/name :  2212     
    gshow =    3            # 0: no 1:bnd, 2:bnd+mat, 3:bnd+reg 4:bnd+lat 5:bmp style
    resol =    1            # (D=1) resolution of gshow or rshow
    width = 0.5000000       # (D=0.5) width of lines for gshow or rshow
   epsout =    1            # (D=0) generate eps file by ANGEL
#    used :        main (  %)        temp (  %)       total (  %)
#  memory :         109 (  0)           0 (  0)         109 (  0)

#------------------------------------------------------------------------------
#newpage:
#   no. =  1   ie  =  1   iz  =  1   part. = proton  
#   e = (   1.0000E-03  -   2.5000E+01  )
#   z = (   9.8565E+01  -   9.8570E+01  )

'no. =  1,  ie =  1,  iz =  1'
msuc: {\huge Proton fluence map z cut 8}
msdr: {\it plotted by \ANGEL \version}
msdl: {\it calculated by \PHITS  3.35}

x: x [cm]
y: y [cm]
set: c1[ 1.106] c2[ 0.856] c5[ 0.800] c6[ 0.959] c7[ 0.071] c8[ 0.000]
p: h2fs form[c1] xfac[c2] afac[c5] scal[c6] xorg[c7] yorg[c8] nosp
p: xmin( -2.350000    ) xmax(  2.350000    )
p: ymin( -2.318500    ) ymax(  2.881500    )
#  ny =  52   nx =  47
# ( ( data(x,y), x = 1, nx ), y = ny, 1, -1 )

#------------------------------------------------------------------------------
# gshow
#------------------------------------------------------------------------------

p: legs[c5*0.875]

w:6000/ x(  -0.2447911E+01) y(  -0.2416601E+01) ix(2) iy(2) s(   0.7000E+00)

h: x ny1,0  y2=[y1](acrilico),ic[white]
 -1.000000E+00 -1.000000E+00

hb:   line clip z   cb(white)
frame:
 -2.3499943E+00 -2.3184880E+00
  2.3500057E+00 -2.3184880E+00
  2.3500057E+00  2.8815120E+00
 -2.3499943E+00  2.8815120E+00
clip:
 -2.44791086E+00 -2.41660101E+00
 -2.37100000E+00 -2.41660101E+00
 -2.37100000E+00 -2.33998038E+00
 -2.37100000E+00 -2.31282743E+00
 -2.37100000E+00 -2.23620679E+00
 -2.37100000E+00 -2.20905384E+00
 -2.37100000E+00 -2.13243321E+00
 -2.37100000E+00 -2.10528026E+00
 -2.37100000E+00 -2.02865962E+00
 -2.37100000E+00 -2.00150667E+00
 -2.37100000E+00 -1.92488604E+00
 -2.37100000E+00 -1.89773309E+00
 -2.37100000E+00 -1.82111245E+00
 -2.37100000E+00 -1.79395950E+00
 -2.37100000E+00 -1.71733887E+00
 -2.37100000E+00 -1.69018592E+00
 -2.37100000E+00 -1.61356528E+00
 -2.34374420E+00 -1.56850000E+00
 -2.25755771E+00 -1.56850000E+00
 -1.82291086E+00 -1.56850000E+00
 -1.75000000E+00 -1.55527447E+00
 -1.75000000E+00 -1.48263875E+00
 -1.75000000E+00 -1.41000302E+00
 -1.75000000E+00 -1.37886516E+00
 -1.76231705E+00 -1.31850000E+00
 -1.82291086E+00 -1.31850000E+00
 -1.88350468E+00 -1.31850000E+00
 -1.92707753E+00 -1.31850000E+00
 -1.98767135E+00 -1.31850000E+00
 -2.03124420E+00 -1.31850000E+00
 -2.09183801E+00 -1.31850000E+00
 -2.13541086E+00 -1.31850000E+00
 -2.19600468E+00 -1.31850000E+00
 -2.23957753E+00 -1.31850000E+00
 -2.30017135E+00 -1.31850000E+00
 -2.34374420E+00 -1.31850000E+00
 -2.40433801E+00 -1.31850000E+00
 -2.44791086E+00 -1.31850000E+00
 -2.44791086E+00 -1.37886516E+00
 -2.44791086E+00 -1.48263875E+00
 -2.44791086E+00 -1.58641233E+00
 -2.44791086E+00 -1.69018592E+00
 -2.44791086E+00 -1.79395950E+00
 -2.44791086E+00 -1.89773309E+00
 -2.44791086E+00 -2.00150667E+00
 -2.44791086E+00 -2.10528026E+00
 -2.44791086E+00 -2.20905384E+00
 -2.44791086E+00 -2.31282743E+00
 -2.44791086E+00 -2.41660101E+00

w:6001/ x(  -0.1451036E+01) y(  -0.1992551E+01) ix(2) iy(2) s(   0.7000E+00)

h: x ny1,0  y2=[y1](Air),ic[cyan]
 -1.000000E+00 -1.000000E+00

hb:   line clip z   cb(cyan)
frame:
 -2.3499943E+00 -2.3184880E+00
  2.3500057E+00 -2.3184880E+00
  2.3500057E+00  2.8815120E+00
 -2.3499943E+00  2.8815120E+00
clip:
 -2.34374420E+00 -2.41660101E+00
 -1.12957654E+00 -2.41660101E+00
 -1.07719540E+00 -2.31282743E+00
 -1.02093932E+00 -2.20905384E+00
 -9.71213193E-01 -2.12357529E+00
 -9.10062829E-01 -2.02606561E+00
 -8.85410864E-01 -1.98903250E+00
 -8.47898739E-01 -1.93510366E+00
 -8.20659389E-01 -1.89773309E+00
 -7.81244198E-01 -1.84625476E+00
 -7.38625246E-01 -1.79395950E+00
 -6.77077531E-01 -1.72442107E+00
 -6.44291846E-01 -1.69018592E+00
 -5.72910864E-01 -1.62219480E+00
 -5.31071526E-01 -1.58641233E+00
 -5.54930684E-01 -1.56850000E+00
 -5.72910864E-01 -1.56850000E+00
 -5.90891045E-01 -1.56850000E+00
 -6.77077531E-01 -1.56850000E+00
 -6.95057711E-01 -1.56850000E+00
 -7.81244198E-01 -1.56850000E+00
 -7.99224378E-01 -1.56850000E+00
 -8.85410864E-01 -1.56850000E+00
 -9.03391045E-01 -1.56850000E+00
 -9.89577531E-01 -1.56850000E+00
 -1.00755771E+00 -1.56850000E+00
 -1.09374420E+00 -1.56850000E+00
 -1.11172438E+00 -1.56850000E+00
 -1.19791086E+00 -1.56850000E+00
 -1.21589104E+00 -1.56850000E+00
 -1.30207753E+00 -1.56850000E+00
 -1.32005771E+00 -1.56850000E+00
 -1.40624420E+00 -1.56850000E+00
 -1.42422438E+00 -1.56850000E+00
 -1.51041086E+00 -1.56850000E+00
 -1.52839104E+00 -1.56850000E+00
 -1.61457753E+00 -1.56850000E+00
 -1.63255771E+00 -1.56850000E+00
 -1.71874420E+00 -1.56850000E+00
 -1.73672438E+00 -1.56850000E+00
 -1.82291086E+00 -1.56850000E+00
 -1.84089104E+00 -1.56850000E+00
 -1.92707753E+00 -1.56850000E+00
 -1.94505771E+00 -1.56850000E+00
 -2.03124420E+00 -1.56850000E+00
 -2.04922438E+00 -1.56850000E+00
 -2.13541086E+00 -1.56850000E+00
 -2.15339104E+00 -1.56850000E+00
 -2.23957753E+00 -1.56850000E+00
 -2.25755771E+00 -1.56850000E+00
 -2.34374420E+00 -1.56850000E+00
 -2.36172438E+00 -1.56850000E+00
 -2.37100000E+00 -1.58641233E+00
 -2.37100000E+00 -1.61356528E+00
 -2.37100000E+00 -1.69018592E+00
 -2.37100000E+00 -1.71733887E+00
 -2.37100000E+00 -1.79395950E+00
 -2.37100000E+00 -1.82111245E+00
 -2.37100000E+00 -1.89773309E+00
 -2.37100000E+00 -1.92488604E+00
 -2.37100000E+00 -2.00150667E+00
 -2.37100000E+00 -2.02865962E+00
 -2.37100000E+00 -2.10528026E+00
 -2.37100000E+00 -2.13243321E+00
 -2.37100000E+00 -2.20905384E+00
 -2.37100000E+00 -2.23620679E+00
 -2.37100000E+00 -2.31282743E+00
 -2.37100000E+00 -2.33998038E+00
 -2.37100000E+00 -2.41660101E+00

w:700/ x(  -0.6000000E-02) y(  -0.1896616E+01) ix(2) iy(2) s(   0.7000E+00)

h: x ny1,0  y2=[y1](skin),ic[brown]
 -1.000000E+00 -1.000000E+00

hb:   line clip z   cb(brown)
frame:
 -2.3499943E+00 -2.3184880E+00
  2.3500057E+00 -2.3184880E+00
  2.3500057E+00  2.8815120E+00
 -2.3499943E+00  2.8815120E+00
clip:
 -1.09374420E+00 -2.41660101E+00
  1.11757654E+00 -2.41660101E+00
  1.10975887E+00 -2.40065833E+00
  1.09375580E+00 -2.36852649E+00
  1.06519540E+00 -2.31282743E+00
  1.03902019E+00 -2.26358290E+00
  1.00893932E+00 -2.20905384E+00
  1.00196698E+00 -2.19672270E+00
  9.89589136E-01 -2.17511215E+00
  9.48123134E-01 -2.10528026E+00
  9.24163264E-01 -2.06668565E+00
  8.85422469E-01 -2.00691684E+00
  8.81810221E-01 -2.00150667E+00
  8.40883481E-01 -1.94210400E+00
  8.08659389E-01 -1.89773309E+00
  7.96939522E-01 -1.88210855E+00
  7.81255802E-01 -1.86162151E+00
  7.26625246E-01 -1.79395950E+00
  7.03796321E-01 -1.76735310E+00
  6.77089136E-01 -1.73744738E+00
  6.32291846E-01 -1.69018592E+00
  6.02494912E-01 -1.66072507E+00
  5.72922469E-01 -1.63301804E+00
  5.19071526E-01 -1.58641233E+00
  4.91111537E-01 -1.56414096E+00
  4.68755802E-01 -1.54726736E+00
  3.70285309E-01 -1.48263875E+00
  3.66672110E-01 -1.48056363E+00
  3.64589136E-01 -1.47937678E+00
  3.57074031E-01 -1.47515200E+00
  2.60422469E-01 -1.42873194E+00
  1.78080265E-01 -1.40060727E+00
  1.56255802E-01 -1.39489284E+00
  6.53306266E-02 -1.37886516E+00
  5.32796990E-02 -1.37767909E+00
  5.06696896E-02 -1.37745107E+00
 -5.20775309E-02 -1.37663114E+00
 -5.41708228E-02 -1.37677977E+00
 -7.73306266E-02 -1.37886516E+00
 -1.56244198E-01 -1.39205707E+00
 -2.27165177E-01 -1.41198539E+00
 -2.60410864E-01 -1.42397943E+00
 -3.01874838E-01 -1.44133124E+00
 -3.64577531E-01 -1.47266700E+00
 -3.71009209E-01 -1.47623134E+00
 -3.82285309E-01 -1.48263875E+00
 -4.68744198E-01 -1.53854114E+00
 -4.96327432E-01 -1.55893318E+00
 -5.31071526E-01 -1.58641233E+00
 -5.72910864E-01 -1.62219480E+00
 -6.08369293E-01 -1.65486129E+00
 -6.44291846E-01 -1.69018592E+00
 -6.77077531E-01 -1.72442107E+00
 -7.10192420E-01 -1.76096957E+00
 -7.38625246E-01 -1.79395950E+00
 -7.81244198E-01 -1.84625476E+00
 -8.03765507E-01 -1.87529676E+00
 -8.20659389E-01 -1.89773309E+00
 -8.85410864E-01 -1.98903250E+00
 -8.90445160E-01 -1.99649137E+00
 -8.93810221E-01 -2.00150667E+00
 -9.10062829E-01 -2.02606561E+00
 -9.60123134E-01 -2.10528026E+00
 -9.89577531E-01 -2.15448068E+00
 -1.00961799E+00 -2.18908901E+00
 -1.02093932E+00 -2.20905384E+00
 -1.05876860E+00 -2.27798382E+00
 -1.07719540E+00 -2.31282743E+00
 -1.09374420E+00 -2.34484697E+00
 -1.11779641E+00 -2.39263956E+00
 -1.12957654E+00 -2.41660101E+00

w:6001/ x(   0.1439036E+01) y(  -0.1992551E+01) ix(2) iy(2) s(   0.7000E+00)

hb:   line clip z   cb(cyan)
frame:
 -2.3499943E+00 -2.3184880E+00
  2.3500057E+00 -2.3184880E+00
  2.3500057E+00  2.8815120E+00
 -2.3499943E+00  2.8815120E+00
clip:
  1.19792247E+00 -2.41660101E+00
  2.35900000E+00 -2.41660101E+00
  2.35900000E+00 -2.40141434E+00
  2.35900000E+00 -2.31282743E+00
  2.35900000E+00 -2.29764075E+00
  2.35900000E+00 -2.20905384E+00
  2.35900000E+00 -2.19386717E+00
  2.35900000E+00 -2.10528026E+00
  2.35900000E+00 -2.09009358E+00
  2.35900000E+00 -2.00150667E+00
  2.35900000E+00 -1.98632000E+00
  2.35900000E+00 -1.89773309E+00
  2.35900000E+00 -1.88254641E+00
  2.35900000E+00 -1.79395950E+00
  2.35900000E+00 -1.77877283E+00
  2.35900000E+00 -1.69018592E+00
  2.35900000E+00 -1.67499924E+00
  2.35900000E+00 -1.58641233E+00
  2.35900000E+00 -1.57122566E+00
  2.34375580E+00 -1.56850000E+00
  2.32577562E+00 -1.56850000E+00
  2.23958914E+00 -1.56850000E+00
  2.22160896E+00 -1.56850000E+00
  2.13542247E+00 -1.56850000E+00
  2.11744229E+00 -1.56850000E+00
  2.03125580E+00 -1.56850000E+00
  2.01327562E+00 -1.56850000E+00
  1.92708914E+00 -1.56850000E+00
  1.90910896E+00 -1.56850000E+00
  1.82292247E+00 -1.56850000E+00
  1.80494229E+00 -1.56850000E+00
  1.71875580E+00 -1.56850000E+00
  1.70077562E+00 -1.56850000E+00
  1.61458914E+00 -1.56850000E+00
  1.59660896E+00 -1.56850000E+00
  1.51042247E+00 -1.56850000E+00
  1.49244229E+00 -1.56850000E+00
  1.40625580E+00 -1.56850000E+00
  1.38827562E+00 -1.56850000E+00
  1.30208914E+00 -1.56850000E+00
  1.28410896E+00 -1.56850000E+00
  1.19792247E+00 -1.56850000E+00
  1.17994229E+00 -1.56850000E+00
  1.09375580E+00 -1.56850000E+00
  1.07577562E+00 -1.56850000E+00
  9.89589136E-01 -1.56850000E+00
  9.71608955E-01 -1.56850000E+00
  8.85422469E-01 -1.56850000E+00
  8.67442289E-01 -1.56850000E+00
  7.81255802E-01 -1.56850000E+00
  7.63275622E-01 -1.56850000E+00
  6.77089136E-01 -1.56850000E+00
  6.59108955E-01 -1.56850000E+00
  5.72922469E-01 -1.56850000E+00
  5.54942289E-01 -1.56850000E+00
  5.48216835E-01 -1.61102474E+00
  5.72922469E-01 -1.63301804E+00
  6.32291846E-01 -1.69018592E+00
  6.54267953E-01 -1.71292098E+00
  6.77089136E-01 -1.73744738E+00
  7.26625246E-01 -1.79395950E+00
  7.51294024E-01 -1.82380822E+00
  7.81255802E-01 -1.86162151E+00
  8.08659389E-01 -1.89773309E+00
  8.40883481E-01 -1.94210400E+00
  8.81810221E-01 -2.00150667E+00
  8.85422469E-01 -2.00691684E+00
  9.48123134E-01 -2.10528026E+00
  9.63706044E-01 -2.13106568E+00
  9.89589136E-01 -2.17511215E+00
  1.00893932E+00 -2.20905384E+00
  1.03902019E+00 -2.26358290E+00
  1.06519540E+00 -2.31282743E+00
  1.07493134E+00 -2.33158085E+00
  1.09375580E+00 -2.36852649E+00
  1.11757654E+00 -2.41660101E+00

w:6000/ x(   0.2447922E+01) y(  -0.2416601E+01) ix(2) iy(2) s(   0.7000E+00)

hb:   line clip z   cb(white)
frame:
 -2.3499943E+00 -2.3184880E+00
  2.3500057E+00 -2.3184880E+00
  2.3500057E+00  2.8815120E+00
 -2.3499943E+00  2.8815120E+00
clip:
  2.44792247E+00 -2.41660101E+00
  2.44792247E+00 -1.31850000E+00
  2.38732865E+00 -1.31850000E+00
  2.34375580E+00 -1.31850000E+00
  2.28316199E+00 -1.31850000E+00
  2.23958914E+00 -1.31850000E+00
  2.17899532E+00 -1.31850000E+00
  2.13542247E+00 -1.31850000E+00
  2.07482865E+00 -1.31850000E+00
  2.03125580E+00 -1.31850000E+00
  1.97066199E+00 -1.31850000E+00
  1.92708914E+00 -1.31850000E+00
  1.86649532E+00 -1.31850000E+00
  1.82292247E+00 -1.31850000E+00
  1.76232865E+00 -1.31850000E+00
  1.75000000E+00 -1.37886516E+00
  1.75000000E+00 -1.45151245E+00
  1.75000000E+00 -1.48263875E+00
  1.75000000E+00 -1.55528604E+00
  1.82292247E+00 -1.56850000E+00
  1.90910896E+00 -1.56850000E+00
  1.92708914E+00 -1.56850000E+00
  2.01327562E+00 -1.56850000E+00
  2.03125580E+00 -1.56850000E+00
  2.11744229E+00 -1.56850000E+00
  2.13542247E+00 -1.56850000E+00
  2.22160896E+00 -1.56850000E+00
  2.23958914E+00 -1.56850000E+00
  2.32577562E+00 -1.56850000E+00
  2.34375580E+00 -1.56850000E+00
  2.35900000E+00 -1.58641233E+00
  2.35900000E+00 -1.67499924E+00
  2.35900000E+00 -1.69018592E+00
  2.35900000E+00 -1.77877283E+00
  2.35900000E+00 -1.79395950E+00
  2.35900000E+00 -1.88254641E+00
  2.35900000E+00 -1.89773309E+00
  2.35900000E+00 -1.98632000E+00
  2.35900000E+00 -2.00150667E+00
  2.35900000E+00 -2.09009358E+00
  2.35900000E+00 -2.10528026E+00
  2.35900000E+00 -2.19386717E+00
  2.35900000E+00 -2.20905384E+00
  2.35900000E+00 -2.29764075E+00
  2.35900000E+00 -2.31282743E+00
  2.35900000E+00 -2.40141434E+00
  2.35900000E+00 -2.41660101E+00

w:6002/ x(  -0.9136653E+00) y(  -0.1443500E+01) ix(2) iy(2) s(   0.7000E+00)

hb:   line clip z   cb(cyan)
clip:
 -1.75000000E+00 -1.51377660E+00
 -1.71874420E+00 -1.56850000E+00
 -1.63255771E+00 -1.56850000E+00
 -5.72910864E-01 -1.56850000E+00
 -4.68744198E-01 -1.53854114E+00
 -3.82285309E-01 -1.48263875E+00
 -3.01874838E-01 -1.44133124E+00
 -2.27165177E-01 -1.41198539E+00
 -1.45386111E-01 -1.38968227E+00
 -7.73306266E-02 -1.37886516E+00
 -9.56503807E-02 -1.31850000E+00
 -1.56244198E-01 -1.31850000E+00
 -2.16838014E-01 -1.31850000E+00
 -2.60410864E-01 -1.31850000E+00
 -3.21004681E-01 -1.31850000E+00
 -3.64577531E-01 -1.31850000E+00
 -4.25171348E-01 -1.31850000E+00
 -4.68744198E-01 -1.31850000E+00
 -5.29338014E-01 -1.31850000E+00
 -5.72910864E-01 -1.31850000E+00
 -6.33504681E-01 -1.31850000E+00
 -6.77077531E-01 -1.31850000E+00
 -7.37671348E-01 -1.31850000E+00
 -7.81244198E-01 -1.31850000E+00
 -8.41838014E-01 -1.31850000E+00
 -8.85410864E-01 -1.31850000E+00
 -9.46004681E-01 -1.31850000E+00
 -9.89577531E-01 -1.31850000E+00
 -1.05017135E+00 -1.31850000E+00
 -1.09374420E+00 -1.31850000E+00
 -1.15433801E+00 -1.31850000E+00
 -1.19791086E+00 -1.31850000E+00
 -1.25850468E+00 -1.31850000E+00
 -1.30207753E+00 -1.31850000E+00
 -1.36267135E+00 -1.31850000E+00
 -1.40624420E+00 -1.31850000E+00
 -1.46683801E+00 -1.31850000E+00
 -1.51041086E+00 -1.31850000E+00
 -1.57100468E+00 -1.31850000E+00
 -1.61457753E+00 -1.31850000E+00
 -1.67517135E+00 -1.31850000E+00
 -1.71874420E+00 -1.31850000E+00
 -1.75000000E+00 -1.34772730E+00
 -1.75000000E+00 -1.37886516E+00
 -1.75000000E+00 -1.41000302E+00
 -1.75000000E+00 -1.48263875E+00

w:6002/ x(   0.9076653E+00) y(  -0.1443500E+01) ix(2) iy(2) s(   0.7000E+00)

hb:   line clip z   cb(cyan)
clip:
  4.30772163E-01 -1.52047905E+00
  4.68755802E-01 -1.54726736E+00
  5.54942289E-01 -1.56850000E+00
  1.71875580E+00 -1.56850000E+00
  1.75000000E+00 -1.51376504E+00
  1.75000000E+00 -1.48263875E+00
  1.75000000E+00 -1.45151245E+00
  1.75000000E+00 -1.37886516E+00
  1.75000000E+00 -1.34773887E+00
  1.71875580E+00 -1.31850000E+00
  1.65816199E+00 -1.31850000E+00
  1.61458914E+00 -1.31850000E+00
  1.55399532E+00 -1.31850000E+00
  1.51042247E+00 -1.31850000E+00
  1.44982865E+00 -1.31850000E+00
  1.40625580E+00 -1.31850000E+00
  1.34566199E+00 -1.31850000E+00
  1.30208914E+00 -1.31850000E+00
  1.24149532E+00 -1.31850000E+00
  1.19792247E+00 -1.31850000E+00
  1.13732865E+00 -1.31850000E+00
  1.09375580E+00 -1.31850000E+00
  1.03316199E+00 -1.31850000E+00
  9.89589136E-01 -1.31850000E+00
  9.28995319E-01 -1.31850000E+00
  8.85422469E-01 -1.31850000E+00
  8.24828652E-01 -1.31850000E+00
  7.81255802E-01 -1.31850000E+00
  7.20661986E-01 -1.31850000E+00
  6.77089136E-01 -1.31850000E+00
  6.16495319E-01 -1.31850000E+00
  5.72922469E-01 -1.31850000E+00
  5.12328652E-01 -1.31850000E+00
  4.68755802E-01 -1.31850000E+00
  4.08161986E-01 -1.31850000E+00
  3.64589136E-01 -1.31850000E+00
  3.03995319E-01 -1.31850000E+00
  2.60422469E-01 -1.31850000E+00
  1.99828652E-01 -1.31850000E+00
  1.56255802E-01 -1.31850000E+00
  9.56619856E-02 -1.31850000E+00
  1.43241570E-01 -1.39183028E+00
  1.78080265E-01 -1.40060727E+00
  2.60422469E-01 -1.42873194E+00
  3.57074031E-01 -1.47515200E+00
  3.70285309E-01 -1.48263875E+00

w:2/ x(  -0.2239578E+01) y(  -0.1067544E+01) ix(2) iy(2) s(   0.7000E+00)

hb:   line clip z   cb(cyan)
frame:
 -2.3499943E+00 -2.3184880E+00
  2.3500057E+00 -2.3184880E+00
  2.3500057E+00  2.8815120E+00
 -2.3499943E+00  2.8815120E+00
clip:
 -2.44791086E+00 -1.31850000E+00
 -2.09183801E+00 -1.31850000E+00
 -2.05000000E+00 -1.27509158E+00
 -2.05000000E+00 -1.19000302E+00
 -2.05000000E+00 -1.17131799E+00
 -2.05000000E+00 -1.08622943E+00
 -2.05000000E+00 -1.06754441E+00
 -2.05000000E+00 -9.82455847E-01
 -2.05000000E+00 -9.63770821E-01
 -2.05000000E+00 -8.78682262E-01
 -2.05000000E+00 -8.59997236E-01
 -2.05000000E+00 -7.74908677E-01
 -2.05000000E+00 -7.56223652E-01
 -2.05000000E+00 -6.71135092E-01
 -2.05000000E+00 -6.52450067E-01
 -2.05000000E+00 -5.67361508E-01
 -2.05000000E+00 -5.48676482E-01
 -2.05000000E+00 -4.63587923E-01
 -2.05000000E+00 -4.44902897E-01
 -2.05000000E+00 -3.59814338E-01
 -2.05000000E+00 -3.41129312E-01
 -2.05000000E+00 -2.56040753E-01
 -2.05000000E+00 -2.37355727E-01
 -2.05000000E+00 -1.52267168E-01
 -2.05000000E+00 -1.33582142E-01
 -2.05000000E+00 -4.84935830E-02
 -2.05000000E+00 -2.98085572E-02
 -2.05000000E+00  5.52800019E-02
 -2.05000000E+00  7.39650277E-02
 -2.05000000E+00  1.59053587E-01
 -2.05000000E+00  1.77738613E-01
 -2.05000000E+00  2.62827172E-01
 -2.05000000E+00  2.81512198E-01
 -2.05000000E+00  3.66600757E-01
 -2.05000000E+00  3.85285782E-01
 -2.05000000E+00  4.70374341E-01
 -2.05000000E+00  4.89059367E-01
 -2.05000000E+00  5.74147926E-01
 -2.05000000E+00  5.92832952E-01
 -2.05000000E+00  6.77921511E-01
 -2.05000000E+00  6.96606537E-01
 -2.05000000E+00  7.81695096E-01
 -2.05000000E+00  8.00380122E-01
 -2.05000000E+00  8.85468681E-01
 -2.05000000E+00  9.04153707E-01
 -2.05000000E+00  9.89242266E-01
 -2.05000000E+00  1.00792729E+00
 -2.05000000E+00  1.09301585E+00
 -2.05000000E+00  1.11170088E+00
 -2.05000000E+00  1.19678944E+00
 -2.05000000E+00  1.21547446E+00
 -2.05000000E+00  1.30056302E+00
 -2.05000000E+00  1.31924805E+00
 -2.05000000E+00  1.40433661E+00
 -2.05000000E+00  1.42302163E+00
 -2.05000000E+00  1.50811019E+00
 -2.05000000E+00  1.52679522E+00
 -2.05000000E+00  1.61188378E+00
 -2.05000000E+00  1.63056880E+00
 -2.05000000E+00  1.71565736E+00
 -2.05000000E+00  1.73434239E+00
 -2.05000000E+00  1.81943095E+00
 -2.05000000E+00  1.83811597E+00
 -2.05000000E+00  1.92320453E+00
 -2.05000000E+00  1.94188956E+00
 -2.05000000E+00  2.02697812E+00
 -2.05000000E+00  2.04566314E+00
 -2.05000000E+00  2.13075170E+00
 -2.03124420E+00  2.18150000E+00
 -1.95926226E+00  2.18150000E+00
 -1.92707753E+00  2.18150000E+00
 -1.85509559E+00  2.18150000E+00
 -1.82291086E+00  2.18150000E+00
 -1.75092892E+00  2.18150000E+00
 -1.71874420E+00  2.18150000E+00
 -1.64676226E+00  2.18150000E+00
 -1.61457753E+00  2.18150000E+00
 -1.54259559E+00  2.18150000E+00
 -1.51041086E+00  2.18150000E+00
 -1.43842892E+00  2.18150000E+00
 -1.40624420E+00  2.18150000E+00
 -1.33426226E+00  2.18150000E+00
 -1.30207753E+00  2.18150000E+00
 -1.23009559E+00  2.18150000E+00
 -1.19791086E+00  2.18150000E+00
 -1.12592892E+00  2.18150000E+00
 -1.09374420E+00  2.18150000E+00
 -1.02176226E+00  2.18150000E+00
 -9.89577531E-01  2.18150000E+00
 -9.17595590E-01  2.18150000E+00
 -8.85410864E-01  2.18150000E+00
 -8.13428923E-01  2.18150000E+00
 -7.81244198E-01  2.18150000E+00
 -7.09262257E-01  2.18150000E+00
 -6.77077531E-01  2.18150000E+00
 -6.05095590E-01  2.18150000E+00
 -5.72910864E-01  2.18150000E+00
 -5.00928923E-01  2.18150000E+00
 -4.68744198E-01  2.18150000E+00
 -3.96762257E-01  2.18150000E+00
 -3.64577531E-01  2.18150000E+00
 -2.92595590E-01  2.18150000E+00
 -2.60410864E-01  2.18150000E+00
 -1.88428923E-01  2.18150000E+00
 -1.56244198E-01  2.18150000E+00
 -8.42622568E-02  2.18150000E+00
 -5.20775309E-02  2.18150000E+00
  1.99044098E-02  2.18150000E+00
  5.20891358E-02  2.18150000E+00
  1.24071077E-01  2.18150000E+00
  1.56255802E-01  2.18150000E+00
  2.28237743E-01  2.18150000E+00
  2.60422469E-01  2.18150000E+00
  3.32404410E-01  2.18150000E+00
  3.64589136E-01  2.18150000E+00
  4.36571077E-01  2.18150000E+00
  4.68755802E-01  2.18150000E+00
  5.40737743E-01  2.18150000E+00
  5.72922469E-01  2.18150000E+00
  6.44904410E-01  2.18150000E+00
  6.77089136E-01  2.18150000E+00
  7.49071077E-01  2.18150000E+00
  7.81255802E-01  2.18150000E+00
  8.53237743E-01  2.18150000E+00
  8.85422469E-01  2.18150000E+00
  9.57404410E-01  2.18150000E+00
  9.89589136E-01  2.18150000E+00
  1.06157108E+00  2.18150000E+00
  1.09375580E+00  2.18150000E+00
  1.16573774E+00  2.18150000E+00
  1.19792247E+00  2.18150000E+00
  1.26990441E+00  2.18150000E+00
  1.30208914E+00  2.18150000E+00
  1.37407108E+00  2.18150000E+00
  1.40625580E+00  2.18150000E+00
  1.47823774E+00  2.18150000E+00
  1.51042247E+00  2.18150000E+00
  1.58240441E+00  2.18150000E+00
  1.61458914E+00  2.18150000E+00
  1.68657108E+00  2.18150000E+00
  1.71875580E+00  2.18150000E+00
  1.79073774E+00  2.18150000E+00
  1.82292247E+00  2.18150000E+00
  1.89490441E+00  2.18150000E+00
  1.92708914E+00  2.18150000E+00
  1.99907108E+00  2.18150000E+00
  2.03125580E+00  2.18150000E+00
  2.05000000E+00  2.14943673E+00
  2.05000000E+00  2.06433661E+00
  2.05000000E+00  2.04566314E+00
  2.05000000E+00  1.96056302E+00
  2.05000000E+00  1.94188956E+00
  2.05000000E+00  1.85678944E+00
  2.05000000E+00  1.83811597E+00
  2.05000000E+00  1.75301585E+00
  2.05000000E+00  1.73434239E+00
  2.05000000E+00  1.64924227E+00
  2.05000000E+00  1.63056880E+00
  2.05000000E+00  1.54546868E+00
  2.05000000E+00  1.52679522E+00
  2.05000000E+00  1.44169510E+00
  2.05000000E+00  1.42302163E+00
  2.05000000E+00  1.33792151E+00
  2.05000000E+00  1.31924805E+00
  2.05000000E+00  1.23414793E+00
  2.05000000E+00  1.21547446E+00
  2.05000000E+00  1.13037434E+00
  2.05000000E+00  1.11170088E+00
  2.05000000E+00  1.02660076E+00
  2.05000000E+00  1.00792729E+00
  2.05000000E+00  9.22827172E-01
  2.05000000E+00  9.04153707E-01
  2.05000000E+00  8.19053587E-01
  2.05000000E+00  8.00380122E-01
  2.05000000E+00  7.15280002E-01
  2.05000000E+00  6.96606537E-01
  2.05000000E+00  6.11506417E-01
  2.05000000E+00  5.92832952E-01
  2.05000000E+00  5.07732832E-01
  2.05000000E+00  4.89059367E-01
  2.05000000E+00  4.03959247E-01
  2.05000000E+00  3.85285782E-01
  2.05000000E+00  3.00185662E-01
  2.05000000E+00  2.81512198E-01
  2.05000000E+00  1.96412077E-01
  2.05000000E+00  1.77738613E-01
  2.05000000E+00  9.26384924E-02
  2.05000000E+00  7.39650277E-02
  2.05000000E+00 -1.11350925E-02
  2.05000000E+00 -2.98085572E-02
  2.05000000E+00 -1.14908677E-01
  2.05000000E+00 -1.33582142E-01
  2.05000000E+00 -2.18682262E-01
  2.05000000E+00 -2.37355727E-01
  2.05000000E+00 -3.22455847E-01
  2.05000000E+00 -3.41129312E-01
  2.05000000E+00 -4.26229432E-01
  2.05000000E+00 -4.44902897E-01
  2.05000000E+00 -5.30003017E-01
  2.05000000E+00 -5.48676482E-01
  2.05000000E+00 -6.33776602E-01
  2.05000000E+00 -6.52450067E-01
  2.05000000E+00 -7.37550187E-01
  2.05000000E+00 -7.56223652E-01
  2.05000000E+00 -8.41323772E-01
  2.05000000E+00 -8.59997236E-01
  2.05000000E+00 -9.45097357E-01
  2.05000000E+00 -9.63770821E-01
  2.05000000E+00 -1.04887094E+00
  2.05000000E+00 -1.06754441E+00
  2.05000000E+00 -1.15264453E+00
  2.05000000E+00 -1.17131799E+00
  2.05000000E+00 -1.25641811E+00
  2.05000000E+00 -1.27509158E+00
  2.09184962E+00 -1.31850000E+00
  2.13542247E+00 -1.31850000E+00
  2.17899532E+00 -1.31850000E+00
  2.23958914E+00 -1.31850000E+00
  2.28316199E+00 -1.31850000E+00
  2.34375580E+00 -1.31850000E+00
  2.38732865E+00 -1.31850000E+00
  2.44792247E+00 -1.31850000E+00
  2.44792247E+00  2.97962541E+00
  2.34375580E+00  2.97962541E+00
  2.23958914E+00  2.97962541E+00
  2.13542247E+00  2.97962541E+00
  2.03125580E+00  2.97962541E+00
  1.92708914E+00  2.97962541E+00
  1.82292247E+00  2.97962541E+00
  1.71875580E+00  2.97962541E+00
  1.61458914E+00  2.97962541E+00
  1.51042247E+00  2.97962541E+00
  1.40625580E+00  2.97962541E+00
  1.30208914E+00  2.97962541E+00
  1.19792247E+00  2.97962541E+00
  1.09375580E+00  2.97962541E+00
  9.89589136E-01  2.97962541E+00
  8.85422469E-01  2.97962541E+00
  7.81255802E-01  2.97962541E+00
  6.77089136E-01  2.97962541E+00
  5.72922469E-01  2.97962541E+00
  4.68755802E-01  2.97962541E+00
  3.64589136E-01  2.97962541E+00
  2.60422469E-01  2.97962541E+00
  1.56255802E-01  2.97962541E+00
  5.20891358E-02  2.97962541E+00
 -5.20775309E-02  2.97962541E+00
 -1.56244198E-01  2.97962541E+00
 -2.60410864E-01  2.97962541E+00
 -3.64577531E-01  2.97962541E+00
 -4.68744198E-01  2.97962541E+00
 -5.72910864E-01  2.97962541E+00
 -6.77077531E-01  2.97962541E+00
 -7.81244198E-01  2.97962541E+00
 -8.85410864E-01  2.97962541E+00
 -9.89577531E-01  2.97962541E+00
 -1.09374420E+00  2.97962541E+00
 -1.19791086E+00  2.97962541E+00
 -1.30207753E+00  2.97962541E+00
 -1.40624420E+00  2.97962541E+00
 -1.51041086E+00  2.97962541E+00
 -1.61457753E+00  2.97962541E+00
 -1.71874420E+00  2.97962541E+00
 -1.82291086E+00  2.97962541E+00
 -1.92707753E+00  2.97962541E+00
 -2.03124420E+00  2.97962541E+00
 -2.13541086E+00  2.97962541E+00
 -2.23957753E+00  2.97962541E+00
 -2.34374420E+00  2.97962541E+00
 -2.44791086E+00  2.97962541E+00
 -2.44791086E+00  2.87585182E+00
 -2.44791086E+00  2.77207824E+00
 -2.44791086E+00  2.66830465E+00
 -2.44791086E+00  2.56453107E+00
 -2.44791086E+00  2.46075748E+00
 -2.44791086E+00  2.35698390E+00
 -2.44791086E+00  2.25321031E+00
 -2.44791086E+00  2.14943673E+00
 -2.44791086E+00  2.04566314E+00
 -2.44791086E+00  1.94188956E+00
 -2.44791086E+00  1.83811597E+00
 -2.44791086E+00  1.73434239E+00
 -2.44791086E+00  1.63056880E+00
 -2.44791086E+00  1.52679522E+00
 -2.44791086E+00  1.42302163E+00
 -2.44791086E+00  1.31924805E+00
 -2.44791086E+00  1.21547446E+00
 -2.44791086E+00  1.11170088E+00
 -2.44791086E+00  1.00792729E+00
 -2.44791086E+00  9.04153707E-01
 -2.44791086E+00  8.00380122E-01
 -2.44791086E+00  6.96606537E-01
 -2.44791086E+00  5.92832952E-01
 -2.44791086E+00  4.89059367E-01
 -2.44791086E+00  3.85285782E-01
 -2.44791086E+00  2.81512198E-01
 -2.44791086E+00  1.77738613E-01
 -2.44791086E+00  7.39650277E-02
 -2.44791086E+00 -2.98085572E-02
 -2.44791086E+00 -1.33582142E-01
 -2.44791086E+00 -2.37355727E-01
 -2.44791086E+00 -3.41129312E-01
 -2.44791086E+00 -4.44902897E-01
 -2.44791086E+00 -5.48676482E-01
 -2.44791086E+00 -6.52450067E-01
 -2.44791086E+00 -7.56223652E-01
 -2.44791086E+00 -8.59997236E-01
 -2.44791086E+00 -9.63770821E-01
 -2.44791086E+00 -1.06754441E+00
 -2.44791086E+00 -1.17131799E+00
 -2.44791086E+00 -1.27509158E+00

w:9002/ x(  -0.1700000E+01) y(   0.2815000E+00) ix(2) iy(2) s(   0.7000E+00)

h: x ny1,0  y2=[y1](3D printer - PLA),ic[orange]
 -1.000000E+00 -1.000000E+00

hb:   line clip z   cb(orange)
clip:
 -2.05000000E+00 -1.29377660E+00
 -2.03124420E+00 -1.31850000E+00
 -1.98767135E+00 -1.31850000E+00
 -1.92707753E+00 -1.31850000E+00
 -1.88350468E+00 -1.31850000E+00
 -1.82291086E+00 -1.31850000E+00
 -1.77933801E+00 -1.31850000E+00
 -1.71874420E+00 -1.31850000E+00
 -1.67517135E+00 -1.31850000E+00
 -1.61457753E+00 -1.31850000E+00
 -1.57100468E+00 -1.31850000E+00
 -1.51041086E+00 -1.31850000E+00
 -1.46683801E+00 -1.31850000E+00
 -1.40624420E+00 -1.31850000E+00
 -1.36267135E+00 -1.31850000E+00
 -1.35000000E+00 -1.27509158E+00
 -1.35000000E+00 -1.21905962E+00
 -1.35000000E+00 -1.17131799E+00
 -1.35000000E+00 -1.11528604E+00
 -1.35000000E+00 -1.06754441E+00
 -1.35000000E+00 -1.01151245E+00
 -1.35000000E+00 -9.63770821E-01
 -1.35000000E+00 -9.07738866E-01
 -1.35000000E+00 -8.59997236E-01
 -1.35000000E+00 -8.03965281E-01
 -1.35000000E+00 -7.56223652E-01
 -1.35000000E+00 -7.00191696E-01
 -1.35000000E+00 -6.52450067E-01
 -1.35000000E+00 -5.96418111E-01
 -1.35000000E+00 -5.48676482E-01
 -1.35000000E+00 -4.92644526E-01
 -1.35000000E+00 -4.44902897E-01
 -1.35000000E+00 -3.88870942E-01
 -1.35000000E+00 -3.41129312E-01
 -1.35000000E+00 -2.85097357E-01
 -1.35000000E+00 -2.37355727E-01
 -1.35000000E+00 -1.81323772E-01
 -1.35000000E+00 -1.33582142E-01
 -1.35000000E+00 -7.75501868E-02
 -1.35000000E+00 -2.98085572E-02
 -1.35000000E+00  2.62233981E-02
 -1.35000000E+00  7.39650277E-02
 -1.35000000E+00  1.29996983E-01
 -1.35000000E+00  1.77738613E-01
 -1.35000000E+00  2.33770568E-01
 -1.35000000E+00  2.81512198E-01
 -1.35000000E+00  3.37544153E-01
 -1.35000000E+00  3.85285782E-01
 -1.35000000E+00  4.41317738E-01
 -1.35000000E+00  4.89059367E-01
 -1.35000000E+00  5.45091323E-01
 -1.35000000E+00  5.92832952E-01
 -1.35000000E+00  6.48864908E-01
 -1.35000000E+00  6.96606537E-01
 -1.35000000E+00  7.52638492E-01
 -1.35000000E+00  8.00380122E-01
 -1.35000000E+00  8.56412077E-01
 -1.35000000E+00  9.04153707E-01
 -1.35000000E+00  9.60185662E-01
 -1.35000000E+00  1.00792729E+00
 -1.35000000E+00  1.06395925E+00
 -1.35000000E+00  1.11170088E+00
 -1.35000000E+00  1.16773283E+00
 -1.35000000E+00  1.21547446E+00
 -1.35000000E+00  1.27150642E+00
 -1.35000000E+00  1.31924805E+00
 -1.35000000E+00  1.37528000E+00
 -1.35000000E+00  1.42302163E+00
 -1.35000000E+00  1.47905359E+00
 -1.35000000E+00  1.52679522E+00
 -1.35000000E+00  1.58282717E+00
 -1.35000000E+00  1.63056880E+00
 -1.35000000E+00  1.68660076E+00
 -1.35000000E+00  1.73434239E+00
 -1.35000000E+00  1.79037434E+00
 -1.35000000E+00  1.83811597E+00
 -1.36269584E+00  1.88150000E+00
 -1.40624420E+00  1.88150000E+00
 -1.44979256E+00  1.88150000E+00
 -1.51041086E+00  1.88150000E+00
 -1.55395923E+00  1.88150000E+00
 -1.61457753E+00  1.88150000E+00
 -1.65812589E+00  1.88150000E+00
 -1.71874420E+00  1.88150000E+00
 -1.76229256E+00  1.88150000E+00
 -1.82291086E+00  1.88150000E+00
 -1.86645923E+00  1.88150000E+00
 -1.92707753E+00  1.88150000E+00
 -1.97062589E+00  1.88150000E+00
 -2.03124420E+00  1.88150000E+00
 -2.05000000E+00  1.85680100E+00
 -2.05000000E+00 -1.27509158E+00

w:7042/ x(   0.0000000E+00) y(  -0.9185000E+00) ix(2) iy(2) s(   0.7000E+00)

h: x ny1,0  y2=[y1](CR-39),ic[pastelgreen]
 -1.000000E+00 -1.000000E+00

hb:   line clip z   cb(pastelgreen)
clip:
 -1.34565038E+00 -1.31850000E+00
  1.34566199E+00 -1.31850000E+00
  1.35000000E+00 -1.27509158E+00
  1.35000000E+00 -1.22736151E+00
  1.35000000E+00 -1.17131799E+00
  1.35000000E+00 -1.12358792E+00
  1.35000000E+00 -1.06754441E+00
  1.35000000E+00 -1.01981434E+00
  1.35000000E+00 -9.63770821E-01
  1.35000000E+00 -9.16040753E-01
  1.35000000E+00 -8.59997236E-01
  1.35000000E+00 -8.12267168E-01
  1.35000000E+00 -7.56223652E-01
  1.35000000E+00 -7.08493583E-01
  1.35000000E+00 -6.52450067E-01
  1.35000000E+00 -6.04719998E-01
  1.35000000E+00 -5.48676482E-01
  1.33237992E+00 -5.18500000E-01
  1.30208914E+00 -5.18500000E-01
  1.27179835E+00 -5.18500000E-01
  1.19792247E+00 -5.18500000E-01
  1.16763168E+00 -5.18500000E-01
  1.09375580E+00 -5.18500000E-01
  1.06346502E+00 -5.18500000E-01
  9.89589136E-01 -5.18500000E-01
  9.59298349E-01 -5.18500000E-01
  8.85422469E-01 -5.18500000E-01
  8.55131683E-01 -5.18500000E-01
  7.81255802E-01 -5.18500000E-01
  7.50965016E-01 -5.18500000E-01
  6.77089136E-01 -5.18500000E-01
  6.46798349E-01 -5.18500000E-01
  5.72922469E-01 -5.18500000E-01
  5.42631683E-01 -5.18500000E-01
  4.68755802E-01 -5.18500000E-01
  4.38465016E-01 -5.18500000E-01
  3.64589136E-01 -5.18500000E-01
  3.34298349E-01 -5.18500000E-01
  2.60422469E-01 -5.18500000E-01
  2.30131683E-01 -5.18500000E-01
  1.56255802E-01 -5.18500000E-01
  1.25965016E-01 -5.18500000E-01
  5.20891358E-02 -5.18500000E-01
  2.17983492E-02 -5.18500000E-01
 -5.20775309E-02 -5.18500000E-01
 -8.23683174E-02 -5.18500000E-01
 -1.56244198E-01 -5.18500000E-01
 -1.86534984E-01 -5.18500000E-01
 -2.60410864E-01 -5.18500000E-01
 -2.90701651E-01 -5.18500000E-01
 -3.64577531E-01 -5.18500000E-01
 -3.94868317E-01 -5.18500000E-01
 -4.68744198E-01 -5.18500000E-01
 -4.99034984E-01 -5.18500000E-01
 -5.72910864E-01 -5.18500000E-01
 -6.03201651E-01 -5.18500000E-01
 -6.77077531E-01 -5.18500000E-01
 -7.07368317E-01 -5.18500000E-01
 -7.81244198E-01 -5.18500000E-01
 -8.11534984E-01 -5.18500000E-01
 -8.85410864E-01 -5.18500000E-01
 -9.15701651E-01 -5.18500000E-01
 -9.89577531E-01 -5.18500000E-01
 -1.01986832E+00 -5.18500000E-01
 -1.09374420E+00 -5.18500000E-01
 -1.12403498E+00 -5.18500000E-01
 -1.19791086E+00 -5.18500000E-01
 -1.22820165E+00 -5.18500000E-01
 -1.30207753E+00 -5.18500000E-01
 -1.33236832E+00 -5.18500000E-01
 -1.35000000E+00 -5.48676482E-01
 -1.35000000E+00 -5.96418111E-01
 -1.35000000E+00 -6.52450067E-01
 -1.35000000E+00 -7.00191696E-01
 -1.35000000E+00 -7.56223652E-01
 -1.35000000E+00 -8.03965281E-01
 -1.35000000E+00 -8.59997236E-01
 -1.35000000E+00 -9.07738866E-01
 -1.35000000E+00 -9.63770821E-01
 -1.35000000E+00 -1.01151245E+00
 -1.35000000E+00 -1.06754441E+00
 -1.35000000E+00 -1.11528604E+00
 -1.35000000E+00 -1.17131799E+00
 -1.35000000E+00 -1.21905962E+00
 -1.35000000E+00 -1.27509158E+00

w:9003/ x(   0.1700000E+01) y(   0.2815000E+00) ix(2) iy(2) s(   0.7000E+00)

hb:   line clip z   cb(orange)
clip:
  1.36268295E+00 -1.31850000E+00
  2.03125580E+00 -1.31850000E+00
  2.05000000E+00 -1.29376504E+00
  2.05000000E+00 -1.27509158E+00
  2.05000000E+00 -1.25641811E+00
  2.05000000E+00 -1.17131799E+00
  2.05000000E+00 -1.15264453E+00
  2.05000000E+00 -1.06754441E+00
  2.05000000E+00 -1.04887094E+00
  2.05000000E+00 -9.63770821E-01
  2.05000000E+00 -9.45097357E-01
  2.05000000E+00 -8.59997236E-01
  2.05000000E+00 -8.41323772E-01
  2.05000000E+00 -7.56223652E-01
  2.05000000E+00 -7.37550187E-01
  2.05000000E+00 -6.52450067E-01
  2.05000000E+00 -6.33776602E-01
  2.05000000E+00 -5.48676482E-01
  2.05000000E+00 -5.30003017E-01
  2.05000000E+00 -4.44902897E-01
  2.05000000E+00 -4.26229432E-01
  2.05000000E+00 -3.41129312E-01
  2.05000000E+00 -3.22455847E-01
  2.05000000E+00 -2.37355727E-01
  2.05000000E+00 -2.18682262E-01
  2.05000000E+00 -1.33582142E-01
  2.05000000E+00 -1.14908677E-01
  2.05000000E+00 -2.98085572E-02
  2.05000000E+00 -1.11350925E-02
  2.05000000E+00  7.39650277E-02
  2.05000000E+00  9.26384924E-02
  2.05000000E+00  1.77738613E-01
  2.05000000E+00  1.96412077E-01
  2.05000000E+00  2.81512198E-01
  2.05000000E+00  3.00185662E-01
  2.05000000E+00  3.85285782E-01
  2.05000000E+00  4.03959247E-01
  2.05000000E+00  4.89059367E-01
  2.05000000E+00  5.07732832E-01
  2.05000000E+00  5.92832952E-01
  2.05000000E+00  6.11506417E-01
  2.05000000E+00  6.96606537E-01
  2.05000000E+00  7.15280002E-01
  2.05000000E+00  8.00380122E-01
  2.05000000E+00  8.19053587E-01
  2.05000000E+00  9.04153707E-01
  2.05000000E+00  9.22827172E-01
  2.05000000E+00  1.00792729E+00
  2.05000000E+00  1.02660076E+00
  2.05000000E+00  1.11170088E+00
  2.05000000E+00  1.13037434E+00
  2.05000000E+00  1.21547446E+00
  2.05000000E+00  1.23414793E+00
  2.05000000E+00  1.31924805E+00
  2.05000000E+00  1.33792151E+00
  2.05000000E+00  1.42302163E+00
  2.05000000E+00  1.44169510E+00
  2.05000000E+00  1.52679522E+00
  2.05000000E+00  1.54546868E+00
  2.05000000E+00  1.63056880E+00
  2.05000000E+00  1.64924227E+00
  2.05000000E+00  1.73434239E+00
  2.05000000E+00  1.75301585E+00
  2.05000000E+00  1.83811597E+00
  2.05000000E+00  1.85678944E+00
  2.03125580E+00  1.88150000E+00
  1.98770744E+00  1.88150000E+00
  1.92708914E+00  1.88150000E+00
  1.88354077E+00  1.88150000E+00
  1.82292247E+00  1.88150000E+00
  1.77937411E+00  1.88150000E+00
  1.71875580E+00  1.88150000E+00
  1.67520744E+00  1.88150000E+00
  1.61458914E+00  1.88150000E+00
  1.57104077E+00  1.88150000E+00
  1.51042247E+00  1.88150000E+00
  1.46687411E+00  1.88150000E+00
  1.40625580E+00  1.88150000E+00
  1.36270744E+00  1.88150000E+00
  1.35000000E+00  1.83811597E+00
  1.35000000E+00  1.78207245E+00
  1.35000000E+00  1.73434239E+00
  1.35000000E+00  1.67829887E+00
  1.35000000E+00  1.63056880E+00
  1.35000000E+00  1.57452528E+00
  1.35000000E+00  1.52679522E+00
  1.35000000E+00  1.47075170E+00
  1.35000000E+00  1.42302163E+00
  1.35000000E+00  1.36697812E+00
  1.35000000E+00  1.31924805E+00
  1.35000000E+00  1.26320453E+00
  1.35000000E+00  1.21547446E+00
  1.35000000E+00  1.15943095E+00
  1.35000000E+00  1.11170088E+00
  1.35000000E+00  1.05565736E+00
  1.35000000E+00  1.00792729E+00
  1.35000000E+00  9.51883775E-01
  1.35000000E+00  9.04153707E-01
  1.35000000E+00  8.48110191E-01
  1.35000000E+00  8.00380122E-01
  1.35000000E+00  7.44336606E-01
  1.35000000E+00  6.96606537E-01
  1.35000000E+00  6.40563021E-01
  1.35000000E+00  5.92832952E-01
  1.35000000E+00  5.36789436E-01
  1.35000000E+00  4.89059367E-01
  1.35000000E+00  4.33015851E-01
  1.35000000E+00  3.85285782E-01
  1.35000000E+00  3.29242266E-01
  1.35000000E+00  2.81512198E-01
  1.35000000E+00  2.25468681E-01
  1.35000000E+00  1.77738613E-01
  1.35000000E+00  1.21695096E-01
  1.35000000E+00  7.39650277E-02
  1.35000000E+00  1.79215113E-02
  1.35000000E+00 -2.98085572E-02
  1.35000000E+00 -8.58520736E-02
  1.35000000E+00 -1.33582142E-01
  1.35000000E+00 -1.89625659E-01
  1.35000000E+00 -2.37355727E-01
  1.35000000E+00 -2.93399243E-01
  1.35000000E+00 -3.41129312E-01
  1.35000000E+00 -3.97172828E-01
  1.35000000E+00 -4.44902897E-01
  1.35000000E+00 -5.00946413E-01
  1.35000000E+00 -5.48676482E-01
  1.35000000E+00 -6.04719998E-01
  1.35000000E+00 -6.52450067E-01
  1.35000000E+00 -7.08493583E-01
  1.35000000E+00 -7.56223652E-01
  1.35000000E+00 -8.12267168E-01
  1.35000000E+00 -8.59997236E-01
  1.35000000E+00 -9.16040753E-01
  1.35000000E+00 -9.63770821E-01
  1.35000000E+00 -1.01981434E+00
  1.35000000E+00 -1.06754441E+00
  1.35000000E+00 -1.12358792E+00
  1.35000000E+00 -1.17131799E+00
  1.35000000E+00 -1.22736151E+00
  1.35000000E+00 -1.27509158E+00

w:7034/ x(   0.0000000E+00) y(  -0.1185000E+00) ix(2) iy(2) s(   0.7000E+00)

hb:   line clip z   cb(pastelgreen)
clip:
 -1.35000000E+00 -4.92644526E-01
 -1.30207753E+00 -5.18500000E-01
 -1.22820165E+00 -5.18500000E-01
  1.30208914E+00 -5.18500000E-01
  1.35000000E+00 -4.92632965E-01
  1.35000000E+00 -4.44902897E-01
  1.35000000E+00 -3.97172828E-01
  1.35000000E+00 -3.41129312E-01
  1.35000000E+00 -2.93399243E-01
  1.35000000E+00 -2.37355727E-01
  1.35000000E+00 -1.89625659E-01
  1.35000000E+00 -1.33582142E-01
  1.35000000E+00 -8.58520736E-02
  1.35000000E+00 -2.98085572E-02
  1.35000000E+00  1.79215113E-02
  1.35000000E+00  7.39650277E-02
  1.35000000E+00  1.21695096E-01
  1.35000000E+00  1.77738613E-01
  1.35000000E+00  2.25468681E-01
  1.30208914E+00  2.81500000E-01
  1.19793471E+00  2.81500000E-01
  1.09376805E+00  2.81500000E-01
  9.89601380E-01  2.81500000E-01
  8.85434713E-01  2.81500000E-01
  7.81268046E-01  2.81500000E-01
  6.77101380E-01  2.81500000E-01
  5.72934713E-01  2.81500000E-01
  4.68768046E-01  2.81500000E-01
  3.64601380E-01  2.81500000E-01
  2.60434713E-01  2.81500000E-01
  1.56268046E-01  2.81500000E-01
  5.21013795E-02  2.81500000E-01
 -5.20652871E-02  2.81500000E-01
 -1.56231954E-01  2.81500000E-01
 -2.60398620E-01  2.81500000E-01
 -3.64565287E-01  2.81500000E-01
 -4.68731954E-01  2.81500000E-01
 -5.72898620E-01  2.81500000E-01
 -6.77065287E-01  2.81500000E-01
 -7.81231954E-01  2.81500000E-01
 -8.85398620E-01  2.81500000E-01
 -9.89565287E-01  2.81500000E-01
 -1.09373195E+00  2.81500000E-01
 -1.19789862E+00  2.81500000E-01
 -1.30206529E+00  2.81500000E-01
 -1.35000000E+00  2.25480242E-01
 -1.35000000E+00  1.77738613E-01
 -1.35000000E+00  1.29996983E-01
 -1.35000000E+00  7.39650277E-02
 -1.35000000E+00  2.62233981E-02
 -1.35000000E+00 -2.98085572E-02
 -1.35000000E+00 -7.75501868E-02
 -1.35000000E+00 -1.33582142E-01
 -1.35000000E+00 -1.81323772E-01
 -1.35000000E+00 -2.37355727E-01
 -1.35000000E+00 -2.85097357E-01
 -1.35000000E+00 -3.41129312E-01
 -1.35000000E+00 -3.88870942E-01
 -1.35000000E+00 -4.44902897E-01

w:7026/ x(   0.0000000E+00) y(   0.6815000E+00) ix(2) iy(2) s(   0.7000E+00)

hb:   line clip z   cb(pastelgreen)
clip:
 -1.30208977E+00  2.81500000E-01
  1.35000000E+00  2.81512198E-01
  1.35000000E+00  3.29242266E-01
  1.35000000E+00  3.85285782E-01
  1.35000000E+00  4.33015851E-01
  1.35000000E+00  4.89059367E-01
  1.35000000E+00  5.36789436E-01
  1.35000000E+00  5.92832952E-01
  1.35000000E+00  6.40563021E-01
  1.35000000E+00  6.96606537E-01
  1.35000000E+00  7.44336606E-01
  1.35000000E+00  8.00380122E-01
  1.35000000E+00  8.48110191E-01
  1.35000000E+00  9.04153707E-01
  1.35000000E+00  9.51883775E-01
  1.35000000E+00  1.00792729E+00
  1.35000000E+00  1.05565736E+00
  1.30208914E+00  1.08150000E+00
  1.22823774E+00  1.08150000E+00
  1.19792247E+00  1.08150000E+00
  1.12407108E+00  1.08150000E+00
  1.09375580E+00  1.08150000E+00
  1.01990441E+00  1.08150000E+00
  9.89589136E-01  1.08150000E+00
  9.15737743E-01  1.08150000E+00
  8.85422469E-01  1.08150000E+00
  8.11571077E-01  1.08150000E+00
  7.81255802E-01  1.08150000E+00
  7.07404410E-01  1.08150000E+00
  6.77089136E-01  1.08150000E+00
  6.03237743E-01  1.08150000E+00
  5.72922469E-01  1.08150000E+00
  4.99071077E-01  1.08150000E+00
  4.68755802E-01  1.08150000E+00
  3.94904410E-01  1.08150000E+00
  3.64589136E-01  1.08150000E+00
  2.90737743E-01  1.08150000E+00
  2.60422469E-01  1.08150000E+00
  1.86571077E-01  1.08150000E+00
  1.56255802E-01  1.08150000E+00
  8.24044098E-02  1.08150000E+00
  5.20891358E-02  1.08150000E+00
 -2.17622568E-02  1.08150000E+00
 -5.20775309E-02  1.08150000E+00
 -1.25928923E-01  1.08150000E+00
 -1.56244198E-01  1.08150000E+00
 -2.30095590E-01  1.08150000E+00
 -2.60410864E-01  1.08150000E+00
 -3.34262257E-01  1.08150000E+00
 -3.64577531E-01  1.08150000E+00
 -4.38428923E-01  1.08150000E+00
 -4.68744198E-01  1.08150000E+00
 -5.42595590E-01  1.08150000E+00
 -5.72910864E-01  1.08150000E+00
 -6.46762257E-01  1.08150000E+00
 -6.77077531E-01  1.08150000E+00
 -7.50928923E-01  1.08150000E+00
 -7.81244198E-01  1.08150000E+00
 -8.55095590E-01  1.08150000E+00
 -8.85410864E-01  1.08150000E+00
 -9.59262257E-01  1.08150000E+00
 -9.89577531E-01  1.08150000E+00
 -1.06342892E+00  1.08150000E+00
 -1.09374420E+00  1.08150000E+00
 -1.16759559E+00  1.08150000E+00
 -1.19791086E+00  1.08150000E+00
 -1.27176226E+00  1.08150000E+00
 -1.30207753E+00  1.08150000E+00
 -1.35000000E+00  1.05566892E+00
 -1.35000000E+00  1.00792729E+00
 -1.35000000E+00  9.60185662E-01
 -1.35000000E+00  9.04153707E-01
 -1.35000000E+00  8.56412077E-01
 -1.35000000E+00  8.00380122E-01
 -1.35000000E+00  7.52638492E-01
 -1.35000000E+00  6.96606537E-01
 -1.35000000E+00  6.48864908E-01
 -1.35000000E+00  5.92832952E-01
 -1.35000000E+00  5.45091323E-01
 -1.35000000E+00  4.89059367E-01
 -1.35000000E+00  4.41317738E-01
 -1.35000000E+00  3.85285782E-01
 -1.35000000E+00  3.37544153E-01
 -1.35000000E+00  2.81512198E-01

w:7018/ x(   0.0000000E+00) y(   0.1481500E+01) ix(2) iy(2) s(   0.7000E+00)

hb:   line clip z   cb(pastelgreen)
clip:
 -1.33239280E+00  1.08150000E+00
  1.33240441E+00  1.08150000E+00
  1.35000000E+00  1.11170088E+00
  1.35000000E+00  1.15943095E+00
  1.35000000E+00  1.21547446E+00
  1.35000000E+00  1.26320453E+00
  1.35000000E+00  1.31924805E+00
  1.35000000E+00  1.36697812E+00
  1.35000000E+00  1.42302163E+00
  1.35000000E+00  1.47075170E+00
  1.35000000E+00  1.52679522E+00
  1.35000000E+00  1.57452528E+00
  1.35000000E+00  1.63056880E+00
  1.35000000E+00  1.67829887E+00
  1.35000000E+00  1.73434239E+00
  1.35000000E+00  1.78207245E+00
  1.35000000E+00  1.83811597E+00
  1.34563750E+00  1.88150000E+00
  1.30208914E+00  1.88150000E+00
  1.25854077E+00  1.88150000E+00
  1.19792247E+00  1.88150000E+00
  1.15437411E+00  1.88150000E+00
  1.09375580E+00  1.88150000E+00
  1.05020744E+00  1.88150000E+00
  9.89589136E-01  1.88150000E+00
  9.46040773E-01  1.88150000E+00
  8.85422469E-01  1.88150000E+00
  8.41874107E-01  1.88150000E+00
  7.81255802E-01  1.88150000E+00
  7.37707440E-01  1.88150000E+00
  6.77089136E-01  1.88150000E+00
  6.33540773E-01  1.88150000E+00
  5.72922469E-01  1.88150000E+00
  5.29374107E-01  1.88150000E+00
  4.68755802E-01  1.88150000E+00
  4.25207440E-01  1.88150000E+00
  3.64589136E-01  1.88150000E+00
  3.21040773E-01  1.88150000E+00
  2.60422469E-01  1.88150000E+00
  2.16874107E-01  1.88150000E+00
  1.56255802E-01  1.88150000E+00
  1.12707440E-01  1.88150000E+00
  5.20891358E-02  1.88150000E+00
  8.54077347E-03  1.88150000E+00
 -5.20775309E-02  1.88150000E+00
 -9.56258932E-02  1.88150000E+00
 -1.56244198E-01  1.88150000E+00
 -1.99792560E-01  1.88150000E+00
 -2.60410864E-01  1.88150000E+00
 -3.03959227E-01  1.88150000E+00
 -3.64577531E-01  1.88150000E+00
 -4.08125893E-01  1.88150000E+00
 -4.68744198E-01  1.88150000E+00
 -5.12292560E-01  1.88150000E+00
 -5.72910864E-01  1.88150000E+00
 -6.16459227E-01  1.88150000E+00
 -6.77077531E-01  1.88150000E+00
 -7.20625893E-01  1.88150000E+00
 -7.81244198E-01  1.88150000E+00
 -8.24792560E-01  1.88150000E+00
 -8.85410864E-01  1.88150000E+00
 -9.28959227E-01  1.88150000E+00
 -9.89577531E-01  1.88150000E+00
 -1.03312589E+00  1.88150000E+00
 -1.09374420E+00  1.88150000E+00
 -1.13729256E+00  1.88150000E+00
 -1.19791086E+00  1.88150000E+00
 -1.24145923E+00  1.88150000E+00
 -1.30207753E+00  1.88150000E+00
 -1.34562589E+00  1.88150000E+00
 -1.35000000E+00  1.83811597E+00
 -1.35000000E+00  1.79037434E+00
 -1.35000000E+00  1.73434239E+00
 -1.35000000E+00  1.68660076E+00
 -1.35000000E+00  1.63056880E+00
 -1.35000000E+00  1.58282717E+00
 -1.35000000E+00  1.52679522E+00
 -1.35000000E+00  1.47905359E+00
 -1.35000000E+00  1.42302163E+00
 -1.35000000E+00  1.37528000E+00
 -1.35000000E+00  1.31924805E+00
 -1.35000000E+00  1.27150642E+00
 -1.35000000E+00  1.21547446E+00
 -1.35000000E+00  1.16773283E+00
 -1.35000000E+00  1.11170088E+00

w:6006/ x(   0.0000000E+00) y(   0.2031500E+01) ix(2) iy(2) s(   0.7000E+00)

hb:   line clip z   cb(orange)
clip:
 -2.05000000E+00  1.92320453E+00
 -2.03124420E+00  1.88150000E+00
 -1.97062589E+00  1.88150000E+00
 -1.92707753E+00  1.88150000E+00
 -1.86645923E+00  1.88150000E+00
 -1.82291086E+00  1.88150000E+00
 -1.76229256E+00  1.88150000E+00
 -1.71874420E+00  1.88150000E+00
 -1.65812589E+00  1.88150000E+00
 -1.61457753E+00  1.88150000E+00
 -1.55395923E+00  1.88150000E+00
 -1.51041086E+00  1.88150000E+00
 -1.44979256E+00  1.88150000E+00
 -1.40624420E+00  1.88150000E+00
 -1.34562589E+00  1.88150000E+00
 -1.30207753E+00  1.88150000E+00
 -1.24145923E+00  1.88150000E+00
 -1.19791086E+00  1.88150000E+00
 -1.13729256E+00  1.88150000E+00
 -1.09374420E+00  1.88150000E+00
 -1.03312589E+00  1.88150000E+00
 -9.89577531E-01  1.88150000E+00
 -9.28959227E-01  1.88150000E+00
 -8.85410864E-01  1.88150000E+00
 -8.24792560E-01  1.88150000E+00
 -7.81244198E-01  1.88150000E+00
 -7.20625893E-01  1.88150000E+00
 -6.77077531E-01  1.88150000E+00
 -6.16459227E-01  1.88150000E+00
 -5.72910864E-01  1.88150000E+00
 -5.12292560E-01  1.88150000E+00
 -4.68744198E-01  1.88150000E+00
 -4.08125893E-01  1.88150000E+00
 -3.64577531E-01  1.88150000E+00
 -3.03959227E-01  1.88150000E+00
 -2.60410864E-01  1.88150000E+00
 -1.99792560E-01  1.88150000E+00
 -1.56244198E-01  1.88150000E+00
 -9.56258932E-02  1.88150000E+00
 -5.20775309E-02  1.88150000E+00
  8.54077347E-03  1.88150000E+00
  5.20891358E-02  1.88150000E+00
  1.12707440E-01  1.88150000E+00
  1.56255802E-01  1.88150000E+00
  2.16874107E-01  1.88150000E+00
  2.60422469E-01  1.88150000E+00
  3.21040773E-01  1.88150000E+00
  3.64589136E-01  1.88150000E+00
  4.25207440E-01  1.88150000E+00
  4.68755802E-01  1.88150000E+00
  5.29374107E-01  1.88150000E+00
  5.72922469E-01  1.88150000E+00
  6.33540773E-01  1.88150000E+00
  6.77089136E-01  1.88150000E+00
  7.37707440E-01  1.88150000E+00
  7.81255802E-01  1.88150000E+00
  8.41874107E-01  1.88150000E+00
  8.85422469E-01  1.88150000E+00
  9.46040773E-01  1.88150000E+00
  9.89589136E-01  1.88150000E+00
  1.05020744E+00  1.88150000E+00
  1.09375580E+00  1.88150000E+00
  1.15437411E+00  1.88150000E+00
  1.19792247E+00  1.88150000E+00
  1.25854077E+00  1.88150000E+00
  1.30208914E+00  1.88150000E+00
  1.36270744E+00  1.88150000E+00
  1.40625580E+00  1.88150000E+00
  1.46687411E+00  1.88150000E+00
  1.51042247E+00  1.88150000E+00
  1.57104077E+00  1.88150000E+00
  1.61458914E+00  1.88150000E+00
  1.67520744E+00  1.88150000E+00
  1.71875580E+00  1.88150000E+00
  1.77937411E+00  1.88150000E+00
  1.82292247E+00  1.88150000E+00
  1.88354077E+00  1.88150000E+00
  1.92708914E+00  1.88150000E+00
  1.98770744E+00  1.88150000E+00
  2.03125580E+00  1.88150000E+00
  2.05000000E+00  1.92321609E+00
  2.05000000E+00  1.94188956E+00
  2.05000000E+00  1.96056302E+00
  2.05000000E+00  2.04566314E+00
  2.05000000E+00  2.06433661E+00
  2.05000000E+00  2.14943673E+00
  2.05000000E+00  2.16811019E+00
  2.03125580E+00  2.18150000E+00
  1.99907108E+00  2.18150000E+00
  1.92708914E+00  2.18150000E+00
  1.89490441E+00  2.18150000E+00
  1.82292247E+00  2.18150000E+00
  1.79073774E+00  2.18150000E+00
  1.71875580E+00  2.18150000E+00
  1.68657108E+00  2.18150000E+00
  1.61458914E+00  2.18150000E+00
  1.58240441E+00  2.18150000E+00
  1.51042247E+00  2.18150000E+00
  1.47823774E+00  2.18150000E+00
  1.40625580E+00  2.18150000E+00
  1.37407108E+00  2.18150000E+00
  1.30208914E+00  2.18150000E+00
  1.26990441E+00  2.18150000E+00
  1.19792247E+00  2.18150000E+00
  1.16573774E+00  2.18150000E+00
  1.09375580E+00  2.18150000E+00
  1.06157108E+00  2.18150000E+00
  9.89589136E-01  2.18150000E+00
  9.57404410E-01  2.18150000E+00
  8.85422469E-01  2.18150000E+00
  8.53237743E-01  2.18150000E+00
  7.81255802E-01  2.18150000E+00
  7.49071077E-01  2.18150000E+00
  6.77089136E-01  2.18150000E+00
  6.44904410E-01  2.18150000E+00
  5.72922469E-01  2.18150000E+00
  5.40737743E-01  2.18150000E+00
  4.68755802E-01  2.18150000E+00
  4.36571077E-01  2.18150000E+00
  3.64589136E-01  2.18150000E+00
  3.32404410E-01  2.18150000E+00
  2.60422469E-01  2.18150000E+00
  2.28237743E-01  2.18150000E+00
  1.56255802E-01  2.18150000E+00
  1.24071077E-01  2.18150000E+00
  5.20891358E-02  2.18150000E+00
  1.99044098E-02  2.18150000E+00
 -5.20775309E-02  2.18150000E+00
 -8.42622568E-02  2.18150000E+00
 -1.56244198E-01  2.18150000E+00
 -1.88428923E-01  2.18150000E+00
 -2.60410864E-01  2.18150000E+00
 -2.92595590E-01  2.18150000E+00
 -3.64577531E-01  2.18150000E+00
 -3.96762257E-01  2.18150000E+00
 -4.68744198E-01  2.18150000E+00
 -5.00928923E-01  2.18150000E+00
 -5.72910864E-01  2.18150000E+00
 -6.05095590E-01  2.18150000E+00
 -6.77077531E-01  2.18150000E+00
 -7.09262257E-01  2.18150000E+00
 -7.81244198E-01  2.18150000E+00
 -8.13428923E-01  2.18150000E+00
 -8.85410864E-01  2.18150000E+00
 -9.17595590E-01  2.18150000E+00
 -9.89577531E-01  2.18150000E+00
 -1.02176226E+00  2.18150000E+00
 -1.09374420E+00  2.18150000E+00
 -1.12592892E+00  2.18150000E+00
 -1.19791086E+00  2.18150000E+00
 -1.23009559E+00  2.18150000E+00
 -1.30207753E+00  2.18150000E+00
 -1.33426226E+00  2.18150000E+00
 -1.40624420E+00  2.18150000E+00
 -1.43842892E+00  2.18150000E+00
 -1.51041086E+00  2.18150000E+00
 -1.54259559E+00  2.18150000E+00
 -1.61457753E+00  2.18150000E+00
 -1.64676226E+00  2.18150000E+00
 -1.71874420E+00  2.18150000E+00
 -1.75092892E+00  2.18150000E+00
 -1.82291086E+00  2.18150000E+00
 -1.85509559E+00  2.18150000E+00
 -1.92707753E+00  2.18150000E+00
 -1.95926226E+00  2.18150000E+00
 -2.03124420E+00  2.18150000E+00
 -2.05000000E+00  2.14943673E+00
 -2.05000000E+00  1.94188956E+00

wt: s[c5]
\vspace{-3}
  emin  &=&   1.0000E-03 [MeV]
  emax  &=&   2.5000E+01 [MeV]
  zmin  &=&   9.8565E+01 [cm]
  zmax  &=&   9.8570E+01 [cm]
  part. &=& proton  
e:
 
# Information for Restart Calculation
# This calculation was newly started
# istdev =  2 # 1:Batch variance, 2:History variance
# resc2  = 0.00000000000000000E+00 # Total source weight or Total source weight / maxcas
# resc3  = 0.00000000000000000E+00 # Total history number or Total batch number
# maxcas =       10000 # History / Batch, only used for istdev=1
# bitrseed = 0000000000000000000000000000000000000000000000000000000000000000 # bit data of rseed
