           _________________________________________________________
          |                                                         |
          |       _/_/_/_/                                          |
          |      _/      _/                  _/_/_/_/_/_/           |
          |     _/      _/  _/      _/   _/      _/      _/_/_/_/_/ |
          |    _/_/_/_/    _/      _/   _/      _/      _/          |
          |   _/          _/_/_/_/_/   _/      _/       _/_/_/_/    |
          |  _/          _/      _/   _/      _/              _/    |
          | _/          _/      _/   _/      _/      _/_/_/_/_/     |
          |                                                         |
          |                                                         |
          |       Particle and Heavy Ion Transport code System      |
          |                      Version =  3.350                   |
          |                       developed by                      |
          |                                                         |
          |  Tatsuhiko SATO, Yosuke IWAMOTO, Shintaro HASHIMOTO,    |
          |    Tatsuhiko OGAWA, Takuya FURUTA, Shinichiro ABE,      |
          |    Takeshi KAI, Norihiro MATSUDA, Yusuke MATSUYA,       |
          |      Yuho HIRATA, Takuya SEKIKAWA, Pi-En TSAI,          |
          |                Hunter RATLIFF (JAEA),                   |
          |                                                         |
          |  Hiroshi IWASE, Yasuhito SAKAKI, Kenta SUGIHARA (KEK),  |
          |                                                         |
          |           Nobuhiro SHIGYO (Kyushu University),          |
          |                                                         |
          |      Lembit SIHVER (Technische Universitat Wien), and   |
          |                                                         |
          |                     Koji NIITA (RIST)                   |
          |                                                         |
          |                 Last Revised  2025-03-28                |
          |_________________________________________________________|

             __________________ [ Job Title ] ________________ 
            |                                                 |
            |  Vertical external proton beam - modular input  |
            |_________________________________________________|

                        Starting Date = 2026-08-31
                        Starting Time = 16h 23m 04

>>> Input Echo >>>=============================================================

[ Title ]
Vertical external proton beam - modular input

[ Parameters ]
 icntl    =           8     # (D=0) 3:ECH 5:NOR 6:SRC 7,8:GSH 11:DSH 12:DUMP
 maxcas   =       10000     # (D=10) number of particles per one batch
 maxbch   =      200000     # (D=10) number of batches
 istdev   =           2     # (D=0) 0:Auto, 1,2:Batch or History variance, <0:Restart mode
 nspred   =           2     # (D=0) 0:no, 1:original, 2:Lynch(Moliere), 10:ATIMA
 nedisp   =           1     # (D=0) 0: no, 1: with e straggling, 10: ATIMA
 istdcut  =           1     # (D=0) stdcut for each tally  0: off, 1: on
 delt0    = 4.000000000E-05 # (D=0.1) flight mesh for spread and magfield (cm)
 ireschk  =           1     # (D=1) Restart, 0:Check consistency, 1:No check
 nlost    =       10000     # (D=10) Lost part: allowance of CG and GG errors
 e-mode   =           0     # (D=0) 0: Normal, 1: Event generator mode Ver.1, 2: Ver.2
 itall    =           0     # (D=0) 0:no tally at batch, 1:same, 2:different
 file(1)  = C:/phits        # (D=PhitsPath) PHITS install folder name
 file(6)  = ./out/phits.out # (D=phits.out) general output file name
 file(22) = ./out/batch.out # (D=phits.out) general output file name

[ Source ]
  totfact =  6.24151E+09    # (D=1.0) global factor
   s-type =   1             # cylindrical source
     proj =  proton         # kind of incident particle         
       e0 =   19.500        # energy of beam [MeV/n]
       r0 =  0.50000        # radius [cm]
       r1 =   0.0000        # minimum radius [cm]
       x0 =   0.0000        # (D=0.0) center position of x-axis [cm]
       y0 =   0.0000        # (D=0.0) center position of y-axis [cm]
       z0 =  -3.0000        # minimum position of z-axis [cm]
       z1 =  -3.0000        # maximum position of z-axis [cm]
      dir =   1.0000        # z-direction of beam [cosine]

[ Material ]
MAT[ 1 ] 
            C        -1.2400000E-04
            N        -7.5526700E-01
            O        -2.3178100E-01
           Ar        -1.2827000E-02
MAT[ 2 ] 
           Al         1.0000000E+00
MAT[ 3 ] 
           Fe        -9.8500000E+01
            C        -2.5000000E-01
           Mn        -9.5000000E-01
           Si        -3.0000000E-01
MAT[ 4 ] 
           Fe        -6.9255000E+01
            C        -7.0000000E-02
           Mn        -2.0000000E+00
           Si        -7.5000000E-01
            P        -4.5000000E-02
            S        -3.0000000E-02
           Cr        -1.8500000E+01
           Ni        -9.2500000E+00
            N        -1.0000000E-01
MAT[ 5 ] 
           Cr        -2.2200000E-01
           Mg        -1.6000000E-02
           Fe        -1.8100000E-01
           Co        -4.1700000E-01
           Ni        -1.2800000E-01
           Mo        -1.4000000E-02
            W        -8.0000000E-03
MAT[ 6 ] 
           Pb         1.0000000E+00
MAT[ 7 ] 
            C         8.0000000E+00
            H         8.0000000E+00
MAT[ 8 ] 
            H         2.0000000E+00
            O         1.0000000E+00
MAT[ 9 ] 
            C         6.0000000E+00
            H         1.1000000E+01
            N         1.0000000E+00
            O         1.0000000E+00
MAT[ 10 ] 
            C         3.0000000E+00
            H         4.0000000E+00
            O         2.0000000E+00
MAT[ 11 ] 
            C        -3.6000000E+00
            H        -4.8000000E+00
            N        -4.0000000E-01
MAT[ 12 ] 
            O        -7.6200000E+01
            C        -1.1100000E+01
            H        -1.0100000E+01
            N        -2.6000000E+00
MAT[ 13 ] 
           Si         1.0000000E+00
MAT[ 14 ] 
            C         1.0000000E+01
            H         8.0000000E+00
            O         4.0000000E+00
MAT[ 15 ] 
            H        -1.0200000E-01
            C        -1.1000000E-01
            N        -3.3000000E-02
            O        -7.4500000E-01
           Na        -1.0000000E-03
            P        -1.0000000E-03
            S        -2.0000000E-03
           Cl        -3.0000000E-03
            K        -2.0000000E-03
           Fe        -1.0000000E-03
MAT[ 16 ] 
            H        -1.0058800E-01
            C        -2.2825000E-01
            N        -4.6420000E-02
            O        -6.1900200E-01
           Na        -7.0000000E-05
           Mg        -6.0000000E-05
            P        -3.3000000E-04
            S        -1.5900000E-03
           Cl        -2.6700000E-03
            K        -8.5000000E-04
           Ca        -1.5000000E-04
           Fe        -1.0000000E-05
           Zn        -1.0000000E-05
MAT[ 17 ] 
            C         5.0000000E+00
            H         8.0000000E+00
            O         2.0000000E+00
MAT[ 18 ] 
            H        -1.0447200E-01
            C        -2.3219000E-01
            N        -2.4880000E-02
            O        -6.3023800E-01
           Na        -1.1300000E-03
           Mg        -1.3000000E-04
            P        -1.3300000E-03
            S        -1.9900000E-03
           Cl        -1.3400000E-03
            K        -1.9900000E-03
           Ca        -2.3000000E-04
           Fe        -5.0000000E-05
           Zn        -3.0000000E-05
MAT[ 19 ] 
            C        -8.5630000E-01
            H        -1.4370000E-01
MAT[ 20 ] 
            C        -6.1700000E-01
            H        -8.5000000E-02
            O        -2.9800000E-01
MAT[ 21 ] 
            C         1.2000000E+01
            H         1.8000000E+01
            O         7.0000000E+00

[ Cell ]
 101         0                 -10 11 
 102         4 -8.0300000E+00  ( -12 : -13 )
                              10 11 
 103         3 -5.2000000E+00  ( ( 24 -25 ) ( ( 6 -7 ( 3 : 29 : 30 ) )
                              : ( 7 -23 22 ) ) : ( ( ( 26 -24 )
                              : ( 25 -27 ) ) 6 -23 ) )
                              28 31 -8 19 20 21
                              #( 14 -15 16 -17 18 -9 ) 
 104         5 -8.3000000E+00  -11 
 2001        2 -2.6989000E+00  -1006
                              : -1007
                              : -1008
                              : -1009
                              : -1010 : -1011 : -1012 : -1013 #700 
 2100        1 -1.2050000E-03  4 -5 6 -7 1104 -1105 #2101 #2102 #2106
                              #2107 #2108 #700 #600 #700 #103 #6000
                              #6001 #6002 #6003 #2001 #6006 #6005 #6004
                              #6007 #6008 
 2101        1 -1.2050000E-03  1106 -1107 1108 -1109 1110 -1111 1112 
 2102        0                 1110 -1111 -1112 #2106  fill=1
 2103        0                 1113 -1114 1115 -1116  lat=1  u=1  fill=2
 2104        1 -1.2050000E-03  1117  u=2 
 2105        1 -1.2050000E-03  -1117  u=2 
 2106        1 -1.2050000E-03  ( -1118 : -1119 )
                              -1112 1110 -1111 
 2107        1 -1.2050000E-03  -1126
                              : ( 1121 -1122 1123 -1124 1110 -1125 )
                              1120 #2101 #2102 #2106 
 2108        1 -1.2050000E-03  1127 -1128 1129 -1130 1131 -1132 1120
                              #2107 
 2200        1 -1.2050000E-03  4 -5 6 -7 1204 -1205 #2201 #2202 #2203
                              #2204 #600 #700 #103 #6000 #6001 #6002
                              #6003 #2001 #6006 #6005 #6004 #6007 #6008 
 2201        6 -1.1350000E+01  1206 -1207 1208 -1209 1210 -1211  trcl=21 
 2202       11 -1.0000000E+00  -1212  trcl=21 
 2203        2 -2.6989000E+00  1213 -1214 1215 -1216 1217 -1219
                              #( 1218 -1211 )
                              1220  trcl=21 
 2204        2 -2.6989000E+00  1221 -1222 1223 -1224 1218 -1211
                              #( 1225 -1226 -1227 ) 
 2300        1 -1.2050000E-03  4 -5 6 -7 1304 -1305 #2301 #2302 #2303
                              #600 #700 #103 #6000 #6001 #6002 #6003
                              #2001 #6006 #6005 #6004 #6007 #6008 
 2301        6 -1.1350000E+01  1306 -1307 1308 -1309 1310 -1311  trcl=31 
 2302       11 -1.0000000E+00  -1312 
 2303        2 -2.6989000E+00  1313 -1314 1315 -1316 1317 -1319
                              #( 1318 -1311 )
                              1320  trcl=31 
 2400        1 -1.2050000E-03  4 -5 6 -7 1404 -1405 #2401 #2402 #2403
                              #600 #700 #103 #6000 #6001 #6002 #6003
                              #2001 #6006 #6005 #6004 #6007 #6008 
 2401        2 -2.6989000E+00  1407 ( ( -1406 -1408 ) : ( -1409 -1410 )
                              ) 
 2402        9 -1.1400000E+00  -1411 : -1412 : -1413 : -1414 
 2403        2 -2.6989000E+00  1415 -1416 1417 -1418 1419 -1420 1421 
 2600        1 -1.2050000E-03  4 -5 6 -7 1621 -1623 #2601 #2602 #2603
                              #2604 #600 #700 #103 #6000 #6001 #6002
                              #6003 #2001 #6006 #6005 #6004 #6007 #6008 
 2601       13 -2.3290000E+00  1604 -1605 ( -1607
                              : -1608 : -1609 : -1610 ) 
 2602        2 -2.6989000E+00  1611 -1612 1613 -1614 1604 -1605
                              #( 1615 -1616 1617 -1618 )
                              #2601 
 2603       10 -1.2400000E+00  1617 1624 ( ( 1615 -1616 -1618 1604 -1623
                              ) : ( ( ( 1619 -1622 ) : ( 1625 -1626 ) )
                              -1620 1621 -1604 )
                              ) 
 2604        0                 1627 -1629 -1624  fill=3
 2605        0                 1630 -1631  lat=1  u=3  fill=4
 2606       10 -1.2400000E+00  ( 1632 -1633 ) : ( 1634 1635 -1636 )
                              : ( 1637 1638 -1639 )
                              : ( 1640 1641 -1642 )
                              : ( 1643 1644 -1645 )
                              : ( 1646 1647 -1648 )
                              : ( 1649 1650 -1651 )
                              : ( 1652 1653 -1654 )  u=4 
 2607        1 -1.2050000E-03  #( ( 1632 -1633 ) : ( 1634 1635 -1636 )
                              : ( 1637 1638 -1639 )
                              : ( 1640 1641 -1642 )
                              : ( 1643 1644 -1645 )
                              : ( 1646 1647 -1648 )
                              : ( 1649 1650 -1651 )
                              : ( 1652 1653 -1654 )
                              )  u=4 
 600         8 -1.0000000E+00  -4000 #700 #6006 #6005 #6004 #9000 #9001
                              #9002 #9003 
 6000       17 -1.1800000E+00  -3000 3100 3200 #6001 #6002 #6003 #600
                              #700 #6008 #9000 #9001 #9002 #9003 #9004 
 6001        1 -1.2050000E-03  -3100 #600 #700 #6008 
 6002        1 -1.2050000E-03  -3200 #600 #700 #6008 #9000 #9001 #9002
                              #9003 
 6003       17 -1.1800000E+00  -3300 #600 #700 #6006 #6005 #6004 
 6004       10 -1.2400000E+00  -3400 
 6005       10 -1.2400000E+00  -3500 
 6006       10 -1.2400000E+00  -3600 
 9000       10 -1.2400000E+00  -9000 
 9001       10 -1.2400000E+00  -9001 
 9002       10 -1.2400000E+00  -9002 
 9003       10 -1.2400000E+00  -9003 
 9004       10 -1.2400000E+00  -9004 
 6007       19 -9.3000000E-01  -3700 #6008 
 6008       10 -1.2400000E+00  -3800 #9000 #9001 #9002 #9003 
 700        18 -1.1000000E+00  -5000 
 7001       21 -1.3200000E+00  -7001 #6006 #6005 #6004 
 7002       21 -1.3200000E+00  -7002 #6006 #6005 #6004 
 7003       21 -1.3200000E+00  -7003 #6006 #6005 #6004 
 7004       21 -1.3200000E+00  -7004 #6006 #6005 #6004 
 7005       21 -1.3200000E+00  -7005 #6006 #6005 #6004 
 7006       21 -1.3200000E+00  -7006 #6006 #6005 #6004 
 7007       21 -1.3200000E+00  -7007 #6006 #6005 #6004 
 7008       21 -1.3200000E+00  -7008 #6006 #6005 #6004 
 1          -1                 1 
 2           1 -1.2050000E-03  -1
                              #( 4 -5 6 -7 ( ( 1104 -1105 )
                              : ( 1204 -1205 ) : ( 1304 -1305 )
                              : ( 1404 -1405 ) : ( 1621 -1623 ) ) )
                              #600 #700 #103 #6000 #6001 #6002 #6003
                              #2001 #6006 #6005 #6004 #6007 #6008 #9000
                              #9001 #9002 #9003 #9004 #101 #102 #103
                              #104 

[ Surface ]
 1             rcc   0.0000000E+00  0.0000000E+00 -5.0000000E+01
                     0.0000000E+00  0.0000000E+00  2.0000000E+02
                     2.0000000E+02
 2             pz    0.0000000E+00
 3             pz    6.3000000E+01
 4             px   -3.0000000E+01
 5             px    3.0000000E+01
 6             py   -1.9000000E+01
 7             py    1.9000000E+01
 8             pz    1.0250000E+02
 9             pz    1.0100000E+02
 10            rcc   0.0000000E+00  0.0000000E+00  0.0000000E+00
                     0.0000000E+00  0.0000000E+00 -2.5000000E+01
                     1.0000000E+00
 11            rcc   0.0000000E+00  0.0000000E+00  0.0000000E+00
                     0.0000000E+00  0.0000000E+00 -4.0000000E-04
                     1.5000000E+00
 12            rcc   0.0000000E+00  0.0000000E+00  0.0000000E+00
                     0.0000000E+00  0.0000000E+00 -2.5000000E+00
                     3.5000000E+00
 13            rcc   0.0000000E+00  0.0000000E+00  0.0000000E+00
                     0.0000000E+00  0.0000000E+00 -2.5000000E+01
                     1.6000000E+00
 14            px   -9.5000000E+00
 15            px    9.5000000E+00
 16            py   -1.7500000E+01
 17            py    1.7500000E+01
 18            pz    6.4500000E+01
 19            cz    5.0200000E+00
 20            rpp  -8.0000000E+00  8.0000000E+00 -2.2000000E+01
                    -1.6000000E+01  8.1000000E+01  9.7000000E+01
 21            cz    5.9280000E+00
 22            pz    2.7000000E+01
 23            py    3.4000000E+01
 24            px   -5.3500000E+01
 25            px    5.3500000E+01
 26            px   -7.4000000E+01
 27            px    7.4000000E+01
 28            pz   -1.7000000E+01
 29            p    -3.0000000E+01 -1.9000000E+01  6.3000000E+01
                    -3.0000000E+01  1.9000000E+01  6.3000000E+01
                    -5.3500000E+01  1.9000000E+01  3.9832000E+01
 30            p     3.0000000E+01 -1.9000000E+01  6.3000000E+01
                     3.0000000E+01  1.9000000E+01  6.3000000E+01
                     5.3500000E+01  1.9000000E+01  3.9832000E+01
 31            p    -7.4000000E+01 -1.9000000E+01  2.8332000E+01
                    -5.3500000E+01 -1.9000000E+01  2.8332000E+01
                    -5.3500000E+01  1.9000000E+01 -1.7000000E+01
 1000          px   -3.0000000E+01
 1001          px    3.0000000E+01
 1002          py   -1.9000000E+01
 1003          py    1.9000000E+01
 1004          pz   -2.4000000E+01
 1005          pz    6.3000000E+01
 1006          rpp  -1.4750000E+01 -1.0250000E+01 -1.4750000E+01
                    -1.0250000E+01 -2.3000000E+01  6.2000000E+01
 1007          rpp   1.0250000E+01  1.4750000E+01 -1.4750000E+01
                    -1.0250000E+01 -2.3000000E+01  6.2000000E+01
 1008          rpp  -1.4750000E+01 -1.0250000E+01  1.0250000E+01
                     1.4750000E+01  0.0000000E+00  6.2000000E+01
 1009          rpp   1.0250000E+01  1.4750000E+01  1.0250000E+01
                     1.4750000E+01  0.0000000E+00  6.2000000E+01
 1010          rpp  -1.0250000E+01  1.0250000E+01 -1.4750000E+01
                    -1.0250000E+01  4.7200000E+01  5.1700000E+01
 1011          rpp  -1.0250000E+01  1.0250000E+01 -1.4750000E+01
                    -1.0250000E+01 -1.7200000E+01 -1.2700000E+01
 1012          rpp  -1.0250000E+01  1.0250000E+01  1.0250000E+01
                     1.4750000E+01  4.8500000E+01  5.3000000E+01
 1013          rpp  -1.0250000E+01  1.0250000E+01  1.0250000E+01
                     1.4750000E+01  9.9000000E+00  1.4400000E+01
 1100          px   -3.0000000E+01
 1101          px    3.0000000E+01
 1102          py   -1.9000000E+01
 1103          py    1.9000000E+01
 1104       10 pz   -1.8700000E+00
 1105       10 pz    1.0300000E+00
 1106          px   -2.5000000E+00
 1107          px    2.5000000E+00
 1108          py   -2.5000000E+00
 1109          py    2.5000000E+00
 1110       10 pz    0.0000000E+00
 1111       10 pz    2.5000000E-01
 1112          cz    1.0000000E+00
 1113          px   -8.0000000E-02
 1114          px    8.0000000E-02
 1115          py   -8.0000000E-02
 1116          py    8.0000000E-02
 1117          cz    1.3750000E-02
 1118          c/z   1.6000000E-01  9.6000000E-01  1.5000000E-02
 1119          c/z   3.2000000E-01 -3.2000000E-01  1.5000000E-02
 1120          cz    1.5000000E+00
 1121          px   -3.4500000E+00
 1122          px    3.4500000E+00
 1123          py   -3.4500000E+00
 1124          py    3.4500000E+00
 1125       10 pz    8.0000000E-01
 1126       10 rpp  -1.0000000E+00  1.0000000E+00 -8.4500000E+00
                    -3.4400000E+00  0.0000000E+00  8.0000000E-01
 1127          px   -1.4750000E+01
 1128          px    1.4750000E+01
 1129          py   -4.5000000E+00
 1130          py    4.5000000E+00
 1131       10 pz    6.3000000E-01
 1132       10 pz    9.3000000E-01
 1200          px   -3.0000000E+01
 1201          px    3.0000000E+01
 1202          py   -1.9000000E+01
 1203          py    1.9000000E+01
 1204       20 pz   -1.6000000E+00
 1205       20 pz    1.3043300E+00
 1206          px   -2.0000000E+00
 1207          px    2.0000000E+00
 1208          py   -2.0000000E+00
 1209          py    2.0000000E+00
 1210       20 pz    0.0000000E+00
 1211       20 pz    4.3300000E-03
 1212       20 tz    0.0000000E+00  0.0000000E+00 -1.5000000E-01
                     1.8000000E+00  1.5000000E-01  1.5000000E-01
 1213          px   -3.2500000E+00
 1214          px    3.2500000E+00
 1215          py   -3.2500000E+00
 1216          py    3.2500000E+00
 1217       20 pz   -6.0000000E-01
 1218       20 pz   -3.0000000E-01
 1219       20 pz    3.0433000E-01
 1220          cz    1.5000000E+00
 1221          px   -1.4750000E+01
 1222          px    1.4750000E+01
 1223          py   -4.5000000E+00
 1224          py    4.5000000E+00
 1225          px   -2.5350000E+00
 1226          px    2.5350000E+00
 1227          py    2.2700000E+00
 1300          px   -3.0000000E+01
 1301          px    3.0000000E+01
 1302          py   -1.9000000E+01
 1303          py    1.9000000E+01
 1304       30 pz   -1.4900000E+00
 1305       30 pz    2.1000000E-01
 1306          px   -3.7000000E+00
 1307          px    3.7000000E+00
 1308          py   -3.7000000E+00
 1309          py    3.7000000E+00
 1310       30 pz    0.0000000E+00
 1311       30 pz    3.5000000E-03
 1312       30 tz    0.0000000E+00  0.0000000E+00 -1.7500000E-01
                     3.8500000E+00  1.7500000E-01  1.7500000E-01
 1313          px   -4.7500000E+00
 1314          px    4.7500000E+00
 1315          py   -6.0000000E+00
 1316          py    6.0000000E+00
 1317       30 pz   -4.9000000E-01
 1318       30 pz   -3.5000000E-01
 1319       30 pz    1.4350000E-01
 1320          cz    3.5000000E+00
 1400          px   -3.0000000E+01
 1401          px    3.0000000E+01
 1402          py   -1.9000000E+01
 1403          py    1.9000000E+01
 1404       40 pz   -5.6500000E-02
 1405       40 pz    1.4000000E+00
 1406          cz    6.2000000E-01
 1407       40 pz    0.0000000E+00
 1408       40 pz    2.0000000E-01
 1409          cz    3.3500000E-01
 1410       40 pz    4.0000000E-01
 1411       40 rcc  -4.9900000E+00  3.4675000E-01  2.1175000E-01
                     9.9800000E+00  0.0000000E+00  0.0000000E+00
                     1.1750000E-02
 1412       40 rcc  -4.9900000E+00 -3.4675000E-01  2.1175000E-01
                     9.9800000E+00  0.0000000E+00  0.0000000E+00
                     1.1750000E-02
 1413       40 rcc  -3.4675000E-01 -4.9900000E+00  2.1175000E-01
                     0.0000000E+00  9.9800000E+00  0.0000000E+00
                     1.1750000E-02
 1414       40 rcc   3.4675000E-01 -4.9900000E+00  2.1175000E-01
                     0.0000000E+00  9.9800000E+00  0.0000000E+00
                     1.1750000E-02
 1415          px   -1.4750000E+01
 1416          px    1.4750000E+01
 1417          py   -7.0000000E+00
 1418          py    7.0000000E+00
 1419       40 pz    2.2350000E-01
 1420       40 pz    4.2350000E-01
 1421          cz    4.0000000E+00
 1600          px   -3.0000000E+01
 1601          px    3.0000000E+01
 1602          py   -1.9000000E+01
 1603          py    1.9000000E+01
 1604       60 pz    0.0000000E+00
 1605       60 pz    4.3000000E-01
 1621       60 pz   -5.0000000E-01
 1623       60 pz    5.0000000E-01
 1607          c/z   4.5000000E+00  4.5000000E+00  1.4625500E-01
 1608          c/z   4.5000000E+00 -4.5000000E+00  1.4625500E-01
 1609          c/z  -4.5000000E+00  4.5000000E+00  1.4625500E-01
 1610          c/z  -4.5000000E+00 -4.5000000E+00  1.4625500E-01
 1611          px   -1.4750000E+01
 1612          px    1.4750000E+01
 1613          py   -9.5000000E+00
 1614          py    9.5000000E+00
 1615          px   -2.5000000E+00
 1616          px    2.5000000E+00
 1617          py   -2.5000000E+00
 1618          py    2.5000000E+00
 1619          px   -3.7500000E+00
 1620          px    3.7500000E+00
 1622          py    3.1000000E+00
 1624          cz    2.2500000E+00
 1625          px   -8.5000000E+00
 1626          py   -5.0000000E-01
 1627       60 pz   -8.0000000E-02
 1629       60 pz    8.0000000E-02
 1630          px   -3.1500000E-01
 1631          px    3.1500000E-01
 1632          px   -2.0000000E-02
 1633          px    2.0000000E-02
 1634       60 pz   -6.0000000E-02
 1635          px   -4.0000000E-02
 1636          px    4.0000000E-02
 1637       60 pz   -4.0000000E-02
 1638          px   -6.5000000E-02
 1639          px    6.5000000E-02
 1640       60 pz   -2.0000000E-02
 1641          px   -9.0000000E-02
 1642          px    9.0000000E-02
 1643       60 pz   -1.3877788E-17
 1644          px   -1.1500000E-01
 1645          px    1.1500000E-01
 1646       60 pz    2.0000000E-02
 1647          px   -1.4500000E-01
 1648          px    1.4500000E-01
 1649       60 pz    4.0000000E-02
 1650          px   -1.8000000E-01
 1651          px    1.8000000E-01
 1652       60 pz    6.0000000E-02
 1653          px   -2.2500000E-01
 1654          px    2.2500000E-01
 4000       90 rpp  -1.4685000E+00  1.7315000E+00 -1.7500000E+00
                     1.7500000E+00  6.0330000E+01  6.0580000E+01
 3000       90 rpp  -1.4938500E+01 -1.4685000E+00 -2.6090000E+00
                     2.6210000E+00  5.8080000E+01  6.3000000E+01
 3100       90 rpp  -1.4688500E+01 -1.7185000E+00 -2.3590000E+00
                     2.3710000E+00  5.8080000E+01  6.2750000E+01
 3200       90 rpp  -1.7185000E+00 -1.4685000E+00 -1.7500000E+00
                     1.7500000E+00  6.0180000E+01  6.1010000E+01
 3300       90 rpp  -1.4685000E+00  1.7315000E+00 -1.7500000E+00
                     1.7500000E+00  6.0580000E+01  6.1010000E+01
 3400       90 rpp  -1.4685000E+00  1.7315000E+00  1.7500000E+00
                     2.0500000E+00  6.0580000E+01  6.1010000E+01
 3500       90 rpp  -1.4685000E+00  1.7315000E+00 -2.0500000E+00
                    -1.7500000E+00  6.0580000E+01  6.1010000E+01
 3600       90 rpp   1.7315000E+00  2.0315000E+00 -2.0500000E+00
                     2.0500000E+00  6.0330000E+01  6.1010000E+01
 9000       90 rpp  -1.4685000E+00  1.7315000E+00  1.7500000E+00
                     2.0500000E+00  6.0330000E+01  6.0380000E+01
 9001       90 rpp  -1.4685000E+00  1.7315000E+00 -2.0500000E+00
                    -1.7500000E+00  6.0330000E+01  6.0380000E+01
 9002       90 rpp  -1.4685000E+00  1.7315000E+00  1.3500000E+00
                     2.0500000E+00  6.0380000E+01  6.0580000E+01
 9003       90 rpp  -1.4685000E+00  1.7315000E+00 -2.0500000E+00
                    -1.3500000E+00  6.0380000E+01  6.0580000E+01
 9004       90 rpp  -1.4685000E+00  2.0500000E+00 -2.0500000E+00
                     2.0500000E+00  6.1010000E+01  6.1210000E+01
 3700       90 rpp  -1.4938500E+01 -1.4685000E+00 -2.6090000E+00
                     2.6210000E+00  5.7580000E+01  5.8080000E+01
 3800       90 rpp  -1.7185000E+00 -1.4685000E+00 -1.7500000E+00
                     1.7500000E+00  5.8080000E+01  6.0380000E+01
 5000       90 ell  -7.5000000E+00  6.0000000E-03  6.0750000E+01
                     6.0000000E+00  0.0000000E+00  0.0000000E+00
                    -2.0000000E+00
 7001       90 rpp   9.3150000E-01  1.7315000E+00 -1.3500000E+00
                     1.3500000E+00  6.0380000E+01  6.0405000E+01
 7002       90 rpp   9.3150000E-01  1.7315000E+00 -1.3500000E+00
                     1.3500000E+00  6.0405000E+01  6.0430000E+01
 7003       90 rpp   1.3150000E-01  1.7315000E+00 -1.3500000E+00
                     1.3500000E+00  6.0430000E+01  6.0455000E+01
 7004       90 rpp   1.3150000E-01  1.7315000E+00 -1.3500000E+00
                     1.3500000E+00  6.0455000E+01  6.0480000E+01
 7005       90 rpp  -6.6850000E-01  1.7315000E+00 -1.3500000E+00
                     1.3500000E+00  6.0480000E+01  6.0505000E+01
 7006       90 rpp  -6.6850000E-01  1.7315000E+00 -1.3500000E+00
                     1.3500000E+00  6.0505000E+01  6.0530000E+01
 7007       90 rpp  -1.4685000E+00  1.7315000E+00 -1.3500000E+00
                     1.3500000E+00  6.0530000E+01  6.0555000E+01
 7008       90 rpp  -1.4685000E+00  1.7315000E+00 -1.3500000E+00
                     1.3500000E+00  6.0555000E+01  6.0580000E+01

[ Transform ]
tr10           0.0000000E+00  0.0000000E+00  1.8700000E+00
               0.0000000E+00  0.0000000E+00  0.0000000E+00
               0.0000000E+00  0.0000000E+00  0.0000000E+00
               0.0000000E+00  0.0000000E+00  0.0000000E+00    3
tr20           0.0000000E+00  0.0000000E+00  7.6000000E+00
               0.0000000E+00  0.0000000E+00  0.0000000E+00
               0.0000000E+00  0.0000000E+00  0.0000000E+00
               0.0000000E+00  0.0000000E+00  0.0000000E+00    3
tr21           0.0000000E+00 -2.2510000E-01  0.0000000E+00
               0.0000000E+00  0.0000000E+00  0.0000000E+00
               0.0000000E+00  0.0000000E+00  0.0000000E+00
               0.0000000E+00  0.0000000E+00  0.0000000E+00    2
tr30           0.0000000E+00  0.0000000E+00  3.4580000E+01
               0.0000000E+00  0.0000000E+00  0.0000000E+00
               0.0000000E+00  0.0000000E+00  0.0000000E+00
               0.0000000E+00  0.0000000E+00  0.0000000E+00    3
*tr31          0.0000000E+00  0.0000000E+00  0.0000000E+00
               0.0000000E+00  0.0000000E+00  0.0000000E+00
               3.0000000E+00  2.1841000E+01  0.0000000E+00
               0.0000000E+00  0.0000000E+00  0.0000000E+00    3
tr40           0.0000000E+00  0.0000000E+00  3.4846500E+01
               0.0000000E+00  0.0000000E+00  0.0000000E+00
               0.0000000E+00  0.0000000E+00  0.0000000E+00
               0.0000000E+00  0.0000000E+00  0.0000000E+00    3
tr50           0.0000000E+00  0.0000000E+00  1.0100000E+02
               0.0000000E+00  0.0000000E+00  0.0000000E+00
               0.0000000E+00  0.0000000E+00  0.0000000E+00
               0.0000000E+00  0.0000000E+00  0.0000000E+00    3
tr60           0.0000000E+00  0.0000000E+00  1.9400000E+01
               0.0000000E+00  0.0000000E+00  0.0000000E+00
               0.0000000E+00  0.0000000E+00  0.0000000E+00
               0.0000000E+00  0.0000000E+00  0.0000000E+00    3
*tr90          0.0000000E+00  1.5000000E-01  3.8000000E+01
               0.0000000E+00  0.0000000E+00  0.0000000E+00
               3.0000000E+00  9.0000000E+01  0.0000000E+00
               0.0000000E+00  0.0000000E+00  0.0000000E+00    3
tr100         -4.0000000E+00 -7.8000000E+00  0.0000000E+00
               1.0000000E+00  0.0000000E+00  0.0000000E+00
               0.0000000E+00  1.0000000E+00  0.0000000E+00
               0.0000000E+00  0.0000000E+00  1.0000000E+00    1
tr101          4.0000000E+00 -7.8000000E+00  0.0000000E+00
               1.0000000E+00  0.0000000E+00  0.0000000E+00
               0.0000000E+00  1.0000000E+00  0.0000000E+00
               0.0000000E+00  0.0000000E+00  1.0000000E+00    1

[ Volume ]
    reg        vol
    104     2.8274334E-03
   2101      5.464602    
   2104     0.7671331    
   2103     0.7671331    
   2102     0.7671331    
   2106     2.9697868E-04
   2107      35.96628    
   2201     6.9280000E-02
   2301     0.1916600    
   2401     0.3120387    
   2603      20.09568    
   2606     0.8856140    
   2605     0.8856140    
   2604     0.8856140    
    700      100.5300    

[ Mat Name Color ]
   mat                          name     size             color   # HSB color value
     0                          void     1.00         lightgray   # { -0.800  1.000  1.000 }
     1                           Air     1.00              cyan   # {  0.400  1.000  1.000 }
     2                            Al     1.00         lightgray   # { -0.800  1.000  1.000 }
     3           {Structure - steel}     1.00             brown   # {  0.900  1.000  0.500 }
     4             {Stainless steel}     1.00              gray   # { -0.600  1.000  1.000 }
     5                         Havar     1.00               rrr   # {  0.867  1.000  1.000 }
     6                            Pb     1.00          matblack   # { -0.200  1.000  1.000 }
     7    {Petri dish - polystyrene}     1.00     {0.7 0.3 1.0}   # {  0.700  0.300  1.000 }
     8                         Water     1.00               ccc   # {  0.267  1.000  1.000 }
     9                         Nylon     1.00                gg   # {  0.533  1.000  1.000 }
    10            {3D printer - PLA}     1.00            orange   # {  0.933  1.000  1.000 }
    11                        O-ring     1.00             black   # {  0.000  1.000  1.000 }
    12          {ICRU-4 soft tissue}     1.00           magenta   # {  0.067  1.000  1.000 }
    13                            Si     1.00            yellow   # {  0.800  1.000  1.000 }
    14                         Mylar     1.00        pastelpink   # {  0.900  0.500  1.000 }
    15                         Blood     1.00               red   # {  1.000  1.000  1.000 }
    16                         pouch     1.00              pink   # {  1.000  0.500  1.000 }
    17                      acrilico     1.00             white   # { -1.000  1.000  1.000 }
    18                          skin     1.00             brown   # {  0.900  1.000  0.500 }
    19                       plastic     1.00             black   # {  0.000  1.000  1.000 }
    20                        scotch     1.00               red   # {  1.000  1.000  1.000 }
    21                            21     1.00       pastelgreen   # {  0.700  0.600  1.000 }

[ T-Track ]
    title = [t-track] in region mesh
     mesh =  reg            # mesh type is region-wise
      reg = 7001
   volume                   # combined, lattice or level structure 
   non     reg      vol     # reg definition
    1     7001   5.4000E-02 # 7001
   e-type =    2            # e-mesh is linear given by emin, emax and ne
     emin =  1.0000000E-09  # minimum value of e-mesh points
     emax =   1000.000      # maximum value of e-mesh points
#    edel =   1000.000      # mesh width of e-mesh points
       ne =      1          # number of e-mesh points
#    data = ( e(i), i = 1, ne + 1 )
#           1.00000E-09  1.00000E+03
     unit =    1            # unit is [1/cm^2/source]
 material =  all            # (D=all) number of specific material
     axis =     reg            # axis of output
     file = ./out/flujo1_reg.out  # file name of output for the above axis
     part =  proton   
# kf/name :  2212     
#    used :        main (  %)        temp (  %)       total (  %)
#  memory :          10 (  0)           0 (  0)          10 (  0)

[ T-Track ]
    title = [t-track] in xyz mesh
     mesh =  xyz            # mesh type is xyz scoring mesh
   x-type =    2            # x-mesh is linear given by xmin, xmax and nx
     xmin =  -1.350000      # minimum value of x-mesh points
     xmax =   1.350000      # maximum value of x-mesh points
#    xdel =  0.1000000      # mesh width of x-mesh points
       nx =     27          # number of x-mesh points
#    data = ( x(i), i = 1, nx + 1 )
#          -1.35000E+00 -1.25000E+00 -1.15000E+00 -1.05000E+00 -9.50000E-01
#          -8.50000E-01 -7.50000E-01 -6.50000E-01 -5.50000E-01 -4.50000E-01
#          -3.50000E-01 -2.50000E-01 -1.50000E-01 -5.00000E-02  5.00000E-02
#           1.50000E-01  2.50000E-01  3.50000E-01  4.50000E-01  5.50000E-01
#           6.50000E-01  7.50000E-01  8.50000E-01  9.50000E-01  1.05000E+00
#           1.15000E+00  1.25000E+00  1.35000E+00
   y-type =    2            # y-mesh is linear given by ymin, ymax and ny
     ymin =   1.081500      # minimum value of y-mesh points
     ymax =   1.881500      # maximum value of y-mesh points
#    ydel =  0.1000000      # mesh width of y-mesh points
       ny =      8          # number of y-mesh points
#    data = ( y(i), i = 1, ny + 1 )
#           1.08150E+00  1.18150E+00  1.28150E+00  1.38150E+00  1.48150E+00
#           1.58150E+00  1.68150E+00  1.78150E+00  1.88150E+00
   z-type =    2            # z-mesh is linear given by zmin, zmax and nz
     zmin =   98.38000      # minimum value of z-mesh points
     zmax =   98.40500      # maximum value of z-mesh points
#    zdel =  2.5000000E-02  # mesh width of z-mesh points
       nz =      1          # number of z-mesh points
#    data = ( z(i), i = 1, nz + 1 )
#           9.83800E+01  9.84050E+01
   e-type =    2            # e-mesh is linear given by emin, emax and ne
     emin =  1.0000000E-09  # minimum value of e-mesh points
     emax =   25.00000      # maximum value of e-mesh points
#    edel =   25.00000      # mesh width of e-mesh points
       ne =      1          # number of e-mesh points
#    data = ( e(i), i = 1, ne + 1 )
#           1.00000E-09  2.50000E+01
     unit =    1            # unit is [1/cm^2/source]
 material =  all            # (D=all) number of specific material
  2D-type =    3            # 1:Cont, 2:Clust, 3:Color, 4:xyz, 5:mat, 6:Clust+Cont, 7:Col+Cont
     axis =      xy            # axis of output
     file = ./out/flujo1_xyz.out  # file name of output for the above axis
     part =  proton   
# kf/name :  2212     
   epsout =    1            # (D=0) generate eps file by ANGEL
#    used :        main (  %)        temp (  %)       total (  %)
#  memory :          45 (  0)           0 (  0)          45 (  0)

[ T-Track ]
    title = [t-track] in region mesh
     mesh =  reg            # mesh type is region-wise
      reg = 7002
   volume                   # combined, lattice or level structure 
   non     reg      vol     # reg definition
    1     7002   5.4000E-02 # 7002
   e-type =    2            # e-mesh is linear given by emin, emax and ne
     emin =  1.0000000E-09  # minimum value of e-mesh points
     emax =   25.00000      # maximum value of e-mesh points
#    edel =   25.00000      # mesh width of e-mesh points
       ne =      1          # number of e-mesh points
#    data = ( e(i), i = 1, ne + 1 )
#           1.00000E-09  2.50000E+01
     unit =    1            # unit is [1/cm^2/source]
 material =  all            # (D=all) number of specific material
     axis =     reg            # axis of output
     file = ./out/flujo2_reg.out  # file name of output for the above axis
     part =  proton   
# kf/name :  2212     
   epsout =    1            # (D=0) generate eps file by ANGEL
#    used :        main (  %)        temp (  %)       total (  %)
#  memory :          10 (  0)           0 (  0)          10 (  0)

[ T-Track ]
    title = [t-track] in xyz mesh
     mesh =  xyz            # mesh type is xyz scoring mesh
   x-type =    2            # x-mesh is linear given by xmin, xmax and nx
     xmin =  -1.350000      # minimum value of x-mesh points
     xmax =   1.350000      # maximum value of x-mesh points
#    xdel =  0.1000000      # mesh width of x-mesh points
       nx =     27          # number of x-mesh points
#    data = ( x(i), i = 1, nx + 1 )
#          -1.35000E+00 -1.25000E+00 -1.15000E+00 -1.05000E+00 -9.50000E-01
#          -8.50000E-01 -7.50000E-01 -6.50000E-01 -5.50000E-01 -4.50000E-01
#          -3.50000E-01 -2.50000E-01 -1.50000E-01 -5.00000E-02  5.00000E-02
#           1.50000E-01  2.50000E-01  3.50000E-01  4.50000E-01  5.50000E-01
#           6.50000E-01  7.50000E-01  8.50000E-01  9.50000E-01  1.05000E+00
#           1.15000E+00  1.25000E+00  1.35000E+00
   y-type =    2            # y-mesh is linear given by ymin, ymax and ny
     ymin =   1.081500      # minimum value of y-mesh points
     ymax =   1.881500      # maximum value of y-mesh points
#    ydel =  0.1000000      # mesh width of y-mesh points
       ny =      8          # number of y-mesh points
#    data = ( y(i), i = 1, ny + 1 )
#           1.08150E+00  1.18150E+00  1.28150E+00  1.38150E+00  1.48150E+00
#           1.58150E+00  1.68150E+00  1.78150E+00  1.88150E+00
   z-type =    2            # z-mesh is linear given by zmin, zmax and nz
     zmin =   98.40500      # minimum value of z-mesh points
     zmax =   98.43000      # maximum value of z-mesh points
#    zdel =  2.5000000E-02  # mesh width of z-mesh points
       nz =      1          # number of z-mesh points
#    data = ( z(i), i = 1, nz + 1 )
#           9.84050E+01  9.84300E+01
   e-type =    2            # e-mesh is linear given by emin, emax and ne
     emin =  1.0000000E-09  # minimum value of e-mesh points
     emax =   25.00000      # maximum value of e-mesh points
#    edel =   25.00000      # mesh width of e-mesh points
       ne =      1          # number of e-mesh points
#    data = ( e(i), i = 1, ne + 1 )
#           1.00000E-09  2.50000E+01
     unit =    1            # unit is [1/cm^2/source]
 material =  all            # (D=all) number of specific material
  2D-type =    3            # 1:Cont, 2:Clust, 3:Color, 4:xyz, 5:mat, 6:Clust+Cont, 7:Col+Cont
     axis =      xy            # axis of output
     file = ./out/flujo2_xyz.out  # file name of output for the above axis
     part =  proton   
# kf/name :  2212     
   epsout =    1            # (D=0) generate eps file by ANGEL
#    used :        main (  %)        temp (  %)       total (  %)
#  memory :          45 (  0)           0 (  0)          45 (  0)

[ T-Track ]
    title = [t-track] in region mesh
     mesh =  reg            # mesh type is region-wise
      reg = 7003
   volume                   # combined, lattice or level structure 
   non     reg      vol     # reg definition
    1     7003   1.0800E-01 # 7003
   e-type =    2            # e-mesh is linear given by emin, emax and ne
     emin =  1.0000000E-09  # minimum value of e-mesh points
     emax =   25.00000      # maximum value of e-mesh points
#    edel =   25.00000      # mesh width of e-mesh points
       ne =      1          # number of e-mesh points
#    data = ( e(i), i = 1, ne + 1 )
#           1.00000E-09  2.50000E+01
     unit =    1            # unit is [1/cm^2/source]
 material =  all            # (D=all) number of specific material
     axis =     reg            # axis of output
     file = ./out/flujo3_reg.out  # file name of output for the above axis
     part =  proton   
# kf/name :  2212     
   epsout =    1            # (D=0) generate eps file by ANGEL
#    used :        main (  %)        temp (  %)       total (  %)
#  memory :          10 (  0)           0 (  0)          10 (  0)

[ T-Track ]
    title = [t-track] in xyz mesh
     mesh =  xyz            # mesh type is xyz scoring mesh
   x-type =    2            # x-mesh is linear given by xmin, xmax and nx
     xmin =  -1.350000      # minimum value of x-mesh points
     xmax =   1.350000      # maximum value of x-mesh points
#    xdel =  0.1000000      # mesh width of x-mesh points
       nx =     27          # number of x-mesh points
#    data = ( x(i), i = 1, nx + 1 )
#          -1.35000E+00 -1.25000E+00 -1.15000E+00 -1.05000E+00 -9.50000E-01
#          -8.50000E-01 -7.50000E-01 -6.50000E-01 -5.50000E-01 -4.50000E-01
#          -3.50000E-01 -2.50000E-01 -1.50000E-01 -5.00000E-02  5.00000E-02
#           1.50000E-01  2.50000E-01  3.50000E-01  4.50000E-01  5.50000E-01
#           6.50000E-01  7.50000E-01  8.50000E-01  9.50000E-01  1.05000E+00
#           1.15000E+00  1.25000E+00  1.35000E+00
   y-type =    2            # y-mesh is linear given by ymin, ymax and ny
     ymin =  0.2815000      # minimum value of y-mesh points
     ymax =   1.881500      # maximum value of y-mesh points
#    ydel =  0.1000000      # mesh width of y-mesh points
       ny =     16          # number of y-mesh points
#    data = ( y(i), i = 1, ny + 1 )
#           2.81500E-01  3.81500E-01  4.81500E-01  5.81500E-01  6.81500E-01
#           7.81500E-01  8.81500E-01  9.81500E-01  1.08150E+00  1.18150E+00
#           1.28150E+00  1.38150E+00  1.48150E+00  1.58150E+00  1.68150E+00
#           1.78150E+00  1.88150E+00
   z-type =    2            # z-mesh is linear given by zmin, zmax and nz
     zmin =   98.43000      # minimum value of z-mesh points
     zmax =   98.45500      # maximum value of z-mesh points
#    zdel =  2.5000000E-02  # mesh width of z-mesh points
       nz =      1          # number of z-mesh points
#    data = ( z(i), i = 1, nz + 1 )
#           9.84300E+01  9.84550E+01
   e-type =    2            # e-mesh is linear given by emin, emax and ne
     emin =  1.0000000E-09  # minimum value of e-mesh points
     emax =   25.00000      # maximum value of e-mesh points
#    edel =   25.00000      # mesh width of e-mesh points
       ne =      1          # number of e-mesh points
#    data = ( e(i), i = 1, ne + 1 )
#           1.00000E-09  2.50000E+01
     unit =    1            # unit is [1/cm^2/source]
 material =  all            # (D=all) number of specific material
  2D-type =    3            # 1:Cont, 2:Clust, 3:Color, 4:xyz, 5:mat, 6:Clust+Cont, 7:Col+Cont
     axis =      xy            # axis of output
     file = ./out/flujo3_xyz.out  # file name of output for the above axis
     part =  proton   
# kf/name :  2212     
   epsout =    1            # (D=0) generate eps file by ANGEL
#    used :        main (  %)        temp (  %)       total (  %)
#  memory :          53 (  0)           0 (  0)          53 (  0)

[ T-Track ]
    title = [t-track] in region mesh
     mesh =  reg            # mesh type is region-wise
      reg = 7004
   volume                   # combined, lattice or level structure 
   non     reg      vol     # reg definition
    1     7004   1.0800E-01 # 7004
   e-type =    2            # e-mesh is linear given by emin, emax and ne
     emin =  1.0000000E-09  # minimum value of e-mesh points
     emax =   25.00000      # maximum value of e-mesh points
#    edel =   25.00000      # mesh width of e-mesh points
       ne =      1          # number of e-mesh points
#    data = ( e(i), i = 1, ne + 1 )
#           1.00000E-09  2.50000E+01
     unit =    1            # unit is [1/cm^2/source]
 material =  all            # (D=all) number of specific material
     axis =     reg            # axis of output
     file = ./out/flujo4_reg.out  # file name of output for the above axis
     part =  proton   
# kf/name :  2212     
   epsout =    1            # (D=0) generate eps file by ANGEL
#    used :        main (  %)        temp (  %)       total (  %)
#  memory :          10 (  0)           0 (  0)          10 (  0)

[ T-Track ]
    title = [t-track] in xyz mesh
     mesh =  xyz            # mesh type is xyz scoring mesh
   x-type =    2            # x-mesh is linear given by xmin, xmax and nx
     xmin =  -1.350000      # minimum value of x-mesh points
     xmax =   1.350000      # maximum value of x-mesh points
#    xdel =  0.1000000      # mesh width of x-mesh points
       nx =     27          # number of x-mesh points
#    data = ( x(i), i = 1, nx + 1 )
#          -1.35000E+00 -1.25000E+00 -1.15000E+00 -1.05000E+00 -9.50000E-01
#          -8.50000E-01 -7.50000E-01 -6.50000E-01 -5.50000E-01 -4.50000E-01
#          -3.50000E-01 -2.50000E-01 -1.50000E-01 -5.00000E-02  5.00000E-02
#           1.50000E-01  2.50000E-01  3.50000E-01  4.50000E-01  5.50000E-01
#           6.50000E-01  7.50000E-01  8.50000E-01  9.50000E-01  1.05000E+00
#           1.15000E+00  1.25000E+00  1.35000E+00
   y-type =    2            # y-mesh is linear given by ymin, ymax and ny
     ymin =  0.2815000      # minimum value of y-mesh points
     ymax =   1.881500      # maximum value of y-mesh points
#    ydel =  0.1000000      # mesh width of y-mesh points
       ny =     16          # number of y-mesh points
#    data = ( y(i), i = 1, ny + 1 )
#           2.81500E-01  3.81500E-01  4.81500E-01  5.81500E-01  6.81500E-01
#           7.81500E-01  8.81500E-01  9.81500E-01  1.08150E+00  1.18150E+00
#           1.28150E+00  1.38150E+00  1.48150E+00  1.58150E+00  1.68150E+00
#           1.78150E+00  1.88150E+00
   z-type =    2            # z-mesh is linear given by zmin, zmax and nz
     zmin =   98.45500      # minimum value of z-mesh points
     zmax =   98.48000      # maximum value of z-mesh points
#    zdel =  2.5000000E-02  # mesh width of z-mesh points
       nz =      1          # number of z-mesh points
#    data = ( z(i), i = 1, nz + 1 )
#           9.84550E+01  9.84800E+01
   e-type =    2            # e-mesh is linear given by emin, emax and ne
     emin =  1.0000000E-09  # minimum value of e-mesh points
     emax =   25.00000      # maximum value of e-mesh points
#    edel =   25.00000      # mesh width of e-mesh points
       ne =      1          # number of e-mesh points
#    data = ( e(i), i = 1, ne + 1 )
#           1.00000E-09  2.50000E+01
     unit =    1            # unit is [1/cm^2/source]
 material =  all            # (D=all) number of specific material
  2D-type =    3            # 1:Cont, 2:Clust, 3:Color, 4:xyz, 5:mat, 6:Clust+Cont, 7:Col+Cont
     axis =      xy            # axis of output
     file = ./out/flujo4_xyz.out  # file name of output for the above axis
     part =  proton   
# kf/name :  2212     
   epsout =    1            # (D=0) generate eps file by ANGEL
#    used :        main (  %)        temp (  %)       total (  %)
#  memory :          53 (  0)           0 (  0)          53 (  0)

[ T-Track ]
    title = [t-track] in region mesh
     mesh =  reg            # mesh type is region-wise
      reg = 7005
   volume                   # combined, lattice or level structure 
   non     reg      vol     # reg definition
    1     7005   1.6200E-01 # 7005
   e-type =    2            # e-mesh is linear given by emin, emax and ne
     emin =  1.0000000E-09  # minimum value of e-mesh points
     emax =   25.00000      # maximum value of e-mesh points
#    edel =   25.00000      # mesh width of e-mesh points
       ne =      1          # number of e-mesh points
#    data = ( e(i), i = 1, ne + 1 )
#           1.00000E-09  2.50000E+01
     unit =    1            # unit is [1/cm^2/source]
 material =  all            # (D=all) number of specific material
     axis =     reg            # axis of output
     file = ./out/flujo5_reg.out  # file name of output for the above axis
     part =  proton   
# kf/name :  2212     
   epsout =    1            # (D=0) generate eps file by ANGEL
#    used :        main (  %)        temp (  %)       total (  %)
#  memory :          10 (  0)           0 (  0)          10 (  0)

[ T-Track ]
    title = [t-track] in xyz mesh
     mesh =  xyz            # mesh type is xyz scoring mesh
   x-type =    2            # x-mesh is linear given by xmin, xmax and nx
     xmin =  -1.350000      # minimum value of x-mesh points
     xmax =   1.350000      # maximum value of x-mesh points
#    xdel =  0.1000000      # mesh width of x-mesh points
       nx =     27          # number of x-mesh points
#    data = ( x(i), i = 1, nx + 1 )
#          -1.35000E+00 -1.25000E+00 -1.15000E+00 -1.05000E+00 -9.50000E-01
#          -8.50000E-01 -7.50000E-01 -6.50000E-01 -5.50000E-01 -4.50000E-01
#          -3.50000E-01 -2.50000E-01 -1.50000E-01 -5.00000E-02  5.00000E-02
#           1.50000E-01  2.50000E-01  3.50000E-01  4.50000E-01  5.50000E-01
#           6.50000E-01  7.50000E-01  8.50000E-01  9.50000E-01  1.05000E+00
#           1.15000E+00  1.25000E+00  1.35000E+00
   y-type =    2            # y-mesh is linear given by ymin, ymax and ny
     ymin = -0.5185000      # minimum value of y-mesh points
     ymax =   1.881500      # maximum value of y-mesh points
#    ydel =  0.1000000      # mesh width of y-mesh points
       ny =     24          # number of y-mesh points
#    data = ( y(i), i = 1, ny + 1 )
#          -5.18500E-01 -4.18500E-01 -3.18500E-01 -2.18500E-01 -1.18500E-01
#          -1.85000E-02  8.15000E-02  1.81500E-01  2.81500E-01  3.81500E-01
#           4.81500E-01  5.81500E-01  6.81500E-01  7.81500E-01  8.81500E-01
#           9.81500E-01  1.08150E+00  1.18150E+00  1.28150E+00  1.38150E+00
#           1.48150E+00  1.58150E+00  1.68150E+00  1.78150E+00  1.88150E+00
   z-type =    2            # z-mesh is linear given by zmin, zmax and nz
     zmin =   98.48000      # minimum value of z-mesh points
     zmax =   98.50500      # maximum value of z-mesh points
#    zdel =  2.5000000E-02  # mesh width of z-mesh points
       nz =      1          # number of z-mesh points
#    data = ( z(i), i = 1, nz + 1 )
#           9.84800E+01  9.85050E+01
   e-type =    2            # e-mesh is linear given by emin, emax and ne
     emin =  1.0000000E-09  # minimum value of e-mesh points
     emax =   25.00000      # maximum value of e-mesh points
#    edel =   25.00000      # mesh width of e-mesh points
       ne =      1          # number of e-mesh points
#    data = ( e(i), i = 1, ne + 1 )
#           1.00000E-09  2.50000E+01
     unit =    1            # unit is [1/cm^2/source]
 material =  all            # (D=all) number of specific material
  2D-type =    3            # 1:Cont, 2:Clust, 3:Color, 4:xyz, 5:mat, 6:Clust+Cont, 7:Col+Cont
     axis =      xy            # axis of output
     file = ./out/flujo5_xyz.out  # file name of output for the above axis
     part =  proton   
# kf/name :  2212     
   epsout =    1            # (D=0) generate eps file by ANGEL
#    used :        main (  %)        temp (  %)       total (  %)
#  memory :          61 (  0)           0 (  0)          61 (  0)

[ T-Track ]
    title = [t-track] in region mesh
     mesh =  reg            # mesh type is region-wise
      reg = 7006
   volume                   # combined, lattice or level structure 
   non     reg      vol     # reg definition
    1     7006   1.6200E-01 # 7006
   e-type =    2            # e-mesh is linear given by emin, emax and ne
     emin =  1.0000000E-09  # minimum value of e-mesh points
     emax =   25.00000      # maximum value of e-mesh points
#    edel =   25.00000      # mesh width of e-mesh points
       ne =      1          # number of e-mesh points
#    data = ( e(i), i = 1, ne + 1 )
#           1.00000E-09  2.50000E+01
     unit =    1            # unit is [1/cm^2/source]
 material =  all            # (D=all) number of specific material
     axis =     reg            # axis of output
     file = ./out/flujo6_reg.out  # file name of output for the above axis
     part =  proton   
# kf/name :  2212     
   epsout =    1            # (D=0) generate eps file by ANGEL
#    used :        main (  %)        temp (  %)       total (  %)
#  memory :          10 (  0)           0 (  0)          10 (  0)

[ T-Track ]
    title = [t-track] in xyz mesh
     mesh =  xyz            # mesh type is xyz scoring mesh
   x-type =    2            # x-mesh is linear given by xmin, xmax and nx
     xmin =  -1.350000      # minimum value of x-mesh points
     xmax =   1.350000      # maximum value of x-mesh points
#    xdel =  0.1000000      # mesh width of x-mesh points
       nx =     27          # number of x-mesh points
#    data = ( x(i), i = 1, nx + 1 )
#          -1.35000E+00 -1.25000E+00 -1.15000E+00 -1.05000E+00 -9.50000E-01
#          -8.50000E-01 -7.50000E-01 -6.50000E-01 -5.50000E-01 -4.50000E-01
#          -3.50000E-01 -2.50000E-01 -1.50000E-01 -5.00000E-02  5.00000E-02
#           1.50000E-01  2.50000E-01  3.50000E-01  4.50000E-01  5.50000E-01
#           6.50000E-01  7.50000E-01  8.50000E-01  9.50000E-01  1.05000E+00
#           1.15000E+00  1.25000E+00  1.35000E+00
   y-type =    2            # y-mesh is linear given by ymin, ymax and ny
     ymin = -0.5185000      # minimum value of y-mesh points
     ymax =   1.881500      # maximum value of y-mesh points
#    ydel =  0.1000000      # mesh width of y-mesh points
       ny =     24          # number of y-mesh points
#    data = ( y(i), i = 1, ny + 1 )
#          -5.18500E-01 -4.18500E-01 -3.18500E-01 -2.18500E-01 -1.18500E-01
#          -1.85000E-02  8.15000E-02  1.81500E-01  2.81500E-01  3.81500E-01
#           4.81500E-01  5.81500E-01  6.81500E-01  7.81500E-01  8.81500E-01
#           9.81500E-01  1.08150E+00  1.18150E+00  1.28150E+00  1.38150E+00
#           1.48150E+00  1.58150E+00  1.68150E+00  1.78150E+00  1.88150E+00
   z-type =    2            # z-mesh is linear given by zmin, zmax and nz
     zmin =   98.50500      # minimum value of z-mesh points
     zmax =   98.53000      # maximum value of z-mesh points
#    zdel =  2.5000000E-02  # mesh width of z-mesh points
       nz =      1          # number of z-mesh points
#    data = ( z(i), i = 1, nz + 1 )
#           9.85050E+01  9.85300E+01
   e-type =    2            # e-mesh is linear given by emin, emax and ne
     emin =  1.0000000E-09  # minimum value of e-mesh points
     emax =   25.00000      # maximum value of e-mesh points
#    edel =   25.00000      # mesh width of e-mesh points
       ne =      1          # number of e-mesh points
#    data = ( e(i), i = 1, ne + 1 )
#           1.00000E-09  2.50000E+01
     unit =    1            # unit is [1/cm^2/source]
 material =  all            # (D=all) number of specific material
  2D-type =    3            # 1:Cont, 2:Clust, 3:Color, 4:xyz, 5:mat, 6:Clust+Cont, 7:Col+Cont
     axis =      xy            # axis of output
     file = ./out/flujo6_xyz.out  # file name of output for the above axis
     part =  proton   
# kf/name :  2212     
   epsout =    1            # (D=0) generate eps file by ANGEL
#    used :        main (  %)        temp (  %)       total (  %)
#  memory :          61 (  0)           0 (  0)          61 (  0)

[ T-Track ]
    title = [t-track] in region mesh
     mesh =  reg            # mesh type is region-wise
      reg = 7007
   volume                   # combined, lattice or level structure 
   non     reg      vol     # reg definition
    1     7007   2.1600E-01 # 7007
   e-type =    2            # e-mesh is linear given by emin, emax and ne
     emin =  1.0000000E-09  # minimum value of e-mesh points
     emax =   25.00000      # maximum value of e-mesh points
#    edel =   25.00000      # mesh width of e-mesh points
       ne =      1          # number of e-mesh points
#    data = ( e(i), i = 1, ne + 1 )
#           1.00000E-09  2.50000E+01
     unit =    1            # unit is [1/cm^2/source]
 material =  all            # (D=all) number of specific material
     axis =     reg            # axis of output
     file = ./out/flujo7_reg.out  # file name of output for the above axis
     part =  proton   
# kf/name :  2212     
   epsout =    1            # (D=0) generate eps file by ANGEL
#    used :        main (  %)        temp (  %)       total (  %)
#  memory :          10 (  0)           0 (  0)          10 (  0)

[ T-Track ]
    title = [t-track] in xyz mesh
     mesh =  xyz            # mesh type is xyz scoring mesh
   x-type =    2            # x-mesh is linear given by xmin, xmax and nx
     xmin =  -1.350000      # minimum value of x-mesh points
     xmax =   1.350000      # maximum value of x-mesh points
#    xdel =  0.1000000      # mesh width of x-mesh points
       nx =     27          # number of x-mesh points
#    data = ( x(i), i = 1, nx + 1 )
#          -1.35000E+00 -1.25000E+00 -1.15000E+00 -1.05000E+00 -9.50000E-01
#          -8.50000E-01 -7.50000E-01 -6.50000E-01 -5.50000E-01 -4.50000E-01
#          -3.50000E-01 -2.50000E-01 -1.50000E-01 -5.00000E-02  5.00000E-02
#           1.50000E-01  2.50000E-01  3.50000E-01  4.50000E-01  5.50000E-01
#           6.50000E-01  7.50000E-01  8.50000E-01  9.50000E-01  1.05000E+00
#           1.15000E+00  1.25000E+00  1.35000E+00
   y-type =    2            # y-mesh is linear given by ymin, ymax and ny
     ymin =  -1.318500      # minimum value of y-mesh points
     ymax =   1.881500      # maximum value of y-mesh points
#    ydel =  0.1000000      # mesh width of y-mesh points
       ny =     32          # number of y-mesh points
#    data = ( y(i), i = 1, ny + 1 )
#          -1.31850E+00 -1.21850E+00 -1.11850E+00 -1.01850E+00 -9.18500E-01
#          -8.18500E-01 -7.18500E-01 -6.18500E-01 -5.18500E-01 -4.18500E-01
#          -3.18500E-01 -2.18500E-01 -1.18500E-01 -1.85000E-02  8.15000E-02
#           1.81500E-01  2.81500E-01  3.81500E-01  4.81500E-01  5.81500E-01
#           6.81500E-01  7.81500E-01  8.81500E-01  9.81500E-01  1.08150E+00
#           1.18150E+00  1.28150E+00  1.38150E+00  1.48150E+00  1.58150E+00
#           1.68150E+00  1.78150E+00  1.88150E+00
   z-type =    2            # z-mesh is linear given by zmin, zmax and nz
     zmin =   98.53000      # minimum value of z-mesh points
     zmax =   98.55500      # maximum value of z-mesh points
#    zdel =  2.5000000E-02  # mesh width of z-mesh points
       nz =      1          # number of z-mesh points
#    data = ( z(i), i = 1, nz + 1 )
#           9.85300E+01  9.85550E+01
   e-type =    2            # e-mesh is linear given by emin, emax and ne
     emin =  1.0000000E-09  # minimum value of e-mesh points
     emax =   25.00000      # maximum value of e-mesh points
#    edel =   25.00000      # mesh width of e-mesh points
       ne =      1          # number of e-mesh points
#    data = ( e(i), i = 1, ne + 1 )
#           1.00000E-09  2.50000E+01
     unit =    1            # unit is [1/cm^2/source]
 material =  all            # (D=all) number of specific material
  2D-type =    3            # 1:Cont, 2:Clust, 3:Color, 4:xyz, 5:mat, 6:Clust+Cont, 7:Col+Cont
     axis =      xy            # axis of output
     file = ./out/flujo7_xyz.out  # file name of output for the above axis
     part =  proton   
# kf/name :  2212     
   epsout =    1            # (D=0) generate eps file by ANGEL
#    used :        main (  %)        temp (  %)       total (  %)
#  memory :          69 (  0)           0 (  0)          69 (  0)

[ T-Track ]
    title = [t-track] in region mesh
     mesh =  reg            # mesh type is region-wise
      reg = 7008
   volume                   # combined, lattice or level structure 
   non     reg      vol     # reg definition
    1     7008   2.1600E-01 # 7008
   e-type =    2            # e-mesh is linear given by emin, emax and ne
     emin =  1.0000000E-09  # minimum value of e-mesh points
     emax =   25.00000      # maximum value of e-mesh points
#    edel =   25.00000      # mesh width of e-mesh points
       ne =      1          # number of e-mesh points
#    data = ( e(i), i = 1, ne + 1 )
#           1.00000E-09  2.50000E+01
     unit =    1            # unit is [1/cm^2/source]
 material =  all            # (D=all) number of specific material
     axis =     reg            # axis of output
     file = ./out/flujo8_reg.out  # file name of output for the above axis
     part =  proton   
# kf/name :  2212     
   epsout =    1            # (D=0) generate eps file by ANGEL
#    used :        main (  %)        temp (  %)       total (  %)
#  memory :          10 (  0)           0 (  0)          10 (  0)

[ T-Track ]
    title = [t-track] in xyz mesh
     mesh =  xyz            # mesh type is xyz scoring mesh
   x-type =    2            # x-mesh is linear given by xmin, xmax and nx
     xmin =  -1.350000      # minimum value of x-mesh points
     xmax =   1.350000      # maximum value of x-mesh points
#    xdel =  0.1000000      # mesh width of x-mesh points
       nx =     27          # number of x-mesh points
#    data = ( x(i), i = 1, nx + 1 )
#          -1.35000E+00 -1.25000E+00 -1.15000E+00 -1.05000E+00 -9.50000E-01
#          -8.50000E-01 -7.50000E-01 -6.50000E-01 -5.50000E-01 -4.50000E-01
#          -3.50000E-01 -2.50000E-01 -1.50000E-01 -5.00000E-02  5.00000E-02
#           1.50000E-01  2.50000E-01  3.50000E-01  4.50000E-01  5.50000E-01
#           6.50000E-01  7.50000E-01  8.50000E-01  9.50000E-01  1.05000E+00
#           1.15000E+00  1.25000E+00  1.35000E+00
   y-type =    2            # y-mesh is linear given by ymin, ymax and ny
     ymin =  -1.318500      # minimum value of y-mesh points
     ymax =   1.881500      # maximum value of y-mesh points
#    ydel =  0.1000000      # mesh width of y-mesh points
       ny =     32          # number of y-mesh points
#    data = ( y(i), i = 1, ny + 1 )
#          -1.31850E+00 -1.21850E+00 -1.11850E+00 -1.01850E+00 -9.18500E-01
#          -8.18500E-01 -7.18500E-01 -6.18500E-01 -5.18500E-01 -4.18500E-01
#          -3.18500E-01 -2.18500E-01 -1.18500E-01 -1.85000E-02  8.15000E-02
#           1.81500E-01  2.81500E-01  3.81500E-01  4.81500E-01  5.81500E-01
#           6.81500E-01  7.81500E-01  8.81500E-01  9.81500E-01  1.08150E+00
#           1.18150E+00  1.28150E+00  1.38150E+00  1.48150E+00  1.58150E+00
#           1.68150E+00  1.78150E+00  1.88150E+00
   z-type =    2            # z-mesh is linear given by zmin, zmax and nz
     zmin =   98.55500      # minimum value of z-mesh points
     zmax =   98.58000      # maximum value of z-mesh points
#    zdel =  2.5000000E-02  # mesh width of z-mesh points
       nz =      1          # number of z-mesh points
#    data = ( z(i), i = 1, nz + 1 )
#           9.85550E+01  9.85800E+01
   e-type =    2            # e-mesh is linear given by emin, emax and ne
     emin =  1.0000000E-09  # minimum value of e-mesh points
     emax =   25.00000      # maximum value of e-mesh points
#    edel =   25.00000      # mesh width of e-mesh points
       ne =      1          # number of e-mesh points
#    data = ( e(i), i = 1, ne + 1 )
#           1.00000E-09  2.50000E+01
     unit =    1            # unit is [1/cm^2/source]
 material =  all            # (D=all) number of specific material
  2D-type =    3            # 1:Cont, 2:Clust, 3:Color, 4:xyz, 5:mat, 6:Clust+Cont, 7:Col+Cont
     axis =      xy            # axis of output
     file = ./out/flujo8_xyz.out  # file name of output for the above axis
     part =  proton   
# kf/name :  2212     
   epsout =    1            # (D=0) generate eps file by ANGEL
#    used :        main (  %)        temp (  %)       total (  %)
#  memory :          69 (  0)           0 (  0)          69 (  0)

[ T-Deposit ]
    title = Histograma
     mesh =  xyz            # mesh type is xyz scoring mesh
   x-type =    2            # x-mesh is linear given by xmin, xmax and nx
     xmin =  -1.750000      # minimum value of x-mesh points
     xmax =   1.750000      # maximum value of x-mesh points
#    xdel =  0.1000000      # mesh width of x-mesh points
       nx =     35          # number of x-mesh points
#    data = ( x(i), i = 1, nx + 1 )
#          -1.75000E+00 -1.65000E+00 -1.55000E+00 -1.45000E+00 -1.35000E+00
#          -1.25000E+00 -1.15000E+00 -1.05000E+00 -9.50000E-01 -8.50000E-01
#          -7.50000E-01 -6.50000E-01 -5.50000E-01 -4.50000E-01 -3.50000E-01
#          -2.50000E-01 -1.50000E-01 -5.00000E-02  5.00000E-02  1.50000E-01
#           2.50000E-01  3.50000E-01  4.50000E-01  5.50000E-01  6.50000E-01
#           7.50000E-01  8.50000E-01  9.50000E-01  1.05000E+00  1.15000E+00
#           1.25000E+00  1.35000E+00  1.45000E+00  1.55000E+00  1.65000E+00
#           1.75000E+00
   y-type =    2            # y-mesh is linear given by ymin, ymax and ny
     ymin =  -1.318500      # minimum value of y-mesh points
     ymax =   1.881500      # maximum value of y-mesh points
#    ydel =  0.1000000      # mesh width of y-mesh points
       ny =     32          # number of y-mesh points
#    data = ( y(i), i = 1, ny + 1 )
#          -1.31850E+00 -1.21850E+00 -1.11850E+00 -1.01850E+00 -9.18500E-01
#          -8.18500E-01 -7.18500E-01 -6.18500E-01 -5.18500E-01 -4.18500E-01
#          -3.18500E-01 -2.18500E-01 -1.18500E-01 -1.85000E-02  8.15000E-02
#           1.81500E-01  2.81500E-01  3.81500E-01  4.81500E-01  5.81500E-01
#           6.81500E-01  7.81500E-01  8.81500E-01  9.81500E-01  1.08150E+00
#           1.18150E+00  1.28150E+00  1.38150E+00  1.48150E+00  1.58150E+00
#           1.68150E+00  1.78150E+00  1.88150E+00
   z-type =    2            # z-mesh is linear given by zmin, zmax and nz
     zmin =   98.33000      # minimum value of z-mesh points
     zmax =   98.58000      # maximum value of z-mesh points
#    zdel =  2.5000000E-02  # mesh width of z-mesh points
       nz =     10          # number of z-mesh points
#    data = ( z(i), i = 1, nz + 1 )
#           9.83300E+01  9.83550E+01  9.83800E+01  9.84050E+01  9.84300E+01
#           9.84550E+01  9.84800E+01  9.85050E+01  9.85300E+01  9.85550E+01
#           9.85800E+01
     unit =    0            # unit is [Gy/source]
   letmat =    0            # (D=0) mat ID for LET, 0:real mat, <0: electron for H2O
  dedxfnc =    0            # (D=0) user defined multiplier, 0(no), 1, 2
 material =  all            # (D=all) number of specific material
   output =  dose           # total deposit energy
  deposit =    0            # (D=0) 0-> total deposit dist, 1-> each process
     axis =     z           # axis of output
     file = ./out/histograma_dosis_CR39.out  # file name of output for the above axis
     part =  proton   
# kf/name :  2212     
   epsout =    1            # (D=0) generate eps file by ANGEL
   mother =  all            # (D=all) number of specific mother
#    used :        main (  %)        temp (  %)       total (  %)
#  memory :          83 (  0)           0 (  0)          83 (  0)

[ T-Cross ]
    title = Espectro entrada CR39
     mesh =  xyz            # mesh type is xyz scoring mesh
   x-type =    2            # x-mesh is linear given by xmin, xmax and nx
     xmin =  -1.350000      # minimum value of x-mesh points
     xmax =   1.350000      # maximum value of x-mesh points
#    xdel =   2.700000      # mesh width of x-mesh points
       nx =      1          # number of x-mesh points
#    data = ( x(i), i = 1, nx + 1 )
#          -1.35000E+00  1.35000E+00
   y-type =    2            # y-mesh is linear given by ymin, ymax and ny
     ymin =   1.081500      # minimum value of y-mesh points
     ymax =   1.881500      # maximum value of y-mesh points
#    ydel =  0.8000000      # mesh width of y-mesh points
       ny =      1          # number of y-mesh points
#    data = ( y(i), i = 1, ny + 1 )
#           1.08150E+00  1.88150E+00
   z-type =    1            # z-mesh is given by the below data
       nz =      0          # number of z-mesh points
#    data = ( z(i), i = 1, nz + 1 )
            9.83801E+01
   e-type =    2            # e-mesh is linear given by emin, emax and ne
     emin =  1.0000000E-09  # minimum value of e-mesh points
     emax =   25.00000      # maximum value of e-mesh points
#    edel =  0.2500000      # mesh width of e-mesh points
       ne =    100          # number of e-mesh points
#    data = ( e(i), i = 1, ne + 1 )
#           1.00000E-09  2.50000E-01  5.00000E-01  7.50000E-01  1.00000E+00
#           1.25000E+00  1.50000E+00  1.75000E+00  2.00000E+00  2.25000E+00
#           2.50000E+00  2.75000E+00  3.00000E+00  3.25000E+00  3.50000E+00
#           3.75000E+00  4.00000E+00  4.25000E+00  4.50000E+00  4.75000E+00
#           5.00000E+00  5.25000E+00  5.50000E+00  5.75000E+00  6.00000E+00
#           6.25000E+00  6.50000E+00  6.75000E+00  7.00000E+00  7.25000E+00
#           7.50000E+00  7.75000E+00  8.00000E+00  8.25000E+00  8.50000E+00
#           8.75000E+00  9.00000E+00  9.25000E+00  9.50000E+00  9.75000E+00
#           1.00000E+01  1.02500E+01  1.05000E+01  1.07500E+01  1.10000E+01
#           1.12500E+01  1.15000E+01  1.17500E+01  1.20000E+01  1.22500E+01
#           1.25000E+01  1.27500E+01  1.30000E+01  1.32500E+01  1.35000E+01
#           1.37500E+01  1.40000E+01  1.42500E+01  1.45000E+01  1.47500E+01
#           1.50000E+01  1.52500E+01  1.55000E+01  1.57500E+01  1.60000E+01
#           1.62500E+01  1.65000E+01  1.67500E+01  1.70000E+01  1.72500E+01
#           1.75000E+01  1.77500E+01  1.80000E+01  1.82500E+01  1.85000E+01
#           1.87500E+01  1.90000E+01  1.92500E+01  1.95000E+01  1.97500E+01
#           2.00000E+01  2.02500E+01  2.05000E+01  2.07500E+01  2.10000E+01
#           2.12500E+01  2.15000E+01  2.17500E+01  2.20000E+01  2.22500E+01
#           2.25000E+01  2.27500E+01  2.30000E+01  2.32500E+01  2.35000E+01
#           2.37500E+01  2.40000E+01  2.42500E+01  2.45000E+01  2.47500E+01
#           2.50000E+01
  eng2let =    0            # (D=0) Flag to convert energy to LET, 0: not convert, 1: convert
     unit =    2            # unit is [1/cm^2/MeV/source]
     axis =  eng            # axis of output
     file = ./out/espectro_entrada_CR39.out  # file name of output for the above axis
   output = f-curr          # surface crossing forward current spectrum
     part =  proton   
# kf/name :  2212     
   epsout =    1            # (D=0) generate eps file by ANGEL
#    used :        main (  %)        temp (  %)       total (  %)
#  memory :         110 (  0)           0 (  0)         110 (  0)

[ T-Cross ]
    title = Espectro salida CR39
     mesh =  xyz            # mesh type is xyz scoring mesh
   x-type =    2            # x-mesh is linear given by xmin, xmax and nx
     xmin =  -1.350000      # minimum value of x-mesh points
     xmax =   1.350000      # maximum value of x-mesh points
#    xdel =   2.700000      # mesh width of x-mesh points
       nx =      1          # number of x-mesh points
#    data = ( x(i), i = 1, nx + 1 )
#          -1.35000E+00  1.35000E+00
   y-type =    2            # y-mesh is linear given by ymin, ymax and ny
     ymin =  -1.318500      # minimum value of y-mesh points
     ymax =   1.881500      # maximum value of y-mesh points
#    ydel =   3.200000      # mesh width of y-mesh points
       ny =      1          # number of y-mesh points
#    data = ( y(i), i = 1, ny + 1 )
#          -1.31850E+00  1.88150E+00
   z-type =    1            # z-mesh is given by the below data
       nz =      0          # number of z-mesh points
#    data = ( z(i), i = 1, nz + 1 )
            9.85799E+01
   e-type =    2            # e-mesh is linear given by emin, emax and ne
     emin =  1.0000000E-09  # minimum value of e-mesh points
     emax =   25.00000      # maximum value of e-mesh points
#    edel =  0.2500000      # mesh width of e-mesh points
       ne =    100          # number of e-mesh points
#    data = ( e(i), i = 1, ne + 1 )
#           1.00000E-09  2.50000E-01  5.00000E-01  7.50000E-01  1.00000E+00
#           1.25000E+00  1.50000E+00  1.75000E+00  2.00000E+00  2.25000E+00
#           2.50000E+00  2.75000E+00  3.00000E+00  3.25000E+00  3.50000E+00
#           3.75000E+00  4.00000E+00  4.25000E+00  4.50000E+00  4.75000E+00
#           5.00000E+00  5.25000E+00  5.50000E+00  5.75000E+00  6.00000E+00
#           6.25000E+00  6.50000E+00  6.75000E+00  7.00000E+00  7.25000E+00
#           7.50000E+00  7.75000E+00  8.00000E+00  8.25000E+00  8.50000E+00
#           8.75000E+00  9.00000E+00  9.25000E+00  9.50000E+00  9.75000E+00
#           1.00000E+01  1.02500E+01  1.05000E+01  1.07500E+01  1.10000E+01
#           1.12500E+01  1.15000E+01  1.17500E+01  1.20000E+01  1.22500E+01
#           1.25000E+01  1.27500E+01  1.30000E+01  1.32500E+01  1.35000E+01
#           1.37500E+01  1.40000E+01  1.42500E+01  1.45000E+01  1.47500E+01
#           1.50000E+01  1.52500E+01  1.55000E+01  1.57500E+01  1.60000E+01
#           1.62500E+01  1.65000E+01  1.67500E+01  1.70000E+01  1.72500E+01
#           1.75000E+01  1.77500E+01  1.80000E+01  1.82500E+01  1.85000E+01
#           1.87500E+01  1.90000E+01  1.92500E+01  1.95000E+01  1.97500E+01
#           2.00000E+01  2.02500E+01  2.05000E+01  2.07500E+01  2.10000E+01
#           2.12500E+01  2.15000E+01  2.17500E+01  2.20000E+01  2.22500E+01
#           2.25000E+01  2.27500E+01  2.30000E+01  2.32500E+01  2.35000E+01
#           2.37500E+01  2.40000E+01  2.42500E+01  2.45000E+01  2.47500E+01
#           2.50000E+01
  eng2let =    0            # (D=0) Flag to convert energy to LET, 0: not convert, 1: convert
     unit =    2            # unit is [1/cm^2/MeV/source]
     axis =  eng            # axis of output
     file = ./out/espectro_salida_CR39.out  # file name of output for the above axis
   output = f-curr          # surface crossing forward current spectrum
     part =  proton   
# kf/name :  2212     
   epsout =    1            # (D=0) generate eps file by ANGEL
#    used :        main (  %)        temp (  %)       total (  %)
#  memory :         110 (  0)           0 (  0)         110 (  0)

[ T-Deposit ]
    title = Bragg peak in cr
     mesh =  r-z            # mesh type is r-z scoring mesh
       x0 =   0.000000      # center x-position of r-z mesh
       y0 =   0.000000      # center y-position of r-z mesh
   r-type =    2            # r-mesh is linear given by rmin, rmax and nr
     rmin =   0.000000      # minimum value of r-mesh points
     rmax =  0.5000000      # maximum value of r-mesh points
#    rdel =  0.5000000      # mesh width of r-mesh points
       nr =      1          # number of r-mesh points
#    data = ( r(i), i = 1, nr + 1 )
#           0.00000E+00  5.00000E-01
   z-type =    2            # z-mesh is linear given by zmin, zmax and nz
     zmin =   97.00000      # minimum value of z-mesh points
     zmax =   100.0000      # maximum value of z-mesh points
#    zdel =  1.0000000E-02  # mesh width of z-mesh points
       nz =    300          # number of z-mesh points
#    data = ( z(i), i = 1, nz + 1 )
#           9.70000E+01  9.70100E+01  9.70200E+01  9.70300E+01  9.70400E+01
#           9.70500E+01  9.70600E+01  9.70700E+01  9.70800E+01  9.70900E+01
#           9.71000E+01  9.71100E+01  9.71200E+01  9.71300E+01  9.71400E+01
#           9.71500E+01  9.71600E+01  9.71700E+01  9.71800E+01  9.71900E+01
#           9.72000E+01  9.72100E+01  9.72200E+01  9.72300E+01  9.72400E+01
#           9.72500E+01  9.72600E+01  9.72700E+01  9.72800E+01  9.72900E+01
#           9.73000E+01  9.73100E+01  9.73200E+01  9.73300E+01  9.73400E+01
#           9.73500E+01  9.73600E+01  9.73700E+01  9.73800E+01  9.73900E+01
#           9.74000E+01  9.74100E+01  9.74200E+01  9.74300E+01  9.74400E+01
#           9.74500E+01  9.74600E+01  9.74700E+01  9.74800E+01  9.74900E+01
#           9.75000E+01  9.75100E+01  9.75200E+01  9.75300E+01  9.75400E+01
#           9.75500E+01  9.75600E+01  9.75700E+01  9.75800E+01  9.75900E+01
#           9.76000E+01  9.76100E+01  9.76200E+01  9.76300E+01  9.76400E+01
#           9.76500E+01  9.76600E+01  9.76700E+01  9.76800E+01  9.76900E+01
#           9.77000E+01  9.77100E+01  9.77200E+01  9.77300E+01  9.77400E+01
#           9.77500E+01  9.77600E+01  9.77700E+01  9.77800E+01  9.77900E+01
#           9.78000E+01  9.78100E+01  9.78200E+01  9.78300E+01  9.78400E+01
#           9.78500E+01  9.78600E+01  9.78700E+01  9.78800E+01  9.78900E+01
#           9.79000E+01  9.79100E+01  9.79200E+01  9.79300E+01  9.79400E+01
#           9.79500E+01  9.79600E+01  9.79700E+01  9.79800E+01  9.79900E+01
#           9.80000E+01  9.80100E+01  9.80200E+01  9.80300E+01  9.80400E+01
#           9.80500E+01  9.80600E+01  9.80700E+01  9.80800E+01  9.80900E+01
#           9.81000E+01  9.81100E+01  9.81200E+01  9.81300E+01  9.81400E+01
#           9.81500E+01  9.81600E+01  9.81700E+01  9.81800E+01  9.81900E+01
#           9.82000E+01  9.82100E+01  9.82200E+01  9.82300E+01  9.82400E+01
#           9.82500E+01  9.82600E+01  9.82700E+01  9.82800E+01  9.82900E+01
#           9.83000E+01  9.83100E+01  9.83200E+01  9.83300E+01  9.83400E+01
#           9.83500E+01  9.83600E+01  9.83700E+01  9.83800E+01  9.83900E+01
#           9.84000E+01  9.84100E+01  9.84200E+01  9.84300E+01  9.84400E+01
#           9.84500E+01  9.84600E+01  9.84700E+01  9.84800E+01  9.84900E+01
#           9.85000E+01  9.85100E+01  9.85200E+01  9.85300E+01  9.85400E+01
#           9.85500E+01  9.85600E+01  9.85700E+01  9.85800E+01  9.85900E+01
#           9.86000E+01  9.86100E+01  9.86200E+01  9.86300E+01  9.86400E+01
#           9.86500E+01  9.86600E+01  9.86700E+01  9.86800E+01  9.86900E+01
#           9.87000E+01  9.87100E+01  9.87200E+01  9.87300E+01  9.87400E+01
#           9.87500E+01  9.87600E+01  9.87700E+01  9.87800E+01  9.87900E+01
#           9.88000E+01  9.88100E+01  9.88200E+01  9.88300E+01  9.88400E+01
#           9.88500E+01  9.88600E+01  9.88700E+01  9.88800E+01  9.88900E+01
#           9.89000E+01  9.89100E+01  9.89200E+01  9.89300E+01  9.89400E+01
#           9.89500E+01  9.89600E+01  9.89700E+01  9.89800E+01  9.89900E+01
#           9.90000E+01  9.90100E+01  9.90200E+01  9.90300E+01  9.90400E+01
#           9.90500E+01  9.90600E+01  9.90700E+01  9.90800E+01  9.90900E+01
#           9.91000E+01  9.91100E+01  9.91200E+01  9.91300E+01  9.91400E+01
#           9.91500E+01  9.91600E+01  9.91700E+01  9.91800E+01  9.91900E+01
#           9.92000E+01  9.92100E+01  9.92200E+01  9.92300E+01  9.92400E+01
#           9.92500E+01  9.92600E+01  9.92700E+01  9.92800E+01  9.92900E+01
#           9.93000E+01  9.93100E+01  9.93200E+01  9.93300E+01  9.93400E+01
#           9.93500E+01  9.93600E+01  9.93700E+01  9.93800E+01  9.93900E+01
#           9.94000E+01  9.94100E+01  9.94200E+01  9.94300E+01  9.94400E+01
#           9.94500E+01  9.94600E+01  9.94700E+01  9.94800E+01  9.94900E+01
#           9.95000E+01  9.95100E+01  9.95200E+01  9.95300E+01  9.95400E+01
#           9.95500E+01  9.95600E+01  9.95700E+01  9.95800E+01  9.95900E+01
#           9.96000E+01  9.96100E+01  9.96200E+01  9.96300E+01  9.96400E+01
#           9.96500E+01  9.96600E+01  9.96700E+01  9.96800E+01  9.96900E+01
#           9.97000E+01  9.97100E+01  9.97200E+01  9.97300E+01  9.97400E+01
#           9.97500E+01  9.97600E+01  9.97700E+01  9.97800E+01  9.97900E+01
#           9.98000E+01  9.98100E+01  9.98200E+01  9.98300E+01  9.98400E+01
#           9.98500E+01  9.98600E+01  9.98700E+01  9.98800E+01  9.98900E+01
#           9.99000E+01  9.99100E+01  9.99200E+01  9.99300E+01  9.99400E+01
#           9.99500E+01  9.99600E+01  9.99700E+01  9.99800E+01  9.99900E+01
#           1.00000E+02
     unit =    0            # unit is [Gy/source]
   letmat =    0            # (D=0) mat ID for LET, 0:real mat, <0: electron for H2O
  dedxfnc =    0            # (D=0) user defined multiplier, 0(no), 1, 2
 material =  all            # (D=all) number of specific material
   output =  dose           # total deposit energy
  deposit =    0            # (D=0) 0-> total deposit dist, 1-> each process
     axis =     z           # axis of output
     file = ./out/bragg_cr.out  # file name of output for the above axis
     part =  proton   
# kf/name :  2212     
   epsout =    1            # (D=0) generate eps file by ANGEL
   mother =  all            # (D=all) number of specific mother
#    used :        main (  %)        temp (  %)       total (  %)
#  memory :         306 (  0)           0 (  0)         306 (  0)

[END] of Input Echo <<<========================================================

<<< Report of real Geometry memory >>>
*           GG/CG memory =        2
*     total memory: mdas = 80000000
*                percent =     0.00 %

<<< Report of material memory for high energy>>>
*   high energy material =        1
*     total memory: mdas = 80000000
*                percent =     0.00 %

<<< Report of material memory for low energy>>>
*    low energy material =    22905
*     total memory: mdas = 80000000
*                percent =     0.03 %

<<< Report of real tally memory >>>
*      real tally memory =     1145
*     total memory: mdas = 80000000
*                percent =     0.00 %

<<< Report of temporary tally memory >>>
* temporary tally memory =    22926
*     total memory: mdas = 80000000
*                percent =     0.03 %

<<< Report of total memory >>>
*      used total memory =    22927
*     total memory: mdas = 80000000
*                percent =     0.03 %
*                ---------------------

-------------------------------------------------------------------------------
 job termination date : 2026/08/31
                 time :   16:23:11

 END 
