
Errors of cell definition in EPS Page No. =   1
Overlapped Cell IDs  x, y, z  coodinates
(Cells 0       0  indicate undefined region)
     600    7002     1.234568E-08 -1.314272E+00  9.841783E+01
     600    7002     1.234568E-08 -9.857002E-01  9.841783E+01
     600    7002     1.234568E-08 -6.571288E-01  9.841783E+01
     600    7002     1.234568E-08 -3.285574E-01  9.841783E+01

Errors of cell definition in EPS Page No. =   1
Overlapped Cell IDs  x, y, z  coodinates
(Cells 0       0  indicate undefined region)
     600    7002     1.234568E-08 -1.314272E+00  9.841783E+01
     600    7004     1.234568E-08 -1.314272E+00  9.846882E+01
     600    7005     1.234568E-08 -1.314272E+00  9.851981E+01
     600    7006     1.234568E-08 -1.314272E+00  9.857080E+01
     600    7002     1.234568E-08 -9.857002E-01  9.841783E+01
     600    7004     1.234568E-08 -9.857002E-01  9.846882E+01
     600    7005     1.234568E-08 -9.857002E-01  9.851981E+01
     600    7006     1.234568E-08 -9.857002E-01  9.857080E+01
     600    7002     1.234568E-08 -6.571288E-01  9.841783E+01
     600    7004     1.234568E-08 -6.571288E-01  9.846882E+01
     600    7005     1.234568E-08 -6.571288E-01  9.851981E+01
     600    7006     1.234568E-08 -6.571288E-01  9.857080E+01
     600    7002     1.234568E-08 -3.285574E-01  9.841783E+01
     600    7004     1.234568E-08 -3.285574E-01  9.846882E+01
     600    7005     1.234568E-08 -3.285574E-01  9.851981E+01
     600    7006     1.234568E-08 -3.285574E-01  9.857080E+01
     600    7004     1.234568E-08  1.407407E-05  9.846882E+01
     600    7005     1.234568E-08  1.407407E-05  9.851981E+01
     600    7006     1.234568E-08  1.407407E-05  9.857080E+01
     600    7004     1.234568E-08  3.285855E-01  9.846882E+01
     600    7005     1.234568E-08  3.285855E-01  9.851981E+01
     600    7006     1.234568E-08  3.285855E-01  9.857080E+01
     600    7004     1.234568E-08  6.571569E-01  9.846882E+01
     600    7005     1.234568E-08  6.571569E-01  9.851981E+01
     600    7006     1.234568E-08  6.571569E-01  9.857080E+01
     600    7005     1.234568E-08  9.857284E-01  9.851981E+01
     600    7006     1.234568E-08  9.857284E-01  9.857080E+01
     600    7005     1.234568E-08  1.314300E+00  9.851981E+01
     600    7006     1.234568E-08  1.314300E+00  9.857080E+01
     600    7005     1.234568E-08  1.642871E+00  9.851981E+01
     600    7006     1.234568E-08  1.642871E+00  9.857080E+01

Errors of cell definition in EPS Page No. =   1
Overlapped Cell IDs  x, y, z  coodinates
(Cells 0       0  indicate undefined region)
     600    7002     1.234568E-08 -1.314272E+00  9.841783E+01
     600    7004     1.234568E-08 -1.314272E+00  9.846882E+01
     600    7005     1.234568E-08 -1.314272E+00  9.851981E+01
     600    7006     1.234568E-08 -1.314272E+00  9.857080E+01
     600    7002     1.234568E-08 -9.857002E-01  9.841783E+01
     600    7004     1.234568E-08 -9.857002E-01  9.846882E+01
     600    7005     1.234568E-08 -9.857002E-01  9.851981E+01
     600    7006     1.234568E-08 -9.857002E-01  9.857080E+01
     600    7002     1.234568E-08 -6.571288E-01  9.841783E+01
     600    7004     1.234568E-08 -6.571288E-01  9.846882E+01
     600    7005     1.234568E-08 -6.571288E-01  9.851981E+01
     600    7006     1.234568E-08 -6.571288E-01  9.857080E+01
     600    7002     1.234568E-08 -3.285574E-01  9.841783E+01
     600    7004     1.234568E-08 -3.285574E-01  9.846882E+01
     600    7005     1.234568E-08 -3.285574E-01  9.851981E+01
     600    7006     1.234568E-08 -3.285574E-01  9.857080E+01
     600    7002     1.234568E-08  1.407407E-05  9.841783E+01
     600    7004     1.234568E-08  1.407407E-05  9.846882E+01
     600    7002     1.234568E-08  3.285855E-01  9.841783E+01
     600    7004     1.234568E-08  3.285855E-01  9.846882E+01
     600    7002     1.234568E-08  6.571569E-01  9.841783E+01
     600    7004     1.234568E-08  6.571569E-01  9.846882E+01
     600    7002     1.234568E-08  9.857284E-01  9.841783E+01
     600    7002     1.234568E-08  1.314300E+00  9.841783E+01
     600    7002     1.234568E-08  1.642871E+00  9.841783E+01

Errors of cell definition in EPS Page No. =   1
Overlapped Cell IDs  x, y, z  coodinates
(Cells 0       0  indicate undefined region)
     600    7005     1.234568E-08 -1.314272E+00  9.851981E+01
     600    7006     1.234568E-08 -1.314272E+00  9.857080E+01
     600    7005     1.234568E-08 -9.857002E-01  9.851981E+01
     600    7006     1.234568E-08 -9.857002E-01  9.857080E+01
     600    7005     1.234568E-08 -6.571288E-01  9.851981E+01
     600    7006     1.234568E-08 -6.571288E-01  9.857080E+01
     600    7005     1.234568E-08 -3.285574E-01  9.851981E+01
     600    7006     1.234568E-08 -3.285574E-01  9.857080E+01
     600    7004     1.234568E-08  1.407407E-05  9.846882E+01
     600    7005     1.234568E-08  1.407407E-05  9.851981E+01
     600    7006     1.234568E-08  1.407407E-05  9.857080E+01
     600    7004     1.234568E-08  3.285855E-01  9.846882E+01
     600    7005     1.234568E-08  3.285855E-01  9.851981E+01
     600    7006     1.234568E-08  3.285855E-01  9.857080E+01
     600    7004     1.234568E-08  6.571569E-01  9.846882E+01
     600    7005     1.234568E-08  6.571569E-01  9.851981E+01
     600    7006     1.234568E-08  6.571569E-01  9.857080E+01
     600    7002     1.234568E-08  9.857284E-01  9.841783E+01
     600    7004     1.234568E-08  9.857284E-01  9.846882E+01
     600    7005     1.234568E-08  9.857284E-01  9.851981E+01
     600    7006     1.234568E-08  9.857284E-01  9.857080E+01
     600    7002     1.234568E-08  1.314300E+00  9.841783E+01
     600    7004     1.234568E-08  1.314300E+00  9.846882E+01
     600    7005     1.234568E-08  1.314300E+00  9.851981E+01
     600    7006     1.234568E-08  1.314300E+00  9.857080E+01
     600    7002     1.234568E-08  1.642871E+00  9.841783E+01
     600    7004     1.234568E-08  1.642871E+00  9.846882E+01
     600    7005     1.234568E-08  1.642871E+00  9.851981E+01
     600    7006     1.234568E-08  1.642871E+00  9.857080E+01

Errors of cell definition in EPS Page No. =   1
Overlapped Cell IDs  x, y, z  coodinates
(Cells 0       0  indicate undefined region)
     600    7008     1.234568E-08 -1.314272E+00  9.857080E+01
     600    7008     1.234568E-08 -9.857002E-01  9.857080E+01
     600    7008     1.234568E-08 -6.571288E-01  9.857080E+01
     600    7006     1.234568E-08 -3.285574E-01  9.851981E+01
     600    7008     1.234568E-08 -3.285574E-01  9.857080E+01
     600    7006     1.234568E-08  1.407407E-05  9.851981E+01
     600    7008     1.234568E-08  1.407407E-05  9.857080E+01
     600    7004     1.234568E-08  3.285855E-01  9.846882E+01
     600    7006     1.234568E-08  3.285855E-01  9.851981E+01
     600    7008     1.234568E-08  3.285855E-01  9.857080E+01
     600    7004     1.234568E-08  6.571569E-01  9.846882E+01
     600    7006     1.234568E-08  6.571569E-01  9.851981E+01
     600    7008     1.234568E-08  6.571569E-01  9.857080E+01
     600    7004     1.234568E-08  9.857284E-01  9.846882E+01
     600    7006     1.234568E-08  9.857284E-01  9.851981E+01
     600    7008     1.234568E-08  9.857284E-01  9.857080E+01
     600    7002     1.234568E-08  1.314300E+00  9.841783E+01
     600    7004     1.234568E-08  1.314300E+00  9.846882E+01
     600    7006     1.234568E-08  1.314300E+00  9.851981E+01
     600    7008     1.234568E-08  1.314300E+00  9.857080E+01
     600    7002     1.234568E-08  1.642871E+00  9.841783E+01
     600    7004     1.234568E-08  1.642871E+00  9.846882E+01
     600    7006     1.234568E-08  1.642871E+00  9.851981E+01
     600    7008     1.234568E-08  1.642871E+00  9.857080E+01
