[ T-Track ]
    title = [t-track] in xyz mesh
     mesh =  xyz            # mesh type is xyz scoring mesh
   x-type =    2            # x-mesh is linear given by xmin, xmax and nx
     xmin = -1.0000000E-02  # minimum value of x-mesh points
     xmax =  1.0000000E-02  # maximum value of x-mesh points
#    xdel =  2.0000000E-02  # mesh width of x-mesh points
       nx =      1          # number of x-mesh points
#    data = ( x(i), i = 1, nx + 1 )
#          -1.00000E-02  1.00000E-02
   y-type =    4            # y-mesh is linear given by ymin, ymax and ydel
     ymin =  -3.000000      # minimum value of y-mesh points
     ymax =   3.000000      # maximum value of y-mesh points
     ydel =  0.3000000      # mesh width of y-mesh points
#      ny =   20            # number of y-mesh points
#    data = ( y(i), i = 1, ny + 1 )
#          -3.00000E+00 -2.70000E+00 -2.40000E+00 -2.10000E+00 -1.80000E+00
#          -1.50000E+00 -1.20000E+00 -9.00000E-01 -6.00000E-01 -3.00000E-01
#           0.00000E+00  3.00000E-01  6.00000E-01  9.00000E-01  1.20000E+00
#           1.50000E+00  1.80000E+00  2.10000E+00  2.40000E+00  2.70000E+00
#           3.00000E+00
   z-type =    2            # z-mesh is linear given by zmin, zmax and nz
     zmin =   95.00000      # minimum value of z-mesh points
     zmax =   100.0000      # maximum value of z-mesh points
#    zdel =  5.0000000E-02  # mesh width of z-mesh points
       nz =    100          # number of z-mesh points
#    data = ( z(i), i = 1, nz + 1 )
#           9.50000E+01  9.50500E+01  9.51000E+01  9.51500E+01  9.52000E+01
#           9.52500E+01  9.53000E+01  9.53500E+01  9.54000E+01  9.54500E+01
#           9.55000E+01  9.55500E+01  9.56000E+01  9.56500E+01  9.57000E+01
#           9.57500E+01  9.58000E+01  9.58500E+01  9.59000E+01  9.59500E+01
#           9.60000E+01  9.60500E+01  9.61000E+01  9.61500E+01  9.62000E+01
#           9.62500E+01  9.63000E+01  9.63500E+01  9.64000E+01  9.64500E+01
#           9.65000E+01  9.65500E+01  9.66000E+01  9.66500E+01  9.67000E+01
#           9.67500E+01  9.68000E+01  9.68500E+01  9.69000E+01  9.69500E+01
#           9.70000E+01  9.70500E+01  9.71000E+01  9.71500E+01  9.72000E+01
#           9.72500E+01  9.73000E+01  9.73500E+01  9.74000E+01  9.74500E+01
#           9.75000E+01  9.75500E+01  9.76000E+01  9.76500E+01  9.77000E+01
#           9.77500E+01  9.78000E+01  9.78500E+01  9.79000E+01  9.79500E+01
#           9.80000E+01  9.80500E+01  9.81000E+01  9.81500E+01  9.82000E+01
#           9.82500E+01  9.83000E+01  9.83500E+01  9.84000E+01  9.84500E+01
#           9.85000E+01  9.85500E+01  9.86000E+01  9.86500E+01  9.87000E+01
#           9.87500E+01  9.88000E+01  9.88500E+01  9.89000E+01  9.89500E+01
#           9.90000E+01  9.90500E+01  9.91000E+01  9.91500E+01  9.92000E+01
#           9.92500E+01  9.93000E+01  9.93500E+01  9.94000E+01  9.94500E+01
#           9.95000E+01  9.95500E+01  9.96000E+01  9.96500E+01  9.97000E+01
#           9.97500E+01  9.98000E+01  9.98500E+01  9.99000E+01  9.99500E+01
#           1.00000E+02
   e-type =    1            # e-mesh is given by the below data
       ne =      1          # number of e-mesh points
#    data = ( e(i), i = 1, ne + 1 )
            0.00000E+00  1.00000E+03
     unit =    1            # unit is [1/cm^2/source]
 material =  all            # (D=all) number of specific material
  2D-type =    3            # 1:Cont, 2:Clust, 3:Color, 4:xyz, 5:mat, 6:Clust+Cont, 7:Col+Cont
     axis =      yz            # axis of output
     file = ./out/track_xz.out  # file name of output for the above axis
     part =  proton     photon   
# kf/name :  2212       22       
    gshow =    1            # 0: no 1:bnd, 2:bnd+mat, 3:bnd+reg 4:bnd+lat 5:bmp style
    resol =    1            # (D=1) resolution of gshow or rshow
    width = 0.5000000       # (D=0.5) width of lines for gshow or rshow
   epsout =    1            # (D=0) generate eps file by ANGEL
#    used :        main (  %)        temp (  %)       total (  %)
#  memory :         130 (  0)           0 (  0)         130 (  0)

#------------------------------------------------------------------------------
#newpage:
#   no. =  1   ie  =  1   ix  =  1   part. = proton  
#   e = (   0.0000E+00  -   1.0000E+03  )
#   x = (  -1.0000E-02  -   1.0000E-02  )

'no. =  1,  ie =  1,  ix =  1'
msuc: {\huge [t-track] in xyz mesh}
msdr: {\it plotted by \ANGEL \version}
msdl: {\it calculated by \PHITS  3.35}

x: z [cm]
y: y [cm]
set: c1[ 1.200] c2[ 0.822] c5[ 0.800] c6[ 0.928] c7[ 0.133] c8[ 0.000]
p: h2fs form[c1] xfac[c2] afac[c5] scal[c6] xorg[c7] yorg[c8] nosp
p: xmin(  95.00000    ) xmax(  100.0000    )
p: ymin( -3.000000    ) ymax(  3.000000    )

#   no. =  1   ie  =  1   ix  =  1
#   e = (   0.0000E+00  -   1.0000E+03  )
#   x = (  -1.0000E-02  -   1.0000E-02  )

#------------------------------------------------------------------------------
# gshow
#------------------------------------------------------------------------------

p: legs[c5*0.875]

h: x ny1,0  y2=[y1](Air),ic[cyan]
 -1.000000E+00 -1.000000E+00

hb:   line clip z   cb(cyan)
frame:
  9.5000006E+01 -2.9999866E+00
  1.0000001E+02 -2.9999866E+00
  1.0000001E+02  3.0000134E+00
  9.5000006E+01  3.0000134E+00
clip:
  9.49505012E+01 -3.28570021E+00
  9.55800000E+01 -3.28570021E+00
  9.55800000E+01 -3.17217549E+00
  9.55800000E+01 -2.95712878E+00
  9.55800000E+01 -2.84360407E+00
  9.55800000E+01 -2.62855735E+00
  9.55800000E+01 -2.51503264E+00
  9.55800000E+01 -2.29998593E+00
  9.55800000E+01 -2.18646121E+00
  9.55800000E+01 -1.97141450E+00
  9.55800000E+01 -1.85788978E+00
  9.55800000E+01 -1.64284307E+00
  9.55800000E+01 -1.52931835E+00
  9.56140287E+01 -1.31850000E+00
  9.56643626E+01 -1.31850000E+00
  9.83165039E+01 -1.31850000E+00
  9.83300000E+01 -1.31427164E+00
  9.83300000E+01 -1.22307702E+00
  9.83300000E+01 -9.85700212E-01
  9.83300000E+01 -8.94505592E-01
  9.83300000E+01 -6.57128783E-01
  9.83300000E+01 -5.65934163E-01
  9.83300000E+01 -3.28557354E-01
  9.83300000E+01 -2.37362735E-01
  9.83300000E+01  1.40740734E-05
  9.83300000E+01  9.12086940E-02
  9.83300000E+01  3.28585503E-01
  9.83300000E+01  4.19780123E-01
  9.83300000E+01  6.57156931E-01
  9.83300000E+01  7.48351551E-01
  9.83300000E+01  9.85728360E-01
  9.83300000E+01  1.07692298E+00
  9.83300000E+01  1.31429979E+00
  9.83300000E+01  1.40549441E+00
  9.83300000E+01  1.64287122E+00
  9.83300000E+01  1.73406584E+00
  9.83300000E+01  1.97144265E+00
  9.83668379E+01  2.18150000E+00
  9.89971109E+01  2.18150000E+00
  9.90452301E+01  2.20000000E+00
  9.91982004E+01  2.20000000E+00
  9.92100000E+01  1.97144265E+00
  9.92100000E+01  1.81892021E+00
  9.92100000E+01  1.64287122E+00
  9.92100000E+01  1.49034878E+00
  9.92100000E+01  1.31429979E+00
  9.92100000E+01  1.16177735E+00
  9.92100000E+01  9.85728360E-01
  9.92100000E+01  8.33205920E-01
  9.92100000E+01  6.57156931E-01
  9.92100000E+01  5.04634492E-01
  9.92100000E+01  3.28585503E-01
  9.92100000E+01  1.76063063E-01
  9.92100000E+01  1.40740734E-05
  9.92100000E+01 -1.52508366E-01
  9.92100000E+01 -3.28557354E-01
  9.92100000E+01 -4.81079794E-01
  9.92100000E+01 -6.57128783E-01
  9.92100000E+01 -8.09651223E-01
  9.92100000E+01 -9.85700212E-01
  9.92100000E+01 -1.13822265E+00
  9.92100000E+01 -1.31427164E+00
  9.92336695E+01 -1.31850000E+00
  1.00049511E+02 -1.31850000E+00
  1.00049511E+02 -1.31427164E+00
  1.00049511E+02 -9.85700212E-01
  1.00049511E+02 -6.57128783E-01
  1.00049511E+02 -3.28557354E-01
  1.00049511E+02  1.40740734E-05
  1.00049511E+02  3.28585503E-01
  1.00049511E+02  6.57156931E-01
  1.00049511E+02  9.85728360E-01
  1.00049511E+02  1.31429979E+00
  1.00049511E+02  1.64287122E+00
  1.00049511E+02  1.97144265E+00
  1.00049511E+02  2.30001407E+00
  1.00049511E+02  2.62858550E+00
  1.00049511E+02  2.95715693E+00
  1.00049511E+02  3.28572836E+00
  9.99985210E+01  3.28572836E+00
  9.99475309E+01  3.28572836E+00
  9.98965408E+01  3.28572836E+00
  9.98455507E+01  3.28572836E+00
  9.97945606E+01  3.28572836E+00
  9.97435705E+01  3.28572836E+00
  9.96925804E+01  3.28572836E+00
  9.96415903E+01  3.28572836E+00
  9.95906002E+01  3.28572836E+00
  9.95396101E+01  3.28572836E+00
  9.94886200E+01  3.28572836E+00
  9.94376299E+01  3.28572836E+00
  9.93866398E+01  3.28572836E+00
  9.93356497E+01  3.28572836E+00
  9.92846596E+01  3.28572836E+00
  9.92336695E+01  3.28572836E+00
  9.91826794E+01  3.28572836E+00
  9.91316893E+01  3.28572836E+00
  9.90806992E+01  3.28572836E+00
  9.90297091E+01  3.28572836E+00
  9.89787190E+01  3.28572836E+00
  9.89277289E+01  3.28572836E+00
  9.88767388E+01  3.28572836E+00
  9.88257487E+01  3.28572836E+00
  9.87747586E+01  3.28572836E+00
  9.87237685E+01  3.28572836E+00
  9.86727785E+01  3.28572836E+00
  9.86217884E+01  3.28572836E+00
  9.85707983E+01  3.28572836E+00
  9.85198082E+01  3.28572836E+00
  9.84688181E+01  3.28572836E+00
  9.84178280E+01  3.28572836E+00
  9.83668379E+01  3.28572836E+00
  9.83158478E+01  3.28572836E+00
  9.82648577E+01  3.28572836E+00
  9.82138676E+01  3.28572836E+00
  9.81628775E+01  3.28572836E+00
  9.81118874E+01  3.28572836E+00
  9.80608973E+01  3.28572836E+00
  9.80099072E+01  3.28572836E+00
  9.79589171E+01  3.28572836E+00
  9.79079270E+01  3.28572836E+00
  9.78569369E+01  3.28572836E+00
  9.78059468E+01  3.28572836E+00
  9.77549567E+01  3.28572836E+00
  9.77039666E+01  3.28572836E+00
  9.76529765E+01  3.28572836E+00
  9.76019864E+01  3.28572836E+00
  9.75509963E+01  3.28572836E+00
  9.75000062E+01  3.28572836E+00
  9.74490161E+01  3.28572836E+00
  9.73980260E+01  3.28572836E+00
  9.73470359E+01  3.28572836E+00
  9.72960458E+01  3.28572836E+00
  9.72450557E+01  3.28572836E+00
  9.71940656E+01  3.28572836E+00
  9.71430755E+01  3.28572836E+00
  9.70920854E+01  3.28572836E+00
  9.70410953E+01  3.28572836E+00
  9.69901052E+01  3.28572836E+00
  9.69391151E+01  3.28572836E+00
  9.68881250E+01  3.28572836E+00
  9.68371349E+01  3.28572836E+00
  9.67861448E+01  3.28572836E+00
  9.67351547E+01  3.28572836E+00
  9.66841646E+01  3.28572836E+00
  9.66331745E+01  3.28572836E+00
  9.65821844E+01  3.28572836E+00
  9.65311943E+01  3.28572836E+00
  9.64802042E+01  3.28572836E+00
  9.64292141E+01  3.28572836E+00
  9.63782240E+01  3.28572836E+00
  9.63272339E+01  3.28572836E+00
  9.62762438E+01  3.28572836E+00
  9.62252537E+01  3.28572836E+00
  9.61742636E+01  3.28572836E+00
  9.61232735E+01  3.28572836E+00
  9.60722834E+01  3.28572836E+00
  9.60212933E+01  3.28572836E+00
  9.59703032E+01  3.28572836E+00
  9.59193131E+01  3.28572836E+00
  9.58683230E+01  3.28572836E+00
  9.58173329E+01  3.28572836E+00
  9.57663428E+01  3.28572836E+00
  9.57153527E+01  3.28572836E+00
  9.56643626E+01  3.28572836E+00
  9.56133725E+01  3.28572836E+00
  9.55623824E+01  3.28572836E+00
  9.55113923E+01  3.28572836E+00
  9.54604022E+01  3.28572836E+00
  9.54094121E+01  3.28572836E+00
  9.53584220E+01  3.28572836E+00
  9.53074319E+01  3.28572836E+00
  9.52564418E+01  3.28572836E+00
  9.52054517E+01  3.28572836E+00
  9.51544616E+01  3.28572836E+00
  9.51034715E+01  3.28572836E+00
  9.50524814E+01  3.28572836E+00
  9.50014913E+01  3.28572836E+00
  9.49505012E+01  3.28572836E+00
  9.49505012E+01  2.95715693E+00
  9.49505012E+01  2.62858550E+00
  9.49505012E+01  2.30001407E+00
  9.49505012E+01  1.97144265E+00
  9.49505012E+01  1.64287122E+00
  9.49505012E+01  1.31429979E+00
  9.49505012E+01  9.85728360E-01
  9.49505012E+01  6.57156931E-01
  9.49505012E+01  3.28585503E-01
  9.49505012E+01  1.40740734E-05
  9.49505012E+01 -3.28557354E-01
  9.49505012E+01 -6.57128783E-01
  9.49505012E+01 -9.85700212E-01
  9.49505012E+01 -1.31427164E+00
  9.49505012E+01 -1.64284307E+00
  9.49505012E+01 -1.97141450E+00
  9.49505012E+01 -2.29998593E+00
  9.49505012E+01 -2.62855735E+00
  9.49505012E+01 -2.95712878E+00
  9.49505012E+01 -3.28570021E+00

h: x ny1,0  y2=[y1](plastic),ic[black]
 -1.000000E+00 -1.000000E+00

hb:   line clip z   cb(black)
frame:
  9.5000006E+01 -2.9999866E+00
  1.0000001E+02 -2.9999866E+00
  1.0000001E+02  3.0000134E+00
  9.5000006E+01  3.0000134E+00
clip:
  9.56133725E+01 -3.28570021E+00
  9.60800000E+01 -3.28570021E+00
  9.60800000E+01 -3.23597577E+00
  9.60800000E+01 -2.95712878E+00
  9.60800000E+01 -2.90740434E+00
  9.60800000E+01 -2.62855735E+00
  9.60800000E+01 -2.57883291E+00
  9.60800000E+01 -2.29998593E+00
  9.60800000E+01 -2.25026149E+00
  9.60800000E+01 -1.97141450E+00
  9.60800000E+01 -1.92169006E+00
  9.60800000E+01 -1.64284307E+00
  9.60800000E+01 -1.59311863E+00
  9.60722834E+01 -1.31850000E+00
  9.60219495E+01 -1.31850000E+00
  9.60212933E+01 -1.31850000E+00
  9.59709594E+01 -1.31850000E+00
  9.59703032E+01 -1.31850000E+00
  9.59199693E+01 -1.31850000E+00
  9.59193131E+01 -1.31850000E+00
  9.58689792E+01 -1.31850000E+00
  9.58683230E+01 -1.31850000E+00
  9.58179891E+01 -1.31850000E+00
  9.58173329E+01 -1.31850000E+00
  9.57669990E+01 -1.31850000E+00
  9.57663428E+01 -1.31850000E+00
  9.57160089E+01 -1.31850000E+00
  9.57153527E+01 -1.31850000E+00
  9.56650188E+01 -1.31850000E+00
  9.56643626E+01 -1.31850000E+00
  9.56140287E+01 -1.31850000E+00
  9.56133725E+01 -1.31850000E+00
  9.55800000E+01 -1.42779636E+00
  9.55800000E+01 -1.64284307E+00
  9.55800000E+01 -1.85788978E+00
  9.55800000E+01 -1.97141450E+00
  9.55800000E+01 -2.18646121E+00
  9.55800000E+01 -2.29998593E+00
  9.55800000E+01 -2.51503264E+00
  9.55800000E+01 -2.62855735E+00
  9.55800000E+01 -2.84360407E+00
  9.55800000E+01 -2.95712878E+00
  9.55800000E+01 -3.17217549E+00
  9.55800000E+01 -3.28570021E+00

hb:   line clip z   cb(cyan)
frame:
  9.5000006E+01 -2.9999866E+00
  1.0000001E+02 -2.9999866E+00
  1.0000001E+02  3.0000134E+00
  9.5000006E+01  3.0000134E+00
clip:
  9.61232735E+01 -3.28570021E+00
  9.72787517E+01 -3.28570021E+00
  9.73246103E+01 -3.14119342E+00
  9.73877160E+01 -2.95712878E+00
  9.74490161E+01 -2.79295672E+00
  9.75042729E+01 -2.65605152E+00
  9.75509963E+01 -2.54779358E+00
  9.76019864E+01 -2.43692984E+00
  9.76529765E+01 -2.33317527E+00
  9.77039666E+01 -2.23609713E+00
  9.77549567E+01 -2.14532183E+00
  9.78059468E+01 -2.06052484E+00
  9.78569369E+01 -1.98142289E+00
  9.78636533E+01 -1.97141450E+00
  9.79079270E+01 -1.90776764E+00
  9.79418805E+01 -1.86163393E+00
  9.79589171E+01 -1.83934068E+00
  9.79843988E+01 -1.80704323E+00
  9.80099072E+01 -1.77594947E+00
  9.80273694E+01 -1.75536675E+00
  9.80608973E+01 -1.71742397E+00
  9.80707939E+01 -1.70661554E+00
  9.81118874E+01 -1.66361395E+00
  9.81328348E+01 -1.64284307E+00
  9.81234245E+01 -1.56850000E+00
  9.81118874E+01 -1.56850000E+00
  9.81003503E+01 -1.56850000E+00
  9.80608973E+01 -1.56850000E+00
  9.80493602E+01 -1.56850000E+00
  9.80099072E+01 -1.56850000E+00
  9.79983701E+01 -1.56850000E+00
  9.79589171E+01 -1.56850000E+00
  9.79473800E+01 -1.56850000E+00
  9.79079270E+01 -1.56850000E+00
  9.78963899E+01 -1.56850000E+00
  9.78569369E+01 -1.56850000E+00
  9.78453998E+01 -1.56850000E+00
  9.78059468E+01 -1.56850000E+00
  9.77944097E+01 -1.56850000E+00
  9.77549567E+01 -1.56850000E+00
  9.77434196E+01 -1.56850000E+00
  9.77039666E+01 -1.56850000E+00
  9.76924295E+01 -1.56850000E+00
  9.76529765E+01 -1.56850000E+00
  9.76414394E+01 -1.56850000E+00
  9.76019864E+01 -1.56850000E+00
  9.75904493E+01 -1.56850000E+00
  9.75509963E+01 -1.56850000E+00
  9.75394592E+01 -1.56850000E+00
  9.75000062E+01 -1.56850000E+00
  9.74884691E+01 -1.56850000E+00
  9.74490161E+01 -1.56850000E+00
  9.74374790E+01 -1.56850000E+00
  9.73980260E+01 -1.56850000E+00
  9.73864889E+01 -1.56850000E+00
  9.73470359E+01 -1.56850000E+00
  9.73354988E+01 -1.56850000E+00
  9.72960458E+01 -1.56850000E+00
  9.72845087E+01 -1.56850000E+00
  9.72450557E+01 -1.56850000E+00
  9.72335186E+01 -1.56850000E+00
  9.71940656E+01 -1.56850000E+00
  9.71825285E+01 -1.56850000E+00
  9.71430755E+01 -1.56850000E+00
  9.71315384E+01 -1.56850000E+00
  9.70920854E+01 -1.56850000E+00
  9.70805483E+01 -1.56850000E+00
  9.70410953E+01 -1.56850000E+00
  9.70295582E+01 -1.56850000E+00
  9.69901052E+01 -1.56850000E+00
  9.69785681E+01 -1.56850000E+00
  9.69391151E+01 -1.56850000E+00
  9.69275780E+01 -1.56850000E+00
  9.68881250E+01 -1.56850000E+00
  9.68765879E+01 -1.56850000E+00
  9.68371349E+01 -1.56850000E+00
  9.68255978E+01 -1.56850000E+00
  9.67861448E+01 -1.56850000E+00
  9.67746077E+01 -1.56850000E+00
  9.67351547E+01 -1.56850000E+00
  9.67236176E+01 -1.56850000E+00
  9.66841646E+01 -1.56850000E+00
  9.66726275E+01 -1.56850000E+00
  9.66331745E+01 -1.56850000E+00
  9.66216374E+01 -1.56850000E+00
  9.65821844E+01 -1.56850000E+00
  9.65706473E+01 -1.56850000E+00
  9.65311943E+01 -1.56850000E+00
  9.65196572E+01 -1.56850000E+00
  9.64802042E+01 -1.56850000E+00
  9.64686671E+01 -1.56850000E+00
  9.64292141E+01 -1.56850000E+00
  9.64176770E+01 -1.56850000E+00
  9.63782240E+01 -1.56850000E+00
  9.63666869E+01 -1.56850000E+00
  9.63272339E+01 -1.56850000E+00
  9.63156968E+01 -1.56850000E+00
  9.62762438E+01 -1.56850000E+00
  9.62647067E+01 -1.56850000E+00
  9.62252537E+01 -1.56850000E+00
  9.62137166E+01 -1.56850000E+00
  9.61742636E+01 -1.56850000E+00
  9.61627265E+01 -1.56850000E+00
  9.61232735E+01 -1.56850000E+00
  9.61117364E+01 -1.56850000E+00
  9.60800000E+01 -1.64284307E+00
  9.60800000E+01 -1.92169006E+00
  9.60800000E+01 -1.97141450E+00
  9.60800000E+01 -2.25026149E+00
  9.60800000E+01 -2.29998593E+00
  9.60800000E+01 -2.57883291E+00
  9.60800000E+01 -2.62855735E+00
  9.60800000E+01 -2.90740434E+00
  9.60800000E+01 -2.95712878E+00
  9.60800000E+01 -3.23597577E+00
  9.60800000E+01 -3.28570021E+00

h: x ny1,0  y2=[y1](skin),ic[brown]
 -1.000000E+00 -1.000000E+00

hb:   line clip z   cb(brown)
frame:
  9.5000006E+01 -2.9999866E+00
  1.0000001E+02 -2.9999866E+00
  1.0000001E+02  3.0000134E+00
  9.5000006E+01  3.0000134E+00
clip:
  9.72960458E+01 -3.28570021E+00
  1.00049511E+02 -3.28570021E+00
  1.00049511E+02 -2.95712878E+00
  1.00049511E+02 -2.78917622E+00
  1.00006996E+02 -2.68316683E+00
  9.99985210E+01 -2.66273712E+00
  9.99841284E+01 -2.62855735E+00
  9.99571933E+01 -2.56629480E+00
  9.99475309E+01 -2.54448721E+00
  9.99276552E+01 -2.50048139E+00
  9.98965408E+01 -2.43383552E+00
  9.98523265E+01 -2.34364775E+00
  9.98455507E+01 -2.33027955E+00
  9.98299709E+01 -2.29998593E+00
  9.98025932E+01 -2.24822541E+00
  9.97945606E+01 -2.23338844E+00
  9.97801574E+01 -2.20717423E+00
  9.97435705E+01 -2.14279015E+00
  9.97105741E+01 -2.08736257E+00
  9.96925804E+01 -2.05816145E+00
  9.96431678E+01 -1.98157966E+00
  9.96415903E+01 -1.97922016E+00
  9.96363467E+01 -1.97141450E+00
  9.95989778E+01 -1.91743096E+00
  9.95906002E+01 -1.90571885E+00
  9.95776353E+01 -1.88787095E+00
  9.95396101E+01 -1.83743993E+00
  9.95137441E+01 -1.80473796E+00
  9.94886200E+01 -1.77419154E+00
  9.94513110E+01 -1.73100174E+00
  9.94376299E+01 -1.71580426E+00
  9.93901893E+01 -1.66571507E+00
  9.93866398E+01 -1.66212839E+00
  9.93671652E+01 -1.64284307E+00
  9.93396969E+01 -1.61676405E+00
  9.93356497E+01 -1.61303168E+00
  9.93302586E+01 -1.60810348E+00
  9.92846596E+01 -1.56839749E+00
  9.92714193E+01 -1.55752441E+00
  9.92336695E+01 -1.52812316E+00
  9.92135875E+01 -1.51343805E+00
  9.91826794E+01 -1.49211877E+00
  9.91566922E+01 -1.47538608E+00
  9.91316893E+01 -1.46030602E+00
  9.91006725E+01 -1.44297577E+00
  9.90806992E+01 -1.43261729E+00
  9.90454756E+01 -1.41586792E+00
  9.90297091E+01 -1.40899494E+00
  9.89910558E+01 -1.39376756E+00
  9.89787190E+01 -1.38939060E+00
  9.89373731E+01 -1.37641665E+00
  9.89277289E+01 -1.37376475E+00
  9.88843922E+01 -1.36358833E+00
  9.88767388E+01 -1.36208622E+00
  9.88320820E+01 -1.35508225E+00
  9.88257487E+01 -1.35433197E+00
  9.87804151E+01 -1.35072085E+00
  9.87747586E+01 -1.35048676E+00
  9.87293669E+01 -1.35034630E+00
  9.87237685E+01 -1.35054309E+00
  9.86789155E+01 -1.35381797E+00
  9.86727785E+01 -1.35450106E+00
  9.86290416E+01 -1.36101030E+00
  9.86217884E+01 -1.36236842E+00
  9.85797277E+01 -1.37181115E+00
  9.85707983E+01 -1.37416059E+00
  9.85309581E+01 -1.38612023E+00
  9.85198082E+01 -1.38990089E+00
  9.84827192E+01 -1.40384792E+00
  9.84688181E+01 -1.40962068E+00
  9.84349983E+01 -1.42491424E+00
  9.84178280E+01 -1.43335977E+00
  9.83877845E+01 -1.44924792E+00
  9.83668379E+01 -1.46116676E+00
  9.83410679E+01 -1.47678567E+00
  9.83158478E+01 -1.49309959E+00
  9.82948398E+01 -1.50747153E+00
  9.82648577E+01 -1.52922615E+00
  9.82490927E+01 -1.54125635E+00
  9.82138676E+01 -1.56962509E+00
  9.82038198E+01 -1.57809728E+00
  9.81628775E+01 -1.61438668E+00
  9.81590155E+01 -1.61795742E+00
  9.81328348E+01 -1.64284307E+00
  9.81118874E+01 -1.66361395E+00
  9.80707939E+01 -1.70661554E+00
  9.80608973E+01 -1.71742397E+00
  9.80273694E+01 -1.75536675E+00
  9.80099072E+01 -1.77594947E+00
  9.79843988E+01 -1.80704323E+00
  9.79589171E+01 -1.83934068E+00
  9.79418805E+01 -1.86163393E+00
  9.79079270E+01 -1.90776764E+00
  9.78998135E+01 -1.91913251E+00
  9.78636533E+01 -1.97141450E+00
  9.78569369E+01 -1.98142289E+00
  9.78170329E+01 -2.04285135E+00
  9.78059468E+01 -2.06052484E+00
  9.77763210E+01 -2.10908232E+00
  9.77549567E+01 -2.14532183E+00
  9.77360637E+01 -2.17824266E+00
  9.77039666E+01 -2.23609713E+00
  9.76962637E+01 -2.25034967E+00
  9.76700291E+01 -2.29998593E+00
  9.76529765E+01 -2.33317527E+00
  9.76180501E+01 -2.40349805E+00
  9.76019864E+01 -2.43692984E+00
  9.75796460E+01 -2.48459977E+00
  9.75509963E+01 -2.54779358E+00
  9.75417179E+01 -2.56876939E+00
  9.75158716E+01 -2.62855735E+00
  9.75000062E+01 -2.66627126E+00
  9.74673188E+01 -2.74649726E+00
  9.74490161E+01 -2.79295672E+00
  9.74308647E+01 -2.84016462E+00
  9.73980260E+01 -2.92855543E+00
  9.73949207E+01 -2.93711913E+00
  9.73877160E+01 -2.95712878E+00
  9.73470359E+01 -3.07391523E+00
  9.73246103E+01 -3.14119342E+00
  9.72960458E+01 -3.23006917E+00
  9.72902710E+01 -3.24848846E+00
  9.72787517E+01 -3.28570021E+00

hb:   line clip z   cb(cyan)
frame:
  9.5000006E+01 -2.9999866E+00
  1.0000001E+02 -2.9999866E+00
  1.0000001E+02  3.0000134E+00
  9.5000006E+01  3.0000134E+00
clip:
  9.99946524E+01 -2.65348635E+00
  1.00049511E+02 -2.78917622E+00
  1.00049511E+02 -2.62855735E+00
  1.00049511E+02 -2.29998593E+00
  1.00049511E+02 -1.97141450E+00
  1.00049511E+02 -1.64284307E+00
  1.00049511E+02 -1.56850000E+00
  1.00037974E+02 -1.56850000E+00
  9.99985210E+01 -1.56850000E+00
  9.99869839E+01 -1.56850000E+00
  9.99475309E+01 -1.56850000E+00
  9.99359938E+01 -1.56850000E+00
  9.98965408E+01 -1.56850000E+00
  9.98850037E+01 -1.56850000E+00
  9.98455507E+01 -1.56850000E+00
  9.98340136E+01 -1.56850000E+00
  9.97945606E+01 -1.56850000E+00
  9.97830235E+01 -1.56850000E+00
  9.97435705E+01 -1.56850000E+00
  9.97320334E+01 -1.56850000E+00
  9.96925804E+01 -1.56850000E+00
  9.96810433E+01 -1.56850000E+00
  9.96415903E+01 -1.56850000E+00
  9.96300532E+01 -1.56850000E+00
  9.95906002E+01 -1.56850000E+00
  9.95790631E+01 -1.56850000E+00
  9.95396101E+01 -1.56850000E+00
  9.95280730E+01 -1.56850000E+00
  9.94886200E+01 -1.56850000E+00
  9.94770829E+01 -1.56850000E+00
  9.94376299E+01 -1.56850000E+00
  9.94260928E+01 -1.56850000E+00
  9.93866398E+01 -1.56850000E+00
  9.93671652E+01 -1.64284307E+00
  9.93901893E+01 -1.66571507E+00
  9.94376299E+01 -1.71580426E+00
  9.94886200E+01 -1.77419154E+00
  9.95396101E+01 -1.83743993E+00
  9.95906002E+01 -1.90571885E+00
  9.96406069E+01 -1.97775180E+00
  9.96431678E+01 -1.98157966E+00
  9.96925804E+01 -2.05816145E+00
  9.97105741E+01 -2.08736257E+00
  9.97435705E+01 -2.14279015E+00
  9.97801574E+01 -2.20717423E+00
  9.97945606E+01 -2.23338844E+00
  9.98299709E+01 -2.29998593E+00
  9.98419458E+01 -2.32321527E+00
  9.98455507E+01 -2.33027955E+00
  9.98523265E+01 -2.34364775E+00
  9.98965408E+01 -2.43383552E+00
  9.99276552E+01 -2.50048139E+00
  9.99475309E+01 -2.54448721E+00
  9.99841284E+01 -2.62855735E+00

h: x ny1,0  y2=[y1](acrilico),ic[white]
 -1.000000E+00 -1.000000E+00

hb:   line clip z   cb(white)
clip:
  9.86211322E+01 -1.31850000E+00
  9.89793752E+01 -1.31850000E+00
  9.90100000E+01 -1.31427164E+00
  9.90100000E+01 -1.11270254E+00
  9.90100000E+01 -9.85700212E-01
  9.90100000E+01 -7.84131112E-01
  9.90100000E+01 -6.57128783E-01
  9.90100000E+01 -4.55559683E-01
  9.90100000E+01 -3.28557354E-01
  9.90100000E+01 -1.26988255E-01
  9.90100000E+01  1.40740734E-05
  9.90100000E+01  2.01583174E-01
  9.90100000E+01  3.28585503E-01
  9.90100000E+01  5.30154602E-01
  9.90100000E+01  6.57156931E-01
  9.90100000E+01  8.58726031E-01
  9.90100000E+01  9.85728360E-01
  9.90100000E+01  1.18729746E+00
  9.90100000E+01  1.31429979E+00
  9.90100000E+01  1.51586889E+00
  9.90100000E+01  1.64287122E+00
  9.90100000E+01  1.84444032E+00
  9.89787190E+01  1.88150000E+00
  9.89416869E+01  1.88150000E+00
  9.89277289E+01  1.88150000E+00
  9.88906968E+01  1.88150000E+00
  9.88767388E+01  1.88150000E+00
  9.88397067E+01  1.88150000E+00
  9.88257487E+01  1.88150000E+00
  9.87887166E+01  1.88150000E+00
  9.87747586E+01  1.88150000E+00
  9.87377265E+01  1.88150000E+00
  9.87237685E+01  1.88150000E+00
  9.86867364E+01  1.88150000E+00
  9.86727785E+01  1.88150000E+00
  9.86357463E+01  1.88150000E+00
  9.86217884E+01  1.88150000E+00
  9.85847562E+01  1.88150000E+00
  9.85800000E+01  1.64287122E+00
  9.85800000E+01  1.37359427E+00
  9.85800000E+01  1.31429979E+00
  9.85800000E+01  1.04502284E+00
  9.85800000E+01  9.85728360E-01
  9.85800000E+01  7.16451412E-01
  9.85800000E+01  6.57156931E-01
  9.85800000E+01  3.87879984E-01
  9.85800000E+01  3.28585503E-01
  9.85800000E+01  5.93085553E-02
  9.85800000E+01  1.40740734E-05
  9.85800000E+01 -2.69262873E-01
  9.85800000E+01 -3.28557354E-01
  9.85800000E+01 -5.97834302E-01
  9.85800000E+01 -6.57128783E-01
  9.85800000E+01 -9.26405730E-01
  9.85800000E+01 -9.85700212E-01
  9.85800000E+01 -1.25497716E+00
  9.85800000E+01 -1.31427164E+00

h: x ny1,0  y2=[y1](3D printer - PLA),ic[orange]
 -1.000000E+00 -1.000000E+00

hb:   line clip z   cb(orange)
clip:
  9.90290530E+01 -1.31850000E+00
  9.91833356E+01 -1.31850000E+00
  9.92100000E+01 -1.31427164E+00
  9.92100000E+01 -1.13822265E+00
  9.92100000E+01 -9.85700212E-01
  9.92100000E+01 -8.09651223E-01
  9.92100000E+01 -6.57128783E-01
  9.92100000E+01 -4.81079794E-01
  9.92100000E+01 -3.28557354E-01
  9.92100000E+01 -1.52508366E-01
  9.92100000E+01  1.40740734E-05
  9.92100000E+01  1.76063063E-01
  9.92100000E+01  3.28585503E-01
  9.92100000E+01  5.04634492E-01
  9.92100000E+01  6.57156931E-01
  9.92100000E+01  8.33205920E-01
  9.92100000E+01  9.85728360E-01
  9.92100000E+01  1.16177735E+00
  9.92100000E+01  1.31429979E+00
  9.92100000E+01  1.49034878E+00
  9.92100000E+01  1.64287122E+00
  9.92100000E+01  1.81892021E+00
  9.92100000E+01  1.97144265E+00
  9.92100000E+01  2.14749163E+00
  9.91826794E+01  2.20000000E+00
  9.91472103E+01  2.20000000E+00
  9.91316893E+01  2.20000000E+00
  9.90962202E+01  2.20000000E+00
  9.90806992E+01  2.20000000E+00
  9.90452301E+01  2.20000000E+00
  9.90297091E+01  2.20000000E+00
  9.90100000E+01  2.09844497E+00
  9.90100000E+01  1.97144265E+00
  9.90100000E+01  1.84444032E+00
  9.90100000E+01  1.64287122E+00
  9.90100000E+01  1.51586889E+00
  9.90100000E+01  1.31429979E+00
  9.90100000E+01  1.18729746E+00
  9.90100000E+01  9.85728360E-01
  9.90100000E+01  8.58726031E-01
  9.90100000E+01  6.57156931E-01
  9.90100000E+01  5.30154602E-01
  9.90100000E+01  3.28585503E-01
  9.90100000E+01  2.01583174E-01
  9.90100000E+01  1.40740734E-05
  9.90100000E+01 -1.26988255E-01
  9.90100000E+01 -3.28557354E-01
  9.90100000E+01 -4.55559683E-01
  9.90100000E+01 -6.57128783E-01
  9.90100000E+01 -7.84131112E-01
  9.90100000E+01 -9.85700212E-01
  9.90100000E+01 -1.11270254E+00
  9.90100000E+01 -1.31427164E+00

hb:   line clip z   cb(orange)
clip:
  9.83528799E+01  1.88150000E+00
  9.89926770E+01  1.88150000E+00
  9.90100000E+01  1.97144265E+00
  9.90100000E+01  2.17301175E+00
  9.89787190E+01  2.18150000E+00
  9.89461208E+01  2.18150000E+00
  9.89277289E+01  2.18150000E+00
  9.88951307E+01  2.18150000E+00
  9.88767388E+01  2.18150000E+00
  9.88441406E+01  2.18150000E+00
  9.88257487E+01  2.18150000E+00
  9.87931505E+01  2.18150000E+00
  9.87747586E+01  2.18150000E+00
  9.87421604E+01  2.18150000E+00
  9.87237685E+01  2.18150000E+00
  9.86911703E+01  2.18150000E+00
  9.86727785E+01  2.18150000E+00
  9.86401802E+01  2.18150000E+00
  9.86217884E+01  2.18150000E+00
  9.85891901E+01  2.18150000E+00
  9.85707983E+01  2.18150000E+00
  9.85382000E+01  2.18150000E+00
  9.85198082E+01  2.18150000E+00
  9.84872099E+01  2.18150000E+00
  9.84688181E+01  2.18150000E+00
  9.84362198E+01  2.18150000E+00
  9.84178280E+01  2.18150000E+00
  9.83852297E+01  2.18150000E+00
  9.83668379E+01  2.18150000E+00
  9.83342396E+01  2.18150000E+00
  9.83300000E+01  1.97144265E+00

h: x ny1,0  y2=[y1](double defined),ic[black]
 -1.000000E+00 -1.000000E+00
hb:
bmap: width=  0.509901E-01 hight=  0.328571E+00
  9.857080E+01 -1.314272E+00  1.000  1.000  0.000
  9.857080E+01 -9.857002E-01  1.000  1.000  0.000
  9.857080E+01 -6.571288E-01  1.000  1.000  0.000
  9.851981E+01 -3.285574E-01  1.000  1.000  0.000
  9.857080E+01 -3.285574E-01  1.000  1.000  0.000
  9.851981E+01  1.407407E-05  1.000  1.000  0.000
  9.857080E+01  1.407407E-05  1.000  1.000  0.000
  9.846882E+01  3.285855E-01  1.000  1.000  0.000
  9.851981E+01  3.285855E-01  1.000  1.000  0.000
  9.857080E+01  3.285855E-01  1.000  1.000  0.000
  9.846882E+01  6.571569E-01  1.000  1.000  0.000
  9.851981E+01  6.571569E-01  1.000  1.000  0.000
  9.857080E+01  6.571569E-01  1.000  1.000  0.000
  9.846882E+01  9.857284E-01  1.000  1.000  0.000
  9.851981E+01  9.857284E-01  1.000  1.000  0.000
  9.857080E+01  9.857284E-01  1.000  1.000  0.000
  9.841783E+01  1.314300E+00  1.000  1.000  0.000
  9.846882E+01  1.314300E+00  1.000  1.000  0.000
  9.851981E+01  1.314300E+00  1.000  1.000  0.000
  9.857080E+01  1.314300E+00  1.000  1.000  0.000
  9.841783E+01  1.642871E+00  1.000  1.000  0.000
  9.846882E+01  1.642871E+00  1.000  1.000  0.000
  9.851981E+01  1.642871E+00  1.000  1.000  0.000
  9.857080E+01  1.642871E+00  1.000  1.000  0.000

wt: s[c5]
\vspace{-3}
  emin  &=&   0.0000E+00 [MeV]
  emax  &=&   1.0000E+03 [MeV]
  xmin  &=&  -1.0000E-02 [cm]
  xmax  &=&   1.0000E-02 [cm]
  part. &=& proton  
e:
 
# Information for Restart Calculation
# This calculation was newly started
# istdev =  2 # 1:Batch variance, 2:History variance
# resc2  = 0.00000000000000000E+00 # Total source weight or Total source weight / maxcas
# resc3  = 0.00000000000000000E+00 # Total history number or Total batch number
# maxcas =       10000 # History / Batch, only used for istdev=1
# bitrseed = 0000000000000000000000000000000000000000000000000000000000000000 # bit data of rseed
