[ T-Track ]
    title = [t-track] in xyz mesh
     mesh =  xyz            # mesh type is xyz scoring mesh
   x-type =    4            # x-mesh is linear given by xmin, xmax and xdel
     xmin =  -10.00000      # minimum value of x-mesh points
     xmax =   10.00000      # maximum value of x-mesh points
     xdel =  0.3000000      # mesh width of x-mesh points
#      nx =   67            # number of x-mesh points
#    data = ( x(i), i = 1, nx + 1 )
#          -1.00000E+01 -9.70000E+00 -9.40000E+00 -9.10000E+00 -8.80000E+00
#          -8.50000E+00 -8.20000E+00 -7.90000E+00 -7.60000E+00 -7.30000E+00
#          -7.00000E+00 -6.70000E+00 -6.40000E+00 -6.10000E+00 -5.80000E+00
#          -5.50000E+00 -5.20000E+00 -4.90000E+00 -4.60000E+00 -4.30000E+00
#          -4.00000E+00 -3.70000E+00 -3.40000E+00 -3.10000E+00 -2.80000E+00
#          -2.50000E+00 -2.20000E+00 -1.90000E+00 -1.60000E+00 -1.30000E+00
#          -1.00000E+00 -7.00000E-01 -4.00000E-01 -1.00000E-01  2.00000E-01
#           5.00000E-01  8.00000E-01  1.10000E+00  1.40000E+00  1.70000E+00
#           2.00000E+00  2.30000E+00  2.60000E+00  2.90000E+00  3.20000E+00
#           3.50000E+00  3.80000E+00  4.10000E+00  4.40000E+00  4.70000E+00
#           5.00000E+00  5.30000E+00  5.60000E+00  5.90000E+00  6.20000E+00
#           6.50000E+00  6.80000E+00  7.10000E+00  7.40000E+00  7.70000E+00
#           8.00000E+00  8.30000E+00  8.60000E+00  8.90000E+00  9.20000E+00
#           9.50000E+00  9.80000E+00  1.01000E+01
   y-type =    4            # y-mesh is linear given by ymin, ymax and ydel
     ymin =  -15.00000      # minimum value of y-mesh points
     ymax =   15.00000      # maximum value of y-mesh points
     ydel =  0.3000000      # mesh width of y-mesh points
#      ny =  100            # number of y-mesh points
#    data = ( y(i), i = 1, ny + 1 )
#          -1.50000E+01 -1.47000E+01 -1.44000E+01 -1.41000E+01 -1.38000E+01
#          -1.35000E+01 -1.32000E+01 -1.29000E+01 -1.26000E+01 -1.23000E+01
#          -1.20000E+01 -1.17000E+01 -1.14000E+01 -1.11000E+01 -1.08000E+01
#          -1.05000E+01 -1.02000E+01 -9.90000E+00 -9.60000E+00 -9.30000E+00
#          -9.00000E+00 -8.70000E+00 -8.40000E+00 -8.10000E+00 -7.80000E+00
#          -7.50000E+00 -7.20000E+00 -6.90000E+00 -6.60000E+00 -6.30000E+00
#          -6.00000E+00 -5.70000E+00 -5.40000E+00 -5.10000E+00 -4.80000E+00
#          -4.50000E+00 -4.20000E+00 -3.90000E+00 -3.60000E+00 -3.30000E+00
#          -3.00000E+00 -2.70000E+00 -2.40000E+00 -2.10000E+00 -1.80000E+00
#          -1.50000E+00 -1.20000E+00 -9.00000E-01 -6.00000E-01 -3.00000E-01
#           0.00000E+00  3.00000E-01  6.00000E-01  9.00000E-01  1.20000E+00
#           1.50000E+00  1.80000E+00  2.10000E+00  2.40000E+00  2.70000E+00
#           3.00000E+00  3.30000E+00  3.60000E+00  3.90000E+00  4.20000E+00
#           4.50000E+00  4.80000E+00  5.10000E+00  5.40000E+00  5.70000E+00
#           6.00000E+00  6.30000E+00  6.60000E+00  6.90000E+00  7.20000E+00
#           7.50000E+00  7.80000E+00  8.10000E+00  8.40000E+00  8.70000E+00
#           9.00000E+00  9.30000E+00  9.60000E+00  9.90000E+00  1.02000E+01
#           1.05000E+01  1.08000E+01  1.11000E+01  1.14000E+01  1.17000E+01
#           1.20000E+01  1.23000E+01  1.26000E+01  1.29000E+01  1.32000E+01
#           1.35000E+01  1.38000E+01  1.41000E+01  1.44000E+01  1.47000E+01
#           1.50000E+01
   z-type =    1            # z-mesh is given by the below data
       nz =      1          # number of z-mesh points
#    data = ( z(i), i = 1, nz + 1 )
            9.84700E+01  9.84900E+01
   e-type =    1            # e-mesh is given by the below data
       ne =      1          # number of e-mesh points
#    data = ( e(i), i = 1, ne + 1 )
            0.00000E+00  1.00000E+03
     unit =    1            # unit is [1/cm^2/source]
 material =  all            # (D=all) number of specific material
  2D-type =    3            # 1:Cont, 2:Clust, 3:Color, 4:xyz, 5:mat, 6:Clust+Cont, 7:Col+Cont
     axis =      xy            # axis of output
     file = ./out/track_xy_L.out  # file name of output for the above axis
     part =  proton     photon   
# kf/name :  2212       22       
    gshow =    1            # 0: no 1:bnd, 2:bnd+mat, 3:bnd+reg 4:bnd+lat 5:bmp style
    resol =    1            # (D=1) resolution of gshow or rshow
    width = 0.5000000       # (D=0.5) width of lines for gshow or rshow
   epsout =    1            # (D=0) generate eps file by ANGEL
#    used :        main (  %)        temp (  %)       total (  %)
#  memory :         177 (  0)           0 (  0)         177 (  0)

#------------------------------------------------------------------------------
#newpage:
#   no. =  1   ie  =  1   iz  =  1   part. = proton  
#   e = (   0.0000E+00  -   1.0000E+03  )
#   z = (   9.8470E+01  -   9.8490E+01  )

'no. =  1,  ie =  1,  iz =  1'
msuc: {\huge [t-track] in xyz mesh}
msdr: {\it plotted by \ANGEL \version}
msdl: {\it calculated by \PHITS  3.35}

x: x [cm]
y: y [cm]
set: c1[ 1.493] c2[ 0.737] c5[ 0.800] c6[ 0.849] c7[ 0.328] c8[ 0.000]
p: h2fs form[c1] xfac[c2] afac[c5] scal[c6] xorg[c7] yorg[c8] nosp
p: xmin( -10.00000    ) xmax(  10.10000    )
p: ymin( -15.00000    ) ymax(  15.00000    )
#  ny = 100   nx =  67
# ( ( data(x,y), x = 1, nx ), y = ny, 1, -1 )

#------------------------------------------------------------------------------
# gshow
#------------------------------------------------------------------------------

p: legs[c5*0.875]

h: x ny1,0  y2=[y1](Structure - steel),ic[brown]
 -1.000000E+00 -1.000000E+00

hb:   line clip z   cb(brown)
frame:
 -9.9999756E+00 -1.4999930E+01
  1.0100024E+01 -1.4999930E+01
  1.0100024E+01  1.5000070E+01
 -9.9999756E+00  1.5000070E+01
clip:
 -1.02955634E+01 -1.52969593E+01
 -9.50000000E+00 -1.52969593E+01
 -9.50000000E+00 -1.51207039E+01
 -9.50000000E+00 -1.49910187E+01
 -9.50000000E+00 -1.48147633E+01
 -9.50000000E+00 -1.46850781E+01
 -9.50000000E+00 -1.45088227E+01
 -9.50000000E+00 -1.43791376E+01
 -9.50000000E+00 -1.42028821E+01
 -9.50000000E+00 -1.40731970E+01
 -9.50000000E+00 -1.38969415E+01
 -9.50000000E+00 -1.37672564E+01
 -9.50000000E+00 -1.35910009E+01
 -9.50000000E+00 -1.34613158E+01
 -9.50000000E+00 -1.32850603E+01
 -9.50000000E+00 -1.31553752E+01
 -9.50000000E+00 -1.29791197E+01
 -9.50000000E+00 -1.28494346E+01
 -9.50000000E+00 -1.26731791E+01
 -9.50000000E+00 -1.25434940E+01
 -9.50000000E+00 -1.23672385E+01
 -9.50000000E+00 -1.22375534E+01
 -9.50000000E+00 -1.20612979E+01
 -9.50000000E+00 -1.19316128E+01
 -9.50000000E+00 -1.17553573E+01
 -9.50000000E+00 -1.16256722E+01
 -9.50000000E+00 -1.14494167E+01
 -9.50000000E+00 -1.13197316E+01
 -9.50000000E+00 -1.11434761E+01
 -9.50000000E+00 -1.10137910E+01
 -9.50000000E+00 -1.08375355E+01
 -9.50000000E+00 -1.07078504E+01
 -9.50000000E+00 -1.05315949E+01
 -9.50000000E+00 -1.04019098E+01
 -9.50000000E+00 -1.02256544E+01
 -9.50000000E+00 -1.00959692E+01
 -9.50000000E+00 -9.91971376E+00
 -9.50000000E+00 -9.79002864E+00
 -9.50000000E+00 -9.61377317E+00
 -9.50000000E+00 -9.48408805E+00
 -9.50000000E+00 -9.30783257E+00
 -9.50000000E+00 -9.17814745E+00
 -9.50000000E+00 -9.00189198E+00
 -9.50000000E+00 -8.87220686E+00
 -9.50000000E+00 -8.69595138E+00
 -9.50000000E+00 -8.56626626E+00
 -9.50000000E+00 -8.39001079E+00
 -9.50000000E+00 -8.26032567E+00
 -9.50000000E+00 -8.08407020E+00
 -9.50000000E+00 -7.95438508E+00
 -9.50000000E+00 -7.77812960E+00
 -9.50000000E+00 -7.64844448E+00
 -9.50000000E+00 -7.47218901E+00
 -9.50000000E+00 -7.34250389E+00
 -9.50000000E+00 -7.16624841E+00
 -9.50000000E+00 -7.03656329E+00
 -9.50000000E+00 -6.86030782E+00
 -9.50000000E+00 -6.73062270E+00
 -9.50000000E+00 -6.55436723E+00
 -9.50000000E+00 -6.42468210E+00
 -9.50000000E+00 -6.24842663E+00
 -9.50000000E+00 -6.11874151E+00
 -9.50000000E+00 -5.94248604E+00
 -9.50000000E+00 -5.81280092E+00
 -9.50000000E+00 -5.63654544E+00
 -9.50000000E+00 -5.50686032E+00
 -9.50000000E+00 -5.33060485E+00
 -9.50000000E+00 -5.20091973E+00
 -9.50000000E+00 -5.02466426E+00
 -9.50000000E+00 -4.89497913E+00
 -9.50000000E+00 -4.71872366E+00
 -9.50000000E+00 -4.58903854E+00
 -9.50000000E+00 -4.41278307E+00
 -9.50000000E+00 -4.28309795E+00
 -9.50000000E+00 -4.10684247E+00
 -9.50000000E+00 -3.97715735E+00
 -9.50000000E+00 -3.80090188E+00
 -9.50000000E+00 -3.67121676E+00
 -9.50000000E+00 -3.49496128E+00
 -9.50000000E+00 -3.36527616E+00
 -9.50000000E+00 -3.18902069E+00
 -9.50000000E+00 -3.05933557E+00
 -9.50000000E+00 -2.88308010E+00
 -9.50000000E+00 -2.75339498E+00
 -9.50000000E+00 -2.57713950E+00
 -9.50000000E+00 -2.44745438E+00
 -9.50000000E+00 -2.27119891E+00
 -9.50000000E+00 -2.14151379E+00
 -9.50000000E+00 -1.96525831E+00
 -9.50000000E+00 -1.83557319E+00
 -9.50000000E+00 -1.65931772E+00
 -9.50000000E+00 -1.52963260E+00
 -9.50000000E+00 -1.35337713E+00
 -9.50000000E+00 -1.22369201E+00
 -9.50000000E+00 -1.04743653E+00
 -9.50000000E+00 -9.17751412E-01
 -9.50000000E+00 -7.41495938E-01
 -9.50000000E+00 -6.11810818E-01
 -9.50000000E+00 -4.35555344E-01
 -9.50000000E+00 -3.05870224E-01
 -9.50000000E+00 -1.29614750E-01
 -9.50000000E+00  7.03703670E-05
 -9.50000000E+00  1.76325844E-01
 -9.50000000E+00  3.06010964E-01
 -9.50000000E+00  4.82266438E-01
 -9.50000000E+00  6.11951558E-01
 -9.50000000E+00  7.88207032E-01
 -9.50000000E+00  9.17892153E-01
 -9.50000000E+00  1.09414763E+00
 -9.50000000E+00  1.22383275E+00
 -9.50000000E+00  1.40008822E+00
 -9.50000000E+00  1.52977334E+00
 -9.50000000E+00  1.70602881E+00
 -9.50000000E+00  1.83571393E+00
 -9.50000000E+00  2.01196941E+00
 -9.50000000E+00  2.14165453E+00
 -9.50000000E+00  2.31791000E+00
 -9.50000000E+00  2.44759512E+00
 -9.50000000E+00  2.62385060E+00
 -9.50000000E+00  2.75353572E+00
 -9.50000000E+00  2.92979119E+00
 -9.50000000E+00  3.05947631E+00
 -9.50000000E+00  3.23573178E+00
 -9.50000000E+00  3.36541691E+00
 -9.50000000E+00  3.54167238E+00
 -9.50000000E+00  3.67135750E+00
 -9.50000000E+00  3.84761297E+00
 -9.50000000E+00  3.97729809E+00
 -9.50000000E+00  4.15355357E+00
 -9.50000000E+00  4.28323869E+00
 -9.50000000E+00  4.45949416E+00
 -9.50000000E+00  4.58917928E+00
 -9.50000000E+00  4.76543475E+00
 -9.50000000E+00  4.89511988E+00
 -9.50000000E+00  5.07137535E+00
 -9.50000000E+00  5.20106047E+00
 -9.50000000E+00  5.37731594E+00
 -9.50000000E+00  5.50700106E+00
 -9.50000000E+00  5.68325654E+00
 -9.50000000E+00  5.81294166E+00
 -9.50000000E+00  5.98919713E+00
 -9.50000000E+00  6.11888225E+00
 -9.50000000E+00  6.29513772E+00
 -9.50000000E+00  6.42482285E+00
 -9.50000000E+00  6.60107832E+00
 -9.50000000E+00  6.73076344E+00
 -9.50000000E+00  6.90701891E+00
 -9.50000000E+00  7.03670403E+00
 -9.50000000E+00  7.21295951E+00
 -9.50000000E+00  7.34264463E+00
 -9.50000000E+00  7.51890010E+00
 -9.50000000E+00  7.64858522E+00
 -9.50000000E+00  7.82484070E+00
 -9.50000000E+00  7.95452582E+00
 -9.50000000E+00  8.13078129E+00
 -9.50000000E+00  8.26046641E+00
 -9.50000000E+00  8.43672188E+00
 -9.50000000E+00  8.56640700E+00
 -9.50000000E+00  8.74266248E+00
 -9.50000000E+00  8.87234760E+00
 -9.50000000E+00  9.04860307E+00
 -9.50000000E+00  9.17828819E+00
 -9.50000000E+00  9.35454367E+00
 -9.50000000E+00  9.48422879E+00
 -9.50000000E+00  9.66048426E+00
 -9.50000000E+00  9.79016938E+00
 -9.50000000E+00  9.96642485E+00
 -9.50000000E+00  1.00961100E+01
 -9.50000000E+00  1.02723654E+01
 -9.50000000E+00  1.04020506E+01
 -9.50000000E+00  1.05783060E+01
 -9.50000000E+00  1.07079912E+01
 -9.50000000E+00  1.08842466E+01
 -9.50000000E+00  1.10139318E+01
 -9.50000000E+00  1.11901872E+01
 -9.50000000E+00  1.13198724E+01
 -9.50000000E+00  1.14961278E+01
 -9.50000000E+00  1.16258129E+01
 -9.50000000E+00  1.18020684E+01
 -9.50000000E+00  1.19317535E+01
 -9.50000000E+00  1.21080090E+01
 -9.50000000E+00  1.22376941E+01
 -9.50000000E+00  1.24139496E+01
 -9.50000000E+00  1.25436347E+01
 -9.50000000E+00  1.27198902E+01
 -9.50000000E+00  1.28495753E+01
 -9.50000000E+00  1.30258308E+01
 -9.50000000E+00  1.31555159E+01
 -9.50000000E+00  1.33317714E+01
 -9.50000000E+00  1.34614565E+01
 -9.50000000E+00  1.36377120E+01
 -9.50000000E+00  1.37673971E+01
 -9.50000000E+00  1.39436526E+01
 -9.50000000E+00  1.40733377E+01
 -9.50000000E+00  1.42495932E+01
 -9.50000000E+00  1.43792783E+01
 -9.50000000E+00  1.45555338E+01
 -9.50000000E+00  1.46852189E+01
 -9.50000000E+00  1.48614744E+01
 -9.50000000E+00  1.49911595E+01
 -9.50000000E+00  1.51674150E+01
 -9.50000000E+00  1.52971001E+01
 -9.67791636E+00  1.52971001E+01
 -9.98673989E+00  1.52971001E+01
 -1.02955634E+01  1.52971001E+01
 -1.02955634E+01  1.49911595E+01
 -1.02955634E+01  1.46852189E+01
 -1.02955634E+01  1.43792783E+01
 -1.02955634E+01  1.40733377E+01
 -1.02955634E+01  1.37673971E+01
 -1.02955634E+01  1.34614565E+01
 -1.02955634E+01  1.31555159E+01
 -1.02955634E+01  1.28495753E+01
 -1.02955634E+01  1.25436347E+01
 -1.02955634E+01  1.22376941E+01
 -1.02955634E+01  1.19317535E+01
 -1.02955634E+01  1.16258129E+01
 -1.02955634E+01  1.13198724E+01
 -1.02955634E+01  1.10139318E+01
 -1.02955634E+01  1.07079912E+01
 -1.02955634E+01  1.04020506E+01
 -1.02955634E+01  1.00961100E+01
 -1.02955634E+01  9.79016938E+00
 -1.02955634E+01  9.48422879E+00
 -1.02955634E+01  9.17828819E+00
 -1.02955634E+01  8.87234760E+00
 -1.02955634E+01  8.56640700E+00
 -1.02955634E+01  8.26046641E+00
 -1.02955634E+01  7.95452582E+00
 -1.02955634E+01  7.64858522E+00
 -1.02955634E+01  7.34264463E+00
 -1.02955634E+01  7.03670403E+00
 -1.02955634E+01  6.73076344E+00
 -1.02955634E+01  6.42482285E+00
 -1.02955634E+01  6.11888225E+00
 -1.02955634E+01  5.81294166E+00
 -1.02955634E+01  5.50700106E+00
 -1.02955634E+01  5.20106047E+00
 -1.02955634E+01  4.89511988E+00
 -1.02955634E+01  4.58917928E+00
 -1.02955634E+01  4.28323869E+00
 -1.02955634E+01  3.97729809E+00
 -1.02955634E+01  3.67135750E+00
 -1.02955634E+01  3.36541691E+00
 -1.02955634E+01  3.05947631E+00
 -1.02955634E+01  2.75353572E+00
 -1.02955634E+01  2.44759512E+00
 -1.02955634E+01  2.14165453E+00
 -1.02955634E+01  1.83571393E+00
 -1.02955634E+01  1.52977334E+00
 -1.02955634E+01  1.22383275E+00
 -1.02955634E+01  9.17892153E-01
 -1.02955634E+01  6.11951558E-01
 -1.02955634E+01  3.06010964E-01
 -1.02955634E+01  7.03703670E-05
 -1.02955634E+01 -3.05870224E-01
 -1.02955634E+01 -6.11810818E-01
 -1.02955634E+01 -9.17751412E-01
 -1.02955634E+01 -1.22369201E+00
 -1.02955634E+01 -1.52963260E+00
 -1.02955634E+01 -1.83557319E+00
 -1.02955634E+01 -2.14151379E+00
 -1.02955634E+01 -2.44745438E+00
 -1.02955634E+01 -2.75339498E+00
 -1.02955634E+01 -3.05933557E+00
 -1.02955634E+01 -3.36527616E+00
 -1.02955634E+01 -3.67121676E+00
 -1.02955634E+01 -3.97715735E+00
 -1.02955634E+01 -4.28309795E+00
 -1.02955634E+01 -4.58903854E+00
 -1.02955634E+01 -4.89497913E+00
 -1.02955634E+01 -5.20091973E+00
 -1.02955634E+01 -5.50686032E+00
 -1.02955634E+01 -5.81280092E+00
 -1.02955634E+01 -6.11874151E+00
 -1.02955634E+01 -6.42468210E+00
 -1.02955634E+01 -6.73062270E+00
 -1.02955634E+01 -7.03656329E+00
 -1.02955634E+01 -7.34250389E+00
 -1.02955634E+01 -7.64844448E+00
 -1.02955634E+01 -7.95438508E+00
 -1.02955634E+01 -8.26032567E+00
 -1.02955634E+01 -8.56626626E+00
 -1.02955634E+01 -8.87220686E+00
 -1.02955634E+01 -9.17814745E+00
 -1.02955634E+01 -9.48408805E+00
 -1.02955634E+01 -9.79002864E+00
 -1.02955634E+01 -1.00959692E+01
 -1.02955634E+01 -1.04019098E+01
 -1.02955634E+01 -1.07078504E+01
 -1.02955634E+01 -1.10137910E+01
 -1.02955634E+01 -1.13197316E+01
 -1.02955634E+01 -1.16256722E+01
 -1.02955634E+01 -1.19316128E+01
 -1.02955634E+01 -1.22375534E+01
 -1.02955634E+01 -1.25434940E+01
 -1.02955634E+01 -1.28494346E+01
 -1.02955634E+01 -1.31553752E+01
 -1.02955634E+01 -1.34613158E+01
 -1.02955634E+01 -1.37672564E+01
 -1.02955634E+01 -1.40731970E+01
 -1.02955634E+01 -1.43791376E+01
 -1.02955634E+01 -1.46850781E+01
 -1.02955634E+01 -1.49910187E+01
 -1.02955634E+01 -1.52969593E+01

h: x ny1,0  y2=[y1](Air),ic[cyan]
 -1.000000E+00 -1.000000E+00

hb:   line clip z   cb(cyan)
frame:
 -9.9999756E+00 -1.4999930E+01
  1.0100024E+01 -1.4999930E+01
  1.0100024E+01  1.5000070E+01
 -9.9999756E+00  1.5000070E+01
clip:
 -9.36909283E+00 -1.52969593E+01
  9.50000000E+00 -1.52969593E+01
  9.50000000E+00 -1.52663899E+01
  9.50000000E+00 -1.49910187E+01
  9.50000000E+00 -1.49604493E+01
  9.50000000E+00 -1.46850781E+01
  9.50000000E+00 -1.46545087E+01
  9.50000000E+00 -1.43791376E+01
  9.50000000E+00 -1.43485681E+01
  9.50000000E+00 -1.40731970E+01
  9.50000000E+00 -1.40426275E+01
  9.50000000E+00 -1.37672564E+01
  9.50000000E+00 -1.37366869E+01
  9.50000000E+00 -1.34613158E+01
  9.50000000E+00 -1.34307463E+01
  9.50000000E+00 -1.31553752E+01
  9.50000000E+00 -1.31248057E+01
  9.50000000E+00 -1.28494346E+01
  9.50000000E+00 -1.28188651E+01
  9.50000000E+00 -1.25434940E+01
  9.50000000E+00 -1.25129245E+01
  9.50000000E+00 -1.22375534E+01
  9.50000000E+00 -1.22069839E+01
  9.50000000E+00 -1.19316128E+01
  9.50000000E+00 -1.19010433E+01
  9.50000000E+00 -1.16256722E+01
  9.50000000E+00 -1.15951027E+01
  9.50000000E+00 -1.13197316E+01
  9.50000000E+00 -1.12891621E+01
  9.50000000E+00 -1.10137910E+01
  9.50000000E+00 -1.09832215E+01
  9.50000000E+00 -1.07078504E+01
  9.50000000E+00 -1.06772809E+01
  9.50000000E+00 -1.04019098E+01
  9.50000000E+00 -1.03713404E+01
  9.50000000E+00 -1.00959692E+01
  9.50000000E+00 -1.00653998E+01
  9.50000000E+00 -9.79002864E+00
  9.50000000E+00 -9.75945916E+00
  9.50000000E+00 -9.48408805E+00
  9.50000000E+00 -9.45351857E+00
  9.50000000E+00 -9.17814745E+00
  9.50000000E+00 -9.14757798E+00
  9.50000000E+00 -8.87220686E+00
  9.50000000E+00 -8.84163738E+00
  9.50000000E+00 -8.56626626E+00
  9.50000000E+00 -8.53569679E+00
  9.50000000E+00 -8.26032567E+00
  9.50000000E+00 -8.22975619E+00
  9.50000000E+00 -7.95438508E+00
  9.50000000E+00 -7.92381560E+00
  9.50000000E+00 -7.64844448E+00
  9.50000000E+00 -7.61787500E+00
  9.50000000E+00 -7.34250389E+00
  9.50000000E+00 -7.31193441E+00
  9.50000000E+00 -7.03656329E+00
  9.50000000E+00 -7.00599382E+00
  9.50000000E+00 -6.73062270E+00
  9.50000000E+00 -6.70005322E+00
  9.50000000E+00 -6.42468210E+00
  9.50000000E+00 -6.39411263E+00
  9.50000000E+00 -6.11874151E+00
  9.50000000E+00 -6.08817203E+00
  9.50000000E+00 -5.81280092E+00
  9.50000000E+00 -5.78223144E+00
  9.50000000E+00 -5.50686032E+00
  9.50000000E+00 -5.47629085E+00
  9.50000000E+00 -5.20091973E+00
  9.50000000E+00 -5.17035025E+00
  9.50000000E+00 -4.89497913E+00
  9.50000000E+00 -4.86440966E+00
  9.50000000E+00 -4.58903854E+00
  9.50000000E+00 -4.55846906E+00
  9.50000000E+00 -4.28309795E+00
  9.50000000E+00 -4.25252847E+00
  9.50000000E+00 -3.97715735E+00
  9.50000000E+00 -3.94658788E+00
  9.50000000E+00 -3.67121676E+00
  9.50000000E+00 -3.64064728E+00
  9.50000000E+00 -3.36527616E+00
  9.50000000E+00 -3.33470669E+00
  9.50000000E+00 -3.05933557E+00
  9.50000000E+00 -3.02876609E+00
  9.50000000E+00 -2.75339498E+00
  9.50000000E+00 -2.72282550E+00
  9.50000000E+00 -2.44745438E+00
  9.50000000E+00 -2.41688491E+00
  9.50000000E+00 -2.14151379E+00
  9.50000000E+00 -2.11094431E+00
  9.50000000E+00 -1.83557319E+00
  9.50000000E+00 -1.80500372E+00
  9.50000000E+00 -1.52963260E+00
  9.50000000E+00 -1.49906312E+00
  9.50000000E+00 -1.22369201E+00
  9.50000000E+00 -1.19312253E+00
  9.50000000E+00 -9.17751412E-01
  9.50000000E+00 -8.87181936E-01
  9.50000000E+00 -6.11810818E-01
  9.50000000E+00 -5.81241342E-01
  9.50000000E+00 -3.05870224E-01
  9.50000000E+00 -2.75300747E-01
  9.50000000E+00  7.03703670E-05
  9.50000000E+00  3.06398466E-02
  9.50000000E+00  3.06010964E-01
  9.50000000E+00  3.36580441E-01
  9.50000000E+00  6.11951558E-01
  9.50000000E+00  6.42521035E-01
  9.50000000E+00  9.17892153E-01
  9.50000000E+00  9.48461629E-01
  9.50000000E+00  1.22383275E+00
  9.50000000E+00  1.25440222E+00
  9.50000000E+00  1.52977334E+00
  9.50000000E+00  1.56034282E+00
  9.50000000E+00  1.83571393E+00
  9.50000000E+00  1.86628341E+00
  9.50000000E+00  2.14165453E+00
  9.50000000E+00  2.17222401E+00
  9.50000000E+00  2.44759512E+00
  9.50000000E+00  2.47816460E+00
  9.50000000E+00  2.75353572E+00
  9.50000000E+00  2.78410519E+00
  9.50000000E+00  3.05947631E+00
  9.50000000E+00  3.09004579E+00
  9.50000000E+00  3.36541691E+00
  9.50000000E+00  3.39598638E+00
  9.50000000E+00  3.67135750E+00
  9.50000000E+00  3.70192698E+00
  9.50000000E+00  3.97729809E+00
  9.50000000E+00  4.00786757E+00
  9.50000000E+00  4.28323869E+00
  9.50000000E+00  4.31380816E+00
  9.50000000E+00  4.58917928E+00
  9.50000000E+00  4.61974876E+00
  9.50000000E+00  4.89511988E+00
  9.50000000E+00  4.92568935E+00
  9.50000000E+00  5.20106047E+00
  9.50000000E+00  5.23162995E+00
  9.50000000E+00  5.50700106E+00
  9.50000000E+00  5.53757054E+00
  9.50000000E+00  5.81294166E+00
  9.50000000E+00  5.84351113E+00
  9.50000000E+00  6.11888225E+00
  9.50000000E+00  6.14945173E+00
  9.50000000E+00  6.42482285E+00
  9.50000000E+00  6.45539232E+00
  9.50000000E+00  6.73076344E+00
  9.50000000E+00  6.76133292E+00
  9.50000000E+00  7.03670403E+00
  9.50000000E+00  7.06727351E+00
  9.50000000E+00  7.34264463E+00
  9.50000000E+00  7.37321410E+00
  9.50000000E+00  7.64858522E+00
  9.50000000E+00  7.67915470E+00
  9.50000000E+00  7.95452582E+00
  9.50000000E+00  7.98509529E+00
  9.50000000E+00  8.26046641E+00
  9.50000000E+00  8.29103589E+00
  9.50000000E+00  8.56640700E+00
  9.50000000E+00  8.59697648E+00
  9.50000000E+00  8.87234760E+00
  9.50000000E+00  8.90291707E+00
  9.50000000E+00  9.17828819E+00
  9.50000000E+00  9.20885767E+00
  9.50000000E+00  9.48422879E+00
  9.50000000E+00  9.51479826E+00
  9.50000000E+00  9.79016938E+00
  9.50000000E+00  9.82073886E+00
  9.50000000E+00  1.00961100E+01
  9.50000000E+00  1.01266795E+01
  9.50000000E+00  1.04020506E+01
  9.50000000E+00  1.04326200E+01
  9.50000000E+00  1.07079912E+01
  9.50000000E+00  1.07385606E+01
  9.50000000E+00  1.10139318E+01
  9.50000000E+00  1.10445012E+01
  9.50000000E+00  1.13198724E+01
  9.50000000E+00  1.13504418E+01
  9.50000000E+00  1.16258129E+01
  9.50000000E+00  1.16563824E+01
  9.50000000E+00  1.19317535E+01
  9.50000000E+00  1.19623230E+01
  9.50000000E+00  1.22376941E+01
  9.50000000E+00  1.22682636E+01
  9.50000000E+00  1.25436347E+01
  9.50000000E+00  1.25742042E+01
  9.50000000E+00  1.28495753E+01
  9.50000000E+00  1.28801448E+01
  9.50000000E+00  1.31555159E+01
  9.50000000E+00  1.31860854E+01
  9.50000000E+00  1.34614565E+01
  9.50000000E+00  1.34920260E+01
  9.50000000E+00  1.37673971E+01
  9.50000000E+00  1.37979666E+01
  9.50000000E+00  1.40733377E+01
  9.50000000E+00  1.41039072E+01
  9.50000000E+00  1.43792783E+01
  9.50000000E+00  1.44098478E+01
  9.50000000E+00  1.46852189E+01
  9.50000000E+00  1.47157884E+01
  9.50000000E+00  1.49911595E+01
  9.50000000E+00  1.50217290E+01
  9.50000000E+00  1.52971001E+01
  9.46914246E+00  1.52971001E+01
  9.16031893E+00  1.52971001E+01
  8.85149540E+00  1.52971001E+01
  8.54267187E+00  1.52971001E+01
  8.23384834E+00  1.52971001E+01
  7.92502481E+00  1.52971001E+01
  7.61620129E+00  1.52971001E+01
  7.30737776E+00  1.52971001E+01
  6.99855423E+00  1.52971001E+01
  6.68973070E+00  1.52971001E+01
  6.38090717E+00  1.52971001E+01
  6.07208364E+00  1.52971001E+01
  5.76326011E+00  1.52971001E+01
  5.45443658E+00  1.52971001E+01
  5.14561305E+00  1.52971001E+01
  4.83678952E+00  1.52971001E+01
  4.52796599E+00  1.52971001E+01
  4.21914246E+00  1.52971001E+01
  3.91031893E+00  1.52971001E+01
  3.60149540E+00  1.52971001E+01
  3.29267187E+00  1.52971001E+01
  2.98384834E+00  1.52971001E+01
  2.67502481E+00  1.52971001E+01
  2.36620129E+00  1.52971001E+01
  2.05737776E+00  1.52971001E+01
  1.74855423E+00  1.52971001E+01
  1.43973070E+00  1.52971001E+01
  1.13090717E+00  1.52971001E+01
  8.22083638E-01  1.52971001E+01
  5.13260109E-01  1.52971001E+01
  2.04436580E-01  1.52971001E+01
 -1.04386950E-01  1.52971001E+01
 -4.13210479E-01  1.52971001E+01
 -7.22034009E-01  1.52971001E+01
 -1.03085754E+00  1.52971001E+01
 -1.33968107E+00  1.52971001E+01
 -1.64850460E+00  1.52971001E+01
 -1.95732813E+00  1.52971001E+01
 -2.26615166E+00  1.52971001E+01
 -2.57497519E+00  1.52971001E+01
 -2.88379871E+00  1.52971001E+01
 -3.19262224E+00  1.52971001E+01
 -3.50144577E+00  1.52971001E+01
 -3.81026930E+00  1.52971001E+01
 -4.11909283E+00  1.52971001E+01
 -4.42791636E+00  1.52971001E+01
 -4.73673989E+00  1.52971001E+01
 -5.04556342E+00  1.52971001E+01
 -5.35438695E+00  1.52971001E+01
 -5.66321048E+00  1.52971001E+01
 -5.97203401E+00  1.52971001E+01
 -6.28085754E+00  1.52971001E+01
 -6.58968107E+00  1.52971001E+01
 -6.89850460E+00  1.52971001E+01
 -7.20732813E+00  1.52971001E+01
 -7.51615166E+00  1.52971001E+01
 -7.82497519E+00  1.52971001E+01
 -8.13379871E+00  1.52971001E+01
 -8.44262224E+00  1.52971001E+01
 -8.75144577E+00  1.52971001E+01
 -9.06026930E+00  1.52971001E+01
 -9.36909283E+00  1.52971001E+01
 -9.50000000E+00  1.52971001E+01
 -9.50000000E+00  1.51674150E+01
 -9.50000000E+00  1.49911595E+01
 -9.50000000E+00  1.48614744E+01
 -9.50000000E+00  1.46852189E+01
 -9.50000000E+00  1.45555338E+01
 -9.50000000E+00  1.43792783E+01
 -9.50000000E+00  1.42495932E+01
 -9.50000000E+00  1.40733377E+01
 -9.50000000E+00  1.39436526E+01
 -9.50000000E+00  1.37673971E+01
 -9.50000000E+00  1.36377120E+01
 -9.50000000E+00  1.34614565E+01
 -9.50000000E+00  1.33317714E+01
 -9.50000000E+00  1.31555159E+01
 -9.50000000E+00  1.30258308E+01
 -9.50000000E+00  1.28495753E+01
 -9.50000000E+00  1.27198902E+01
 -9.50000000E+00  1.25436347E+01
 -9.50000000E+00  1.24139496E+01
 -9.50000000E+00  1.22376941E+01
 -9.50000000E+00  1.21080090E+01
 -9.50000000E+00  1.19317535E+01
 -9.50000000E+00  1.18020684E+01
 -9.50000000E+00  1.16258129E+01
 -9.50000000E+00  1.14961278E+01
 -9.50000000E+00  1.13198724E+01
 -9.50000000E+00  1.11901872E+01
 -9.50000000E+00  1.10139318E+01
 -9.50000000E+00  1.08842466E+01
 -9.50000000E+00  1.07079912E+01
 -9.50000000E+00  1.05783060E+01
 -9.50000000E+00  1.04020506E+01
 -9.50000000E+00  1.02723654E+01
 -9.50000000E+00  1.00961100E+01
 -9.50000000E+00  9.96642485E+00
 -9.50000000E+00  9.79016938E+00
 -9.50000000E+00  9.66048426E+00
 -9.50000000E+00  9.48422879E+00
 -9.50000000E+00  9.35454367E+00
 -9.50000000E+00  9.17828819E+00
 -9.50000000E+00  9.04860307E+00
 -9.50000000E+00  8.87234760E+00
 -9.50000000E+00  8.74266248E+00
 -9.50000000E+00  8.56640700E+00
 -9.50000000E+00  8.43672188E+00
 -9.50000000E+00  8.26046641E+00
 -9.50000000E+00  8.13078129E+00
 -9.50000000E+00  7.95452582E+00
 -9.50000000E+00  7.82484070E+00
 -9.50000000E+00  7.64858522E+00
 -9.50000000E+00  7.51890010E+00
 -9.50000000E+00  7.34264463E+00
 -9.50000000E+00  7.21295951E+00
 -9.50000000E+00  7.03670403E+00
 -9.50000000E+00  6.90701891E+00
 -9.50000000E+00  6.73076344E+00
 -9.50000000E+00  6.60107832E+00
 -9.50000000E+00  6.42482285E+00
 -9.50000000E+00  6.29513772E+00
 -9.50000000E+00  6.11888225E+00
 -9.50000000E+00  5.98919713E+00
 -9.50000000E+00  5.81294166E+00
 -9.50000000E+00  5.68325654E+00
 -9.50000000E+00  5.50700106E+00
 -9.50000000E+00  5.37731594E+00
 -9.50000000E+00  5.20106047E+00
 -9.50000000E+00  5.07137535E+00
 -9.50000000E+00  4.89511988E+00
 -9.50000000E+00  4.76543475E+00
 -9.50000000E+00  4.58917928E+00
 -9.50000000E+00  4.45949416E+00
 -9.50000000E+00  4.28323869E+00
 -9.50000000E+00  4.15355357E+00
 -9.50000000E+00  3.97729809E+00
 -9.50000000E+00  3.84761297E+00
 -9.50000000E+00  3.67135750E+00
 -9.50000000E+00  3.54167238E+00
 -9.50000000E+00  3.36541691E+00
 -9.50000000E+00  3.23573178E+00
 -9.50000000E+00  3.05947631E+00
 -9.50000000E+00  2.92979119E+00
 -9.50000000E+00  2.75353572E+00
 -9.50000000E+00  2.62385060E+00
 -9.50000000E+00  2.44759512E+00
 -9.50000000E+00  2.31791000E+00
 -9.50000000E+00  2.14165453E+00
 -9.50000000E+00  2.01196941E+00
 -9.50000000E+00  1.83571393E+00
 -9.50000000E+00  1.70602881E+00
 -9.50000000E+00  1.52977334E+00
 -9.50000000E+00  1.40008822E+00
 -9.50000000E+00  1.22383275E+00
 -9.50000000E+00  1.09414763E+00
 -9.50000000E+00  9.17892153E-01
 -9.50000000E+00  7.88207032E-01
 -9.50000000E+00  6.11951558E-01
 -9.50000000E+00  4.82266438E-01
 -9.50000000E+00  3.06010964E-01
 -9.50000000E+00  1.76325844E-01
 -9.50000000E+00  7.03703670E-05
 -9.50000000E+00 -1.29614750E-01
 -9.50000000E+00 -3.05870224E-01
 -9.50000000E+00 -4.35555344E-01
 -9.50000000E+00 -6.11810818E-01
 -9.50000000E+00 -7.41495938E-01
 -9.50000000E+00 -9.17751412E-01
 -9.50000000E+00 -1.04743653E+00
 -9.50000000E+00 -1.22369201E+00
 -9.50000000E+00 -1.35337713E+00
 -9.50000000E+00 -1.52963260E+00
 -9.50000000E+00 -1.65931772E+00
 -9.50000000E+00 -1.83557319E+00
 -9.50000000E+00 -1.96525831E+00
 -9.50000000E+00 -2.14151379E+00
 -9.50000000E+00 -2.27119891E+00
 -9.50000000E+00 -2.44745438E+00
 -9.50000000E+00 -2.57713950E+00
 -9.50000000E+00 -2.75339498E+00
 -9.50000000E+00 -2.88308010E+00
 -9.50000000E+00 -3.05933557E+00
 -9.50000000E+00 -3.18902069E+00
 -9.50000000E+00 -3.36527616E+00
 -9.50000000E+00 -3.49496128E+00
 -9.50000000E+00 -3.67121676E+00
 -9.50000000E+00 -3.80090188E+00
 -9.50000000E+00 -3.97715735E+00
 -9.50000000E+00 -4.10684247E+00
 -9.50000000E+00 -4.28309795E+00
 -9.50000000E+00 -4.41278307E+00
 -9.50000000E+00 -4.58903854E+00
 -9.50000000E+00 -4.71872366E+00
 -9.50000000E+00 -4.89497913E+00
 -9.50000000E+00 -5.02466426E+00
 -9.50000000E+00 -5.20091973E+00
 -9.50000000E+00 -5.33060485E+00
 -9.50000000E+00 -5.50686032E+00
 -9.50000000E+00 -5.63654544E+00
 -9.50000000E+00 -5.81280092E+00
 -9.50000000E+00 -5.94248604E+00
 -9.50000000E+00 -6.11874151E+00
 -9.50000000E+00 -6.24842663E+00
 -9.50000000E+00 -6.42468210E+00
 -9.50000000E+00 -6.55436723E+00
 -9.50000000E+00 -6.73062270E+00
 -9.50000000E+00 -6.86030782E+00
 -9.50000000E+00 -7.03656329E+00
 -9.50000000E+00 -7.16624841E+00
 -9.50000000E+00 -7.34250389E+00
 -9.50000000E+00 -7.47218901E+00
 -9.50000000E+00 -7.64844448E+00
 -9.50000000E+00 -7.77812960E+00
 -9.50000000E+00 -7.95438508E+00
 -9.50000000E+00 -8.08407020E+00
 -9.50000000E+00 -8.26032567E+00
 -9.50000000E+00 -8.39001079E+00
 -9.50000000E+00 -8.56626626E+00
 -9.50000000E+00 -8.69595138E+00
 -9.50000000E+00 -8.87220686E+00
 -9.50000000E+00 -9.00189198E+00
 -9.50000000E+00 -9.17814745E+00
 -9.50000000E+00 -9.30783257E+00
 -9.50000000E+00 -9.48408805E+00
 -9.50000000E+00 -9.61377317E+00
 -9.50000000E+00 -9.79002864E+00
 -9.50000000E+00 -9.91971376E+00
 -9.50000000E+00 -1.00959692E+01
 -9.50000000E+00 -1.02256544E+01
 -9.50000000E+00 -1.04019098E+01
 -9.50000000E+00 -1.05315949E+01
 -9.50000000E+00 -1.07078504E+01
 -9.50000000E+00 -1.08375355E+01
 -9.50000000E+00 -1.10137910E+01
 -9.50000000E+00 -1.11434761E+01
 -9.50000000E+00 -1.13197316E+01
 -9.50000000E+00 -1.14494167E+01
 -9.50000000E+00 -1.16256722E+01
 -9.50000000E+00 -1.17553573E+01
 -9.50000000E+00 -1.19316128E+01
 -9.50000000E+00 -1.20612979E+01
 -9.50000000E+00 -1.22375534E+01
 -9.50000000E+00 -1.23672385E+01
 -9.50000000E+00 -1.25434940E+01
 -9.50000000E+00 -1.26731791E+01
 -9.50000000E+00 -1.28494346E+01
 -9.50000000E+00 -1.29791197E+01
 -9.50000000E+00 -1.31553752E+01
 -9.50000000E+00 -1.32850603E+01
 -9.50000000E+00 -1.34613158E+01
 -9.50000000E+00 -1.35910009E+01
 -9.50000000E+00 -1.37672564E+01
 -9.50000000E+00 -1.38969415E+01
 -9.50000000E+00 -1.40731970E+01
 -9.50000000E+00 -1.42028821E+01
 -9.50000000E+00 -1.43791376E+01
 -9.50000000E+00 -1.45088227E+01
 -9.50000000E+00 -1.46850781E+01
 -9.50000000E+00 -1.48147633E+01
 -9.50000000E+00 -1.49910187E+01
 -9.50000000E+00 -1.51207039E+01
 -9.50000000E+00 -1.52969593E+01

hb:   line clip z   cb(brown)
frame:
 -9.9999756E+00 -1.4999930E+01
  1.0100024E+01 -1.4999930E+01
  1.0100024E+01  1.5000070E+01
 -9.9999756E+00  1.5000070E+01
clip:
  9.77796599E+00 -1.52969593E+01
  1.03956131E+01 -1.52969593E+01
  1.03956131E+01 -1.49910187E+01
  1.03956131E+01 -1.46850781E+01
  1.03956131E+01 -1.43791376E+01
  1.03956131E+01 -1.40731970E+01
  1.03956131E+01 -1.37672564E+01
  1.03956131E+01 -1.34613158E+01
  1.03956131E+01 -1.31553752E+01
  1.03956131E+01 -1.28494346E+01
  1.03956131E+01 -1.25434940E+01
  1.03956131E+01 -1.22375534E+01
  1.03956131E+01 -1.19316128E+01
  1.03956131E+01 -1.16256722E+01
  1.03956131E+01 -1.13197316E+01
  1.03956131E+01 -1.10137910E+01
  1.03956131E+01 -1.07078504E+01
  1.03956131E+01 -1.04019098E+01
  1.03956131E+01 -1.00959692E+01
  1.03956131E+01 -9.79002864E+00
  1.03956131E+01 -9.48408805E+00
  1.03956131E+01 -9.17814745E+00
  1.03956131E+01 -8.87220686E+00
  1.03956131E+01 -8.56626626E+00
  1.03956131E+01 -8.26032567E+00
  1.03956131E+01 -7.95438508E+00
  1.03956131E+01 -7.64844448E+00
  1.03956131E+01 -7.34250389E+00
  1.03956131E+01 -7.03656329E+00
  1.03956131E+01 -6.73062270E+00
  1.03956131E+01 -6.42468210E+00
  1.03956131E+01 -6.11874151E+00
  1.03956131E+01 -5.81280092E+00
  1.03956131E+01 -5.50686032E+00
  1.03956131E+01 -5.20091973E+00
  1.03956131E+01 -4.89497913E+00
  1.03956131E+01 -4.58903854E+00
  1.03956131E+01 -4.28309795E+00
  1.03956131E+01 -3.97715735E+00
  1.03956131E+01 -3.67121676E+00
  1.03956131E+01 -3.36527616E+00
  1.03956131E+01 -3.05933557E+00
  1.03956131E+01 -2.75339498E+00
  1.03956131E+01 -2.44745438E+00
  1.03956131E+01 -2.14151379E+00
  1.03956131E+01 -1.83557319E+00
  1.03956131E+01 -1.52963260E+00
  1.03956131E+01 -1.22369201E+00
  1.03956131E+01 -9.17751412E-01
  1.03956131E+01 -6.11810818E-01
  1.03956131E+01 -3.05870224E-01
  1.03956131E+01  7.03703670E-05
  1.03956131E+01  3.06010964E-01
  1.03956131E+01  6.11951558E-01
  1.03956131E+01  9.17892153E-01
  1.03956131E+01  1.22383275E+00
  1.03956131E+01  1.52977334E+00
  1.03956131E+01  1.83571393E+00
  1.03956131E+01  2.14165453E+00
  1.03956131E+01  2.44759512E+00
  1.03956131E+01  2.75353572E+00
  1.03956131E+01  3.05947631E+00
  1.03956131E+01  3.36541691E+00
  1.03956131E+01  3.67135750E+00
  1.03956131E+01  3.97729809E+00
  1.03956131E+01  4.28323869E+00
  1.03956131E+01  4.58917928E+00
  1.03956131E+01  4.89511988E+00
  1.03956131E+01  5.20106047E+00
  1.03956131E+01  5.50700106E+00
  1.03956131E+01  5.81294166E+00
  1.03956131E+01  6.11888225E+00
  1.03956131E+01  6.42482285E+00
  1.03956131E+01  6.73076344E+00
  1.03956131E+01  7.03670403E+00
  1.03956131E+01  7.34264463E+00
  1.03956131E+01  7.64858522E+00
  1.03956131E+01  7.95452582E+00
  1.03956131E+01  8.26046641E+00
  1.03956131E+01  8.56640700E+00
  1.03956131E+01  8.87234760E+00
  1.03956131E+01  9.17828819E+00
  1.03956131E+01  9.48422879E+00
  1.03956131E+01  9.79016938E+00
  1.03956131E+01  1.00961100E+01
  1.03956131E+01  1.04020506E+01
  1.03956131E+01  1.07079912E+01
  1.03956131E+01  1.10139318E+01
  1.03956131E+01  1.13198724E+01
  1.03956131E+01  1.16258129E+01
  1.03956131E+01  1.19317535E+01
  1.03956131E+01  1.22376941E+01
  1.03956131E+01  1.25436347E+01
  1.03956131E+01  1.28495753E+01
  1.03956131E+01  1.31555159E+01
  1.03956131E+01  1.34614565E+01
  1.03956131E+01  1.37673971E+01
  1.03956131E+01  1.40733377E+01
  1.03956131E+01  1.43792783E+01
  1.03956131E+01  1.46852189E+01
  1.03956131E+01  1.49911595E+01
  1.03956131E+01  1.52971001E+01
  1.00867895E+01  1.52971001E+01
  9.77796599E+00  1.52971001E+01
  9.50000000E+00  1.52971001E+01
  9.50000000E+00  1.50217290E+01
  9.50000000E+00  1.49911595E+01
  9.50000000E+00  1.47157884E+01
  9.50000000E+00  1.46852189E+01
  9.50000000E+00  1.44098478E+01
  9.50000000E+00  1.43792783E+01
  9.50000000E+00  1.41039072E+01
  9.50000000E+00  1.40733377E+01
  9.50000000E+00  1.37979666E+01
  9.50000000E+00  1.37673971E+01
  9.50000000E+00  1.34920260E+01
  9.50000000E+00  1.34614565E+01
  9.50000000E+00  1.31860854E+01
  9.50000000E+00  1.31555159E+01
  9.50000000E+00  1.28801448E+01
  9.50000000E+00  1.28495753E+01
  9.50000000E+00  1.25742042E+01
  9.50000000E+00  1.25436347E+01
  9.50000000E+00  1.22682636E+01
  9.50000000E+00  1.22376941E+01
  9.50000000E+00  1.19623230E+01
  9.50000000E+00  1.19317535E+01
  9.50000000E+00  1.16563824E+01
  9.50000000E+00  1.16258129E+01
  9.50000000E+00  1.13504418E+01
  9.50000000E+00  1.13198724E+01
  9.50000000E+00  1.10445012E+01
  9.50000000E+00  1.10139318E+01
  9.50000000E+00  1.07385606E+01
  9.50000000E+00  1.07079912E+01
  9.50000000E+00  1.04326200E+01
  9.50000000E+00  1.04020506E+01
  9.50000000E+00  1.01266795E+01
  9.50000000E+00  1.00961100E+01
  9.50000000E+00  9.82073886E+00
  9.50000000E+00  9.79016938E+00
  9.50000000E+00  9.51479826E+00
  9.50000000E+00  9.48422879E+00
  9.50000000E+00  9.20885767E+00
  9.50000000E+00  9.17828819E+00
  9.50000000E+00  8.90291707E+00
  9.50000000E+00  8.87234760E+00
  9.50000000E+00  8.59697648E+00
  9.50000000E+00  8.56640700E+00
  9.50000000E+00  8.29103589E+00
  9.50000000E+00  8.26046641E+00
  9.50000000E+00  7.98509529E+00
  9.50000000E+00  7.95452582E+00
  9.50000000E+00  7.67915470E+00
  9.50000000E+00  7.64858522E+00
  9.50000000E+00  7.37321410E+00
  9.50000000E+00  7.34264463E+00
  9.50000000E+00  7.06727351E+00
  9.50000000E+00  7.03670403E+00
  9.50000000E+00  6.76133292E+00
  9.50000000E+00  6.73076344E+00
  9.50000000E+00  6.45539232E+00
  9.50000000E+00  6.42482285E+00
  9.50000000E+00  6.14945173E+00
  9.50000000E+00  6.11888225E+00
  9.50000000E+00  5.84351113E+00
  9.50000000E+00  5.81294166E+00
  9.50000000E+00  5.53757054E+00
  9.50000000E+00  5.50700106E+00
  9.50000000E+00  5.23162995E+00
  9.50000000E+00  5.20106047E+00
  9.50000000E+00  4.92568935E+00
  9.50000000E+00  4.89511988E+00
  9.50000000E+00  4.61974876E+00
  9.50000000E+00  4.58917928E+00
  9.50000000E+00  4.31380816E+00
  9.50000000E+00  4.28323869E+00
  9.50000000E+00  4.00786757E+00
  9.50000000E+00  3.97729809E+00
  9.50000000E+00  3.70192698E+00
  9.50000000E+00  3.67135750E+00
  9.50000000E+00  3.39598638E+00
  9.50000000E+00  3.36541691E+00
  9.50000000E+00  3.09004579E+00
  9.50000000E+00  3.05947631E+00
  9.50000000E+00  2.78410519E+00
  9.50000000E+00  2.75353572E+00
  9.50000000E+00  2.47816460E+00
  9.50000000E+00  2.44759512E+00
  9.50000000E+00  2.17222401E+00
  9.50000000E+00  2.14165453E+00
  9.50000000E+00  1.86628341E+00
  9.50000000E+00  1.83571393E+00
  9.50000000E+00  1.56034282E+00
  9.50000000E+00  1.52977334E+00
  9.50000000E+00  1.25440222E+00
  9.50000000E+00  1.22383275E+00
  9.50000000E+00  9.48461629E-01
  9.50000000E+00  9.17892153E-01
  9.50000000E+00  6.42521035E-01
  9.50000000E+00  6.11951558E-01
  9.50000000E+00  3.36580441E-01
  9.50000000E+00  3.06010964E-01
  9.50000000E+00  3.06398466E-02
  9.50000000E+00  7.03703670E-05
  9.50000000E+00 -2.75300747E-01
  9.50000000E+00 -3.05870224E-01
  9.50000000E+00 -5.81241342E-01
  9.50000000E+00 -6.11810818E-01
  9.50000000E+00 -8.87181936E-01
  9.50000000E+00 -9.17751412E-01
  9.50000000E+00 -1.19312253E+00
  9.50000000E+00 -1.22369201E+00
  9.50000000E+00 -1.49906312E+00
  9.50000000E+00 -1.52963260E+00
  9.50000000E+00 -1.80500372E+00
  9.50000000E+00 -1.83557319E+00
  9.50000000E+00 -2.11094431E+00
  9.50000000E+00 -2.14151379E+00
  9.50000000E+00 -2.41688491E+00
  9.50000000E+00 -2.44745438E+00
  9.50000000E+00 -2.72282550E+00
  9.50000000E+00 -2.75339498E+00
  9.50000000E+00 -3.02876609E+00
  9.50000000E+00 -3.05933557E+00
  9.50000000E+00 -3.33470669E+00
  9.50000000E+00 -3.36527616E+00
  9.50000000E+00 -3.64064728E+00
  9.50000000E+00 -3.67121676E+00
  9.50000000E+00 -3.94658788E+00
  9.50000000E+00 -3.97715735E+00
  9.50000000E+00 -4.25252847E+00
  9.50000000E+00 -4.28309795E+00
  9.50000000E+00 -4.55846906E+00
  9.50000000E+00 -4.58903854E+00
  9.50000000E+00 -4.86440966E+00
  9.50000000E+00 -4.89497913E+00
  9.50000000E+00 -5.17035025E+00
  9.50000000E+00 -5.20091973E+00
  9.50000000E+00 -5.47629085E+00
  9.50000000E+00 -5.50686032E+00
  9.50000000E+00 -5.78223144E+00
  9.50000000E+00 -5.81280092E+00
  9.50000000E+00 -6.08817203E+00
  9.50000000E+00 -6.11874151E+00
  9.50000000E+00 -6.39411263E+00
  9.50000000E+00 -6.42468210E+00
  9.50000000E+00 -6.70005322E+00
  9.50000000E+00 -6.73062270E+00
  9.50000000E+00 -7.00599382E+00
  9.50000000E+00 -7.03656329E+00
  9.50000000E+00 -7.31193441E+00
  9.50000000E+00 -7.34250389E+00
  9.50000000E+00 -7.61787500E+00
  9.50000000E+00 -7.64844448E+00
  9.50000000E+00 -7.92381560E+00
  9.50000000E+00 -7.95438508E+00
  9.50000000E+00 -8.22975619E+00
  9.50000000E+00 -8.26032567E+00
  9.50000000E+00 -8.53569679E+00
  9.50000000E+00 -8.56626626E+00
  9.50000000E+00 -8.84163738E+00
  9.50000000E+00 -8.87220686E+00
  9.50000000E+00 -9.14757798E+00
  9.50000000E+00 -9.17814745E+00
  9.50000000E+00 -9.45351857E+00
  9.50000000E+00 -9.48408805E+00
  9.50000000E+00 -9.75945916E+00
  9.50000000E+00 -9.79002864E+00
  9.50000000E+00 -1.00653998E+01
  9.50000000E+00 -1.00959692E+01
  9.50000000E+00 -1.03713404E+01
  9.50000000E+00 -1.04019098E+01
  9.50000000E+00 -1.06772809E+01
  9.50000000E+00 -1.07078504E+01
  9.50000000E+00 -1.09832215E+01
  9.50000000E+00 -1.10137910E+01
  9.50000000E+00 -1.12891621E+01
  9.50000000E+00 -1.13197316E+01
  9.50000000E+00 -1.15951027E+01
  9.50000000E+00 -1.16256722E+01
  9.50000000E+00 -1.19010433E+01
  9.50000000E+00 -1.19316128E+01
  9.50000000E+00 -1.22069839E+01
  9.50000000E+00 -1.22375534E+01
  9.50000000E+00 -1.25129245E+01
  9.50000000E+00 -1.25434940E+01
  9.50000000E+00 -1.28188651E+01
  9.50000000E+00 -1.28494346E+01
  9.50000000E+00 -1.31248057E+01
  9.50000000E+00 -1.31553752E+01
  9.50000000E+00 -1.34307463E+01
  9.50000000E+00 -1.34613158E+01
  9.50000000E+00 -1.37366869E+01
  9.50000000E+00 -1.37672564E+01
  9.50000000E+00 -1.40426275E+01
  9.50000000E+00 -1.40731970E+01
  9.50000000E+00 -1.43485681E+01
  9.50000000E+00 -1.43791376E+01
  9.50000000E+00 -1.46545087E+01
  9.50000000E+00 -1.46850781E+01
  9.50000000E+00 -1.49604493E+01
  9.50000000E+00 -1.49910187E+01
  9.50000000E+00 -1.52663899E+01
  9.50000000E+00 -1.52969593E+01

h: x ny1,0  y2=[y1](acrilico),ic[white]
 -1.000000E+00 -1.000000E+00

hb:   line clip z   cb(white)
clip:
 -2.62100000E+00 -1.47306733E+01
 -2.57497519E+00 -1.47885000E+01
 -2.47057877E+00 -1.47885000E+01
 -2.26615166E+00 -1.47885000E+01
 -2.16175524E+00 -1.47885000E+01
 -1.95732813E+00 -1.47885000E+01
 -1.85293171E+00 -1.47885000E+01
 -1.64850460E+00 -1.47885000E+01
 -1.54410818E+00 -1.47885000E+01
 -1.33968107E+00 -1.47885000E+01
 -1.23528465E+00 -1.47885000E+01
 -1.03085754E+00 -1.47885000E+01
 -9.26461119E-01 -1.47885000E+01
 -7.22034009E-01 -1.47885000E+01
 -6.17637590E-01 -1.47885000E+01
 -4.13210479E-01 -1.47885000E+01
 -3.08814060E-01 -1.47885000E+01
 -1.04386950E-01 -1.47885000E+01
  9.46908101E-06 -1.47885000E+01
  2.04436580E-01 -1.47885000E+01
  3.08832998E-01 -1.47885000E+01
  5.13260109E-01 -1.47885000E+01
  6.17656528E-01 -1.47885000E+01
  8.22083638E-01 -1.47885000E+01
  9.26480057E-01 -1.47885000E+01
  1.13090717E+00 -1.47885000E+01
  1.23530359E+00 -1.47885000E+01
  1.43973070E+00 -1.47885000E+01
  1.54412712E+00 -1.47885000E+01
  1.74855423E+00 -1.47885000E+01
  1.85295065E+00 -1.47885000E+01
  2.05737776E+00 -1.47885000E+01
  2.16177417E+00 -1.47885000E+01
  2.36620129E+00 -1.47885000E+01
  2.47059770E+00 -1.47885000E+01
  2.60900000E+00 -1.46850781E+01
  2.60900000E+00 -1.44445460E+01
  2.60900000E+00 -1.43791376E+01
  2.60900000E+00 -1.41386054E+01
  2.60900000E+00 -1.40731970E+01
  2.60900000E+00 -1.38326648E+01
  2.60900000E+00 -1.37672564E+01
  2.60900000E+00 -1.35267242E+01
  2.60900000E+00 -1.34613158E+01
  2.60900000E+00 -1.32207836E+01
  2.60900000E+00 -1.31553752E+01
  2.60900000E+00 -1.29148430E+01
  2.60900000E+00 -1.28494346E+01
  2.60900000E+00 -1.26089024E+01
  2.60900000E+00 -1.25434940E+01
  2.60900000E+00 -1.23029619E+01
  2.60900000E+00 -1.22375534E+01
  2.60900000E+00 -1.19970213E+01
  2.60900000E+00 -1.19316128E+01
  2.60900000E+00 -1.16910807E+01
  2.60900000E+00 -1.16256722E+01
  2.60900000E+00 -1.13851401E+01
  2.60900000E+00 -1.13197316E+01
  2.60900000E+00 -1.10791995E+01
  2.60900000E+00 -1.10137910E+01
  2.60900000E+00 -1.07732589E+01
  2.60900000E+00 -1.07078504E+01
  2.60900000E+00 -1.04673183E+01
  2.60900000E+00 -1.04019098E+01
  2.60900000E+00 -1.01613777E+01
  2.60900000E+00 -1.00959692E+01
  2.60900000E+00 -9.85543710E+00
  2.60900000E+00 -9.79002864E+00
  2.60900000E+00 -9.54949650E+00
  2.60900000E+00 -9.48408805E+00
  2.60900000E+00 -9.24355591E+00
  2.60900000E+00 -9.17814745E+00
  2.60900000E+00 -8.93761532E+00
  2.60900000E+00 -8.87220686E+00
  2.60900000E+00 -8.63167472E+00
  2.60900000E+00 -8.56626626E+00
  2.60900000E+00 -8.32573413E+00
  2.60900000E+00 -8.26032567E+00
  2.60900000E+00 -8.01979353E+00
  2.60900000E+00 -7.95438508E+00
  2.60900000E+00 -7.71385294E+00
  2.60900000E+00 -7.64844448E+00
  2.60900000E+00 -7.40791235E+00
  2.60900000E+00 -7.34250389E+00
  2.60900000E+00 -7.10197175E+00
  2.60900000E+00 -7.03656329E+00
  2.60900000E+00 -6.79603116E+00
  2.60900000E+00 -6.73062270E+00
  2.60900000E+00 -6.49009056E+00
  2.60900000E+00 -6.42468210E+00
  2.60900000E+00 -6.18414997E+00
  2.60900000E+00 -6.11874151E+00
  2.60900000E+00 -5.87820938E+00
  2.60900000E+00 -5.81280092E+00
  2.60900000E+00 -5.57226878E+00
  2.60900000E+00 -5.50686032E+00
  2.60900000E+00 -5.26632819E+00
  2.60900000E+00 -5.20091973E+00
  2.60900000E+00 -4.96038759E+00
  2.60900000E+00 -4.89497913E+00
  2.60900000E+00 -4.65444700E+00
  2.60900000E+00 -4.58903854E+00
  2.60900000E+00 -4.34850641E+00
  2.60900000E+00 -4.28309795E+00
  2.60900000E+00 -4.04256581E+00
  2.60900000E+00 -3.97715735E+00
  2.60900000E+00 -3.73662522E+00
  2.60900000E+00 -3.67121676E+00
  2.60900000E+00 -3.43068462E+00
  2.60900000E+00 -3.36527616E+00
  2.60900000E+00 -3.12474403E+00
  2.60900000E+00 -3.05933557E+00
  2.60900000E+00 -2.81880343E+00
  2.60900000E+00 -2.75339498E+00
  2.60900000E+00 -2.51286284E+00
  2.60900000E+00 -2.44745438E+00
  2.60900000E+00 -2.20692225E+00
  2.60900000E+00 -2.14151379E+00
  2.60900000E+00 -1.90098165E+00
  2.60900000E+00 -1.83557319E+00
  2.60900000E+00 -1.59504106E+00
  2.60900000E+00 -1.52963260E+00
  2.57932343E+00 -1.31850000E+00
  2.36620129E+00 -1.31850000E+00
  2.15307914E+00 -1.31850000E+00
  2.05737776E+00 -1.31850000E+00
  1.84425561E+00 -1.31850000E+00
  1.75000000E+00 -1.52963260E+00
  2.01814410E+00 -1.56850000E+00
  2.09661141E+00 -1.56850000E+00
  2.35900000E+00 -1.83557319E+00
  2.35900000E+00 -1.84270725E+00
  2.35900000E+00 -2.14151379E+00
  2.35900000E+00 -2.14864785E+00
  2.35900000E+00 -2.44745438E+00
  2.35900000E+00 -2.45458844E+00
  2.35900000E+00 -2.75339498E+00
  2.35900000E+00 -2.76052904E+00
  2.35900000E+00 -3.05933557E+00
  2.35900000E+00 -3.06646963E+00
  2.35900000E+00 -3.36527616E+00
  2.35900000E+00 -3.37241022E+00
  2.35900000E+00 -3.67121676E+00
  2.35900000E+00 -3.67835082E+00
  2.35900000E+00 -3.97715735E+00
  2.35900000E+00 -3.98429141E+00
  2.35900000E+00 -4.28309795E+00
  2.35900000E+00 -4.29023201E+00
  2.35900000E+00 -4.58903854E+00
  2.35900000E+00 -4.59617260E+00
  2.35900000E+00 -4.89497913E+00
  2.35900000E+00 -4.90211319E+00
  2.35900000E+00 -5.20091973E+00
  2.35900000E+00 -5.20805379E+00
  2.35900000E+00 -5.50686032E+00
  2.35900000E+00 -5.51399438E+00
  2.35900000E+00 -5.81280092E+00
  2.35900000E+00 -5.81993498E+00
  2.35900000E+00 -6.11874151E+00
  2.35900000E+00 -6.12587557E+00
  2.35900000E+00 -6.42468210E+00
  2.35900000E+00 -6.43181616E+00
  2.35900000E+00 -6.73062270E+00
  2.35900000E+00 -6.73775676E+00
  2.35900000E+00 -7.03656329E+00
  2.35900000E+00 -7.04369735E+00
  2.35900000E+00 -7.34250389E+00
  2.35900000E+00 -7.34963795E+00
  2.35900000E+00 -7.64844448E+00
  2.35900000E+00 -7.65557854E+00
  2.35900000E+00 -7.95438508E+00
  2.35900000E+00 -7.96151914E+00
  2.35900000E+00 -8.26032567E+00
  2.35900000E+00 -8.26745973E+00
  2.35900000E+00 -8.56626626E+00
  2.35900000E+00 -8.57340032E+00
  2.35900000E+00 -8.87220686E+00
  2.35900000E+00 -8.87934092E+00
  2.35900000E+00 -9.17814745E+00
  2.35900000E+00 -9.18528151E+00
  2.35900000E+00 -9.48408805E+00
  2.35900000E+00 -9.49122211E+00
  2.35900000E+00 -9.79002864E+00
  2.35900000E+00 -9.79716270E+00
  2.35900000E+00 -1.00959692E+01
  2.35900000E+00 -1.01031033E+01
  2.35900000E+00 -1.04019098E+01
  2.35900000E+00 -1.04090439E+01
  2.35900000E+00 -1.07078504E+01
  2.35900000E+00 -1.07149845E+01
  2.35900000E+00 -1.10137910E+01
  2.35900000E+00 -1.10209251E+01
  2.35900000E+00 -1.13197316E+01
  2.35900000E+00 -1.13268657E+01
  2.35900000E+00 -1.16256722E+01
  2.35900000E+00 -1.16328063E+01
  2.35900000E+00 -1.19316128E+01
  2.35900000E+00 -1.19387469E+01
  2.35900000E+00 -1.22375534E+01
  2.35900000E+00 -1.22446875E+01
  2.35900000E+00 -1.25434940E+01
  2.35900000E+00 -1.25506280E+01
  2.35900000E+00 -1.28494346E+01
  2.35900000E+00 -1.28565686E+01
  2.35900000E+00 -1.31553752E+01
  2.35900000E+00 -1.31625092E+01
  2.35900000E+00 -1.34613158E+01
  2.35900000E+00 -1.34684498E+01
  2.35900000E+00 -1.37672564E+01
  2.35900000E+00 -1.37743904E+01
  2.35900000E+00 -1.40731970E+01
  2.35900000E+00 -1.40803310E+01
  2.35900000E+00 -1.43791376E+01
  2.35900000E+00 -1.43862716E+01
  2.05737776E+00 -1.45385000E+01
  1.90941838E+00 -1.45385000E+01
  1.74855423E+00 -1.45385000E+01
  1.60059485E+00 -1.45385000E+01
  1.43973070E+00 -1.45385000E+01
  1.29177132E+00 -1.45385000E+01
  1.13090717E+00 -1.45385000E+01
  9.82947790E-01 -1.45385000E+01
  8.22083638E-01 -1.45385000E+01
  6.74124261E-01 -1.45385000E+01
  5.13260109E-01 -1.45385000E+01
  3.65300731E-01 -1.45385000E+01
  2.04436580E-01 -1.45385000E+01
  5.64772018E-02 -1.45385000E+01
 -1.04386950E-01 -1.45385000E+01
 -2.52346328E-01 -1.45385000E+01
 -4.13210479E-01 -1.45385000E+01
 -5.61169857E-01 -1.45385000E+01
 -7.22034009E-01 -1.45385000E+01
 -8.69993386E-01 -1.45385000E+01
 -1.03085754E+00 -1.45385000E+01
 -1.17881692E+00 -1.45385000E+01
 -1.33968107E+00 -1.45385000E+01
 -1.48764045E+00 -1.45385000E+01
 -1.64850460E+00 -1.45385000E+01
 -1.79646397E+00 -1.45385000E+01
 -1.95732813E+00 -1.45385000E+01
 -2.10528750E+00 -1.45385000E+01
 -2.26615166E+00 -1.45385000E+01
 -2.37100000E+00 -1.43791376E+01
 -2.37100000E+00 -1.41770665E+01
 -2.37100000E+00 -1.40731970E+01
 -2.37100000E+00 -1.38711259E+01
 -2.37100000E+00 -1.37672564E+01
 -2.37100000E+00 -1.35651853E+01
 -2.37100000E+00 -1.34613158E+01
 -2.37100000E+00 -1.32592447E+01
 -2.37100000E+00 -1.31553752E+01
 -2.37100000E+00 -1.29533041E+01
 -2.37100000E+00 -1.28494346E+01
 -2.37100000E+00 -1.26473635E+01
 -2.37100000E+00 -1.25434940E+01
 -2.37100000E+00 -1.23414230E+01
 -2.37100000E+00 -1.22375534E+01
 -2.37100000E+00 -1.20354824E+01
 -2.37100000E+00 -1.19316128E+01
 -2.37100000E+00 -1.17295418E+01
 -2.37100000E+00 -1.16256722E+01
 -2.37100000E+00 -1.14236012E+01
 -2.37100000E+00 -1.13197316E+01
 -2.37100000E+00 -1.11176606E+01
 -2.37100000E+00 -1.10137910E+01
 -2.37100000E+00 -1.08117200E+01
 -2.37100000E+00 -1.07078504E+01
 -2.37100000E+00 -1.05057794E+01
 -2.37100000E+00 -1.04019098E+01
 -2.37100000E+00 -1.01998388E+01
 -2.37100000E+00 -1.00959692E+01
 -2.37100000E+00 -9.89389820E+00
 -2.37100000E+00 -9.79002864E+00
 -2.37100000E+00 -9.58795761E+00
 -2.37100000E+00 -9.48408805E+00
 -2.37100000E+00 -9.28201701E+00
 -2.37100000E+00 -9.17814745E+00
 -2.37100000E+00 -8.97607642E+00
 -2.37100000E+00 -8.87220686E+00
 -2.37100000E+00 -8.67013583E+00
 -2.37100000E+00 -8.56626626E+00
 -2.37100000E+00 -8.36419523E+00
 -2.37100000E+00 -8.26032567E+00
 -2.37100000E+00 -8.05825464E+00
 -2.37100000E+00 -7.95438508E+00
 -2.37100000E+00 -7.75231404E+00
 -2.37100000E+00 -7.64844448E+00
 -2.37100000E+00 -7.44637345E+00
 -2.37100000E+00 -7.34250389E+00
 -2.37100000E+00 -7.14043285E+00
 -2.37100000E+00 -7.03656329E+00
 -2.37100000E+00 -6.83449226E+00
 -2.37100000E+00 -6.73062270E+00
 -2.37100000E+00 -6.52855167E+00
 -2.37100000E+00 -6.42468210E+00
 -2.37100000E+00 -6.22261107E+00
 -2.37100000E+00 -6.11874151E+00
 -2.37100000E+00 -5.91667048E+00
 -2.37100000E+00 -5.81280092E+00
 -2.37100000E+00 -5.61072988E+00
 -2.37100000E+00 -5.50686032E+00
 -2.37100000E+00 -5.30478929E+00
 -2.37100000E+00 -5.20091973E+00
 -2.37100000E+00 -4.99884870E+00
 -2.37100000E+00 -4.89497913E+00
 -2.37100000E+00 -4.69290810E+00
 -2.37100000E+00 -4.58903854E+00
 -2.37100000E+00 -4.38696751E+00
 -2.37100000E+00 -4.28309795E+00
 -2.37100000E+00 -4.08102691E+00
 -2.37100000E+00 -3.97715735E+00
 -2.37100000E+00 -3.77508632E+00
 -2.37100000E+00 -3.67121676E+00
 -2.37100000E+00 -3.46914573E+00
 -2.37100000E+00 -3.36527616E+00
 -2.37100000E+00 -3.16320513E+00
 -2.37100000E+00 -3.05933557E+00
 -2.37100000E+00 -2.85726454E+00
 -2.37100000E+00 -2.75339498E+00
 -2.37100000E+00 -2.55132394E+00
 -2.37100000E+00 -2.44745438E+00
 -2.37100000E+00 -2.24538335E+00
 -2.37100000E+00 -2.14151379E+00
 -2.37100000E+00 -1.93944276E+00
 -2.37100000E+00 -1.83557319E+00
 -2.37100000E+00 -1.63350216E+00
 -2.26615166E+00 -1.56850000E+00
 -1.91809447E+00 -1.56850000E+00
 -1.75000000E+00 -1.52963260E+00
 -1.75000000E+00 -1.32423993E+00
 -1.95732813E+00 -1.31850000E+00
 -2.17045027E+00 -1.31850000E+00
 -2.26615166E+00 -1.31850000E+00
 -2.47927380E+00 -1.31850000E+00
 -2.57497519E+00 -1.31850000E+00
 -2.62100000E+00 -1.48403744E+00
 -2.62100000E+00 -1.52963260E+00
 -2.62100000E+00 -1.57522776E+00
 -2.62100000E+00 -1.83557319E+00
 -2.62100000E+00 -1.88116836E+00
 -2.62100000E+00 -2.14151379E+00
 -2.62100000E+00 -2.18710895E+00
 -2.62100000E+00 -2.44745438E+00
 -2.62100000E+00 -2.49304955E+00
 -2.62100000E+00 -2.75339498E+00
 -2.62100000E+00 -2.79899014E+00
 -2.62100000E+00 -3.05933557E+00
 -2.62100000E+00 -3.10493073E+00
 -2.62100000E+00 -3.36527616E+00
 -2.62100000E+00 -3.41087133E+00
 -2.62100000E+00 -3.67121676E+00
 -2.62100000E+00 -3.71681192E+00
 -2.62100000E+00 -3.97715735E+00
 -2.62100000E+00 -4.02275252E+00
 -2.62100000E+00 -4.28309795E+00
 -2.62100000E+00 -4.32869311E+00
 -2.62100000E+00 -4.58903854E+00
 -2.62100000E+00 -4.63463370E+00
 -2.62100000E+00 -4.89497913E+00
 -2.62100000E+00 -4.94057430E+00
 -2.62100000E+00 -5.20091973E+00
 -2.62100000E+00 -5.24651489E+00
 -2.62100000E+00 -5.50686032E+00
 -2.62100000E+00 -5.55245549E+00
 -2.62100000E+00 -5.81280092E+00
 -2.62100000E+00 -5.85839608E+00
 -2.62100000E+00 -6.11874151E+00
 -2.62100000E+00 -6.16433667E+00
 -2.62100000E+00 -6.42468210E+00
 -2.62100000E+00 -6.47027727E+00
 -2.62100000E+00 -6.73062270E+00
 -2.62100000E+00 -6.77621786E+00
 -2.62100000E+00 -7.03656329E+00
 -2.62100000E+00 -7.08215846E+00
 -2.62100000E+00 -7.34250389E+00
 -2.62100000E+00 -7.38809905E+00
 -2.62100000E+00 -7.64844448E+00
 -2.62100000E+00 -7.69403964E+00
 -2.62100000E+00 -7.95438508E+00
 -2.62100000E+00 -7.99998024E+00
 -2.62100000E+00 -8.26032567E+00
 -2.62100000E+00 -8.30592083E+00
 -2.62100000E+00 -8.56626626E+00
 -2.62100000E+00 -8.61186143E+00
 -2.62100000E+00 -8.87220686E+00
 -2.62100000E+00 -8.91780202E+00
 -2.62100000E+00 -9.17814745E+00
 -2.62100000E+00 -9.22374261E+00
 -2.62100000E+00 -9.48408805E+00
 -2.62100000E+00 -9.52968321E+00
 -2.62100000E+00 -9.79002864E+00
 -2.62100000E+00 -9.83562380E+00
 -2.62100000E+00 -1.00959692E+01
 -2.62100000E+00 -1.01415644E+01
 -2.62100000E+00 -1.04019098E+01
 -2.62100000E+00 -1.04475050E+01
 -2.62100000E+00 -1.07078504E+01
 -2.62100000E+00 -1.07534456E+01
 -2.62100000E+00 -1.10137910E+01
 -2.62100000E+00 -1.10593862E+01
 -2.62100000E+00 -1.13197316E+01
 -2.62100000E+00 -1.13653268E+01
 -2.62100000E+00 -1.16256722E+01
 -2.62100000E+00 -1.16712674E+01
 -2.62100000E+00 -1.19316128E+01
 -2.62100000E+00 -1.19772080E+01
 -2.62100000E+00 -1.22375534E+01
 -2.62100000E+00 -1.22831486E+01
 -2.62100000E+00 -1.25434940E+01
 -2.62100000E+00 -1.25890891E+01
 -2.62100000E+00 -1.28494346E+01
 -2.62100000E+00 -1.28950297E+01
 -2.62100000E+00 -1.31553752E+01
 -2.62100000E+00 -1.32009703E+01
 -2.62100000E+00 -1.34613158E+01
 -2.62100000E+00 -1.35069109E+01
 -2.62100000E+00 -1.37672564E+01
 -2.62100000E+00 -1.38128515E+01
 -2.62100000E+00 -1.40731970E+01
 -2.62100000E+00 -1.41187921E+01
 -2.62100000E+00 -1.43791376E+01
 -2.62100000E+00 -1.44247327E+01
 -2.62100000E+00 -1.46850781E+01

hb:   line clip z   cb(cyan)
clip:
 -2.37100000E+00 -1.44830071E+01
 -2.26615166E+00 -1.45385000E+01
 -2.10528750E+00 -1.45385000E+01
 -1.95732813E+00 -1.45385000E+01
 -1.79646397E+00 -1.45385000E+01
 -1.64850460E+00 -1.45385000E+01
 -1.48764045E+00 -1.45385000E+01
 -1.33968107E+00 -1.45385000E+01
 -1.17881692E+00 -1.45385000E+01
 -1.03085754E+00 -1.45385000E+01
 -8.69993386E-01 -1.45385000E+01
 -7.22034009E-01 -1.45385000E+01
 -5.61169857E-01 -1.45385000E+01
 -4.13210479E-01 -1.45385000E+01
 -2.52346328E-01 -1.45385000E+01
 -1.04386950E-01 -1.45385000E+01
  5.64772018E-02 -1.45385000E+01
  2.04436580E-01 -1.45385000E+01
  3.65300731E-01 -1.45385000E+01
  5.13260109E-01 -1.45385000E+01
  6.74124261E-01 -1.45385000E+01
  8.22083638E-01 -1.45385000E+01
  9.82947790E-01 -1.45385000E+01
  1.13090717E+00 -1.45385000E+01
  1.29177132E+00 -1.45385000E+01
  1.43973070E+00 -1.45385000E+01
  1.60059485E+00 -1.45385000E+01
  1.74855423E+00 -1.45385000E+01
  1.90941838E+00 -1.45385000E+01
  2.05737776E+00 -1.45385000E+01
  2.21824191E+00 -1.45385000E+01
  2.35900000E+00 -1.43791376E+01
  2.35900000E+00 -1.40803310E+01
  2.35900000E+00 -1.40731970E+01
  2.35900000E+00 -1.37743904E+01
  2.35900000E+00 -1.37672564E+01
  2.35900000E+00 -1.34684498E+01
  2.35900000E+00 -1.34613158E+01
  2.35900000E+00 -1.31625092E+01
  2.35900000E+00 -1.31553752E+01
  2.35900000E+00 -1.28565686E+01
  2.35900000E+00 -1.28494346E+01
  2.35900000E+00 -1.25506280E+01
  2.35900000E+00 -1.25434940E+01
  2.35900000E+00 -1.22446875E+01
  2.35900000E+00 -1.22375534E+01
  2.35900000E+00 -1.19387469E+01
  2.35900000E+00 -1.19316128E+01
  2.35900000E+00 -1.16328063E+01
  2.35900000E+00 -1.16256722E+01
  2.35900000E+00 -1.13268657E+01
  2.35900000E+00 -1.13197316E+01
  2.35900000E+00 -1.10209251E+01
  2.35900000E+00 -1.10137910E+01
  2.35900000E+00 -1.07149845E+01
  2.35900000E+00 -1.07078504E+01
  2.35900000E+00 -1.04090439E+01
  2.35900000E+00 -1.04019098E+01
  2.35900000E+00 -1.01031033E+01
  2.35900000E+00 -1.00959692E+01
  2.35900000E+00 -9.79716270E+00
  2.35900000E+00 -9.79002864E+00
  2.35900000E+00 -9.49122211E+00
  2.35900000E+00 -9.48408805E+00
  2.35900000E+00 -9.18528151E+00
  2.35900000E+00 -9.17814745E+00
  2.35900000E+00 -8.87934092E+00
  2.35900000E+00 -8.87220686E+00
  2.35900000E+00 -8.57340032E+00
  2.35900000E+00 -8.56626626E+00
  2.35900000E+00 -8.26745973E+00
  2.35900000E+00 -8.26032567E+00
  2.35900000E+00 -7.96151914E+00
  2.35900000E+00 -7.95438508E+00
  2.35900000E+00 -7.65557854E+00
  2.35900000E+00 -7.64844448E+00
  2.35900000E+00 -7.34963795E+00
  2.35900000E+00 -7.34250389E+00
  2.35900000E+00 -7.04369735E+00
  2.35900000E+00 -7.03656329E+00
  2.35900000E+00 -6.73775676E+00
  2.35900000E+00 -6.73062270E+00
  2.35900000E+00 -6.43181616E+00
  2.35900000E+00 -6.42468210E+00
  2.35900000E+00 -6.12587557E+00
  2.35900000E+00 -6.11874151E+00
  2.35900000E+00 -5.81993498E+00
  2.35900000E+00 -5.81280092E+00
  2.35900000E+00 -5.51399438E+00
  2.35900000E+00 -5.50686032E+00
  2.35900000E+00 -5.20805379E+00
  2.35900000E+00 -5.20091973E+00
  2.35900000E+00 -4.90211319E+00
  2.35900000E+00 -4.89497913E+00
  2.35900000E+00 -4.59617260E+00
  2.35900000E+00 -4.58903854E+00
  2.35900000E+00 -4.29023201E+00
  2.35900000E+00 -4.28309795E+00
  2.35900000E+00 -3.98429141E+00
  2.35900000E+00 -3.97715735E+00
  2.35900000E+00 -3.67835082E+00
  2.35900000E+00 -3.67121676E+00
  2.35900000E+00 -3.37241022E+00
  2.35900000E+00 -3.36527616E+00
  2.35900000E+00 -3.06646963E+00
  2.35900000E+00 -3.05933557E+00
  2.35900000E+00 -2.76052904E+00
  2.35900000E+00 -2.75339498E+00
  2.35900000E+00 -2.45458844E+00
  2.35900000E+00 -2.44745438E+00
  2.35900000E+00 -2.14864785E+00
  2.35900000E+00 -2.14151379E+00
  2.35900000E+00 -1.84270725E+00
  2.35900000E+00 -1.83557319E+00
  2.32696763E+00 -1.56850000E+00
  2.05737776E+00 -1.56850000E+00
  1.78778788E+00 -1.56850000E+00
  1.74855423E+00 -1.56850000E+00
  1.47896435E+00 -1.56850000E+00
  1.43973070E+00 -1.56850000E+00
  1.17014082E+00 -1.56850000E+00
  1.13090717E+00 -1.56850000E+00
  8.61317293E-01 -1.56850000E+00
  8.22083638E-01 -1.56850000E+00
  5.52493764E-01 -1.56850000E+00
  7.34495109E-01 -1.83557319E+00
  8.22083638E-01 -1.94885221E+00
  9.49427271E-01 -2.14151379E+00
  1.11495924E+00 -2.44745438E+00
  1.13090717E+00 -2.48061822E+00
  1.25076491E+00 -2.75339498E+00
  1.30363890E+00 -2.88821632E+00
  1.36570206E+00 -3.05933557E+00
  1.38447670E+00 -3.11407376E+00
  1.43973070E+00 -3.28396202E+00
  1.46467165E+00 -3.36527616E+00
  1.52745874E+00 -3.58430768E+00
  1.55072212E+00 -3.67121676E+00
  1.59046263E+00 -3.82783253E+00
  1.62589844E+00 -3.97715735E+00
  1.64823277E+00 -4.07654228E+00
  1.69164582E+00 -4.28309795E+00
  1.70100318E+00 -4.33020509E+00
  1.74855423E+00 -4.58635110E+00
  1.79222390E+00 -4.85171713E+00
  1.79883217E+00 -4.89497913E+00
  1.83090676E+00 -5.11933597E+00
  1.84168185E+00 -5.20091973E+00
  1.86506430E+00 -5.39143790E+00
  1.87804813E+00 -5.50686032E+00
  1.89472389E+00 -5.66799578E+00
  1.90830054E+00 -5.81280092E+00
  1.91988046E+00 -5.94901464E+00
  1.93272531E+00 -6.11874151E+00
  1.94049631E+00 -6.23453185E+00
  1.95154060E+00 -6.42468210E+00
  1.95649969E+00 -6.52461845E+00
  1.96490706E+00 -6.73062270E+00
  1.96778217E+00 -6.81938189E+00
  1.97293511E+00 -7.03656329E+00
  1.97419430E+00 -7.11897021E+00
  1.97568962E+00 -7.34250389E+00
  1.97553942E+00 -7.42357824E+00
  1.97319262E+00 -7.64844448E+00
  1.97156476E+00 -7.73345640E+00
  1.96542415E+00 -7.95438508E+00
  1.96194892E+00 -8.04892306E+00
  1.95232148E+00 -8.26032567E+00
  1.94628414E+00 -8.37038220E+00
  1.93377652E+00 -8.56626626E+00
  1.92405053E+00 -8.69834885E+00
  1.90963121E+00 -8.87220686E+00
  1.89457805E+00 -9.03348679E+00
  1.87967044E+00 -9.17814745E+00
  1.85698814E+00 -9.37666638E+00
  1.84361162E+00 -9.48408805E+00
  1.81010047E+00 -9.72905695E+00
  1.80108975E+00 -9.79002864E+00
  1.75227516E+00 -1.00922830E+01
  1.69464519E+00 -1.04019098E+01
  1.62933009E+00 -1.07078504E+01
  1.55464572E+00 -1.10137910E+01
  1.46916971E+00 -1.13197316E+01
  1.38826937E+00 -1.15746913E+01
  1.33370571E+00 -1.17307074E+01
  1.25683298E+00 -1.19316128E+01
  1.13090717E+00 -1.22193818E+01
  1.11420247E+00 -1.22541021E+01
  9.58452653E-01 -1.25434940E+01
  8.22083638E-01 -1.27511478E+01
  7.79870541E-01 -1.28076156E+01
  7.46781461E-01 -1.28494346E+01
  5.13260109E-01 -1.30873531E+01
  4.74896193E-01 -1.31173694E+01
  4.21072612E-01 -1.31553752E+01
  2.04436580E-01 -1.32614590E+01
  3.53230277E-02 -1.32937809E+01
 -1.04386950E-01 -1.32877420E+01
 -3.80092299E-01 -1.31881842E+01
 -4.13210479E-01 -1.31682056E+01
 -4.33072612E-01 -1.31553752E+01
 -5.93378278E-01 -1.30279205E+01
 -7.22034009E-01 -1.28934247E+01
 -7.58781461E-01 -1.28494346E+01
 -8.74164271E-01 -1.26942041E+01
 -9.70452653E-01 -1.25434940E+01
 -9.92719348E-01 -1.25057118E+01
 -1.03085754E+00 -1.24383105E+01
 -1.13421008E+00 -1.22375534E+01
 -1.19865647E+00 -1.20978453E+01
 -1.26883298E+00 -1.19316128E+01
 -1.28885872E+00 -1.18812649E+01
 -1.33968107E+00 -1.17472211E+01
 -1.38289374E+00 -1.16256722E+01
 -1.44821666E+00 -1.14272540E+01
 -1.48116971E+00 -1.13197316E+01
 -1.51856226E+00 -1.11910023E+01
 -1.56664572E+00 -1.10137910E+01
 -1.58326670E+00 -1.09491621E+01
 -1.64133009E+00 -1.07078504E+01
 -1.64265135E+00 -1.07020518E+01
 -1.64850460E+00 -1.06761852E+01
 -1.70664519E+00 -1.04019098E+01
 -1.74641628E+00 -1.01929669E+01
 -1.76363582E+00 -1.00959692E+01
 -1.79114266E+00 -9.93133515E+00
 -1.81308975E+00 -9.79002864E+00
 -1.83125659E+00 -9.66513401E+00
 -1.85561162E+00 -9.48408805E+00
 -1.86682979E+00 -9.39443453E+00
 -1.89167044E+00 -9.17814745E+00
 -1.89789997E+00 -9.11927407E+00
 -1.92163121E+00 -8.87220686E+00
 -1.92447220E+00 -8.83965765E+00
 -1.94577652E+00 -8.56626626E+00
 -1.94651911E+00 -8.55555815E+00
 -1.95732813E+00 -8.38670967E+00
 -1.96432148E+00 -8.26032567E+00
 -1.97675793E+00 -7.97363350E+00
 -1.97742415E+00 -7.95438508E+00
 -1.98471729E+00 -7.67557796E+00
 -1.98519262E+00 -7.64844448E+00
 -1.98767692E+00 -7.37256937E+00
 -1.98768962E+00 -7.34250389E+00
 -1.98540280E+00 -7.06437588E+00
 -1.98493511E+00 -7.03656329E+00
 -1.97759670E+00 -6.75070206E+00
 -1.97690706E+00 -6.73062270E+00
 -1.96388029E+00 -6.43117311E+00
 -1.96354060E+00 -6.42468210E+00
 -1.95732813E+00 -6.31329033E+00
 -1.94554496E+00 -6.13041468E+00
 -1.94472531E+00 -6.11874151E+00
 -1.94377227E+00 -6.10531220E+00
 -1.92030054E+00 -5.81280092E+00
 -1.91665483E+00 -5.77250731E+00
 -1.89004813E+00 -5.50686032E+00
 -1.88172285E+00 -5.43196084E+00
 -1.85368185E+00 -5.20091973E+00
 -1.83790380E+00 -5.08261025E+00
 -1.81083217E+00 -4.89497913E+00
 -1.78372492E+00 -4.72299655E+00
 -1.76102428E+00 -4.58903854E+00
 -1.71707780E+00 -4.35103100E+00
 -1.70364582E+00 -4.28309795E+00
 -1.64850460E+00 -4.02381481E+00
 -1.63986117E+00 -3.98572010E+00
 -1.63789844E+00 -3.97715735E+00
 -1.63476282E+00 -3.96354386E+00
 -1.56272212E+00 -3.67121676E+00
 -1.53149164E+00 -3.55529614E+00
 -1.47667165E+00 -3.36527616E+00
 -1.39725380E+00 -3.11637085E+00
 -1.37770206E+00 -3.05933557E+00
 -1.33968107E+00 -2.95277891E+00
 -1.28461336E+00 -2.80794861E+00
 -1.26276491E+00 -2.75339498E+00
 -1.20764113E+00 -2.62258766E+00
 -1.12695924E+00 -2.44745438E+00
 -1.03085754E+00 -2.26168954E+00
 -9.87180421E-01 -2.18478317E+00
 -9.61427271E-01 -2.14151379E+00
 -8.28145709E-01 -1.94069432E+00
 -7.46495109E-01 -1.83557319E+00
 -7.61267664E-01 -1.56850000E+00
 -1.03085754E+00 -1.56850000E+00
 -1.30044741E+00 -1.56850000E+00
 -1.33968107E+00 -1.56850000E+00
 -1.60927094E+00 -1.56850000E+00
 -1.64850460E+00 -1.56850000E+00
 -1.91809447E+00 -1.56850000E+00
 -1.95732813E+00 -1.56850000E+00
 -2.22691800E+00 -1.56850000E+00
 -2.26615166E+00 -1.56850000E+00
 -2.37100000E+00 -1.73170363E+00
 -2.37100000E+00 -1.83557319E+00
 -2.37100000E+00 -1.93944276E+00
 -2.37100000E+00 -2.14151379E+00
 -2.37100000E+00 -2.24538335E+00
 -2.37100000E+00 -2.44745438E+00
 -2.37100000E+00 -2.55132394E+00
 -2.37100000E+00 -2.75339498E+00
 -2.37100000E+00 -2.85726454E+00
 -2.37100000E+00 -3.05933557E+00
 -2.37100000E+00 -3.16320513E+00
 -2.37100000E+00 -3.36527616E+00
 -2.37100000E+00 -3.46914573E+00
 -2.37100000E+00 -3.67121676E+00
 -2.37100000E+00 -3.77508632E+00
 -2.37100000E+00 -3.97715735E+00
 -2.37100000E+00 -4.08102691E+00
 -2.37100000E+00 -4.28309795E+00
 -2.37100000E+00 -4.38696751E+00
 -2.37100000E+00 -4.58903854E+00
 -2.37100000E+00 -4.69290810E+00
 -2.37100000E+00 -4.89497913E+00
 -2.37100000E+00 -4.99884870E+00
 -2.37100000E+00 -5.20091973E+00
 -2.37100000E+00 -5.30478929E+00
 -2.37100000E+00 -5.50686032E+00
 -2.37100000E+00 -5.61072988E+00
 -2.37100000E+00 -5.81280092E+00
 -2.37100000E+00 -5.91667048E+00
 -2.37100000E+00 -6.11874151E+00
 -2.37100000E+00 -6.22261107E+00
 -2.37100000E+00 -6.42468210E+00
 -2.37100000E+00 -6.52855167E+00
 -2.37100000E+00 -6.73062270E+00
 -2.37100000E+00 -6.83449226E+00
 -2.37100000E+00 -7.03656329E+00
 -2.37100000E+00 -7.14043285E+00
 -2.37100000E+00 -7.34250389E+00
 -2.37100000E+00 -7.44637345E+00
 -2.37100000E+00 -7.64844448E+00
 -2.37100000E+00 -7.75231404E+00
 -2.37100000E+00 -7.95438508E+00
 -2.37100000E+00 -8.05825464E+00
 -2.37100000E+00 -8.26032567E+00
 -2.37100000E+00 -8.36419523E+00
 -2.37100000E+00 -8.56626626E+00
 -2.37100000E+00 -8.67013583E+00
 -2.37100000E+00 -8.87220686E+00
 -2.37100000E+00 -8.97607642E+00
 -2.37100000E+00 -9.17814745E+00
 -2.37100000E+00 -9.28201701E+00
 -2.37100000E+00 -9.48408805E+00
 -2.37100000E+00 -9.58795761E+00
 -2.37100000E+00 -9.79002864E+00
 -2.37100000E+00 -9.89389820E+00
 -2.37100000E+00 -1.00959692E+01
 -2.37100000E+00 -1.01998388E+01
 -2.37100000E+00 -1.04019098E+01
 -2.37100000E+00 -1.05057794E+01
 -2.37100000E+00 -1.07078504E+01
 -2.37100000E+00 -1.08117200E+01
 -2.37100000E+00 -1.10137910E+01
 -2.37100000E+00 -1.11176606E+01
 -2.37100000E+00 -1.13197316E+01
 -2.37100000E+00 -1.14236012E+01
 -2.37100000E+00 -1.16256722E+01
 -2.37100000E+00 -1.17295418E+01
 -2.37100000E+00 -1.19316128E+01
 -2.37100000E+00 -1.20354824E+01
 -2.37100000E+00 -1.22375534E+01
 -2.37100000E+00 -1.23414230E+01
 -2.37100000E+00 -1.25434940E+01
 -2.37100000E+00 -1.26473635E+01
 -2.37100000E+00 -1.28494346E+01
 -2.37100000E+00 -1.29533041E+01
 -2.37100000E+00 -1.31553752E+01
 -2.37100000E+00 -1.32592447E+01
 -2.37100000E+00 -1.34613158E+01
 -2.37100000E+00 -1.35651853E+01
 -2.37100000E+00 -1.37672564E+01
 -2.37100000E+00 -1.38711259E+01
 -2.37100000E+00 -1.40731970E+01
 -2.37100000E+00 -1.41770665E+01
 -2.37100000E+00 -1.43791376E+01

h: x ny1,0  y2=[y1](skin),ic[brown]
 -1.000000E+00 -1.000000E+00

hb:   line clip z   cb(brown)
clip:
 -4.21096727E-01 -1.31631878E+01
 -4.13210479E-01 -1.31682056E+01
 -3.80092299E-01 -1.31881842E+01
 -1.04386950E-01 -1.32877420E+01
  3.53230277E-02 -1.32937809E+01
  2.04436580E-01 -1.32614590E+01
  2.81819227E-01 -1.32320354E+01
  4.21072612E-01 -1.31553752E+01
  5.13260109E-01 -1.30873531E+01
  6.37693560E-01 -1.29727064E+01
  7.46781461E-01 -1.28494346E+01
  8.22083638E-01 -1.27511478E+01
  9.06573434E-01 -1.26271951E+01
  9.58452653E-01 -1.25434940E+01
  1.11420247E+00 -1.22541021E+01
  1.12221008E+00 -1.22375534E+01
  1.13090717E+00 -1.22193818E+01
  1.22027116E+00 -1.20201426E+01
  1.25683298E+00 -1.19316128E+01
  1.33370571E+00 -1.17307074E+01
  1.37089374E+00 -1.16256722E+01
  1.43973070E+00 -1.14160380E+01
  1.46241566E+00 -1.13422048E+01
  1.46916971E+00 -1.13197316E+01
  1.48139693E+00 -1.12784543E+01
  1.55464572E+00 -1.10137910E+01
  1.59294871E+00 -1.08620033E+01
  1.62933009E+00 -1.07078504E+01
  1.68112639E+00 -1.04687082E+01
  1.69464519E+00 -1.04019098E+01
  1.74855423E+00 -1.01136489E+01
  1.75118341E+00 -1.00985739E+01
  1.75227516E+00 -1.00922830E+01
  1.80108975E+00 -9.79002864E+00
  1.81010047E+00 -9.72905695E+00
  1.84361162E+00 -9.48408805E+00
  1.85698814E+00 -9.37666638E+00
  1.87967044E+00 -9.17814745E+00
  1.89457805E+00 -9.03348679E+00
  1.90963121E+00 -8.87220686E+00
  1.92405053E+00 -8.69834885E+00
  1.93377652E+00 -8.56626626E+00
  1.94628414E+00 -8.37038220E+00
  1.95232148E+00 -8.26032567E+00
  1.96194892E+00 -8.04892306E+00
  1.96542415E+00 -7.95438508E+00
  1.97156476E+00 -7.73345640E+00
  1.97319262E+00 -7.64844448E+00
  1.97553942E+00 -7.42357824E+00
  1.97568962E+00 -7.34250389E+00
  1.97419430E+00 -7.11897021E+00
  1.97293511E+00 -7.03656329E+00
  1.96778217E+00 -6.81938189E+00
  1.96490706E+00 -6.73062270E+00
  1.95649969E+00 -6.52461845E+00
  1.95154060E+00 -6.42468210E+00
  1.94049631E+00 -6.23453185E+00
  1.93272531E+00 -6.11874151E+00
  1.91988046E+00 -5.94901464E+00
  1.90830054E+00 -5.81280092E+00
  1.89472389E+00 -5.66799578E+00
  1.87804813E+00 -5.50686032E+00
  1.86506430E+00 -5.39143790E+00
  1.84168185E+00 -5.20091973E+00
  1.83090676E+00 -5.11933597E+00
  1.79883217E+00 -4.89497913E+00
  1.79222390E+00 -4.85171713E+00
  1.74902428E+00 -4.58903854E+00
  1.69164582E+00 -4.28309795E+00
  1.64823277E+00 -4.07654228E+00
  1.62589844E+00 -3.97715735E+00
  1.59046263E+00 -3.82783253E+00
  1.55072212E+00 -3.67121676E+00
  1.52745874E+00 -3.58430768E+00
  1.46467165E+00 -3.36527616E+00
  1.45892288E+00 -3.34626315E+00
  1.43973070E+00 -3.28396202E+00
  1.36570206E+00 -3.05933557E+00
  1.30363890E+00 -2.88821632E+00
  1.25076491E+00 -2.75339498E+00
  1.21579169E+00 -2.66930287E+00
  1.13090717E+00 -2.48061822E+00
  1.11495924E+00 -2.44745438E+00
  1.01558112E+00 -2.25576324E+00
  9.49427271E-01 -2.14151379E+00
  9.00672468E-01 -2.06365860E+00
  8.22083638E-01 -1.94885221E+00
  7.34495109E-01 -1.83557319E+00
  6.30250828E-01 -1.71967461E+00
  5.13260109E-01 -1.61264691E+00
  3.97763323E-01 -1.52963260E+00
  2.71282273E-01 -1.46341093E+00
  2.04436580E-01 -1.43854095E+00
  8.48673355E-02 -1.41117956E+00
 -1.04386950E-01 -1.41225799E+00
 -2.01110925E-01 -1.43381156E+00
 -4.09763323E-01 -1.52963260E+00
 -4.13210479E-01 -1.53179438E+00
 -5.85549099E-01 -1.66484339E+00
 -7.22034009E-01 -1.80657527E+00
 -7.35423547E-01 -1.82230865E+00
 -7.46495109E-01 -1.83557319E+00
 -8.28145709E-01 -1.94069432E+00
 -9.61427271E-01 -2.14151379E+00
 -1.03085754E+00 -2.26168954E+00
 -1.09529100E+00 -2.38362243E+00
 -1.12695924E+00 -2.44745438E+00
 -1.20764113E+00 -2.62258766E+00
 -1.26276491E+00 -2.75339498E+00
 -1.33968107E+00 -2.95277891E+00
 -1.36791444E+00 -3.03136577E+00
 -1.37770206E+00 -3.05933557E+00
 -1.39725380E+00 -3.11637085E+00
 -1.47667165E+00 -3.36527616E+00
 -1.53149164E+00 -3.55529614E+00
 -1.56272212E+00 -3.67121676E+00
 -1.63476282E+00 -3.96354386E+00
 -1.63789844E+00 -3.97715735E+00
 -1.64850460E+00 -4.02381481E+00
 -1.69442211E+00 -4.23760909E+00
 -1.70364582E+00 -4.28309795E+00
 -1.71707780E+00 -4.35103100E+00
 -1.76102428E+00 -4.58903854E+00
 -1.78372492E+00 -4.72299655E+00
 -1.81083217E+00 -4.89497913E+00
 -1.83790380E+00 -5.08261025E+00
 -1.85368185E+00 -5.20091973E+00
 -1.88172285E+00 -5.43196084E+00
 -1.89004813E+00 -5.50686032E+00
 -1.91665483E+00 -5.77250731E+00
 -1.92030054E+00 -5.81280092E+00
 -1.94377227E+00 -6.10531220E+00
 -1.94472531E+00 -6.11874151E+00
 -1.95732813E+00 -6.31329033E+00
 -1.96323240E+00 -6.41883295E+00
 -1.96354060E+00 -6.42468210E+00
 -1.96388029E+00 -6.43117311E+00
 -1.97690706E+00 -6.73062270E+00
 -1.97759670E+00 -6.75070206E+00
 -1.98493511E+00 -7.03656329E+00
 -1.98540280E+00 -7.06437588E+00
 -1.98768962E+00 -7.34250389E+00
 -1.98767692E+00 -7.37256937E+00
 -1.98519262E+00 -7.64844448E+00
 -1.98471729E+00 -7.67557796E+00
 -1.97742415E+00 -7.95438508E+00
 -1.97675793E+00 -7.97363350E+00
 -1.96432148E+00 -8.26032567E+00
 -1.96397987E+00 -8.26691531E+00
 -1.95732813E+00 -8.38670967E+00
 -1.94577652E+00 -8.56626626E+00
 -1.92447220E+00 -8.83965765E+00
 -1.92163121E+00 -8.87220686E+00
 -1.89789997E+00 -9.11927407E+00
 -1.89167044E+00 -9.17814745E+00
 -1.86682979E+00 -9.39443453E+00
 -1.85561162E+00 -9.48408805E+00
 -1.83125659E+00 -9.66513401E+00
 -1.81308975E+00 -9.79002864E+00
 -1.79114266E+00 -9.93133515E+00
 -1.76363582E+00 -1.00959692E+01
 -1.74641628E+00 -1.01929669E+01
 -1.70664519E+00 -1.04019098E+01
 -1.69696898E+00 -1.04499218E+01
 -1.64850460E+00 -1.06761852E+01
 -1.64133009E+00 -1.07078504E+01
 -1.58326670E+00 -1.09491621E+01
 -1.56664572E+00 -1.10137910E+01
 -1.51856226E+00 -1.11910023E+01
 -1.48116971E+00 -1.13197316E+01
 -1.44821666E+00 -1.14272540E+01
 -1.38289374E+00 -1.16256722E+01
 -1.37182210E+00 -1.16575132E+01
 -1.33968107E+00 -1.17472211E+01
 -1.26883298E+00 -1.19316128E+01
 -1.19865647E+00 -1.20978453E+01
 -1.13421008E+00 -1.22375534E+01
 -1.10033680E+00 -1.23063840E+01
 -1.03085754E+00 -1.24383105E+01
 -9.70452653E-01 -1.25434940E+01
 -8.74164271E-01 -1.26942041E+01
 -7.58781461E-01 -1.28494346E+01
 -7.42285735E-01 -1.28694973E+01
 -7.22034009E-01 -1.28934247E+01
 -4.33072612E-01 -1.31553752E+01

hb:   line clip z   cb(cyan)
clip:
 -1.68773825E+00 -1.56850000E+00
 -6.82800354E-01 -1.56850000E+00
 -4.09763323E-01 -1.52963260E+00
 -2.00088337E-01 -1.31850000E+00
 -4.13210479E-01 -1.31850000E+00
 -6.26332621E-01 -1.31850000E+00
 -7.22034009E-01 -1.31850000E+00
 -9.35156151E-01 -1.31850000E+00
 -1.03085754E+00 -1.31850000E+00
 -1.24397968E+00 -1.31850000E+00
 -1.33968107E+00 -1.31850000E+00
 -1.55280321E+00 -1.31850000E+00
 -1.64850460E+00 -1.31850000E+00
 -1.75000000E+00 -1.42908468E+00
 -1.75000000E+00 -1.52963260E+00

hb:   line clip z   cb(cyan)
clip:
  4.74026454E-01 -1.56850000E+00
  1.74855423E+00 -1.56850000E+00
  1.75000000E+00 -1.53106488E+00
  1.74855423E+00 -1.31850000E+00
  1.53543208E+00 -1.31850000E+00
  1.43973070E+00 -1.31850000E+00
  1.22660856E+00 -1.31850000E+00
  1.13090717E+00 -1.31850000E+00
  9.17785026E-01 -1.31850000E+00
  8.22083638E-01 -1.31850000E+00
  6.08961496E-01 -1.31850000E+00
  5.13260109E-01 -1.31850000E+00
  3.97763323E-01 -1.52963260E+00

h: x ny1,0  y2=[y1](3D printer - PLA),ic[orange]
 -1.000000E+00 -1.000000E+00

hb:   line clip z   cb(orange)
clip:
 -2.05000000E+00 -1.31549877E+00
 -1.95732813E+00 -1.31850000E+00
 -1.86162674E+00 -1.31850000E+00
 -1.64850460E+00 -1.31850000E+00
 -1.55280321E+00 -1.31850000E+00
 -1.35000000E+00 -1.22369201E+00
 -1.35000000E+00 -9.27974015E-01
 -1.35000000E+00 -9.17751412E-01
 -1.35000000E+00 -6.22033421E-01
 -1.35000000E+00 -6.11810818E-01
 -1.35000000E+00 -3.16092827E-01
 -1.35000000E+00 -3.05870224E-01
 -1.35000000E+00 -1.01522326E-02
 -1.35000000E+00  7.03703670E-05
 -1.35000000E+00  2.95788361E-01
 -1.35000000E+00  3.06010964E-01
 -1.35000000E+00  6.01728956E-01
 -1.35000000E+00  6.11951558E-01
 -1.35000000E+00  9.07669550E-01
 -1.35000000E+00  9.17892153E-01
 -1.35000000E+00  1.21361014E+00
 -1.35000000E+00  1.22383275E+00
 -1.35000000E+00  1.51955074E+00
 -1.35000000E+00  1.52977334E+00
 -1.35000000E+00  1.82549133E+00
 -1.35000000E+00  1.83571393E+00
 -1.60228708E+00  1.88150000E+00
 -1.64850460E+00  1.88150000E+00
 -1.69472211E+00  1.88150000E+00
 -1.95732813E+00  1.88150000E+00
 -2.00354564E+00  1.88150000E+00
 -2.05000000E+00  1.83571393E+00
 -2.05000000E+00  1.74390717E+00
 -2.05000000E+00  1.52977334E+00
 -2.05000000E+00  1.43796658E+00
 -2.05000000E+00  1.22383275E+00
 -2.05000000E+00  1.13202599E+00
 -2.05000000E+00  9.17892153E-01
 -2.05000000E+00  8.26085391E-01
 -2.05000000E+00  6.11951558E-01
 -2.05000000E+00  5.20144797E-01
 -2.05000000E+00  3.06010964E-01
 -2.05000000E+00  2.14204203E-01
 -2.05000000E+00  7.03703670E-05
 -2.05000000E+00 -9.17363910E-02
 -2.05000000E+00 -3.05870224E-01
 -2.05000000E+00 -3.97676985E-01
 -2.05000000E+00 -6.11810818E-01
 -2.05000000E+00 -7.03617579E-01
 -2.05000000E+00 -9.17751412E-01
 -2.05000000E+00 -1.00955817E+00
 -2.05000000E+00 -1.22369201E+00

hb:   line clip z   cb(orange)
clip:
  1.35000000E+00 -1.31258505E+00
  1.43973070E+00 -1.31850000E+00
  1.53543208E+00 -1.31850000E+00
  1.74855423E+00 -1.31850000E+00
  1.84425561E+00 -1.31850000E+00
  2.05000000E+00 -1.22369201E+00
  2.05000000E+00 -9.25060295E-01
  2.05000000E+00 -9.17751412E-01
  2.05000000E+00 -6.19119701E-01
  2.05000000E+00 -6.11810818E-01
  2.05000000E+00 -3.13179107E-01
  2.05000000E+00 -3.05870224E-01
  2.05000000E+00 -7.23851265E-03
  2.05000000E+00  7.03703670E-05
  2.05000000E+00  2.98702081E-01
  2.05000000E+00  3.06010964E-01
  2.05000000E+00  6.04642675E-01
  2.05000000E+00  6.11951558E-01
  2.05000000E+00  9.10583270E-01
  2.05000000E+00  9.17892153E-01
  2.05000000E+00  1.21652386E+00
  2.05000000E+00  1.22383275E+00
  2.05000000E+00  1.52246446E+00
  2.05000000E+00  1.52977334E+00
  2.05000000E+00  1.82840505E+00
  2.05000000E+00  1.83571393E+00
  1.79477174E+00  1.88150000E+00
  1.74855423E+00  1.88150000E+00
  1.70233671E+00  1.88150000E+00
  1.43973070E+00  1.88150000E+00
  1.39351318E+00  1.88150000E+00
  1.35000000E+00  1.83571393E+00
  1.35000000E+00  1.74682089E+00
  1.35000000E+00  1.52977334E+00
  1.35000000E+00  1.44088030E+00
  1.35000000E+00  1.22383275E+00
  1.35000000E+00  1.13493971E+00
  1.35000000E+00  9.17892153E-01
  1.35000000E+00  8.28999111E-01
  1.35000000E+00  6.11951558E-01
  1.35000000E+00  5.23058517E-01
  1.35000000E+00  3.06010964E-01
  1.35000000E+00  2.17117923E-01
  1.35000000E+00  7.03703670E-05
  1.35000000E+00 -8.88226711E-02
  1.35000000E+00 -3.05870224E-01
  1.35000000E+00 -3.94763265E-01
  1.35000000E+00 -6.11810818E-01
  1.35000000E+00 -7.00703859E-01
  1.35000000E+00 -9.17751412E-01
  1.35000000E+00 -1.00664445E+00
  1.35000000E+00 -1.22369201E+00

hb:   line clip z   cb(orange)
clip:
 -2.05000000E+00  2.04984777E+00
 -1.95732813E+00  1.88150000E+00
 -1.69472211E+00  1.88150000E+00
  2.01116024E+00  1.88150000E+00
  2.05000000E+00  2.14165453E+00
  1.78877517E+00  2.18150000E+00
  1.74855423E+00  2.18150000E+00
  1.70833328E+00  2.18150000E+00
  1.43973070E+00  2.18150000E+00
  1.39950975E+00  2.18150000E+00
  1.13090717E+00  2.18150000E+00
  1.09068623E+00  2.18150000E+00
  8.22083638E-01  2.18150000E+00
  7.81862696E-01  2.18150000E+00
  5.13260109E-01  2.18150000E+00
  4.73039166E-01  2.18150000E+00
  2.04436580E-01  2.18150000E+00
  1.64215637E-01  2.18150000E+00
 -1.04386950E-01  2.18150000E+00
 -1.44607892E-01  2.18150000E+00
 -4.13210479E-01  2.18150000E+00
 -4.53431422E-01  2.18150000E+00
 -7.22034009E-01  2.18150000E+00
 -7.62254951E-01  2.18150000E+00
 -1.03085754E+00  2.18150000E+00
 -1.07107848E+00  2.18150000E+00
 -1.33968107E+00  2.18150000E+00
 -1.37990201E+00  2.18150000E+00
 -1.64850460E+00  2.18150000E+00
 -1.68872554E+00  2.18150000E+00
 -1.95732813E+00  2.18150000E+00
 -1.99754907E+00  2.18150000E+00
 -2.05000000E+00  2.14165453E+00

h: x ny1,0  y2=[y1](double defined),ic[black]
 -1.000000E+00 -1.000000E+00
hb:
bmap: width=  0.308824E+00 hight=  0.305941E+00
 -1.339681E+00 -3.058702E-01  1.000  1.000  0.000
 -1.030858E+00 -3.058702E-01  1.000  1.000  0.000
 -7.220340E-01 -3.058702E-01  1.000  1.000  0.000
 -4.132105E-01 -3.058702E-01  1.000  1.000  0.000
 -1.043869E-01 -3.058702E-01  1.000  1.000  0.000
  2.044366E-01 -3.058702E-01  1.000  1.000  0.000
  5.132601E-01 -3.058702E-01  1.000  1.000  0.000
  8.220836E-01 -3.058702E-01  1.000  1.000  0.000
  1.130907E+00 -3.058702E-01  1.000  1.000  0.000
 -1.339681E+00  7.037037E-05  1.000  1.000  0.000
 -1.030858E+00  7.037037E-05  1.000  1.000  0.000
 -7.220340E-01  7.037037E-05  1.000  1.000  0.000
 -4.132105E-01  7.037037E-05  1.000  1.000  0.000
 -1.043869E-01  7.037037E-05  1.000  1.000  0.000
  2.044366E-01  7.037037E-05  1.000  1.000  0.000
  5.132601E-01  7.037037E-05  1.000  1.000  0.000
  8.220836E-01  7.037037E-05  1.000  1.000  0.000
  1.130907E+00  7.037037E-05  1.000  1.000  0.000
 -1.339681E+00  3.060110E-01  1.000  1.000  0.000
 -1.030858E+00  3.060110E-01  1.000  1.000  0.000
 -7.220340E-01  3.060110E-01  1.000  1.000  0.000
 -4.132105E-01  3.060110E-01  1.000  1.000  0.000
 -1.043869E-01  3.060110E-01  1.000  1.000  0.000
  2.044366E-01  3.060110E-01  1.000  1.000  0.000
  5.132601E-01  3.060110E-01  1.000  1.000  0.000
  8.220836E-01  3.060110E-01  1.000  1.000  0.000
  1.130907E+00  3.060110E-01  1.000  1.000  0.000
 -1.339681E+00  6.119516E-01  1.000  1.000  0.000
 -1.030858E+00  6.119516E-01  1.000  1.000  0.000
 -7.220340E-01  6.119516E-01  1.000  1.000  0.000
 -4.132105E-01  6.119516E-01  1.000  1.000  0.000
 -1.043869E-01  6.119516E-01  1.000  1.000  0.000
  2.044366E-01  6.119516E-01  1.000  1.000  0.000
  5.132601E-01  6.119516E-01  1.000  1.000  0.000
  8.220836E-01  6.119516E-01  1.000  1.000  0.000
  1.130907E+00  6.119516E-01  1.000  1.000  0.000
 -1.339681E+00  9.178922E-01  1.000  1.000  0.000
 -1.030858E+00  9.178922E-01  1.000  1.000  0.000
 -7.220340E-01  9.178922E-01  1.000  1.000  0.000
 -4.132105E-01  9.178922E-01  1.000  1.000  0.000
 -1.043869E-01  9.178922E-01  1.000  1.000  0.000
  2.044366E-01  9.178922E-01  1.000  1.000  0.000
  5.132601E-01  9.178922E-01  1.000  1.000  0.000
  8.220836E-01  9.178922E-01  1.000  1.000  0.000
  1.130907E+00  9.178922E-01  1.000  1.000  0.000
 -1.339681E+00  1.223833E+00  1.000  1.000  0.000
 -1.030858E+00  1.223833E+00  1.000  1.000  0.000
 -7.220340E-01  1.223833E+00  1.000  1.000  0.000
 -4.132105E-01  1.223833E+00  1.000  1.000  0.000
 -1.043869E-01  1.223833E+00  1.000  1.000  0.000
  2.044366E-01  1.223833E+00  1.000  1.000  0.000
  5.132601E-01  1.223833E+00  1.000  1.000  0.000
  8.220836E-01  1.223833E+00  1.000  1.000  0.000
  1.130907E+00  1.223833E+00  1.000  1.000  0.000
 -1.339681E+00  1.529773E+00  1.000  1.000  0.000
 -1.030858E+00  1.529773E+00  1.000  1.000  0.000
 -7.220340E-01  1.529773E+00  1.000  1.000  0.000
 -4.132105E-01  1.529773E+00  1.000  1.000  0.000
 -1.043869E-01  1.529773E+00  1.000  1.000  0.000
  2.044366E-01  1.529773E+00  1.000  1.000  0.000
  5.132601E-01  1.529773E+00  1.000  1.000  0.000
  8.220836E-01  1.529773E+00  1.000  1.000  0.000
  1.130907E+00  1.529773E+00  1.000  1.000  0.000
 -1.339681E+00  1.835714E+00  1.000  1.000  0.000
 -1.030858E+00  1.835714E+00  1.000  1.000  0.000
 -7.220340E-01  1.835714E+00  1.000  1.000  0.000
 -4.132105E-01  1.835714E+00  1.000  1.000  0.000
 -1.043869E-01  1.835714E+00  1.000  1.000  0.000
  2.044366E-01  1.835714E+00  1.000  1.000  0.000
  5.132601E-01  1.835714E+00  1.000  1.000  0.000
  8.220836E-01  1.835714E+00  1.000  1.000  0.000
  1.130907E+00  1.835714E+00  1.000  1.000  0.000

wt: s[c5]
\vspace{-3}
  emin  &=&   0.0000E+00 [MeV]
  emax  &=&   1.0000E+03 [MeV]
  zmin  &=&   9.8470E+01 [cm]
  zmax  &=&   9.8490E+01 [cm]
  part. &=& proton  
e:
 
# Information for Restart Calculation
# This calculation was newly started
# istdev =  2 # 1:Batch variance, 2:History variance
# resc2  = 0.00000000000000000E+00 # Total source weight or Total source weight / maxcas
# resc3  = 0.00000000000000000E+00 # Total history number or Total batch number
# maxcas =       10000 # History / Batch, only used for istdev=1
# bitrseed = 0000000000000000000000000000000000000000000000000000000000000000 # bit data of rseed
