
Errors of cell definition in EPS Page No. =   1
Overlapped Cell IDs  x, y, z  coodinates
(Cells 0       0  indicate undefined region)
     600    7005    -1.339681E+00 -3.058702E-01  9.848000E+01
     600    7005    -1.030858E+00 -3.058702E-01  9.848000E+01
     600    7005    -7.220340E-01 -3.058702E-01  9.848000E+01
     600    7005    -4.132105E-01 -3.058702E-01  9.848000E+01
     600    7005    -1.043869E-01 -3.058702E-01  9.848000E+01
     600    7005     2.044366E-01 -3.058702E-01  9.848000E+01
     600    7005     5.132601E-01 -3.058702E-01  9.848000E+01
     600    7005     8.220836E-01 -3.058702E-01  9.848000E+01
     600    7005     1.130907E+00 -3.058702E-01  9.848000E+01
     600    7005    -1.339681E+00  7.037037E-05  9.848000E+01
     600    7005    -1.030858E+00  7.037037E-05  9.848000E+01
     600    7005    -7.220340E-01  7.037037E-05  9.848000E+01
     600    7005    -4.132105E-01  7.037037E-05  9.848000E+01
     600    7005    -1.043869E-01  7.037037E-05  9.848000E+01
     600    7005     2.044366E-01  7.037037E-05  9.848000E+01
     600    7005     5.132601E-01  7.037037E-05  9.848000E+01
     600    7005     8.220836E-01  7.037037E-05  9.848000E+01
     600    7005     1.130907E+00  7.037037E-05  9.848000E+01
     600    7005    -1.339681E+00  3.060110E-01  9.848000E+01
     600    7005    -1.030858E+00  3.060110E-01  9.848000E+01
     600    7005    -7.220340E-01  3.060110E-01  9.848000E+01
     600    7005    -4.132105E-01  3.060110E-01  9.848000E+01
     600    7005    -1.043869E-01  3.060110E-01  9.848000E+01
     600    7005     2.044366E-01  3.060110E-01  9.848000E+01
     600    7005     5.132601E-01  3.060110E-01  9.848000E+01
     600    7005     8.220836E-01  3.060110E-01  9.848000E+01
     600    7005     1.130907E+00  3.060110E-01  9.848000E+01
     600    7005    -1.339681E+00  6.119516E-01  9.848000E+01
     600    7005    -1.030858E+00  6.119516E-01  9.848000E+01
     600    7005    -7.220340E-01  6.119516E-01  9.848000E+01
     600    7005    -4.132105E-01  6.119516E-01  9.848000E+01
     600    7005    -1.043869E-01  6.119516E-01  9.848000E+01
     600    7005     2.044366E-01  6.119516E-01  9.848000E+01
     600    7005     5.132601E-01  6.119516E-01  9.848000E+01
     600    7005     8.220836E-01  6.119516E-01  9.848000E+01
     600    7005     1.130907E+00  6.119516E-01  9.848000E+01
     600    7005    -1.339681E+00  9.178922E-01  9.848000E+01
     600    7005    -1.030858E+00  9.178922E-01  9.848000E+01
     600    7005    -7.220340E-01  9.178922E-01  9.848000E+01
     600    7005    -4.132105E-01  9.178922E-01  9.848000E+01
     600    7005    -1.043869E-01  9.178922E-01  9.848000E+01
     600    7005     2.044366E-01  9.178922E-01  9.848000E+01
     600    7005     5.132601E-01  9.178922E-01  9.848000E+01
     600    7005     8.220836E-01  9.178922E-01  9.848000E+01
     600    7005     1.130907E+00  9.178922E-01  9.848000E+01
     600    7005    -1.339681E+00  1.223833E+00  9.848000E+01
     600    7005    -1.030858E+00  1.223833E+00  9.848000E+01
     600    7005    -7.220340E-01  1.223833E+00  9.848000E+01
     600    7005    -4.132105E-01  1.223833E+00  9.848000E+01
     600    7005    -1.043869E-01  1.223833E+00  9.848000E+01
     600    7005     2.044366E-01  1.223833E+00  9.848000E+01
     600    7005     5.132601E-01  1.223833E+00  9.848000E+01
     600    7005     8.220836E-01  1.223833E+00  9.848000E+01
     600    7005     1.130907E+00  1.223833E+00  9.848000E+01
     600    7005    -1.339681E+00  1.529773E+00  9.848000E+01
     600    7005    -1.030858E+00  1.529773E+00  9.848000E+01
     600    7005    -7.220340E-01  1.529773E+00  9.848000E+01
     600    7005    -4.132105E-01  1.529773E+00  9.848000E+01
     600    7005    -1.043869E-01  1.529773E+00  9.848000E+01
     600    7005     2.044366E-01  1.529773E+00  9.848000E+01
     600    7005     5.132601E-01  1.529773E+00  9.848000E+01
     600    7005     8.220836E-01  1.529773E+00  9.848000E+01
     600    7005     1.130907E+00  1.529773E+00  9.848000E+01
     600    7005    -1.339681E+00  1.835714E+00  9.848000E+01
     600    7005    -1.030858E+00  1.835714E+00  9.848000E+01
     600    7005    -7.220340E-01  1.835714E+00  9.848000E+01
     600    7005    -4.132105E-01  1.835714E+00  9.848000E+01
     600    7005    -1.043869E-01  1.835714E+00  9.848000E+01
     600    7005     2.044366E-01  1.835714E+00  9.848000E+01
     600    7005     5.132601E-01  1.835714E+00  9.848000E+01
     600    7005     8.220836E-01  1.835714E+00  9.848000E+01
     600    7005     1.130907E+00  1.835714E+00  9.848000E+01
