
Errors of cell definition in EPS Page No. =   1
Overlapped Cell IDs  x, y, z  coodinates
(Cells 0       0  indicate undefined region)
     600    7003     5.000001E-02 -1.215847E+00  9.843272E+01
     600    7003     5.000001E-02 -1.080748E+00  9.843272E+01
     600    7003     5.000001E-02 -9.456485E-01  9.843272E+01
     600    7003     5.000001E-02 -8.105491E-01  9.843272E+01
     600    7003     5.000001E-02 -6.754498E-01  9.843272E+01
     600    7003     5.000001E-02 -5.403504E-01  9.843272E+01
     600    7003     5.000001E-02 -4.052511E-01  9.843272E+01
     600    7003     5.000001E-02 -2.701518E-01  9.843272E+01
     600    7003     5.000001E-02 -1.350524E-01  9.843272E+01
     600    7003     5.000001E-02  4.691358E-05  9.843272E+01
     600    7003     5.000001E-02  1.351463E-01  9.843272E+01
     600    7003     5.000001E-02  2.702456E-01  9.843272E+01
     600    7003     5.000001E-02  4.053449E-01  9.843272E+01
     600    7003     5.000001E-02  5.404443E-01  9.843272E+01
     600    7003     5.000001E-02  6.755436E-01  9.843272E+01
     600    7003     5.000001E-02  8.106429E-01  9.843272E+01

Errors of cell definition in EPS Page No. =   1
Overlapped Cell IDs  x, y, z  coodinates
(Cells 0       0  indicate undefined region)
     600    7003     5.000001E-02 -1.215847E+00  9.843272E+01
     600    7003     5.000001E-02 -1.080748E+00  9.843272E+01
     600    7003     5.000001E-02 -9.456485E-01  9.843272E+01
     600    7003     5.000001E-02 -8.105491E-01  9.843272E+01
     600    7003     5.000001E-02 -6.754498E-01  9.843272E+01
     600    7003     5.000001E-02 -5.403504E-01  9.843272E+01
     600    7003     5.000001E-02 -4.052511E-01  9.843272E+01
     600    7003     5.000001E-02 -2.701518E-01  9.843272E+01
     600    7003     5.000001E-02 -1.350524E-01  9.843272E+01
     600    7003     5.000001E-02  4.691358E-05  9.843272E+01
     600    7003     5.000001E-02  1.351463E-01  9.843272E+01
     600    7003     5.000001E-02  2.702456E-01  9.843272E+01
     600    7003     5.000001E-02  4.053449E-01  9.843272E+01
     600    7003     5.000001E-02  5.404443E-01  9.843272E+01
     600    7003     5.000001E-02  6.755436E-01  9.843272E+01
     600    7003     5.000001E-02  8.106429E-01  9.843272E+01

Errors of cell definition in EPS Page No. =   1
Overlapped Cell IDs  x, y, z  coodinates
(Cells 0       0  indicate undefined region)
     600    7003     5.000001E-02 -1.350524E-01  9.843272E+01
     600    7003     5.000001E-02  4.691358E-05  9.843272E+01
     600    7003     5.000001E-02  1.351463E-01  9.843272E+01
     600    7003     5.000001E-02  2.702456E-01  9.843272E+01
     600    7003     5.000001E-02  4.053449E-01  9.843272E+01
     600    7003     5.000001E-02  5.404443E-01  9.843272E+01
     600    7003     5.000001E-02  6.755436E-01  9.843272E+01
     600    7003     5.000001E-02  8.106429E-01  9.843272E+01
     600    7003     5.000001E-02  9.457423E-01  9.843272E+01
     600    7003     5.000001E-02  1.080842E+00  9.843272E+01
     600    7003     5.000001E-02  1.215941E+00  9.843272E+01
     600    7003     5.000001E-02  1.351040E+00  9.843272E+01
     600    7003     5.000001E-02  1.486140E+00  9.843272E+01
     600    7003     5.000001E-02  1.621239E+00  9.843272E+01
     600    7003     5.000001E-02  1.756338E+00  9.843272E+01

Errors of cell definition in EPS Page No. =   1
Overlapped Cell IDs  x, y, z  coodinates
(Cells 0       0  indicate undefined region)
     600    7003     5.000001E-02  4.053449E-01  9.843272E+01
     600    7003     5.000001E-02  5.404443E-01  9.843272E+01
     600    7003     5.000001E-02  6.755436E-01  9.843272E+01
     600    7003     5.000001E-02  8.106429E-01  9.843272E+01
     600    7003     5.000001E-02  9.457423E-01  9.843272E+01
     600    7003     5.000001E-02  1.080842E+00  9.843272E+01
     600    7003     5.000001E-02  1.215941E+00  9.843272E+01
     600    7003     5.000001E-02  1.351040E+00  9.843272E+01
     600    7003     5.000001E-02  1.486140E+00  9.843272E+01
     600    7003     5.000001E-02  1.621239E+00  9.843272E+01
     600    7003     5.000001E-02  1.756338E+00  9.843272E+01
