[ T-Cross ]
    title = Proton energy spectra through CR39
     mesh =  reg            # mesh type is region-wise
      reg =    9            # number of crossing regions
      non     r-from     r-to        area
      1       600        7001        1.000000    
      2       7001       7002        1.000000    
      3       7002       7003        1.000000    
      4       7003       7004        1.000000    
      5       7004       7005        1.000000    
      6       7005       7006        1.000000    
      7       7006       7007        1.000000    
      8       7007       7008        1.000000    
      9       7008       6003        1.000000    
   e-type =    2            # e-mesh is linear given by emin, emax and ne
     emin =  1.0000000E-03  # minimum value of e-mesh points
     emax =   25.00000      # maximum value of e-mesh points
#    edel =  0.2499900      # mesh width of e-mesh points
       ne =    100          # number of e-mesh points
#    data = ( e(i), i = 1, ne + 1 )
#           1.00000E-03  2.50990E-01  5.00980E-01  7.50970E-01  1.00096E+00
#           1.25095E+00  1.50094E+00  1.75093E+00  2.00092E+00  2.25091E+00
#           2.50090E+00  2.75089E+00  3.00088E+00  3.25087E+00  3.50086E+00
#           3.75085E+00  4.00084E+00  4.25083E+00  4.50082E+00  4.75081E+00
#           5.00080E+00  5.25079E+00  5.50078E+00  5.75077E+00  6.00076E+00
#           6.25075E+00  6.50074E+00  6.75073E+00  7.00072E+00  7.25071E+00
#           7.50070E+00  7.75069E+00  8.00068E+00  8.25067E+00  8.50066E+00
#           8.75065E+00  9.00064E+00  9.25063E+00  9.50062E+00  9.75061E+00
#           1.00006E+01  1.02506E+01  1.05006E+01  1.07506E+01  1.10006E+01
#           1.12505E+01  1.15005E+01  1.17505E+01  1.20005E+01  1.22505E+01
#           1.25005E+01  1.27505E+01  1.30005E+01  1.32505E+01  1.35005E+01
#           1.37504E+01  1.40004E+01  1.42504E+01  1.45004E+01  1.47504E+01
#           1.50004E+01  1.52504E+01  1.55004E+01  1.57504E+01  1.60004E+01
#           1.62504E+01  1.65003E+01  1.67503E+01  1.70003E+01  1.72503E+01
#           1.75003E+01  1.77503E+01  1.80003E+01  1.82503E+01  1.85003E+01
#           1.87503E+01  1.90002E+01  1.92502E+01  1.95002E+01  1.97502E+01
#           2.00002E+01  2.02502E+01  2.05002E+01  2.07502E+01  2.10002E+01
#           2.12502E+01  2.15001E+01  2.17501E+01  2.20001E+01  2.22501E+01
#           2.25001E+01  2.27501E+01  2.30001E+01  2.32501E+01  2.35001E+01
#           2.37501E+01  2.40000E+01  2.42500E+01  2.45000E+01  2.47500E+01
#           2.50000E+01
  eng2let =    0            # (D=0) Flag to convert energy to LET, 0: not convert, 1: convert
     unit =    2            # unit is [1/cm^2/MeV/source]
     axis =  eng            # axis of output
     file = ./out/espectros_CR39.out  # file name of output for the above axis
   output = f-curr          # surface crossing forward current spectrum
     part =  proton   
# kf/name :  2212     
   epsout =    1            # (D=0) generate eps file by ANGEL
#    used :        main (  %)        temp (  %)       total (  %)
#  memory :         145 (  0)           0 (  0)         145 (  0)

#------------------------------------------------------------------------------
#newpage:
#   no. =    1   reg = 600 - 7001

x: Energy [MeV]
y:  F-Curr [1/cm^2/MeV/source]             
p: xlin ylog afac(0.8) form(0.9)
h: n            x            y(proton  ),hh0l n 
#  e-lower      e-upper        proton    r.err 
   1.0000E-03   2.5099E-01   0.0000E+00  0.0000
   2.5099E-01   5.0098E-01   0.0000E+00  0.0000
   5.0098E-01   7.5097E-01   0.0000E+00  0.0000
   7.5097E-01   1.0010E+00   0.0000E+00  0.0000
   1.0010E+00   1.2509E+00   0.0000E+00  0.0000
   1.2509E+00   1.5009E+00   0.0000E+00  0.0000
   1.5009E+00   1.7509E+00   0.0000E+00  0.0000
   1.7509E+00   2.0009E+00   0.0000E+00  0.0000
   2.0009E+00   2.2509E+00   0.0000E+00  0.0000
   2.2509E+00   2.5009E+00   0.0000E+00  0.0000
   2.5009E+00   2.7509E+00   0.0000E+00  0.0000
   2.7509E+00   3.0009E+00   0.0000E+00  0.0000
   3.0009E+00   3.2509E+00   0.0000E+00  0.0000
   3.2509E+00   3.5009E+00   0.0000E+00  0.0000
   3.5009E+00   3.7508E+00   0.0000E+00  0.0000
   3.7508E+00   4.0008E+00   0.0000E+00  0.0000
   4.0008E+00   4.2508E+00   0.0000E+00  0.0000
   4.2508E+00   4.5008E+00   0.0000E+00  0.0000
   4.5008E+00   4.7508E+00   0.0000E+00  0.0000
   4.7508E+00   5.0008E+00   0.0000E+00  0.0000
   5.0008E+00   5.2508E+00   0.0000E+00  0.0000
   5.2508E+00   5.5008E+00   0.0000E+00  0.0000
   5.5008E+00   5.7508E+00   0.0000E+00  0.0000
   5.7508E+00   6.0008E+00   0.0000E+00  0.0000
   6.0008E+00   6.2508E+00   0.0000E+00  0.0000
   6.2508E+00   6.5007E+00   0.0000E+00  0.0000
   6.5007E+00   6.7507E+00   0.0000E+00  0.0000
   6.7507E+00   7.0007E+00   0.0000E+00  0.0000
   7.0007E+00   7.2507E+00   0.0000E+00  0.0000
   7.2507E+00   7.5007E+00   0.0000E+00  0.0000
   7.5007E+00   7.7507E+00   0.0000E+00  0.0000
   7.7507E+00   8.0007E+00   0.0000E+00  0.0000
   8.0007E+00   8.2507E+00   0.0000E+00  0.0000
   8.2507E+00   8.5007E+00   0.0000E+00  0.0000
   8.5007E+00   8.7506E+00   0.0000E+00  0.0000
   8.7506E+00   9.0006E+00   0.0000E+00  0.0000
   9.0006E+00   9.2506E+00   0.0000E+00  0.0000
   9.2506E+00   9.5006E+00   0.0000E+00  0.0000
   9.5006E+00   9.7506E+00   0.0000E+00  0.0000
   9.7506E+00   1.0001E+01   0.0000E+00  0.0000
   1.0001E+01   1.0251E+01   0.0000E+00  0.0000
   1.0251E+01   1.0501E+01   0.0000E+00  0.0000
   1.0501E+01   1.0751E+01   0.0000E+00  0.0000
   1.0751E+01   1.1001E+01   0.0000E+00  0.0000
   1.1001E+01   1.1251E+01   0.0000E+00  0.0000
   1.1251E+01   1.1501E+01   0.0000E+00  0.0000
   1.1501E+01   1.1751E+01   0.0000E+00  0.0000
   1.1751E+01   1.2001E+01   0.0000E+00  0.0000
   1.2001E+01   1.2251E+01   0.0000E+00  0.0000
   1.2251E+01   1.2500E+01   0.0000E+00  0.0000
   1.2500E+01   1.2750E+01   0.0000E+00  0.0000
   1.2750E+01   1.3000E+01   0.0000E+00  0.0000
   1.3000E+01   1.3250E+01   0.0000E+00  0.0000
   1.3250E+01   1.3500E+01   0.0000E+00  0.0000
   1.3500E+01   1.3750E+01   0.0000E+00  0.0000
   1.3750E+01   1.4000E+01   0.0000E+00  0.0000
   1.4000E+01   1.4250E+01   0.0000E+00  0.0000
   1.4250E+01   1.4500E+01   0.0000E+00  0.0000
   1.4500E+01   1.4750E+01   0.0000E+00  0.0000
   1.4750E+01   1.5000E+01   0.0000E+00  0.0000
   1.5000E+01   1.5250E+01   0.0000E+00  0.0000
   1.5250E+01   1.5500E+01   0.0000E+00  0.0000
   1.5500E+01   1.5750E+01   0.0000E+00  0.0000
   1.5750E+01   1.6000E+01   0.0000E+00  0.0000
   1.6000E+01   1.6250E+01   0.0000E+00  0.0000
   1.6250E+01   1.6500E+01   0.0000E+00  0.0000
   1.6500E+01   1.6750E+01   0.0000E+00  0.0000
   1.6750E+01   1.7000E+01   0.0000E+00  0.0000
   1.7000E+01   1.7250E+01   0.0000E+00  0.0000
   1.7250E+01   1.7500E+01   0.0000E+00  0.0000
   1.7500E+01   1.7750E+01   0.0000E+00  0.0000
   1.7750E+01   1.8000E+01   0.0000E+00  0.0000
   1.8000E+01   1.8250E+01   0.0000E+00  0.0000
   1.8250E+01   1.8500E+01   0.0000E+00  0.0000
   1.8500E+01   1.8750E+01   0.0000E+00  0.0000
   1.8750E+01   1.9000E+01   0.0000E+00  0.0000
   1.9000E+01   1.9250E+01   0.0000E+00  0.0000
   1.9250E+01   1.9500E+01   0.0000E+00  0.0000
   1.9500E+01   1.9750E+01   0.0000E+00  0.0000
   1.9750E+01   2.0000E+01   0.0000E+00  0.0000
   2.0000E+01   2.0250E+01   0.0000E+00  0.0000
   2.0250E+01   2.0500E+01   0.0000E+00  0.0000
   2.0500E+01   2.0750E+01   0.0000E+00  0.0000
   2.0750E+01   2.1000E+01   0.0000E+00  0.0000
   2.1000E+01   2.1250E+01   0.0000E+00  0.0000
   2.1250E+01   2.1500E+01   0.0000E+00  0.0000
   2.1500E+01   2.1750E+01   0.0000E+00  0.0000
   2.1750E+01   2.2000E+01   0.0000E+00  0.0000
   2.2000E+01   2.2250E+01   0.0000E+00  0.0000
   2.2250E+01   2.2500E+01   0.0000E+00  0.0000
   2.2500E+01   2.2750E+01   0.0000E+00  0.0000
   2.2750E+01   2.3000E+01   0.0000E+00  0.0000
   2.3000E+01   2.3250E+01   0.0000E+00  0.0000
   2.3250E+01   2.3500E+01   0.0000E+00  0.0000
   2.3500E+01   2.3750E+01   0.0000E+00  0.0000
   2.3750E+01   2.4000E+01   0.0000E+00  0.0000
   2.4000E+01   2.4250E+01   0.0000E+00  0.0000
   2.4250E+01   2.4500E+01   0.0000E+00  0.0000
   2.4500E+01   2.4750E+01   0.0000E+00  0.0000
   2.4750E+01   2.5000E+01   0.0000E+00  0.0000

#   sum over                 0.0000E+00  0.0000
'no. =    1   reg = 600 - 7001'
msuc: {\huge Proton energy spectra through CR39}
msdr: {\it plotted by \ANGEL \version}
msdl: {\it calculated by \PHITS  3.35}
wt: s(0.7)
\vspace{-3}
  region surface crossing
  area  &=&   1.0000E+00 [cm^2]
e:

#------------------------------------------------------------------------------
 newpage:
#   no. =    2   reg = 7001 - 7002

x: Energy [MeV]
y:  F-Curr [1/cm^2/MeV/source]             
p: xlin ylog afac(0.8) form(0.9)
h: n            x            y(proton  ),hh0l n 
#  e-lower      e-upper        proton    r.err 
   1.0000E-03   2.5099E-01   0.0000E+00  0.0000
   2.5099E-01   5.0098E-01   0.0000E+00  0.0000
   5.0098E-01   7.5097E-01   0.0000E+00  0.0000
   7.5097E-01   1.0010E+00   0.0000E+00  0.0000
   1.0010E+00   1.2509E+00   0.0000E+00  0.0000
   1.2509E+00   1.5009E+00   0.0000E+00  0.0000
   1.5009E+00   1.7509E+00   0.0000E+00  0.0000
   1.7509E+00   2.0009E+00   0.0000E+00  0.0000
   2.0009E+00   2.2509E+00   0.0000E+00  0.0000
   2.2509E+00   2.5009E+00   0.0000E+00  0.0000
   2.5009E+00   2.7509E+00   0.0000E+00  0.0000
   2.7509E+00   3.0009E+00   0.0000E+00  0.0000
   3.0009E+00   3.2509E+00   0.0000E+00  0.0000
   3.2509E+00   3.5009E+00   0.0000E+00  0.0000
   3.5009E+00   3.7508E+00   0.0000E+00  0.0000
   3.7508E+00   4.0008E+00   0.0000E+00  0.0000
   4.0008E+00   4.2508E+00   0.0000E+00  0.0000
   4.2508E+00   4.5008E+00   0.0000E+00  0.0000
   4.5008E+00   4.7508E+00   0.0000E+00  0.0000
   4.7508E+00   5.0008E+00   0.0000E+00  0.0000
   5.0008E+00   5.2508E+00   0.0000E+00  0.0000
   5.2508E+00   5.5008E+00   0.0000E+00  0.0000
   5.5008E+00   5.7508E+00   0.0000E+00  0.0000
   5.7508E+00   6.0008E+00   0.0000E+00  0.0000
   6.0008E+00   6.2508E+00   0.0000E+00  0.0000
   6.2508E+00   6.5007E+00   0.0000E+00  0.0000
   6.5007E+00   6.7507E+00   0.0000E+00  0.0000
   6.7507E+00   7.0007E+00   0.0000E+00  0.0000
   7.0007E+00   7.2507E+00   0.0000E+00  0.0000
   7.2507E+00   7.5007E+00   0.0000E+00  0.0000
   7.5007E+00   7.7507E+00   0.0000E+00  0.0000
   7.7507E+00   8.0007E+00   0.0000E+00  0.0000
   8.0007E+00   8.2507E+00   0.0000E+00  0.0000
   8.2507E+00   8.5007E+00   0.0000E+00  0.0000
   8.5007E+00   8.7506E+00   0.0000E+00  0.0000
   8.7506E+00   9.0006E+00   0.0000E+00  0.0000
   9.0006E+00   9.2506E+00   0.0000E+00  0.0000
   9.2506E+00   9.5006E+00   0.0000E+00  0.0000
   9.5006E+00   9.7506E+00   0.0000E+00  0.0000
   9.7506E+00   1.0001E+01   0.0000E+00  0.0000
   1.0001E+01   1.0251E+01   0.0000E+00  0.0000
   1.0251E+01   1.0501E+01   0.0000E+00  0.0000
   1.0501E+01   1.0751E+01   0.0000E+00  0.0000
   1.0751E+01   1.1001E+01   0.0000E+00  0.0000
   1.1001E+01   1.1251E+01   0.0000E+00  0.0000
   1.1251E+01   1.1501E+01   0.0000E+00  0.0000
   1.1501E+01   1.1751E+01   0.0000E+00  0.0000
   1.1751E+01   1.2001E+01   0.0000E+00  0.0000
   1.2001E+01   1.2251E+01   0.0000E+00  0.0000
   1.2251E+01   1.2500E+01   0.0000E+00  0.0000
   1.2500E+01   1.2750E+01   0.0000E+00  0.0000
   1.2750E+01   1.3000E+01   0.0000E+00  0.0000
   1.3000E+01   1.3250E+01   0.0000E+00  0.0000
   1.3250E+01   1.3500E+01   0.0000E+00  0.0000
   1.3500E+01   1.3750E+01   0.0000E+00  0.0000
   1.3750E+01   1.4000E+01   0.0000E+00  0.0000
   1.4000E+01   1.4250E+01   0.0000E+00  0.0000
   1.4250E+01   1.4500E+01   0.0000E+00  0.0000
   1.4500E+01   1.4750E+01   0.0000E+00  0.0000
   1.4750E+01   1.5000E+01   0.0000E+00  0.0000
   1.5000E+01   1.5250E+01   0.0000E+00  0.0000
   1.5250E+01   1.5500E+01   0.0000E+00  0.0000
   1.5500E+01   1.5750E+01   0.0000E+00  0.0000
   1.5750E+01   1.6000E+01   0.0000E+00  0.0000
   1.6000E+01   1.6250E+01   0.0000E+00  0.0000
   1.6250E+01   1.6500E+01   0.0000E+00  0.0000
   1.6500E+01   1.6750E+01   0.0000E+00  0.0000
   1.6750E+01   1.7000E+01   0.0000E+00  0.0000
   1.7000E+01   1.7250E+01   0.0000E+00  0.0000
   1.7250E+01   1.7500E+01   0.0000E+00  0.0000
   1.7500E+01   1.7750E+01   0.0000E+00  0.0000
   1.7750E+01   1.8000E+01   0.0000E+00  0.0000
   1.8000E+01   1.8250E+01   0.0000E+00  0.0000
   1.8250E+01   1.8500E+01   0.0000E+00  0.0000
   1.8500E+01   1.8750E+01   0.0000E+00  0.0000
   1.8750E+01   1.9000E+01   0.0000E+00  0.0000
   1.9000E+01   1.9250E+01   0.0000E+00  0.0000
   1.9250E+01   1.9500E+01   0.0000E+00  0.0000
   1.9500E+01   1.9750E+01   0.0000E+00  0.0000
   1.9750E+01   2.0000E+01   0.0000E+00  0.0000
   2.0000E+01   2.0250E+01   0.0000E+00  0.0000
   2.0250E+01   2.0500E+01   0.0000E+00  0.0000
   2.0500E+01   2.0750E+01   0.0000E+00  0.0000
   2.0750E+01   2.1000E+01   0.0000E+00  0.0000
   2.1000E+01   2.1250E+01   0.0000E+00  0.0000
   2.1250E+01   2.1500E+01   0.0000E+00  0.0000
   2.1500E+01   2.1750E+01   0.0000E+00  0.0000
   2.1750E+01   2.2000E+01   0.0000E+00  0.0000
   2.2000E+01   2.2250E+01   0.0000E+00  0.0000
   2.2250E+01   2.2500E+01   0.0000E+00  0.0000
   2.2500E+01   2.2750E+01   0.0000E+00  0.0000
   2.2750E+01   2.3000E+01   0.0000E+00  0.0000
   2.3000E+01   2.3250E+01   0.0000E+00  0.0000
   2.3250E+01   2.3500E+01   0.0000E+00  0.0000
   2.3500E+01   2.3750E+01   0.0000E+00  0.0000
   2.3750E+01   2.4000E+01   0.0000E+00  0.0000
   2.4000E+01   2.4250E+01   0.0000E+00  0.0000
   2.4250E+01   2.4500E+01   0.0000E+00  0.0000
   2.4500E+01   2.4750E+01   0.0000E+00  0.0000
   2.4750E+01   2.5000E+01   0.0000E+00  0.0000

#   sum over                 0.0000E+00  0.0000
'no. =    2   reg = 7001 - 7002'
msuc: {\huge Proton energy spectra through CR39}
msdr: {\it plotted by \ANGEL \version}
msdl: {\it calculated by \PHITS  3.35}
wt: s(0.7)
\vspace{-3}
  region surface crossing
  area  &=&   1.0000E+00 [cm^2]
e:

#------------------------------------------------------------------------------
 newpage:
#   no. =    3   reg = 7002 - 7003

x: Energy [MeV]
y:  F-Curr [1/cm^2/MeV/source]             
p: xlin ylog afac(0.8) form(0.9)
h: n            x            y(proton  ),hh0l n 
#  e-lower      e-upper        proton    r.err 
   1.0000E-03   2.5099E-01   0.0000E+00  0.0000
   2.5099E-01   5.0098E-01   0.0000E+00  0.0000
   5.0098E-01   7.5097E-01   0.0000E+00  0.0000
   7.5097E-01   1.0010E+00   0.0000E+00  0.0000
   1.0010E+00   1.2509E+00   0.0000E+00  0.0000
   1.2509E+00   1.5009E+00   0.0000E+00  0.0000
   1.5009E+00   1.7509E+00   0.0000E+00  0.0000
   1.7509E+00   2.0009E+00   0.0000E+00  0.0000
   2.0009E+00   2.2509E+00   0.0000E+00  0.0000
   2.2509E+00   2.5009E+00   0.0000E+00  0.0000
   2.5009E+00   2.7509E+00   0.0000E+00  0.0000
   2.7509E+00   3.0009E+00   0.0000E+00  0.0000
   3.0009E+00   3.2509E+00   0.0000E+00  0.0000
   3.2509E+00   3.5009E+00   0.0000E+00  0.0000
   3.5009E+00   3.7508E+00   0.0000E+00  0.0000
   3.7508E+00   4.0008E+00   0.0000E+00  0.0000
   4.0008E+00   4.2508E+00   0.0000E+00  0.0000
   4.2508E+00   4.5008E+00   0.0000E+00  0.0000
   4.5008E+00   4.7508E+00   0.0000E+00  0.0000
   4.7508E+00   5.0008E+00   0.0000E+00  0.0000
   5.0008E+00   5.2508E+00   0.0000E+00  0.0000
   5.2508E+00   5.5008E+00   0.0000E+00  0.0000
   5.5008E+00   5.7508E+00   0.0000E+00  0.0000
   5.7508E+00   6.0008E+00   0.0000E+00  0.0000
   6.0008E+00   6.2508E+00   0.0000E+00  0.0000
   6.2508E+00   6.5007E+00   0.0000E+00  0.0000
   6.5007E+00   6.7507E+00   0.0000E+00  0.0000
   6.7507E+00   7.0007E+00   0.0000E+00  0.0000
   7.0007E+00   7.2507E+00   0.0000E+00  0.0000
   7.2507E+00   7.5007E+00   0.0000E+00  0.0000
   7.5007E+00   7.7507E+00   0.0000E+00  0.0000
   7.7507E+00   8.0007E+00   0.0000E+00  0.0000
   8.0007E+00   8.2507E+00   0.0000E+00  0.0000
   8.2507E+00   8.5007E+00   0.0000E+00  0.0000
   8.5007E+00   8.7506E+00   0.0000E+00  0.0000
   8.7506E+00   9.0006E+00   0.0000E+00  0.0000
   9.0006E+00   9.2506E+00   0.0000E+00  0.0000
   9.2506E+00   9.5006E+00   0.0000E+00  0.0000
   9.5006E+00   9.7506E+00   0.0000E+00  0.0000
   9.7506E+00   1.0001E+01   0.0000E+00  0.0000
   1.0001E+01   1.0251E+01   0.0000E+00  0.0000
   1.0251E+01   1.0501E+01   0.0000E+00  0.0000
   1.0501E+01   1.0751E+01   0.0000E+00  0.0000
   1.0751E+01   1.1001E+01   0.0000E+00  0.0000
   1.1001E+01   1.1251E+01   0.0000E+00  0.0000
   1.1251E+01   1.1501E+01   0.0000E+00  0.0000
   1.1501E+01   1.1751E+01   0.0000E+00  0.0000
   1.1751E+01   1.2001E+01   0.0000E+00  0.0000
   1.2001E+01   1.2251E+01   0.0000E+00  0.0000
   1.2251E+01   1.2500E+01   0.0000E+00  0.0000
   1.2500E+01   1.2750E+01   0.0000E+00  0.0000
   1.2750E+01   1.3000E+01   0.0000E+00  0.0000
   1.3000E+01   1.3250E+01   0.0000E+00  0.0000
   1.3250E+01   1.3500E+01   0.0000E+00  0.0000
   1.3500E+01   1.3750E+01   0.0000E+00  0.0000
   1.3750E+01   1.4000E+01   0.0000E+00  0.0000
   1.4000E+01   1.4250E+01   0.0000E+00  0.0000
   1.4250E+01   1.4500E+01   0.0000E+00  0.0000
   1.4500E+01   1.4750E+01   0.0000E+00  0.0000
   1.4750E+01   1.5000E+01   0.0000E+00  0.0000
   1.5000E+01   1.5250E+01   0.0000E+00  0.0000
   1.5250E+01   1.5500E+01   0.0000E+00  0.0000
   1.5500E+01   1.5750E+01   0.0000E+00  0.0000
   1.5750E+01   1.6000E+01   0.0000E+00  0.0000
   1.6000E+01   1.6250E+01   0.0000E+00  0.0000
   1.6250E+01   1.6500E+01   0.0000E+00  0.0000
   1.6500E+01   1.6750E+01   0.0000E+00  0.0000
   1.6750E+01   1.7000E+01   0.0000E+00  0.0000
   1.7000E+01   1.7250E+01   0.0000E+00  0.0000
   1.7250E+01   1.7500E+01   0.0000E+00  0.0000
   1.7500E+01   1.7750E+01   0.0000E+00  0.0000
   1.7750E+01   1.8000E+01   0.0000E+00  0.0000
   1.8000E+01   1.8250E+01   0.0000E+00  0.0000
   1.8250E+01   1.8500E+01   0.0000E+00  0.0000
   1.8500E+01   1.8750E+01   0.0000E+00  0.0000
   1.8750E+01   1.9000E+01   0.0000E+00  0.0000
   1.9000E+01   1.9250E+01   0.0000E+00  0.0000
   1.9250E+01   1.9500E+01   0.0000E+00  0.0000
   1.9500E+01   1.9750E+01   0.0000E+00  0.0000
   1.9750E+01   2.0000E+01   0.0000E+00  0.0000
   2.0000E+01   2.0250E+01   0.0000E+00  0.0000
   2.0250E+01   2.0500E+01   0.0000E+00  0.0000
   2.0500E+01   2.0750E+01   0.0000E+00  0.0000
   2.0750E+01   2.1000E+01   0.0000E+00  0.0000
   2.1000E+01   2.1250E+01   0.0000E+00  0.0000
   2.1250E+01   2.1500E+01   0.0000E+00  0.0000
   2.1500E+01   2.1750E+01   0.0000E+00  0.0000
   2.1750E+01   2.2000E+01   0.0000E+00  0.0000
   2.2000E+01   2.2250E+01   0.0000E+00  0.0000
   2.2250E+01   2.2500E+01   0.0000E+00  0.0000
   2.2500E+01   2.2750E+01   0.0000E+00  0.0000
   2.2750E+01   2.3000E+01   0.0000E+00  0.0000
   2.3000E+01   2.3250E+01   0.0000E+00  0.0000
   2.3250E+01   2.3500E+01   0.0000E+00  0.0000
   2.3500E+01   2.3750E+01   0.0000E+00  0.0000
   2.3750E+01   2.4000E+01   0.0000E+00  0.0000
   2.4000E+01   2.4250E+01   0.0000E+00  0.0000
   2.4250E+01   2.4500E+01   0.0000E+00  0.0000
   2.4500E+01   2.4750E+01   0.0000E+00  0.0000
   2.4750E+01   2.5000E+01   0.0000E+00  0.0000

#   sum over                 0.0000E+00  0.0000
'no. =    3   reg = 7002 - 7003'
msuc: {\huge Proton energy spectra through CR39}
msdr: {\it plotted by \ANGEL \version}
msdl: {\it calculated by \PHITS  3.35}
wt: s(0.7)
\vspace{-3}
  region surface crossing
  area  &=&   1.0000E+00 [cm^2]
e:

#------------------------------------------------------------------------------
 newpage:
#   no. =    4   reg = 7003 - 7004

x: Energy [MeV]
y:  F-Curr [1/cm^2/MeV/source]             
p: xlin ylog afac(0.8) form(0.9)
h: n            x            y(proton  ),hh0l n 
#  e-lower      e-upper        proton    r.err 
   1.0000E-03   2.5099E-01   0.0000E+00  0.0000
   2.5099E-01   5.0098E-01   0.0000E+00  0.0000
   5.0098E-01   7.5097E-01   0.0000E+00  0.0000
   7.5097E-01   1.0010E+00   0.0000E+00  0.0000
   1.0010E+00   1.2509E+00   0.0000E+00  0.0000
   1.2509E+00   1.5009E+00   0.0000E+00  0.0000
   1.5009E+00   1.7509E+00   0.0000E+00  0.0000
   1.7509E+00   2.0009E+00   0.0000E+00  0.0000
   2.0009E+00   2.2509E+00   0.0000E+00  0.0000
   2.2509E+00   2.5009E+00   0.0000E+00  0.0000
   2.5009E+00   2.7509E+00   0.0000E+00  0.0000
   2.7509E+00   3.0009E+00   0.0000E+00  0.0000
   3.0009E+00   3.2509E+00   0.0000E+00  0.0000
   3.2509E+00   3.5009E+00   0.0000E+00  0.0000
   3.5009E+00   3.7508E+00   0.0000E+00  0.0000
   3.7508E+00   4.0008E+00   0.0000E+00  0.0000
   4.0008E+00   4.2508E+00   0.0000E+00  0.0000
   4.2508E+00   4.5008E+00   0.0000E+00  0.0000
   4.5008E+00   4.7508E+00   0.0000E+00  0.0000
   4.7508E+00   5.0008E+00   0.0000E+00  0.0000
   5.0008E+00   5.2508E+00   0.0000E+00  0.0000
   5.2508E+00   5.5008E+00   0.0000E+00  0.0000
   5.5008E+00   5.7508E+00   0.0000E+00  0.0000
   5.7508E+00   6.0008E+00   0.0000E+00  0.0000
   6.0008E+00   6.2508E+00   0.0000E+00  0.0000
   6.2508E+00   6.5007E+00   0.0000E+00  0.0000
   6.5007E+00   6.7507E+00   0.0000E+00  0.0000
   6.7507E+00   7.0007E+00   0.0000E+00  0.0000
   7.0007E+00   7.2507E+00   0.0000E+00  0.0000
   7.2507E+00   7.5007E+00   0.0000E+00  0.0000
   7.5007E+00   7.7507E+00   0.0000E+00  0.0000
   7.7507E+00   8.0007E+00   0.0000E+00  0.0000
   8.0007E+00   8.2507E+00   0.0000E+00  0.0000
   8.2507E+00   8.5007E+00   0.0000E+00  0.0000
   8.5007E+00   8.7506E+00   0.0000E+00  0.0000
   8.7506E+00   9.0006E+00   0.0000E+00  0.0000
   9.0006E+00   9.2506E+00   0.0000E+00  0.0000
   9.2506E+00   9.5006E+00   0.0000E+00  0.0000
   9.5006E+00   9.7506E+00   0.0000E+00  0.0000
   9.7506E+00   1.0001E+01   0.0000E+00  0.0000
   1.0001E+01   1.0251E+01   0.0000E+00  0.0000
   1.0251E+01   1.0501E+01   0.0000E+00  0.0000
   1.0501E+01   1.0751E+01   0.0000E+00  0.0000
   1.0751E+01   1.1001E+01   0.0000E+00  0.0000
   1.1001E+01   1.1251E+01   0.0000E+00  0.0000
   1.1251E+01   1.1501E+01   0.0000E+00  0.0000
   1.1501E+01   1.1751E+01   0.0000E+00  0.0000
   1.1751E+01   1.2001E+01   0.0000E+00  0.0000
   1.2001E+01   1.2251E+01   0.0000E+00  0.0000
   1.2251E+01   1.2500E+01   0.0000E+00  0.0000
   1.2500E+01   1.2750E+01   0.0000E+00  0.0000
   1.2750E+01   1.3000E+01   0.0000E+00  0.0000
   1.3000E+01   1.3250E+01   0.0000E+00  0.0000
   1.3250E+01   1.3500E+01   0.0000E+00  0.0000
   1.3500E+01   1.3750E+01   0.0000E+00  0.0000
   1.3750E+01   1.4000E+01   0.0000E+00  0.0000
   1.4000E+01   1.4250E+01   0.0000E+00  0.0000
   1.4250E+01   1.4500E+01   0.0000E+00  0.0000
   1.4500E+01   1.4750E+01   0.0000E+00  0.0000
   1.4750E+01   1.5000E+01   0.0000E+00  0.0000
   1.5000E+01   1.5250E+01   0.0000E+00  0.0000
   1.5250E+01   1.5500E+01   0.0000E+00  0.0000
   1.5500E+01   1.5750E+01   0.0000E+00  0.0000
   1.5750E+01   1.6000E+01   0.0000E+00  0.0000
   1.6000E+01   1.6250E+01   0.0000E+00  0.0000
   1.6250E+01   1.6500E+01   0.0000E+00  0.0000
   1.6500E+01   1.6750E+01   0.0000E+00  0.0000
   1.6750E+01   1.7000E+01   0.0000E+00  0.0000
   1.7000E+01   1.7250E+01   0.0000E+00  0.0000
   1.7250E+01   1.7500E+01   0.0000E+00  0.0000
   1.7500E+01   1.7750E+01   0.0000E+00  0.0000
   1.7750E+01   1.8000E+01   0.0000E+00  0.0000
   1.8000E+01   1.8250E+01   0.0000E+00  0.0000
   1.8250E+01   1.8500E+01   0.0000E+00  0.0000
   1.8500E+01   1.8750E+01   0.0000E+00  0.0000
   1.8750E+01   1.9000E+01   0.0000E+00  0.0000
   1.9000E+01   1.9250E+01   0.0000E+00  0.0000
   1.9250E+01   1.9500E+01   0.0000E+00  0.0000
   1.9500E+01   1.9750E+01   0.0000E+00  0.0000
   1.9750E+01   2.0000E+01   0.0000E+00  0.0000
   2.0000E+01   2.0250E+01   0.0000E+00  0.0000
   2.0250E+01   2.0500E+01   0.0000E+00  0.0000
   2.0500E+01   2.0750E+01   0.0000E+00  0.0000
   2.0750E+01   2.1000E+01   0.0000E+00  0.0000
   2.1000E+01   2.1250E+01   0.0000E+00  0.0000
   2.1250E+01   2.1500E+01   0.0000E+00  0.0000
   2.1500E+01   2.1750E+01   0.0000E+00  0.0000
   2.1750E+01   2.2000E+01   0.0000E+00  0.0000
   2.2000E+01   2.2250E+01   0.0000E+00  0.0000
   2.2250E+01   2.2500E+01   0.0000E+00  0.0000
   2.2500E+01   2.2750E+01   0.0000E+00  0.0000
   2.2750E+01   2.3000E+01   0.0000E+00  0.0000
   2.3000E+01   2.3250E+01   0.0000E+00  0.0000
   2.3250E+01   2.3500E+01   0.0000E+00  0.0000
   2.3500E+01   2.3750E+01   0.0000E+00  0.0000
   2.3750E+01   2.4000E+01   0.0000E+00  0.0000
   2.4000E+01   2.4250E+01   0.0000E+00  0.0000
   2.4250E+01   2.4500E+01   0.0000E+00  0.0000
   2.4500E+01   2.4750E+01   0.0000E+00  0.0000
   2.4750E+01   2.5000E+01   0.0000E+00  0.0000

#   sum over                 0.0000E+00  0.0000
'no. =    4   reg = 7003 - 7004'
msuc: {\huge Proton energy spectra through CR39}
msdr: {\it plotted by \ANGEL \version}
msdl: {\it calculated by \PHITS  3.35}
wt: s(0.7)
\vspace{-3}
  region surface crossing
  area  &=&   1.0000E+00 [cm^2]
e:

#------------------------------------------------------------------------------
 newpage:
#   no. =    5   reg = 7004 - 7005

x: Energy [MeV]
y:  F-Curr [1/cm^2/MeV/source]             
p: xlin ylog afac(0.8) form(0.9)
h: n            x            y(proton  ),hh0l n 
#  e-lower      e-upper        proton    r.err 
   1.0000E-03   2.5099E-01   0.0000E+00  0.0000
   2.5099E-01   5.0098E-01   0.0000E+00  0.0000
   5.0098E-01   7.5097E-01   0.0000E+00  0.0000
   7.5097E-01   1.0010E+00   0.0000E+00  0.0000
   1.0010E+00   1.2509E+00   0.0000E+00  0.0000
   1.2509E+00   1.5009E+00   0.0000E+00  0.0000
   1.5009E+00   1.7509E+00   0.0000E+00  0.0000
   1.7509E+00   2.0009E+00   0.0000E+00  0.0000
   2.0009E+00   2.2509E+00   0.0000E+00  0.0000
   2.2509E+00   2.5009E+00   0.0000E+00  0.0000
   2.5009E+00   2.7509E+00   0.0000E+00  0.0000
   2.7509E+00   3.0009E+00   0.0000E+00  0.0000
   3.0009E+00   3.2509E+00   0.0000E+00  0.0000
   3.2509E+00   3.5009E+00   0.0000E+00  0.0000
   3.5009E+00   3.7508E+00   0.0000E+00  0.0000
   3.7508E+00   4.0008E+00   0.0000E+00  0.0000
   4.0008E+00   4.2508E+00   0.0000E+00  0.0000
   4.2508E+00   4.5008E+00   0.0000E+00  0.0000
   4.5008E+00   4.7508E+00   0.0000E+00  0.0000
   4.7508E+00   5.0008E+00   0.0000E+00  0.0000
   5.0008E+00   5.2508E+00   0.0000E+00  0.0000
   5.2508E+00   5.5008E+00   0.0000E+00  0.0000
   5.5008E+00   5.7508E+00   0.0000E+00  0.0000
   5.7508E+00   6.0008E+00   0.0000E+00  0.0000
   6.0008E+00   6.2508E+00   0.0000E+00  0.0000
   6.2508E+00   6.5007E+00   0.0000E+00  0.0000
   6.5007E+00   6.7507E+00   0.0000E+00  0.0000
   6.7507E+00   7.0007E+00   0.0000E+00  0.0000
   7.0007E+00   7.2507E+00   0.0000E+00  0.0000
   7.2507E+00   7.5007E+00   0.0000E+00  0.0000
   7.5007E+00   7.7507E+00   0.0000E+00  0.0000
   7.7507E+00   8.0007E+00   0.0000E+00  0.0000
   8.0007E+00   8.2507E+00   0.0000E+00  0.0000
   8.2507E+00   8.5007E+00   0.0000E+00  0.0000
   8.5007E+00   8.7506E+00   0.0000E+00  0.0000
   8.7506E+00   9.0006E+00   0.0000E+00  0.0000
   9.0006E+00   9.2506E+00   0.0000E+00  0.0000
   9.2506E+00   9.5006E+00   0.0000E+00  0.0000
   9.5006E+00   9.7506E+00   0.0000E+00  0.0000
   9.7506E+00   1.0001E+01   0.0000E+00  0.0000
   1.0001E+01   1.0251E+01   0.0000E+00  0.0000
   1.0251E+01   1.0501E+01   0.0000E+00  0.0000
   1.0501E+01   1.0751E+01   0.0000E+00  0.0000
   1.0751E+01   1.1001E+01   0.0000E+00  0.0000
   1.1001E+01   1.1251E+01   0.0000E+00  0.0000
   1.1251E+01   1.1501E+01   0.0000E+00  0.0000
   1.1501E+01   1.1751E+01   0.0000E+00  0.0000
   1.1751E+01   1.2001E+01   0.0000E+00  0.0000
   1.2001E+01   1.2251E+01   0.0000E+00  0.0000
   1.2251E+01   1.2500E+01   0.0000E+00  0.0000
   1.2500E+01   1.2750E+01   0.0000E+00  0.0000
   1.2750E+01   1.3000E+01   0.0000E+00  0.0000
   1.3000E+01   1.3250E+01   0.0000E+00  0.0000
   1.3250E+01   1.3500E+01   0.0000E+00  0.0000
   1.3500E+01   1.3750E+01   0.0000E+00  0.0000
   1.3750E+01   1.4000E+01   0.0000E+00  0.0000
   1.4000E+01   1.4250E+01   0.0000E+00  0.0000
   1.4250E+01   1.4500E+01   0.0000E+00  0.0000
   1.4500E+01   1.4750E+01   0.0000E+00  0.0000
   1.4750E+01   1.5000E+01   0.0000E+00  0.0000
   1.5000E+01   1.5250E+01   0.0000E+00  0.0000
   1.5250E+01   1.5500E+01   0.0000E+00  0.0000
   1.5500E+01   1.5750E+01   0.0000E+00  0.0000
   1.5750E+01   1.6000E+01   0.0000E+00  0.0000
   1.6000E+01   1.6250E+01   0.0000E+00  0.0000
   1.6250E+01   1.6500E+01   0.0000E+00  0.0000
   1.6500E+01   1.6750E+01   0.0000E+00  0.0000
   1.6750E+01   1.7000E+01   0.0000E+00  0.0000
   1.7000E+01   1.7250E+01   0.0000E+00  0.0000
   1.7250E+01   1.7500E+01   0.0000E+00  0.0000
   1.7500E+01   1.7750E+01   0.0000E+00  0.0000
   1.7750E+01   1.8000E+01   0.0000E+00  0.0000
   1.8000E+01   1.8250E+01   0.0000E+00  0.0000
   1.8250E+01   1.8500E+01   0.0000E+00  0.0000
   1.8500E+01   1.8750E+01   0.0000E+00  0.0000
   1.8750E+01   1.9000E+01   0.0000E+00  0.0000
   1.9000E+01   1.9250E+01   0.0000E+00  0.0000
   1.9250E+01   1.9500E+01   0.0000E+00  0.0000
   1.9500E+01   1.9750E+01   0.0000E+00  0.0000
   1.9750E+01   2.0000E+01   0.0000E+00  0.0000
   2.0000E+01   2.0250E+01   0.0000E+00  0.0000
   2.0250E+01   2.0500E+01   0.0000E+00  0.0000
   2.0500E+01   2.0750E+01   0.0000E+00  0.0000
   2.0750E+01   2.1000E+01   0.0000E+00  0.0000
   2.1000E+01   2.1250E+01   0.0000E+00  0.0000
   2.1250E+01   2.1500E+01   0.0000E+00  0.0000
   2.1500E+01   2.1750E+01   0.0000E+00  0.0000
   2.1750E+01   2.2000E+01   0.0000E+00  0.0000
   2.2000E+01   2.2250E+01   0.0000E+00  0.0000
   2.2250E+01   2.2500E+01   0.0000E+00  0.0000
   2.2500E+01   2.2750E+01   0.0000E+00  0.0000
   2.2750E+01   2.3000E+01   0.0000E+00  0.0000
   2.3000E+01   2.3250E+01   0.0000E+00  0.0000
   2.3250E+01   2.3500E+01   0.0000E+00  0.0000
   2.3500E+01   2.3750E+01   0.0000E+00  0.0000
   2.3750E+01   2.4000E+01   0.0000E+00  0.0000
   2.4000E+01   2.4250E+01   0.0000E+00  0.0000
   2.4250E+01   2.4500E+01   0.0000E+00  0.0000
   2.4500E+01   2.4750E+01   0.0000E+00  0.0000
   2.4750E+01   2.5000E+01   0.0000E+00  0.0000

#   sum over                 0.0000E+00  0.0000
'no. =    5   reg = 7004 - 7005'
msuc: {\huge Proton energy spectra through CR39}
msdr: {\it plotted by \ANGEL \version}
msdl: {\it calculated by \PHITS  3.35}
wt: s(0.7)
\vspace{-3}
  region surface crossing
  area  &=&   1.0000E+00 [cm^2]
e:

#------------------------------------------------------------------------------
 newpage:
#   no. =    6   reg = 7005 - 7006

x: Energy [MeV]
y:  F-Curr [1/cm^2/MeV/source]             
p: xlin ylog afac(0.8) form(0.9)
h: n            x            y(proton  ),hh0l n 
#  e-lower      e-upper        proton    r.err 
   1.0000E-03   2.5099E-01   0.0000E+00  0.0000
   2.5099E-01   5.0098E-01   0.0000E+00  0.0000
   5.0098E-01   7.5097E-01   0.0000E+00  0.0000
   7.5097E-01   1.0010E+00   0.0000E+00  0.0000
   1.0010E+00   1.2509E+00   0.0000E+00  0.0000
   1.2509E+00   1.5009E+00   0.0000E+00  0.0000
   1.5009E+00   1.7509E+00   0.0000E+00  0.0000
   1.7509E+00   2.0009E+00   0.0000E+00  0.0000
   2.0009E+00   2.2509E+00   0.0000E+00  0.0000
   2.2509E+00   2.5009E+00   0.0000E+00  0.0000
   2.5009E+00   2.7509E+00   0.0000E+00  0.0000
   2.7509E+00   3.0009E+00   0.0000E+00  0.0000
   3.0009E+00   3.2509E+00   0.0000E+00  0.0000
   3.2509E+00   3.5009E+00   0.0000E+00  0.0000
   3.5009E+00   3.7508E+00   0.0000E+00  0.0000
   3.7508E+00   4.0008E+00   0.0000E+00  0.0000
   4.0008E+00   4.2508E+00   0.0000E+00  0.0000
   4.2508E+00   4.5008E+00   0.0000E+00  0.0000
   4.5008E+00   4.7508E+00   0.0000E+00  0.0000
   4.7508E+00   5.0008E+00   0.0000E+00  0.0000
   5.0008E+00   5.2508E+00   0.0000E+00  0.0000
   5.2508E+00   5.5008E+00   0.0000E+00  0.0000
   5.5008E+00   5.7508E+00   0.0000E+00  0.0000
   5.7508E+00   6.0008E+00   0.0000E+00  0.0000
   6.0008E+00   6.2508E+00   0.0000E+00  0.0000
   6.2508E+00   6.5007E+00   0.0000E+00  0.0000
   6.5007E+00   6.7507E+00   0.0000E+00  0.0000
   6.7507E+00   7.0007E+00   0.0000E+00  0.0000
   7.0007E+00   7.2507E+00   0.0000E+00  0.0000
   7.2507E+00   7.5007E+00   0.0000E+00  0.0000
   7.5007E+00   7.7507E+00   0.0000E+00  0.0000
   7.7507E+00   8.0007E+00   0.0000E+00  0.0000
   8.0007E+00   8.2507E+00   0.0000E+00  0.0000
   8.2507E+00   8.5007E+00   0.0000E+00  0.0000
   8.5007E+00   8.7506E+00   0.0000E+00  0.0000
   8.7506E+00   9.0006E+00   0.0000E+00  0.0000
   9.0006E+00   9.2506E+00   0.0000E+00  0.0000
   9.2506E+00   9.5006E+00   0.0000E+00  0.0000
   9.5006E+00   9.7506E+00   0.0000E+00  0.0000
   9.7506E+00   1.0001E+01   0.0000E+00  0.0000
   1.0001E+01   1.0251E+01   0.0000E+00  0.0000
   1.0251E+01   1.0501E+01   0.0000E+00  0.0000
   1.0501E+01   1.0751E+01   0.0000E+00  0.0000
   1.0751E+01   1.1001E+01   0.0000E+00  0.0000
   1.1001E+01   1.1251E+01   0.0000E+00  0.0000
   1.1251E+01   1.1501E+01   0.0000E+00  0.0000
   1.1501E+01   1.1751E+01   0.0000E+00  0.0000
   1.1751E+01   1.2001E+01   0.0000E+00  0.0000
   1.2001E+01   1.2251E+01   0.0000E+00  0.0000
   1.2251E+01   1.2500E+01   0.0000E+00  0.0000
   1.2500E+01   1.2750E+01   0.0000E+00  0.0000
   1.2750E+01   1.3000E+01   0.0000E+00  0.0000
   1.3000E+01   1.3250E+01   0.0000E+00  0.0000
   1.3250E+01   1.3500E+01   0.0000E+00  0.0000
   1.3500E+01   1.3750E+01   0.0000E+00  0.0000
   1.3750E+01   1.4000E+01   0.0000E+00  0.0000
   1.4000E+01   1.4250E+01   0.0000E+00  0.0000
   1.4250E+01   1.4500E+01   0.0000E+00  0.0000
   1.4500E+01   1.4750E+01   0.0000E+00  0.0000
   1.4750E+01   1.5000E+01   0.0000E+00  0.0000
   1.5000E+01   1.5250E+01   0.0000E+00  0.0000
   1.5250E+01   1.5500E+01   0.0000E+00  0.0000
   1.5500E+01   1.5750E+01   0.0000E+00  0.0000
   1.5750E+01   1.6000E+01   0.0000E+00  0.0000
   1.6000E+01   1.6250E+01   0.0000E+00  0.0000
   1.6250E+01   1.6500E+01   0.0000E+00  0.0000
   1.6500E+01   1.6750E+01   0.0000E+00  0.0000
   1.6750E+01   1.7000E+01   0.0000E+00  0.0000
   1.7000E+01   1.7250E+01   0.0000E+00  0.0000
   1.7250E+01   1.7500E+01   0.0000E+00  0.0000
   1.7500E+01   1.7750E+01   0.0000E+00  0.0000
   1.7750E+01   1.8000E+01   0.0000E+00  0.0000
   1.8000E+01   1.8250E+01   0.0000E+00  0.0000
   1.8250E+01   1.8500E+01   0.0000E+00  0.0000
   1.8500E+01   1.8750E+01   0.0000E+00  0.0000
   1.8750E+01   1.9000E+01   0.0000E+00  0.0000
   1.9000E+01   1.9250E+01   0.0000E+00  0.0000
   1.9250E+01   1.9500E+01   0.0000E+00  0.0000
   1.9500E+01   1.9750E+01   0.0000E+00  0.0000
   1.9750E+01   2.0000E+01   0.0000E+00  0.0000
   2.0000E+01   2.0250E+01   0.0000E+00  0.0000
   2.0250E+01   2.0500E+01   0.0000E+00  0.0000
   2.0500E+01   2.0750E+01   0.0000E+00  0.0000
   2.0750E+01   2.1000E+01   0.0000E+00  0.0000
   2.1000E+01   2.1250E+01   0.0000E+00  0.0000
   2.1250E+01   2.1500E+01   0.0000E+00  0.0000
   2.1500E+01   2.1750E+01   0.0000E+00  0.0000
   2.1750E+01   2.2000E+01   0.0000E+00  0.0000
   2.2000E+01   2.2250E+01   0.0000E+00  0.0000
   2.2250E+01   2.2500E+01   0.0000E+00  0.0000
   2.2500E+01   2.2750E+01   0.0000E+00  0.0000
   2.2750E+01   2.3000E+01   0.0000E+00  0.0000
   2.3000E+01   2.3250E+01   0.0000E+00  0.0000
   2.3250E+01   2.3500E+01   0.0000E+00  0.0000
   2.3500E+01   2.3750E+01   0.0000E+00  0.0000
   2.3750E+01   2.4000E+01   0.0000E+00  0.0000
   2.4000E+01   2.4250E+01   0.0000E+00  0.0000
   2.4250E+01   2.4500E+01   0.0000E+00  0.0000
   2.4500E+01   2.4750E+01   0.0000E+00  0.0000
   2.4750E+01   2.5000E+01   0.0000E+00  0.0000

#   sum over                 0.0000E+00  0.0000
'no. =    6   reg = 7005 - 7006'
msuc: {\huge Proton energy spectra through CR39}
msdr: {\it plotted by \ANGEL \version}
msdl: {\it calculated by \PHITS  3.35}
wt: s(0.7)
\vspace{-3}
  region surface crossing
  area  &=&   1.0000E+00 [cm^2]
e:

#------------------------------------------------------------------------------
 newpage:
#   no. =    7   reg = 7006 - 7007

x: Energy [MeV]
y:  F-Curr [1/cm^2/MeV/source]             
p: xlin ylog afac(0.8) form(0.9)
h: n            x            y(proton  ),hh0l n 
#  e-lower      e-upper        proton    r.err 
   1.0000E-03   2.5099E-01   0.0000E+00  0.0000
   2.5099E-01   5.0098E-01   0.0000E+00  0.0000
   5.0098E-01   7.5097E-01   0.0000E+00  0.0000
   7.5097E-01   1.0010E+00   0.0000E+00  0.0000
   1.0010E+00   1.2509E+00   0.0000E+00  0.0000
   1.2509E+00   1.5009E+00   0.0000E+00  0.0000
   1.5009E+00   1.7509E+00   0.0000E+00  0.0000
   1.7509E+00   2.0009E+00   0.0000E+00  0.0000
   2.0009E+00   2.2509E+00   0.0000E+00  0.0000
   2.2509E+00   2.5009E+00   0.0000E+00  0.0000
   2.5009E+00   2.7509E+00   0.0000E+00  0.0000
   2.7509E+00   3.0009E+00   0.0000E+00  0.0000
   3.0009E+00   3.2509E+00   0.0000E+00  0.0000
   3.2509E+00   3.5009E+00   0.0000E+00  0.0000
   3.5009E+00   3.7508E+00   0.0000E+00  0.0000
   3.7508E+00   4.0008E+00   0.0000E+00  0.0000
   4.0008E+00   4.2508E+00   0.0000E+00  0.0000
   4.2508E+00   4.5008E+00   0.0000E+00  0.0000
   4.5008E+00   4.7508E+00   0.0000E+00  0.0000
   4.7508E+00   5.0008E+00   0.0000E+00  0.0000
   5.0008E+00   5.2508E+00   0.0000E+00  0.0000
   5.2508E+00   5.5008E+00   0.0000E+00  0.0000
   5.5008E+00   5.7508E+00   0.0000E+00  0.0000
   5.7508E+00   6.0008E+00   0.0000E+00  0.0000
   6.0008E+00   6.2508E+00   0.0000E+00  0.0000
   6.2508E+00   6.5007E+00   0.0000E+00  0.0000
   6.5007E+00   6.7507E+00   0.0000E+00  0.0000
   6.7507E+00   7.0007E+00   0.0000E+00  0.0000
   7.0007E+00   7.2507E+00   0.0000E+00  0.0000
   7.2507E+00   7.5007E+00   0.0000E+00  0.0000
   7.5007E+00   7.7507E+00   0.0000E+00  0.0000
   7.7507E+00   8.0007E+00   0.0000E+00  0.0000
   8.0007E+00   8.2507E+00   0.0000E+00  0.0000
   8.2507E+00   8.5007E+00   0.0000E+00  0.0000
   8.5007E+00   8.7506E+00   0.0000E+00  0.0000
   8.7506E+00   9.0006E+00   0.0000E+00  0.0000
   9.0006E+00   9.2506E+00   0.0000E+00  0.0000
   9.2506E+00   9.5006E+00   0.0000E+00  0.0000
   9.5006E+00   9.7506E+00   0.0000E+00  0.0000
   9.7506E+00   1.0001E+01   0.0000E+00  0.0000
   1.0001E+01   1.0251E+01   0.0000E+00  0.0000
   1.0251E+01   1.0501E+01   0.0000E+00  0.0000
   1.0501E+01   1.0751E+01   0.0000E+00  0.0000
   1.0751E+01   1.1001E+01   0.0000E+00  0.0000
   1.1001E+01   1.1251E+01   0.0000E+00  0.0000
   1.1251E+01   1.1501E+01   0.0000E+00  0.0000
   1.1501E+01   1.1751E+01   0.0000E+00  0.0000
   1.1751E+01   1.2001E+01   0.0000E+00  0.0000
   1.2001E+01   1.2251E+01   0.0000E+00  0.0000
   1.2251E+01   1.2500E+01   0.0000E+00  0.0000
   1.2500E+01   1.2750E+01   0.0000E+00  0.0000
   1.2750E+01   1.3000E+01   0.0000E+00  0.0000
   1.3000E+01   1.3250E+01   0.0000E+00  0.0000
   1.3250E+01   1.3500E+01   0.0000E+00  0.0000
   1.3500E+01   1.3750E+01   0.0000E+00  0.0000
   1.3750E+01   1.4000E+01   0.0000E+00  0.0000
   1.4000E+01   1.4250E+01   0.0000E+00  0.0000
   1.4250E+01   1.4500E+01   0.0000E+00  0.0000
   1.4500E+01   1.4750E+01   0.0000E+00  0.0000
   1.4750E+01   1.5000E+01   0.0000E+00  0.0000
   1.5000E+01   1.5250E+01   0.0000E+00  0.0000
   1.5250E+01   1.5500E+01   0.0000E+00  0.0000
   1.5500E+01   1.5750E+01   0.0000E+00  0.0000
   1.5750E+01   1.6000E+01   0.0000E+00  0.0000
   1.6000E+01   1.6250E+01   0.0000E+00  0.0000
   1.6250E+01   1.6500E+01   0.0000E+00  0.0000
   1.6500E+01   1.6750E+01   0.0000E+00  0.0000
   1.6750E+01   1.7000E+01   0.0000E+00  0.0000
   1.7000E+01   1.7250E+01   0.0000E+00  0.0000
   1.7250E+01   1.7500E+01   0.0000E+00  0.0000
   1.7500E+01   1.7750E+01   0.0000E+00  0.0000
   1.7750E+01   1.8000E+01   0.0000E+00  0.0000
   1.8000E+01   1.8250E+01   0.0000E+00  0.0000
   1.8250E+01   1.8500E+01   0.0000E+00  0.0000
   1.8500E+01   1.8750E+01   0.0000E+00  0.0000
   1.8750E+01   1.9000E+01   0.0000E+00  0.0000
   1.9000E+01   1.9250E+01   0.0000E+00  0.0000
   1.9250E+01   1.9500E+01   0.0000E+00  0.0000
   1.9500E+01   1.9750E+01   0.0000E+00  0.0000
   1.9750E+01   2.0000E+01   0.0000E+00  0.0000
   2.0000E+01   2.0250E+01   0.0000E+00  0.0000
   2.0250E+01   2.0500E+01   0.0000E+00  0.0000
   2.0500E+01   2.0750E+01   0.0000E+00  0.0000
   2.0750E+01   2.1000E+01   0.0000E+00  0.0000
   2.1000E+01   2.1250E+01   0.0000E+00  0.0000
   2.1250E+01   2.1500E+01   0.0000E+00  0.0000
   2.1500E+01   2.1750E+01   0.0000E+00  0.0000
   2.1750E+01   2.2000E+01   0.0000E+00  0.0000
   2.2000E+01   2.2250E+01   0.0000E+00  0.0000
   2.2250E+01   2.2500E+01   0.0000E+00  0.0000
   2.2500E+01   2.2750E+01   0.0000E+00  0.0000
   2.2750E+01   2.3000E+01   0.0000E+00  0.0000
   2.3000E+01   2.3250E+01   0.0000E+00  0.0000
   2.3250E+01   2.3500E+01   0.0000E+00  0.0000
   2.3500E+01   2.3750E+01   0.0000E+00  0.0000
   2.3750E+01   2.4000E+01   0.0000E+00  0.0000
   2.4000E+01   2.4250E+01   0.0000E+00  0.0000
   2.4250E+01   2.4500E+01   0.0000E+00  0.0000
   2.4500E+01   2.4750E+01   0.0000E+00  0.0000
   2.4750E+01   2.5000E+01   0.0000E+00  0.0000

#   sum over                 0.0000E+00  0.0000
'no. =    7   reg = 7006 - 7007'
msuc: {\huge Proton energy spectra through CR39}
msdr: {\it plotted by \ANGEL \version}
msdl: {\it calculated by \PHITS  3.35}
wt: s(0.7)
\vspace{-3}
  region surface crossing
  area  &=&   1.0000E+00 [cm^2]
e:

#------------------------------------------------------------------------------
 newpage:
#   no. =    8   reg = 7007 - 7008

x: Energy [MeV]
y:  F-Curr [1/cm^2/MeV/source]             
p: xlin ylog afac(0.8) form(0.9)
h: n            x            y(proton  ),hh0l n 
#  e-lower      e-upper        proton    r.err 
   1.0000E-03   2.5099E-01   0.0000E+00  0.0000
   2.5099E-01   5.0098E-01   0.0000E+00  0.0000
   5.0098E-01   7.5097E-01   0.0000E+00  0.0000
   7.5097E-01   1.0010E+00   0.0000E+00  0.0000
   1.0010E+00   1.2509E+00   0.0000E+00  0.0000
   1.2509E+00   1.5009E+00   0.0000E+00  0.0000
   1.5009E+00   1.7509E+00   0.0000E+00  0.0000
   1.7509E+00   2.0009E+00   0.0000E+00  0.0000
   2.0009E+00   2.2509E+00   0.0000E+00  0.0000
   2.2509E+00   2.5009E+00   0.0000E+00  0.0000
   2.5009E+00   2.7509E+00   0.0000E+00  0.0000
   2.7509E+00   3.0009E+00   0.0000E+00  0.0000
   3.0009E+00   3.2509E+00   0.0000E+00  0.0000
   3.2509E+00   3.5009E+00   0.0000E+00  0.0000
   3.5009E+00   3.7508E+00   0.0000E+00  0.0000
   3.7508E+00   4.0008E+00   0.0000E+00  0.0000
   4.0008E+00   4.2508E+00   0.0000E+00  0.0000
   4.2508E+00   4.5008E+00   0.0000E+00  0.0000
   4.5008E+00   4.7508E+00   0.0000E+00  0.0000
   4.7508E+00   5.0008E+00   0.0000E+00  0.0000
   5.0008E+00   5.2508E+00   0.0000E+00  0.0000
   5.2508E+00   5.5008E+00   0.0000E+00  0.0000
   5.5008E+00   5.7508E+00   0.0000E+00  0.0000
   5.7508E+00   6.0008E+00   0.0000E+00  0.0000
   6.0008E+00   6.2508E+00   0.0000E+00  0.0000
   6.2508E+00   6.5007E+00   0.0000E+00  0.0000
   6.5007E+00   6.7507E+00   0.0000E+00  0.0000
   6.7507E+00   7.0007E+00   0.0000E+00  0.0000
   7.0007E+00   7.2507E+00   0.0000E+00  0.0000
   7.2507E+00   7.5007E+00   0.0000E+00  0.0000
   7.5007E+00   7.7507E+00   0.0000E+00  0.0000
   7.7507E+00   8.0007E+00   0.0000E+00  0.0000
   8.0007E+00   8.2507E+00   0.0000E+00  0.0000
   8.2507E+00   8.5007E+00   0.0000E+00  0.0000
   8.5007E+00   8.7506E+00   0.0000E+00  0.0000
   8.7506E+00   9.0006E+00   0.0000E+00  0.0000
   9.0006E+00   9.2506E+00   0.0000E+00  0.0000
   9.2506E+00   9.5006E+00   0.0000E+00  0.0000
   9.5006E+00   9.7506E+00   0.0000E+00  0.0000
   9.7506E+00   1.0001E+01   0.0000E+00  0.0000
   1.0001E+01   1.0251E+01   0.0000E+00  0.0000
   1.0251E+01   1.0501E+01   0.0000E+00  0.0000
   1.0501E+01   1.0751E+01   0.0000E+00  0.0000
   1.0751E+01   1.1001E+01   0.0000E+00  0.0000
   1.1001E+01   1.1251E+01   0.0000E+00  0.0000
   1.1251E+01   1.1501E+01   0.0000E+00  0.0000
   1.1501E+01   1.1751E+01   0.0000E+00  0.0000
   1.1751E+01   1.2001E+01   0.0000E+00  0.0000
   1.2001E+01   1.2251E+01   0.0000E+00  0.0000
   1.2251E+01   1.2500E+01   0.0000E+00  0.0000
   1.2500E+01   1.2750E+01   0.0000E+00  0.0000
   1.2750E+01   1.3000E+01   0.0000E+00  0.0000
   1.3000E+01   1.3250E+01   0.0000E+00  0.0000
   1.3250E+01   1.3500E+01   0.0000E+00  0.0000
   1.3500E+01   1.3750E+01   0.0000E+00  0.0000
   1.3750E+01   1.4000E+01   0.0000E+00  0.0000
   1.4000E+01   1.4250E+01   0.0000E+00  0.0000
   1.4250E+01   1.4500E+01   0.0000E+00  0.0000
   1.4500E+01   1.4750E+01   0.0000E+00  0.0000
   1.4750E+01   1.5000E+01   0.0000E+00  0.0000
   1.5000E+01   1.5250E+01   0.0000E+00  0.0000
   1.5250E+01   1.5500E+01   0.0000E+00  0.0000
   1.5500E+01   1.5750E+01   0.0000E+00  0.0000
   1.5750E+01   1.6000E+01   0.0000E+00  0.0000
   1.6000E+01   1.6250E+01   0.0000E+00  0.0000
   1.6250E+01   1.6500E+01   0.0000E+00  0.0000
   1.6500E+01   1.6750E+01   0.0000E+00  0.0000
   1.6750E+01   1.7000E+01   0.0000E+00  0.0000
   1.7000E+01   1.7250E+01   0.0000E+00  0.0000
   1.7250E+01   1.7500E+01   0.0000E+00  0.0000
   1.7500E+01   1.7750E+01   0.0000E+00  0.0000
   1.7750E+01   1.8000E+01   0.0000E+00  0.0000
   1.8000E+01   1.8250E+01   0.0000E+00  0.0000
   1.8250E+01   1.8500E+01   0.0000E+00  0.0000
   1.8500E+01   1.8750E+01   0.0000E+00  0.0000
   1.8750E+01   1.9000E+01   0.0000E+00  0.0000
   1.9000E+01   1.9250E+01   0.0000E+00  0.0000
   1.9250E+01   1.9500E+01   0.0000E+00  0.0000
   1.9500E+01   1.9750E+01   0.0000E+00  0.0000
   1.9750E+01   2.0000E+01   0.0000E+00  0.0000
   2.0000E+01   2.0250E+01   0.0000E+00  0.0000
   2.0250E+01   2.0500E+01   0.0000E+00  0.0000
   2.0500E+01   2.0750E+01   0.0000E+00  0.0000
   2.0750E+01   2.1000E+01   0.0000E+00  0.0000
   2.1000E+01   2.1250E+01   0.0000E+00  0.0000
   2.1250E+01   2.1500E+01   0.0000E+00  0.0000
   2.1500E+01   2.1750E+01   0.0000E+00  0.0000
   2.1750E+01   2.2000E+01   0.0000E+00  0.0000
   2.2000E+01   2.2250E+01   0.0000E+00  0.0000
   2.2250E+01   2.2500E+01   0.0000E+00  0.0000
   2.2500E+01   2.2750E+01   0.0000E+00  0.0000
   2.2750E+01   2.3000E+01   0.0000E+00  0.0000
   2.3000E+01   2.3250E+01   0.0000E+00  0.0000
   2.3250E+01   2.3500E+01   0.0000E+00  0.0000
   2.3500E+01   2.3750E+01   0.0000E+00  0.0000
   2.3750E+01   2.4000E+01   0.0000E+00  0.0000
   2.4000E+01   2.4250E+01   0.0000E+00  0.0000
   2.4250E+01   2.4500E+01   0.0000E+00  0.0000
   2.4500E+01   2.4750E+01   0.0000E+00  0.0000
   2.4750E+01   2.5000E+01   0.0000E+00  0.0000

#   sum over                 0.0000E+00  0.0000
'no. =    8   reg = 7007 - 7008'
msuc: {\huge Proton energy spectra through CR39}
msdr: {\it plotted by \ANGEL \version}
msdl: {\it calculated by \PHITS  3.35}
wt: s(0.7)
\vspace{-3}
  region surface crossing
  area  &=&   1.0000E+00 [cm^2]
e:

#------------------------------------------------------------------------------
 newpage:
#   no. =    9   reg = 7008 - 6003

x: Energy [MeV]
y:  F-Curr [1/cm^2/MeV/source]             
p: xlin ylog afac(0.8) form(0.9)
h: n            x            y(proton  ),hh0l n 
#  e-lower      e-upper        proton    r.err 
   1.0000E-03   2.5099E-01   0.0000E+00  0.0000
   2.5099E-01   5.0098E-01   0.0000E+00  0.0000
   5.0098E-01   7.5097E-01   0.0000E+00  0.0000
   7.5097E-01   1.0010E+00   0.0000E+00  0.0000
   1.0010E+00   1.2509E+00   0.0000E+00  0.0000
   1.2509E+00   1.5009E+00   0.0000E+00  0.0000
   1.5009E+00   1.7509E+00   0.0000E+00  0.0000
   1.7509E+00   2.0009E+00   0.0000E+00  0.0000
   2.0009E+00   2.2509E+00   0.0000E+00  0.0000
   2.2509E+00   2.5009E+00   0.0000E+00  0.0000
   2.5009E+00   2.7509E+00   0.0000E+00  0.0000
   2.7509E+00   3.0009E+00   0.0000E+00  0.0000
   3.0009E+00   3.2509E+00   0.0000E+00  0.0000
   3.2509E+00   3.5009E+00   0.0000E+00  0.0000
   3.5009E+00   3.7508E+00   0.0000E+00  0.0000
   3.7508E+00   4.0008E+00   0.0000E+00  0.0000
   4.0008E+00   4.2508E+00   0.0000E+00  0.0000
   4.2508E+00   4.5008E+00   0.0000E+00  0.0000
   4.5008E+00   4.7508E+00   0.0000E+00  0.0000
   4.7508E+00   5.0008E+00   0.0000E+00  0.0000
   5.0008E+00   5.2508E+00   0.0000E+00  0.0000
   5.2508E+00   5.5008E+00   0.0000E+00  0.0000
   5.5008E+00   5.7508E+00   0.0000E+00  0.0000
   5.7508E+00   6.0008E+00   0.0000E+00  0.0000
   6.0008E+00   6.2508E+00   0.0000E+00  0.0000
   6.2508E+00   6.5007E+00   0.0000E+00  0.0000
   6.5007E+00   6.7507E+00   0.0000E+00  0.0000
   6.7507E+00   7.0007E+00   0.0000E+00  0.0000
   7.0007E+00   7.2507E+00   0.0000E+00  0.0000
   7.2507E+00   7.5007E+00   0.0000E+00  0.0000
   7.5007E+00   7.7507E+00   0.0000E+00  0.0000
   7.7507E+00   8.0007E+00   0.0000E+00  0.0000
   8.0007E+00   8.2507E+00   0.0000E+00  0.0000
   8.2507E+00   8.5007E+00   0.0000E+00  0.0000
   8.5007E+00   8.7506E+00   0.0000E+00  0.0000
   8.7506E+00   9.0006E+00   0.0000E+00  0.0000
   9.0006E+00   9.2506E+00   0.0000E+00  0.0000
   9.2506E+00   9.5006E+00   0.0000E+00  0.0000
   9.5006E+00   9.7506E+00   0.0000E+00  0.0000
   9.7506E+00   1.0001E+01   0.0000E+00  0.0000
   1.0001E+01   1.0251E+01   0.0000E+00  0.0000
   1.0251E+01   1.0501E+01   0.0000E+00  0.0000
   1.0501E+01   1.0751E+01   0.0000E+00  0.0000
   1.0751E+01   1.1001E+01   0.0000E+00  0.0000
   1.1001E+01   1.1251E+01   0.0000E+00  0.0000
   1.1251E+01   1.1501E+01   0.0000E+00  0.0000
   1.1501E+01   1.1751E+01   0.0000E+00  0.0000
   1.1751E+01   1.2001E+01   0.0000E+00  0.0000
   1.2001E+01   1.2251E+01   0.0000E+00  0.0000
   1.2251E+01   1.2500E+01   0.0000E+00  0.0000
   1.2500E+01   1.2750E+01   0.0000E+00  0.0000
   1.2750E+01   1.3000E+01   0.0000E+00  0.0000
   1.3000E+01   1.3250E+01   0.0000E+00  0.0000
   1.3250E+01   1.3500E+01   0.0000E+00  0.0000
   1.3500E+01   1.3750E+01   0.0000E+00  0.0000
   1.3750E+01   1.4000E+01   0.0000E+00  0.0000
   1.4000E+01   1.4250E+01   0.0000E+00  0.0000
   1.4250E+01   1.4500E+01   0.0000E+00  0.0000
   1.4500E+01   1.4750E+01   0.0000E+00  0.0000
   1.4750E+01   1.5000E+01   0.0000E+00  0.0000
   1.5000E+01   1.5250E+01   0.0000E+00  0.0000
   1.5250E+01   1.5500E+01   0.0000E+00  0.0000
   1.5500E+01   1.5750E+01   0.0000E+00  0.0000
   1.5750E+01   1.6000E+01   0.0000E+00  0.0000
   1.6000E+01   1.6250E+01   0.0000E+00  0.0000
   1.6250E+01   1.6500E+01   0.0000E+00  0.0000
   1.6500E+01   1.6750E+01   0.0000E+00  0.0000
   1.6750E+01   1.7000E+01   0.0000E+00  0.0000
   1.7000E+01   1.7250E+01   0.0000E+00  0.0000
   1.7250E+01   1.7500E+01   0.0000E+00  0.0000
   1.7500E+01   1.7750E+01   0.0000E+00  0.0000
   1.7750E+01   1.8000E+01   0.0000E+00  0.0000
   1.8000E+01   1.8250E+01   0.0000E+00  0.0000
   1.8250E+01   1.8500E+01   0.0000E+00  0.0000
   1.8500E+01   1.8750E+01   0.0000E+00  0.0000
   1.8750E+01   1.9000E+01   0.0000E+00  0.0000
   1.9000E+01   1.9250E+01   0.0000E+00  0.0000
   1.9250E+01   1.9500E+01   0.0000E+00  0.0000
   1.9500E+01   1.9750E+01   0.0000E+00  0.0000
   1.9750E+01   2.0000E+01   0.0000E+00  0.0000
   2.0000E+01   2.0250E+01   0.0000E+00  0.0000
   2.0250E+01   2.0500E+01   0.0000E+00  0.0000
   2.0500E+01   2.0750E+01   0.0000E+00  0.0000
   2.0750E+01   2.1000E+01   0.0000E+00  0.0000
   2.1000E+01   2.1250E+01   0.0000E+00  0.0000
   2.1250E+01   2.1500E+01   0.0000E+00  0.0000
   2.1500E+01   2.1750E+01   0.0000E+00  0.0000
   2.1750E+01   2.2000E+01   0.0000E+00  0.0000
   2.2000E+01   2.2250E+01   0.0000E+00  0.0000
   2.2250E+01   2.2500E+01   0.0000E+00  0.0000
   2.2500E+01   2.2750E+01   0.0000E+00  0.0000
   2.2750E+01   2.3000E+01   0.0000E+00  0.0000
   2.3000E+01   2.3250E+01   0.0000E+00  0.0000
   2.3250E+01   2.3500E+01   0.0000E+00  0.0000
   2.3500E+01   2.3750E+01   0.0000E+00  0.0000
   2.3750E+01   2.4000E+01   0.0000E+00  0.0000
   2.4000E+01   2.4250E+01   0.0000E+00  0.0000
   2.4250E+01   2.4500E+01   0.0000E+00  0.0000
   2.4500E+01   2.4750E+01   0.0000E+00  0.0000
   2.4750E+01   2.5000E+01   0.0000E+00  0.0000

#   sum over                 0.0000E+00  0.0000
'no. =    9   reg = 7008 - 6003'
msuc: {\huge Proton energy spectra through CR39}
msdr: {\it plotted by \ANGEL \version}
msdl: {\it calculated by \PHITS  3.35}
wt: s(0.7)
\vspace{-3}
  region surface crossing
  area  &=&   1.0000E+00 [cm^2]
e:
 
# Information for Restart Calculation
# This calculation was newly started
# istdev =  2 # 1:Batch variance, 2:History variance
# resc2  = 2.27140633519773913E-02 # Total source weight or Total source weight / maxcas
# resc3  = 1.41770000000000000E+08 # Total history number or Total batch number
# maxcas =       10000 # History / Batch, only used for istdev=1
# bitrseed = 0001111011001101110111000010000100100111011001000110100100110111 # bit data of rseed
