[ T-Track ]
    title = Proton fluence maps through CR39
     mesh =  xyz            # mesh type is xyz scoring mesh
   x-type =    2            # x-mesh is linear given by xmin, xmax and nx
     xmin =  -1.350000      # minimum value of x-mesh points
     xmax =   1.350000      # maximum value of x-mesh points
#    xdel =  0.1000000      # mesh width of x-mesh points
       nx =     27          # number of x-mesh points
#    data = ( x(i), i = 1, nx + 1 )
#          -1.35000E+00 -1.25000E+00 -1.15000E+00 -1.05000E+00 -9.50000E-01
#          -8.50000E-01 -7.50000E-01 -6.50000E-01 -5.50000E-01 -4.50000E-01
#          -3.50000E-01 -2.50000E-01 -1.50000E-01 -5.00000E-02  5.00000E-02
#           1.50000E-01  2.50000E-01  3.50000E-01  4.50000E-01  5.50000E-01
#           6.50000E-01  7.50000E-01  8.50000E-01  9.50000E-01  1.05000E+00
#           1.15000E+00  1.25000E+00  1.35000E+00
   y-type =    2            # y-mesh is linear given by ymin, ymax and ny
     ymin =  -1.318500      # minimum value of y-mesh points
     ymax =   1.881500      # maximum value of y-mesh points
#    ydel =  0.1000000      # mesh width of y-mesh points
       ny =     32          # number of y-mesh points
#    data = ( y(i), i = 1, ny + 1 )
#          -1.31850E+00 -1.21850E+00 -1.11850E+00 -1.01850E+00 -9.18500E-01
#          -8.18500E-01 -7.18500E-01 -6.18500E-01 -5.18500E-01 -4.18500E-01
#          -3.18500E-01 -2.18500E-01 -1.18500E-01 -1.85000E-02  8.15000E-02
#           1.81500E-01  2.81500E-01  3.81500E-01  4.81500E-01  5.81500E-01
#           6.81500E-01  7.81500E-01  8.81500E-01  9.81500E-01  1.08150E+00
#           1.18150E+00  1.28150E+00  1.38150E+00  1.48150E+00  1.58150E+00
#           1.68150E+00  1.78150E+00  1.88150E+00
   z-type =    2            # z-mesh is linear given by zmin, zmax and nz
     zmin =   98.38000      # minimum value of z-mesh points
     zmax =   98.58000      # maximum value of z-mesh points
#    zdel =  2.5000000E-02  # mesh width of z-mesh points
       nz =      8          # number of z-mesh points
#    data = ( z(i), i = 1, nz + 1 )
#           9.83800E+01  9.84050E+01  9.84300E+01  9.84550E+01  9.84800E+01
#           9.85050E+01  9.85300E+01  9.85550E+01  9.85800E+01
   e-type =    2            # e-mesh is linear given by emin, emax and ne
     emin =  1.0000000E-09  # minimum value of e-mesh points
     emax =   25.00000      # maximum value of e-mesh points
#    edel =   25.00000      # mesh width of e-mesh points
       ne =      1          # number of e-mesh points
#    data = ( e(i), i = 1, ne + 1 )
#           1.00000E-09  2.50000E+01
     unit =    1            # unit is [1/cm^2/source]
 material =  all            # (D=all) number of specific material
  2D-type =    3            # 1:Cont, 2:Clust, 3:Color, 4:xyz, 5:mat, 6:Clust+Cont, 7:Col+Cont
     axis =      xy            # axis of output
     file = ./out/flujo_CR39_xyz.out  # file name of output for the above axis
     part =  proton   
# kf/name :  2212     
   epsout =    1            # (D=0) generate eps file by ANGEL
#    used :        main (  %)        temp (  %)       total (  %)
#  memory :          76 (  0)           0 (  0)          76 (  0)

#------------------------------------------------------------------------------
#newpage:
#   no. =  1   ie  =  1   iz  =  1   part. = proton  
#   e = (   1.0000E-09  -   2.5000E+01  )
#   z = (   9.8380E+01  -   9.8405E+01  )

'no. =  1,  ie =  1,  iz =  1'
msuc: {\huge Proton fluence maps through CR39}
msdr: {\it plotted by \ANGEL \version}
msdl: {\it calculated by \PHITS  3.35}

x: x [cm]
y: y [cm]
set: c1[ 1.185] c2[ 0.827] c5[ 0.800] c6[ 0.933] c7[ 0.123] c8[ 0.000]
p: h2fs form[c1] xfac[c2] afac[c5] scal[c6] xorg[c7] yorg[c8] nosp
set: c3[1.0e-4] c4[1.0]
p: cmin[c3] cmax[c4]
p: dmin(1e-31)
p: zlog
p: xmin( -1.350000    ) xmax(  1.350000    )
p: ymin( -1.318500    ) ymax(  1.881500    )
#  ny =  32   nx =  27
# ( ( data(x,y), x = 1, nx ), y = ny, 1, -1 )

hc:  y =   1.831500     to  -1.268500     by  0.1000000     ; x =  -1.300000     to   1.300000     by  0.1000000     ;
  1.004E-02  1.003E-02  1.006E-02  1.004E-02  1.005E-02  9.967E-03  9.987E-03  9.980E-03  9.953E-03  9.971E-03
  9.998E-03  9.989E-03  9.932E-03  9.967E-03  9.964E-03  9.983E-03  9.948E-03  9.947E-03  9.987E-03  1.005E-02
  1.001E-02  9.914E-03  1.002E-02  9.928E-03  9.982E-03  1.005E-02  1.006E-02  9.992E-03  9.921E-03  9.908E-03
  9.990E-03  9.997E-03  1.009E-02  1.002E-02  9.957E-03  1.005E-02  1.001E-02  1.003E-02  9.943E-03  9.960E-03
  1.001E-02  1.004E-02  1.004E-02  1.005E-02  1.009E-02  1.009E-02  1.002E-02  1.004E-02  1.005E-02  1.002E-02
  9.974E-03  1.007E-02  1.009E-02  1.001E-02  9.970E-03  9.985E-03  1.007E-02  9.929E-03  1.002E-02  9.989E-03
  1.004E-02  1.005E-02  1.009E-02  9.932E-03  1.009E-02  1.002E-02  1.005E-02  1.003E-02  1.005E-02  1.004E-02
  1.000E-02  9.910E-03  1.010E-02  9.994E-03  1.004E-02  9.994E-03  9.944E-03  9.953E-03  9.976E-03  1.001E-02
  9.954E-03  9.994E-03  1.006E-02  9.995E-03  9.969E-03  9.988E-03  9.999E-03  9.934E-03  1.009E-02  1.005E-02
  9.992E-03  9.992E-03  9.984E-03  1.003E-02  1.008E-02  1.007E-02  9.986E-03  9.985E-03  1.002E-02  1.000E-02
  1.001E-02  1.003E-02  9.980E-03  1.005E-02  1.003E-02  1.000E-02  1.004E-02  1.012E-02  9.996E-03  9.935E-03
  9.989E-03  9.987E-03  1.001E-02  1.006E-02  1.008E-02  1.005E-02  1.001E-02  9.972E-03  1.006E-02  9.979E-03
  1.004E-02  1.008E-02  1.002E-02  1.005E-02  9.953E-03  1.001E-02  1.004E-02  1.001E-02  9.908E-03  1.011E-02
  1.004E-02  1.009E-02  9.974E-03  1.002E-02  1.001E-02  9.981E-03  9.954E-03  1.010E-02  1.014E-02  1.001E-02
  9.994E-03  9.995E-03  1.001E-02  1.006E-02  1.005E-02  1.005E-02  9.993E-03  1.003E-02  1.005E-02  1.005E-02
  1.006E-02  9.989E-03  1.002E-02  9.992E-03  1.013E-02  1.007E-02  9.996E-03  1.006E-02  1.001E-02  1.000E-02
  1.007E-02  9.963E-03  9.912E-03  1.006E-02  9.993E-03  9.955E-03  1.002E-02  1.005E-02  1.014E-02  1.009E-02
  1.004E-02  1.015E-02  1.006E-02  1.010E-02  1.006E-02  9.970E-03  1.005E-02  1.013E-02  1.009E-02  1.010E-02
  1.007E-02  1.006E-02  9.991E-03  1.003E-02  1.013E-02  1.005E-02  1.014E-02  1.006E-02  9.945E-03  1.008E-02
  9.994E-03  9.894E-03  9.954E-03  1.007E-02  1.009E-02  1.004E-02  1.008E-02  1.021E-02  1.009E-02  9.974E-03
  1.010E-02  1.000E-02  1.015E-02  1.017E-02  1.006E-02  1.010E-02  1.008E-02  1.002E-02  9.966E-03  9.996E-03
  1.005E-02  9.981E-03  9.993E-03  1.002E-02  1.011E-02  1.012E-02  1.005E-02  1.004E-02  1.009E-02  1.012E-02
  1.009E-02  1.008E-02  1.012E-02  1.001E-02  1.005E-02  1.001E-02  1.011E-02  1.009E-02  1.008E-02  1.009E-02
  1.011E-02  1.009E-02  1.010E-02  1.011E-02  1.005E-02  1.009E-02  1.010E-02  1.016E-02  1.013E-02  1.008E-02
  1.001E-02  1.003E-02  9.958E-03  1.007E-02  9.945E-03  1.010E-02  1.004E-02  1.012E-02  9.975E-03  1.007E-02
  1.021E-02  1.005E-02  1.011E-02  1.003E-02  1.005E-02  1.004E-02  1.010E-02  1.001E-02  1.009E-02  1.017E-02
  1.010E-02  1.009E-02  1.000E-02  1.011E-02  1.013E-02  1.004E-02  1.016E-02  1.011E-02  9.981E-03  1.003E-02
  1.002E-02  1.003E-02  1.008E-02  1.011E-02  1.003E-02  1.008E-02  1.009E-02  1.010E-02  1.007E-02  1.015E-02
  1.011E-02  1.013E-02  1.020E-02  1.016E-02  1.023E-02  1.010E-02  1.017E-02  1.014E-02  1.005E-02  1.008E-02
  1.011E-02  1.015E-02  1.007E-02  1.007E-02  1.004E-02  1.010E-02  9.962E-03  1.002E-02  9.991E-03  9.970E-03
  1.010E-02  1.003E-02  1.001E-02  1.009E-02  1.020E-02  1.013E-02  1.011E-02  1.010E-02  1.015E-02  1.015E-02
  1.004E-02  1.018E-02  1.014E-02  1.012E-02  1.005E-02  1.013E-02  1.009E-02  1.018E-02  1.015E-02  1.011E-02
  1.017E-02  1.001E-02  1.007E-02  1.002E-02  1.009E-02  1.003E-02  1.007E-02  1.009E-02  1.003E-02  1.017E-02
  1.006E-02  1.012E-02  1.011E-02  1.010E-02  1.013E-02  1.016E-02  1.010E-02  1.014E-02  1.017E-02  1.014E-02
  1.022E-02  1.010E-02  1.023E-02  1.014E-02  1.007E-02  1.008E-02  1.003E-02  1.003E-02  9.937E-03  1.008E-02
  1.002E-02  1.003E-02  1.016E-02  1.002E-02  1.013E-02  1.014E-02  1.017E-02  1.016E-02  1.017E-02  1.016E-02
  1.010E-02  1.023E-02  1.018E-02  1.016E-02  1.024E-02  1.021E-02  1.017E-02  1.011E-02  1.016E-02  1.017E-02
  1.014E-02  1.019E-02  1.004E-02  1.010E-02  1.012E-02  1.001E-02  1.019E-02  1.007E-02  1.002E-02  1.010E-02
  1.005E-02  1.022E-02  1.012E-02  1.013E-02  1.015E-02  1.008E-02  1.014E-02  1.013E-02  1.017E-02  1.016E-02
  1.012E-02  1.015E-02  1.019E-02  1.017E-02  1.020E-02  1.013E-02  1.022E-02  1.016E-02  1.021E-02  1.010E-02
  1.011E-02  1.007E-02  1.009E-02  1.009E-02  9.958E-03  1.002E-02  1.003E-02  1.010E-02  1.017E-02  1.020E-02
  1.008E-02  1.025E-02  1.024E-02  1.023E-02  1.029E-02  1.019E-02  1.030E-02  1.029E-02  1.023E-02  1.020E-02
  1.026E-02  1.015E-02  1.023E-02  1.008E-02  1.015E-02  1.019E-02  1.015E-02  1.007E-02  1.009E-02  1.005E-02
  1.006E-02  9.989E-03  1.003E-02  1.008E-02  1.008E-02  1.007E-02  1.004E-02  1.016E-02  1.011E-02  1.014E-02
  1.019E-02  1.018E-02  1.016E-02  1.020E-02  1.024E-02  1.021E-02  1.021E-02  1.019E-02  1.019E-02  1.026E-02
  1.020E-02  1.012E-02  1.014E-02  1.027E-02  1.018E-02  1.014E-02  1.014E-02  1.009E-02  1.008E-02  1.001E-02
  1.005E-02  1.008E-02  1.021E-02  1.014E-02  1.015E-02  1.018E-02  1.021E-02  1.020E-02  1.023E-02  1.022E-02
  1.022E-02  1.015E-02  1.017E-02  1.026E-02  1.030E-02  1.024E-02  1.016E-02  1.022E-02  1.013E-02  1.023E-02
  1.021E-02  1.015E-02  1.014E-02  1.022E-02  1.004E-02  1.013E-02  1.009E-02  1.001E-02  1.016E-02  1.018E-02
  1.005E-02  1.015E-02  1.022E-02  1.023E-02  1.022E-02  1.011E-02  1.023E-02  1.022E-02  1.028E-02  1.015E-02
  1.012E-02  1.024E-02  1.028E-02  1.033E-02  1.028E-02  1.023E-02  1.012E-02  1.009E-02  1.012E-02  1.010E-02
  1.000E-02  9.953E-03  9.987E-03  1.008E-02  1.009E-02  1.003E-02  1.015E-02  1.010E-02  1.016E-02  1.010E-02
  1.020E-02  1.023E-02  1.020E-02  1.026E-02  1.021E-02  1.014E-02  1.025E-02  1.031E-02  1.025E-02  1.022E-02
  1.023E-02  1.021E-02  1.019E-02  1.016E-02  1.003E-02  1.021E-02  1.009E-02  1.012E-02  1.008E-02  1.003E-02
  9.987E-03  1.015E-02  1.014E-02  1.020E-02  1.019E-02  1.020E-02  1.016E-02  1.016E-02  1.022E-02  1.016E-02
  1.018E-02  1.033E-02  1.019E-02  1.025E-02  1.018E-02  1.014E-02  1.019E-02  1.027E-02  1.023E-02  1.009E-02
  1.011E-02  1.009E-02  1.019E-02  1.019E-02  1.014E-02  1.012E-02  1.006E-02  1.004E-02  1.010E-02  1.014E-02
  1.006E-02  1.015E-02  1.013E-02  1.016E-02  1.009E-02  1.020E-02  1.021E-02  1.015E-02  1.029E-02  1.021E-02
  1.023E-02  1.025E-02  1.028E-02  1.025E-02  1.020E-02  1.021E-02  9.981E-03  1.016E-02  1.016E-02  1.011E-02
  1.016E-02  1.009E-02  1.005E-02  9.952E-03  1.003E-02  1.010E-02  1.015E-02  1.015E-02  1.004E-02  1.018E-02
  1.027E-02  1.021E-02  1.015E-02  1.019E-02  1.018E-02  1.029E-02  1.018E-02  1.024E-02  1.013E-02  1.017E-02
  1.014E-02  1.023E-02  1.015E-02  1.020E-02  1.021E-02  1.006E-02  1.013E-02  1.021E-02  1.017E-02  1.007E-02
  1.010E-02  9.984E-03  1.012E-02  1.007E-02  1.006E-02  1.008E-02  1.009E-02  1.012E-02  1.011E-02  1.019E-02
  1.016E-02  1.021E-02  1.012E-02  1.027E-02  1.015E-02  1.010E-02  1.015E-02  1.023E-02  1.021E-02  1.017E-02
  1.006E-02  1.019E-02  1.020E-02  1.021E-02  1.014E-02  1.003E-02  1.011E-02  1.013E-02  1.004E-02  1.003E-02
  9.985E-03  1.015E-02  1.023E-02  1.012E-02  1.012E-02  1.013E-02  1.016E-02  1.022E-02  1.011E-02  1.011E-02
  1.018E-02  1.010E-02  1.020E-02  1.016E-02  1.013E-02  1.012E-02  1.006E-02  1.013E-02  1.013E-02  1.010E-02
  1.007E-02  1.010E-02  1.012E-02  1.007E-02  1.004E-02  9.984E-03  1.004E-02  1.012E-02  1.009E-02  1.011E-02
  1.012E-02  1.010E-02  1.010E-02  1.007E-02  1.012E-02  1.009E-02  1.014E-02  1.019E-02  1.022E-02  1.015E-02
  1.015E-02  1.010E-02  1.008E-02  1.012E-02  1.011E-02  1.007E-02  1.015E-02  1.006E-02  1.001E-02  1.001E-02
  1.008E-02  1.007E-02  9.878E-03  1.011E-02  1.011E-02  1.010E-02  1.003E-02  1.010E-02  1.009E-02  1.011E-02
  1.009E-02  1.017E-02  1.012E-02  1.016E-02  1.020E-02  1.008E-02  1.007E-02  1.005E-02  1.011E-02  1.012E-02
  1.010E-02  1.009E-02  1.006E-02  1.012E-02  9.980E-03  1.007E-02  1.002E-02  1.006E-02  9.995E-03  9.825E-03
  1.002E-02  1.000E-02  1.004E-02  1.009E-02  1.016E-02  1.021E-02  1.011E-02  1.009E-02  1.014E-02  1.006E-02
  1.016E-02  1.013E-02  1.019E-02  1.009E-02  1.015E-02  1.018E-02  1.010E-02  1.018E-02  1.012E-02  1.016E-02
  1.009E-02  1.016E-02  9.976E-03  1.001E-02  1.004E-02  9.998E-03  1.005E-02  1.003E-02  1.002E-02  9.983E-03
  1.017E-02  1.013E-02  1.002E-02  1.012E-02  1.015E-02  1.010E-02  1.008E-02  1.007E-02  1.016E-02  1.014E-02
  1.014E-02  1.012E-02  1.018E-02  1.009E-02  1.012E-02  1.012E-02  1.011E-02  1.001E-02  1.005E-02  1.000E-02
  9.978E-03  9.943E-03  1.003E-02  1.002E-02  1.008E-02  9.981E-03  1.003E-02  1.008E-02  1.004E-02  1.006E-02
  1.012E-02  1.009E-02  1.008E-02  1.003E-02  1.005E-02  1.010E-02  1.001E-02  1.004E-02  1.008E-02  1.017E-02
  1.007E-02  1.011E-02  1.006E-02  1.001E-02  1.019E-02  1.010E-02  9.987E-03  1.008E-02  9.921E-03  1.004E-02
  9.964E-03  9.975E-03  1.005E-02  9.976E-03  1.001E-02  1.001E-02  1.004E-02  1.011E-02  1.009E-02  1.012E-02
  1.015E-02  9.974E-03  1.005E-02  1.013E-02  9.987E-03  1.010E-02  1.004E-02  1.010E-02  1.012E-02  1.010E-02
  9.934E-03  1.002E-02  1.003E-02  1.003E-02  1.008E-02  1.016E-02  1.004E-02  1.000E-02  9.991E-03  1.000E-02
  1.003E-02  1.008E-02  1.013E-02  1.001E-02  1.006E-02  9.978E-03  1.012E-02  1.003E-02  1.014E-02  1.011E-02
  1.009E-02  1.004E-02  1.009E-02  1.002E-02  1.012E-02  1.003E-02  1.009E-02  1.003E-02  1.006E-02  1.002E-02
  9.971E-03  1.010E-02  1.005E-02  1.003E-02

#------------------------------------------------------------------------------
z: xorg(1.03)
p: xfac[c2*0.05] form[c1/0.05] notc noxt noyt dmin(1)
p: ymin(0) ymax(1) xmin(0) xmax(1) cmin(1) cmax(100) nosp
hc: y= 0.005 to 0.995 by 0.01 ; x= 0.5 to 0.5 by 1 ;
 1  2  3  4  5  6  7  8  9 10 11 12 13 14 15 16 17 18 19 20
21 22 23 24 25 26 27 28 29 30 31 32 33 34 35 36 37 38 39 40
41 42 43 44 45 46 47 48 49 50 51 52 53 54 55 56 57 58 59 60
61 62 63 64 65 66 67 68 69 70 71 72 73 74 75 76 77 78 79 80
81 82 83 84 85 86 87 88 89 90 91 92 93 94 95 96 97 98 99 100
z: xorg(0.0)
p: xfac[c2*0.05] form[c1/0.05] nosp afac[c5*0.625] ymin[c3] ymax[c4]
p: noxt noxn ytxt(-1) ynum(-1) xltd(-1) xstd(-1) itic(1) ylog
y: Relative Error
#------------------------------------------------------------------------------

wt: s[c5]
\vspace{-3}
  emin  &=&   1.0000E-09 [MeV]
  emax  &=&   2.5000E+01 [MeV]
  zmin  &=&   9.8380E+01 [cm]
  zmax  &=&   9.8405E+01 [cm]
  part. &=& proton  
e:

#------------------------------------------------------------------------------
z: xorg[-1.03/0.05]
p: form[c1] xfac[c2] afac[c5] nosp notf
p: xmin( -1.350000    ) xmax(  1.350000    )
p: ymin( -1.318500    ) ymax(  1.881500    )

#------------------------------------------------------------------------------
 newpage:
#   no. =  2   ie  =  1   iz  =  2   part. = proton  
#   e = (   1.0000E-09  -   2.5000E+01  )
#   z = (   9.8405E+01  -   9.8430E+01  )

'no. =  2,  ie =  1,  iz =  2'
msuc: {\huge Proton fluence maps through CR39}
msdr: {\it plotted by \ANGEL \version}
msdl: {\it calculated by \PHITS  3.35}

x: x [cm]
y: y [cm]
set: c1[ 1.185] c2[ 0.827] c5[ 0.800] c6[ 0.933] c7[ 0.123] c8[ 0.000]
p: h2fs form[c1] xfac[c2] afac[c5] scal[c6] xorg[c7] yorg[c8] nosp
set: c3[1.0e-4] c4[1.0]
p: cmin[c3] cmax[c4]
p: dmin(1e-31)
p: zlog
p: xmin( -1.350000    ) xmax(  1.350000    )
p: ymin( -1.318500    ) ymax(  1.881500    )
#  ny =  32   nx =  27
# ( ( data(x,y), x = 1, nx ), y = ny, 1, -1 )

hc:  y =   1.831500     to  -1.268500     by  0.1000000     ; x =  -1.300000     to   1.300000     by  0.1000000     ;
  1.027E-02  1.028E-02  1.029E-02  1.028E-02  1.029E-02  1.020E-02  1.022E-02  1.022E-02  1.022E-02  1.021E-02
  1.024E-02  1.024E-02  1.019E-02  1.019E-02  1.021E-02  1.020E-02  1.019E-02  1.021E-02  1.024E-02  1.030E-02
  1.024E-02  1.012E-02  1.027E-02  1.016E-02  1.022E-02  1.028E-02  1.029E-02  1.021E-02  1.018E-02  1.017E-02
  1.024E-02  1.025E-02  1.035E-02  1.028E-02  1.023E-02  1.032E-02  1.023E-02  1.031E-02  1.020E-02  1.020E-02
  1.027E-02  1.031E-02  1.028E-02  1.030E-02  1.035E-02  1.036E-02  1.028E-02  1.031E-02  1.031E-02  1.027E-02
  1.023E-02  1.033E-02  1.033E-02  1.026E-02  1.020E-02  1.024E-02  1.033E-02  1.021E-02  1.027E-02  1.022E-02
  1.027E-02  1.033E-02  1.036E-02  1.021E-02  1.035E-02  1.025E-02  1.030E-02  1.031E-02  1.032E-02  1.028E-02
  1.023E-02  1.017E-02  1.037E-02  1.026E-02  1.029E-02  1.024E-02  1.019E-02  1.020E-02  1.025E-02  1.024E-02
  1.021E-02  1.024E-02  1.031E-02  1.026E-02  1.024E-02  1.025E-02  1.025E-02  1.019E-02  1.034E-02  1.031E-02
  1.027E-02  1.024E-02  1.025E-02  1.030E-02  1.033E-02  1.033E-02  1.025E-02  1.026E-02  1.028E-02  1.026E-02
  1.025E-02  1.028E-02  1.024E-02  1.030E-02  1.030E-02  1.028E-02  1.028E-02  1.036E-02  1.022E-02  1.019E-02
  1.025E-02  1.025E-02  1.027E-02  1.033E-02  1.034E-02  1.031E-02  1.026E-02  1.023E-02  1.033E-02  1.022E-02
  1.032E-02  1.035E-02  1.027E-02  1.031E-02  1.021E-02  1.026E-02  1.030E-02  1.026E-02  1.017E-02  1.038E-02
  1.028E-02  1.036E-02  1.024E-02  1.028E-02  1.025E-02  1.022E-02  1.020E-02  1.037E-02  1.041E-02  1.025E-02
  1.024E-02  1.027E-02  1.028E-02  1.031E-02  1.030E-02  1.034E-02  1.024E-02  1.030E-02  1.032E-02  1.030E-02
  1.032E-02  1.025E-02  1.027E-02  1.027E-02  1.038E-02  1.034E-02  1.024E-02  1.032E-02  1.026E-02  1.026E-02
  1.034E-02  1.021E-02  1.015E-02  1.031E-02  1.024E-02  1.021E-02  1.029E-02  1.034E-02  1.040E-02  1.035E-02
  1.030E-02  1.041E-02  1.033E-02  1.037E-02  1.032E-02  1.025E-02  1.032E-02  1.038E-02  1.036E-02  1.037E-02
  1.034E-02  1.031E-02  1.023E-02  1.027E-02  1.041E-02  1.031E-02  1.038E-02  1.032E-02  1.018E-02  1.034E-02
  1.028E-02  1.015E-02  1.022E-02  1.032E-02  1.036E-02  1.033E-02  1.033E-02  1.049E-02  1.036E-02  1.024E-02
  1.039E-02  1.023E-02  1.041E-02  1.043E-02  1.031E-02  1.037E-02  1.034E-02  1.028E-02  1.024E-02  1.025E-02
  1.029E-02  1.026E-02  1.026E-02  1.028E-02  1.039E-02  1.036E-02  1.028E-02  1.027E-02  1.036E-02  1.039E-02
  1.036E-02  1.034E-02  1.037E-02  1.026E-02  1.032E-02  1.028E-02  1.038E-02  1.039E-02  1.034E-02  1.036E-02
  1.039E-02  1.035E-02  1.036E-02  1.039E-02  1.030E-02  1.035E-02  1.039E-02  1.042E-02  1.040E-02  1.035E-02
  1.028E-02  1.028E-02  1.022E-02  1.034E-02  1.019E-02  1.038E-02  1.029E-02  1.039E-02  1.023E-02  1.034E-02
  1.049E-02  1.032E-02  1.039E-02  1.030E-02  1.030E-02  1.031E-02  1.036E-02  1.025E-02  1.036E-02  1.043E-02
  1.035E-02  1.037E-02  1.028E-02  1.038E-02  1.040E-02  1.030E-02  1.044E-02  1.039E-02  1.024E-02  1.026E-02
  1.029E-02  1.028E-02  1.034E-02  1.039E-02  1.029E-02  1.034E-02  1.037E-02  1.039E-02  1.034E-02  1.042E-02
  1.035E-02  1.041E-02  1.050E-02  1.044E-02  1.050E-02  1.038E-02  1.044E-02  1.044E-02  1.031E-02  1.034E-02
  1.038E-02  1.041E-02  1.036E-02  1.033E-02  1.029E-02  1.035E-02  1.019E-02  1.028E-02  1.028E-02  1.021E-02
  1.037E-02  1.029E-02  1.028E-02  1.036E-02  1.048E-02  1.041E-02  1.039E-02  1.036E-02  1.042E-02  1.041E-02
  1.033E-02  1.048E-02  1.041E-02  1.038E-02  1.031E-02  1.042E-02  1.037E-02  1.046E-02  1.040E-02  1.037E-02
  1.042E-02  1.028E-02  1.032E-02  1.026E-02  1.036E-02  1.031E-02  1.033E-02  1.037E-02  1.030E-02  1.046E-02
  1.032E-02  1.039E-02  1.039E-02  1.038E-02  1.040E-02  1.043E-02  1.036E-02  1.043E-02  1.042E-02  1.045E-02
  1.048E-02  1.037E-02  1.052E-02  1.040E-02  1.033E-02  1.036E-02  1.029E-02  1.030E-02  1.018E-02  1.035E-02
  1.026E-02  1.028E-02  1.045E-02  1.028E-02  1.042E-02  1.041E-02  1.046E-02  1.044E-02  1.046E-02  1.045E-02
  1.038E-02  1.048E-02  1.047E-02  1.040E-02  1.053E-02  1.050E-02  1.044E-02  1.040E-02  1.042E-02  1.045E-02
  1.042E-02  1.045E-02  1.029E-02  1.039E-02  1.039E-02  1.027E-02  1.044E-02  1.030E-02  1.028E-02  1.036E-02
  1.032E-02  1.048E-02  1.038E-02  1.039E-02  1.043E-02  1.035E-02  1.042E-02  1.041E-02  1.046E-02  1.047E-02
  1.041E-02  1.041E-02  1.046E-02  1.044E-02  1.047E-02  1.041E-02  1.046E-02  1.044E-02  1.049E-02  1.037E-02
  1.039E-02  1.035E-02  1.038E-02  1.034E-02  1.020E-02  1.025E-02  1.030E-02  1.034E-02  1.045E-02  1.050E-02
  1.035E-02  1.052E-02  1.051E-02  1.052E-02  1.055E-02  1.050E-02  1.058E-02  1.057E-02  1.053E-02  1.050E-02
  1.054E-02  1.042E-02  1.051E-02  1.035E-02  1.044E-02  1.047E-02  1.044E-02  1.033E-02  1.035E-02  1.031E-02
  1.032E-02  1.021E-02  1.029E-02  1.034E-02  1.033E-02  1.035E-02  1.029E-02  1.043E-02  1.038E-02  1.042E-02
  1.049E-02  1.043E-02  1.044E-02  1.049E-02  1.052E-02  1.049E-02  1.048E-02  1.047E-02  1.048E-02  1.054E-02
  1.044E-02  1.039E-02  1.042E-02  1.055E-02  1.045E-02  1.041E-02  1.041E-02  1.036E-02  1.034E-02  1.026E-02
  1.032E-02  1.036E-02  1.048E-02  1.042E-02  1.041E-02  1.044E-02  1.048E-02  1.048E-02  1.053E-02  1.050E-02
  1.048E-02  1.042E-02  1.045E-02  1.055E-02  1.059E-02  1.052E-02  1.041E-02  1.051E-02  1.039E-02  1.052E-02
  1.050E-02  1.043E-02  1.043E-02  1.050E-02  1.032E-02  1.037E-02  1.033E-02  1.028E-02  1.041E-02  1.048E-02
  1.032E-02  1.043E-02  1.049E-02  1.050E-02  1.049E-02  1.038E-02  1.050E-02  1.050E-02  1.057E-02  1.045E-02
  1.039E-02  1.052E-02  1.055E-02  1.059E-02  1.060E-02  1.051E-02  1.039E-02  1.036E-02  1.038E-02  1.038E-02
  1.030E-02  1.022E-02  1.024E-02  1.033E-02  1.036E-02  1.029E-02  1.046E-02  1.037E-02  1.045E-02  1.039E-02
  1.050E-02  1.051E-02  1.046E-02  1.054E-02  1.047E-02  1.039E-02  1.055E-02  1.058E-02  1.052E-02  1.049E-02
  1.048E-02  1.046E-02  1.046E-02  1.044E-02  1.029E-02  1.048E-02  1.037E-02  1.038E-02  1.034E-02  1.029E-02
  1.024E-02  1.040E-02  1.041E-02  1.046E-02  1.044E-02  1.047E-02  1.041E-02  1.043E-02  1.051E-02  1.042E-02
  1.043E-02  1.061E-02  1.047E-02  1.055E-02  1.042E-02  1.043E-02  1.047E-02  1.055E-02  1.049E-02  1.034E-02
  1.038E-02  1.035E-02  1.046E-02  1.046E-02  1.040E-02  1.037E-02  1.030E-02  1.029E-02  1.036E-02  1.042E-02
  1.032E-02  1.041E-02  1.039E-02  1.044E-02  1.038E-02  1.046E-02  1.049E-02  1.042E-02  1.057E-02  1.049E-02
  1.050E-02  1.053E-02  1.054E-02  1.053E-02  1.050E-02  1.048E-02  1.026E-02  1.043E-02  1.045E-02  1.039E-02
  1.042E-02  1.035E-02  1.031E-02  1.021E-02  1.027E-02  1.036E-02  1.045E-02  1.041E-02  1.027E-02  1.046E-02
  1.055E-02  1.047E-02  1.041E-02  1.045E-02  1.043E-02  1.055E-02  1.044E-02  1.050E-02  1.041E-02  1.043E-02
  1.043E-02  1.051E-02  1.043E-02  1.047E-02  1.050E-02  1.034E-02  1.040E-02  1.046E-02  1.044E-02  1.033E-02
  1.037E-02  1.022E-02  1.039E-02  1.033E-02  1.033E-02  1.036E-02  1.036E-02  1.039E-02  1.037E-02  1.048E-02
  1.044E-02  1.048E-02  1.040E-02  1.056E-02  1.041E-02  1.038E-02  1.043E-02  1.051E-02  1.046E-02  1.045E-02
  1.032E-02  1.045E-02  1.048E-02  1.046E-02  1.040E-02  1.029E-02  1.039E-02  1.039E-02  1.029E-02  1.032E-02
  1.024E-02  1.040E-02  1.050E-02  1.038E-02  1.039E-02  1.040E-02  1.042E-02  1.048E-02  1.037E-02  1.037E-02
  1.046E-02  1.038E-02  1.049E-02  1.044E-02  1.042E-02  1.038E-02  1.032E-02  1.044E-02  1.039E-02  1.037E-02
  1.033E-02  1.035E-02  1.039E-02  1.031E-02  1.030E-02  1.023E-02  1.032E-02  1.038E-02  1.034E-02  1.039E-02
  1.039E-02  1.036E-02  1.037E-02  1.036E-02  1.040E-02  1.034E-02  1.041E-02  1.045E-02  1.051E-02  1.041E-02
  1.042E-02  1.040E-02  1.035E-02  1.040E-02  1.036E-02  1.031E-02  1.044E-02  1.036E-02  1.025E-02  1.026E-02
  1.034E-02  1.033E-02  1.010E-02  1.040E-02  1.040E-02  1.036E-02  1.029E-02  1.037E-02  1.037E-02  1.037E-02
  1.036E-02  1.045E-02  1.040E-02  1.042E-02  1.045E-02  1.036E-02  1.035E-02  1.032E-02  1.037E-02  1.037E-02
  1.036E-02  1.034E-02  1.035E-02  1.037E-02  1.025E-02  1.035E-02  1.031E-02  1.032E-02  1.025E-02  1.007E-02
  1.027E-02  1.025E-02  1.031E-02  1.037E-02  1.042E-02  1.047E-02  1.039E-02  1.034E-02  1.042E-02  1.032E-02
  1.042E-02  1.043E-02  1.046E-02  1.037E-02  1.042E-02  1.047E-02  1.037E-02  1.048E-02  1.038E-02  1.044E-02
  1.035E-02  1.042E-02  1.023E-02  1.027E-02  1.030E-02  1.024E-02  1.029E-02  1.026E-02  1.027E-02  1.023E-02
  1.043E-02  1.039E-02  1.028E-02  1.038E-02  1.042E-02  1.035E-02  1.033E-02  1.033E-02  1.043E-02  1.040E-02
  1.042E-02  1.038E-02  1.047E-02  1.034E-02  1.039E-02  1.038E-02  1.038E-02  1.028E-02  1.030E-02  1.026E-02
  1.025E-02  1.018E-02  1.029E-02  1.027E-02  1.034E-02  1.025E-02  1.028E-02  1.035E-02  1.030E-02  1.035E-02
  1.039E-02  1.036E-02  1.032E-02  1.029E-02  1.031E-02  1.037E-02  1.026E-02  1.030E-02  1.033E-02  1.044E-02
  1.035E-02  1.036E-02  1.033E-02  1.028E-02  1.045E-02  1.039E-02  1.023E-02  1.034E-02  1.019E-02  1.028E-02
  1.019E-02  1.023E-02  1.030E-02  1.024E-02  1.025E-02  1.028E-02  1.032E-02  1.038E-02  1.035E-02  1.039E-02
  1.041E-02  1.023E-02  1.031E-02  1.040E-02  1.025E-02  1.037E-02  1.030E-02  1.038E-02  1.038E-02  1.035E-02
  1.021E-02  1.030E-02  1.028E-02  1.032E-02  1.035E-02  1.041E-02  1.031E-02  1.024E-02  1.026E-02  1.025E-02
  1.027E-02  1.034E-02  1.041E-02  1.027E-02  1.032E-02  1.024E-02  1.038E-02  1.025E-02  1.041E-02  1.036E-02
  1.037E-02  1.031E-02  1.036E-02  1.028E-02  1.038E-02  1.027E-02  1.032E-02  1.028E-02  1.032E-02  1.030E-02
  1.022E-02  1.036E-02  1.031E-02  1.025E-02

#------------------------------------------------------------------------------
z: xorg(1.03)
p: xfac[c2*0.05] form[c1/0.05] notc noxt noyt dmin(1)
p: ymin(0) ymax(1) xmin(0) xmax(1) cmin(1) cmax(100) nosp
hc: y= 0.005 to 0.995 by 0.01 ; x= 0.5 to 0.5 by 1 ;
 1  2  3  4  5  6  7  8  9 10 11 12 13 14 15 16 17 18 19 20
21 22 23 24 25 26 27 28 29 30 31 32 33 34 35 36 37 38 39 40
41 42 43 44 45 46 47 48 49 50 51 52 53 54 55 56 57 58 59 60
61 62 63 64 65 66 67 68 69 70 71 72 73 74 75 76 77 78 79 80
81 82 83 84 85 86 87 88 89 90 91 92 93 94 95 96 97 98 99 100
z: xorg(0.0)
p: xfac[c2*0.05] form[c1/0.05] nosp afac[c5*0.625] ymin[c3] ymax[c4]
p: noxt noxn ytxt(-1) ynum(-1) xltd(-1) xstd(-1) itic(1) ylog
y: Relative Error
#------------------------------------------------------------------------------

wt: s[c5]
\vspace{-3}
  emin  &=&   1.0000E-09 [MeV]
  emax  &=&   2.5000E+01 [MeV]
  zmin  &=&   9.8405E+01 [cm]
  zmax  &=&   9.8430E+01 [cm]
  part. &=& proton  
e:

#------------------------------------------------------------------------------
z: xorg[-1.03/0.05]
p: form[c1] xfac[c2] afac[c5] nosp notf
p: xmin( -1.350000    ) xmax(  1.350000    )
p: ymin( -1.318500    ) ymax(  1.881500    )

#------------------------------------------------------------------------------
 newpage:
#   no. =  3   ie  =  1   iz  =  3   part. = proton  
#   e = (   1.0000E-09  -   2.5000E+01  )
#   z = (   9.8430E+01  -   9.8455E+01  )

'no. =  3,  ie =  1,  iz =  3'
msuc: {\huge Proton fluence maps through CR39}
msdr: {\it plotted by \ANGEL \version}
msdl: {\it calculated by \PHITS  3.35}

x: x [cm]
y: y [cm]
set: c1[ 1.185] c2[ 0.827] c5[ 0.800] c6[ 0.933] c7[ 0.123] c8[ 0.000]
p: h2fs form[c1] xfac[c2] afac[c5] scal[c6] xorg[c7] yorg[c8] nosp
set: c3[1.0e-4] c4[1.0]
p: cmin[c3] cmax[c4]
p: dmin(1e-31)
p: zlog
p: xmin( -1.350000    ) xmax(  1.350000    )
p: ymin( -1.318500    ) ymax(  1.881500    )
#  ny =  32   nx =  27
# ( ( data(x,y), x = 1, nx ), y = ny, 1, -1 )

hc:  y =   1.831500     to  -1.268500     by  0.1000000     ; x =  -1.300000     to   1.300000     by  0.1000000     ;
  1.056E-02  1.061E-02  1.057E-02  1.059E-02  1.059E-02  1.050E-02  1.054E-02  1.051E-02  1.056E-02  1.052E-02
  1.055E-02  1.053E-02  1.051E-02  1.049E-02  1.053E-02  1.050E-02  1.050E-02  1.051E-02  1.052E-02  1.060E-02
  1.055E-02  1.043E-02  1.056E-02  1.045E-02  1.052E-02  1.058E-02  1.061E-02  1.051E-02  1.049E-02  1.049E-02
  1.056E-02  1.058E-02  1.065E-02  1.060E-02  1.055E-02  1.066E-02  1.056E-02  1.062E-02  1.053E-02  1.050E-02
  1.058E-02  1.063E-02  1.062E-02  1.063E-02  1.069E-02  1.069E-02  1.059E-02  1.065E-02  1.061E-02  1.058E-02
  1.056E-02  1.063E-02  1.065E-02  1.056E-02  1.050E-02  1.057E-02  1.064E-02  1.055E-02  1.060E-02  1.052E-02
  1.059E-02  1.066E-02  1.067E-02  1.052E-02  1.068E-02  1.058E-02  1.063E-02  1.062E-02  1.065E-02  1.061E-02
  1.057E-02  1.047E-02  1.068E-02  1.058E-02  1.060E-02  1.056E-02  1.050E-02  1.050E-02  1.056E-02  1.058E-02
  1.055E-02  1.056E-02  1.065E-02  1.059E-02  1.055E-02  1.058E-02  1.057E-02  1.049E-02  1.065E-02  1.065E-02
  1.061E-02  1.056E-02  1.057E-02  1.061E-02  1.063E-02  1.067E-02  1.056E-02  1.061E-02  1.060E-02  1.060E-02
  1.057E-02  1.059E-02  1.057E-02  1.062E-02  1.062E-02  1.060E-02  1.060E-02  1.068E-02  1.051E-02  1.053E-02
  1.056E-02  1.055E-02  1.058E-02  1.064E-02  1.066E-02  1.064E-02  1.055E-02  1.056E-02  1.067E-02  1.055E-02
  1.063E-02  1.067E-02  1.057E-02  1.061E-02  1.052E-02  1.058E-02  1.059E-02  1.059E-02  1.051E-02  1.069E-02
  1.060E-02  1.068E-02  1.056E-02  1.061E-02  1.058E-02  1.053E-02  1.052E-02  1.069E-02  1.073E-02  1.056E-02
  1.058E-02  1.059E-02  1.058E-02  1.064E-02  1.067E-02  1.066E-02  1.058E-02  1.063E-02  1.065E-02  1.062E-02
  1.067E-02  1.059E-02  1.058E-02  1.062E-02  1.070E-02  1.064E-02  1.055E-02  1.064E-02  1.060E-02  1.059E-02
  1.066E-02  1.052E-02  1.045E-02  1.063E-02  1.054E-02  1.055E-02  1.063E-02  1.066E-02  1.074E-02  1.066E-02
  1.063E-02  1.077E-02  1.068E-02  1.069E-02  1.065E-02  1.059E-02  1.068E-02  1.070E-02  1.070E-02  1.072E-02
  1.071E-02  1.062E-02  1.055E-02  1.061E-02  1.073E-02  1.064E-02  1.071E-02  1.065E-02  1.049E-02  1.065E-02
  1.061E-02  1.048E-02  1.056E-02  1.068E-02  1.069E-02  1.066E-02  1.068E-02  1.088E-02  1.069E-02  1.057E-02
  1.074E-02  1.054E-02  1.077E-02  1.075E-02  1.064E-02  1.072E-02  1.070E-02  1.059E-02  1.056E-02  1.058E-02
  1.063E-02  1.059E-02  1.058E-02  1.060E-02  1.073E-02  1.066E-02  1.058E-02  1.059E-02  1.069E-02  1.075E-02
  1.069E-02  1.065E-02  1.068E-02  1.058E-02  1.066E-02  1.059E-02  1.071E-02  1.076E-02  1.068E-02  1.072E-02
  1.074E-02  1.068E-02  1.069E-02  1.073E-02  1.063E-02  1.065E-02  1.076E-02  1.072E-02  1.074E-02  1.067E-02
  1.058E-02  1.063E-02  1.051E-02  1.068E-02  1.051E-02  1.069E-02  1.062E-02  1.072E-02  1.055E-02  1.066E-02
  1.083E-02  1.065E-02  1.076E-02  1.064E-02  1.062E-02  1.063E-02  1.070E-02  1.060E-02  1.070E-02  1.075E-02
  1.068E-02  1.070E-02  1.061E-02  1.070E-02  1.076E-02  1.065E-02  1.076E-02  1.072E-02  1.057E-02  1.056E-02
  1.061E-02  1.062E-02  1.066E-02  1.075E-02  1.064E-02  1.065E-02  1.074E-02  1.073E-02  1.069E-02  1.076E-02
  1.070E-02  1.076E-02  1.085E-02  1.078E-02  1.084E-02  1.072E-02  1.077E-02  1.076E-02  1.065E-02  1.068E-02
  1.069E-02  1.075E-02  1.073E-02  1.069E-02  1.063E-02  1.067E-02  1.049E-02  1.060E-02  1.061E-02  1.052E-02
  1.069E-02  1.060E-02  1.064E-02  1.069E-02  1.082E-02  1.077E-02  1.074E-02  1.069E-02  1.079E-02  1.075E-02
  1.065E-02  1.083E-02  1.076E-02  1.073E-02  1.066E-02  1.076E-02  1.070E-02  1.079E-02  1.071E-02  1.070E-02
  1.077E-02  1.061E-02  1.067E-02  1.057E-02  1.067E-02  1.064E-02  1.066E-02  1.071E-02  1.066E-02  1.080E-02
  1.065E-02  1.074E-02  1.072E-02  1.071E-02  1.076E-02  1.077E-02  1.070E-02  1.077E-02  1.074E-02  1.083E-02
  1.083E-02  1.069E-02  1.087E-02  1.073E-02  1.067E-02  1.071E-02  1.064E-02  1.064E-02  1.050E-02  1.067E-02
  1.059E-02  1.058E-02  1.078E-02  1.063E-02  1.078E-02  1.076E-02  1.078E-02  1.080E-02  1.079E-02  1.076E-02
  1.074E-02  1.081E-02  1.083E-02  1.072E-02  1.087E-02  1.087E-02  1.080E-02  1.075E-02  1.075E-02  1.080E-02
  1.077E-02  1.077E-02  1.064E-02  1.070E-02  1.071E-02  1.061E-02  1.078E-02  1.062E-02  1.059E-02  1.070E-02
  1.063E-02  1.083E-02  1.072E-02  1.072E-02  1.077E-02  1.069E-02  1.076E-02  1.071E-02  1.083E-02  1.083E-02
  1.077E-02  1.077E-02  1.080E-02  1.077E-02  1.078E-02  1.077E-02  1.081E-02  1.078E-02  1.084E-02  1.071E-02
  1.073E-02  1.068E-02  1.070E-02  1.068E-02  1.052E-02  1.058E-02  1.065E-02  1.070E-02  1.077E-02  1.087E-02
  1.071E-02  1.086E-02  1.085E-02  1.086E-02  1.091E-02  1.085E-02  1.092E-02  1.092E-02  1.090E-02  1.083E-02
  1.086E-02  1.076E-02  1.084E-02  1.070E-02  1.077E-02  1.080E-02  1.077E-02  1.064E-02  1.069E-02  1.066E-02
  1.063E-02  1.056E-02  1.062E-02  1.071E-02  1.066E-02  1.071E-02  1.061E-02  1.078E-02  1.073E-02  1.077E-02
  1.084E-02  1.079E-02  1.078E-02  1.083E-02  1.087E-02  1.085E-02  1.084E-02  1.084E-02  1.079E-02  1.089E-02
  1.077E-02  1.075E-02  1.078E-02  1.090E-02  1.080E-02  1.077E-02  1.076E-02  1.069E-02  1.065E-02  1.056E-02
  1.065E-02  1.068E-02  1.082E-02  1.076E-02  1.074E-02  1.074E-02  1.083E-02  1.083E-02  1.085E-02  1.086E-02
  1.083E-02  1.076E-02  1.080E-02  1.090E-02  1.095E-02  1.087E-02  1.073E-02  1.085E-02  1.073E-02  1.088E-02
  1.084E-02  1.077E-02  1.078E-02  1.084E-02  1.066E-02  1.070E-02  1.064E-02  1.062E-02  1.073E-02  1.080E-02
  1.066E-02  1.075E-02  1.084E-02  1.085E-02  1.084E-02  1.075E-02  1.085E-02  1.085E-02  1.093E-02  1.078E-02
  1.073E-02  1.090E-02  1.089E-02  1.096E-02  1.096E-02  1.088E-02  1.074E-02  1.070E-02  1.075E-02  1.072E-02
  1.067E-02  1.055E-02  1.057E-02  1.065E-02  1.067E-02  1.064E-02  1.081E-02  1.072E-02  1.079E-02  1.071E-02
  1.087E-02  1.085E-02  1.078E-02  1.090E-02  1.083E-02  1.071E-02  1.092E-02  1.093E-02  1.089E-02  1.083E-02
  1.082E-02  1.080E-02  1.081E-02  1.080E-02  1.063E-02  1.083E-02  1.068E-02  1.068E-02  1.069E-02  1.063E-02
  1.054E-02  1.073E-02  1.075E-02  1.079E-02  1.078E-02  1.081E-02  1.076E-02  1.076E-02  1.084E-02  1.077E-02
  1.078E-02  1.096E-02  1.083E-02  1.090E-02  1.077E-02  1.077E-02  1.083E-02  1.090E-02  1.080E-02  1.067E-02
  1.071E-02  1.071E-02  1.080E-02  1.080E-02  1.074E-02  1.071E-02  1.063E-02  1.061E-02  1.070E-02  1.077E-02
  1.067E-02  1.076E-02  1.077E-02  1.078E-02  1.072E-02  1.080E-02  1.083E-02  1.078E-02  1.091E-02  1.083E-02
  1.087E-02  1.086E-02  1.093E-02  1.086E-02  1.085E-02  1.083E-02  1.060E-02  1.077E-02  1.079E-02  1.072E-02
  1.078E-02  1.072E-02  1.062E-02  1.052E-02  1.057E-02  1.068E-02  1.080E-02  1.074E-02  1.058E-02  1.080E-02
  1.090E-02  1.081E-02  1.075E-02  1.082E-02  1.078E-02  1.089E-02  1.082E-02  1.086E-02  1.074E-02  1.079E-02
  1.073E-02  1.084E-02  1.078E-02  1.080E-02  1.081E-02  1.067E-02  1.072E-02  1.077E-02  1.078E-02  1.065E-02
  1.070E-02  1.057E-02  1.069E-02  1.066E-02  1.067E-02  1.069E-02  1.071E-02  1.073E-02  1.073E-02  1.083E-02
  1.079E-02  1.083E-02  1.072E-02  1.091E-02  1.075E-02  1.073E-02  1.078E-02  1.087E-02  1.078E-02  1.078E-02
  1.067E-02  1.079E-02  1.085E-02  1.080E-02  1.074E-02  1.064E-02  1.074E-02  1.069E-02  1.058E-02  1.065E-02
  1.059E-02  1.076E-02  1.084E-02  1.074E-02  1.076E-02  1.074E-02  1.075E-02  1.083E-02  1.072E-02  1.071E-02
  1.080E-02  1.072E-02  1.087E-02  1.078E-02  1.077E-02  1.072E-02  1.066E-02  1.079E-02  1.072E-02  1.070E-02
  1.067E-02  1.069E-02  1.072E-02  1.062E-02  1.061E-02  1.054E-02  1.064E-02  1.072E-02  1.068E-02  1.069E-02
  1.074E-02  1.072E-02  1.068E-02  1.069E-02  1.074E-02  1.068E-02  1.075E-02  1.081E-02  1.086E-02  1.074E-02
  1.079E-02  1.074E-02  1.070E-02  1.074E-02  1.069E-02  1.063E-02  1.076E-02  1.069E-02  1.057E-02  1.060E-02
  1.067E-02  1.067E-02  1.039E-02  1.073E-02  1.073E-02  1.067E-02  1.065E-02  1.069E-02  1.071E-02  1.068E-02
  1.071E-02  1.079E-02  1.071E-02  1.075E-02  1.078E-02  1.070E-02  1.070E-02  1.068E-02  1.070E-02  1.071E-02
  1.071E-02  1.068E-02  1.070E-02  1.073E-02  1.060E-02  1.070E-02  1.064E-02  1.064E-02  1.056E-02  1.035E-02
  1.059E-02  1.058E-02  1.064E-02  1.070E-02  1.072E-02  1.083E-02  1.077E-02  1.067E-02  1.076E-02  1.064E-02
  1.075E-02  1.079E-02  1.079E-02  1.071E-02  1.075E-02  1.079E-02  1.072E-02  1.084E-02  1.076E-02  1.076E-02
  1.069E-02  1.078E-02  1.057E-02  1.058E-02  1.063E-02  1.054E-02  1.059E-02  1.059E-02  1.061E-02  1.055E-02
  1.076E-02  1.073E-02  1.063E-02  1.073E-02  1.075E-02  1.069E-02  1.066E-02  1.065E-02  1.078E-02  1.073E-02
  1.074E-02  1.073E-02  1.079E-02  1.065E-02  1.072E-02  1.071E-02  1.073E-02  1.058E-02  1.064E-02  1.059E-02
  1.058E-02  1.048E-02  1.061E-02  1.057E-02  1.067E-02  1.058E-02  1.062E-02  1.069E-02  1.063E-02  1.069E-02
  1.070E-02  1.070E-02  1.065E-02  1.063E-02  1.065E-02  1.071E-02  1.056E-02  1.065E-02  1.067E-02  1.075E-02
  1.071E-02  1.069E-02  1.066E-02  1.064E-02  1.077E-02  1.072E-02  1.054E-02  1.067E-02  1.053E-02  1.059E-02
  1.051E-02  1.056E-02  1.061E-02  1.058E-02  1.055E-02  1.060E-02  1.066E-02  1.074E-02  1.066E-02  1.072E-02
  1.075E-02  1.056E-02  1.066E-02  1.074E-02  1.061E-02  1.068E-02  1.063E-02  1.072E-02  1.072E-02  1.066E-02
  1.055E-02  1.063E-02  1.061E-02  1.064E-02  1.067E-02  1.073E-02  1.064E-02  1.054E-02  1.055E-02  1.057E-02
  1.058E-02  1.066E-02  1.071E-02  1.059E-02  1.065E-02  1.058E-02  1.074E-02  1.058E-02  1.073E-02  1.071E-02
  1.071E-02  1.061E-02  1.067E-02  1.060E-02  1.075E-02  1.062E-02  1.065E-02  1.060E-02  1.063E-02  1.062E-02
  1.053E-02  1.071E-02  1.064E-02  1.058E-02

#------------------------------------------------------------------------------
z: xorg(1.03)
p: xfac[c2*0.05] form[c1/0.05] notc noxt noyt dmin(1)
p: ymin(0) ymax(1) xmin(0) xmax(1) cmin(1) cmax(100) nosp
hc: y= 0.005 to 0.995 by 0.01 ; x= 0.5 to 0.5 by 1 ;
 1  2  3  4  5  6  7  8  9 10 11 12 13 14 15 16 17 18 19 20
21 22 23 24 25 26 27 28 29 30 31 32 33 34 35 36 37 38 39 40
41 42 43 44 45 46 47 48 49 50 51 52 53 54 55 56 57 58 59 60
61 62 63 64 65 66 67 68 69 70 71 72 73 74 75 76 77 78 79 80
81 82 83 84 85 86 87 88 89 90 91 92 93 94 95 96 97 98 99 100
z: xorg(0.0)
p: xfac[c2*0.05] form[c1/0.05] nosp afac[c5*0.625] ymin[c3] ymax[c4]
p: noxt noxn ytxt(-1) ynum(-1) xltd(-1) xstd(-1) itic(1) ylog
y: Relative Error
#------------------------------------------------------------------------------

wt: s[c5]
\vspace{-3}
  emin  &=&   1.0000E-09 [MeV]
  emax  &=&   2.5000E+01 [MeV]
  zmin  &=&   9.8430E+01 [cm]
  zmax  &=&   9.8455E+01 [cm]
  part. &=& proton  
e:

#------------------------------------------------------------------------------
z: xorg[-1.03/0.05]
p: form[c1] xfac[c2] afac[c5] nosp notf
p: xmin( -1.350000    ) xmax(  1.350000    )
p: ymin( -1.318500    ) ymax(  1.881500    )

#------------------------------------------------------------------------------
 newpage:
#   no. =  4   ie  =  1   iz  =  4   part. = proton  
#   e = (   1.0000E-09  -   2.5000E+01  )
#   z = (   9.8455E+01  -   9.8480E+01  )

'no. =  4,  ie =  1,  iz =  4'
msuc: {\huge Proton fluence maps through CR39}
msdr: {\it plotted by \ANGEL \version}
msdl: {\it calculated by \PHITS  3.35}

x: x [cm]
y: y [cm]
set: c1[ 1.185] c2[ 0.827] c5[ 0.800] c6[ 0.933] c7[ 0.123] c8[ 0.000]
p: h2fs form[c1] xfac[c2] afac[c5] scal[c6] xorg[c7] yorg[c8] nosp
set: c3[1.0e-4] c4[1.0]
p: cmin[c3] cmax[c4]
p: dmin(1e-31)
p: zlog
p: xmin( -1.350000    ) xmax(  1.350000    )
p: ymin( -1.318500    ) ymax(  1.881500    )
#  ny =  32   nx =  27
# ( ( data(x,y), x = 1, nx ), y = ny, 1, -1 )

hc:  y =   1.831500     to  -1.268500     by  0.1000000     ; x =  -1.300000     to   1.300000     by  0.1000000     ;
  1.100E-02  1.107E-02  1.103E-02  1.100E-02  1.102E-02  1.089E-02  1.099E-02  1.094E-02  1.100E-02  1.094E-02
  1.098E-02  1.095E-02  1.092E-02  1.092E-02  1.095E-02  1.092E-02  1.094E-02  1.095E-02  1.095E-02  1.106E-02
  1.096E-02  1.084E-02  1.100E-02  1.084E-02  1.096E-02  1.099E-02  1.100E-02  1.094E-02  1.092E-02  1.092E-02
  1.100E-02  1.107E-02  1.112E-02  1.104E-02  1.099E-02  1.112E-02  1.100E-02  1.110E-02  1.098E-02  1.094E-02
  1.104E-02  1.112E-02  1.110E-02  1.110E-02  1.115E-02  1.113E-02  1.104E-02  1.109E-02  1.103E-02  1.102E-02
  1.103E-02  1.107E-02  1.114E-02  1.099E-02  1.093E-02  1.102E-02  1.109E-02  1.099E-02  1.103E-02  1.095E-02
  1.103E-02  1.111E-02  1.116E-02  1.094E-02  1.114E-02  1.103E-02  1.109E-02  1.107E-02  1.110E-02  1.106E-02
  1.104E-02  1.090E-02  1.113E-02  1.106E-02  1.105E-02  1.101E-02  1.093E-02  1.092E-02  1.101E-02  1.100E-02
  1.098E-02  1.100E-02  1.111E-02  1.105E-02  1.100E-02  1.101E-02  1.104E-02  1.094E-02  1.111E-02  1.108E-02
  1.106E-02  1.101E-02  1.104E-02  1.107E-02  1.108E-02  1.111E-02  1.098E-02  1.105E-02  1.105E-02  1.107E-02
  1.098E-02  1.103E-02  1.103E-02  1.105E-02  1.107E-02  1.105E-02  1.105E-02  1.112E-02  1.095E-02  1.097E-02
  1.101E-02  1.099E-02  1.102E-02  1.108E-02  1.111E-02  1.109E-02  1.100E-02  1.102E-02  1.110E-02  1.100E-02
  1.107E-02  1.111E-02  1.103E-02  1.104E-02  1.098E-02  1.106E-02  1.104E-02  1.102E-02  1.098E-02  1.113E-02
  1.103E-02  1.115E-02  1.100E-02  1.103E-02  1.104E-02  1.096E-02  1.098E-02  1.113E-02  1.119E-02  1.102E-02
  1.104E-02  1.103E-02  1.105E-02  1.112E-02  1.110E-02  1.109E-02  1.102E-02  1.108E-02  1.112E-02  1.109E-02
  1.111E-02  1.108E-02  1.103E-02  1.107E-02  1.113E-02  1.112E-02  1.100E-02  1.111E-02  1.107E-02  1.104E-02
  1.114E-02  1.096E-02  1.092E-02  1.107E-02  1.096E-02  1.099E-02  1.110E-02  1.111E-02  1.120E-02  1.111E-02
  1.109E-02  1.125E-02  1.116E-02  1.119E-02  1.112E-02  1.104E-02  1.115E-02  1.115E-02  1.117E-02  1.119E-02
  1.118E-02  1.109E-02  1.100E-02  1.108E-02  1.118E-02  1.109E-02  1.117E-02  1.113E-02  1.092E-02  1.106E-02
  1.107E-02  1.094E-02  1.101E-02  1.112E-02  1.114E-02  1.110E-02  1.114E-02  1.137E-02  1.116E-02  1.105E-02
  1.122E-02  1.103E-02  1.127E-02  1.119E-02  1.110E-02  1.118E-02  1.118E-02  1.104E-02  1.103E-02  1.107E-02
  1.110E-02  1.106E-02  1.102E-02  1.105E-02  1.118E-02  1.110E-02  1.103E-02  1.108E-02  1.116E-02  1.121E-02
  1.113E-02  1.108E-02  1.112E-02  1.104E-02  1.111E-02  1.105E-02  1.116E-02  1.123E-02  1.115E-02  1.118E-02
  1.122E-02  1.115E-02  1.114E-02  1.117E-02  1.109E-02  1.113E-02  1.125E-02  1.117E-02  1.118E-02  1.116E-02
  1.100E-02  1.108E-02  1.094E-02  1.114E-02  1.095E-02  1.114E-02  1.107E-02  1.122E-02  1.102E-02  1.114E-02
  1.130E-02  1.110E-02  1.123E-02  1.114E-02  1.109E-02  1.110E-02  1.118E-02  1.107E-02  1.118E-02  1.120E-02
  1.118E-02  1.114E-02  1.105E-02  1.115E-02  1.126E-02  1.109E-02  1.120E-02  1.120E-02  1.106E-02  1.100E-02
  1.104E-02  1.106E-02  1.113E-02  1.122E-02  1.111E-02  1.110E-02  1.119E-02  1.118E-02  1.117E-02  1.127E-02
  1.115E-02  1.126E-02  1.132E-02  1.124E-02  1.133E-02  1.117E-02  1.124E-02  1.122E-02  1.112E-02  1.116E-02
  1.116E-02  1.119E-02  1.120E-02  1.117E-02  1.110E-02  1.112E-02  1.094E-02  1.105E-02  1.110E-02  1.098E-02
  1.114E-02  1.109E-02  1.113E-02  1.115E-02  1.128E-02  1.125E-02  1.121E-02  1.120E-02  1.128E-02  1.123E-02
  1.110E-02  1.131E-02  1.125E-02  1.123E-02  1.113E-02  1.123E-02  1.118E-02  1.128E-02  1.113E-02  1.116E-02
  1.123E-02  1.107E-02  1.118E-02  1.102E-02  1.109E-02  1.109E-02  1.112E-02  1.118E-02  1.111E-02  1.129E-02
  1.112E-02  1.121E-02  1.117E-02  1.118E-02  1.127E-02  1.123E-02  1.115E-02  1.124E-02  1.121E-02  1.135E-02
  1.128E-02  1.118E-02  1.136E-02  1.124E-02  1.115E-02  1.117E-02  1.113E-02  1.106E-02  1.097E-02  1.116E-02
  1.103E-02  1.104E-02  1.125E-02  1.109E-02  1.129E-02  1.122E-02  1.129E-02  1.130E-02  1.124E-02  1.125E-02
  1.121E-02  1.130E-02  1.131E-02  1.120E-02  1.131E-02  1.134E-02  1.127E-02  1.126E-02  1.126E-02  1.132E-02
  1.125E-02  1.124E-02  1.111E-02  1.116E-02  1.120E-02  1.110E-02  1.126E-02  1.108E-02  1.105E-02  1.115E-02
  1.111E-02  1.131E-02  1.118E-02  1.119E-02  1.125E-02  1.116E-02  1.125E-02  1.123E-02  1.129E-02  1.137E-02
  1.125E-02  1.126E-02  1.132E-02  1.126E-02  1.129E-02  1.124E-02  1.129E-02  1.127E-02  1.132E-02  1.117E-02
  1.119E-02  1.116E-02  1.116E-02  1.115E-02  1.095E-02  1.103E-02  1.115E-02  1.117E-02  1.126E-02  1.133E-02
  1.117E-02  1.136E-02  1.132E-02  1.134E-02  1.140E-02  1.135E-02  1.139E-02  1.142E-02  1.143E-02  1.131E-02
  1.139E-02  1.124E-02  1.131E-02  1.119E-02  1.122E-02  1.128E-02  1.126E-02  1.113E-02  1.116E-02  1.112E-02
  1.108E-02  1.102E-02  1.108E-02  1.115E-02  1.112E-02  1.118E-02  1.109E-02  1.128E-02  1.121E-02  1.122E-02
  1.130E-02  1.129E-02  1.128E-02  1.133E-02  1.137E-02  1.136E-02  1.134E-02  1.132E-02  1.127E-02  1.135E-02
  1.125E-02  1.122E-02  1.122E-02  1.139E-02  1.128E-02  1.124E-02  1.123E-02  1.119E-02  1.110E-02  1.102E-02
  1.108E-02  1.116E-02  1.129E-02  1.124E-02  1.121E-02  1.120E-02  1.130E-02  1.134E-02  1.137E-02  1.137E-02
  1.131E-02  1.125E-02  1.128E-02  1.136E-02  1.147E-02  1.140E-02  1.119E-02  1.134E-02  1.118E-02  1.137E-02
  1.130E-02  1.123E-02  1.126E-02  1.129E-02  1.109E-02  1.118E-02  1.109E-02  1.110E-02  1.118E-02  1.124E-02
  1.117E-02  1.122E-02  1.131E-02  1.132E-02  1.135E-02  1.121E-02  1.134E-02  1.134E-02  1.141E-02  1.127E-02
  1.118E-02  1.135E-02  1.136E-02  1.146E-02  1.149E-02  1.136E-02  1.122E-02  1.116E-02  1.122E-02  1.120E-02
  1.115E-02  1.102E-02  1.101E-02  1.112E-02  1.116E-02  1.113E-02  1.129E-02  1.118E-02  1.126E-02  1.120E-02
  1.137E-02  1.131E-02  1.127E-02  1.138E-02  1.132E-02  1.119E-02  1.138E-02  1.147E-02  1.138E-02  1.134E-02
  1.129E-02  1.128E-02  1.127E-02  1.127E-02  1.109E-02  1.130E-02  1.113E-02  1.119E-02  1.117E-02  1.108E-02
  1.101E-02  1.117E-02  1.121E-02  1.128E-02  1.123E-02  1.130E-02  1.121E-02  1.124E-02  1.130E-02  1.128E-02
  1.127E-02  1.142E-02  1.134E-02  1.137E-02  1.123E-02  1.124E-02  1.133E-02  1.136E-02  1.127E-02  1.116E-02
  1.118E-02  1.118E-02  1.128E-02  1.125E-02  1.123E-02  1.114E-02  1.109E-02  1.106E-02  1.116E-02  1.126E-02
  1.117E-02  1.124E-02  1.128E-02  1.126E-02  1.125E-02  1.125E-02  1.134E-02  1.130E-02  1.139E-02  1.132E-02
  1.135E-02  1.134E-02  1.143E-02  1.133E-02  1.137E-02  1.131E-02  1.106E-02  1.124E-02  1.127E-02  1.119E-02
  1.127E-02  1.119E-02  1.108E-02  1.100E-02  1.101E-02  1.112E-02  1.125E-02  1.121E-02  1.106E-02  1.125E-02
  1.143E-02  1.127E-02  1.121E-02  1.131E-02  1.125E-02  1.135E-02  1.133E-02  1.136E-02  1.122E-02  1.129E-02
  1.120E-02  1.133E-02  1.126E-02  1.126E-02  1.130E-02  1.116E-02  1.117E-02  1.123E-02  1.127E-02  1.111E-02
  1.115E-02  1.102E-02  1.113E-02  1.114E-02  1.116E-02  1.115E-02  1.118E-02  1.122E-02  1.123E-02  1.135E-02
  1.127E-02  1.130E-02  1.121E-02  1.140E-02  1.122E-02  1.121E-02  1.125E-02  1.135E-02  1.127E-02  1.126E-02
  1.116E-02  1.126E-02  1.134E-02  1.127E-02  1.121E-02  1.111E-02  1.120E-02  1.112E-02  1.103E-02  1.109E-02
  1.107E-02  1.122E-02  1.134E-02  1.122E-02  1.121E-02  1.124E-02  1.124E-02  1.129E-02  1.123E-02  1.118E-02
  1.127E-02  1.118E-02  1.135E-02  1.128E-02  1.121E-02  1.121E-02  1.115E-02  1.125E-02  1.116E-02  1.120E-02
  1.117E-02  1.118E-02  1.116E-02  1.107E-02  1.106E-02  1.098E-02  1.108E-02  1.119E-02  1.116E-02  1.117E-02
  1.122E-02  1.118E-02  1.112E-02  1.117E-02  1.122E-02  1.115E-02  1.124E-02  1.133E-02  1.134E-02  1.124E-02
  1.127E-02  1.124E-02  1.123E-02  1.118E-02  1.117E-02  1.111E-02  1.123E-02  1.117E-02  1.104E-02  1.108E-02
  1.112E-02  1.109E-02  1.084E-02  1.121E-02  1.117E-02  1.115E-02  1.114E-02  1.117E-02  1.117E-02  1.117E-02
  1.120E-02  1.127E-02  1.120E-02  1.120E-02  1.126E-02  1.119E-02  1.118E-02  1.116E-02  1.114E-02  1.118E-02
  1.115E-02  1.112E-02  1.115E-02  1.119E-02  1.106E-02  1.114E-02  1.110E-02  1.113E-02  1.101E-02  1.076E-02
  1.106E-02  1.104E-02  1.111E-02  1.115E-02  1.119E-02  1.130E-02  1.124E-02  1.113E-02  1.123E-02  1.109E-02
  1.121E-02  1.131E-02  1.128E-02  1.120E-02  1.125E-02  1.127E-02  1.120E-02  1.129E-02  1.125E-02  1.124E-02
  1.116E-02  1.126E-02  1.103E-02  1.101E-02  1.110E-02  1.102E-02  1.106E-02  1.105E-02  1.106E-02  1.097E-02
  1.122E-02  1.122E-02  1.109E-02  1.120E-02  1.121E-02  1.119E-02  1.114E-02  1.111E-02  1.124E-02  1.121E-02
  1.121E-02  1.123E-02  1.123E-02  1.112E-02  1.118E-02  1.117E-02  1.122E-02  1.104E-02  1.109E-02  1.106E-02
  1.105E-02  1.091E-02  1.107E-02  1.101E-02  1.113E-02  1.103E-02  1.109E-02  1.116E-02  1.107E-02  1.116E-02
  1.119E-02  1.118E-02  1.110E-02  1.107E-02  1.112E-02  1.119E-02  1.100E-02  1.111E-02  1.113E-02  1.122E-02
  1.116E-02  1.118E-02  1.110E-02  1.109E-02  1.122E-02  1.116E-02  1.099E-02  1.113E-02  1.099E-02  1.103E-02
  1.094E-02  1.105E-02  1.103E-02  1.103E-02  1.099E-02  1.104E-02  1.112E-02  1.121E-02  1.112E-02  1.118E-02
  1.120E-02  1.105E-02  1.113E-02  1.120E-02  1.105E-02  1.114E-02  1.110E-02  1.120E-02  1.117E-02  1.110E-02
  1.098E-02  1.109E-02  1.106E-02  1.112E-02  1.111E-02  1.121E-02  1.106E-02  1.096E-02  1.097E-02  1.106E-02
  1.103E-02  1.108E-02  1.116E-02  1.106E-02  1.108E-02  1.103E-02  1.116E-02  1.102E-02  1.120E-02  1.115E-02
  1.118E-02  1.106E-02  1.115E-02  1.104E-02  1.119E-02  1.105E-02  1.112E-02  1.105E-02  1.109E-02  1.105E-02
  1.095E-02  1.117E-02  1.111E-02  1.102E-02

#------------------------------------------------------------------------------
z: xorg(1.03)
p: xfac[c2*0.05] form[c1/0.05] notc noxt noyt dmin(1)
p: ymin(0) ymax(1) xmin(0) xmax(1) cmin(1) cmax(100) nosp
hc: y= 0.005 to 0.995 by 0.01 ; x= 0.5 to 0.5 by 1 ;
 1  2  3  4  5  6  7  8  9 10 11 12 13 14 15 16 17 18 19 20
21 22 23 24 25 26 27 28 29 30 31 32 33 34 35 36 37 38 39 40
41 42 43 44 45 46 47 48 49 50 51 52 53 54 55 56 57 58 59 60
61 62 63 64 65 66 67 68 69 70 71 72 73 74 75 76 77 78 79 80
81 82 83 84 85 86 87 88 89 90 91 92 93 94 95 96 97 98 99 100
z: xorg(0.0)
p: xfac[c2*0.05] form[c1/0.05] nosp afac[c5*0.625] ymin[c3] ymax[c4]
p: noxt noxn ytxt(-1) ynum(-1) xltd(-1) xstd(-1) itic(1) ylog
y: Relative Error
#------------------------------------------------------------------------------

wt: s[c5]
\vspace{-3}
  emin  &=&   1.0000E-09 [MeV]
  emax  &=&   2.5000E+01 [MeV]
  zmin  &=&   9.8455E+01 [cm]
  zmax  &=&   9.8480E+01 [cm]
  part. &=& proton  
e:

#------------------------------------------------------------------------------
z: xorg[-1.03/0.05]
p: form[c1] xfac[c2] afac[c5] nosp notf
p: xmin( -1.350000    ) xmax(  1.350000    )
p: ymin( -1.318500    ) ymax(  1.881500    )

#------------------------------------------------------------------------------
 newpage:
#   no. =  5   ie  =  1   iz  =  5   part. = proton  
#   e = (   1.0000E-09  -   2.5000E+01  )
#   z = (   9.8480E+01  -   9.8505E+01  )

'no. =  5,  ie =  1,  iz =  5'
msuc: {\huge Proton fluence maps through CR39}
msdr: {\it plotted by \ANGEL \version}
msdl: {\it calculated by \PHITS  3.35}

x: x [cm]
y: y [cm]
set: c1[ 1.185] c2[ 0.827] c5[ 0.800] c6[ 0.933] c7[ 0.123] c8[ 0.000]
p: h2fs form[c1] xfac[c2] afac[c5] scal[c6] xorg[c7] yorg[c8] nosp
set: c3[1.0e-4] c4[1.0]
p: cmin[c3] cmax[c4]
p: dmin(1e-31)
p: zlog
p: xmin( -1.350000    ) xmax(  1.350000    )
p: ymin( -1.318500    ) ymax(  1.881500    )
#  ny =  32   nx =  27
# ( ( data(x,y), x = 1, nx ), y = ny, 1, -1 )

hc:  y =   1.831500     to  -1.268500     by  0.1000000     ; x =  -1.300000     to   1.300000     by  0.1000000     ;
  1.151E-02  1.161E-02  1.160E-02  1.155E-02  1.151E-02  1.144E-02  1.154E-02  1.150E-02  1.154E-02  1.147E-02
  1.152E-02  1.149E-02  1.144E-02  1.145E-02  1.148E-02  1.148E-02  1.145E-02  1.148E-02  1.152E-02  1.157E-02
  1.149E-02  1.132E-02  1.151E-02  1.139E-02  1.148E-02  1.154E-02  1.154E-02  1.146E-02  1.145E-02  1.145E-02
  1.153E-02  1.164E-02  1.168E-02  1.164E-02  1.154E-02  1.168E-02  1.154E-02  1.168E-02  1.152E-02  1.149E-02
  1.160E-02  1.170E-02  1.164E-02  1.169E-02  1.169E-02  1.169E-02  1.164E-02  1.164E-02  1.156E-02  1.158E-02
  1.157E-02  1.161E-02  1.172E-02  1.152E-02  1.150E-02  1.157E-02  1.165E-02  1.160E-02  1.159E-02  1.150E-02
  1.157E-02  1.169E-02  1.172E-02  1.149E-02  1.169E-02  1.161E-02  1.163E-02  1.163E-02  1.169E-02  1.162E-02
  1.160E-02  1.143E-02  1.167E-02  1.158E-02  1.162E-02  1.154E-02  1.146E-02  1.145E-02  1.159E-02  1.155E-02
  1.152E-02  1.156E-02  1.170E-02  1.160E-02  1.154E-02  1.153E-02  1.161E-02  1.150E-02  1.165E-02  1.161E-02
  1.157E-02  1.160E-02  1.157E-02  1.164E-02  1.163E-02  1.165E-02  1.154E-02  1.163E-02  1.161E-02  1.159E-02
  1.153E-02  1.160E-02  1.155E-02  1.159E-02  1.161E-02  1.159E-02  1.160E-02  1.167E-02  1.150E-02  1.154E-02
  1.159E-02  1.156E-02  1.155E-02  1.162E-02  1.169E-02  1.162E-02  1.158E-02  1.159E-02  1.166E-02  1.156E-02
  1.163E-02  1.168E-02  1.158E-02  1.156E-02  1.156E-02  1.161E-02  1.159E-02  1.157E-02  1.150E-02  1.168E-02
  1.161E-02  1.172E-02  1.156E-02  1.157E-02  1.159E-02  1.152E-02  1.153E-02  1.169E-02  1.176E-02  1.161E-02
  1.161E-02  1.162E-02  1.159E-02  1.167E-02  1.165E-02  1.165E-02  1.161E-02  1.167E-02  1.167E-02  1.163E-02
  1.168E-02  1.168E-02  1.160E-02  1.162E-02  1.167E-02  1.172E-02  1.156E-02  1.165E-02  1.165E-02  1.160E-02
  1.173E-02  1.150E-02  1.147E-02  1.164E-02  1.148E-02  1.156E-02  1.162E-02  1.165E-02  1.176E-02  1.166E-02
  1.166E-02  1.183E-02  1.172E-02  1.173E-02  1.173E-02  1.158E-02  1.172E-02  1.175E-02  1.177E-02  1.177E-02
  1.174E-02  1.163E-02  1.155E-02  1.166E-02  1.174E-02  1.163E-02  1.172E-02  1.169E-02  1.145E-02  1.162E-02
  1.162E-02  1.150E-02  1.158E-02  1.166E-02  1.171E-02  1.166E-02  1.169E-02  1.195E-02  1.178E-02  1.163E-02
  1.179E-02  1.160E-02  1.188E-02  1.176E-02  1.167E-02  1.178E-02  1.179E-02  1.162E-02  1.163E-02  1.162E-02
  1.165E-02  1.160E-02  1.158E-02  1.163E-02  1.175E-02  1.164E-02  1.160E-02  1.170E-02  1.173E-02  1.174E-02
  1.172E-02  1.162E-02  1.173E-02  1.157E-02  1.174E-02  1.160E-02  1.174E-02  1.177E-02  1.171E-02  1.175E-02
  1.180E-02  1.176E-02  1.168E-02  1.172E-02  1.166E-02  1.170E-02  1.184E-02  1.174E-02  1.174E-02  1.176E-02
  1.153E-02  1.163E-02  1.149E-02  1.167E-02  1.148E-02  1.170E-02  1.166E-02  1.176E-02  1.160E-02  1.169E-02
  1.190E-02  1.165E-02  1.177E-02  1.171E-02  1.168E-02  1.170E-02  1.175E-02  1.165E-02  1.179E-02  1.181E-02
  1.178E-02  1.170E-02  1.163E-02  1.172E-02  1.183E-02  1.162E-02  1.178E-02  1.176E-02  1.165E-02  1.154E-02
  1.160E-02  1.160E-02  1.172E-02  1.182E-02  1.168E-02  1.168E-02  1.175E-02  1.178E-02  1.174E-02  1.188E-02
  1.171E-02  1.182E-02  1.193E-02  1.179E-02  1.191E-02  1.175E-02  1.182E-02  1.183E-02  1.166E-02  1.172E-02
  1.172E-02  1.175E-02  1.176E-02  1.176E-02  1.163E-02  1.169E-02  1.152E-02  1.161E-02  1.171E-02  1.156E-02
  1.173E-02  1.164E-02  1.173E-02  1.172E-02  1.189E-02  1.183E-02  1.178E-02  1.175E-02  1.187E-02  1.183E-02
  1.168E-02  1.191E-02  1.184E-02  1.184E-02  1.170E-02  1.185E-02  1.175E-02  1.183E-02  1.172E-02  1.174E-02
  1.181E-02  1.164E-02  1.178E-02  1.155E-02  1.164E-02  1.169E-02  1.164E-02  1.179E-02  1.169E-02  1.188E-02
  1.172E-02  1.177E-02  1.174E-02  1.177E-02  1.184E-02  1.182E-02  1.172E-02  1.183E-02  1.183E-02  1.197E-02
  1.182E-02  1.176E-02  1.195E-02  1.184E-02  1.171E-02  1.175E-02  1.168E-02  1.162E-02  1.153E-02  1.170E-02
  1.159E-02  1.160E-02  1.186E-02  1.167E-02  1.186E-02  1.180E-02  1.187E-02  1.187E-02  1.180E-02  1.183E-02
  1.179E-02  1.188E-02  1.191E-02  1.179E-02  1.190E-02  1.191E-02  1.185E-02  1.185E-02  1.185E-02  1.189E-02
  1.181E-02  1.180E-02  1.170E-02  1.172E-02  1.178E-02  1.172E-02  1.184E-02  1.164E-02  1.158E-02  1.171E-02
  1.171E-02  1.188E-02  1.176E-02  1.179E-02  1.183E-02  1.174E-02  1.184E-02  1.185E-02  1.190E-02  1.198E-02
  1.187E-02  1.186E-02  1.193E-02  1.183E-02  1.191E-02  1.184E-02  1.187E-02  1.186E-02  1.188E-02  1.174E-02
  1.177E-02  1.175E-02  1.172E-02  1.172E-02  1.154E-02  1.161E-02  1.175E-02  1.178E-02  1.187E-02  1.189E-02
  1.175E-02  1.198E-02  1.194E-02  1.192E-02  1.201E-02  1.190E-02  1.202E-02  1.202E-02  1.201E-02  1.191E-02
  1.198E-02  1.181E-02  1.194E-02  1.174E-02  1.183E-02  1.186E-02  1.182E-02  1.172E-02  1.177E-02  1.165E-02
  1.167E-02  1.159E-02  1.163E-02  1.173E-02  1.171E-02  1.174E-02  1.167E-02  1.190E-02  1.182E-02  1.185E-02
  1.188E-02  1.187E-02  1.187E-02  1.195E-02  1.196E-02  1.195E-02  1.192E-02  1.191E-02  1.184E-02  1.195E-02
  1.182E-02  1.181E-02  1.183E-02  1.196E-02  1.186E-02  1.179E-02  1.183E-02  1.176E-02  1.164E-02  1.157E-02
  1.164E-02  1.176E-02  1.187E-02  1.183E-02  1.178E-02  1.180E-02  1.187E-02  1.193E-02  1.198E-02  1.199E-02
  1.193E-02  1.186E-02  1.185E-02  1.197E-02  1.206E-02  1.201E-02  1.181E-02  1.194E-02  1.175E-02  1.197E-02
  1.186E-02  1.183E-02  1.181E-02  1.189E-02  1.164E-02  1.170E-02  1.163E-02  1.167E-02  1.172E-02  1.182E-02
  1.175E-02  1.181E-02  1.190E-02  1.190E-02  1.195E-02  1.179E-02  1.195E-02  1.195E-02  1.202E-02  1.187E-02
  1.179E-02  1.196E-02  1.197E-02  1.205E-02  1.213E-02  1.196E-02  1.180E-02  1.176E-02  1.177E-02  1.180E-02
  1.171E-02  1.159E-02  1.158E-02  1.168E-02  1.171E-02  1.169E-02  1.188E-02  1.173E-02  1.187E-02  1.177E-02
  1.195E-02  1.193E-02  1.189E-02  1.197E-02  1.192E-02  1.180E-02  1.196E-02  1.209E-02  1.199E-02  1.193E-02
  1.188E-02  1.187E-02  1.186E-02  1.186E-02  1.165E-02  1.188E-02  1.167E-02  1.177E-02  1.178E-02  1.167E-02
  1.154E-02  1.174E-02  1.178E-02  1.183E-02  1.178E-02  1.186E-02  1.180E-02  1.185E-02  1.189E-02  1.186E-02
  1.187E-02  1.202E-02  1.192E-02  1.199E-02  1.182E-02  1.184E-02  1.194E-02  1.193E-02  1.186E-02  1.176E-02
  1.176E-02  1.177E-02  1.182E-02  1.184E-02  1.182E-02  1.168E-02  1.167E-02  1.157E-02  1.170E-02  1.187E-02
  1.172E-02  1.181E-02  1.184E-02  1.184E-02  1.186E-02  1.184E-02  1.192E-02  1.188E-02  1.201E-02  1.190E-02
  1.199E-02  1.198E-02  1.202E-02  1.191E-02  1.200E-02  1.191E-02  1.167E-02  1.179E-02  1.183E-02  1.178E-02
  1.188E-02  1.176E-02  1.165E-02  1.156E-02  1.158E-02  1.166E-02  1.183E-02  1.173E-02  1.165E-02  1.181E-02
  1.205E-02  1.187E-02  1.178E-02  1.190E-02  1.189E-02  1.194E-02  1.192E-02  1.192E-02  1.179E-02  1.189E-02
  1.178E-02  1.192E-02  1.187E-02  1.184E-02  1.188E-02  1.171E-02  1.173E-02  1.182E-02  1.183E-02  1.165E-02
  1.171E-02  1.157E-02  1.171E-02  1.169E-02  1.170E-02  1.174E-02  1.175E-02  1.181E-02  1.182E-02  1.196E-02
  1.181E-02  1.188E-02  1.174E-02  1.200E-02  1.183E-02  1.179E-02  1.183E-02  1.192E-02  1.186E-02  1.183E-02
  1.173E-02  1.185E-02  1.190E-02  1.185E-02  1.180E-02  1.162E-02  1.179E-02  1.165E-02  1.159E-02  1.168E-02
  1.164E-02  1.176E-02  1.192E-02  1.182E-02  1.180E-02  1.182E-02  1.189E-02  1.186E-02  1.181E-02  1.177E-02
  1.191E-02  1.177E-02  1.192E-02  1.187E-02  1.182E-02  1.181E-02  1.178E-02  1.187E-02  1.177E-02  1.179E-02
  1.177E-02  1.178E-02  1.171E-02  1.168E-02  1.167E-02  1.155E-02  1.162E-02  1.177E-02  1.175E-02  1.178E-02
  1.181E-02  1.179E-02  1.167E-02  1.175E-02  1.180E-02  1.170E-02  1.182E-02  1.192E-02  1.190E-02  1.183E-02
  1.186E-02  1.182E-02  1.183E-02  1.180E-02  1.172E-02  1.167E-02  1.182E-02  1.175E-02  1.164E-02  1.165E-02
  1.172E-02  1.161E-02  1.140E-02  1.180E-02  1.170E-02  1.172E-02  1.174E-02  1.174E-02  1.176E-02  1.177E-02
  1.180E-02  1.189E-02  1.179E-02  1.180E-02  1.185E-02  1.178E-02  1.176E-02  1.176E-02  1.170E-02  1.173E-02
  1.177E-02  1.168E-02  1.173E-02  1.177E-02  1.160E-02  1.169E-02  1.167E-02  1.171E-02  1.154E-02  1.128E-02
  1.163E-02  1.158E-02  1.164E-02  1.171E-02  1.172E-02  1.188E-02  1.183E-02  1.172E-02  1.178E-02  1.166E-02
  1.181E-02  1.193E-02  1.188E-02  1.180E-02  1.182E-02  1.187E-02  1.179E-02  1.189E-02  1.186E-02  1.183E-02
  1.174E-02  1.186E-02  1.161E-02  1.156E-02  1.165E-02  1.157E-02  1.162E-02  1.160E-02  1.164E-02  1.156E-02
  1.179E-02  1.182E-02  1.169E-02  1.176E-02  1.178E-02  1.178E-02  1.171E-02  1.169E-02  1.185E-02  1.183E-02
  1.179E-02  1.184E-02  1.180E-02  1.170E-02  1.174E-02  1.174E-02  1.179E-02  1.161E-02  1.163E-02  1.164E-02
  1.161E-02  1.146E-02  1.164E-02  1.155E-02  1.171E-02  1.157E-02  1.166E-02  1.173E-02  1.166E-02  1.175E-02
  1.176E-02  1.170E-02  1.165E-02  1.165E-02  1.172E-02  1.175E-02  1.153E-02  1.172E-02  1.169E-02  1.179E-02
  1.173E-02  1.173E-02  1.167E-02  1.164E-02  1.184E-02  1.173E-02  1.150E-02  1.170E-02  1.154E-02  1.153E-02
  1.149E-02  1.161E-02  1.161E-02  1.156E-02  1.155E-02  1.159E-02  1.169E-02  1.178E-02  1.169E-02  1.178E-02
  1.179E-02  1.162E-02  1.168E-02  1.177E-02  1.158E-02  1.173E-02  1.167E-02  1.179E-02  1.176E-02  1.165E-02
  1.154E-02  1.168E-02  1.166E-02  1.174E-02  1.166E-02  1.178E-02  1.163E-02  1.149E-02  1.153E-02  1.161E-02
  1.156E-02  1.165E-02  1.171E-02  1.161E-02  1.163E-02  1.163E-02  1.170E-02  1.155E-02  1.176E-02  1.173E-02
  1.172E-02  1.162E-02  1.170E-02  1.161E-02  1.176E-02  1.162E-02  1.169E-02  1.159E-02  1.168E-02  1.158E-02
  1.149E-02  1.170E-02  1.164E-02  1.158E-02

#------------------------------------------------------------------------------
z: xorg(1.03)
p: xfac[c2*0.05] form[c1/0.05] notc noxt noyt dmin(1)
p: ymin(0) ymax(1) xmin(0) xmax(1) cmin(1) cmax(100) nosp
hc: y= 0.005 to 0.995 by 0.01 ; x= 0.5 to 0.5 by 1 ;
 1  2  3  4  5  6  7  8  9 10 11 12 13 14 15 16 17 18 19 20
21 22 23 24 25 26 27 28 29 30 31 32 33 34 35 36 37 38 39 40
41 42 43 44 45 46 47 48 49 50 51 52 53 54 55 56 57 58 59 60
61 62 63 64 65 66 67 68 69 70 71 72 73 74 75 76 77 78 79 80
81 82 83 84 85 86 87 88 89 90 91 92 93 94 95 96 97 98 99 100
z: xorg(0.0)
p: xfac[c2*0.05] form[c1/0.05] nosp afac[c5*0.625] ymin[c3] ymax[c4]
p: noxt noxn ytxt(-1) ynum(-1) xltd(-1) xstd(-1) itic(1) ylog
y: Relative Error
#------------------------------------------------------------------------------

wt: s[c5]
\vspace{-3}
  emin  &=&   1.0000E-09 [MeV]
  emax  &=&   2.5000E+01 [MeV]
  zmin  &=&   9.8480E+01 [cm]
  zmax  &=&   9.8505E+01 [cm]
  part. &=& proton  
e:

#------------------------------------------------------------------------------
z: xorg[-1.03/0.05]
p: form[c1] xfac[c2] afac[c5] nosp notf
p: xmin( -1.350000    ) xmax(  1.350000    )
p: ymin( -1.318500    ) ymax(  1.881500    )

#------------------------------------------------------------------------------
 newpage:
#   no. =  6   ie  =  1   iz  =  6   part. = proton  
#   e = (   1.0000E-09  -   2.5000E+01  )
#   z = (   9.8505E+01  -   9.8530E+01  )

'no. =  6,  ie =  1,  iz =  6'
msuc: {\huge Proton fluence maps through CR39}
msdr: {\it plotted by \ANGEL \version}
msdl: {\it calculated by \PHITS  3.35}

x: x [cm]
y: y [cm]
set: c1[ 1.185] c2[ 0.827] c5[ 0.800] c6[ 0.933] c7[ 0.123] c8[ 0.000]
p: h2fs form[c1] xfac[c2] afac[c5] scal[c6] xorg[c7] yorg[c8] nosp
set: c3[1.0e-4] c4[1.0]
p: cmin[c3] cmax[c4]
p: dmin(1e-31)
p: zlog
p: xmin( -1.350000    ) xmax(  1.350000    )
p: ymin( -1.318500    ) ymax(  1.881500    )
#  ny =  32   nx =  27
# ( ( data(x,y), x = 1, nx ), y = ny, 1, -1 )

hc:  y =   1.831500     to  -1.268500     by  0.1000000     ; x =  -1.300000     to   1.300000     by  0.1000000     ;
  1.221E-02  1.232E-02  1.233E-02  1.230E-02  1.225E-02  1.218E-02  1.224E-02  1.222E-02  1.228E-02  1.218E-02
  1.220E-02  1.223E-02  1.218E-02  1.220E-02  1.222E-02  1.222E-02  1.214E-02  1.221E-02  1.222E-02  1.233E-02
  1.222E-02  1.202E-02  1.222E-02  1.211E-02  1.218E-02  1.230E-02  1.222E-02  1.219E-02  1.220E-02  1.221E-02
  1.231E-02  1.241E-02  1.247E-02  1.239E-02  1.226E-02  1.244E-02  1.228E-02  1.243E-02  1.224E-02  1.221E-02
  1.235E-02  1.246E-02  1.240E-02  1.247E-02  1.245E-02  1.247E-02  1.243E-02  1.235E-02  1.230E-02  1.232E-02
  1.228E-02  1.231E-02  1.248E-02  1.222E-02  1.226E-02  1.230E-02  1.239E-02  1.233E-02  1.238E-02  1.225E-02
  1.234E-02  1.245E-02  1.243E-02  1.222E-02  1.242E-02  1.238E-02  1.239E-02  1.238E-02  1.247E-02  1.236E-02
  1.234E-02  1.217E-02  1.242E-02  1.235E-02  1.242E-02  1.224E-02  1.220E-02  1.219E-02  1.236E-02  1.229E-02
  1.225E-02  1.231E-02  1.250E-02  1.236E-02  1.230E-02  1.221E-02  1.238E-02  1.226E-02  1.235E-02  1.240E-02
  1.233E-02  1.233E-02  1.231E-02  1.238E-02  1.239E-02  1.241E-02  1.228E-02  1.243E-02  1.238E-02  1.229E-02
  1.231E-02  1.238E-02  1.233E-02  1.230E-02  1.237E-02  1.235E-02  1.232E-02  1.244E-02  1.227E-02  1.230E-02
  1.232E-02  1.229E-02  1.231E-02  1.238E-02  1.247E-02  1.240E-02  1.231E-02  1.236E-02  1.244E-02  1.233E-02
  1.243E-02  1.241E-02  1.234E-02  1.229E-02  1.235E-02  1.238E-02  1.237E-02  1.226E-02  1.226E-02  1.246E-02
  1.233E-02  1.248E-02  1.232E-02  1.235E-02  1.233E-02  1.223E-02  1.230E-02  1.241E-02  1.249E-02  1.240E-02
  1.239E-02  1.240E-02  1.233E-02  1.242E-02  1.237E-02  1.246E-02  1.236E-02  1.245E-02  1.242E-02  1.239E-02
  1.248E-02  1.245E-02  1.237E-02  1.240E-02  1.241E-02  1.247E-02  1.230E-02  1.241E-02  1.243E-02  1.233E-02
  1.247E-02  1.226E-02  1.223E-02  1.240E-02  1.223E-02  1.232E-02  1.240E-02  1.237E-02  1.253E-02  1.248E-02
  1.242E-02  1.261E-02  1.248E-02  1.252E-02  1.250E-02  1.237E-02  1.250E-02  1.249E-02  1.256E-02  1.253E-02
  1.251E-02  1.241E-02  1.227E-02  1.245E-02  1.253E-02  1.240E-02  1.250E-02  1.243E-02  1.220E-02  1.238E-02
  1.237E-02  1.223E-02  1.231E-02  1.243E-02  1.248E-02  1.242E-02  1.250E-02  1.273E-02  1.256E-02  1.237E-02
  1.257E-02  1.238E-02  1.267E-02  1.254E-02  1.244E-02  1.256E-02  1.257E-02  1.240E-02  1.240E-02  1.238E-02
  1.242E-02  1.238E-02  1.234E-02  1.241E-02  1.257E-02  1.236E-02  1.233E-02  1.247E-02  1.250E-02  1.246E-02
  1.252E-02  1.242E-02  1.250E-02  1.232E-02  1.256E-02  1.234E-02  1.251E-02  1.254E-02  1.247E-02  1.249E-02
  1.260E-02  1.254E-02  1.248E-02  1.253E-02  1.244E-02  1.247E-02  1.263E-02  1.248E-02  1.252E-02  1.252E-02
  1.226E-02  1.236E-02  1.222E-02  1.241E-02  1.220E-02  1.250E-02  1.242E-02  1.252E-02  1.239E-02  1.247E-02
  1.260E-02  1.243E-02  1.255E-02  1.247E-02  1.247E-02  1.251E-02  1.251E-02  1.245E-02  1.258E-02  1.261E-02
  1.255E-02  1.250E-02  1.235E-02  1.246E-02  1.261E-02  1.239E-02  1.256E-02  1.254E-02  1.242E-02  1.225E-02
  1.231E-02  1.236E-02  1.248E-02  1.257E-02  1.246E-02  1.245E-02  1.249E-02  1.253E-02  1.250E-02  1.269E-02
  1.249E-02  1.260E-02  1.274E-02  1.252E-02  1.270E-02  1.251E-02  1.265E-02  1.265E-02  1.240E-02  1.251E-02
  1.254E-02  1.254E-02  1.251E-02  1.254E-02  1.241E-02  1.244E-02  1.227E-02  1.239E-02  1.248E-02  1.234E-02
  1.248E-02  1.240E-02  1.252E-02  1.247E-02  1.267E-02  1.262E-02  1.258E-02  1.251E-02  1.263E-02  1.263E-02
  1.247E-02  1.270E-02  1.263E-02  1.263E-02  1.243E-02  1.264E-02  1.254E-02  1.262E-02  1.254E-02  1.254E-02
  1.256E-02  1.241E-02  1.257E-02  1.234E-02  1.242E-02  1.249E-02  1.241E-02  1.254E-02  1.248E-02  1.268E-02
  1.250E-02  1.252E-02  1.251E-02  1.259E-02  1.260E-02  1.260E-02  1.250E-02  1.260E-02  1.266E-02  1.273E-02
  1.267E-02  1.255E-02  1.277E-02  1.262E-02  1.250E-02  1.253E-02  1.247E-02  1.239E-02  1.227E-02  1.248E-02
  1.233E-02  1.235E-02  1.265E-02  1.246E-02  1.265E-02  1.259E-02  1.264E-02  1.267E-02  1.262E-02  1.262E-02
  1.256E-02  1.263E-02  1.272E-02  1.258E-02  1.271E-02  1.274E-02  1.263E-02  1.263E-02  1.258E-02  1.271E-02
  1.261E-02  1.257E-02  1.247E-02  1.252E-02  1.256E-02  1.251E-02  1.260E-02  1.239E-02  1.237E-02  1.249E-02
  1.250E-02  1.269E-02  1.257E-02  1.256E-02  1.263E-02  1.252E-02  1.262E-02  1.264E-02  1.276E-02  1.275E-02
  1.268E-02  1.265E-02  1.272E-02  1.263E-02  1.272E-02  1.262E-02  1.266E-02  1.265E-02  1.264E-02  1.252E-02
  1.258E-02  1.247E-02  1.251E-02  1.255E-02  1.228E-02  1.235E-02  1.251E-02  1.258E-02  1.265E-02  1.269E-02
  1.255E-02  1.280E-02  1.273E-02  1.275E-02  1.283E-02  1.269E-02  1.283E-02  1.282E-02  1.281E-02  1.272E-02
  1.278E-02  1.257E-02  1.276E-02  1.249E-02  1.258E-02  1.263E-02  1.261E-02  1.254E-02  1.256E-02  1.244E-02
  1.244E-02  1.235E-02  1.239E-02  1.248E-02  1.252E-02  1.253E-02  1.243E-02  1.271E-02  1.261E-02  1.268E-02
  1.262E-02  1.266E-02  1.266E-02  1.275E-02  1.275E-02  1.272E-02  1.270E-02  1.271E-02  1.265E-02  1.273E-02
  1.261E-02  1.262E-02  1.261E-02  1.273E-02  1.267E-02  1.258E-02  1.257E-02  1.256E-02  1.238E-02  1.232E-02
  1.244E-02  1.253E-02  1.262E-02  1.261E-02  1.259E-02  1.261E-02  1.267E-02  1.271E-02  1.274E-02  1.280E-02
  1.272E-02  1.267E-02  1.265E-02  1.278E-02  1.286E-02  1.283E-02  1.264E-02  1.272E-02  1.255E-02  1.282E-02
  1.267E-02  1.264E-02  1.259E-02  1.269E-02  1.238E-02  1.248E-02  1.245E-02  1.244E-02  1.242E-02  1.264E-02
  1.256E-02  1.266E-02  1.269E-02  1.271E-02  1.276E-02  1.261E-02  1.276E-02  1.277E-02  1.287E-02  1.273E-02
  1.258E-02  1.277E-02  1.279E-02  1.279E-02  1.297E-02  1.279E-02  1.262E-02  1.258E-02  1.254E-02  1.260E-02
  1.248E-02  1.232E-02  1.232E-02  1.244E-02  1.250E-02  1.247E-02  1.266E-02  1.252E-02  1.268E-02  1.256E-02
  1.274E-02  1.270E-02  1.272E-02  1.278E-02  1.276E-02  1.262E-02  1.275E-02  1.289E-02  1.284E-02  1.274E-02
  1.271E-02  1.270E-02  1.270E-02  1.262E-02  1.243E-02  1.269E-02  1.244E-02  1.254E-02  1.257E-02  1.240E-02
  1.234E-02  1.252E-02  1.252E-02  1.260E-02  1.256E-02  1.261E-02  1.262E-02  1.264E-02  1.270E-02  1.266E-02
  1.270E-02  1.288E-02  1.271E-02  1.284E-02  1.261E-02  1.266E-02  1.278E-02  1.271E-02  1.271E-02  1.255E-02
  1.256E-02  1.255E-02  1.263E-02  1.263E-02  1.259E-02  1.244E-02  1.244E-02  1.231E-02  1.248E-02  1.268E-02
  1.247E-02  1.257E-02  1.260E-02  1.260E-02  1.268E-02  1.266E-02  1.275E-02  1.267E-02  1.281E-02  1.272E-02
  1.281E-02  1.278E-02  1.280E-02  1.269E-02  1.281E-02  1.274E-02  1.245E-02  1.260E-02  1.261E-02  1.253E-02
  1.266E-02  1.253E-02  1.248E-02  1.229E-02  1.235E-02  1.242E-02  1.262E-02  1.251E-02  1.239E-02  1.257E-02
  1.287E-02  1.266E-02  1.257E-02  1.273E-02  1.273E-02  1.274E-02  1.266E-02  1.272E-02  1.261E-02  1.263E-02
  1.259E-02  1.271E-02  1.265E-02  1.262E-02  1.261E-02  1.248E-02  1.250E-02  1.267E-02  1.262E-02  1.241E-02
  1.247E-02  1.231E-02  1.248E-02  1.249E-02  1.247E-02  1.253E-02  1.251E-02  1.260E-02  1.260E-02  1.276E-02
  1.263E-02  1.265E-02  1.250E-02  1.280E-02  1.261E-02  1.256E-02  1.264E-02  1.277E-02  1.263E-02  1.261E-02
  1.250E-02  1.265E-02  1.269E-02  1.261E-02  1.256E-02  1.240E-02  1.258E-02  1.245E-02  1.231E-02  1.244E-02
  1.242E-02  1.249E-02  1.267E-02  1.261E-02  1.259E-02  1.264E-02  1.274E-02  1.265E-02  1.260E-02  1.256E-02
  1.270E-02  1.261E-02  1.270E-02  1.267E-02  1.264E-02  1.258E-02  1.257E-02  1.266E-02  1.257E-02  1.257E-02
  1.253E-02  1.257E-02  1.248E-02  1.245E-02  1.244E-02  1.226E-02  1.238E-02  1.256E-02  1.247E-02  1.258E-02
  1.263E-02  1.258E-02  1.245E-02  1.253E-02  1.263E-02  1.246E-02  1.262E-02  1.270E-02  1.268E-02  1.264E-02
  1.262E-02  1.263E-02  1.265E-02  1.257E-02  1.252E-02  1.245E-02  1.261E-02  1.256E-02  1.244E-02  1.242E-02
  1.249E-02  1.231E-02  1.215E-02  1.258E-02  1.248E-02  1.253E-02  1.252E-02  1.253E-02  1.255E-02  1.257E-02
  1.256E-02  1.270E-02  1.255E-02  1.259E-02  1.267E-02  1.254E-02  1.255E-02  1.254E-02  1.251E-02  1.248E-02
  1.257E-02  1.244E-02  1.254E-02  1.258E-02  1.234E-02  1.242E-02  1.249E-02  1.248E-02  1.228E-02  1.202E-02
  1.240E-02  1.231E-02  1.242E-02  1.250E-02  1.250E-02  1.268E-02  1.260E-02  1.252E-02  1.257E-02  1.242E-02
  1.258E-02  1.272E-02  1.268E-02  1.261E-02  1.262E-02  1.267E-02  1.259E-02  1.265E-02  1.263E-02  1.263E-02
  1.252E-02  1.268E-02  1.236E-02  1.234E-02  1.243E-02  1.231E-02  1.238E-02  1.236E-02  1.239E-02  1.237E-02
  1.257E-02  1.257E-02  1.249E-02  1.254E-02  1.258E-02  1.256E-02  1.249E-02  1.242E-02  1.263E-02  1.265E-02
  1.259E-02  1.265E-02  1.257E-02  1.247E-02  1.257E-02  1.250E-02  1.250E-02  1.239E-02  1.240E-02  1.242E-02
  1.236E-02  1.220E-02  1.239E-02  1.230E-02  1.249E-02  1.231E-02  1.243E-02  1.248E-02  1.245E-02  1.251E-02
  1.249E-02  1.247E-02  1.240E-02  1.243E-02  1.247E-02  1.252E-02  1.231E-02  1.251E-02  1.247E-02  1.250E-02
  1.251E-02  1.251E-02  1.243E-02  1.240E-02  1.258E-02  1.253E-02  1.225E-02  1.248E-02  1.230E-02  1.228E-02
  1.220E-02  1.238E-02  1.239E-02  1.233E-02  1.227E-02  1.233E-02  1.247E-02  1.253E-02  1.246E-02  1.258E-02
  1.255E-02  1.239E-02  1.246E-02  1.251E-02  1.234E-02  1.250E-02  1.242E-02  1.256E-02  1.253E-02  1.243E-02
  1.224E-02  1.243E-02  1.245E-02  1.251E-02  1.246E-02  1.251E-02  1.239E-02  1.220E-02  1.229E-02  1.237E-02
  1.228E-02  1.246E-02  1.243E-02  1.233E-02  1.241E-02  1.237E-02  1.247E-02  1.229E-02  1.253E-02  1.245E-02
  1.249E-02  1.240E-02  1.243E-02  1.236E-02  1.253E-02  1.235E-02  1.245E-02  1.237E-02  1.247E-02  1.233E-02
  1.223E-02  1.245E-02  1.236E-02  1.230E-02

#------------------------------------------------------------------------------
z: xorg(1.03)
p: xfac[c2*0.05] form[c1/0.05] notc noxt noyt dmin(1)
p: ymin(0) ymax(1) xmin(0) xmax(1) cmin(1) cmax(100) nosp
hc: y= 0.005 to 0.995 by 0.01 ; x= 0.5 to 0.5 by 1 ;
 1  2  3  4  5  6  7  8  9 10 11 12 13 14 15 16 17 18 19 20
21 22 23 24 25 26 27 28 29 30 31 32 33 34 35 36 37 38 39 40
41 42 43 44 45 46 47 48 49 50 51 52 53 54 55 56 57 58 59 60
61 62 63 64 65 66 67 68 69 70 71 72 73 74 75 76 77 78 79 80
81 82 83 84 85 86 87 88 89 90 91 92 93 94 95 96 97 98 99 100
z: xorg(0.0)
p: xfac[c2*0.05] form[c1/0.05] nosp afac[c5*0.625] ymin[c3] ymax[c4]
p: noxt noxn ytxt(-1) ynum(-1) xltd(-1) xstd(-1) itic(1) ylog
y: Relative Error
#------------------------------------------------------------------------------

wt: s[c5]
\vspace{-3}
  emin  &=&   1.0000E-09 [MeV]
  emax  &=&   2.5000E+01 [MeV]
  zmin  &=&   9.8505E+01 [cm]
  zmax  &=&   9.8530E+01 [cm]
  part. &=& proton  
e:

#------------------------------------------------------------------------------
z: xorg[-1.03/0.05]
p: form[c1] xfac[c2] afac[c5] nosp notf
p: xmin( -1.350000    ) xmax(  1.350000    )
p: ymin( -1.318500    ) ymax(  1.881500    )

#------------------------------------------------------------------------------
 newpage:
#   no. =  7   ie  =  1   iz  =  7   part. = proton  
#   e = (   1.0000E-09  -   2.5000E+01  )
#   z = (   9.8530E+01  -   9.8555E+01  )

'no. =  7,  ie =  1,  iz =  7'
msuc: {\huge Proton fluence maps through CR39}
msdr: {\it plotted by \ANGEL \version}
msdl: {\it calculated by \PHITS  3.35}

x: x [cm]
y: y [cm]
set: c1[ 1.185] c2[ 0.827] c5[ 0.800] c6[ 0.933] c7[ 0.123] c8[ 0.000]
p: h2fs form[c1] xfac[c2] afac[c5] scal[c6] xorg[c7] yorg[c8] nosp
set: c3[1.0e-4] c4[1.0]
p: cmin[c3] cmax[c4]
p: dmin(1e-31)
p: zlog
p: xmin( -1.350000    ) xmax(  1.350000    )
p: ymin( -1.318500    ) ymax(  1.881500    )
#  ny =  32   nx =  27
# ( ( data(x,y), x = 1, nx ), y = ny, 1, -1 )

hc:  y =   1.831500     to  -1.268500     by  0.1000000     ; x =  -1.300000     to   1.300000     by  0.1000000     ;
  1.344E-02  1.348E-02  1.351E-02  1.353E-02  1.345E-02  1.340E-02  1.344E-02  1.342E-02  1.353E-02  1.333E-02
  1.340E-02  1.348E-02  1.338E-02  1.336E-02  1.343E-02  1.332E-02  1.331E-02  1.342E-02  1.336E-02  1.352E-02
  1.341E-02  1.317E-02  1.342E-02  1.329E-02  1.338E-02  1.347E-02  1.343E-02  1.341E-02  1.338E-02  1.343E-02
  1.358E-02  1.360E-02  1.369E-02  1.358E-02  1.346E-02  1.366E-02  1.348E-02  1.361E-02  1.343E-02  1.342E-02
  1.354E-02  1.374E-02  1.362E-02  1.369E-02  1.369E-02  1.373E-02  1.356E-02  1.352E-02  1.348E-02  1.354E-02
  1.351E-02  1.348E-02  1.372E-02  1.340E-02  1.347E-02  1.353E-02  1.357E-02  1.351E-02  1.355E-02  1.348E-02
  1.357E-02  1.368E-02  1.364E-02  1.339E-02  1.368E-02  1.360E-02  1.364E-02  1.360E-02  1.370E-02  1.357E-02
  1.349E-02  1.335E-02  1.363E-02  1.357E-02  1.365E-02  1.344E-02  1.341E-02  1.336E-02  1.357E-02  1.344E-02
  1.345E-02  1.351E-02  1.372E-02  1.354E-02  1.351E-02  1.338E-02  1.363E-02  1.347E-02  1.355E-02  1.365E-02
  1.350E-02  1.351E-02  1.346E-02  1.358E-02  1.363E-02  1.363E-02  1.347E-02  1.365E-02  1.361E-02  1.348E-02
  1.351E-02  1.359E-02  1.357E-02  1.351E-02  1.358E-02  1.362E-02  1.349E-02  1.364E-02  1.346E-02  1.359E-02
  1.353E-02  1.347E-02  1.354E-02  1.360E-02  1.371E-02  1.365E-02  1.349E-02  1.351E-02  1.363E-02  1.357E-02
  1.364E-02  1.360E-02  1.355E-02  1.349E-02  1.354E-02  1.362E-02  1.362E-02  1.342E-02  1.345E-02  1.370E-02
  1.353E-02  1.369E-02  1.352E-02  1.354E-02  1.357E-02  1.339E-02  1.348E-02  1.364E-02  1.368E-02  1.359E-02
  1.363E-02  1.354E-02  1.353E-02  1.359E-02  1.356E-02  1.371E-02  1.352E-02  1.372E-02  1.365E-02  1.361E-02
  1.375E-02  1.363E-02  1.360E-02  1.365E-02  1.364E-02  1.374E-02  1.350E-02  1.366E-02  1.367E-02  1.358E-02
  1.370E-02  1.352E-02  1.346E-02  1.365E-02  1.342E-02  1.355E-02  1.364E-02  1.361E-02  1.379E-02  1.375E-02
  1.367E-02  1.380E-02  1.373E-02  1.376E-02  1.374E-02  1.361E-02  1.369E-02  1.369E-02  1.377E-02  1.374E-02
  1.377E-02  1.363E-02  1.350E-02  1.376E-02  1.368E-02  1.368E-02  1.374E-02  1.370E-02  1.342E-02  1.355E-02
  1.361E-02  1.345E-02  1.350E-02  1.361E-02  1.376E-02  1.361E-02  1.375E-02  1.400E-02  1.384E-02  1.355E-02
  1.383E-02  1.365E-02  1.394E-02  1.377E-02  1.363E-02  1.371E-02  1.379E-02  1.360E-02  1.361E-02  1.360E-02
  1.366E-02  1.361E-02  1.356E-02  1.362E-02  1.383E-02  1.355E-02  1.353E-02  1.366E-02  1.372E-02  1.367E-02
  1.375E-02  1.362E-02  1.370E-02  1.355E-02  1.382E-02  1.354E-02  1.379E-02  1.379E-02  1.366E-02  1.373E-02
  1.386E-02  1.381E-02  1.376E-02  1.377E-02  1.368E-02  1.373E-02  1.392E-02  1.366E-02  1.379E-02  1.373E-02
  1.346E-02  1.354E-02  1.340E-02  1.363E-02  1.341E-02  1.376E-02  1.361E-02  1.384E-02  1.364E-02  1.373E-02
  1.372E-02  1.369E-02  1.383E-02  1.367E-02  1.370E-02  1.378E-02  1.373E-02  1.370E-02  1.381E-02  1.389E-02
  1.378E-02  1.380E-02  1.357E-02  1.368E-02  1.383E-02  1.362E-02  1.381E-02  1.384E-02  1.364E-02  1.348E-02
  1.350E-02  1.356E-02  1.371E-02  1.377E-02  1.370E-02  1.368E-02  1.373E-02  1.380E-02  1.378E-02  1.396E-02
  1.374E-02  1.383E-02  1.392E-02  1.370E-02  1.401E-02  1.373E-02  1.397E-02  1.389E-02  1.361E-02  1.371E-02
  1.381E-02  1.384E-02  1.370E-02  1.381E-02  1.370E-02  1.366E-02  1.343E-02  1.364E-02  1.369E-02  1.356E-02
  1.377E-02  1.363E-02  1.376E-02  1.373E-02  1.395E-02  1.391E-02  1.383E-02  1.372E-02  1.385E-02  1.391E-02
  1.377E-02  1.398E-02  1.385E-02  1.396E-02  1.367E-02  1.394E-02  1.383E-02  1.393E-02  1.380E-02  1.373E-02
  1.383E-02  1.359E-02  1.385E-02  1.356E-02  1.367E-02  1.374E-02  1.366E-02  1.375E-02  1.373E-02  1.391E-02
  1.373E-02  1.378E-02  1.370E-02  1.387E-02  1.387E-02  1.388E-02  1.374E-02  1.380E-02  1.389E-02  1.402E-02
  1.399E-02  1.379E-02  1.403E-02  1.387E-02  1.379E-02  1.376E-02  1.375E-02  1.362E-02  1.353E-02  1.371E-02
  1.349E-02  1.356E-02  1.387E-02  1.364E-02  1.392E-02  1.380E-02  1.395E-02  1.396E-02  1.389E-02  1.389E-02
  1.383E-02  1.386E-02  1.402E-02  1.387E-02  1.396E-02  1.401E-02  1.391E-02  1.391E-02  1.382E-02  1.396E-02
  1.389E-02  1.378E-02  1.373E-02  1.373E-02  1.387E-02  1.376E-02  1.384E-02  1.360E-02  1.361E-02  1.367E-02
  1.369E-02  1.392E-02  1.381E-02  1.378E-02  1.395E-02  1.382E-02  1.386E-02  1.390E-02  1.412E-02  1.405E-02
  1.397E-02  1.393E-02  1.404E-02  1.393E-02  1.402E-02  1.390E-02  1.390E-02  1.386E-02  1.381E-02  1.380E-02
  1.391E-02  1.368E-02  1.377E-02  1.381E-02  1.345E-02  1.355E-02  1.374E-02  1.381E-02  1.388E-02  1.398E-02
  1.384E-02  1.408E-02  1.396E-02  1.408E-02  1.410E-02  1.387E-02  1.411E-02  1.416E-02  1.417E-02  1.398E-02
  1.406E-02  1.381E-02  1.405E-02  1.373E-02  1.381E-02  1.393E-02  1.385E-02  1.383E-02  1.381E-02  1.367E-02
  1.371E-02  1.357E-02  1.361E-02  1.372E-02  1.376E-02  1.377E-02  1.367E-02  1.395E-02  1.386E-02  1.393E-02
  1.391E-02  1.391E-02  1.396E-02  1.405E-02  1.401E-02  1.395E-02  1.392E-02  1.403E-02  1.399E-02  1.398E-02
  1.381E-02  1.385E-02  1.382E-02  1.396E-02  1.391E-02  1.374E-02  1.376E-02  1.377E-02  1.357E-02  1.356E-02
  1.370E-02  1.379E-02  1.387E-02  1.385E-02  1.384E-02  1.387E-02  1.394E-02  1.391E-02  1.399E-02  1.405E-02
  1.393E-02  1.389E-02  1.392E-02  1.409E-02  1.418E-02  1.411E-02  1.394E-02  1.399E-02  1.380E-02  1.416E-02
  1.396E-02  1.393E-02  1.386E-02  1.397E-02  1.367E-02  1.372E-02  1.368E-02  1.368E-02  1.361E-02  1.389E-02
  1.382E-02  1.394E-02  1.399E-02  1.394E-02  1.405E-02  1.386E-02  1.407E-02  1.404E-02  1.420E-02  1.404E-02
  1.385E-02  1.402E-02  1.409E-02  1.404E-02  1.430E-02  1.405E-02  1.391E-02  1.379E-02  1.377E-02  1.378E-02
  1.372E-02  1.352E-02  1.351E-02  1.371E-02  1.372E-02  1.370E-02  1.392E-02  1.371E-02  1.392E-02  1.383E-02
  1.400E-02  1.402E-02  1.398E-02  1.409E-02  1.410E-02  1.388E-02  1.402E-02  1.423E-02  1.417E-02  1.400E-02
  1.400E-02  1.396E-02  1.405E-02  1.388E-02  1.370E-02  1.395E-02  1.366E-02  1.373E-02  1.389E-02  1.365E-02
  1.355E-02  1.379E-02  1.375E-02  1.385E-02  1.379E-02  1.384E-02  1.384E-02  1.399E-02  1.402E-02  1.393E-02
  1.395E-02  1.423E-02  1.399E-02  1.410E-02  1.388E-02  1.398E-02  1.406E-02  1.405E-02  1.405E-02  1.385E-02
  1.383E-02  1.381E-02  1.387E-02  1.383E-02  1.386E-02  1.367E-02  1.364E-02  1.353E-02  1.375E-02  1.391E-02
  1.371E-02  1.382E-02  1.387E-02  1.385E-02  1.395E-02  1.392E-02  1.402E-02  1.390E-02  1.407E-02  1.399E-02
  1.409E-02  1.406E-02  1.411E-02  1.397E-02  1.403E-02  1.408E-02  1.372E-02  1.396E-02  1.387E-02  1.377E-02
  1.400E-02  1.382E-02  1.371E-02  1.350E-02  1.353E-02  1.369E-02  1.400E-02  1.377E-02  1.361E-02  1.384E-02
  1.419E-02  1.396E-02  1.388E-02  1.398E-02  1.396E-02  1.402E-02  1.392E-02  1.400E-02  1.388E-02  1.388E-02
  1.387E-02  1.396E-02  1.393E-02  1.388E-02  1.390E-02  1.374E-02  1.378E-02  1.395E-02  1.391E-02  1.364E-02
  1.370E-02  1.354E-02  1.369E-02  1.376E-02  1.374E-02  1.380E-02  1.377E-02  1.382E-02  1.391E-02  1.399E-02
  1.394E-02  1.393E-02  1.377E-02  1.408E-02  1.381E-02  1.384E-02  1.391E-02  1.406E-02  1.390E-02  1.394E-02
  1.376E-02  1.391E-02  1.398E-02  1.387E-02  1.380E-02  1.364E-02  1.384E-02  1.369E-02  1.349E-02  1.372E-02
  1.365E-02  1.371E-02  1.391E-02  1.387E-02  1.382E-02  1.390E-02  1.407E-02  1.394E-02  1.377E-02  1.382E-02
  1.400E-02  1.391E-02  1.395E-02  1.390E-02  1.397E-02  1.383E-02  1.379E-02  1.392E-02  1.384E-02  1.385E-02
  1.376E-02  1.385E-02  1.370E-02  1.373E-02  1.366E-02  1.346E-02  1.361E-02  1.378E-02  1.370E-02  1.381E-02
  1.388E-02  1.378E-02  1.366E-02  1.379E-02  1.391E-02  1.367E-02  1.385E-02  1.399E-02  1.396E-02  1.394E-02
  1.387E-02  1.389E-02  1.389E-02  1.379E-02  1.378E-02  1.377E-02  1.386E-02  1.381E-02  1.366E-02  1.366E-02
  1.372E-02  1.353E-02  1.337E-02  1.381E-02  1.370E-02  1.380E-02  1.376E-02  1.377E-02  1.383E-02  1.378E-02
  1.381E-02  1.394E-02  1.376E-02  1.379E-02  1.396E-02  1.381E-02  1.379E-02  1.383E-02  1.373E-02  1.369E-02
  1.382E-02  1.364E-02  1.377E-02  1.382E-02  1.358E-02  1.366E-02  1.374E-02  1.378E-02  1.351E-02  1.322E-02
  1.362E-02  1.351E-02  1.359E-02  1.377E-02  1.377E-02  1.391E-02  1.387E-02  1.386E-02  1.383E-02  1.365E-02
  1.383E-02  1.397E-02  1.385E-02  1.388E-02  1.388E-02  1.387E-02  1.384E-02  1.395E-02  1.387E-02  1.383E-02
  1.371E-02  1.392E-02  1.355E-02  1.359E-02  1.360E-02  1.354E-02  1.360E-02  1.360E-02  1.362E-02  1.365E-02
  1.379E-02  1.376E-02  1.374E-02  1.376E-02  1.379E-02  1.378E-02  1.371E-02  1.361E-02  1.387E-02  1.389E-02
  1.383E-02  1.394E-02  1.379E-02  1.371E-02  1.384E-02  1.375E-02  1.374E-02  1.362E-02  1.365E-02  1.366E-02
  1.360E-02  1.340E-02  1.361E-02  1.352E-02  1.368E-02  1.351E-02  1.366E-02  1.365E-02  1.373E-02  1.375E-02
  1.371E-02  1.369E-02  1.366E-02  1.363E-02  1.364E-02  1.382E-02  1.357E-02  1.369E-02  1.368E-02  1.370E-02
  1.380E-02  1.375E-02  1.369E-02  1.366E-02  1.384E-02  1.378E-02  1.341E-02  1.371E-02  1.354E-02  1.351E-02
  1.342E-02  1.361E-02  1.366E-02  1.357E-02  1.346E-02  1.357E-02  1.373E-02  1.376E-02  1.371E-02  1.378E-02
  1.376E-02  1.362E-02  1.369E-02  1.374E-02  1.354E-02  1.369E-02  1.361E-02  1.381E-02  1.376E-02  1.369E-02
  1.345E-02  1.363E-02  1.374E-02  1.376E-02  1.377E-02  1.377E-02  1.359E-02  1.340E-02  1.344E-02  1.364E-02
  1.351E-02  1.368E-02  1.359E-02  1.350E-02  1.359E-02  1.357E-02  1.372E-02  1.354E-02  1.374E-02  1.368E-02
  1.373E-02  1.361E-02  1.366E-02  1.359E-02  1.376E-02  1.353E-02  1.368E-02  1.355E-02  1.379E-02  1.347E-02
  1.339E-02  1.374E-02  1.351E-02  1.353E-02

#------------------------------------------------------------------------------
z: xorg(1.03)
p: xfac[c2*0.05] form[c1/0.05] notc noxt noyt dmin(1)
p: ymin(0) ymax(1) xmin(0) xmax(1) cmin(1) cmax(100) nosp
hc: y= 0.005 to 0.995 by 0.01 ; x= 0.5 to 0.5 by 1 ;
 1  2  3  4  5  6  7  8  9 10 11 12 13 14 15 16 17 18 19 20
21 22 23 24 25 26 27 28 29 30 31 32 33 34 35 36 37 38 39 40
41 42 43 44 45 46 47 48 49 50 51 52 53 54 55 56 57 58 59 60
61 62 63 64 65 66 67 68 69 70 71 72 73 74 75 76 77 78 79 80
81 82 83 84 85 86 87 88 89 90 91 92 93 94 95 96 97 98 99 100
z: xorg(0.0)
p: xfac[c2*0.05] form[c1/0.05] nosp afac[c5*0.625] ymin[c3] ymax[c4]
p: noxt noxn ytxt(-1) ynum(-1) xltd(-1) xstd(-1) itic(1) ylog
y: Relative Error
#------------------------------------------------------------------------------

wt: s[c5]
\vspace{-3}
  emin  &=&   1.0000E-09 [MeV]
  emax  &=&   2.5000E+01 [MeV]
  zmin  &=&   9.8530E+01 [cm]
  zmax  &=&   9.8555E+01 [cm]
  part. &=& proton  
e:

#------------------------------------------------------------------------------
z: xorg[-1.03/0.05]
p: form[c1] xfac[c2] afac[c5] nosp notf
p: xmin( -1.350000    ) xmax(  1.350000    )
p: ymin( -1.318500    ) ymax(  1.881500    )

#------------------------------------------------------------------------------
 newpage:
#   no. =  8   ie  =  1   iz  =  8   part. = proton  
#   e = (   1.0000E-09  -   2.5000E+01  )
#   z = (   9.8555E+01  -   9.8580E+01  )

'no. =  8,  ie =  1,  iz =  8'
msuc: {\huge Proton fluence maps through CR39}
msdr: {\it plotted by \ANGEL \version}
msdl: {\it calculated by \PHITS  3.35}

x: x [cm]
y: y [cm]
set: c1[ 1.185] c2[ 0.827] c5[ 0.800] c6[ 0.933] c7[ 0.123] c8[ 0.000]
p: h2fs form[c1] xfac[c2] afac[c5] scal[c6] xorg[c7] yorg[c8] nosp
set: c3[1.0e-4] c4[1.0]
p: cmin[c3] cmax[c4]
p: dmin(1e-31)
p: zlog
p: xmin( -1.350000    ) xmax(  1.350000    )
p: ymin( -1.318500    ) ymax(  1.881500    )
#  ny =  32   nx =  27
# ( ( data(x,y), x = 1, nx ), y = ny, 1, -1 )

hc:  y =   1.831500     to  -1.268500     by  0.1000000     ; x =  -1.300000     to   1.300000     by  0.1000000     ;
  1.586E-02  1.583E-02  1.584E-02  1.591E-02  1.581E-02  1.578E-02  1.590E-02  1.579E-02  1.595E-02  1.561E-02
  1.575E-02  1.588E-02  1.572E-02  1.565E-02  1.578E-02  1.562E-02  1.567E-02  1.577E-02  1.566E-02  1.592E-02
  1.571E-02  1.546E-02  1.582E-02  1.553E-02  1.575E-02  1.584E-02  1.575E-02  1.574E-02  1.572E-02  1.580E-02
  1.604E-02  1.594E-02  1.616E-02  1.596E-02  1.587E-02  1.604E-02  1.583E-02  1.601E-02  1.588E-02  1.571E-02
  1.589E-02  1.614E-02  1.598E-02  1.619E-02  1.607E-02  1.617E-02  1.588E-02  1.594E-02  1.580E-02  1.590E-02
  1.591E-02  1.586E-02  1.603E-02  1.582E-02  1.579E-02  1.594E-02  1.589E-02  1.588E-02  1.600E-02  1.582E-02
  1.580E-02  1.611E-02  1.603E-02  1.578E-02  1.609E-02  1.600E-02  1.607E-02  1.596E-02  1.614E-02  1.588E-02
  1.583E-02  1.574E-02  1.601E-02  1.599E-02  1.599E-02  1.579E-02  1.579E-02  1.573E-02  1.594E-02  1.577E-02
  1.588E-02  1.591E-02  1.615E-02  1.599E-02  1.585E-02  1.578E-02  1.605E-02  1.577E-02  1.593E-02  1.608E-02
  1.574E-02  1.590E-02  1.586E-02  1.614E-02  1.605E-02  1.608E-02  1.588E-02  1.610E-02  1.599E-02  1.575E-02
  1.582E-02  1.596E-02  1.590E-02  1.591E-02  1.592E-02  1.601E-02  1.581E-02  1.599E-02  1.586E-02  1.614E-02
  1.582E-02  1.575E-02  1.582E-02  1.598E-02  1.613E-02  1.610E-02  1.579E-02  1.588E-02  1.599E-02  1.591E-02
  1.602E-02  1.595E-02  1.600E-02  1.586E-02  1.591E-02  1.593E-02  1.602E-02  1.576E-02  1.584E-02  1.596E-02
  1.599E-02  1.607E-02  1.581E-02  1.590E-02  1.595E-02  1.575E-02  1.571E-02  1.603E-02  1.604E-02  1.589E-02
  1.597E-02  1.588E-02  1.588E-02  1.588E-02  1.592E-02  1.621E-02  1.584E-02  1.617E-02  1.598E-02  1.605E-02
  1.618E-02  1.602E-02  1.595E-02  1.600E-02  1.605E-02  1.618E-02  1.591E-02  1.602E-02  1.599E-02  1.599E-02
  1.607E-02  1.594E-02  1.585E-02  1.603E-02  1.586E-02  1.590E-02  1.615E-02  1.605E-02  1.627E-02  1.621E-02
  1.613E-02  1.625E-02  1.615E-02  1.614E-02  1.621E-02  1.600E-02  1.608E-02  1.612E-02  1.620E-02  1.617E-02
  1.620E-02  1.608E-02  1.598E-02  1.625E-02  1.604E-02  1.614E-02  1.610E-02  1.615E-02  1.570E-02  1.583E-02
  1.608E-02  1.584E-02  1.588E-02  1.596E-02  1.614E-02  1.600E-02  1.622E-02  1.646E-02  1.624E-02  1.596E-02
  1.629E-02  1.604E-02  1.642E-02  1.614E-02  1.597E-02  1.616E-02  1.624E-02  1.598E-02  1.602E-02  1.594E-02
  1.600E-02  1.604E-02  1.595E-02  1.600E-02  1.620E-02  1.591E-02  1.588E-02  1.607E-02  1.607E-02  1.611E-02
  1.617E-02  1.608E-02  1.608E-02  1.600E-02  1.620E-02  1.594E-02  1.616E-02  1.627E-02  1.611E-02  1.619E-02
  1.627E-02  1.622E-02  1.626E-02  1.621E-02  1.608E-02  1.610E-02  1.643E-02  1.608E-02  1.620E-02  1.621E-02
  1.587E-02  1.595E-02  1.577E-02  1.605E-02  1.572E-02  1.635E-02  1.599E-02  1.643E-02  1.598E-02  1.616E-02
  1.604E-02  1.614E-02  1.626E-02  1.610E-02  1.612E-02  1.633E-02  1.618E-02  1.620E-02  1.620E-02  1.637E-02
  1.627E-02  1.630E-02  1.601E-02  1.612E-02  1.629E-02  1.616E-02  1.621E-02  1.633E-02  1.603E-02  1.588E-02
  1.593E-02  1.592E-02  1.618E-02  1.619E-02  1.621E-02  1.609E-02  1.623E-02  1.629E-02  1.621E-02  1.644E-02
  1.612E-02  1.637E-02  1.636E-02  1.606E-02  1.651E-02  1.626E-02  1.648E-02  1.632E-02  1.599E-02  1.607E-02
  1.631E-02  1.636E-02  1.616E-02  1.624E-02  1.612E-02  1.604E-02  1.585E-02  1.598E-02  1.608E-02  1.599E-02
  1.629E-02  1.605E-02  1.618E-02  1.620E-02  1.650E-02  1.642E-02  1.626E-02  1.604E-02  1.641E-02  1.643E-02
  1.617E-02  1.655E-02  1.632E-02  1.646E-02  1.622E-02  1.644E-02  1.638E-02  1.641E-02  1.619E-02  1.610E-02
  1.629E-02  1.598E-02  1.626E-02  1.592E-02  1.611E-02  1.634E-02  1.604E-02  1.609E-02  1.613E-02  1.642E-02
  1.619E-02  1.623E-02  1.611E-02  1.633E-02  1.638E-02  1.639E-02  1.616E-02  1.627E-02  1.635E-02  1.657E-02
  1.647E-02  1.632E-02  1.648E-02  1.630E-02  1.621E-02  1.621E-02  1.622E-02  1.597E-02  1.598E-02  1.613E-02
  1.591E-02  1.604E-02  1.628E-02  1.609E-02  1.639E-02  1.628E-02  1.641E-02  1.643E-02  1.633E-02  1.637E-02
  1.631E-02  1.626E-02  1.655E-02  1.638E-02  1.642E-02  1.656E-02  1.639E-02  1.644E-02  1.628E-02  1.641E-02
  1.629E-02  1.626E-02  1.619E-02  1.617E-02  1.641E-02  1.624E-02  1.632E-02  1.606E-02  1.606E-02  1.601E-02
  1.605E-02  1.646E-02  1.614E-02  1.616E-02  1.648E-02  1.627E-02  1.625E-02  1.639E-02  1.667E-02  1.660E-02
  1.645E-02  1.641E-02  1.647E-02  1.643E-02  1.668E-02  1.632E-02  1.646E-02  1.633E-02  1.622E-02  1.619E-02
  1.647E-02  1.617E-02  1.619E-02  1.620E-02  1.578E-02  1.591E-02  1.621E-02  1.623E-02  1.637E-02  1.646E-02
  1.631E-02  1.656E-02  1.636E-02  1.667E-02  1.667E-02  1.628E-02  1.660E-02  1.665E-02  1.677E-02  1.642E-02
  1.662E-02  1.620E-02  1.659E-02  1.617E-02  1.637E-02  1.644E-02  1.632E-02  1.635E-02  1.625E-02  1.611E-02
  1.624E-02  1.593E-02  1.602E-02  1.616E-02  1.627E-02  1.627E-02  1.603E-02  1.646E-02  1.625E-02  1.647E-02
  1.651E-02  1.642E-02  1.644E-02  1.666E-02  1.649E-02  1.645E-02  1.636E-02  1.655E-02  1.650E-02  1.643E-02
  1.622E-02  1.625E-02  1.629E-02  1.644E-02  1.638E-02  1.610E-02  1.614E-02  1.619E-02  1.605E-02  1.600E-02
  1.601E-02  1.630E-02  1.639E-02  1.633E-02  1.631E-02  1.632E-02  1.649E-02  1.641E-02  1.649E-02  1.649E-02
  1.642E-02  1.639E-02  1.645E-02  1.655E-02  1.677E-02  1.655E-02  1.647E-02  1.645E-02  1.633E-02  1.666E-02
  1.646E-02  1.642E-02  1.633E-02  1.652E-02  1.609E-02  1.614E-02  1.614E-02  1.611E-02  1.607E-02  1.636E-02
  1.624E-02  1.636E-02  1.643E-02  1.637E-02  1.658E-02  1.637E-02  1.659E-02  1.660E-02  1.668E-02  1.651E-02
  1.637E-02  1.647E-02  1.664E-02  1.652E-02  1.680E-02  1.655E-02  1.637E-02  1.612E-02  1.631E-02  1.621E-02
  1.619E-02  1.584E-02  1.593E-02  1.614E-02  1.613E-02  1.607E-02  1.638E-02  1.609E-02  1.638E-02  1.636E-02
  1.651E-02  1.664E-02  1.654E-02  1.663E-02  1.650E-02  1.634E-02  1.654E-02  1.685E-02  1.682E-02  1.649E-02
  1.640E-02  1.644E-02  1.670E-02  1.631E-02  1.601E-02  1.647E-02  1.606E-02  1.616E-02  1.638E-02  1.609E-02
  1.600E-02  1.623E-02  1.616E-02  1.631E-02  1.616E-02  1.630E-02  1.632E-02  1.653E-02  1.659E-02  1.641E-02
  1.654E-02  1.680E-02  1.648E-02  1.655E-02  1.640E-02  1.646E-02  1.649E-02  1.653E-02  1.663E-02  1.636E-02
  1.632E-02  1.629E-02  1.632E-02  1.621E-02  1.635E-02  1.612E-02  1.597E-02  1.589E-02  1.622E-02  1.629E-02
  1.613E-02  1.623E-02  1.641E-02  1.646E-02  1.649E-02  1.642E-02  1.657E-02  1.630E-02  1.661E-02  1.645E-02
  1.672E-02  1.654E-02  1.662E-02  1.636E-02  1.645E-02  1.670E-02  1.620E-02  1.659E-02  1.629E-02  1.622E-02
  1.645E-02  1.621E-02  1.602E-02  1.590E-02  1.586E-02  1.617E-02  1.661E-02  1.628E-02  1.609E-02  1.629E-02
  1.680E-02  1.659E-02  1.640E-02  1.647E-02  1.634E-02  1.643E-02  1.648E-02  1.658E-02  1.636E-02  1.633E-02
  1.640E-02  1.650E-02  1.637E-02  1.637E-02  1.645E-02  1.629E-02  1.626E-02  1.639E-02  1.647E-02  1.613E-02
  1.617E-02  1.591E-02  1.611E-02  1.617E-02  1.623E-02  1.630E-02  1.621E-02  1.625E-02  1.653E-02  1.636E-02
  1.648E-02  1.634E-02  1.623E-02  1.663E-02  1.630E-02  1.636E-02  1.642E-02  1.660E-02  1.635E-02  1.656E-02
  1.610E-02  1.640E-02  1.653E-02  1.636E-02  1.622E-02  1.599E-02  1.618E-02  1.605E-02  1.588E-02  1.622E-02
  1.604E-02  1.619E-02  1.640E-02  1.640E-02  1.629E-02  1.638E-02  1.662E-02  1.641E-02  1.613E-02  1.629E-02
  1.652E-02  1.652E-02  1.639E-02  1.623E-02  1.649E-02  1.639E-02  1.623E-02  1.640E-02  1.630E-02  1.625E-02
  1.619E-02  1.627E-02  1.622E-02  1.616E-02  1.613E-02  1.586E-02  1.600E-02  1.623E-02  1.616E-02  1.623E-02
  1.632E-02  1.629E-02  1.610E-02  1.636E-02  1.639E-02  1.610E-02  1.627E-02  1.657E-02  1.644E-02  1.640E-02
  1.632E-02  1.638E-02  1.638E-02  1.627E-02  1.628E-02  1.624E-02  1.640E-02  1.629E-02  1.603E-02  1.614E-02
  1.607E-02  1.600E-02  1.575E-02  1.621E-02  1.601E-02  1.632E-02  1.627E-02  1.625E-02  1.638E-02  1.613E-02
  1.633E-02  1.644E-02  1.614E-02  1.615E-02  1.652E-02  1.634E-02  1.620E-02  1.628E-02  1.619E-02  1.617E-02
  1.620E-02  1.603E-02  1.619E-02  1.618E-02  1.601E-02  1.607E-02  1.614E-02  1.628E-02  1.592E-02  1.558E-02
  1.598E-02  1.581E-02  1.606E-02  1.621E-02  1.619E-02  1.629E-02  1.635E-02  1.636E-02  1.622E-02  1.610E-02
  1.615E-02  1.652E-02  1.628E-02  1.635E-02  1.635E-02  1.643E-02  1.631E-02  1.650E-02  1.634E-02  1.622E-02
  1.606E-02  1.638E-02  1.597E-02  1.599E-02  1.599E-02  1.601E-02  1.615E-02  1.600E-02  1.603E-02  1.613E-02
  1.629E-02  1.622E-02  1.619E-02  1.625E-02  1.617E-02  1.608E-02  1.613E-02  1.612E-02  1.638E-02  1.630E-02
  1.623E-02  1.639E-02  1.627E-02  1.611E-02  1.634E-02  1.622E-02  1.617E-02  1.592E-02  1.605E-02  1.607E-02
  1.605E-02  1.577E-02  1.601E-02  1.596E-02  1.606E-02  1.587E-02  1.607E-02  1.596E-02  1.617E-02  1.617E-02
  1.603E-02  1.606E-02  1.613E-02  1.599E-02  1.605E-02  1.633E-02  1.605E-02  1.610E-02  1.604E-02  1.612E-02
  1.626E-02  1.615E-02  1.617E-02  1.603E-02  1.625E-02  1.634E-02  1.577E-02  1.617E-02  1.591E-02  1.591E-02
  1.580E-02  1.606E-02  1.605E-02  1.595E-02  1.594E-02  1.592E-02  1.615E-02  1.628E-02  1.614E-02  1.623E-02
  1.618E-02  1.597E-02  1.605E-02  1.616E-02  1.594E-02  1.608E-02  1.602E-02  1.632E-02  1.627E-02  1.611E-02
  1.583E-02  1.595E-02  1.622E-02  1.625E-02  1.623E-02  1.621E-02  1.597E-02  1.573E-02  1.574E-02  1.608E-02
  1.582E-02  1.604E-02  1.593E-02  1.584E-02  1.594E-02  1.589E-02  1.607E-02  1.588E-02  1.617E-02  1.614E-02
  1.618E-02  1.591E-02  1.617E-02  1.600E-02  1.616E-02  1.593E-02  1.599E-02  1.596E-02  1.632E-02  1.581E-02
  1.574E-02  1.613E-02  1.590E-02  1.589E-02

#------------------------------------------------------------------------------
z: xorg(1.03)
p: xfac[c2*0.05] form[c1/0.05] notc noxt noyt dmin(1)
p: ymin(0) ymax(1) xmin(0) xmax(1) cmin(1) cmax(100) nosp
hc: y= 0.005 to 0.995 by 0.01 ; x= 0.5 to 0.5 by 1 ;
 1  2  3  4  5  6  7  8  9 10 11 12 13 14 15 16 17 18 19 20
21 22 23 24 25 26 27 28 29 30 31 32 33 34 35 36 37 38 39 40
41 42 43 44 45 46 47 48 49 50 51 52 53 54 55 56 57 58 59 60
61 62 63 64 65 66 67 68 69 70 71 72 73 74 75 76 77 78 79 80
81 82 83 84 85 86 87 88 89 90 91 92 93 94 95 96 97 98 99 100
z: xorg(0.0)
p: xfac[c2*0.05] form[c1/0.05] nosp afac[c5*0.625] ymin[c3] ymax[c4]
p: noxt noxn ytxt(-1) ynum(-1) xltd(-1) xstd(-1) itic(1) ylog
y: Relative Error
#------------------------------------------------------------------------------

wt: s[c5]
\vspace{-3}
  emin  &=&   1.0000E-09 [MeV]
  emax  &=&   2.5000E+01 [MeV]
  zmin  &=&   9.8555E+01 [cm]
  zmax  &=&   9.8580E+01 [cm]
  part. &=& proton  
e:

#------------------------------------------------------------------------------
z: xorg[-1.03/0.05]
p: form[c1] xfac[c2] afac[c5] nosp notf
p: xmin( -1.350000    ) xmax(  1.350000    )
p: ymin( -1.318500    ) ymax(  1.881500    )
 
# Information for Restart Calculation
# This calculation was newly started
# istdev =  2 # 1:Batch variance, 2:History variance
# resc2  = 2.27140633519773913E-02 # Total source weight or Total source weight / maxcas
# resc3  = 1.41770000000000000E+08 # Total history number or Total batch number
# maxcas =       10000 # History / Batch, only used for istdev=1
# bitrseed = 0001111011001101110111000010000100100111011001000110100100110111 # bit data of rseed
