[ T-Track ]
    title = Proton fluence maps through CR39
     mesh =  xyz            # mesh type is xyz scoring mesh
   x-type =    2            # x-mesh is linear given by xmin, xmax and nx
     xmin =  -1.350000      # minimum value of x-mesh points
     xmax =   1.350000      # maximum value of x-mesh points
#    xdel =  0.1000000      # mesh width of x-mesh points
       nx =     27          # number of x-mesh points
#    data = ( x(i), i = 1, nx + 1 )
#          -1.35000E+00 -1.25000E+00 -1.15000E+00 -1.05000E+00 -9.50000E-01
#          -8.50000E-01 -7.50000E-01 -6.50000E-01 -5.50000E-01 -4.50000E-01
#          -3.50000E-01 -2.50000E-01 -1.50000E-01 -5.00000E-02  5.00000E-02
#           1.50000E-01  2.50000E-01  3.50000E-01  4.50000E-01  5.50000E-01
#           6.50000E-01  7.50000E-01  8.50000E-01  9.50000E-01  1.05000E+00
#           1.15000E+00  1.25000E+00  1.35000E+00
   y-type =    2            # y-mesh is linear given by ymin, ymax and ny
     ymin =  -1.318500      # minimum value of y-mesh points
     ymax =   1.881500      # maximum value of y-mesh points
#    ydel =  0.1000000      # mesh width of y-mesh points
       ny =     32          # number of y-mesh points
#    data = ( y(i), i = 1, ny + 1 )
#          -1.31850E+00 -1.21850E+00 -1.11850E+00 -1.01850E+00 -9.18500E-01
#          -8.18500E-01 -7.18500E-01 -6.18500E-01 -5.18500E-01 -4.18500E-01
#          -3.18500E-01 -2.18500E-01 -1.18500E-01 -1.85000E-02  8.15000E-02
#           1.81500E-01  2.81500E-01  3.81500E-01  4.81500E-01  5.81500E-01
#           6.81500E-01  7.81500E-01  8.81500E-01  9.81500E-01  1.08150E+00
#           1.18150E+00  1.28150E+00  1.38150E+00  1.48150E+00  1.58150E+00
#           1.68150E+00  1.78150E+00  1.88150E+00
   z-type =    2            # z-mesh is linear given by zmin, zmax and nz
     zmin =   98.38000      # minimum value of z-mesh points
     zmax =   98.58000      # maximum value of z-mesh points
#    zdel =  2.5000000E-02  # mesh width of z-mesh points
       nz =      8          # number of z-mesh points
#    data = ( z(i), i = 1, nz + 1 )
#           9.83800E+01  9.84050E+01  9.84300E+01  9.84550E+01  9.84800E+01
#           9.85050E+01  9.85300E+01  9.85550E+01  9.85800E+01
   e-type =    2            # e-mesh is linear given by emin, emax and ne
     emin =  1.0000000E-09  # minimum value of e-mesh points
     emax =   25.00000      # maximum value of e-mesh points
#    edel =   25.00000      # mesh width of e-mesh points
       ne =      1          # number of e-mesh points
#    data = ( e(i), i = 1, ne + 1 )
#           1.00000E-09  2.50000E+01
     unit =    1            # unit is [1/cm^2/source]
 material =  all            # (D=all) number of specific material
  2D-type =    3            # 1:Cont, 2:Clust, 3:Color, 4:xyz, 5:mat, 6:Clust+Cont, 7:Col+Cont
     axis =      xy            # axis of output
     file = ./out/flujo_CR39_xyz.out  # file name of output for the above axis
     part =  proton   
# kf/name :  2212     
   epsout =    1            # (D=0) generate eps file by ANGEL
#    used :        main (  %)        temp (  %)       total (  %)
#  memory :          76 (  0)           0 (  0)          76 (  0)

#------------------------------------------------------------------------------
#newpage:
#   no. =  1   ie  =  1   iz  =  1   part. = proton  
#   e = (   1.0000E-09  -   2.5000E+01  )
#   z = (   9.8380E+01  -   9.8405E+01  )

'no. =  1,  ie =  1,  iz =  1'
msuc: {\huge Proton fluence maps through CR39}
msdr: {\it plotted by \ANGEL \version}
msdl: {\it calculated by \PHITS  3.35}

x: x [cm]
y: y [cm]
set: c1[ 1.185] c2[ 0.827] c5[ 0.800] c6[ 0.933] c7[ 0.123] c8[ 0.000]
p: h2fs form[c1] xfac[c2] afac[c5] scal[c6] xorg[c7] yorg[c8] nosp
set: c3[   1.400690E+07] c4[   4.522387E+07]
p: cmin[c3] cmax[c4]
p: dmin(1e-31)
p: zlog
p: xmin( -1.350000    ) xmax(  1.350000    )
p: ymin( -1.318500    ) ymax(  1.881500    )
#  ny =  32   nx =  27
# ( ( data(x,y), x = 1, nx ), y = ny, 1, -1 )

hc:  y =   1.831500     to  -1.268500     by  0.1000000     ; x =  -1.300000     to   1.300000     by  0.1000000     ;
  4.326E+07  4.335E+07  4.318E+07  4.329E+07  4.320E+07  4.392E+07  4.378E+07  4.381E+07  4.405E+07  4.391E+07
  4.375E+07  4.369E+07  4.424E+07  4.393E+07  4.397E+07  4.386E+07  4.410E+07  4.407E+07  4.372E+07  4.321E+07
  4.356E+07  4.443E+07  4.349E+07  4.427E+07  4.384E+07  4.321E+07  4.317E+07  4.373E+07  4.430E+07  4.441E+07
  4.367E+07  4.363E+07  4.281E+07  4.345E+07  4.403E+07  4.315E+07  4.357E+07  4.329E+07  4.408E+07  4.398E+07
  4.351E+07  4.319E+07  4.325E+07  4.323E+07  4.284E+07  4.281E+07  4.347E+07  4.327E+07  4.311E+07  4.344E+07
  4.387E+07  4.303E+07  4.289E+07  4.355E+07  4.391E+07  4.375E+07  4.305E+07  4.421E+07  4.352E+07  4.377E+07
  4.333E+07  4.316E+07  4.279E+07  4.417E+07  4.289E+07  4.349E+07  4.320E+07  4.332E+07  4.319E+07  4.328E+07
  4.360E+07  4.440E+07  4.276E+07  4.362E+07  4.331E+07  4.369E+07  4.413E+07  4.400E+07  4.378E+07  4.360E+07
  4.401E+07  4.370E+07  4.311E+07  4.364E+07  4.387E+07  4.366E+07  4.361E+07  4.415E+07  4.279E+07  4.312E+07
  4.365E+07  4.370E+07  4.372E+07  4.329E+07  4.292E+07  4.295E+07  4.375E+07  4.378E+07  4.351E+07  4.359E+07
  4.351E+07  4.330E+07  4.377E+07  4.318E+07  4.335E+07  4.359E+07  4.325E+07  4.262E+07  4.370E+07  4.422E+07
  4.366E+07  4.370E+07  4.349E+07  4.310E+07  4.288E+07  4.315E+07  4.347E+07  4.384E+07  4.306E+07  4.382E+07
  4.323E+07  4.288E+07  4.341E+07  4.317E+07  4.403E+07  4.351E+07  4.328E+07  4.351E+07  4.442E+07  4.265E+07
  4.330E+07  4.279E+07  4.382E+07  4.345E+07  4.359E+07  4.383E+07  4.401E+07  4.277E+07  4.237E+07  4.351E+07
  4.363E+07  4.366E+07  4.347E+07  4.309E+07  4.316E+07  4.316E+07  4.368E+07  4.333E+07  4.319E+07  4.316E+07
  4.307E+07  4.369E+07  4.341E+07  4.369E+07  4.251E+07  4.300E+07  4.366E+07  4.314E+07  4.352E+07  4.368E+07
  4.304E+07  4.394E+07  4.442E+07  4.313E+07  4.371E+07  4.404E+07  4.343E+07  4.311E+07  4.238E+07  4.282E+07
  4.324E+07  4.232E+07  4.309E+07  4.271E+07  4.314E+07  4.389E+07  4.322E+07  4.247E+07  4.286E+07  4.279E+07
  4.304E+07  4.310E+07  4.370E+07  4.334E+07  4.246E+07  4.312E+07  4.249E+07  4.315E+07  4.415E+07  4.298E+07
  4.367E+07  4.455E+07  4.398E+07  4.310E+07  4.281E+07  4.320E+07  4.296E+07  4.181E+07  4.276E+07  4.381E+07
  4.270E+07  4.362E+07  4.231E+07  4.220E+07  4.311E+07  4.282E+07  4.291E+07  4.348E+07  4.392E+07  4.363E+07
  4.324E+07  4.378E+07  4.369E+07  4.344E+07  4.273E+07  4.257E+07  4.329E+07  4.330E+07  4.281E+07  4.260E+07
  4.280E+07  4.285E+07  4.256E+07  4.347E+07  4.318E+07  4.350E+07  4.262E+07  4.281E+07  4.290E+07  4.283E+07
  4.264E+07  4.282E+07  4.277E+07  4.272E+07  4.327E+07  4.281E+07  4.273E+07  4.223E+07  4.251E+07  4.289E+07
  4.346E+07  4.338E+07  4.402E+07  4.304E+07  4.421E+07  4.272E+07  4.328E+07  4.257E+07  4.386E+07  4.299E+07
  4.183E+07  4.319E+07  4.265E+07  4.334E+07  4.320E+07  4.326E+07  4.279E+07  4.354E+07  4.281E+07  4.218E+07
  4.274E+07  4.279E+07  4.353E+07  4.265E+07  4.257E+07  4.327E+07  4.222E+07  4.260E+07  4.378E+07  4.342E+07
  4.346E+07  4.338E+07  4.294E+07  4.264E+07  4.333E+07  4.296E+07  4.273E+07  4.269E+07  4.295E+07  4.235E+07
  4.274E+07  4.246E+07  4.185E+07  4.221E+07  4.167E+07  4.273E+07  4.216E+07  4.244E+07  4.313E+07  4.290E+07
  4.262E+07  4.234E+07  4.302E+07  4.306E+07  4.331E+07  4.276E+07  4.397E+07  4.347E+07  4.373E+07  4.389E+07
  4.273E+07  4.341E+07  4.350E+07  4.293E+07  4.187E+07  4.247E+07  4.263E+07  4.278E+07  4.230E+07  4.235E+07
  4.319E+07  4.205E+07  4.236E+07  4.252E+07  4.317E+07  4.243E+07  4.279E+07  4.209E+07  4.230E+07  4.267E+07
  4.216E+07  4.354E+07  4.300E+07  4.359E+07  4.284E+07  4.333E+07  4.301E+07  4.280E+07  4.334E+07  4.211E+07
  4.306E+07  4.261E+07  4.266E+07  4.272E+07  4.252E+07  4.222E+07  4.276E+07  4.239E+07  4.221E+07  4.238E+07
  4.177E+07  4.278E+07  4.161E+07  4.236E+07  4.299E+07  4.284E+07  4.334E+07  4.335E+07  4.421E+07  4.288E+07
  4.346E+07  4.344E+07  4.218E+07  4.340E+07  4.244E+07  4.244E+07  4.216E+07  4.227E+07  4.219E+07  4.215E+07
  4.272E+07  4.164E+07  4.213E+07  4.229E+07  4.153E+07  4.180E+07  4.218E+07  4.262E+07  4.222E+07  4.216E+07
  4.243E+07  4.203E+07  4.329E+07  4.270E+07  4.256E+07  4.355E+07  4.199E+07  4.309E+07  4.350E+07  4.278E+07
  4.315E+07  4.175E+07  4.261E+07  4.247E+07  4.230E+07  4.290E+07  4.238E+07  4.248E+07  4.209E+07  4.217E+07
  4.251E+07  4.236E+07  4.199E+07  4.224E+07  4.189E+07  4.248E+07  4.176E+07  4.225E+07  4.177E+07  4.280E+07
  4.262E+07  4.294E+07  4.285E+07  4.289E+07  4.400E+07  4.347E+07  4.339E+07  4.285E+07  4.210E+07  4.188E+07
  4.291E+07  4.148E+07  4.153E+07  4.161E+07  4.126E+07  4.194E+07  4.110E+07  4.110E+07  4.157E+07  4.191E+07
  4.139E+07  4.238E+07  4.160E+07  4.293E+07  4.240E+07  4.199E+07  4.227E+07  4.303E+07  4.287E+07  4.321E+07
  4.304E+07  4.380E+07  4.334E+07  4.287E+07  4.295E+07  4.306E+07  4.329E+07  4.225E+07  4.266E+07  4.237E+07
  4.199E+07  4.208E+07  4.227E+07  4.185E+07  4.156E+07  4.179E+07  4.188E+07  4.206E+07  4.200E+07  4.135E+07
  4.194E+07  4.256E+07  4.243E+07  4.133E+07  4.207E+07  4.234E+07  4.236E+07  4.280E+07  4.296E+07  4.352E+07
  4.317E+07  4.287E+07  4.185E+07  4.246E+07  4.237E+07  4.211E+07  4.183E+07  4.187E+07  4.161E+07  4.179E+07
  4.176E+07  4.234E+07  4.218E+07  4.145E+07  4.110E+07  4.159E+07  4.221E+07  4.171E+07  4.247E+07  4.164E+07
  4.184E+07  4.236E+07  4.232E+07  4.176E+07  4.329E+07  4.251E+07  4.296E+07  4.353E+07  4.228E+07  4.202E+07
  4.319E+07  4.231E+07  4.178E+07  4.175E+07  4.172E+07  4.269E+07  4.172E+07  4.176E+07  4.129E+07  4.226E+07
  4.258E+07  4.157E+07  4.124E+07  4.084E+07  4.120E+07  4.164E+07  4.255E+07  4.283E+07  4.257E+07  4.268E+07
  4.356E+07  4.398E+07  4.373E+07  4.297E+07  4.281E+07  4.331E+07  4.225E+07  4.276E+07  4.223E+07  4.267E+07
  4.187E+07  4.164E+07  4.190E+07  4.137E+07  4.184E+07  4.243E+07  4.149E+07  4.107E+07  4.152E+07  4.177E+07
  4.171E+07  4.187E+07  4.204E+07  4.225E+07  4.332E+07  4.183E+07  4.279E+07  4.259E+07  4.293E+07  4.335E+07
  4.379E+07  4.237E+07  4.234E+07  4.195E+07  4.203E+07  4.191E+07  4.233E+07  4.224E+07  4.169E+07  4.225E+07
  4.214E+07  4.080E+07  4.196E+07  4.145E+07  4.213E+07  4.237E+07  4.195E+07  4.140E+07  4.165E+07  4.285E+07
  4.270E+07  4.288E+07  4.203E+07  4.201E+07  4.245E+07  4.268E+07  4.317E+07  4.333E+07  4.281E+07  4.248E+07
  4.311E+07  4.239E+07  4.251E+07  4.222E+07  4.282E+07  4.195E+07  4.183E+07  4.229E+07  4.113E+07  4.183E+07
  4.162E+07  4.154E+07  4.132E+07  4.147E+07  4.186E+07  4.182E+07  4.379E+07  4.227E+07  4.223E+07  4.269E+07
  4.226E+07  4.283E+07  4.318E+07  4.406E+07  4.339E+07  4.272E+07  4.230E+07  4.236E+07  4.327E+07  4.208E+07
  4.130E+07  4.194E+07  4.234E+07  4.200E+07  4.209E+07  4.120E+07  4.209E+07  4.162E+07  4.247E+07  4.216E+07
  4.233E+07  4.161E+07  4.228E+07  4.191E+07  4.185E+07  4.308E+07  4.246E+07  4.185E+07  4.222E+07  4.300E+07
  4.276E+07  4.386E+07  4.260E+07  4.303E+07  4.304E+07  4.299E+07  4.279E+07  4.262E+07  4.264E+07  4.199E+07
  4.220E+07  4.179E+07  4.258E+07  4.133E+07  4.235E+07  4.270E+07  4.236E+07  4.166E+07  4.190E+07  4.217E+07
  4.309E+07  4.199E+07  4.192E+07  4.185E+07  4.243E+07  4.333E+07  4.265E+07  4.252E+07  4.335E+07  4.332E+07
  4.376E+07  4.237E+07  4.165E+07  4.264E+07  4.258E+07  4.249E+07  4.228E+07  4.176E+07  4.271E+07  4.266E+07
  4.202E+07  4.270E+07  4.182E+07  4.221E+07  4.245E+07  4.259E+07  4.306E+07  4.245E+07  4.252E+07  4.276E+07
  4.309E+07  4.282E+07  4.261E+07  4.308E+07  4.328E+07  4.382E+07  4.323E+07  4.259E+07  4.285E+07  4.265E+07
  4.257E+07  4.275E+07  4.280E+07  4.293E+07  4.261E+07  4.289E+07  4.238E+07  4.203E+07  4.175E+07  4.232E+07
  4.238E+07  4.269E+07  4.293E+07  4.255E+07  4.267E+07  4.307E+07  4.226E+07  4.306E+07  4.356E+07  4.351E+07
  4.291E+07  4.302E+07  4.473E+07  4.264E+07  4.258E+07  4.272E+07  4.334E+07  4.282E+07  4.280E+07  4.268E+07
  4.287E+07  4.212E+07  4.266E+07  4.228E+07  4.197E+07  4.290E+07  4.301E+07  4.313E+07  4.272E+07  4.261E+07
  4.272E+07  4.282E+07  4.307E+07  4.261E+07  4.379E+07  4.290E+07  4.340E+07  4.311E+07  4.369E+07  4.522E+07
  4.349E+07  4.362E+07  4.330E+07  4.281E+07  4.227E+07  4.186E+07  4.262E+07  4.282E+07  4.240E+07  4.311E+07
  4.222E+07  4.240E+07  4.203E+07  4.281E+07  4.232E+07  4.207E+07  4.277E+07  4.205E+07  4.256E+07  4.220E+07
  4.282E+07  4.226E+07  4.380E+07  4.348E+07  4.326E+07  4.366E+07  4.326E+07  4.338E+07  4.345E+07  4.380E+07
  4.219E+07  4.252E+07  4.348E+07  4.254E+07  4.233E+07  4.277E+07  4.295E+07  4.297E+07  4.220E+07  4.240E+07
  4.241E+07  4.261E+07  4.207E+07  4.287E+07  4.256E+07  4.259E+07  4.265E+07  4.347E+07  4.315E+07  4.358E+07
  4.378E+07  4.410E+07  4.340E+07  4.342E+07  4.294E+07  4.377E+07  4.334E+07  4.291E+07  4.322E+07  4.302E+07
  4.253E+07  4.285E+07  4.300E+07  4.331E+07  4.311E+07  4.271E+07  4.354E+07  4.323E+07  4.299E+07  4.218E+07
  4.301E+07  4.266E+07  4.306E+07  4.354E+07  4.202E+07  4.270E+07  4.372E+07  4.289E+07  4.430E+07  4.332E+07
  4.395E+07  4.386E+07  4.318E+07  4.382E+07  4.359E+07  4.347E+07  4.320E+07  4.265E+07  4.283E+07  4.259E+07
  4.230E+07  4.383E+07  4.319E+07  4.252E+07  4.374E+07  4.281E+07  4.323E+07  4.276E+07  4.262E+07  4.285E+07
  4.415E+07  4.345E+07  4.333E+07  4.329E+07  4.295E+07  4.224E+07  4.330E+07  4.367E+07  4.368E+07  4.364E+07
  4.341E+07  4.296E+07  4.250E+07  4.364E+07  4.314E+07  4.382E+07  4.257E+07  4.341E+07  4.246E+07  4.267E+07
  4.287E+07  4.330E+07  4.284E+07  4.343E+07  4.261E+07  4.343E+07  4.291E+07  4.339E+07  4.318E+07  4.345E+07
  4.384E+07  4.280E+07  4.316E+07  4.346E+07

#------------------------------------------------------------------------------
z: xorg(1.03)
p: xfac[c2*0.05] form[c1/0.05] notc noxt noyt dmin(1)
p: ymin(0) ymax(1) xmin(0) xmax(1) cmin(1) cmax(100) nosp
hc: y= 0.005 to 0.995 by 0.01 ; x= 0.5 to 0.5 by 1 ;
 1  2  3  4  5  6  7  8  9 10 11 12 13 14 15 16 17 18 19 20
21 22 23 24 25 26 27 28 29 30 31 32 33 34 35 36 37 38 39 40
41 42 43 44 45 46 47 48 49 50 51 52 53 54 55 56 57 58 59 60
61 62 63 64 65 66 67 68 69 70 71 72 73 74 75 76 77 78 79 80
81 82 83 84 85 86 87 88 89 90 91 92 93 94 95 96 97 98 99 100
z: xorg(0.0)
p: xfac[c2*0.05] form[c1/0.05] nosp afac[c5*0.625] ymin[c3] ymax[c4]
p: noxt noxn ytxt(-1) ynum(-1) xltd(-1) xstd(-1) itic(1) ylog
y: Flux [1/cm^2/source]              
#------------------------------------------------------------------------------

wt: s[c5]
\vspace{-3}
  emin  &=&   1.0000E-09 [MeV]
  emax  &=&   2.5000E+01 [MeV]
  zmin  &=&   9.8380E+01 [cm]
  zmax  &=&   9.8405E+01 [cm]
  part. &=& proton  
e:

#------------------------------------------------------------------------------
z: xorg[-1.03/0.05]
p: form[c1] xfac[c2] afac[c5] nosp notf
p: xmin( -1.350000    ) xmax(  1.350000    )
p: ymin( -1.318500    ) ymax(  1.881500    )

#------------------------------------------------------------------------------
 newpage:
#   no. =  2   ie  =  1   iz  =  2   part. = proton  
#   e = (   1.0000E-09  -   2.5000E+01  )
#   z = (   9.8405E+01  -   9.8430E+01  )

'no. =  2,  ie =  1,  iz =  2'
msuc: {\huge Proton fluence maps through CR39}
msdr: {\it plotted by \ANGEL \version}
msdl: {\it calculated by \PHITS  3.35}

x: x [cm]
y: y [cm]
set: c1[ 1.185] c2[ 0.827] c5[ 0.800] c6[ 0.933] c7[ 0.123] c8[ 0.000]
p: h2fs form[c1] xfac[c2] afac[c5] scal[c6] xorg[c7] yorg[c8] nosp
set: c3[   1.400690E+07] c4[   4.522387E+07]
p: cmin[c3] cmax[c4]
p: dmin(1e-31)
p: zlog
p: xmin( -1.350000    ) xmax(  1.350000    )
p: ymin( -1.318500    ) ymax(  1.881500    )
#  ny =  32   nx =  27
# ( ( data(x,y), x = 1, nx ), y = ny, 1, -1 )

hc:  y =   1.831500     to  -1.268500     by  0.1000000     ; x =  -1.300000     to   1.300000     by  0.1000000     ;
  4.135E+07  4.115E+07  4.115E+07  4.118E+07  4.108E+07  4.181E+07  4.159E+07  4.168E+07  4.161E+07  4.169E+07
  4.151E+07  4.160E+07  4.194E+07  4.192E+07  4.179E+07  4.179E+07  4.188E+07  4.178E+07  4.156E+07  4.106E+07
  4.148E+07  4.247E+07  4.131E+07  4.220E+07  4.167E+07  4.114E+07  4.111E+07  4.171E+07  4.199E+07  4.211E+07
  4.151E+07  4.142E+07  4.064E+07  4.117E+07  4.160E+07  4.081E+07  4.152E+07  4.095E+07  4.183E+07  4.177E+07
  4.127E+07  4.097E+07  4.111E+07  4.100E+07  4.059E+07  4.046E+07  4.125E+07  4.094E+07  4.092E+07  4.121E+07
  4.146E+07  4.072E+07  4.076E+07  4.137E+07  4.182E+07  4.146E+07  4.077E+07  4.167E+07  4.121E+07  4.164E+07
  4.125E+07  4.077E+07  4.053E+07  4.175E+07  4.060E+07  4.134E+07  4.100E+07  4.095E+07  4.074E+07  4.111E+07
  4.151E+07  4.204E+07  4.043E+07  4.132E+07  4.108E+07  4.154E+07  4.187E+07  4.186E+07  4.141E+07  4.146E+07
  4.168E+07  4.151E+07  4.083E+07  4.124E+07  4.149E+07  4.136E+07  4.139E+07  4.190E+07  4.068E+07  4.090E+07
  4.126E+07  4.140E+07  4.137E+07  4.100E+07  4.080E+07  4.071E+07  4.141E+07  4.126E+07  4.120E+07  4.128E+07
  4.136E+07  4.116E+07  4.152E+07  4.102E+07  4.104E+07  4.113E+07  4.110E+07  4.055E+07  4.164E+07  4.183E+07
  4.139E+07  4.141E+07  4.126E+07  4.080E+07  4.063E+07  4.095E+07  4.139E+07  4.150E+07  4.067E+07  4.163E+07
  4.091E+07  4.063E+07  4.124E+07  4.094E+07  4.171E+07  4.131E+07  4.106E+07  4.128E+07  4.200E+07  4.034E+07
  4.115E+07  4.055E+07  4.148E+07  4.112E+07  4.137E+07  4.166E+07  4.176E+07  4.043E+07  4.014E+07  4.145E+07
  4.146E+07  4.121E+07  4.116E+07  4.085E+07  4.091E+07  4.065E+07  4.153E+07  4.099E+07  4.084E+07  4.093E+07
  4.078E+07  4.141E+07  4.127E+07  4.123E+07  4.037E+07  4.068E+07  4.151E+07  4.082E+07  4.131E+07  4.137E+07
  4.065E+07  4.173E+07  4.228E+07  4.089E+07  4.154E+07  4.168E+07  4.104E+07  4.066E+07  4.021E+07  4.058E+07
  4.099E+07  4.011E+07  4.072E+07  4.043E+07  4.084E+07  4.139E+07  4.081E+07  4.034E+07  4.050E+07  4.039E+07
  4.065E+07  4.088E+07  4.157E+07  4.115E+07  4.012E+07  4.090E+07  4.030E+07  4.083E+07  4.201E+07  4.073E+07
  4.114E+07  4.223E+07  4.159E+07  4.078E+07  4.051E+07  4.076E+07  4.075E+07  3.943E+07  4.053E+07  4.147E+07
  4.025E+07  4.151E+07  4.007E+07  3.995E+07  4.084E+07  4.041E+07  4.060E+07  4.119E+07  4.149E+07  4.135E+07
  4.105E+07  4.127E+07  4.136E+07  4.116E+07  4.031E+07  4.056E+07  4.127E+07  4.120E+07  4.057E+07  4.022E+07
  4.044E+07  4.069E+07  4.046E+07  4.129E+07  4.079E+07  4.114E+07  4.038E+07  4.022E+07  4.067E+07  4.041E+07
  4.021E+07  4.056E+07  4.045E+07  4.023E+07  4.102E+07  4.060E+07  4.024E+07  4.005E+07  4.020E+07  4.058E+07
  4.117E+07  4.112E+07  4.164E+07  4.072E+07  4.193E+07  4.041E+07  4.104E+07  4.024E+07  4.158E+07  4.067E+07
  3.953E+07  4.086E+07  4.024E+07  4.095E+07  4.100E+07  4.096E+07  4.049E+07  4.142E+07  4.050E+07  3.995E+07
  4.067E+07  4.043E+07  4.112E+07  4.039E+07  4.010E+07  4.092E+07  3.991E+07  4.027E+07  4.144E+07  4.135E+07
  4.108E+07  4.110E+07  4.068E+07  4.024E+07  4.099E+07  4.067E+07  4.034E+07  4.025E+07  4.063E+07  4.001E+07
  4.054E+07  4.013E+07  3.941E+07  3.986E+07  3.946E+07  4.032E+07  3.988E+07  3.991E+07  4.084E+07  4.066E+07
  4.035E+07  4.015E+07  4.051E+07  4.063E+07  4.105E+07  4.056E+07  4.195E+07  4.119E+07  4.118E+07  4.176E+07
  4.047E+07  4.115E+07  4.108E+07  4.053E+07  3.957E+07  4.005E+07  4.020E+07  4.057E+07  3.999E+07  4.009E+07
  4.074E+07  3.963E+07  4.007E+07  4.027E+07  4.089E+07  4.000E+07  4.041E+07  3.972E+07  4.018E+07  4.048E+07
  4.003E+07  4.115E+07  4.082E+07  4.133E+07  4.054E+07  4.097E+07  4.076E+07  4.042E+07  4.098E+07  3.970E+07
  4.087E+07  4.025E+07  4.028E+07  4.033E+07  4.017E+07  3.998E+07  4.049E+07  3.996E+07  4.006E+07  3.980E+07
  3.954E+07  4.047E+07  3.930E+07  4.021E+07  4.073E+07  4.046E+07  4.104E+07  4.097E+07  4.194E+07  4.064E+07
  4.135E+07  4.122E+07  3.977E+07  4.110E+07  4.002E+07  4.006E+07  3.976E+07  3.986E+07  3.973E+07  3.987E+07
  4.042E+07  3.960E+07  3.968E+07  4.027E+07  3.922E+07  3.945E+07  3.988E+07  4.023E+07  3.996E+07  3.979E+07
  4.006E+07  3.985E+07  4.112E+07  4.025E+07  4.029E+07  4.123E+07  3.984E+07  4.100E+07  4.118E+07  4.054E+07
  4.081E+07  3.962E+07  4.038E+07  4.030E+07  3.990E+07  4.058E+07  4.003E+07  4.017E+07  3.967E+07  3.966E+07
  4.008E+07  4.011E+07  3.977E+07  3.986E+07  3.971E+07  4.011E+07  3.969E+07  3.991E+07  3.947E+07  4.044E+07
  4.025E+07  4.060E+07  4.036E+07  4.065E+07  4.180E+07  4.141E+07  4.094E+07  4.063E+07  3.978E+07  3.939E+07
  4.049E+07  3.930E+07  3.932E+07  3.929E+07  3.904E+07  3.943E+07  3.892E+07  3.890E+07  3.918E+07  3.949E+07
  3.918E+07  4.004E+07  3.938E+07  4.059E+07  3.993E+07  3.967E+07  3.990E+07  4.080E+07  4.061E+07  4.092E+07
  4.090E+07  4.170E+07  4.110E+07  4.063E+07  4.070E+07  4.053E+07  4.108E+07  3.992E+07  4.030E+07  4.006E+07
  3.954E+07  3.994E+07  3.989E+07  3.951E+07  3.931E+07  3.944E+07  3.960E+07  3.964E+07  3.969E+07  3.913E+07
  3.986E+07  4.029E+07  4.001E+07  3.906E+07  3.982E+07  4.012E+07  4.010E+07  4.051E+07  4.071E+07  4.134E+07
  4.079E+07  4.056E+07  3.956E+07  4.011E+07  4.015E+07  3.995E+07  3.956E+07  3.966E+07  3.927E+07  3.938E+07
  3.953E+07  4.006E+07  3.985E+07  3.908E+07  3.871E+07  3.931E+07  4.011E+07  3.939E+07  4.026E+07  3.927E+07
  3.944E+07  3.996E+07  3.995E+07  3.944E+07  4.092E+07  4.047E+07  4.078E+07  4.115E+07  4.012E+07  3.960E+07
  4.082E+07  4.003E+07  3.954E+07  3.939E+07  3.947E+07  4.028E+07  3.942E+07  3.948E+07  3.887E+07  3.983E+07
  4.027E+07  3.925E+07  3.906E+07  3.869E+07  3.867E+07  3.930E+07  4.026E+07  4.046E+07  4.033E+07  4.035E+07
  4.098E+07  4.166E+07  4.143E+07  4.079E+07  4.053E+07  4.108E+07  3.971E+07  4.040E+07  3.981E+07  4.031E+07
  3.936E+07  3.936E+07  3.970E+07  3.910E+07  3.958E+07  4.026E+07  3.903E+07  3.890E+07  3.927E+07  3.951E+07
  3.962E+07  3.974E+07  3.973E+07  3.996E+07  4.103E+07  3.957E+07  4.051E+07  4.038E+07  4.061E+07  4.102E+07
  4.148E+07  4.017E+07  4.014E+07  3.976E+07  3.987E+07  3.968E+07  4.012E+07  3.995E+07  3.938E+07  4.005E+07
  3.989E+07  3.855E+07  3.964E+07  3.908E+07  4.003E+07  3.997E+07  3.964E+07  3.909E+07  3.949E+07  4.070E+07
  4.037E+07  4.051E+07  3.971E+07  3.973E+07  4.017E+07  4.045E+07  4.096E+07  4.112E+07  4.050E+07  4.006E+07
  4.078E+07  4.009E+07  4.022E+07  3.989E+07  4.041E+07  3.968E+07  3.950E+07  4.000E+07  3.897E+07  3.953E+07
  3.937E+07  3.919E+07  3.907E+07  3.915E+07  3.943E+07  3.956E+07  4.127E+07  3.995E+07  3.982E+07  4.030E+07
  3.996E+07  4.056E+07  4.093E+07  4.173E+07  4.134E+07  4.053E+07  3.978E+07  4.012E+07  4.127E+07  3.974E+07
  3.900E+07  3.966E+07  4.012E+07  3.978E+07  3.996E+07  3.904E+07  3.982E+07  3.933E+07  4.018E+07  3.995E+07
  4.003E+07  3.935E+07  3.994E+07  3.966E+07  3.949E+07  4.072E+07  4.021E+07  3.975E+07  3.986E+07  4.075E+07
  4.045E+07  4.158E+07  4.031E+07  4.072E+07  4.075E+07  4.049E+07  4.047E+07  4.021E+07  4.037E+07  3.956E+07
  3.986E+07  3.954E+07  4.029E+07  3.900E+07  4.012E+07  4.037E+07  3.995E+07  3.935E+07  3.974E+07  3.984E+07
  4.085E+07  3.979E+07  3.962E+07  3.969E+07  4.020E+07  4.102E+07  4.031E+07  4.034E+07  4.121E+07  4.083E+07
  4.140E+07  4.014E+07  3.941E+07  4.031E+07  4.024E+07  4.023E+07  4.001E+07  3.954E+07  4.038E+07  4.043E+07
  3.971E+07  4.040E+07  3.948E+07  3.983E+07  4.003E+07  4.030E+07  4.075E+07  3.994E+07  4.026E+07  4.050E+07
  4.073E+07  4.053E+07  4.023E+07  4.094E+07  4.108E+07  4.159E+07  4.080E+07  4.037E+07  4.067E+07  4.027E+07
  4.026E+07  4.041E+07  4.047E+07  4.051E+07  4.019E+07  4.065E+07  4.004E+07  3.980E+07  3.935E+07  4.013E+07
  4.001E+07  4.019E+07  4.056E+07  4.019E+07  4.041E+07  4.095E+07  4.002E+07  4.048E+07  4.135E+07  4.133E+07
  4.066E+07  4.075E+07  4.263E+07  4.024E+07  4.022E+07  4.059E+07  4.105E+07  4.049E+07  4.038E+07  4.047E+07
  4.047E+07  3.978E+07  4.022E+07  4.011E+07  3.980E+07  4.049E+07  4.057E+07  4.080E+07  4.043E+07  4.039E+07
  4.046E+07  4.064E+07  4.058E+07  4.042E+07  4.134E+07  4.060E+07  4.090E+07  4.087E+07  4.142E+07  4.297E+07
  4.121E+07  4.133E+07  4.091E+07  4.039E+07  4.011E+07  3.958E+07  4.023E+07  4.069E+07  4.004E+07  4.086E+07
  4.005E+07  3.995E+07  3.978E+07  4.042E+07  4.002E+07  3.971E+07  4.045E+07  3.958E+07  4.026E+07  3.994E+07
  4.062E+07  4.003E+07  4.150E+07  4.123E+07  4.100E+07  4.148E+07  4.113E+07  4.133E+07  4.120E+07  4.151E+07
  3.994E+07  4.030E+07  4.109E+07  4.032E+07  4.009E+07  4.056E+07  4.074E+07  4.076E+07  3.993E+07  4.017E+07
  4.009E+07  4.037E+07  3.975E+07  4.069E+07  4.035E+07  4.031E+07  4.034E+07  4.119E+07  4.094E+07  4.129E+07
  4.138E+07  4.196E+07  4.113E+07  4.131E+07  4.071E+07  4.134E+07  4.110E+07  4.062E+07  4.096E+07  4.058E+07
  4.028E+07  4.047E+07  4.079E+07  4.101E+07  4.089E+07  4.040E+07  4.130E+07  4.097E+07  4.076E+07  3.994E+07
  4.060E+07  4.046E+07  4.071E+07  4.109E+07  3.989E+07  4.028E+07  4.151E+07  4.064E+07  4.184E+07  4.124E+07
  4.186E+07  4.153E+07  4.103E+07  4.144E+07  4.138E+07  4.117E+07  4.082E+07  4.032E+07  4.061E+07  4.032E+07
  4.010E+07  4.158E+07  4.084E+07  4.014E+07  4.135E+07  4.047E+07  4.107E+07  4.032E+07  4.029E+07  4.054E+07
  4.168E+07  4.102E+07  4.117E+07  4.086E+07  4.064E+07  4.011E+07  4.092E+07  4.158E+07  4.144E+07  4.145E+07
  4.127E+07  4.070E+07  4.017E+07  4.123E+07  4.083E+07  4.147E+07  4.037E+07  4.140E+07  4.020E+07  4.052E+07
  4.043E+07  4.096E+07  4.056E+07  4.119E+07  4.035E+07  4.118E+07  4.085E+07  4.112E+07  4.084E+07  4.104E+07
  4.168E+07  4.053E+07  4.087E+07  4.139E+07

#------------------------------------------------------------------------------
z: xorg(1.03)
p: xfac[c2*0.05] form[c1/0.05] notc noxt noyt dmin(1)
p: ymin(0) ymax(1) xmin(0) xmax(1) cmin(1) cmax(100) nosp
hc: y= 0.005 to 0.995 by 0.01 ; x= 0.5 to 0.5 by 1 ;
 1  2  3  4  5  6  7  8  9 10 11 12 13 14 15 16 17 18 19 20
21 22 23 24 25 26 27 28 29 30 31 32 33 34 35 36 37 38 39 40
41 42 43 44 45 46 47 48 49 50 51 52 53 54 55 56 57 58 59 60
61 62 63 64 65 66 67 68 69 70 71 72 73 74 75 76 77 78 79 80
81 82 83 84 85 86 87 88 89 90 91 92 93 94 95 96 97 98 99 100
z: xorg(0.0)
p: xfac[c2*0.05] form[c1/0.05] nosp afac[c5*0.625] ymin[c3] ymax[c4]
p: noxt noxn ytxt(-1) ynum(-1) xltd(-1) xstd(-1) itic(1) ylog
y: Flux [1/cm^2/source]              
#------------------------------------------------------------------------------

wt: s[c5]
\vspace{-3}
  emin  &=&   1.0000E-09 [MeV]
  emax  &=&   2.5000E+01 [MeV]
  zmin  &=&   9.8405E+01 [cm]
  zmax  &=&   9.8430E+01 [cm]
  part. &=& proton  
e:

#------------------------------------------------------------------------------
z: xorg[-1.03/0.05]
p: form[c1] xfac[c2] afac[c5] nosp notf
p: xmin( -1.350000    ) xmax(  1.350000    )
p: ymin( -1.318500    ) ymax(  1.881500    )

#------------------------------------------------------------------------------
 newpage:
#   no. =  3   ie  =  1   iz  =  3   part. = proton  
#   e = (   1.0000E-09  -   2.5000E+01  )
#   z = (   9.8430E+01  -   9.8455E+01  )

'no. =  3,  ie =  1,  iz =  3'
msuc: {\huge Proton fluence maps through CR39}
msdr: {\it plotted by \ANGEL \version}
msdl: {\it calculated by \PHITS  3.35}

x: x [cm]
y: y [cm]
set: c1[ 1.185] c2[ 0.827] c5[ 0.800] c6[ 0.933] c7[ 0.123] c8[ 0.000]
p: h2fs form[c1] xfac[c2] afac[c5] scal[c6] xorg[c7] yorg[c8] nosp
set: c3[   1.400690E+07] c4[   4.522387E+07]
p: cmin[c3] cmax[c4]
p: dmin(1e-31)
p: zlog
p: xmin( -1.350000    ) xmax(  1.350000    )
p: ymin( -1.318500    ) ymax(  1.881500    )
#  ny =  32   nx =  27
# ( ( data(x,y), x = 1, nx ), y = ny, 1, -1 )

hc:  y =   1.831500     to  -1.268500     by  0.1000000     ; x =  -1.300000     to   1.300000     by  0.1000000     ;
  3.884E+07  3.843E+07  3.875E+07  3.863E+07  3.857E+07  3.932E+07  3.893E+07  3.918E+07  3.884E+07  3.915E+07
  3.893E+07  3.907E+07  3.920E+07  3.932E+07  3.913E+07  3.928E+07  3.928E+07  3.920E+07  3.913E+07  3.849E+07
  3.891E+07  3.987E+07  3.878E+07  3.973E+07  3.912E+07  3.871E+07  3.857E+07  3.921E+07  3.932E+07  3.932E+07
  3.878E+07  3.862E+07  3.814E+07  3.856E+07  3.888E+07  3.804E+07  3.882E+07  3.831E+07  3.902E+07  3.923E+07
  3.865E+07  3.827E+07  3.828E+07  3.830E+07  3.784E+07  3.788E+07  3.865E+07  3.816E+07  3.844E+07  3.864E+07
  3.874E+07  3.836E+07  3.810E+07  3.884E+07  3.930E+07  3.869E+07  3.825E+07  3.892E+07  3.856E+07  3.912E+07
  3.856E+07  3.808E+07  3.793E+07  3.910E+07  3.788E+07  3.868E+07  3.827E+07  3.835E+07  3.813E+07  3.845E+07
  3.871E+07  3.948E+07  3.793E+07  3.865E+07  3.847E+07  3.886E+07  3.925E+07  3.925E+07  3.877E+07  3.876E+07
  3.892E+07  3.888E+07  3.809E+07  3.858E+07  3.885E+07  3.866E+07  3.872E+07  3.936E+07  3.813E+07  3.816E+07
  3.851E+07  3.875E+07  3.864E+07  3.834E+07  3.828E+07  3.800E+07  3.882E+07  3.845E+07  3.863E+07  3.851E+07
  3.878E+07  3.858E+07  3.871E+07  3.840E+07  3.836E+07  3.851E+07  3.853E+07  3.796E+07  3.918E+07  3.900E+07
  3.873E+07  3.886E+07  3.870E+07  3.817E+07  3.805E+07  3.816E+07  3.886E+07  3.875E+07  3.807E+07  3.884E+07
  3.830E+07  3.804E+07  3.868E+07  3.845E+07  3.914E+07  3.859E+07  3.856E+07  3.863E+07  3.912E+07  3.791E+07
  3.853E+07  3.785E+07  3.883E+07  3.848E+07  3.864E+07  3.903E+07  3.907E+07  3.788E+07  3.759E+07  3.874E+07
  3.866E+07  3.858E+07  3.859E+07  3.815E+07  3.812E+07  3.820E+07  3.864E+07  3.829E+07  3.811E+07  3.829E+07
  3.804E+07  3.856E+07  3.865E+07  3.837E+07  3.788E+07  3.823E+07  3.889E+07  3.819E+07  3.852E+07  3.858E+07
  3.800E+07  3.910E+07  3.958E+07  3.827E+07  3.894E+07  3.887E+07  3.832E+07  3.807E+07  3.747E+07  3.803E+07
  3.825E+07  3.730E+07  3.787E+07  3.778E+07  3.812E+07  3.856E+07  3.790E+07  3.784E+07  3.778E+07  3.768E+07
  3.777E+07  3.827E+07  3.888E+07  3.842E+07  3.763E+07  3.822E+07  3.775E+07  3.814E+07  3.936E+07  3.814E+07
  3.841E+07  3.942E+07  3.883E+07  3.802E+07  3.787E+07  3.808E+07  3.792E+07  3.657E+07  3.782E+07  3.867E+07
  3.745E+07  3.886E+07  3.731E+07  3.745E+07  3.817E+07  3.767E+07  3.783E+07  3.864E+07  3.882E+07  3.863E+07
  3.826E+07  3.855E+07  3.866E+07  3.847E+07  3.759E+07  3.809E+07  3.869E+07  3.856E+07  3.783E+07  3.742E+07
  3.786E+07  3.815E+07  3.795E+07  3.863E+07  3.810E+07  3.859E+07  3.772E+07  3.735E+07  3.793E+07  3.764E+07
  3.753E+07  3.791E+07  3.782E+07  3.756E+07  3.828E+07  3.805E+07  3.731E+07  3.761E+07  3.754E+07  3.801E+07
  3.866E+07  3.828E+07  3.917E+07  3.789E+07  3.920E+07  3.786E+07  3.838E+07  3.755E+07  3.888E+07  3.802E+07
  3.693E+07  3.818E+07  3.737E+07  3.817E+07  3.832E+07  3.824E+07  3.774E+07  3.856E+07  3.778E+07  3.743E+07
  3.789E+07  3.778E+07  3.843E+07  3.779E+07  3.731E+07  3.814E+07  3.741E+07  3.766E+07  3.872E+07  3.879E+07
  3.848E+07  3.839E+07  3.807E+07  3.746E+07  3.819E+07  3.820E+07  3.749E+07  3.757E+07  3.784E+07  3.728E+07
  3.776E+07  3.736E+07  3.680E+07  3.717E+07  3.675E+07  3.761E+07  3.730E+07  3.740E+07  3.811E+07  3.791E+07
  3.782E+07  3.748E+07  3.760E+07  3.781E+07  3.829E+07  3.795E+07  3.932E+07  3.844E+07  3.843E+07  3.908E+07
  3.784E+07  3.852E+07  3.819E+07  3.789E+07  3.698E+07  3.727E+07  3.745E+07  3.778E+07  3.714E+07  3.740E+07
  3.813E+07  3.691E+07  3.735E+07  3.750E+07  3.811E+07  3.732E+07  3.775E+07  3.708E+07  3.771E+07  3.780E+07
  3.728E+07  3.839E+07  3.797E+07  3.873E+07  3.803E+07  3.823E+07  3.802E+07  3.770E+07  3.811E+07  3.705E+07
  3.815E+07  3.752E+07  3.761E+07  3.771E+07  3.732E+07  3.734E+07  3.779E+07  3.730E+07  3.753E+07  3.685E+07
  3.686E+07  3.779E+07  3.655E+07  3.752E+07  3.796E+07  3.768E+07  3.816E+07  3.826E+07  3.921E+07  3.791E+07
  3.860E+07  3.868E+07  3.723E+07  3.830E+07  3.715E+07  3.733E+07  3.719E+07  3.700E+07  3.711E+07  3.734E+07
  3.750E+07  3.703E+07  3.688E+07  3.763E+07  3.660E+07  3.664E+07  3.711E+07  3.735E+07  3.734E+07  3.701E+07
  3.733E+07  3.727E+07  3.831E+07  3.775E+07  3.771E+07  3.834E+07  3.720E+07  3.836E+07  3.857E+07  3.776E+07
  3.823E+07  3.687E+07  3.762E+07  3.757E+07  3.729E+07  3.788E+07  3.729E+07  3.762E+07  3.689E+07  3.681E+07
  3.724E+07  3.722E+07  3.702E+07  3.727E+07  3.717E+07  3.730E+07  3.698E+07  3.717E+07  3.676E+07  3.771E+07
  3.752E+07  3.791E+07  3.774E+07  3.790E+07  3.916E+07  3.870E+07  3.806E+07  3.773E+07  3.725E+07  3.658E+07
  3.773E+07  3.665E+07  3.671E+07  3.663E+07  3.630E+07  3.670E+07  3.628E+07  3.625E+07  3.635E+07  3.693E+07
  3.661E+07  3.731E+07  3.682E+07  3.777E+07  3.725E+07  3.712E+07  3.722E+07  3.811E+07  3.784E+07  3.804E+07
  3.829E+07  3.881E+07  3.839E+07  3.778E+07  3.806E+07  3.768E+07  3.838E+07  3.716E+07  3.754E+07  3.735E+07
  3.682E+07  3.707E+07  3.718E+07  3.681E+07  3.659E+07  3.674E+07  3.677E+07  3.677E+07  3.712E+07  3.654E+07
  3.725E+07  3.752E+07  3.729E+07  3.643E+07  3.706E+07  3.727E+07  3.736E+07  3.775E+07  3.814E+07  3.878E+07
  3.814E+07  3.790E+07  3.693E+07  3.735E+07  3.748E+07  3.745E+07  3.692E+07  3.683E+07  3.667E+07  3.668E+07
  3.684E+07  3.730E+07  3.707E+07  3.638E+07  3.601E+07  3.650E+07  3.758E+07  3.675E+07  3.764E+07  3.651E+07
  3.679E+07  3.730E+07  3.723E+07  3.683E+07  3.817E+07  3.779E+07  3.822E+07  3.836E+07  3.756E+07  3.708E+07
  3.804E+07  3.746E+07  3.681E+07  3.673E+07  3.675E+07  3.749E+07  3.670E+07  3.668E+07  3.618E+07  3.724E+07
  3.759E+07  3.646E+07  3.650E+07  3.594E+07  3.593E+07  3.658E+07  3.744E+07  3.778E+07  3.745E+07  3.767E+07
  3.799E+07  3.885E+07  3.871E+07  3.809E+07  3.796E+07  3.816E+07  3.700E+07  3.763E+07  3.714E+07  3.771E+07
  3.657E+07  3.674E+07  3.718E+07  3.638E+07  3.679E+07  3.769E+07  3.634E+07  3.612E+07  3.649E+07  3.684E+07
  3.692E+07  3.704E+07  3.701E+07  3.714E+07  3.827E+07  3.692E+07  3.797E+07  3.783E+07  3.788E+07  3.828E+07
  3.894E+07  3.763E+07  3.746E+07  3.711E+07  3.721E+07  3.698E+07  3.739E+07  3.735E+07  3.680E+07  3.723E+07
  3.721E+07  3.592E+07  3.681E+07  3.639E+07  3.725E+07  3.725E+07  3.686E+07  3.647E+07  3.705E+07  3.799E+07
  3.771E+07  3.767E+07  3.706E+07  3.706E+07  3.745E+07  3.776E+07  3.833E+07  3.846E+07  3.779E+07  3.726E+07
  3.792E+07  3.730E+07  3.725E+07  3.723E+07  3.756E+07  3.707E+07  3.680E+07  3.716E+07  3.638E+07  3.686E+07
  3.655E+07  3.666E+07  3.620E+07  3.667E+07  3.664E+07  3.686E+07  3.846E+07  3.727E+07  3.715E+07  3.764E+07
  3.727E+07  3.767E+07  3.837E+07  3.909E+07  3.878E+07  3.791E+07  3.709E+07  3.748E+07  3.857E+07  3.712E+07
  3.630E+07  3.705E+07  3.747E+07  3.698E+07  3.725E+07  3.649E+07  3.687E+07  3.661E+07  3.747E+07  3.714E+07
  3.750E+07  3.672E+07  3.723E+07  3.705E+07  3.696E+07  3.794E+07  3.759E+07  3.725E+07  3.721E+07  3.815E+07
  3.785E+07  3.875E+07  3.785E+07  3.801E+07  3.796E+07  3.788E+07  3.767E+07  3.756E+07  3.751E+07  3.678E+07
  3.711E+07  3.689E+07  3.759E+07  3.633E+07  3.740E+07  3.751E+07  3.721E+07  3.661E+07  3.720E+07  3.720E+07
  3.796E+07  3.719E+07  3.671E+07  3.708E+07  3.748E+07  3.818E+07  3.755E+07  3.789E+07  3.867E+07  3.819E+07
  3.851E+07  3.732E+07  3.673E+07  3.750E+07  3.745E+07  3.745E+07  3.737E+07  3.686E+07  3.758E+07  3.771E+07
  3.712E+07  3.770E+07  3.654E+07  3.715E+07  3.730E+07  3.763E+07  3.802E+07  3.715E+07  3.769E+07  3.773E+07
  3.793E+07  3.782E+07  3.764E+07  3.831E+07  3.852E+07  3.896E+07  3.818E+07  3.761E+07  3.791E+07  3.785E+07
  3.747E+07  3.768E+07  3.790E+07  3.781E+07  3.747E+07  3.790E+07  3.738E+07  3.698E+07  3.668E+07  3.742E+07
  3.714E+07  3.745E+07  3.766E+07  3.756E+07  3.778E+07  3.833E+07  3.739E+07  3.781E+07  3.873E+07  3.846E+07
  3.801E+07  3.802E+07  4.009E+07  3.749E+07  3.756E+07  3.793E+07  3.811E+07  3.785E+07  3.774E+07  3.788E+07
  3.763E+07  3.717E+07  3.766E+07  3.743E+07  3.717E+07  3.778E+07  3.776E+07  3.792E+07  3.783E+07  3.772E+07
  3.773E+07  3.800E+07  3.781E+07  3.758E+07  3.852E+07  3.782E+07  3.818E+07  3.819E+07  3.880E+07  4.045E+07
  3.856E+07  3.864E+07  3.819E+07  3.780E+07  3.766E+07  3.685E+07  3.727E+07  3.801E+07  3.734E+07  3.816E+07
  3.746E+07  3.705E+07  3.706E+07  3.763E+07  3.735E+07  3.714E+07  3.762E+07  3.684E+07  3.737E+07  3.732E+07
  3.782E+07  3.725E+07  3.874E+07  3.869E+07  3.825E+07  3.889E+07  3.862E+07  3.853E+07  3.839E+07  3.893E+07
  3.729E+07  3.754E+07  3.829E+07  3.759E+07  3.741E+07  3.782E+07  3.804E+07  3.813E+07  3.728E+07  3.754E+07
  3.756E+07  3.752E+07  3.719E+07  3.813E+07  3.769E+07  3.769E+07  3.755E+07  3.863E+07  3.823E+07  3.859E+07
  3.864E+07  3.944E+07  3.848E+07  3.874E+07  3.802E+07  3.863E+07  3.840E+07  3.783E+07  3.829E+07  3.785E+07
  3.772E+07  3.778E+07  3.822E+07  3.829E+07  3.817E+07  3.774E+07  3.878E+07  3.815E+07  3.803E+07  3.742E+07
  3.767E+07  3.782E+07  3.810E+07  3.825E+07  3.731E+07  3.762E+07  3.892E+07  3.797E+07  3.903E+07  3.854E+07
  3.926E+07  3.871E+07  3.845E+07  3.862E+07  3.893E+07  3.852E+07  3.805E+07  3.756E+07  3.804E+07  3.766E+07
  3.749E+07  3.878E+07  3.799E+07  3.752E+07  3.846E+07  3.791E+07  3.827E+07  3.760E+07  3.764E+07  3.808E+07
  3.890E+07  3.830E+07  3.846E+07  3.818E+07  3.806E+07  3.752E+07  3.828E+07  3.906E+07  3.893E+07  3.872E+07
  3.868E+07  3.811E+07  3.775E+07  3.854E+07  3.819E+07  3.870E+07  3.767E+07  3.871E+07  3.757E+07  3.772E+07
  3.769E+07  3.845E+07  3.801E+07  3.853E+07  3.751E+07  3.842E+07  3.817E+07  3.851E+07  3.825E+07  3.839E+07
  3.910E+07  3.773E+07  3.820E+07  3.871E+07

#------------------------------------------------------------------------------
z: xorg(1.03)
p: xfac[c2*0.05] form[c1/0.05] notc noxt noyt dmin(1)
p: ymin(0) ymax(1) xmin(0) xmax(1) cmin(1) cmax(100) nosp
hc: y= 0.005 to 0.995 by 0.01 ; x= 0.5 to 0.5 by 1 ;
 1  2  3  4  5  6  7  8  9 10 11 12 13 14 15 16 17 18 19 20
21 22 23 24 25 26 27 28 29 30 31 32 33 34 35 36 37 38 39 40
41 42 43 44 45 46 47 48 49 50 51 52 53 54 55 56 57 58 59 60
61 62 63 64 65 66 67 68 69 70 71 72 73 74 75 76 77 78 79 80
81 82 83 84 85 86 87 88 89 90 91 92 93 94 95 96 97 98 99 100
z: xorg(0.0)
p: xfac[c2*0.05] form[c1/0.05] nosp afac[c5*0.625] ymin[c3] ymax[c4]
p: noxt noxn ytxt(-1) ynum(-1) xltd(-1) xstd(-1) itic(1) ylog
y: Flux [1/cm^2/source]              
#------------------------------------------------------------------------------

wt: s[c5]
\vspace{-3}
  emin  &=&   1.0000E-09 [MeV]
  emax  &=&   2.5000E+01 [MeV]
  zmin  &=&   9.8430E+01 [cm]
  zmax  &=&   9.8455E+01 [cm]
  part. &=& proton  
e:

#------------------------------------------------------------------------------
z: xorg[-1.03/0.05]
p: form[c1] xfac[c2] afac[c5] nosp notf
p: xmin( -1.350000    ) xmax(  1.350000    )
p: ymin( -1.318500    ) ymax(  1.881500    )

#------------------------------------------------------------------------------
 newpage:
#   no. =  4   ie  =  1   iz  =  4   part. = proton  
#   e = (   1.0000E-09  -   2.5000E+01  )
#   z = (   9.8455E+01  -   9.8480E+01  )

'no. =  4,  ie =  1,  iz =  4'
msuc: {\huge Proton fluence maps through CR39}
msdr: {\it plotted by \ANGEL \version}
msdl: {\it calculated by \PHITS  3.35}

x: x [cm]
y: y [cm]
set: c1[ 1.185] c2[ 0.827] c5[ 0.800] c6[ 0.933] c7[ 0.123] c8[ 0.000]
p: h2fs form[c1] xfac[c2] afac[c5] scal[c6] xorg[c7] yorg[c8] nosp
set: c3[   1.400690E+07] c4[   4.522387E+07]
p: cmin[c3] cmax[c4]
p: dmin(1e-31)
p: zlog
p: xmin( -1.350000    ) xmax(  1.350000    )
p: ymin( -1.318500    ) ymax(  1.881500    )
#  ny =  32   nx =  27
# ( ( data(x,y), x = 1, nx ), y = ny, 1, -1 )

hc:  y =   1.831500     to  -1.268500     by  0.1000000     ; x =  -1.300000     to   1.300000     by  0.1000000     ;
  3.571E+07  3.519E+07  3.540E+07  3.566E+07  3.560E+07  3.635E+07  3.568E+07  3.602E+07  3.560E+07  3.606E+07
  3.577E+07  3.597E+07  3.619E+07  3.615E+07  3.599E+07  3.612E+07  3.599E+07  3.603E+07  3.599E+07  3.530E+07
  3.588E+07  3.677E+07  3.565E+07  3.667E+07  3.603E+07  3.572E+07  3.564E+07  3.605E+07  3.621E+07  3.617E+07
  3.568E+07  3.517E+07  3.486E+07  3.538E+07  3.564E+07  3.485E+07  3.561E+07  3.497E+07  3.577E+07  3.606E+07
  3.539E+07  3.486E+07  3.502E+07  3.496E+07  3.470E+07  3.480E+07  3.536E+07  3.503E+07  3.546E+07  3.554E+07
  3.547E+07  3.521E+07  3.471E+07  3.574E+07  3.608E+07  3.553E+07  3.509E+07  3.561E+07  3.545E+07  3.602E+07
  3.544E+07  3.493E+07  3.463E+07  3.609E+07  3.474E+07  3.541E+07  3.509E+07  3.516E+07  3.491E+07  3.528E+07
  3.531E+07  3.630E+07  3.479E+07  3.535E+07  3.528E+07  3.559E+07  3.615E+07  3.620E+07  3.555E+07  3.560E+07
  3.577E+07  3.562E+07  3.494E+07  3.535E+07  3.568E+07  3.557E+07  3.538E+07  3.604E+07  3.493E+07  3.511E+07
  3.530E+07  3.551E+07  3.541E+07  3.516E+07  3.511E+07  3.493E+07  3.573E+07  3.530E+07  3.527E+07  3.528E+07
  3.576E+07  3.541E+07  3.549E+07  3.533E+07  3.524E+07  3.536E+07  3.531E+07  3.487E+07  3.600E+07  3.576E+07
  3.550E+07  3.566E+07  3.552E+07  3.515E+07  3.493E+07  3.513E+07  3.561E+07  3.547E+07  3.502E+07  3.558E+07
  3.514E+07  3.495E+07  3.546E+07  3.543E+07  3.575E+07  3.526E+07  3.538E+07  3.548E+07  3.579E+07  3.482E+07
  3.544E+07  3.460E+07  3.563E+07  3.543E+07  3.540E+07  3.586E+07  3.573E+07  3.475E+07  3.438E+07  3.544E+07
  3.535E+07  3.536E+07  3.537E+07  3.492E+07  3.500E+07  3.508E+07  3.541E+07  3.510E+07  3.490E+07  3.511E+07
  3.493E+07  3.505E+07  3.545E+07  3.521E+07  3.482E+07  3.486E+07  3.564E+07  3.493E+07  3.518E+07  3.534E+07
  3.473E+07  3.596E+07  3.615E+07  3.518E+07  3.592E+07  3.564E+07  3.511E+07  3.495E+07  3.436E+07  3.500E+07
  3.503E+07  3.406E+07  3.462E+07  3.449E+07  3.483E+07  3.539E+07  3.462E+07  3.463E+07  3.447E+07  3.443E+07
  3.455E+07  3.512E+07  3.563E+07  3.509E+07  3.452E+07  3.505E+07  3.458E+07  3.481E+07  3.619E+07  3.524E+07
  3.513E+07  3.598E+07  3.554E+07  3.493E+07  3.468E+07  3.499E+07  3.474E+07  3.333E+07  3.458E+07  3.525E+07
  3.430E+07  3.547E+07  3.392E+07  3.440E+07  3.497E+07  3.441E+07  3.443E+07  3.538E+07  3.538E+07  3.519E+07
  3.502E+07  3.528E+07  3.548E+07  3.530E+07  3.448E+07  3.501E+07  3.545E+07  3.501E+07  3.461E+07  3.435E+07
  3.480E+07  3.513E+07  3.481E+07  3.547E+07  3.486E+07  3.532E+07  3.462E+07  3.425E+07  3.468E+07  3.454E+07
  3.423E+07  3.460E+07  3.478E+07  3.456E+07  3.508E+07  3.479E+07  3.403E+07  3.456E+07  3.450E+07  3.460E+07
  3.564E+07  3.514E+07  3.602E+07  3.478E+07  3.598E+07  3.471E+07  3.511E+07  3.430E+07  3.552E+07  3.476E+07
  3.371E+07  3.503E+07  3.418E+07  3.476E+07  3.501E+07  3.492E+07  3.449E+07  3.516E+07  3.449E+07  3.431E+07
  3.444E+07  3.474E+07  3.527E+07  3.463E+07  3.403E+07  3.510E+07  3.434E+07  3.437E+07  3.528E+07  3.570E+07
  3.537E+07  3.524E+07  3.477E+07  3.419E+07  3.495E+07  3.497E+07  3.438E+07  3.443E+07  3.454E+07  3.389E+07
  3.467E+07  3.395E+07  3.361E+07  3.411E+07  3.357E+07  3.452E+07  3.415E+07  3.415E+07  3.487E+07  3.465E+07
  3.459E+07  3.438E+07  3.432E+07  3.456E+07  3.506E+07  3.483E+07  3.603E+07  3.528E+07  3.490E+07  3.576E+07
  3.471E+07  3.510E+07  3.474E+07  3.463E+07  3.383E+07  3.408E+07  3.431E+07  3.437E+07  3.381E+07  3.416E+07
  3.495E+07  3.375E+07  3.405E+07  3.420E+07  3.476E+07  3.413E+07  3.452E+07  3.394E+07  3.478E+07  3.457E+07
  3.424E+07  3.519E+07  3.447E+07  3.558E+07  3.503E+07  3.497E+07  3.494E+07  3.442E+07  3.491E+07  3.380E+07
  3.480E+07  3.428E+07  3.458E+07  3.446E+07  3.394E+07  3.417E+07  3.465E+07  3.411E+07  3.425E+07  3.342E+07
  3.395E+07  3.451E+07  3.335E+07  3.410E+07  3.466E+07  3.451E+07  3.480E+07  3.525E+07  3.580E+07  3.470E+07
  3.542E+07  3.547E+07  3.401E+07  3.506E+07  3.382E+07  3.424E+07  3.380E+07  3.376E+07  3.416E+07  3.408E+07
  3.428E+07  3.376E+07  3.365E+07  3.429E+07  3.370E+07  3.352E+07  3.390E+07  3.399E+07  3.398E+07  3.370E+07
  3.410E+07  3.411E+07  3.488E+07  3.466E+07  3.431E+07  3.494E+07  3.397E+07  3.514E+07  3.535E+07  3.466E+07
  3.492E+07  3.371E+07  3.453E+07  3.438E+07  3.404E+07  3.458E+07  3.406E+07  3.417E+07  3.379E+07  3.326E+07
  3.402E+07  3.401E+07  3.364E+07  3.400E+07  3.376E+07  3.412E+07  3.382E+07  3.393E+07  3.368E+07  3.453E+07
  3.441E+07  3.458E+07  3.463E+07  3.465E+07  3.589E+07  3.543E+07  3.461E+07  3.451E+07  3.399E+07  3.358E+07
  3.457E+07  3.336E+07  3.357E+07  3.353E+07  3.315E+07  3.345E+07  3.318E+07  3.304E+07  3.302E+07  3.371E+07
  3.318E+07  3.414E+07  3.363E+07  3.446E+07  3.423E+07  3.386E+07  3.404E+07  3.475E+07  3.453E+07  3.490E+07
  3.506E+07  3.552E+07  3.514E+07  3.465E+07  3.483E+07  3.450E+07  3.501E+07  3.384E+07  3.429E+07  3.414E+07
  3.377E+07  3.385E+07  3.386E+07  3.353E+07  3.336E+07  3.336E+07  3.349E+07  3.360E+07  3.397E+07  3.345E+07
  3.405E+07  3.425E+07  3.423E+07  3.324E+07  3.385E+07  3.411E+07  3.413E+07  3.445E+07  3.506E+07  3.554E+07
  3.511E+07  3.457E+07  3.378E+07  3.410E+07  3.432E+07  3.429E+07  3.374E+07  3.351E+07  3.328E+07  3.333E+07
  3.367E+07  3.406E+07  3.386E+07  3.336E+07  3.278E+07  3.312E+07  3.437E+07  3.349E+07  3.453E+07  3.333E+07
  3.377E+07  3.413E+07  3.403E+07  3.380E+07  3.507E+07  3.454E+07  3.507E+07  3.497E+07  3.447E+07  3.410E+07
  3.457E+07  3.425E+07  3.369E+07  3.365E+07  3.343E+07  3.433E+07  3.344E+07  3.349E+07  3.306E+07  3.393E+07
  3.441E+07  3.342E+07  3.338E+07  3.282E+07  3.265E+07  3.333E+07  3.418E+07  3.460E+07  3.424E+07  3.436E+07
  3.469E+07  3.548E+07  3.554E+07  3.488E+07  3.461E+07  3.479E+07  3.380E+07  3.451E+07  3.397E+07  3.436E+07
  3.336E+07  3.367E+07  3.390E+07  3.330E+07  3.364E+07  3.440E+07  3.323E+07  3.274E+07  3.327E+07  3.345E+07
  3.377E+07  3.389E+07  3.389E+07  3.394E+07  3.505E+07  3.372E+07  3.482E+07  3.444E+07  3.456E+07  3.507E+07
  3.563E+07  3.455E+07  3.423E+07  3.393E+07  3.422E+07  3.377E+07  3.426E+07  3.406E+07  3.373E+07  3.389E+07
  3.393E+07  3.306E+07  3.351E+07  3.328E+07  3.415E+07  3.403E+07  3.354E+07  3.343E+07  3.394E+07  3.459E+07
  3.445E+07  3.448E+07  3.393E+07  3.401E+07  3.410E+07  3.478E+07  3.501E+07  3.532E+07  3.465E+07  3.393E+07
  3.458E+07  3.411E+07  3.394E+07  3.401E+07  3.404E+07  3.411E+07  3.351E+07  3.373E+07  3.319E+07  3.368E+07
  3.338E+07  3.341E+07  3.300E+07  3.361E+07  3.336E+07  3.371E+07  3.518E+07  3.414E+07  3.399E+07  3.440E+07
  3.388E+07  3.444E+07  3.513E+07  3.567E+07  3.557E+07  3.486E+07  3.404E+07  3.439E+07  3.522E+07  3.404E+07
  3.296E+07  3.394E+07  3.434E+07  3.378E+07  3.399E+07  3.345E+07  3.357E+07  3.350E+07  3.423E+07  3.377E+07
  3.436E+07  3.355E+07  3.398E+07  3.398E+07  3.376E+07  3.465E+07  3.455E+07  3.414E+07  3.392E+07  3.489E+07
  3.470E+07  3.556E+07  3.481E+07  3.474E+07  3.464E+07  3.465E+07  3.450E+07  3.424E+07  3.417E+07  3.343E+07
  3.398E+07  3.377E+07  3.433E+07  3.310E+07  3.417E+07  3.430E+07  3.404E+07  3.345E+07  3.390E+07  3.400E+07
  3.455E+07  3.399E+07  3.351E+07  3.392E+07  3.432E+07  3.500E+07  3.433E+07  3.494E+07  3.542E+07  3.500E+07
  3.514E+07  3.424E+07  3.350E+07  3.421E+07  3.424E+07  3.414E+07  3.403E+07  3.381E+07  3.416E+07  3.449E+07
  3.392E+07  3.447E+07  3.349E+07  3.382E+07  3.424E+07  3.425E+07  3.459E+07  3.397E+07  3.454E+07  3.433E+07
  3.449E+07  3.441E+07  3.466E+07  3.510E+07  3.519E+07  3.579E+07  3.511E+07  3.440E+07  3.458E+07  3.450E+07
  3.423E+07  3.440E+07  3.484E+07  3.452E+07  3.427E+07  3.467E+07  3.412E+07  3.356E+07  3.352E+07  3.409E+07
  3.391E+07  3.413E+07  3.421E+07  3.440E+07  3.461E+07  3.493E+07  3.417E+07  3.451E+07  3.535E+07  3.508E+07
  3.487E+07  3.507E+07  3.675E+07  3.427E+07  3.460E+07  3.467E+07  3.474E+07  3.453E+07  3.457E+07  3.450E+07
  3.432E+07  3.392E+07  3.428E+07  3.433E+07  3.396E+07  3.438E+07  3.447E+07  3.459E+07  3.474E+07  3.451E+07
  3.458E+07  3.491E+07  3.473E+07  3.437E+07  3.522E+07  3.474E+07  3.499E+07  3.477E+07  3.562E+07  3.727E+07
  3.523E+07  3.544E+07  3.492E+07  3.473E+07  3.451E+07  3.378E+07  3.407E+07  3.479E+07  3.422E+07  3.504E+07
  3.423E+07  3.366E+07  3.387E+07  3.430E+07  3.405E+07  3.388E+07  3.431E+07  3.378E+07  3.399E+07  3.406E+07
  3.458E+07  3.394E+07  3.544E+07  3.560E+07  3.502E+07  3.557E+07  3.524E+07  3.526E+07  3.525E+07  3.583E+07
  3.428E+07  3.421E+07  3.502E+07  3.437E+07  3.433E+07  3.442E+07  3.478E+07  3.490E+07  3.405E+07  3.429E+07
  3.426E+07  3.419E+07  3.418E+07  3.482E+07  3.453E+07  3.460E+07  3.425E+07  3.532E+07  3.503E+07  3.520E+07
  3.528E+07  3.626E+07  3.518E+07  3.560E+07  3.474E+07  3.539E+07  3.507E+07  3.457E+07  3.514E+07  3.460E+07
  3.448E+07  3.457E+07  3.504E+07  3.518E+07  3.486E+07  3.443E+07  3.564E+07  3.486E+07  3.487E+07  3.425E+07
  3.457E+07  3.459E+07  3.497E+07  3.508E+07  3.420E+07  3.464E+07  3.577E+07  3.477E+07  3.567E+07  3.549E+07
  3.603E+07  3.527E+07  3.538E+07  3.542E+07  3.567E+07  3.533E+07  3.486E+07  3.437E+07  3.491E+07  3.445E+07
  3.433E+07  3.530E+07  3.485E+07  3.433E+07  3.531E+07  3.471E+07  3.493E+07  3.431E+07  3.454E+07  3.504E+07
  3.574E+07  3.501E+07  3.516E+07  3.481E+07  3.494E+07  3.430E+07  3.527E+07  3.595E+07  3.582E+07  3.526E+07
  3.549E+07  3.515E+07  3.464E+07  3.527E+07  3.514E+07  3.541E+07  3.466E+07  3.556E+07  3.441E+07  3.468E+07
  3.456E+07  3.526E+07  3.467E+07  3.539E+07  3.444E+07  3.533E+07  3.488E+07  3.533E+07  3.508E+07  3.534E+07
  3.600E+07  3.465E+07  3.497E+07  3.552E+07

#------------------------------------------------------------------------------
z: xorg(1.03)
p: xfac[c2*0.05] form[c1/0.05] notc noxt noyt dmin(1)
p: ymin(0) ymax(1) xmin(0) xmax(1) cmin(1) cmax(100) nosp
hc: y= 0.005 to 0.995 by 0.01 ; x= 0.5 to 0.5 by 1 ;
 1  2  3  4  5  6  7  8  9 10 11 12 13 14 15 16 17 18 19 20
21 22 23 24 25 26 27 28 29 30 31 32 33 34 35 36 37 38 39 40
41 42 43 44 45 46 47 48 49 50 51 52 53 54 55 56 57 58 59 60
61 62 63 64 65 66 67 68 69 70 71 72 73 74 75 76 77 78 79 80
81 82 83 84 85 86 87 88 89 90 91 92 93 94 95 96 97 98 99 100
z: xorg(0.0)
p: xfac[c2*0.05] form[c1/0.05] nosp afac[c5*0.625] ymin[c3] ymax[c4]
p: noxt noxn ytxt(-1) ynum(-1) xltd(-1) xstd(-1) itic(1) ylog
y: Flux [1/cm^2/source]              
#------------------------------------------------------------------------------

wt: s[c5]
\vspace{-3}
  emin  &=&   1.0000E-09 [MeV]
  emax  &=&   2.5000E+01 [MeV]
  zmin  &=&   9.8455E+01 [cm]
  zmax  &=&   9.8480E+01 [cm]
  part. &=& proton  
e:

#------------------------------------------------------------------------------
z: xorg[-1.03/0.05]
p: form[c1] xfac[c2] afac[c5] nosp notf
p: xmin( -1.350000    ) xmax(  1.350000    )
p: ymin( -1.318500    ) ymax(  1.881500    )

#------------------------------------------------------------------------------
 newpage:
#   no. =  5   ie  =  1   iz  =  5   part. = proton  
#   e = (   1.0000E-09  -   2.5000E+01  )
#   z = (   9.8480E+01  -   9.8505E+01  )

'no. =  5,  ie =  1,  iz =  5'
msuc: {\huge Proton fluence maps through CR39}
msdr: {\it plotted by \ANGEL \version}
msdl: {\it calculated by \PHITS  3.35}

x: x [cm]
y: y [cm]
set: c1[ 1.185] c2[ 0.827] c5[ 0.800] c6[ 0.933] c7[ 0.123] c8[ 0.000]
p: h2fs form[c1] xfac[c2] afac[c5] scal[c6] xorg[c7] yorg[c8] nosp
set: c3[   1.400690E+07] c4[   4.522387E+07]
p: cmin[c3] cmax[c4]
p: dmin(1e-31)
p: zlog
p: xmin( -1.350000    ) xmax(  1.350000    )
p: ymin( -1.318500    ) ymax(  1.881500    )
#  ny =  32   nx =  27
# ( ( data(x,y), x = 1, nx ), y = ny, 1, -1 )

hc:  y =   1.831500     to  -1.268500     by  0.1000000     ; x =  -1.300000     to   1.300000     by  0.1000000     ;
  3.248E+07  3.191E+07  3.192E+07  3.225E+07  3.244E+07  3.286E+07  3.233E+07  3.256E+07  3.224E+07  3.266E+07
  3.246E+07  3.258E+07  3.290E+07  3.274E+07  3.264E+07  3.262E+07  3.281E+07  3.264E+07  3.245E+07  3.213E+07
  3.255E+07  3.355E+07  3.248E+07  3.315E+07  3.265E+07  3.224E+07  3.232E+07  3.277E+07  3.275E+07  3.273E+07
  3.230E+07  3.166E+07  3.152E+07  3.173E+07  3.230E+07  3.147E+07  3.224E+07  3.148E+07  3.241E+07  3.261E+07
  3.188E+07  3.141E+07  3.168E+07  3.142E+07  3.141E+07  3.146E+07  3.161E+07  3.172E+07  3.216E+07  3.206E+07
  3.207E+07  3.193E+07  3.125E+07  3.247E+07  3.250E+07  3.212E+07  3.158E+07  3.192E+07  3.195E+07  3.245E+07
  3.209E+07  3.147E+07  3.131E+07  3.256E+07  3.153E+07  3.183E+07  3.176E+07  3.176E+07  3.138E+07  3.189E+07
  3.189E+07  3.290E+07  3.157E+07  3.201E+07  3.179E+07  3.229E+07  3.271E+07  3.276E+07  3.195E+07  3.220E+07
  3.242E+07  3.217E+07  3.135E+07  3.195E+07  3.224E+07  3.231E+07  3.184E+07  3.245E+07  3.165E+07  3.184E+07
  3.204E+07  3.193E+07  3.208E+07  3.175E+07  3.178E+07  3.165E+07  3.227E+07  3.179E+07  3.180E+07  3.204E+07
  3.229E+07  3.191E+07  3.220E+07  3.201E+07  3.187E+07  3.195E+07  3.194E+07  3.155E+07  3.250E+07  3.223E+07
  3.200E+07  3.218E+07  3.220E+07  3.184E+07  3.140E+07  3.180E+07  3.204E+07  3.191E+07  3.156E+07  3.216E+07
  3.171E+07  3.151E+07  3.205E+07  3.214E+07  3.213E+07  3.187E+07  3.197E+07  3.213E+07  3.248E+07  3.146E+07
  3.192E+07  3.128E+07  3.214E+07  3.206E+07  3.204E+07  3.250E+07  3.231E+07  3.148E+07  3.108E+07  3.183E+07
  3.181E+07  3.184E+07  3.199E+07  3.152E+07  3.166E+07  3.156E+07  3.185E+07  3.156E+07  3.153E+07  3.182E+07
  3.148E+07  3.147E+07  3.187E+07  3.184E+07  3.156E+07  3.127E+07  3.213E+07  3.162E+07  3.163E+07  3.194E+07
  3.121E+07  3.250E+07  3.268E+07  3.171E+07  3.262E+07  3.211E+07  3.176E+07  3.168E+07  3.107E+07  3.152E+07
  3.159E+07  3.067E+07  3.126E+07  3.117E+07  3.121E+07  3.197E+07  3.123E+07  3.109E+07  3.102E+07  3.099E+07
  3.115E+07  3.175E+07  3.224E+07  3.157E+07  3.112E+07  3.178E+07  3.131E+07  3.148E+07  3.275E+07  3.187E+07
  3.181E+07  3.251E+07  3.205E+07  3.155E+07  3.131E+07  3.159E+07  3.142E+07  3.006E+07  3.094E+07  3.177E+07
  3.094E+07  3.191E+07  3.043E+07  3.103E+07  3.154E+07  3.094E+07  3.087E+07  3.177E+07  3.176E+07  3.182E+07
  3.168E+07  3.188E+07  3.204E+07  3.176E+07  3.108E+07  3.178E+07  3.199E+07  3.139E+07  3.126E+07  3.128E+07
  3.119E+07  3.173E+07  3.120E+07  3.212E+07  3.112E+07  3.195E+07  3.121E+07  3.098E+07  3.130E+07  3.116E+07
  3.081E+07  3.103E+07  3.144E+07  3.125E+07  3.157E+07  3.141E+07  3.060E+07  3.116E+07  3.119E+07  3.106E+07
  3.234E+07  3.174E+07  3.257E+07  3.160E+07  3.266E+07  3.135E+07  3.158E+07  3.105E+07  3.188E+07  3.139E+07
  3.038E+07  3.163E+07  3.102E+07  3.138E+07  3.144E+07  3.135E+07  3.110E+07  3.162E+07  3.090E+07  3.076E+07
  3.090E+07  3.133E+07  3.179E+07  3.127E+07  3.067E+07  3.182E+07  3.095E+07  3.107E+07  3.164E+07  3.229E+07
  3.200E+07  3.189E+07  3.125E+07  3.075E+07  3.152E+07  3.151E+07  3.118E+07  3.096E+07  3.114E+07  3.036E+07
  3.131E+07  3.079E+07  3.009E+07  3.093E+07  3.021E+07  3.110E+07  3.068E+07  3.065E+07  3.162E+07  3.124E+07
  3.123E+07  3.113E+07  3.104E+07  3.105E+07  3.173E+07  3.146E+07  3.236E+07  3.187E+07  3.133E+07  3.211E+07
  3.124E+07  3.171E+07  3.118E+07  3.126E+07  3.035E+07  3.071E+07  3.093E+07  3.110E+07  3.051E+07  3.068E+07
  3.147E+07  3.031E+07  3.062E+07  3.063E+07  3.142E+07  3.054E+07  3.111E+07  3.069E+07  3.123E+07  3.111E+07
  3.080E+07  3.170E+07  3.090E+07  3.216E+07  3.169E+07  3.141E+07  3.166E+07  3.092E+07  3.141E+07  3.041E+07
  3.129E+07  3.101E+07  3.122E+07  3.092E+07  3.069E+07  3.073E+07  3.125E+07  3.070E+07  3.063E+07  3.001E+07
  3.067E+07  3.103E+07  3.006E+07  3.064E+07  3.129E+07  3.109E+07  3.146E+07  3.180E+07  3.230E+07  3.137E+07
  3.201E+07  3.194E+07  3.053E+07  3.153E+07  3.056E+07  3.082E+07  3.048E+07  3.045E+07  3.080E+07  3.069E+07
  3.088E+07  3.047E+07  3.024E+07  3.086E+07  3.029E+07  3.023E+07  3.059E+07  3.054E+07  3.059E+07  3.034E+07
  3.075E+07  3.083E+07  3.141E+07  3.122E+07  3.092E+07  3.126E+07  3.068E+07  3.177E+07  3.201E+07  3.130E+07
  3.126E+07  3.039E+07  3.101E+07  3.084E+07  3.065E+07  3.117E+07  3.064E+07  3.053E+07  3.021E+07  2.997E+07
  3.042E+07  3.049E+07  3.018E+07  3.069E+07  3.026E+07  3.066E+07  3.043E+07  3.053E+07  3.043E+07  3.118E+07
  3.099E+07  3.117E+07  3.130E+07  3.122E+07  3.223E+07  3.188E+07  3.112E+07  3.087E+07  3.050E+07  3.037E+07
  3.107E+07  2.993E+07  3.016E+07  3.019E+07  2.975E+07  3.028E+07  2.970E+07  2.972E+07  2.977E+07  3.029E+07
  2.994E+07  3.089E+07  3.010E+07  3.117E+07  3.074E+07  3.055E+07  3.072E+07  3.122E+07  3.096E+07  3.164E+07
  3.154E+07  3.200E+07  3.178E+07  3.124E+07  3.130E+07  3.113E+07  3.153E+07  3.031E+07  3.074E+07  3.056E+07
  3.044E+07  3.048E+07  3.051E+07  3.004E+07  3.002E+07  3.005E+07  3.024E+07  3.025E+07  3.064E+07  3.013E+07
  3.074E+07  3.077E+07  3.068E+07  3.002E+07  3.047E+07  3.087E+07  3.067E+07  3.104E+07  3.173E+07  3.211E+07
  3.167E+07  3.105E+07  3.051E+07  3.068E+07  3.089E+07  3.084E+07  3.047E+07  3.015E+07  2.989E+07  2.987E+07
  3.015E+07  3.051E+07  3.053E+07  2.998E+07  2.952E+07  2.973E+07  3.072E+07  3.009E+07  3.110E+07  2.992E+07
  3.052E+07  3.067E+07  3.078E+07  3.035E+07  3.176E+07  3.141E+07  3.173E+07  3.153E+07  3.136E+07  3.074E+07
  3.108E+07  3.073E+07  3.029E+07  3.025E+07  3.003E+07  3.084E+07  3.001E+07  2.997E+07  2.967E+07  3.042E+07
  3.085E+07  3.000E+07  2.994E+07  2.962E+07  2.916E+07  2.999E+07  3.077E+07  3.102E+07  3.099E+07  3.086E+07
  3.131E+07  3.198E+07  3.205E+07  3.148E+07  3.127E+07  3.137E+07  3.042E+07  3.120E+07  3.041E+07  3.094E+07
  3.004E+07  3.020E+07  3.033E+07  2.993E+07  3.018E+07  3.082E+07  2.999E+07  2.935E+07  2.982E+07  3.013E+07
  3.036E+07  3.043E+07  3.043E+07  3.059E+07  3.163E+07  3.040E+07  3.154E+07  3.097E+07  3.095E+07  3.163E+07
  3.221E+07  3.120E+07  3.099E+07  3.068E+07  3.094E+07  3.056E+07  3.083E+07  3.056E+07  3.035E+07  3.048E+07
  3.040E+07  2.968E+07  3.021E+07  2.978E+07  3.075E+07  3.060E+07  3.010E+07  3.018E+07  3.053E+07  3.108E+07
  3.101E+07  3.101E+07  3.070E+07  3.059E+07  3.075E+07  3.148E+07  3.154E+07  3.216E+07  3.134E+07  3.043E+07
  3.130E+07  3.082E+07  3.072E+07  3.066E+07  3.051E+07  3.058E+07  3.014E+07  3.045E+07  2.978E+07  3.024E+07
  2.986E+07  2.992E+07  2.970E+07  3.031E+07  2.981E+07  3.025E+07  3.152E+07  3.089E+07  3.067E+07  3.097E+07
  3.047E+07  3.106E+07  3.161E+07  3.216E+07  3.201E+07  3.160E+07  3.072E+07  3.119E+07  3.163E+07  3.082E+07
  2.955E+07  3.049E+07  3.094E+07  3.030E+07  3.031E+07  3.007E+07  3.023E+07  3.020E+07  3.087E+07  3.039E+07
  3.090E+07  3.027E+07  3.049E+07  3.065E+07  3.046E+07  3.135E+07  3.121E+07  3.066E+07  3.067E+07  3.165E+07
  3.130E+07  3.211E+07  3.130E+07  3.144E+07  3.137E+07  3.114E+07  3.111E+07  3.081E+07  3.073E+07  2.996E+07
  3.074E+07  3.045E+07  3.116E+07  2.982E+07  3.069E+07  3.092E+07  3.063E+07  3.019E+07  3.049E+07  3.066E+07
  3.117E+07  3.060E+07  3.033E+07  3.062E+07  3.085E+07  3.181E+07  3.087E+07  3.160E+07  3.203E+07  3.150E+07
  3.167E+07  3.106E+07  3.025E+07  3.078E+07  3.078E+07  3.068E+07  3.030E+07  3.053E+07  3.077E+07  3.098E+07
  3.024E+07  3.096E+07  3.025E+07  3.045E+07  3.067E+07  3.079E+07  3.089E+07  3.049E+07  3.098E+07  3.090E+07
  3.101E+07  3.092E+07  3.132E+07  3.144E+07  3.155E+07  3.230E+07  3.176E+07  3.096E+07  3.114E+07  3.101E+07
  3.077E+07  3.092E+07  3.159E+07  3.111E+07  3.082E+07  3.134E+07  3.072E+07  3.019E+07  3.034E+07  3.070E+07
  3.052E+07  3.069E+07  3.068E+07  3.086E+07  3.122E+07  3.154E+07  3.071E+07  3.107E+07  3.160E+07  3.165E+07
  3.128E+07  3.196E+07  3.304E+07  3.091E+07  3.137E+07  3.120E+07  3.116E+07  3.116E+07  3.103E+07  3.098E+07
  3.086E+07  3.035E+07  3.085E+07  3.082E+07  3.058E+07  3.092E+07  3.106E+07  3.104E+07  3.126E+07  3.120E+07
  3.098E+07  3.147E+07  3.119E+07  3.092E+07  3.193E+07  3.140E+07  3.147E+07  3.131E+07  3.228E+07  3.377E+07
  3.177E+07  3.206E+07  3.170E+07  3.127E+07  3.124E+07  3.044E+07  3.072E+07  3.126E+07  3.094E+07  3.159E+07
  3.077E+07  3.011E+07  3.036E+07  3.083E+07  3.072E+07  3.037E+07  3.087E+07  3.043E+07  3.048E+07  3.067E+07
  3.112E+07  3.049E+07  3.187E+07  3.212E+07  3.169E+07  3.212E+07  3.181E+07  3.192E+07  3.170E+07  3.209E+07
  3.082E+07  3.078E+07  3.140E+07  3.098E+07  3.092E+07  3.097E+07  3.128E+07  3.143E+07  3.060E+07  3.069E+07
  3.090E+07  3.062E+07  3.084E+07  3.138E+07  3.110E+07  3.120E+07  3.094E+07  3.191E+07  3.171E+07  3.170E+07
  3.188E+07  3.266E+07  3.167E+07  3.223E+07  3.127E+07  3.209E+07  3.158E+07  3.124E+07  3.155E+07  3.114E+07
  3.118E+07  3.140E+07  3.166E+07  3.162E+07  3.136E+07  3.113E+07  3.229E+07  3.124E+07  3.141E+07  3.097E+07
  3.116E+07  3.123E+07  3.151E+07  3.173E+07  3.064E+07  3.118E+07  3.246E+07  3.137E+07  3.223E+07  3.232E+07
  3.257E+07  3.192E+07  3.185E+07  3.216E+07  3.220E+07  3.203E+07  3.141E+07  3.100E+07  3.144E+07  3.097E+07
  3.090E+07  3.182E+07  3.147E+07  3.103E+07  3.206E+07  3.121E+07  3.153E+07  3.086E+07  3.104E+07  3.163E+07
  3.228E+07  3.152E+07  3.159E+07  3.119E+07  3.161E+07  3.101E+07  3.178E+07  3.257E+07  3.228E+07  3.188E+07
  3.218E+07  3.157E+07  3.134E+07  3.192E+07  3.176E+07  3.173E+07  3.142E+07  3.231E+07  3.109E+07  3.129E+07
  3.128E+07  3.181E+07  3.140E+07  3.189E+07  3.103E+07  3.184E+07  3.147E+07  3.196E+07  3.151E+07  3.205E+07
  3.254E+07  3.139E+07  3.176E+07  3.215E+07

#------------------------------------------------------------------------------
z: xorg(1.03)
p: xfac[c2*0.05] form[c1/0.05] notc noxt noyt dmin(1)
p: ymin(0) ymax(1) xmin(0) xmax(1) cmin(1) cmax(100) nosp
hc: y= 0.005 to 0.995 by 0.01 ; x= 0.5 to 0.5 by 1 ;
 1  2  3  4  5  6  7  8  9 10 11 12 13 14 15 16 17 18 19 20
21 22 23 24 25 26 27 28 29 30 31 32 33 34 35 36 37 38 39 40
41 42 43 44 45 46 47 48 49 50 51 52 53 54 55 56 57 58 59 60
61 62 63 64 65 66 67 68 69 70 71 72 73 74 75 76 77 78 79 80
81 82 83 84 85 86 87 88 89 90 91 92 93 94 95 96 97 98 99 100
z: xorg(0.0)
p: xfac[c2*0.05] form[c1/0.05] nosp afac[c5*0.625] ymin[c3] ymax[c4]
p: noxt noxn ytxt(-1) ynum(-1) xltd(-1) xstd(-1) itic(1) ylog
y: Flux [1/cm^2/source]              
#------------------------------------------------------------------------------

wt: s[c5]
\vspace{-3}
  emin  &=&   1.0000E-09 [MeV]
  emax  &=&   2.5000E+01 [MeV]
  zmin  &=&   9.8480E+01 [cm]
  zmax  &=&   9.8505E+01 [cm]
  part. &=& proton  
e:

#------------------------------------------------------------------------------
z: xorg[-1.03/0.05]
p: form[c1] xfac[c2] afac[c5] nosp notf
p: xmin( -1.350000    ) xmax(  1.350000    )
p: ymin( -1.318500    ) ymax(  1.881500    )

#------------------------------------------------------------------------------
 newpage:
#   no. =  6   ie  =  1   iz  =  6   part. = proton  
#   e = (   1.0000E-09  -   2.5000E+01  )
#   z = (   9.8505E+01  -   9.8530E+01  )

'no. =  6,  ie =  1,  iz =  6'
msuc: {\huge Proton fluence maps through CR39}
msdr: {\it plotted by \ANGEL \version}
msdl: {\it calculated by \PHITS  3.35}

x: x [cm]
y: y [cm]
set: c1[ 1.185] c2[ 0.827] c5[ 0.800] c6[ 0.933] c7[ 0.123] c8[ 0.000]
p: h2fs form[c1] xfac[c2] afac[c5] scal[c6] xorg[c7] yorg[c8] nosp
set: c3[   1.400690E+07] c4[   4.522387E+07]
p: cmin[c3] cmax[c4]
p: dmin(1e-31)
p: zlog
p: xmin( -1.350000    ) xmax(  1.350000    )
p: ymin( -1.318500    ) ymax(  1.881500    )
#  ny =  32   nx =  27
# ( ( data(x,y), x = 1, nx ), y = ny, 1, -1 )

hc:  y =   1.831500     to  -1.268500     by  0.1000000     ; x =  -1.300000     to   1.300000     by  0.1000000     ;
  2.855E+07  2.808E+07  2.804E+07  2.811E+07  2.833E+07  2.873E+07  2.847E+07  2.853E+07  2.818E+07  2.872E+07
  2.860E+07  2.840E+07  2.868E+07  2.859E+07  2.849E+07  2.859E+07  2.894E+07  2.860E+07  2.854E+07  2.802E+07
  2.850E+07  2.945E+07  2.854E+07  2.904E+07  2.868E+07  2.817E+07  2.849E+07  2.861E+07  2.862E+07  2.850E+07
  2.802E+07  2.761E+07  2.735E+07  2.773E+07  2.832E+07  2.746E+07  2.821E+07  2.758E+07  2.844E+07  2.846E+07
  2.791E+07  2.733E+07  2.766E+07  2.738E+07  2.745E+07  2.736E+07  2.762E+07  2.794E+07  2.817E+07  2.800E+07
  2.825E+07  2.813E+07  2.731E+07  2.857E+07  2.835E+07  2.811E+07  2.778E+07  2.802E+07  2.780E+07  2.834E+07
  2.788E+07  2.742E+07  2.754E+07  2.852E+07  2.753E+07  2.780E+07  2.768E+07  2.776E+07  2.738E+07  2.783E+07
  2.796E+07  2.877E+07  2.760E+07  2.781E+07  2.756E+07  2.840E+07  2.863E+07  2.861E+07  2.785E+07  2.820E+07
  2.843E+07  2.811E+07  2.717E+07  2.790E+07  2.812E+07  2.860E+07  2.773E+07  2.832E+07  2.792E+07  2.763E+07
  2.807E+07  2.802E+07  2.809E+07  2.781E+07  2.770E+07  2.759E+07  2.827E+07  2.753E+07  2.775E+07  2.815E+07
  2.810E+07  2.778E+07  2.792E+07  2.816E+07  2.781E+07  2.788E+07  2.804E+07  2.750E+07  2.829E+07  2.808E+07
  2.805E+07  2.817E+07  2.803E+07  2.773E+07  2.733E+07  2.768E+07  2.814E+07  2.796E+07  2.752E+07  2.795E+07
  2.756E+07  2.762E+07  2.794E+07  2.818E+07  2.793E+07  2.775E+07  2.777E+07  2.832E+07  2.832E+07  2.735E+07
  2.799E+07  2.731E+07  2.800E+07  2.789E+07  2.804E+07  2.845E+07  2.813E+07  2.768E+07  2.730E+07  2.761E+07
  2.765E+07  2.773E+07  2.800E+07  2.760E+07  2.782E+07  2.744E+07  2.786E+07  2.741E+07  2.756E+07  2.771E+07
  2.730E+07  2.753E+07  2.780E+07  2.764E+07  2.761E+07  2.730E+07  2.813E+07  2.758E+07  2.748E+07  2.797E+07
  2.740E+07  2.827E+07  2.846E+07  2.761E+07  2.843E+07  2.803E+07  2.770E+07  2.781E+07  2.707E+07  2.732E+07
  2.754E+07  2.678E+07  2.729E+07  2.714E+07  2.723E+07  2.779E+07  2.728E+07  2.729E+07  2.698E+07  2.713E+07
  2.715E+07  2.760E+07  2.826E+07  2.742E+07  2.714E+07  2.763E+07  2.716E+07  2.748E+07  2.859E+07  2.781E+07
  2.778E+07  2.848E+07  2.812E+07  2.759E+07  2.728E+07  2.760E+07  2.724E+07  2.626E+07  2.693E+07  2.782E+07
  2.692E+07  2.776E+07  2.654E+07  2.709E+07  2.751E+07  2.698E+07  2.694E+07  2.770E+07  2.769E+07  2.773E+07
  2.756E+07  2.777E+07  2.797E+07  2.764E+07  2.683E+07  2.790E+07  2.802E+07  2.742E+07  2.722E+07  2.743E+07
  2.714E+07  2.762E+07  2.725E+07  2.805E+07  2.699E+07  2.796E+07  2.716E+07  2.704E+07  2.737E+07  2.728E+07
  2.679E+07  2.702E+07  2.732E+07  2.708E+07  2.750E+07  2.733E+07  2.667E+07  2.736E+07  2.709E+07  2.713E+07
  2.832E+07  2.793E+07  2.851E+07  2.762E+07  2.861E+07  2.724E+07  2.761E+07  2.710E+07  2.771E+07  2.729E+07
  2.688E+07  2.752E+07  2.699E+07  2.739E+07  2.740E+07  2.711E+07  2.721E+07  2.745E+07  2.691E+07  2.672E+07
  2.707E+07  2.719E+07  2.786E+07  2.744E+07  2.678E+07  2.774E+07  2.699E+07  2.705E+07  2.756E+07  2.844E+07
  2.813E+07  2.780E+07  2.731E+07  2.695E+07  2.741E+07  2.743E+07  2.730E+07  2.710E+07  2.723E+07  2.645E+07
  2.725E+07  2.682E+07  2.625E+07  2.723E+07  2.634E+07  2.719E+07  2.656E+07  2.661E+07  2.770E+07  2.723E+07
  2.701E+07  2.701E+07  2.721E+07  2.707E+07  2.757E+07  2.754E+07  2.830E+07  2.769E+07  2.733E+07  2.794E+07
  2.729E+07  2.770E+07  2.717E+07  2.734E+07  2.652E+07  2.669E+07  2.687E+07  2.722E+07  2.672E+07  2.669E+07
  2.729E+07  2.635E+07  2.673E+07  2.667E+07  2.755E+07  2.661E+07  2.697E+07  2.669E+07  2.702E+07  2.705E+07
  2.697E+07  2.762E+07  2.685E+07  2.793E+07  2.758E+07  2.728E+07  2.764E+07  2.707E+07  2.734E+07  2.642E+07
  2.722E+07  2.714E+07  2.720E+07  2.681E+07  2.680E+07  2.681E+07  2.715E+07  2.683E+07  2.656E+07  2.623E+07
  2.645E+07  2.701E+07  2.608E+07  2.676E+07  2.718E+07  2.709E+07  2.733E+07  2.771E+07  2.826E+07  2.728E+07
  2.804E+07  2.795E+07  2.657E+07  2.741E+07  2.657E+07  2.687E+07  2.660E+07  2.648E+07  2.668E+07  2.674E+07
  2.695E+07  2.670E+07  2.625E+07  2.689E+07  2.642E+07  2.622E+07  2.666E+07  2.667E+07  2.689E+07  2.634E+07
  2.672E+07  2.697E+07  2.739E+07  2.717E+07  2.694E+07  2.720E+07  2.682E+07  2.774E+07  2.780E+07  2.727E+07
  2.728E+07  2.641E+07  2.690E+07  2.700E+07  2.665E+07  2.708E+07  2.671E+07  2.663E+07  2.608E+07  2.616E+07
  2.641E+07  2.659E+07  2.626E+07  2.663E+07  2.627E+07  2.672E+07  2.655E+07  2.659E+07  2.670E+07  2.710E+07
  2.682E+07  2.737E+07  2.718E+07  2.700E+07  2.823E+07  2.788E+07  2.719E+07  2.689E+07  2.662E+07  2.642E+07
  2.697E+07  2.596E+07  2.629E+07  2.614E+07  2.584E+07  2.642E+07  2.581E+07  2.584E+07  2.587E+07  2.628E+07
  2.606E+07  2.690E+07  2.612E+07  2.735E+07  2.692E+07  2.667E+07  2.672E+07  2.700E+07  2.698E+07  2.750E+07
  2.749E+07  2.792E+07  2.774E+07  2.728E+07  2.714E+07  2.708E+07  2.751E+07  2.637E+07  2.674E+07  2.646E+07
  2.668E+07  2.653E+07  2.654E+07  2.611E+07  2.622E+07  2.631E+07  2.644E+07  2.627E+07  2.654E+07  2.625E+07
  2.678E+07  2.673E+07  2.677E+07  2.627E+07  2.648E+07  2.696E+07  2.699E+07  2.701E+07  2.780E+07  2.800E+07
  2.747E+07  2.711E+07  2.673E+07  2.680E+07  2.685E+07  2.671E+07  2.650E+07  2.641E+07  2.627E+07  2.598E+07
  2.635E+07  2.653E+07  2.660E+07  2.598E+07  2.569E+07  2.579E+07  2.663E+07  2.629E+07  2.698E+07  2.584E+07
  2.646E+07  2.664E+07  2.682E+07  2.639E+07  2.771E+07  2.733E+07  2.751E+07  2.748E+07  2.765E+07  2.661E+07
  2.694E+07  2.648E+07  2.639E+07  2.636E+07  2.613E+07  2.674E+07  2.606E+07  2.609E+07  2.564E+07  2.619E+07
  2.687E+07  2.610E+07  2.595E+07  2.600E+07  2.528E+07  2.599E+07  2.666E+07  2.688E+07  2.709E+07  2.684E+07
  2.731E+07  2.809E+07  2.807E+07  2.751E+07  2.721E+07  2.739E+07  2.656E+07  2.717E+07  2.651E+07  2.695E+07
  2.619E+07  2.635E+07  2.630E+07  2.602E+07  2.607E+07  2.670E+07  2.619E+07  2.554E+07  2.573E+07  2.618E+07
  2.632E+07  2.635E+07  2.635E+07  2.672E+07  2.751E+07  2.640E+07  2.747E+07  2.705E+07  2.689E+07  2.767E+07
  2.802E+07  2.710E+07  2.718E+07  2.683E+07  2.696E+07  2.680E+07  2.673E+07  2.654E+07  2.635E+07  2.651E+07
  2.640E+07  2.559E+07  2.631E+07  2.577E+07  2.671E+07  2.650E+07  2.600E+07  2.627E+07  2.626E+07  2.696E+07
  2.695E+07  2.699E+07  2.668E+07  2.670E+07  2.682E+07  2.754E+07  2.752E+07  2.808E+07  2.730E+07  2.644E+07
  2.736E+07  2.690E+07  2.678E+07  2.679E+07  2.644E+07  2.652E+07  2.621E+07  2.648E+07  2.593E+07  2.627E+07
  2.595E+07  2.601E+07  2.597E+07  2.639E+07  2.593E+07  2.617E+07  2.744E+07  2.670E+07  2.675E+07  2.716E+07
  2.647E+07  2.707E+07  2.728E+07  2.818E+07  2.793E+07  2.756E+07  2.666E+07  2.715E+07  2.774E+07  2.692E+07
  2.566E+07  2.656E+07  2.687E+07  2.622E+07  2.626E+07  2.620E+07  2.660E+07  2.631E+07  2.677E+07  2.664E+07
  2.679E+07  2.636E+07  2.656E+07  2.671E+07  2.677E+07  2.729E+07  2.722E+07  2.643E+07  2.667E+07  2.766E+07
  2.737E+07  2.809E+07  2.732E+07  2.729E+07  2.731E+07  2.707E+07  2.713E+07  2.683E+07  2.683E+07  2.611E+07
  2.663E+07  2.655E+07  2.718E+07  2.591E+07  2.675E+07  2.695E+07  2.663E+07  2.603E+07  2.665E+07  2.674E+07
  2.731E+07  2.657E+07  2.638E+07  2.679E+07  2.694E+07  2.764E+07  2.685E+07  2.748E+07  2.813E+07  2.750E+07
  2.758E+07  2.728E+07  2.650E+07  2.671E+07  2.689E+07  2.663E+07  2.620E+07  2.658E+07  2.685E+07  2.692E+07
  2.638E+07  2.673E+07  2.638E+07  2.652E+07  2.656E+07  2.693E+07  2.696E+07  2.653E+07  2.689E+07  2.693E+07
  2.711E+07  2.689E+07  2.733E+07  2.737E+07  2.747E+07  2.834E+07  2.775E+07  2.695E+07  2.736E+07  2.691E+07
  2.663E+07  2.691E+07  2.746E+07  2.706E+07  2.663E+07  2.741E+07  2.669E+07  2.637E+07  2.638E+07  2.666E+07
  2.671E+07  2.661E+07  2.657E+07  2.693E+07  2.716E+07  2.737E+07  2.675E+07  2.695E+07  2.745E+07  2.757E+07
  2.727E+07  2.813E+07  2.888E+07  2.691E+07  2.733E+07  2.714E+07  2.713E+07  2.709E+07  2.699E+07  2.691E+07
  2.702E+07  2.644E+07  2.702E+07  2.684E+07  2.649E+07  2.707E+07  2.701E+07  2.700E+07  2.724E+07  2.737E+07
  2.690E+07  2.750E+07  2.709E+07  2.691E+07  2.794E+07  2.759E+07  2.723E+07  2.729E+07  2.820E+07  2.947E+07
  2.766E+07  2.809E+07  2.759E+07  2.721E+07  2.716E+07  2.641E+07  2.673E+07  2.711E+07  2.692E+07  2.759E+07
  2.687E+07  2.632E+07  2.656E+07  2.671E+07  2.670E+07  2.649E+07  2.684E+07  2.658E+07  2.668E+07  2.669E+07
  2.713E+07  2.650E+07  2.791E+07  2.792E+07  2.755E+07  2.808E+07  2.778E+07  2.780E+07  2.775E+07  2.778E+07
  2.694E+07  2.696E+07  2.729E+07  2.708E+07  2.689E+07  2.697E+07  2.724E+07  2.762E+07  2.662E+07  2.653E+07
  2.681E+07  2.654E+07  2.696E+07  2.738E+07  2.694E+07  2.719E+07  2.724E+07  2.768E+07  2.765E+07  2.760E+07
  2.784E+07  2.855E+07  2.768E+07  2.815E+07  2.729E+07  2.811E+07  2.752E+07  2.734E+07  2.742E+07  2.715E+07
  2.733E+07  2.737E+07  2.761E+07  2.755E+07  2.738E+07  2.709E+07  2.803E+07  2.716E+07  2.738E+07  2.727E+07
  2.713E+07  2.717E+07  2.758E+07  2.763E+07  2.686E+07  2.712E+07  2.838E+07  2.730E+07  2.810E+07  2.827E+07
  2.861E+07  2.778E+07  2.770E+07  2.794E+07  2.828E+07  2.795E+07  2.733E+07  2.716E+07  2.743E+07  2.689E+07
  2.699E+07  2.777E+07  2.742E+07  2.718E+07  2.796E+07  2.726E+07  2.757E+07  2.698E+07  2.708E+07  2.748E+07
  2.840E+07  2.759E+07  2.740E+07  2.722E+07  2.737E+07  2.718E+07  2.774E+07  2.862E+07  2.825E+07  2.781E+07
  2.819E+07  2.740E+07  2.759E+07  2.802E+07  2.764E+07  2.787E+07  2.737E+07  2.815E+07  2.714E+07  2.745E+07
  2.732E+07  2.768E+07  2.754E+07  2.788E+07  2.712E+07  2.794E+07  2.747E+07  2.789E+07  2.734E+07  2.809E+07
  2.849E+07  2.744E+07  2.789E+07  2.818E+07

#------------------------------------------------------------------------------
z: xorg(1.03)
p: xfac[c2*0.05] form[c1/0.05] notc noxt noyt dmin(1)
p: ymin(0) ymax(1) xmin(0) xmax(1) cmin(1) cmax(100) nosp
hc: y= 0.005 to 0.995 by 0.01 ; x= 0.5 to 0.5 by 1 ;
 1  2  3  4  5  6  7  8  9 10 11 12 13 14 15 16 17 18 19 20
21 22 23 24 25 26 27 28 29 30 31 32 33 34 35 36 37 38 39 40
41 42 43 44 45 46 47 48 49 50 51 52 53 54 55 56 57 58 59 60
61 62 63 64 65 66 67 68 69 70 71 72 73 74 75 76 77 78 79 80
81 82 83 84 85 86 87 88 89 90 91 92 93 94 95 96 97 98 99 100
z: xorg(0.0)
p: xfac[c2*0.05] form[c1/0.05] nosp afac[c5*0.625] ymin[c3] ymax[c4]
p: noxt noxn ytxt(-1) ynum(-1) xltd(-1) xstd(-1) itic(1) ylog
y: Flux [1/cm^2/source]              
#------------------------------------------------------------------------------

wt: s[c5]
\vspace{-3}
  emin  &=&   1.0000E-09 [MeV]
  emax  &=&   2.5000E+01 [MeV]
  zmin  &=&   9.8505E+01 [cm]
  zmax  &=&   9.8530E+01 [cm]
  part. &=& proton  
e:

#------------------------------------------------------------------------------
z: xorg[-1.03/0.05]
p: form[c1] xfac[c2] afac[c5] nosp notf
p: xmin( -1.350000    ) xmax(  1.350000    )
p: ymin( -1.318500    ) ymax(  1.881500    )

#------------------------------------------------------------------------------
 newpage:
#   no. =  7   ie  =  1   iz  =  7   part. = proton  
#   e = (   1.0000E-09  -   2.5000E+01  )
#   z = (   9.8530E+01  -   9.8555E+01  )

'no. =  7,  ie =  1,  iz =  7'
msuc: {\huge Proton fluence maps through CR39}
msdr: {\it plotted by \ANGEL \version}
msdl: {\it calculated by \PHITS  3.35}

x: x [cm]
y: y [cm]
set: c1[ 1.185] c2[ 0.827] c5[ 0.800] c6[ 0.933] c7[ 0.123] c8[ 0.000]
p: h2fs form[c1] xfac[c2] afac[c5] scal[c6] xorg[c7] yorg[c8] nosp
set: c3[   1.400690E+07] c4[   4.522387E+07]
p: cmin[c3] cmax[c4]
p: dmin(1e-31)
p: zlog
p: xmin( -1.350000    ) xmax(  1.350000    )
p: ymin( -1.318500    ) ymax(  1.881500    )
#  ny =  32   nx =  27
# ( ( data(x,y), x = 1, nx ), y = ny, 1, -1 )

hc:  y =   1.831500     to  -1.268500     by  0.1000000     ; x =  -1.300000     to   1.300000     by  0.1000000     ;
  2.323E+07  2.310E+07  2.303E+07  2.295E+07  2.325E+07  2.338E+07  2.321E+07  2.331E+07  2.289E+07  2.368E+07
  2.343E+07  2.307E+07  2.355E+07  2.361E+07  2.334E+07  2.370E+07  2.366E+07  2.334E+07  2.357E+07  2.297E+07
  2.335E+07  2.422E+07  2.328E+07  2.377E+07  2.349E+07  2.318E+07  2.333E+07  2.336E+07  2.343E+07  2.328E+07
  2.272E+07  2.275E+07  2.234E+07  2.275E+07  2.317E+07  2.252E+07  2.311E+07  2.268E+07  2.324E+07  2.337E+07
  2.289E+07  2.230E+07  2.267E+07  2.240E+07  2.244E+07  2.220E+07  2.281E+07  2.294E+07  2.311E+07  2.291E+07
  2.297E+07  2.309E+07  2.236E+07  2.337E+07  2.317E+07  2.292E+07  2.278E+07  2.297E+07  2.283E+07  2.314E+07
  2.289E+07  2.238E+07  2.255E+07  2.343E+07  2.237E+07  2.265E+07  2.253E+07  2.267E+07  2.228E+07  2.283E+07
  2.311E+07  2.355E+07  2.257E+07  2.273E+07  2.258E+07  2.325E+07  2.328E+07  2.356E+07  2.284E+07  2.321E+07
  2.317E+07  2.300E+07  2.230E+07  2.289E+07  2.302E+07  2.341E+07  2.260E+07  2.318E+07  2.286E+07  2.253E+07
  2.312E+07  2.300E+07  2.318E+07  2.273E+07  2.256E+07  2.257E+07  2.318E+07  2.250E+07  2.269E+07  2.318E+07
  2.303E+07  2.277E+07  2.281E+07  2.297E+07  2.276E+07  2.257E+07  2.309E+07  2.260E+07  2.314E+07  2.266E+07
  2.298E+07  2.318E+07  2.297E+07  2.274E+07  2.232E+07  2.248E+07  2.310E+07  2.301E+07  2.263E+07  2.280E+07
  2.254E+07  2.272E+07  2.281E+07  2.309E+07  2.284E+07  2.269E+07  2.261E+07  2.332E+07  2.317E+07  2.236E+07
  2.292E+07  2.239E+07  2.299E+07  2.291E+07  2.278E+07  2.345E+07  2.314E+07  2.253E+07  2.243E+07  2.281E+07
  2.263E+07  2.292E+07  2.291E+07  2.279E+07  2.284E+07  2.231E+07  2.296E+07  2.227E+07  2.249E+07  2.267E+07
  2.224E+07  2.261E+07  2.273E+07  2.251E+07  2.260E+07  2.219E+07  2.300E+07  2.252E+07  2.248E+07  2.274E+07
  2.233E+07  2.288E+07  2.315E+07  2.250E+07  2.326E+07  2.281E+07  2.250E+07  2.263E+07  2.203E+07  2.217E+07
  2.247E+07  2.201E+07  2.230E+07  2.221E+07  2.220E+07  2.263E+07  2.243E+07  2.241E+07  2.213E+07  2.222E+07
  2.212E+07  2.253E+07  2.299E+07  2.215E+07  2.243E+07  2.240E+07  2.222E+07  2.232E+07  2.338E+07  2.292E+07
  2.259E+07  2.323E+07  2.301E+07  2.265E+07  2.222E+07  2.267E+07  2.217E+07  2.139E+07  2.188E+07  2.290E+07
  2.195E+07  2.248E+07  2.156E+07  2.213E+07  2.263E+07  2.234E+07  2.211E+07  2.269E+07  2.267E+07  2.272E+07
  2.248E+07  2.263E+07  2.276E+07  2.264E+07  2.193E+07  2.290E+07  2.295E+07  2.248E+07  2.232E+07  2.245E+07
  2.220E+07  2.255E+07  2.234E+07  2.283E+07  2.191E+07  2.290E+07  2.209E+07  2.203E+07  2.243E+07  2.229E+07
  2.184E+07  2.200E+07  2.208E+07  2.211E+07  2.241E+07  2.228E+07  2.162E+07  2.254E+07  2.211E+07  2.226E+07
  2.313E+07  2.284E+07  2.344E+07  2.259E+07  2.338E+07  2.211E+07  2.267E+07  2.183E+07  2.253E+07  2.225E+07
  2.236E+07  2.237E+07  2.191E+07  2.243E+07  2.231E+07  2.209E+07  2.221E+07  2.235E+07  2.196E+07  2.177E+07
  2.204E+07  2.202E+07  2.277E+07  2.243E+07  2.200E+07  2.253E+07  2.205E+07  2.185E+07  2.256E+07  2.305E+07
  2.305E+07  2.287E+07  2.231E+07  2.212E+07  2.233E+07  2.244E+07  2.226E+07  2.196E+07  2.211E+07  2.152E+07
  2.223E+07  2.190E+07  2.171E+07  2.237E+07  2.138E+07  2.226E+07  2.150E+07  2.176E+07  2.269E+07  2.234E+07
  2.197E+07  2.189E+07  2.235E+07  2.195E+07  2.236E+07  2.251E+07  2.331E+07  2.259E+07  2.242E+07  2.281E+07
  2.206E+07  2.259E+07  2.215E+07  2.222E+07  2.154E+07  2.167E+07  2.194E+07  2.229E+07  2.185E+07  2.164E+07
  2.211E+07  2.140E+07  2.192E+07  2.148E+07  2.239E+07  2.157E+07  2.195E+07  2.160E+07  2.207E+07  2.234E+07
  2.196E+07  2.269E+07  2.184E+07  2.289E+07  2.248E+07  2.216E+07  2.245E+07  2.222E+07  2.225E+07  2.175E+07
  2.229E+07  2.206E+07  2.239E+07  2.181E+07  2.179E+07  2.177E+07  2.227E+07  2.203E+07  2.175E+07  2.132E+07
  2.143E+07  2.203E+07  2.133E+07  2.181E+07  2.207E+07  2.214E+07  2.217E+07  2.266E+07  2.290E+07  2.233E+07
  2.310E+07  2.276E+07  2.181E+07  2.254E+07  2.157E+07  2.198E+07  2.155E+07  2.151E+07  2.175E+07  2.169E+07
  2.192E+07  2.183E+07  2.132E+07  2.177E+07  2.160E+07  2.133E+07  2.165E+07  2.169E+07  2.197E+07  2.156E+07
  2.176E+07  2.210E+07  2.220E+07  2.223E+07  2.176E+07  2.210E+07  2.187E+07  2.269E+07  2.266E+07  2.248E+07
  2.238E+07  2.162E+07  2.202E+07  2.211E+07  2.151E+07  2.194E+07  2.186E+07  2.173E+07  2.099E+07  2.122E+07
  2.146E+07  2.156E+07  2.124E+07  2.163E+07  2.132E+07  2.172E+07  2.164E+07  2.187E+07  2.203E+07  2.209E+07
  2.166E+07  2.239E+07  2.214E+07  2.201E+07  2.323E+07  2.290E+07  2.217E+07  2.201E+07  2.173E+07  2.148E+07
  2.188E+07  2.119E+07  2.150E+07  2.110E+07  2.111E+07  2.186E+07  2.106E+07  2.089E+07  2.078E+07  2.152E+07
  2.123E+07  2.203E+07  2.119E+07  2.224E+07  2.190E+07  2.161E+07  2.185E+07  2.191E+07  2.200E+07  2.244E+07
  2.228E+07  2.280E+07  2.265E+07  2.227E+07  2.212E+07  2.211E+07  2.248E+07  2.154E+07  2.188E+07  2.161E+07
  2.161E+07  2.164E+07  2.149E+07  2.123E+07  2.135E+07  2.154E+07  2.165E+07  2.129E+07  2.137E+07  2.151E+07
  2.207E+07  2.188E+07  2.195E+07  2.153E+07  2.167E+07  2.224E+07  2.219E+07  2.213E+07  2.277E+07  2.282E+07
  2.240E+07  2.204E+07  2.177E+07  2.183E+07  2.191E+07  2.180E+07  2.154E+07  2.168E+07  2.139E+07  2.131E+07
  2.159E+07  2.166E+07  2.163E+07  2.115E+07  2.081E+07  2.113E+07  2.154E+07  2.142E+07  2.199E+07  2.093E+07
  2.151E+07  2.160E+07  2.179E+07  2.145E+07  2.246E+07  2.224E+07  2.244E+07  2.242E+07  2.265E+07  2.176E+07
  2.196E+07  2.160E+07  2.144E+07  2.163E+07  2.125E+07  2.185E+07  2.118E+07  2.126E+07  2.084E+07  2.123E+07
  2.182E+07  2.139E+07  2.110E+07  2.134E+07  2.053E+07  2.123E+07  2.170E+07  2.214E+07  2.208E+07  2.213E+07
  2.233E+07  2.295E+07  2.302E+07  2.229E+07  2.229E+07  2.237E+07  2.165E+07  2.236E+07  2.166E+07  2.193E+07
  2.143E+07  2.128E+07  2.139E+07  2.109E+07  2.110E+07  2.175E+07  2.136E+07  2.067E+07  2.084E+07  2.141E+07
  2.144E+07  2.155E+07  2.114E+07  2.178E+07  2.241E+07  2.154E+07  2.244E+07  2.228E+07  2.172E+07  2.251E+07
  2.285E+07  2.205E+07  2.219E+07  2.182E+07  2.207E+07  2.186E+07  2.189E+07  2.142E+07  2.127E+07  2.160E+07
  2.153E+07  2.068E+07  2.148E+07  2.112E+07  2.178E+07  2.145E+07  2.126E+07  2.123E+07  2.123E+07  2.179E+07
  2.193E+07  2.196E+07  2.184E+07  2.200E+07  2.183E+07  2.242E+07  2.262E+07  2.293E+07  2.215E+07  2.174E+07
  2.235E+07  2.199E+07  2.177E+07  2.182E+07  2.153E+07  2.162E+07  2.136E+07  2.176E+07  2.114E+07  2.149E+07
  2.109E+07  2.123E+07  2.101E+07  2.154E+07  2.137E+07  2.105E+07  2.226E+07  2.147E+07  2.174E+07  2.215E+07
  2.139E+07  2.200E+07  2.236E+07  2.306E+07  2.300E+07  2.241E+07  2.135E+07  2.208E+07  2.262E+07  2.197E+07
  2.080E+07  2.152E+07  2.177E+07  2.142E+07  2.156E+07  2.134E+07  2.160E+07  2.140E+07  2.173E+07  2.180E+07
  2.176E+07  2.152E+07  2.164E+07  2.174E+07  2.166E+07  2.215E+07  2.209E+07  2.152E+07  2.167E+07  2.251E+07
  2.235E+07  2.292E+07  2.239E+07  2.212E+07  2.212E+07  2.201E+07  2.214E+07  2.200E+07  2.161E+07  2.148E+07
  2.156E+07  2.158E+07  2.213E+07  2.114E+07  2.199E+07  2.188E+07  2.163E+07  2.119E+07  2.171E+07  2.151E+07
  2.216E+07  2.169E+07  2.148E+07  2.175E+07  2.202E+07  2.261E+07  2.193E+07  2.244E+07  2.307E+07  2.226E+07
  2.249E+07  2.235E+07  2.169E+07  2.181E+07  2.197E+07  2.172E+07  2.115E+07  2.151E+07  2.218E+07  2.200E+07
  2.138E+07  2.159E+07  2.155E+07  2.179E+07  2.146E+07  2.190E+07  2.203E+07  2.163E+07  2.192E+07  2.186E+07
  2.217E+07  2.191E+07  2.235E+07  2.220E+07  2.250E+07  2.315E+07  2.270E+07  2.211E+07  2.231E+07  2.199E+07
  2.177E+07  2.211E+07  2.248E+07  2.203E+07  2.167E+07  2.247E+07  2.188E+07  2.141E+07  2.159E+07  2.159E+07
  2.182E+07  2.176E+07  2.176E+07  2.206E+07  2.208E+07  2.212E+07  2.179E+07  2.197E+07  2.252E+07  2.250E+07
  2.226E+07  2.291E+07  2.347E+07  2.203E+07  2.237E+07  2.196E+07  2.213E+07  2.212E+07  2.189E+07  2.215E+07
  2.193E+07  2.158E+07  2.217E+07  2.211E+07  2.152E+07  2.196E+07  2.212E+07  2.191E+07  2.223E+07  2.238E+07
  2.201E+07  2.257E+07  2.210E+07  2.198E+07  2.279E+07  2.250E+07  2.220E+07  2.202E+07  2.300E+07  2.404E+07
  2.263E+07  2.302E+07  2.273E+07  2.211E+07  2.216E+07  2.173E+07  2.183E+07  2.176E+07  2.194E+07  2.249E+07
  2.197E+07  2.151E+07  2.188E+07  2.184E+07  2.174E+07  2.183E+07  2.192E+07  2.152E+07  2.181E+07  2.196E+07
  2.234E+07  2.163E+07  2.283E+07  2.270E+07  2.272E+07  2.289E+07  2.263E+07  2.270E+07  2.258E+07  2.243E+07
  2.204E+07  2.214E+07  2.223E+07  2.213E+07  2.208E+07  2.218E+07  2.228E+07  2.264E+07  2.180E+07  2.183E+07
  2.194E+07  2.162E+07  2.207E+07  2.232E+07  2.185E+07  2.216E+07  2.219E+07  2.263E+07  2.255E+07  2.251E+07
  2.268E+07  2.335E+07  2.272E+07  2.294E+07  2.243E+07  2.300E+07  2.252E+07  2.255E+07  2.223E+07  2.220E+07
  2.231E+07  2.242E+07  2.245E+07  2.259E+07  2.258E+07  2.192E+07  2.274E+07  2.244E+07  2.246E+07  2.236E+07
  2.197E+07  2.220E+07  2.235E+07  2.251E+07  2.193E+07  2.202E+07  2.337E+07  2.234E+07  2.292E+07  2.291E+07
  2.331E+07  2.266E+07  2.243E+07  2.282E+07  2.310E+07  2.283E+07  2.228E+07  2.211E+07  2.234E+07  2.211E+07
  2.218E+07  2.257E+07  2.238E+07  2.222E+07  2.284E+07  2.239E+07  2.267E+07  2.196E+07  2.211E+07  2.234E+07
  2.319E+07  2.263E+07  2.220E+07  2.215E+07  2.208E+07  2.209E+07  2.279E+07  2.343E+07  2.333E+07  2.254E+07
  2.305E+07  2.244E+07  2.276E+07  2.306E+07  2.277E+07  2.285E+07  2.234E+07  2.288E+07  2.224E+07  2.236E+07
  2.223E+07  2.268E+07  2.244E+07  2.271E+07  2.219E+07  2.300E+07  2.250E+07  2.284E+07  2.200E+07  2.318E+07
  2.343E+07  2.223E+07  2.302E+07  2.290E+07

#------------------------------------------------------------------------------
z: xorg(1.03)
p: xfac[c2*0.05] form[c1/0.05] notc noxt noyt dmin(1)
p: ymin(0) ymax(1) xmin(0) xmax(1) cmin(1) cmax(100) nosp
hc: y= 0.005 to 0.995 by 0.01 ; x= 0.5 to 0.5 by 1 ;
 1  2  3  4  5  6  7  8  9 10 11 12 13 14 15 16 17 18 19 20
21 22 23 24 25 26 27 28 29 30 31 32 33 34 35 36 37 38 39 40
41 42 43 44 45 46 47 48 49 50 51 52 53 54 55 56 57 58 59 60
61 62 63 64 65 66 67 68 69 70 71 72 73 74 75 76 77 78 79 80
81 82 83 84 85 86 87 88 89 90 91 92 93 94 95 96 97 98 99 100
z: xorg(0.0)
p: xfac[c2*0.05] form[c1/0.05] nosp afac[c5*0.625] ymin[c3] ymax[c4]
p: noxt noxn ytxt(-1) ynum(-1) xltd(-1) xstd(-1) itic(1) ylog
y: Flux [1/cm^2/source]              
#------------------------------------------------------------------------------

wt: s[c5]
\vspace{-3}
  emin  &=&   1.0000E-09 [MeV]
  emax  &=&   2.5000E+01 [MeV]
  zmin  &=&   9.8530E+01 [cm]
  zmax  &=&   9.8555E+01 [cm]
  part. &=& proton  
e:

#------------------------------------------------------------------------------
z: xorg[-1.03/0.05]
p: form[c1] xfac[c2] afac[c5] nosp notf
p: xmin( -1.350000    ) xmax(  1.350000    )
p: ymin( -1.318500    ) ymax(  1.881500    )

#------------------------------------------------------------------------------
 newpage:
#   no. =  8   ie  =  1   iz  =  8   part. = proton  
#   e = (   1.0000E-09  -   2.5000E+01  )
#   z = (   9.8555E+01  -   9.8580E+01  )

'no. =  8,  ie =  1,  iz =  8'
msuc: {\huge Proton fluence maps through CR39}
msdr: {\it plotted by \ANGEL \version}
msdl: {\it calculated by \PHITS  3.35}

x: x [cm]
y: y [cm]
set: c1[ 1.185] c2[ 0.827] c5[ 0.800] c6[ 0.933] c7[ 0.123] c8[ 0.000]
p: h2fs form[c1] xfac[c2] afac[c5] scal[c6] xorg[c7] yorg[c8] nosp
set: c3[   1.400690E+07] c4[   4.522387E+07]
p: cmin[c3] cmax[c4]
p: dmin(1e-31)
p: zlog
p: xmin( -1.350000    ) xmax(  1.350000    )
p: ymin( -1.318500    ) ymax(  1.881500    )
#  ny =  32   nx =  27
# ( ( data(x,y), x = 1, nx ), y = ny, 1, -1 )

hc:  y =   1.831500     to  -1.268500     by  0.1000000     ; x =  -1.300000     to   1.300000     by  0.1000000     ;
  1.581E+07  1.599E+07  1.600E+07  1.581E+07  1.599E+07  1.604E+07  1.583E+07  1.606E+07  1.577E+07  1.648E+07
  1.611E+07  1.586E+07  1.619E+07  1.633E+07  1.603E+07  1.643E+07  1.630E+07  1.608E+07  1.634E+07  1.583E+07
  1.625E+07  1.675E+07  1.606E+07  1.666E+07  1.614E+07  1.596E+07  1.620E+07  1.624E+07  1.620E+07  1.608E+07
  1.557E+07  1.579E+07  1.537E+07  1.578E+07  1.590E+07  1.557E+07  1.603E+07  1.557E+07  1.582E+07  1.622E+07
  1.585E+07  1.532E+07  1.569E+07  1.517E+07  1.545E+07  1.535E+07  1.592E+07  1.569E+07  1.610E+07  1.594E+07
  1.578E+07  1.596E+07  1.557E+07  1.595E+07  1.613E+07  1.576E+07  1.582E+07  1.590E+07  1.561E+07  1.603E+07
  1.608E+07  1.545E+07  1.557E+07  1.608E+07  1.552E+07  1.559E+07  1.552E+07  1.572E+07  1.541E+07  1.579E+07
  1.599E+07  1.614E+07  1.568E+07  1.567E+07  1.564E+07  1.604E+07  1.606E+07  1.611E+07  1.577E+07  1.617E+07
  1.586E+07  1.582E+07  1.536E+07  1.560E+07  1.594E+07  1.611E+07  1.554E+07  1.615E+07  1.582E+07  1.549E+07
  1.617E+07  1.584E+07  1.583E+07  1.532E+07  1.550E+07  1.542E+07  1.590E+07  1.542E+07  1.567E+07  1.613E+07
  1.606E+07  1.561E+07  1.589E+07  1.582E+07  1.582E+07  1.567E+07  1.605E+07  1.567E+07  1.589E+07  1.529E+07
  1.604E+07  1.616E+07  1.597E+07  1.567E+07  1.529E+07  1.542E+07  1.610E+07  1.584E+07  1.559E+07  1.584E+07
  1.557E+07  1.577E+07  1.558E+07  1.589E+07  1.581E+07  1.576E+07  1.563E+07  1.612E+07  1.594E+07  1.578E+07
  1.556E+07  1.555E+07  1.609E+07  1.585E+07  1.574E+07  1.608E+07  1.629E+07  1.561E+07  1.555E+07  1.585E+07
  1.573E+07  1.586E+07  1.589E+07  1.591E+07  1.579E+07  1.525E+07  1.600E+07  1.526E+07  1.571E+07  1.545E+07
  1.521E+07  1.556E+07  1.568E+07  1.561E+07  1.553E+07  1.530E+07  1.578E+07  1.559E+07  1.563E+07  1.561E+07
  1.551E+07  1.575E+07  1.593E+07  1.564E+07  1.588E+07  1.585E+07  1.536E+07  1.555E+07  1.508E+07  1.521E+07
  1.538E+07  1.516E+07  1.538E+07  1.533E+07  1.521E+07  1.565E+07  1.541E+07  1.543E+07  1.521E+07  1.527E+07
  1.527E+07  1.547E+07  1.567E+07  1.514E+07  1.560E+07  1.534E+07  1.546E+07  1.537E+07  1.625E+07  1.603E+07
  1.549E+07  1.598E+07  1.589E+07  1.578E+07  1.531E+07  1.567E+07  1.520E+07  1.481E+07  1.524E+07  1.570E+07
  1.507E+07  1.560E+07  1.488E+07  1.535E+07  1.567E+07  1.530E+07  1.516E+07  1.571E+07  1.556E+07  1.577E+07
  1.571E+07  1.558E+07  1.576E+07  1.558E+07  1.532E+07  1.587E+07  1.588E+07  1.556E+07  1.549E+07  1.535E+07
  1.526E+07  1.548E+07  1.548E+07  1.568E+07  1.534E+07  1.579E+07  1.528E+07  1.518E+07  1.537E+07  1.527E+07
  1.510E+07  1.525E+07  1.514E+07  1.522E+07  1.545E+07  1.540E+07  1.479E+07  1.545E+07  1.527E+07  1.511E+07
  1.596E+07  1.579E+07  1.615E+07  1.549E+07  1.616E+07  1.491E+07  1.565E+07  1.483E+07  1.574E+07  1.529E+07
  1.558E+07  1.532E+07  1.515E+07  1.546E+07  1.544E+07  1.491E+07  1.528E+07  1.517E+07  1.531E+07  1.496E+07
  1.512E+07  1.504E+07  1.559E+07  1.538E+07  1.504E+07  1.537E+07  1.524E+07  1.506E+07  1.553E+07  1.591E+07
  1.580E+07  1.580E+07  1.530E+07  1.525E+07  1.518E+07  1.542E+07  1.516E+07  1.505E+07  1.523E+07  1.484E+07
  1.542E+07  1.490E+07  1.500E+07  1.558E+07  1.469E+07  1.513E+07  1.473E+07  1.508E+07  1.568E+07  1.544E+07
  1.500E+07  1.495E+07  1.524E+07  1.522E+07  1.544E+07  1.560E+07  1.600E+07  1.568E+07  1.551E+07  1.563E+07
  1.512E+07  1.552E+07  1.527E+07  1.528E+07  1.464E+07  1.480E+07  1.510E+07  1.560E+07  1.483E+07  1.481E+07
  1.532E+07  1.461E+07  1.503E+07  1.479E+07  1.518E+07  1.486E+07  1.488E+07  1.483E+07  1.528E+07  1.542E+07
  1.504E+07  1.577E+07  1.516E+07  1.582E+07  1.538E+07  1.495E+07  1.560E+07  1.545E+07  1.539E+07  1.477E+07
  1.522E+07  1.510E+07  1.544E+07  1.501E+07  1.487E+07  1.491E+07  1.529E+07  1.507E+07  1.495E+07  1.455E+07
  1.469E+07  1.495E+07  1.474E+07  1.504E+07  1.526E+07  1.523E+07  1.521E+07  1.576E+07  1.564E+07  1.546E+07
  1.580E+07  1.558E+07  1.513E+07  1.536E+07  1.491E+07  1.516E+07  1.482E+07  1.480E+07  1.498E+07  1.494E+07
  1.510E+07  1.514E+07  1.462E+07  1.484E+07  1.484E+07  1.455E+07  1.495E+07  1.475E+07  1.509E+07  1.486E+07
  1.507E+07  1.508E+07  1.524E+07  1.531E+07  1.483E+07  1.510E+07  1.501E+07  1.554E+07  1.549E+07  1.572E+07
  1.552E+07  1.471E+07  1.535E+07  1.537E+07  1.476E+07  1.509E+07  1.512E+07  1.481E+07  1.440E+07  1.451E+07
  1.476E+07  1.493E+07  1.474E+07  1.476E+07  1.438E+07  1.495E+07  1.472E+07  1.497E+07  1.518E+07  1.531E+07
  1.472E+07  1.528E+07  1.525E+07  1.522E+07  1.613E+07  1.578E+07  1.524E+07  1.521E+07  1.493E+07  1.479E+07
  1.513E+07  1.462E+07  1.502E+07  1.438E+07  1.438E+07  1.509E+07  1.449E+07  1.445E+07  1.427E+07  1.486E+07
  1.446E+07  1.528E+07  1.457E+07  1.531E+07  1.492E+07  1.486E+07  1.502E+07  1.497E+07  1.515E+07  1.539E+07
  1.513E+07  1.578E+07  1.565E+07  1.537E+07  1.507E+07  1.508E+07  1.562E+07  1.478E+07  1.520E+07  1.476E+07
  1.467E+07  1.487E+07  1.485E+07  1.437E+07  1.475E+07  1.480E+07  1.497E+07  1.455E+07  1.467E+07  1.481E+07
  1.520E+07  1.517E+07  1.507E+07  1.470E+07  1.496E+07  1.548E+07  1.540E+07  1.533E+07  1.555E+07  1.564E+07
  1.563E+07  1.506E+07  1.486E+07  1.494E+07  1.499E+07  1.504E+07  1.468E+07  1.480E+07  1.474E+07  1.467E+07
  1.479E+07  1.485E+07  1.480E+07  1.454E+07  1.423E+07  1.459E+07  1.470E+07  1.470E+07  1.500E+07  1.437E+07
  1.477E+07  1.486E+07  1.503E+07  1.468E+07  1.540E+07  1.542E+07  1.536E+07  1.539E+07  1.547E+07  1.495E+07
  1.524E+07  1.495E+07  1.477E+07  1.494E+07  1.452E+07  1.491E+07  1.456E+07  1.455E+07  1.438E+07  1.466E+07
  1.491E+07  1.472E+07  1.447E+07  1.468E+07  1.414E+07  1.458E+07  1.496E+07  1.542E+07  1.500E+07  1.525E+07
  1.524E+07  1.600E+07  1.574E+07  1.543E+07  1.539E+07  1.553E+07  1.488E+07  1.547E+07  1.492E+07  1.490E+07
  1.466E+07  1.441E+07  1.456E+07  1.443E+07  1.473E+07  1.497E+07  1.458E+07  1.401E+07  1.411E+07  1.472E+07
  1.491E+07  1.486E+07  1.432E+07  1.507E+07  1.566E+07  1.465E+07  1.555E+07  1.528E+07  1.492E+07  1.542E+07
  1.560E+07  1.520E+07  1.532E+07  1.515E+07  1.536E+07  1.504E+07  1.500E+07  1.469E+07  1.456E+07  1.486E+07
  1.459E+07  1.411E+07  1.471E+07  1.464E+07  1.487E+07  1.476E+07  1.478E+07  1.470E+07  1.444E+07  1.492E+07
  1.501E+07  1.513E+07  1.501E+07  1.523E+07  1.496E+07  1.541E+07  1.575E+07  1.593E+07  1.515E+07  1.509E+07
  1.540E+07  1.518E+07  1.487E+07  1.469E+07  1.465E+07  1.484E+07  1.454E+07  1.508E+07  1.443E+07  1.471E+07
  1.422E+07  1.464E+07  1.445E+07  1.494E+07  1.485E+07  1.437E+07  1.521E+07  1.454E+07  1.518E+07  1.514E+07
  1.482E+07  1.519E+07  1.566E+07  1.580E+07  1.591E+07  1.526E+07  1.449E+07  1.510E+07  1.545E+07  1.505E+07
  1.411E+07  1.454E+07  1.483E+07  1.482E+07  1.501E+07  1.484E+07  1.470E+07  1.451E+07  1.500E+07  1.502E+07
  1.486E+07  1.462E+07  1.497E+07  1.499E+07  1.484E+07  1.507E+07  1.509E+07  1.493E+07  1.469E+07  1.530E+07
  1.533E+07  1.582E+07  1.537E+07  1.532E+07  1.521E+07  1.501E+07  1.527E+07  1.514E+07  1.458E+07  1.497E+07
  1.466E+07  1.500E+07  1.515E+07  1.441E+07  1.508E+07  1.491E+07  1.472E+07  1.449E+07  1.498E+07  1.455E+07
  1.551E+07  1.488E+07  1.463E+07  1.502E+07  1.519E+07  1.559E+07  1.525E+07  1.558E+07  1.587E+07  1.523E+07
  1.564E+07  1.523E+07  1.483E+07  1.485E+07  1.505E+07  1.488E+07  1.447E+07  1.487E+07  1.543E+07  1.500E+07
  1.464E+07  1.463E+07  1.496E+07  1.520E+07  1.471E+07  1.483E+07  1.521E+07  1.488E+07  1.505E+07  1.524E+07
  1.528E+07  1.505E+07  1.512E+07  1.536E+07  1.535E+07  1.587E+07  1.563E+07  1.522E+07  1.533E+07  1.523E+07
  1.505E+07  1.503E+07  1.542E+07  1.481E+07  1.486E+07  1.538E+07  1.516E+07  1.451E+07  1.472E+07  1.484E+07
  1.498E+07  1.492E+07  1.485E+07  1.510E+07  1.507E+07  1.519E+07  1.481E+07  1.498E+07  1.560E+07  1.527E+07
  1.553E+07  1.563E+07  1.612E+07  1.525E+07  1.572E+07  1.505E+07  1.515E+07  1.513E+07  1.489E+07  1.543E+07
  1.498E+07  1.481E+07  1.541E+07  1.537E+07  1.460E+07  1.497E+07  1.524E+07  1.510E+07  1.525E+07  1.521E+07
  1.522E+07  1.559E+07  1.534E+07  1.525E+07  1.558E+07  1.550E+07  1.539E+07  1.507E+07  1.573E+07  1.649E+07
  1.573E+07  1.603E+07  1.544E+07  1.528E+07  1.528E+07  1.504E+07  1.491E+07  1.504E+07  1.523E+07  1.545E+07
  1.534E+07  1.459E+07  1.504E+07  1.487E+07  1.496E+07  1.475E+07  1.500E+07  1.464E+07  1.492E+07  1.525E+07
  1.553E+07  1.492E+07  1.565E+07  1.563E+07  1.566E+07  1.557E+07  1.533E+07  1.561E+07  1.562E+07  1.537E+07
  1.508E+07  1.517E+07  1.525E+07  1.509E+07  1.538E+07  1.546E+07  1.538E+07  1.536E+07  1.491E+07  1.505E+07
  1.525E+07  1.486E+07  1.505E+07  1.549E+07  1.504E+07  1.516E+07  1.528E+07  1.585E+07  1.553E+07  1.551E+07
  1.558E+07  1.608E+07  1.564E+07  1.570E+07  1.559E+07  1.590E+07  1.550E+07  1.572E+07  1.533E+07  1.530E+07
  1.563E+07  1.558E+07  1.536E+07  1.564E+07  1.554E+07  1.500E+07  1.550E+07  1.544E+07  1.558E+07  1.541E+07
  1.512E+07  1.538E+07  1.526E+07  1.557E+07  1.519E+07  1.493E+07  1.606E+07  1.529E+07  1.581E+07  1.589E+07
  1.604E+07  1.550E+07  1.561E+07  1.565E+07  1.571E+07  1.582E+07  1.534E+07  1.511E+07  1.534E+07  1.514E+07
  1.528E+07  1.573E+07  1.556E+07  1.535E+07  1.586E+07  1.552E+07  1.558E+07  1.496E+07  1.508E+07  1.545E+07
  1.592E+07  1.579E+07  1.524E+07  1.509E+07  1.519E+07  1.521E+07  1.577E+07  1.615E+07  1.618E+07  1.549E+07
  1.602E+07  1.562E+07  1.586E+07  1.601E+07  1.574E+07  1.588E+07  1.557E+07  1.590E+07  1.535E+07  1.536E+07
  1.534E+07  1.579E+07  1.528E+07  1.562E+07  1.531E+07  1.572E+07  1.563E+07  1.571E+07  1.503E+07  1.596E+07
  1.619E+07  1.543E+07  1.588E+07  1.592E+07

#------------------------------------------------------------------------------
z: xorg(1.03)
p: xfac[c2*0.05] form[c1/0.05] notc noxt noyt dmin(1)
p: ymin(0) ymax(1) xmin(0) xmax(1) cmin(1) cmax(100) nosp
hc: y= 0.005 to 0.995 by 0.01 ; x= 0.5 to 0.5 by 1 ;
 1  2  3  4  5  6  7  8  9 10 11 12 13 14 15 16 17 18 19 20
21 22 23 24 25 26 27 28 29 30 31 32 33 34 35 36 37 38 39 40
41 42 43 44 45 46 47 48 49 50 51 52 53 54 55 56 57 58 59 60
61 62 63 64 65 66 67 68 69 70 71 72 73 74 75 76 77 78 79 80
81 82 83 84 85 86 87 88 89 90 91 92 93 94 95 96 97 98 99 100
z: xorg(0.0)
p: xfac[c2*0.05] form[c1/0.05] nosp afac[c5*0.625] ymin[c3] ymax[c4]
p: noxt noxn ytxt(-1) ynum(-1) xltd(-1) xstd(-1) itic(1) ylog
y: Flux [1/cm^2/source]              
#------------------------------------------------------------------------------

wt: s[c5]
\vspace{-3}
  emin  &=&   1.0000E-09 [MeV]
  emax  &=&   2.5000E+01 [MeV]
  zmin  &=&   9.8555E+01 [cm]
  zmax  &=&   9.8580E+01 [cm]
  part. &=& proton  
e:

#------------------------------------------------------------------------------
z: xorg[-1.03/0.05]
p: form[c1] xfac[c2] afac[c5] nosp notf
p: xmin( -1.350000    ) xmax(  1.350000    )
p: ymin( -1.318500    ) ymax(  1.881500    )
 
# Information for Restart Calculation
# This calculation was newly started
# istdev =  2 # 1:Batch variance, 2:History variance
# resc2  = 2.27140633519773913E-02 # Total source weight or Total source weight / maxcas
# resc3  = 1.41770000000000000E+08 # Total history number or Total batch number
# maxcas =       10000 # History / Batch, only used for istdev=1
# bitrseed = 0001111011001101110111000010000100100111011001000110100100110111 # bit data of rseed
