[ T-Track ]
    title = [t-track] in xyz mesh
     mesh =  xyz            # mesh type is xyz scoring mesh
   x-type =    2            # x-mesh is linear given by xmin, xmax and nx
     xmin =  -10.00000      # minimum value of x-mesh points
     xmax =   10.00000      # maximum value of x-mesh points
#    xdel =  0.2000000      # mesh width of x-mesh points
       nx =    100          # number of x-mesh points
#    data = ( x(i), i = 1, nx + 1 )
#          -1.00000E+01 -9.80000E+00 -9.60000E+00 -9.40000E+00 -9.20000E+00
#          -9.00000E+00 -8.80000E+00 -8.60000E+00 -8.40000E+00 -8.20000E+00
#          -8.00000E+00 -7.80000E+00 -7.60000E+00 -7.40000E+00 -7.20000E+00
#          -7.00000E+00 -6.80000E+00 -6.60000E+00 -6.40000E+00 -6.20000E+00
#          -6.00000E+00 -5.80000E+00 -5.60000E+00 -5.40000E+00 -5.20000E+00
#          -5.00000E+00 -4.80000E+00 -4.60000E+00 -4.40000E+00 -4.20000E+00
#          -4.00000E+00 -3.80000E+00 -3.60000E+00 -3.40000E+00 -3.20000E+00
#          -3.00000E+00 -2.80000E+00 -2.60000E+00 -2.40000E+00 -2.20000E+00
#          -2.00000E+00 -1.80000E+00 -1.60000E+00 -1.40000E+00 -1.20000E+00
#          -1.00000E+00 -8.00000E-01 -6.00000E-01 -4.00000E-01 -2.00000E-01
#           0.00000E+00  2.00000E-01  4.00000E-01  6.00000E-01  8.00000E-01
#           1.00000E+00  1.20000E+00  1.40000E+00  1.60000E+00  1.80000E+00
#           2.00000E+00  2.20000E+00  2.40000E+00  2.60000E+00  2.80000E+00
#           3.00000E+00  3.20000E+00  3.40000E+00  3.60000E+00  3.80000E+00
#           4.00000E+00  4.20000E+00  4.40000E+00  4.60000E+00  4.80000E+00
#           5.00000E+00  5.20000E+00  5.40000E+00  5.60000E+00  5.80000E+00
#           6.00000E+00  6.20000E+00  6.40000E+00  6.60000E+00  6.80000E+00
#           7.00000E+00  7.20000E+00  7.40000E+00  7.60000E+00  7.80000E+00
#           8.00000E+00  8.20000E+00  8.40000E+00  8.60000E+00  8.80000E+00
#           9.00000E+00  9.20000E+00  9.40000E+00  9.60000E+00  9.80000E+00
#           1.00000E+01
   y-type =    4            # y-mesh is linear given by ymin, ymax and ydel
     ymin = -1.0000000E-02  # minimum value of y-mesh points
     ymax =  1.0000000E-02  # maximum value of y-mesh points
     ydel =  0.1000000      # mesh width of y-mesh points
#      ny =    1            # number of y-mesh points
#    data = ( y(i), i = 1, ny + 1 )
#          -1.00000E-02  9.00000E-02
   z-type =    4            # z-mesh is linear given by zmin, zmax and zdel
     zmin =   95.00000      # minimum value of z-mesh points
     zmax =   100.0000      # maximum value of z-mesh points
     zdel =  0.1000000      # mesh width of z-mesh points
#      nz =   50            # number of z-mesh points
#    data = ( z(i), i = 1, nz + 1 )
#           9.50000E+01  9.51000E+01  9.52000E+01  9.53000E+01  9.54000E+01
#           9.55000E+01  9.56000E+01  9.57000E+01  9.58000E+01  9.59000E+01
#           9.60000E+01  9.61000E+01  9.62000E+01  9.63000E+01  9.64000E+01
#           9.65000E+01  9.66000E+01  9.67000E+01  9.68000E+01  9.69000E+01
#           9.70000E+01  9.71000E+01  9.72000E+01  9.73000E+01  9.74000E+01
#           9.75000E+01  9.76000E+01  9.77000E+01  9.78000E+01  9.79000E+01
#           9.80000E+01  9.81000E+01  9.82000E+01  9.83000E+01  9.84000E+01
#           9.85000E+01  9.86000E+01  9.87000E+01  9.88000E+01  9.89000E+01
#           9.90000E+01  9.91000E+01  9.92000E+01  9.93000E+01  9.94000E+01
#           9.95000E+01  9.96000E+01  9.97000E+01  9.98000E+01  9.99000E+01
#           1.00000E+02
   e-type =    1            # e-mesh is given by the below data
       ne =      1          # number of e-mesh points
#    data = ( e(i), i = 1, ne + 1 )
            0.00000E+00  1.00000E+03
     unit =    1            # unit is [1/cm^2/source]
 material =  all            # (D=all) number of specific material
  2D-type =    3            # 1:Cont, 2:Clust, 3:Color, 4:xyz, 5:mat, 6:Clust+Cont, 7:Col+Cont
     axis =      xz            # axis of output
     file = ./out/detectores-2.out  # file name of output for the above axis
     part =  proton   
# kf/name :  2212     
    gshow =    1            # 0: no 1:bnd, 2:bnd+mat, 3:bnd+reg 4:bnd+lat 5:bmp style
    resol =    1            # (D=1) resolution of gshow or rshow
    width = 0.5000000       # (D=0.5) width of lines for gshow or rshow
   epsout =    1            # (D=0) generate eps file by ANGEL
#    used :        main (  %)        temp (  %)       total (  %)
#  memory :         160 (  0)           0 (  0)         160 (  0)

#------------------------------------------------------------------------------
#newpage:
#   no. =  1   ie  =  1   iy  =  1   part. = proton  
#   e = (   0.0000E+00  -   1.0000E+03  )
#   y = (  -1.0000E-02  -   9.0000E-02  )

'no. =  1,  ie =  1,  iy =  1'
msuc: {\huge [t-track] in xyz mesh}
msdr: {\it plotted by \ANGEL \version}
msdl: {\it calculated by \PHITS  3.36}

x: z [cm]
y: x [cm]
set: c1[ 4.000] c2[ 0.450] c5[ 0.800] c6[ 0.566] c7[ 2.000] c8[ 0.000]
p: h2fs form[c1] xfac[c2] afac[c5] scal[c6] xorg[c7] yorg[c8] nosp
set: c3[1.0e-4] c4[1.0]
p: cmin[c3] cmax[c4]
p: dmin(1e-31)
p: zlog
p: xmin(  95.00000    ) xmax(  100.0000    )
p: ymin( -10.00000    ) ymax(  10.00000    )
#  nx = 100   nz =  50
# ( ( data(z,x), z = 1, nz ), x = nx, 1, -1 )

hc:  y =   9.900000     to  -9.900000     by  0.2000000     ; x =   95.05000     to   99.95000     by  0.1000000     ;
  0.000E+00  0.000E+00  0.000E+00  0.000E+00  0.000E+00  0.000E+00  0.000E+00  0.000E+00  0.000E+00  0.000E+00
  0.000E+00  0.000E+00  0.000E+00  0.000E+00  0.000E+00  0.000E+00  0.000E+00  0.000E+00  0.000E+00  0.000E+00
  0.000E+00  0.000E+00  0.000E+00  0.000E+00  0.000E+00  0.000E+00  0.000E+00  0.000E+00  0.000E+00  0.000E+00
  0.000E+00  0.000E+00  0.000E+00  0.000E+00  0.000E+00  0.000E+00  0.000E+00  0.000E+00  0.000E+00  0.000E+00
  0.000E+00  0.000E+00  0.000E+00  0.000E+00  0.000E+00  0.000E+00  0.000E+00  0.000E+00  0.000E+00  0.000E+00
  0.000E+00  0.000E+00  0.000E+00  0.000E+00  0.000E+00  0.000E+00  0.000E+00  0.000E+00  0.000E+00  0.000E+00
  0.000E+00  0.000E+00  0.000E+00  0.000E+00  0.000E+00  0.000E+00  0.000E+00  0.000E+00  0.000E+00  0.000E+00
  0.000E+00  0.000E+00  0.000E+00  0.000E+00  0.000E+00  0.000E+00  0.000E+00  0.000E+00  0.000E+00  0.000E+00
  0.000E+00  0.000E+00  0.000E+00  0.000E+00  0.000E+00  0.000E+00  0.000E+00  0.000E+00  0.000E+00  0.000E+00
  0.000E+00  0.000E+00  0.000E+00  0.000E+00  0.000E+00  0.000E+00  0.000E+00  0.000E+00  0.000E+00  0.000E+00
  1.708E-02  1.707E-02  1.701E-02  1.683E-02  1.669E-02  1.660E-02  1.634E-02  1.626E-02  1.611E-02  1.601E-02
  1.594E-02  1.576E-02  1.568E-02  1.559E-02  1.564E-02  1.567E-02  1.559E-02  1.554E-02  1.547E-02  1.534E-02
  1.530E-02  1.530E-02  1.509E-02  1.506E-02  1.494E-02  1.483E-02  1.481E-02  1.474E-02  1.467E-02  1.465E-02
  1.459E-02  1.458E-02  1.450E-02  1.439E-02  1.430E-02  1.418E-02  1.414E-02  1.417E-02  1.411E-02  1.401E-02
  1.395E-02  1.383E-02  1.374E-02  1.364E-02  1.358E-02  1.347E-02  1.345E-02  1.344E-02  1.340E-02  1.332E-02
  1.145E-02  1.138E-02  1.130E-02  1.125E-02  1.123E-02  1.117E-02  1.113E-02  1.108E-02  1.104E-02  1.099E-02
  1.093E-02  1.087E-02  1.084E-02  1.083E-02  1.078E-02  1.070E-02  1.064E-02  1.059E-02  1.053E-02  1.049E-02
  1.045E-02  1.039E-02  1.033E-02  1.027E-02  1.026E-02  1.021E-02  1.015E-02  1.010E-02  1.004E-02  9.995E-03
  9.941E-03  9.894E-03  9.846E-03  9.799E-03  9.760E-03  9.740E-03  9.695E-03  9.657E-03  9.621E-03  9.588E-03
  9.565E-03  9.529E-03  9.523E-03  9.507E-03  9.491E-03  9.452E-03  9.404E-03  9.376E-03  9.354E-03  9.318E-03
  1.040E-02  1.036E-02  1.034E-02  1.029E-02  1.023E-02  1.017E-02  1.012E-02  1.005E-02  1.002E-02  9.981E-03
  9.930E-03  9.889E-03  9.829E-03  9.774E-03  9.724E-03  9.656E-03  9.637E-03  9.596E-03  9.544E-03  9.493E-03
  9.455E-03  9.427E-03  9.391E-03  9.347E-03  9.330E-03  9.311E-03  9.286E-03  9.271E-03  9.245E-03  9.189E-03
  9.157E-03  9.134E-03  9.091E-03  9.063E-03  9.037E-03  9.002E-03  8.982E-03  8.947E-03  8.917E-03  8.904E-03
  8.881E-03  8.840E-03  8.796E-03  8.781E-03  8.742E-03  8.709E-03  8.685E-03  8.676E-03  8.636E-03  8.607E-03
  9.418E-03  9.363E-03  9.309E-03  9.262E-03  9.217E-03  9.181E-03  9.155E-03  9.141E-03  9.114E-03  9.058E-03
  9.035E-03  9.019E-03  8.986E-03  8.955E-03  8.899E-03  8.894E-03  8.860E-03  8.828E-03  8.814E-03  8.816E-03
  8.796E-03  8.753E-03  8.714E-03  8.675E-03  8.636E-03  8.581E-03  8.567E-03  8.539E-03  8.509E-03  8.493E-03
  8.462E-03  8.429E-03  8.403E-03  8.385E-03  8.361E-03  8.331E-03  8.294E-03  8.265E-03  8.226E-03  8.194E-03
  8.179E-03  8.152E-03  8.141E-03  8.107E-03  8.074E-03  8.065E-03  8.029E-03  8.007E-03  7.997E-03  7.980E-03
  8.621E-03  8.603E-03  8.606E-03  8.590E-03  8.575E-03  8.541E-03  8.498E-03  8.447E-03  8.396E-03  8.362E-03
  8.343E-03  8.311E-03  8.292E-03  8.262E-03  8.251E-03  8.223E-03  8.204E-03  8.181E-03  8.143E-03  8.101E-03
  8.058E-03  8.035E-03  8.026E-03  8.017E-03  7.994E-03  7.956E-03  7.930E-03  7.889E-03  7.873E-03  7.849E-03
  7.826E-03  7.808E-03  7.806E-03  7.786E-03  7.756E-03  7.729E-03  7.703E-03  7.670E-03  7.642E-03  7.608E-03
  7.583E-03  7.563E-03  7.554E-03  7.535E-03  7.533E-03  7.497E-03  7.470E-03  7.456E-03  7.429E-03  7.388E-03
  7.964E-03  7.947E-03  7.890E-03  7.864E-03  7.837E-03  7.819E-03  7.801E-03  7.795E-03  7.776E-03  7.748E-03
  7.720E-03  7.697E-03  7.662E-03  7.646E-03  7.626E-03  7.608E-03  7.595E-03  7.565E-03  7.543E-03  7.516E-03
  7.492E-03  7.481E-03  7.442E-03  7.415E-03  7.398E-03  7.387E-03  7.368E-03  7.344E-03  7.319E-03  7.295E-03
  7.261E-03  7.224E-03  7.190E-03  7.156E-03  7.132E-03  7.106E-03  7.094E-03  7.079E-03  7.078E-03  7.057E-03
  7.041E-03  7.026E-03  6.993E-03  6.969E-03  6.955E-03  6.942E-03  6.929E-03  6.906E-03  6.883E-03  6.858E-03
  7.359E-03  7.334E-03  7.322E-03  7.313E-03  7.282E-03  7.256E-03  7.231E-03  7.206E-03  7.175E-03  7.148E-03
  7.127E-03  7.095E-03  7.083E-03  7.064E-03  7.043E-03  7.013E-03  6.984E-03  6.972E-03  6.946E-03  6.933E-03
  6.915E-03  6.888E-03  6.883E-03  6.864E-03  6.835E-03  6.811E-03  6.790E-03  6.761E-03  6.734E-03  6.715E-03
  6.691E-03  6.677E-03  6.659E-03  6.626E-03  6.611E-03  6.599E-03  6.587E-03  6.570E-03  6.546E-03  6.529E-03
  6.514E-03  6.491E-03  6.478E-03  6.477E-03  6.456E-03  6.438E-03  6.412E-03  6.392E-03  6.376E-03  6.374E-03
  6.774E-03  6.747E-03  6.727E-03  6.700E-03  6.685E-03  6.672E-03  6.637E-03  6.607E-03  6.593E-03  6.570E-03
  6.548E-03  6.532E-03  6.510E-03  6.488E-03  6.480E-03  6.468E-03  6.452E-03  6.438E-03  6.411E-03  6.391E-03
  6.366E-03  6.346E-03  6.319E-03  6.310E-03  6.301E-03  6.284E-03  6.262E-03  6.245E-03  6.234E-03  6.228E-03
  6.215E-03  6.199E-03  6.181E-03  6.172E-03  6.158E-03  6.146E-03  6.135E-03  6.116E-03  6.101E-03  6.091E-03
  6.071E-03  6.062E-03  6.045E-03  6.033E-03  6.013E-03  5.988E-03  5.973E-03  5.966E-03  5.948E-03  5.941E-03
  6.251E-03  6.231E-03  6.203E-03  6.178E-03  6.160E-03  6.131E-03  6.121E-03  6.116E-03  6.100E-03  6.083E-03
  6.077E-03  6.067E-03  6.047E-03  6.027E-03  6.005E-03  5.992E-03  5.976E-03  5.961E-03  5.951E-03  5.937E-03
  5.926E-03  5.915E-03  5.902E-03  5.884E-03  5.869E-03  5.852E-03  5.839E-03  5.822E-03  5.813E-03  5.798E-03
  5.781E-03  5.765E-03  5.752E-03  5.736E-03  5.726E-03  5.709E-03  5.687E-03  5.670E-03  5.663E-03  5.651E-03
  5.635E-03  5.622E-03  5.611E-03  5.594E-03  5.583E-03  5.584E-03  5.572E-03  5.553E-03  5.540E-03  5.528E-03
  5.769E-03  5.752E-03  5.750E-03  5.740E-03  5.722E-03  5.715E-03  5.702E-03  5.683E-03  5.668E-03  5.661E-03
  5.643E-03  5.621E-03  5.607E-03  5.591E-03  5.574E-03  5.556E-03  5.538E-03  5.522E-03  5.505E-03  5.491E-03
  5.470E-03  5.453E-03  5.435E-03  5.425E-03  5.413E-03  5.404E-03  5.396E-03  5.388E-03  5.376E-03  5.366E-03
  5.356E-03  5.346E-03  5.340E-03  5.328E-03  5.311E-03  5.305E-03  5.294E-03  5.286E-03  5.277E-03  5.264E-03
  5.256E-03  5.246E-03  5.234E-03  5.226E-03  5.218E-03  5.198E-03  5.190E-03  5.182E-03  5.177E-03  5.171E-03
  5.323E-03  5.310E-03  5.292E-03  5.275E-03  5.263E-03  5.249E-03  5.239E-03  5.231E-03  5.224E-03  5.215E-03
  5.204E-03  5.195E-03  5.184E-03  5.175E-03  5.167E-03  5.158E-03  5.149E-03  5.134E-03  5.129E-03  5.122E-03
  5.121E-03  5.112E-03  5.101E-03  5.087E-03  5.075E-03  5.063E-03  5.053E-03  5.046E-03  5.037E-03  5.030E-03
  5.021E-03  5.013E-03  5.003E-03  4.995E-03  4.990E-03  4.982E-03  4.979E-03  4.976E-03  4.964E-03  4.954E-03
  4.945E-03  4.936E-03  4.920E-03  4.909E-03  4.909E-03  4.900E-03  4.891E-03  4.882E-03  4.873E-03  4.866E-03
  4.980E-03  4.977E-03  4.964E-03  4.953E-03  4.944E-03  4.932E-03  4.917E-03  4.906E-03  4.892E-03  4.879E-03
  4.864E-03  4.859E-03  4.853E-03  4.845E-03  4.835E-03  4.825E-03  4.816E-03  4.817E-03  4.807E-03  4.799E-03
  4.791E-03  4.778E-03  4.769E-03  4.768E-03  4.761E-03  4.750E-03  4.740E-03  4.728E-03  4.722E-03  4.719E-03
  4.711E-03  4.702E-03  4.694E-03  4.685E-03  4.677E-03  4.671E-03  4.659E-03  4.648E-03  4.644E-03  4.640E-03
  4.630E-03  4.619E-03  4.613E-03  4.603E-03  4.594E-03  4.586E-03  4.583E-03  4.578E-03  4.574E-03  4.573E-03
  4.631E-03  4.623E-03  4.621E-03  4.612E-03  4.610E-03  4.603E-03  4.602E-03  4.593E-03  4.580E-03  4.574E-03
  4.570E-03  4.559E-03  4.546E-03  4.533E-03  4.528E-03  4.523E-03  4.518E-03  4.511E-03  4.502E-03  4.494E-03
  4.485E-03  4.475E-03  4.470E-03  4.464E-03  4.457E-03  4.452E-03  4.446E-03  4.442E-03  4.434E-03  4.428E-03
  4.417E-03  4.414E-03  4.406E-03  4.399E-03  4.393E-03  4.385E-03  4.379E-03  4.375E-03  4.369E-03  4.356E-03
  4.348E-03  4.346E-03  4.343E-03  4.333E-03  4.332E-03  4.323E-03  4.310E-03  4.300E-03  4.293E-03  4.288E-03
  4.355E-03  4.344E-03  4.333E-03  4.323E-03  4.313E-03  4.308E-03  4.300E-03  4.293E-03  4.288E-03  4.283E-03
  4.274E-03  4.267E-03  4.259E-03  4.255E-03  4.250E-03  4.241E-03  4.237E-03  4.227E-03  4.222E-03  4.212E-03
  4.204E-03  4.202E-03  4.197E-03  4.190E-03  4.178E-03  4.170E-03  4.163E-03  4.158E-03  4.154E-03  4.146E-03
  4.137E-03  4.130E-03  4.123E-03  4.118E-03  4.116E-03  4.110E-03  4.104E-03  4.100E-03  4.091E-03  4.085E-03
  4.078E-03  4.071E-03  4.068E-03  4.066E-03  4.063E-03  4.059E-03  4.055E-03  4.050E-03  4.045E-03  4.039E-03
  4.058E-03  4.050E-03  4.045E-03  4.042E-03  4.038E-03  4.033E-03  4.026E-03  4.022E-03  4.015E-03  4.009E-03
  4.002E-03  3.998E-03  3.995E-03  3.988E-03  3.983E-03  3.975E-03  3.972E-03  3.964E-03  3.958E-03  3.953E-03
  3.951E-03  3.946E-03  3.941E-03  3.935E-03  3.934E-03  3.933E-03  3.929E-03  3.921E-03  3.916E-03  3.914E-03
  3.912E-03  3.905E-03  3.898E-03  3.892E-03  3.886E-03  3.880E-03  3.871E-03  3.864E-03  3.861E-03  3.855E-03
  3.851E-03  3.852E-03  3.847E-03  3.843E-03  3.838E-03  3.828E-03  3.822E-03  3.819E-03  3.812E-03  3.806E-03
  3.807E-03  3.804E-03  3.803E-03  3.798E-03  3.793E-03  3.789E-03  3.784E-03  3.780E-03  3.777E-03  3.769E-03
  3.767E-03  3.761E-03  3.755E-03  3.750E-03  3.745E-03  3.742E-03  3.734E-03  3.730E-03  3.725E-03  3.724E-03
  3.721E-03  3.716E-03  3.710E-03  3.705E-03  3.699E-03  3.694E-03  3.689E-03  3.682E-03  3.678E-03  3.671E-03
  3.665E-03  3.659E-03  3.653E-03  3.647E-03  3.642E-03  3.638E-03  3.635E-03  3.634E-03  3.629E-03  3.626E-03
  3.625E-03  3.621E-03  3.618E-03  3.614E-03  3.611E-03  3.609E-03  3.609E-03  3.604E-03  3.601E-03  3.599E-03
  3.577E-03  3.575E-03  3.570E-03  3.567E-03  3.563E-03  3.557E-03  3.552E-03  3.547E-03  3.540E-03  3.537E-03
  3.532E-03  3.527E-03  3.525E-03  3.522E-03  3.519E-03  3.515E-03  3.510E-03  3.508E-03  3.504E-03  3.499E-03
  3.494E-03  3.490E-03  3.488E-03  3.485E-03  3.483E-03  3.477E-03  3.474E-03  3.474E-03  3.474E-03  3.472E-03
  3.470E-03  3.467E-03  3.466E-03  3.467E-03  3.463E-03  3.458E-03  3.456E-03  3.454E-03  3.450E-03  3.448E-03
  3.444E-03  3.441E-03  3.436E-03  3.432E-03  3.430E-03  3.425E-03  3.426E-03  3.423E-03  3.419E-03  3.417E-03
  3.377E-03  3.371E-03  3.365E-03  3.362E-03  3.359E-03  3.355E-03  3.351E-03  3.348E-03  3.345E-03  3.342E-03
  3.340E-03  3.338E-03  3.335E-03  3.332E-03  3.327E-03  3.324E-03  3.325E-03  3.321E-03  3.316E-03  3.314E-03
  3.313E-03  3.311E-03  3.307E-03  3.305E-03  3.300E-03  3.299E-03  3.295E-03  3.293E-03  3.288E-03  3.284E-03
  3.283E-03  3.282E-03  3.281E-03  3.280E-03  3.277E-03  3.275E-03  3.273E-03  3.270E-03  3.268E-03  3.263E-03
  3.262E-03  3.258E-03  3.255E-03  3.254E-03  3.253E-03  3.252E-03  3.251E-03  3.247E-03  3.245E-03  3.241E-03
  3.184E-03  3.182E-03  3.180E-03  3.177E-03  3.171E-03  3.167E-03  3.165E-03  3.163E-03  3.158E-03  3.155E-03
  3.153E-03  3.150E-03  3.148E-03  3.148E-03  3.146E-03  3.142E-03  3.140E-03  3.137E-03  3.135E-03  3.134E-03
  3.131E-03  3.129E-03  3.128E-03  3.125E-03  3.125E-03  3.125E-03  3.122E-03  3.120E-03  3.119E-03  3.118E-03
  3.113E-03  3.111E-03  3.108E-03  3.105E-03  3.104E-03  3.103E-03  3.101E-03  3.100E-03  3.098E-03  3.098E-03
  3.095E-03  3.094E-03  3.094E-03  3.094E-03  3.093E-03  3.090E-03  3.087E-03  3.088E-03  3.087E-03  3.086E-03
  3.007E-03  3.005E-03  3.002E-03  3.001E-03  2.999E-03  2.999E-03  2.997E-03  2.994E-03  2.993E-03  2.990E-03
  2.989E-03  2.988E-03  2.987E-03  2.983E-03  2.980E-03  2.979E-03  2.979E-03  2.979E-03  2.980E-03  2.978E-03
  2.977E-03  2.974E-03  2.971E-03  2.969E-03  2.967E-03  2.963E-03  2.960E-03  2.957E-03  2.957E-03  2.957E-03
  2.957E-03  2.958E-03  2.958E-03  2.958E-03  2.957E-03  2.957E-03  2.956E-03  2.955E-03  2.954E-03  2.952E-03
  2.951E-03  2.949E-03  2.948E-03  2.946E-03  2.944E-03  2.943E-03  2.944E-03  2.944E-03  2.943E-03  2.942E-03
  2.856E-03  2.855E-03  2.855E-03  2.853E-03  2.852E-03  2.851E-03  2.849E-03  2.848E-03  2.847E-03  2.846E-03
  2.845E-03  2.843E-03  2.844E-03  2.843E-03  2.842E-03  2.839E-03  2.837E-03  2.834E-03  2.833E-03  2.833E-03
  2.833E-03  2.833E-03  2.833E-03  2.832E-03  2.831E-03  2.831E-03  2.833E-03  2.833E-03  2.831E-03  2.829E-03
  2.828E-03  2.827E-03  2.826E-03  2.825E-03  2.824E-03  2.824E-03  2.824E-03  2.823E-03  2.823E-03  2.822E-03
  2.823E-03  2.825E-03  2.823E-03  2.821E-03  2.821E-03  2.820E-03  2.820E-03  2.817E-03  2.816E-03  2.815E-03
  2.724E-03  2.723E-03  2.723E-03  2.722E-03  2.721E-03  2.720E-03  2.720E-03  2.718E-03  2.717E-03  2.717E-03
  2.716E-03  2.717E-03  2.716E-03  2.714E-03  2.714E-03  2.714E-03  2.713E-03  2.713E-03  2.713E-03  2.712E-03
  2.710E-03  2.709E-03  2.709E-03  2.710E-03  2.709E-03  2.709E-03  2.707E-03  2.705E-03  2.705E-03  2.705E-03
  2.706E-03  2.705E-03  2.704E-03  2.703E-03  2.704E-03  2.704E-03  2.702E-03  2.702E-03  2.701E-03  2.699E-03
  2.699E-03  2.697E-03  2.697E-03  2.698E-03  2.701E-03  2.701E-03  2.701E-03  2.700E-03  2.700E-03  2.701E-03
  2.597E-03  2.597E-03  2.597E-03  2.597E-03  2.596E-03  2.595E-03  2.594E-03  2.594E-03  2.596E-03  2.598E-03
  2.597E-03  2.598E-03  2.598E-03  2.597E-03  2.598E-03  2.597E-03  2.598E-03  2.598E-03  2.598E-03  2.597E-03
  2.596E-03  2.596E-03  2.596E-03  2.595E-03  2.594E-03  2.593E-03  2.593E-03  2.593E-03  2.592E-03  2.591E-03
  2.592E-03  2.591E-03  2.590E-03  2.591E-03  2.589E-03  2.589E-03  2.590E-03  2.589E-03  2.588E-03  2.588E-03
  2.589E-03  2.588E-03  2.589E-03  2.590E-03  2.588E-03  2.587E-03  2.588E-03  2.588E-03  2.589E-03  2.588E-03
  2.486E-03  2.487E-03  2.488E-03  2.487E-03  2.486E-03  2.486E-03  2.486E-03  2.486E-03  2.485E-03  2.484E-03
  2.484E-03  2.484E-03  2.483E-03  2.483E-03  2.482E-03  2.482E-03  2.481E-03  2.482E-03  2.482E-03  2.482E-03
  2.483E-03  2.484E-03  2.484E-03  2.483E-03  2.483E-03  2.484E-03  2.484E-03  2.485E-03  2.484E-03  2.485E-03
  2.485E-03  2.486E-03  2.487E-03  2.488E-03  2.488E-03  2.488E-03  2.488E-03  2.488E-03  2.490E-03  2.491E-03
  2.491E-03  2.491E-03  2.491E-03  2.491E-03  2.491E-03  2.492E-03  2.492E-03  2.493E-03  2.493E-03  2.492E-03
  2.379E-03  2.377E-03  2.377E-03  2.379E-03  2.381E-03  2.382E-03  2.383E-03  2.384E-03  2.384E-03  2.385E-03
  2.385E-03  2.386E-03  2.386E-03  2.385E-03  2.386E-03  2.387E-03  2.388E-03  2.387E-03  2.387E-03  2.387E-03
  2.388E-03  2.387E-03  2.388E-03  2.388E-03  2.389E-03  2.389E-03  2.390E-03  2.391E-03  2.391E-03  2.392E-03
  2.392E-03  2.392E-03  2.394E-03  2.395E-03  2.396E-03  2.398E-03  2.398E-03  2.400E-03  2.400E-03  2.400E-03
  2.401E-03  2.402E-03  2.404E-03  2.403E-03  2.404E-03  2.404E-03  2.406E-03  2.407E-03  2.408E-03  2.409E-03
  2.289E-03  2.290E-03  2.291E-03  2.292E-03  2.292E-03  2.292E-03  2.292E-03  2.292E-03  2.293E-03  2.294E-03
  2.295E-03  2.295E-03  2.296E-03  2.298E-03  2.299E-03  2.300E-03  2.301E-03  2.302E-03  2.304E-03  2.304E-03
  2.305E-03  2.306E-03  2.308E-03  2.308E-03  2.309E-03  2.309E-03  2.310E-03  2.310E-03  2.311E-03  2.312E-03
  2.313E-03  2.314E-03  2.315E-03  2.314E-03  2.315E-03  2.315E-03  2.316E-03  2.318E-03  2.319E-03  2.320E-03
  2.320E-03  2.320E-03  2.321E-03  2.321E-03  2.322E-03  2.323E-03  2.324E-03  2.325E-03  2.325E-03  2.326E-03
  2.208E-03  2.208E-03  2.209E-03  2.210E-03  2.211E-03  2.212E-03  2.212E-03  2.213E-03  2.214E-03  2.215E-03
  2.217E-03  2.217E-03  2.217E-03  2.218E-03  2.219E-03  2.221E-03  2.222E-03  2.222E-03  2.223E-03  2.224E-03
  2.226E-03  2.227E-03  2.227E-03  2.227E-03  2.228E-03  2.229E-03  2.230E-03  2.230E-03  2.232E-03  2.234E-03
  2.235E-03  2.235E-03  2.237E-03  2.238E-03  2.240E-03  2.241E-03  2.242E-03  2.244E-03  2.245E-03  2.246E-03
  2.249E-03  2.249E-03  2.251E-03  2.253E-03  2.255E-03  2.256E-03  2.257E-03  2.259E-03  2.261E-03  2.262E-03
  2.136E-03  2.138E-03  2.140E-03  2.141E-03  2.142E-03  2.144E-03  2.146E-03  2.147E-03  2.148E-03  2.150E-03
  2.150E-03  2.151E-03  2.151E-03  2.153E-03  2.154E-03  2.155E-03  2.156E-03  2.155E-03  2.157E-03  2.159E-03
  2.161E-03  2.163E-03  2.164E-03  2.166E-03  2.167E-03  2.169E-03  2.170E-03  2.171E-03  2.172E-03  2.173E-03
  2.175E-03  2.176E-03  2.179E-03  2.181E-03  2.182E-03  2.184E-03  2.186E-03  2.187E-03  2.188E-03  2.189E-03
  2.190E-03  2.192E-03  2.193E-03  2.194E-03  2.194E-03  2.196E-03  2.197E-03  2.199E-03  2.200E-03  2.202E-03
  2.076E-03  2.078E-03  2.078E-03  2.080E-03  2.082E-03  2.083E-03  2.084E-03  2.086E-03  2.088E-03  2.089E-03
  2.092E-03  2.093E-03  2.095E-03  2.097E-03  2.099E-03  2.100E-03  2.102E-03  2.104E-03  2.106E-03  2.107E-03
  2.108E-03  2.109E-03  2.111E-03  2.113E-03  2.115E-03  2.116E-03  2.117E-03  2.118E-03  2.120E-03  2.122E-03
  2.123E-03  2.124E-03  2.125E-03  2.126E-03  2.128E-03  2.129E-03  2.131E-03  2.133E-03  2.135E-03  2.137E-03
  2.139E-03  2.141E-03  2.142E-03  2.143E-03  2.145E-03  2.147E-03  2.148E-03  2.150E-03  2.151E-03  2.152E-03
  2.023E-03  2.025E-03  2.027E-03  2.028E-03  2.030E-03  2.031E-03  2.033E-03  2.035E-03  2.036E-03  2.038E-03
  2.038E-03  2.039E-03  2.041E-03  2.041E-03  2.042E-03  2.043E-03  2.045E-03  2.048E-03  2.050E-03  2.052E-03
  2.053E-03  2.055E-03  2.056E-03  2.057E-03  2.059E-03  2.060E-03  2.062E-03  2.064E-03  2.065E-03  2.067E-03
  2.069E-03  2.071E-03  2.073E-03  2.075E-03  2.077E-03  2.078E-03  2.080E-03  2.080E-03  2.082E-03  2.083E-03
  2.084E-03  2.085E-03  2.087E-03  2.089E-03  2.091E-03  2.092E-03  2.094E-03  2.095E-03  2.097E-03  2.098E-03
  1.971E-03  1.972E-03  1.974E-03  1.976E-03  1.977E-03  1.979E-03  1.980E-03  1.981E-03  1.983E-03  1.984E-03
  1.987E-03  1.989E-03  1.990E-03  1.992E-03  1.993E-03  1.995E-03  1.996E-03  1.998E-03  1.999E-03  2.001E-03
  2.003E-03  2.005E-03  2.007E-03  2.010E-03  2.011E-03  2.013E-03  2.015E-03  2.017E-03  2.019E-03  2.021E-03
  2.023E-03  2.025E-03  2.027E-03  2.028E-03  2.030E-03  2.032E-03  2.035E-03  2.037E-03  2.038E-03  2.040E-03
  2.042E-03  2.043E-03  2.045E-03  2.047E-03  2.050E-03  2.052E-03  2.054E-03  2.055E-03  2.056E-03  2.058E-03
  1.933E-03  1.936E-03  1.937E-03  1.939E-03  1.940E-03  1.942E-03  1.944E-03  1.946E-03  1.948E-03  1.950E-03
  1.952E-03  1.954E-03  1.956E-03  1.958E-03  1.960E-03  1.962E-03  1.963E-03  1.965E-03  1.966E-03  1.968E-03
  1.969E-03  1.971E-03  1.973E-03  1.975E-03  1.977E-03  1.979E-03  1.980E-03  1.981E-03  1.983E-03  1.985E-03
  1.987E-03  1.989E-03  1.991E-03  1.993E-03  1.995E-03  1.996E-03  1.997E-03  2.000E-03  2.002E-03  2.003E-03
  2.005E-03  2.006E-03  2.008E-03  2.010E-03  2.011E-03  2.013E-03  2.014E-03  2.016E-03  2.018E-03  2.020E-03
  1.895E-03  1.897E-03  1.899E-03  1.901E-03  1.902E-03  1.904E-03  1.906E-03  1.908E-03  1.911E-03  1.913E-03
  1.915E-03  1.917E-03  1.919E-03  1.921E-03  1.923E-03  1.925E-03  1.927E-03  1.930E-03  1.933E-03  1.935E-03
  1.936E-03  1.938E-03  1.940E-03  1.941E-03  1.943E-03  1.946E-03  1.949E-03  1.952E-03  1.954E-03  1.955E-03
  1.957E-03  1.958E-03  1.960E-03  1.962E-03  1.964E-03  1.965E-03  1.967E-03  1.969E-03  1.971E-03  1.973E-03
  1.975E-03  1.978E-03  1.980E-03  1.982E-03  1.984E-03  1.986E-03  1.989E-03  1.990E-03  1.992E-03  1.995E-03
  1.870E-03  1.872E-03  1.873E-03  1.875E-03  1.877E-03  1.879E-03  1.882E-03  1.883E-03  1.885E-03  1.887E-03
  1.889E-03  1.891E-03  1.893E-03  1.895E-03  1.897E-03  1.898E-03  1.900E-03  1.903E-03  1.905E-03  1.907E-03
  1.909E-03  1.911E-03  1.913E-03  1.916E-03  1.917E-03  1.918E-03  1.919E-03  1.921E-03  1.923E-03  1.924E-03
  1.926E-03  1.929E-03  1.931E-03  1.933E-03  1.935E-03  1.937E-03  1.939E-03  1.942E-03  1.944E-03  1.946E-03
  1.949E-03  1.952E-03  1.953E-03  1.956E-03  1.959E-03  1.960E-03  1.962E-03  1.965E-03  1.967E-03  1.968E-03
  1.848E-03  1.850E-03  1.851E-03  1.854E-03  1.856E-03  1.858E-03  1.860E-03  1.862E-03  1.864E-03  1.866E-03
  1.868E-03  1.869E-03  1.871E-03  1.873E-03  1.875E-03  1.876E-03  1.878E-03  1.881E-03  1.882E-03  1.885E-03
  1.888E-03  1.890E-03  1.892E-03  1.894E-03  1.896E-03  1.899E-03  1.902E-03  1.903E-03  1.905E-03  1.907E-03
  1.910E-03  1.912E-03  1.914E-03  1.916E-03  1.919E-03  1.922E-03  1.924E-03  1.926E-03  1.927E-03  1.929E-03
  1.931E-03  1.933E-03  1.936E-03  1.938E-03  1.940E-03  1.942E-03  1.945E-03  1.947E-03  1.949E-03  1.952E-03
  1.832E-03  1.834E-03  1.836E-03  1.838E-03  1.840E-03  1.842E-03  1.844E-03  1.846E-03  1.848E-03  1.851E-03
  1.853E-03  1.855E-03  1.857E-03  1.859E-03  1.861E-03  1.864E-03  1.866E-03  1.869E-03  1.871E-03  1.874E-03
  1.875E-03  1.877E-03  1.880E-03  1.882E-03  1.885E-03  1.886E-03  1.889E-03  1.891E-03  1.893E-03  1.895E-03
  1.897E-03  1.899E-03  1.901E-03  1.903E-03  1.905E-03  1.907E-03  1.909E-03  1.911E-03  1.913E-03  1.916E-03
  1.918E-03  1.920E-03  1.922E-03  1.925E-03  1.927E-03  1.930E-03  1.932E-03  1.935E-03  1.936E-03  1.939E-03
  1.818E-03  1.821E-03  1.823E-03  1.826E-03  1.828E-03  1.831E-03  1.833E-03  1.835E-03  1.838E-03  1.840E-03
  1.842E-03  1.844E-03  1.847E-03  1.849E-03  1.851E-03  1.854E-03  1.856E-03  1.858E-03  1.860E-03  1.863E-03
  1.865E-03  1.867E-03  1.869E-03  1.871E-03  1.873E-03  1.875E-03  1.878E-03  1.880E-03  1.883E-03  1.885E-03
  1.887E-03  1.889E-03  1.891E-03  1.894E-03  1.896E-03  1.898E-03  1.899E-03  1.901E-03  1.904E-03  1.906E-03
  1.908E-03  1.910E-03  1.912E-03  1.914E-03  1.916E-03  1.918E-03  1.919E-03  1.921E-03  1.923E-03  1.925E-03
  1.812E-03  1.814E-03  1.816E-03  1.818E-03  1.820E-03  1.822E-03  1.825E-03  1.827E-03  1.829E-03  1.832E-03
  1.834E-03  1.835E-03  1.838E-03  1.840E-03  1.842E-03  1.844E-03  1.847E-03  1.849E-03  1.852E-03  1.854E-03
  1.856E-03  1.859E-03  1.861E-03  1.863E-03  1.865E-03  1.868E-03  1.870E-03  1.872E-03  1.874E-03  1.877E-03
  1.879E-03  1.881E-03  1.882E-03  1.885E-03  1.886E-03  1.888E-03  1.891E-03  1.893E-03  1.896E-03  1.899E-03
  1.901E-03  1.902E-03  1.904E-03  1.906E-03  1.909E-03  1.911E-03  1.914E-03  1.916E-03  1.918E-03  1.921E-03
  1.807E-03  1.810E-03  1.813E-03  1.815E-03  1.817E-03  1.820E-03  1.822E-03  1.824E-03  1.827E-03  1.829E-03
  1.831E-03  1.834E-03  1.836E-03  1.839E-03  1.841E-03  1.843E-03  1.845E-03  1.848E-03  1.850E-03  1.852E-03
  1.854E-03  1.856E-03  1.859E-03  1.861E-03  1.863E-03  1.865E-03  1.867E-03  1.869E-03  1.871E-03  1.874E-03
  1.876E-03  1.878E-03  1.880E-03  1.882E-03  1.885E-03  1.887E-03  1.889E-03  1.891E-03  1.893E-03  1.895E-03
  1.897E-03  1.899E-03  1.901E-03  1.903E-03  1.904E-03  1.906E-03  1.908E-03  1.910E-03  1.912E-03  1.914E-03
  1.811E-03  1.813E-03  1.814E-03  1.817E-03  1.819E-03  1.821E-03  1.823E-03  1.825E-03  1.828E-03  1.830E-03
  1.832E-03  1.834E-03  1.836E-03  1.839E-03  1.841E-03  1.843E-03  1.845E-03  1.847E-03  1.849E-03  1.851E-03
  1.853E-03  1.856E-03  1.858E-03  1.860E-03  1.863E-03  1.865E-03  1.867E-03  1.869E-03  1.872E-03  1.874E-03
  1.877E-03  1.879E-03  1.882E-03  1.884E-03  1.886E-03  1.888E-03  1.890E-03  1.892E-03  1.894E-03  1.896E-03
  1.898E-03  1.901E-03  1.902E-03  1.904E-03  1.907E-03  1.909E-03  1.911E-03  1.913E-03  1.915E-03  1.917E-03
  1.815E-03  1.817E-03  1.819E-03  1.821E-03  1.823E-03  1.825E-03  1.827E-03  1.829E-03  1.832E-03  1.833E-03
  1.835E-03  1.836E-03  1.838E-03  1.841E-03  1.843E-03  1.844E-03  1.847E-03  1.849E-03  1.851E-03  1.853E-03
  1.855E-03  1.857E-03  1.859E-03  1.861E-03  1.863E-03  1.865E-03  1.867E-03  1.870E-03  1.872E-03  1.874E-03
  1.876E-03  1.878E-03  1.881E-03  1.883E-03  1.886E-03  1.888E-03  1.891E-03  1.892E-03  1.894E-03  1.897E-03
  1.899E-03  1.901E-03  1.903E-03  1.905E-03  1.908E-03  1.910E-03  1.912E-03  1.914E-03  1.916E-03  1.918E-03
  1.821E-03  1.823E-03  1.825E-03  1.828E-03  1.830E-03  1.832E-03  1.834E-03  1.837E-03  1.839E-03  1.841E-03
  1.844E-03  1.846E-03  1.848E-03  1.850E-03  1.852E-03  1.854E-03  1.856E-03  1.858E-03  1.860E-03  1.862E-03
  1.864E-03  1.866E-03  1.868E-03  1.870E-03  1.872E-03  1.874E-03  1.876E-03  1.877E-03  1.879E-03  1.880E-03
  1.883E-03  1.885E-03  1.887E-03  1.889E-03  1.891E-03  1.893E-03  1.895E-03  1.897E-03  1.900E-03  1.902E-03
  1.904E-03  1.906E-03  1.908E-03  1.910E-03  1.913E-03  1.914E-03  1.916E-03  1.918E-03  1.920E-03  1.922E-03
  1.825E-03  1.827E-03  1.829E-03  1.831E-03  1.832E-03  1.834E-03  1.837E-03  1.839E-03  1.841E-03  1.843E-03
  1.845E-03  1.847E-03  1.849E-03  1.851E-03  1.853E-03  1.855E-03  1.857E-03  1.858E-03  1.860E-03  1.862E-03
  1.864E-03  1.865E-03  1.867E-03  1.869E-03  1.871E-03  1.874E-03  1.876E-03  1.878E-03  1.880E-03  1.882E-03
  1.885E-03  1.888E-03  1.890E-03  1.892E-03  1.894E-03  1.896E-03  1.898E-03  1.900E-03  1.902E-03  1.904E-03
  1.906E-03  1.908E-03  1.910E-03  1.912E-03  1.914E-03  1.916E-03  1.918E-03  1.920E-03  1.923E-03  1.925E-03
  1.832E-03  1.834E-03  1.836E-03  1.838E-03  1.840E-03  1.842E-03  1.844E-03  1.846E-03  1.848E-03  1.850E-03
  1.851E-03  1.853E-03  1.856E-03  1.858E-03  1.860E-03  1.862E-03  1.864E-03  1.867E-03  1.869E-03  1.871E-03
  1.873E-03  1.876E-03  1.878E-03  1.880E-03  1.882E-03  1.884E-03  1.886E-03  1.888E-03  1.891E-03  1.892E-03
  1.894E-03  1.897E-03  1.899E-03  1.902E-03  1.904E-03  1.906E-03  1.908E-03  1.911E-03  1.913E-03  1.915E-03
  1.918E-03  1.919E-03  1.922E-03  1.925E-03  1.926E-03  1.929E-03  1.931E-03  1.933E-03  1.935E-03  1.937E-03
  1.840E-03  1.841E-03  1.843E-03  1.845E-03  1.848E-03  1.850E-03  1.852E-03  1.854E-03  1.856E-03  1.858E-03
  1.860E-03  1.862E-03  1.864E-03  1.866E-03  1.867E-03  1.869E-03  1.871E-03  1.873E-03  1.875E-03  1.877E-03
  1.879E-03  1.880E-03  1.882E-03  1.884E-03  1.886E-03  1.888E-03  1.890E-03  1.892E-03  1.894E-03  1.895E-03
  1.897E-03  1.900E-03  1.902E-03  1.904E-03  1.906E-03  1.907E-03  1.909E-03  1.911E-03  1.913E-03  1.915E-03
  1.918E-03  1.920E-03  1.922E-03  1.923E-03  1.926E-03  1.928E-03  1.930E-03  1.932E-03  1.933E-03  1.936E-03
  1.846E-03  1.847E-03  1.849E-03  1.851E-03  1.853E-03  1.854E-03  1.856E-03  1.858E-03  1.860E-03  1.862E-03
  1.864E-03  1.866E-03  1.868E-03  1.870E-03  1.872E-03  1.875E-03  1.877E-03  1.879E-03  1.881E-03  1.884E-03
  1.886E-03  1.888E-03  1.890E-03  1.893E-03  1.894E-03  1.897E-03  1.899E-03  1.901E-03  1.903E-03  1.905E-03
  1.907E-03  1.909E-03  1.910E-03  1.912E-03  1.914E-03  1.916E-03  1.919E-03  1.921E-03  1.922E-03  1.924E-03
  1.926E-03  1.929E-03  1.930E-03  1.932E-03  1.934E-03  1.936E-03  1.938E-03  1.940E-03  1.942E-03  1.944E-03
  1.848E-03  1.850E-03  1.852E-03  1.854E-03  1.856E-03  1.857E-03  1.859E-03  1.861E-03  1.863E-03  1.865E-03
  1.866E-03  1.868E-03  1.870E-03  1.871E-03  1.874E-03  1.876E-03  1.878E-03  1.880E-03  1.882E-03  1.883E-03
  1.885E-03  1.887E-03  1.889E-03  1.891E-03  1.893E-03  1.895E-03  1.896E-03  1.898E-03  1.900E-03  1.902E-03
  1.904E-03  1.906E-03  1.908E-03  1.910E-03  1.911E-03  1.914E-03  1.916E-03  1.917E-03  1.919E-03  1.921E-03
  1.924E-03  1.926E-03  1.927E-03  1.929E-03  1.931E-03  1.933E-03  1.935E-03  1.936E-03  1.938E-03  1.941E-03
  1.851E-03  1.853E-03  1.854E-03  1.856E-03  1.858E-03  1.860E-03  1.862E-03  1.863E-03  1.865E-03  1.867E-03
  1.869E-03  1.871E-03  1.873E-03  1.874E-03  1.877E-03  1.879E-03  1.881E-03  1.883E-03  1.885E-03  1.887E-03
  1.889E-03  1.891E-03  1.893E-03  1.895E-03  1.897E-03  1.899E-03  1.900E-03  1.901E-03  1.903E-03  1.904E-03
  1.906E-03  1.908E-03  1.910E-03  1.912E-03  1.914E-03  1.916E-03  1.919E-03  1.921E-03  1.923E-03  1.925E-03
  1.927E-03  1.929E-03  1.931E-03  1.933E-03  1.936E-03  1.938E-03  1.940E-03  1.942E-03  1.943E-03  1.945E-03
  1.852E-03  1.854E-03  1.856E-03  1.858E-03  1.859E-03  1.861E-03  1.863E-03  1.865E-03  1.867E-03  1.869E-03
  1.871E-03  1.874E-03  1.876E-03  1.878E-03  1.881E-03  1.883E-03  1.885E-03  1.887E-03  1.889E-03  1.892E-03
  1.893E-03  1.895E-03  1.897E-03  1.899E-03  1.901E-03  1.903E-03  1.905E-03  1.907E-03  1.909E-03  1.911E-03
  1.913E-03  1.915E-03  1.917E-03  1.919E-03  1.920E-03  1.922E-03  1.924E-03  1.926E-03  1.927E-03  1.929E-03
  1.931E-03  1.933E-03  1.935E-03  1.936E-03  1.938E-03  1.940E-03  1.942E-03  1.944E-03  1.946E-03  1.948E-03
  1.853E-03  1.855E-03  1.856E-03  1.859E-03  1.860E-03  1.861E-03  1.863E-03  1.865E-03  1.868E-03  1.869E-03
  1.872E-03  1.874E-03  1.876E-03  1.878E-03  1.879E-03  1.881E-03  1.883E-03  1.885E-03  1.887E-03  1.888E-03
  1.890E-03  1.892E-03  1.894E-03  1.896E-03  1.898E-03  1.899E-03  1.901E-03  1.903E-03  1.905E-03  1.907E-03
  1.909E-03  1.910E-03  1.912E-03  1.914E-03  1.916E-03  1.919E-03  1.921E-03  1.922E-03  1.924E-03  1.926E-03
  1.928E-03  1.930E-03  1.932E-03  1.934E-03  1.936E-03  1.938E-03  1.940E-03  1.942E-03  1.943E-03  1.945E-03
  1.845E-03  1.847E-03  1.848E-03  1.851E-03  1.853E-03  1.855E-03  1.857E-03  1.858E-03  1.861E-03  1.863E-03
  1.864E-03  1.867E-03  1.869E-03  1.871E-03  1.873E-03  1.875E-03  1.877E-03  1.879E-03  1.881E-03  1.883E-03
  1.885E-03  1.887E-03  1.888E-03  1.890E-03  1.892E-03  1.894E-03  1.896E-03  1.898E-03  1.900E-03  1.902E-03
  1.905E-03  1.907E-03  1.909E-03  1.911E-03  1.914E-03  1.916E-03  1.918E-03  1.920E-03  1.922E-03  1.924E-03
  1.926E-03  1.928E-03  1.929E-03  1.931E-03  1.932E-03  1.934E-03  1.936E-03  1.939E-03  1.941E-03  1.943E-03
  1.835E-03  1.837E-03  1.839E-03  1.841E-03  1.843E-03  1.845E-03  1.847E-03  1.849E-03  1.851E-03  1.853E-03
  1.855E-03  1.857E-03  1.859E-03  1.861E-03  1.863E-03  1.865E-03  1.867E-03  1.869E-03  1.871E-03  1.873E-03
  1.875E-03  1.877E-03  1.879E-03  1.881E-03  1.883E-03  1.885E-03  1.887E-03  1.889E-03  1.891E-03  1.893E-03
  1.895E-03  1.897E-03  1.899E-03  1.901E-03  1.903E-03  1.905E-03  1.907E-03  1.909E-03  1.911E-03  1.913E-03
  1.915E-03  1.917E-03  1.920E-03  1.922E-03  1.924E-03  1.927E-03  1.929E-03  1.930E-03  1.932E-03  1.935E-03
  1.837E-03  1.839E-03  1.840E-03  1.842E-03  1.844E-03  1.846E-03  1.848E-03  1.849E-03  1.851E-03  1.853E-03
  1.855E-03  1.857E-03  1.858E-03  1.861E-03  1.863E-03  1.865E-03  1.867E-03  1.869E-03  1.871E-03  1.873E-03
  1.875E-03  1.878E-03  1.880E-03  1.882E-03  1.883E-03  1.885E-03  1.887E-03  1.889E-03  1.891E-03  1.893E-03
  1.895E-03  1.897E-03  1.899E-03  1.901E-03  1.903E-03  1.904E-03  1.906E-03  1.908E-03  1.910E-03  1.912E-03
  1.914E-03  1.916E-03  1.918E-03  1.920E-03  1.922E-03  1.924E-03  1.926E-03  1.928E-03  1.930E-03  1.932E-03
  1.827E-03  1.829E-03  1.831E-03  1.833E-03  1.835E-03  1.837E-03  1.838E-03  1.841E-03  1.843E-03  1.845E-03
  1.847E-03  1.848E-03  1.850E-03  1.852E-03  1.854E-03  1.856E-03  1.859E-03  1.861E-03  1.863E-03  1.865E-03
  1.868E-03  1.869E-03  1.871E-03  1.873E-03  1.875E-03  1.877E-03  1.879E-03  1.881E-03  1.883E-03  1.886E-03
  1.889E-03  1.891E-03  1.893E-03  1.896E-03  1.898E-03  1.900E-03  1.902E-03  1.903E-03  1.905E-03  1.907E-03
  1.910E-03  1.912E-03  1.914E-03  1.915E-03  1.918E-03  1.920E-03  1.922E-03  1.924E-03  1.926E-03  1.928E-03
  1.818E-03  1.821E-03  1.823E-03  1.825E-03  1.827E-03  1.829E-03  1.832E-03  1.834E-03  1.836E-03  1.839E-03
  1.841E-03  1.843E-03  1.844E-03  1.847E-03  1.849E-03  1.851E-03  1.854E-03  1.855E-03  1.857E-03  1.860E-03
  1.862E-03  1.864E-03  1.867E-03  1.869E-03  1.871E-03  1.873E-03  1.876E-03  1.877E-03  1.879E-03  1.880E-03
  1.882E-03  1.885E-03  1.886E-03  1.889E-03  1.891E-03  1.893E-03  1.895E-03  1.897E-03  1.900E-03  1.902E-03
  1.903E-03  1.905E-03  1.908E-03  1.910E-03  1.912E-03  1.915E-03  1.917E-03  1.919E-03  1.921E-03  1.923E-03
  1.813E-03  1.815E-03  1.818E-03  1.820E-03  1.822E-03  1.824E-03  1.826E-03  1.828E-03  1.831E-03  1.833E-03
  1.835E-03  1.838E-03  1.840E-03  1.842E-03  1.844E-03  1.846E-03  1.848E-03  1.850E-03  1.852E-03  1.854E-03
  1.856E-03  1.858E-03  1.860E-03  1.862E-03  1.864E-03  1.866E-03  1.869E-03  1.871E-03  1.873E-03  1.875E-03
  1.877E-03  1.880E-03  1.882E-03  1.884E-03  1.886E-03  1.888E-03  1.890E-03  1.891E-03  1.894E-03  1.896E-03
  1.898E-03  1.901E-03  1.902E-03  1.904E-03  1.906E-03  1.909E-03  1.911E-03  1.913E-03  1.916E-03  1.918E-03
  1.809E-03  1.811E-03  1.813E-03  1.816E-03  1.818E-03  1.820E-03  1.822E-03  1.824E-03  1.826E-03  1.829E-03
  1.831E-03  1.833E-03  1.836E-03  1.838E-03  1.839E-03  1.842E-03  1.844E-03  1.846E-03  1.848E-03  1.850E-03
  1.852E-03  1.854E-03  1.856E-03  1.858E-03  1.860E-03  1.862E-03  1.865E-03  1.867E-03  1.869E-03  1.872E-03
  1.874E-03  1.877E-03  1.879E-03  1.881E-03  1.882E-03  1.885E-03  1.887E-03  1.889E-03  1.891E-03  1.894E-03
  1.896E-03  1.898E-03  1.900E-03  1.903E-03  1.905E-03  1.907E-03  1.909E-03  1.911E-03  1.913E-03  1.915E-03
  1.810E-03  1.812E-03  1.813E-03  1.815E-03  1.817E-03  1.820E-03  1.822E-03  1.825E-03  1.827E-03  1.828E-03
  1.830E-03  1.832E-03  1.835E-03  1.836E-03  1.838E-03  1.841E-03  1.843E-03  1.846E-03  1.848E-03  1.850E-03
  1.852E-03  1.855E-03  1.857E-03  1.859E-03  1.861E-03  1.864E-03  1.866E-03  1.868E-03  1.870E-03  1.872E-03
  1.874E-03  1.876E-03  1.878E-03  1.881E-03  1.883E-03  1.885E-03  1.888E-03  1.890E-03  1.892E-03  1.894E-03
  1.896E-03  1.899E-03  1.901E-03  1.903E-03  1.906E-03  1.908E-03  1.910E-03  1.912E-03  1.914E-03  1.916E-03
  1.811E-03  1.813E-03  1.815E-03  1.817E-03  1.819E-03  1.821E-03  1.824E-03  1.826E-03  1.828E-03  1.831E-03
  1.833E-03  1.835E-03  1.837E-03  1.840E-03  1.842E-03  1.844E-03  1.845E-03  1.848E-03  1.849E-03  1.852E-03
  1.855E-03  1.857E-03  1.859E-03  1.861E-03  1.864E-03  1.866E-03  1.868E-03  1.870E-03  1.872E-03  1.874E-03
  1.877E-03  1.879E-03  1.881E-03  1.883E-03  1.885E-03  1.888E-03  1.890E-03  1.892E-03  1.894E-03  1.896E-03
  1.898E-03  1.900E-03  1.902E-03  1.905E-03  1.907E-03  1.909E-03  1.911E-03  1.913E-03  1.916E-03  1.918E-03
  1.817E-03  1.819E-03  1.821E-03  1.823E-03  1.825E-03  1.827E-03  1.829E-03  1.832E-03  1.834E-03  1.836E-03
  1.838E-03  1.840E-03  1.842E-03  1.843E-03  1.845E-03  1.847E-03  1.850E-03  1.852E-03  1.855E-03  1.857E-03
  1.859E-03  1.861E-03  1.864E-03  1.867E-03  1.869E-03  1.871E-03  1.873E-03  1.875E-03  1.877E-03  1.880E-03
  1.882E-03  1.884E-03  1.886E-03  1.888E-03  1.890E-03  1.893E-03  1.895E-03  1.898E-03  1.900E-03  1.903E-03
  1.906E-03  1.908E-03  1.911E-03  1.912E-03  1.915E-03  1.918E-03  1.920E-03  1.922E-03  1.923E-03  1.925E-03
  1.831E-03  1.833E-03  1.835E-03  1.838E-03  1.840E-03  1.843E-03  1.844E-03  1.846E-03  1.847E-03  1.850E-03
  1.852E-03  1.855E-03  1.857E-03  1.860E-03  1.863E-03  1.865E-03  1.867E-03  1.869E-03  1.871E-03  1.873E-03
  1.876E-03  1.878E-03  1.880E-03  1.882E-03  1.884E-03  1.887E-03  1.889E-03  1.891E-03  1.893E-03  1.896E-03
  1.898E-03  1.900E-03  1.902E-03  1.905E-03  1.907E-03  1.909E-03  1.911E-03  1.913E-03  1.915E-03  1.917E-03
  1.918E-03  1.921E-03  1.923E-03  1.925E-03  1.927E-03  1.929E-03  1.931E-03  1.933E-03  1.935E-03  1.937E-03
  1.849E-03  1.851E-03  1.854E-03  1.856E-03  1.858E-03  1.860E-03  1.862E-03  1.865E-03  1.867E-03  1.869E-03
  1.870E-03  1.872E-03  1.874E-03  1.876E-03  1.877E-03  1.879E-03  1.881E-03  1.884E-03  1.885E-03  1.887E-03
  1.889E-03  1.892E-03  1.894E-03  1.896E-03  1.898E-03  1.899E-03  1.901E-03  1.903E-03  1.906E-03  1.908E-03
  1.909E-03  1.911E-03  1.913E-03  1.915E-03  1.917E-03  1.920E-03  1.922E-03  1.924E-03  1.926E-03  1.928E-03
  1.931E-03  1.933E-03  1.935E-03  1.937E-03  1.939E-03  1.942E-03  1.944E-03  1.946E-03  1.949E-03  1.951E-03
  1.867E-03  1.870E-03  1.872E-03  1.874E-03  1.876E-03  1.878E-03  1.880E-03  1.882E-03  1.884E-03  1.887E-03
  1.889E-03  1.892E-03  1.895E-03  1.897E-03  1.899E-03  1.901E-03  1.903E-03  1.905E-03  1.907E-03  1.909E-03
  1.911E-03  1.913E-03  1.915E-03  1.916E-03  1.918E-03  1.920E-03  1.922E-03  1.924E-03  1.925E-03  1.928E-03
  1.930E-03  1.932E-03  1.934E-03  1.936E-03  1.938E-03  1.940E-03  1.942E-03  1.944E-03  1.946E-03  1.948E-03
  1.950E-03  1.952E-03  1.954E-03  1.956E-03  1.958E-03  1.960E-03  1.962E-03  1.965E-03  1.967E-03  1.969E-03
  1.896E-03  1.898E-03  1.900E-03  1.901E-03  1.903E-03  1.905E-03  1.908E-03  1.910E-03  1.912E-03  1.914E-03
  1.915E-03  1.916E-03  1.919E-03  1.921E-03  1.923E-03  1.924E-03  1.926E-03  1.928E-03  1.931E-03  1.932E-03
  1.934E-03  1.935E-03  1.937E-03  1.939E-03  1.941E-03  1.944E-03  1.946E-03  1.948E-03  1.950E-03  1.952E-03
  1.954E-03  1.956E-03  1.958E-03  1.960E-03  1.962E-03  1.964E-03  1.967E-03  1.969E-03  1.971E-03  1.973E-03
  1.976E-03  1.978E-03  1.980E-03  1.982E-03  1.984E-03  1.986E-03  1.988E-03  1.990E-03  1.992E-03  1.994E-03
  1.930E-03  1.932E-03  1.935E-03  1.937E-03  1.938E-03  1.940E-03  1.941E-03  1.943E-03  1.944E-03  1.946E-03
  1.950E-03  1.952E-03  1.954E-03  1.956E-03  1.957E-03  1.959E-03  1.961E-03  1.962E-03  1.964E-03  1.967E-03
  1.969E-03  1.971E-03  1.973E-03  1.975E-03  1.977E-03  1.978E-03  1.979E-03  1.981E-03  1.982E-03  1.984E-03
  1.986E-03  1.988E-03  1.990E-03  1.992E-03  1.994E-03  1.996E-03  1.998E-03  2.000E-03  2.002E-03  2.003E-03
  2.004E-03  2.005E-03  2.007E-03  2.009E-03  2.011E-03  2.013E-03  2.015E-03  2.018E-03  2.019E-03  2.021E-03
  1.971E-03  1.972E-03  1.974E-03  1.976E-03  1.978E-03  1.980E-03  1.983E-03  1.984E-03  1.986E-03  1.987E-03
  1.988E-03  1.989E-03  1.991E-03  1.993E-03  1.995E-03  1.997E-03  1.998E-03  2.001E-03  2.002E-03  2.003E-03
  2.004E-03  2.006E-03  2.007E-03  2.009E-03  2.011E-03  2.013E-03  2.015E-03  2.017E-03  2.019E-03  2.021E-03
  2.023E-03  2.025E-03  2.027E-03  2.028E-03  2.030E-03  2.033E-03  2.035E-03  2.037E-03  2.038E-03  2.040E-03
  2.042E-03  2.043E-03  2.045E-03  2.047E-03  2.049E-03  2.051E-03  2.052E-03  2.054E-03  2.056E-03  2.058E-03
  2.018E-03  2.020E-03  2.021E-03  2.023E-03  2.024E-03  2.025E-03  2.026E-03  2.027E-03  2.029E-03  2.032E-03
  2.034E-03  2.036E-03  2.038E-03  2.039E-03  2.041E-03  2.042E-03  2.043E-03  2.044E-03  2.044E-03  2.046E-03
  2.048E-03  2.050E-03  2.051E-03  2.052E-03  2.053E-03  2.055E-03  2.057E-03  2.058E-03  2.059E-03  2.061E-03
  2.062E-03  2.064E-03  2.066E-03  2.068E-03  2.070E-03  2.071E-03  2.072E-03  2.074E-03  2.076E-03  2.079E-03
  2.081E-03  2.084E-03  2.086E-03  2.088E-03  2.090E-03  2.092E-03  2.093E-03  2.095E-03  2.097E-03  2.099E-03
  2.074E-03  2.075E-03  2.076E-03  2.077E-03  2.079E-03  2.081E-03  2.082E-03  2.084E-03  2.086E-03  2.087E-03
  2.088E-03  2.089E-03  2.090E-03  2.092E-03  2.094E-03  2.096E-03  2.097E-03  2.099E-03  2.101E-03  2.103E-03
  2.105E-03  2.106E-03  2.108E-03  2.109E-03  2.109E-03  2.109E-03  2.110E-03  2.111E-03  2.112E-03  2.113E-03
  2.114E-03  2.116E-03  2.118E-03  2.119E-03  2.121E-03  2.123E-03  2.124E-03  2.125E-03  2.127E-03  2.128E-03
  2.129E-03  2.131E-03  2.132E-03  2.133E-03  2.133E-03  2.135E-03  2.138E-03  2.139E-03  2.141E-03  2.143E-03
  2.138E-03  2.140E-03  2.141E-03  2.141E-03  2.143E-03  2.144E-03  2.147E-03  2.147E-03  2.149E-03  2.150E-03
  2.150E-03  2.152E-03  2.153E-03  2.154E-03  2.155E-03  2.157E-03  2.159E-03  2.160E-03  2.161E-03  2.162E-03
  2.164E-03  2.165E-03  2.166E-03  2.167E-03  2.168E-03  2.169E-03  2.170E-03  2.171E-03  2.173E-03  2.174E-03
  2.174E-03  2.176E-03  2.177E-03  2.178E-03  2.179E-03  2.180E-03  2.182E-03  2.183E-03  2.184E-03  2.186E-03
  2.187E-03  2.188E-03  2.190E-03  2.191E-03  2.193E-03  2.195E-03  2.196E-03  2.197E-03  2.198E-03  2.200E-03
  2.210E-03  2.210E-03  2.213E-03  2.214E-03  2.215E-03  2.215E-03  2.216E-03  2.218E-03  2.218E-03  2.219E-03
  2.220E-03  2.221E-03  2.223E-03  2.224E-03  2.225E-03  2.226E-03  2.227E-03  2.228E-03  2.229E-03  2.230E-03
  2.231E-03  2.231E-03  2.232E-03  2.233E-03  2.234E-03  2.235E-03  2.236E-03  2.235E-03  2.236E-03  2.238E-03
  2.239E-03  2.241E-03  2.241E-03  2.243E-03  2.244E-03  2.245E-03  2.245E-03  2.247E-03  2.249E-03  2.250E-03
  2.252E-03  2.253E-03  2.254E-03  2.254E-03  2.256E-03  2.257E-03  2.259E-03  2.260E-03  2.262E-03  2.263E-03
  2.293E-03  2.293E-03  2.293E-03  2.295E-03  2.295E-03  2.295E-03  2.295E-03  2.295E-03  2.297E-03  2.298E-03
  2.298E-03  2.298E-03  2.298E-03  2.298E-03  2.298E-03  2.299E-03  2.300E-03  2.301E-03  2.302E-03  2.303E-03
  2.303E-03  2.305E-03  2.305E-03  2.307E-03  2.308E-03  2.309E-03  2.310E-03  2.311E-03  2.312E-03  2.313E-03
  2.314E-03  2.314E-03  2.314E-03  2.314E-03  2.315E-03  2.317E-03  2.318E-03  2.318E-03  2.318E-03  2.319E-03
  2.321E-03  2.321E-03  2.322E-03  2.323E-03  2.324E-03  2.324E-03  2.325E-03  2.327E-03  2.328E-03  2.330E-03
  2.383E-03  2.383E-03  2.384E-03  2.385E-03  2.385E-03  2.386E-03  2.386E-03  2.387E-03  2.388E-03  2.388E-03
  2.388E-03  2.388E-03  2.390E-03  2.391E-03  2.392E-03  2.391E-03  2.391E-03  2.391E-03  2.393E-03  2.395E-03
  2.395E-03  2.395E-03  2.395E-03  2.396E-03  2.398E-03  2.398E-03  2.399E-03  2.400E-03  2.401E-03  2.402E-03
  2.403E-03  2.402E-03  2.402E-03  2.402E-03  2.402E-03  2.403E-03  2.403E-03  2.402E-03  2.402E-03  2.402E-03
  2.403E-03  2.404E-03  2.403E-03  2.404E-03  2.404E-03  2.405E-03  2.405E-03  2.406E-03  2.406E-03  2.406E-03
  2.484E-03  2.484E-03  2.483E-03  2.483E-03  2.483E-03  2.484E-03  2.485E-03  2.485E-03  2.484E-03  2.485E-03
  2.485E-03  2.486E-03  2.486E-03  2.486E-03  2.486E-03  2.486E-03  2.487E-03  2.487E-03  2.486E-03  2.485E-03
  2.485E-03  2.485E-03  2.484E-03  2.485E-03  2.486E-03  2.487E-03  2.486E-03  2.485E-03  2.487E-03  2.487E-03
  2.488E-03  2.489E-03  2.489E-03  2.491E-03  2.491E-03  2.491E-03  2.492E-03  2.492E-03  2.492E-03  2.492E-03
  2.492E-03  2.492E-03  2.493E-03  2.494E-03  2.494E-03  2.493E-03  2.494E-03  2.495E-03  2.497E-03  2.498E-03
  2.598E-03  2.597E-03  2.597E-03  2.598E-03  2.599E-03  2.598E-03  2.598E-03  2.597E-03  2.598E-03  2.597E-03
  2.597E-03  2.595E-03  2.593E-03  2.592E-03  2.593E-03  2.593E-03  2.593E-03  2.593E-03  2.593E-03  2.594E-03
  2.595E-03  2.596E-03  2.597E-03  2.598E-03  2.596E-03  2.596E-03  2.595E-03  2.595E-03  2.595E-03  2.594E-03
  2.593E-03  2.592E-03  2.593E-03  2.593E-03  2.593E-03  2.593E-03  2.593E-03  2.593E-03  2.593E-03  2.592E-03
  2.594E-03  2.594E-03  2.594E-03  2.593E-03  2.594E-03  2.595E-03  2.594E-03  2.593E-03  2.592E-03  2.593E-03
  2.717E-03  2.717E-03  2.717E-03  2.716E-03  2.716E-03  2.714E-03  2.713E-03  2.712E-03  2.711E-03  2.712E-03
  2.713E-03  2.712E-03  2.713E-03  2.713E-03  2.713E-03  2.712E-03  2.710E-03  2.709E-03  2.709E-03  2.709E-03
  2.707E-03  2.705E-03  2.704E-03  2.705E-03  2.705E-03  2.705E-03  2.704E-03  2.703E-03  2.703E-03  2.704E-03
  2.704E-03  2.704E-03  2.703E-03  2.702E-03  2.701E-03  2.702E-03  2.702E-03  2.701E-03  2.702E-03  2.702E-03
  2.702E-03  2.701E-03  2.701E-03  2.701E-03  2.700E-03  2.700E-03  2.700E-03  2.700E-03  2.698E-03  2.698E-03
  2.855E-03  2.853E-03  2.853E-03  2.852E-03  2.852E-03  2.853E-03  2.853E-03  2.852E-03  2.849E-03  2.847E-03
  2.845E-03  2.844E-03  2.841E-03  2.840E-03  2.839E-03  2.839E-03  2.841E-03  2.841E-03  2.840E-03  2.838E-03
  2.837E-03  2.836E-03  2.834E-03  2.833E-03  2.831E-03  2.830E-03  2.830E-03  2.829E-03  2.829E-03  2.828E-03
  2.826E-03  2.825E-03  2.824E-03  2.824E-03  2.825E-03  2.824E-03  2.822E-03  2.821E-03  2.819E-03  2.818E-03
  2.818E-03  2.817E-03  2.815E-03  2.815E-03  2.813E-03  2.814E-03  2.813E-03  2.814E-03  2.813E-03  2.812E-03
  3.016E-03  3.013E-03  3.011E-03  3.010E-03  3.007E-03  3.005E-03  3.002E-03  2.999E-03  2.998E-03  2.996E-03
  2.994E-03  2.993E-03  2.992E-03  2.991E-03  2.990E-03  2.987E-03  2.984E-03  2.981E-03  2.980E-03  2.979E-03
  2.977E-03  2.975E-03  2.972E-03  2.970E-03  2.970E-03  2.969E-03  2.968E-03  2.967E-03  2.968E-03  2.969E-03
  2.968E-03  2.966E-03  2.964E-03  2.964E-03  2.963E-03  2.962E-03  2.961E-03  2.959E-03  2.958E-03  2.956E-03
  2.955E-03  2.955E-03  2.953E-03  2.952E-03  2.951E-03  2.949E-03  2.949E-03  2.949E-03  2.946E-03  2.946E-03
  3.188E-03  3.183E-03  3.180E-03  3.176E-03  3.174E-03  3.172E-03  3.170E-03  3.168E-03  3.165E-03  3.164E-03
  3.162E-03  3.157E-03  3.156E-03  3.153E-03  3.151E-03  3.147E-03  3.146E-03  3.145E-03  3.142E-03  3.142E-03
  3.139E-03  3.138E-03  3.136E-03  3.135E-03  3.131E-03  3.128E-03  3.127E-03  3.124E-03  3.121E-03  3.121E-03
  3.120E-03  3.118E-03  3.117E-03  3.116E-03  3.113E-03  3.111E-03  3.110E-03  3.108E-03  3.107E-03  3.107E-03
  3.106E-03  3.106E-03  3.104E-03  3.101E-03  3.100E-03  3.097E-03  3.096E-03  3.093E-03  3.092E-03  3.090E-03
  3.377E-03  3.375E-03  3.373E-03  3.366E-03  3.362E-03  3.359E-03  3.356E-03  3.353E-03  3.349E-03  3.346E-03
  3.343E-03  3.341E-03  3.337E-03  3.335E-03  3.331E-03  3.328E-03  3.323E-03  3.317E-03  3.313E-03  3.310E-03
  3.307E-03  3.306E-03  3.302E-03  3.299E-03  3.300E-03  3.297E-03  3.293E-03  3.290E-03  3.285E-03  3.281E-03
  3.279E-03  3.276E-03  3.272E-03  3.270E-03  3.265E-03  3.263E-03  3.262E-03  3.262E-03  3.260E-03  3.260E-03
  3.256E-03  3.254E-03  3.250E-03  3.250E-03  3.248E-03  3.247E-03  3.246E-03  3.247E-03  3.247E-03  3.244E-03
  3.590E-03  3.585E-03  3.580E-03  3.575E-03  3.569E-03  3.565E-03  3.561E-03  3.558E-03  3.555E-03  3.549E-03
  3.545E-03  3.542E-03  3.537E-03  3.535E-03  3.531E-03  3.526E-03  3.522E-03  3.518E-03  3.513E-03  3.510E-03
  3.510E-03  3.505E-03  3.501E-03  3.494E-03  3.489E-03  3.483E-03  3.482E-03  3.479E-03  3.475E-03  3.473E-03
  3.467E-03  3.465E-03  3.463E-03  3.457E-03  3.456E-03  3.452E-03  3.449E-03  3.446E-03  3.444E-03  3.439E-03
  3.435E-03  3.431E-03  3.429E-03  3.424E-03  3.423E-03  3.421E-03  3.416E-03  3.412E-03  3.411E-03  3.411E-03
  3.812E-03  3.806E-03  3.802E-03  3.796E-03  3.794E-03  3.785E-03  3.778E-03  3.771E-03  3.767E-03  3.764E-03
  3.762E-03  3.755E-03  3.750E-03  3.745E-03  3.743E-03  3.741E-03  3.740E-03  3.736E-03  3.730E-03  3.726E-03
  3.721E-03  3.716E-03  3.710E-03  3.702E-03  3.696E-03  3.693E-03  3.687E-03  3.686E-03  3.682E-03  3.680E-03
  3.676E-03  3.671E-03  3.669E-03  3.667E-03  3.662E-03  3.659E-03  3.653E-03  3.645E-03  3.641E-03  3.640E-03
  3.635E-03  3.631E-03  3.630E-03  3.627E-03  3.622E-03  3.622E-03  3.618E-03  3.614E-03  3.606E-03  3.603E-03
  4.061E-03  4.058E-03  4.051E-03  4.045E-03  4.038E-03  4.030E-03  4.026E-03  4.022E-03  4.019E-03  4.017E-03
  4.012E-03  4.006E-03  3.997E-03  3.987E-03  3.978E-03  3.969E-03  3.966E-03  3.965E-03  3.962E-03  3.957E-03
  3.950E-03  3.946E-03  3.939E-03  3.937E-03  3.934E-03  3.928E-03  3.923E-03  3.916E-03  3.908E-03  3.901E-03
  3.894E-03  3.889E-03  3.883E-03  3.877E-03  3.874E-03  3.868E-03  3.866E-03  3.861E-03  3.855E-03  3.850E-03
  3.847E-03  3.839E-03  3.837E-03  3.833E-03  3.829E-03  3.821E-03  3.817E-03  3.814E-03  3.808E-03  3.805E-03
  4.339E-03  4.328E-03  4.318E-03  4.310E-03  4.308E-03  4.304E-03  4.297E-03  4.290E-03  4.283E-03  4.270E-03
  4.268E-03  4.263E-03  4.261E-03  4.254E-03  4.247E-03  4.240E-03  4.234E-03  4.226E-03  4.218E-03  4.212E-03
  4.207E-03  4.204E-03  4.198E-03  4.189E-03  4.180E-03  4.175E-03  4.167E-03  4.164E-03  4.159E-03  4.151E-03
  4.143E-03  4.135E-03  4.130E-03  4.124E-03  4.118E-03  4.112E-03  4.104E-03  4.097E-03  4.091E-03  4.084E-03
  4.080E-03  4.077E-03  4.071E-03  4.065E-03  4.060E-03  4.054E-03  4.051E-03  4.049E-03  4.046E-03  4.042E-03
  4.653E-03  4.643E-03  4.639E-03  4.632E-03  4.624E-03  4.612E-03  4.600E-03  4.588E-03  4.583E-03  4.573E-03
  4.560E-03  4.551E-03  4.546E-03  4.540E-03  4.535E-03  4.526E-03  4.511E-03  4.504E-03  4.496E-03  4.489E-03
  4.485E-03  4.473E-03  4.467E-03  4.462E-03  4.453E-03  4.447E-03  4.440E-03  4.430E-03  4.424E-03  4.413E-03
  4.409E-03  4.404E-03  4.397E-03  4.390E-03  4.382E-03  4.381E-03  4.382E-03  4.377E-03  4.369E-03  4.360E-03
  4.354E-03  4.346E-03  4.339E-03  4.331E-03  4.323E-03  4.320E-03  4.313E-03  4.303E-03  4.292E-03  4.281E-03
  5.001E-03  4.988E-03  4.979E-03  4.969E-03  4.954E-03  4.947E-03  4.940E-03  4.932E-03  4.923E-03  4.912E-03
  4.898E-03  4.893E-03  4.886E-03  4.880E-03  4.870E-03  4.857E-03  4.845E-03  4.836E-03  4.828E-03  4.811E-03
  4.798E-03  4.790E-03  4.778E-03  4.771E-03  4.763E-03  4.752E-03  4.743E-03  4.739E-03  4.728E-03  4.724E-03
  4.717E-03  4.710E-03  4.697E-03  4.685E-03  4.676E-03  4.660E-03  4.652E-03  4.651E-03  4.643E-03  4.632E-03
  4.621E-03  4.612E-03  4.610E-03  4.602E-03  4.597E-03  4.590E-03  4.582E-03  4.571E-03  4.566E-03  4.557E-03
  5.351E-03  5.346E-03  5.335E-03  5.321E-03  5.312E-03  5.298E-03  5.284E-03  5.278E-03  5.261E-03  5.247E-03
  5.237E-03  5.219E-03  5.210E-03  5.201E-03  5.193E-03  5.179E-03  5.176E-03  5.166E-03  5.163E-03  5.159E-03
  5.148E-03  5.139E-03  5.134E-03  5.123E-03  5.109E-03  5.096E-03  5.084E-03  5.071E-03  5.056E-03  5.044E-03
  5.033E-03  5.021E-03  5.016E-03  5.011E-03  5.007E-03  4.999E-03  4.990E-03  4.980E-03  4.964E-03  4.955E-03
  4.946E-03  4.937E-03  4.926E-03  4.920E-03  4.913E-03  4.904E-03  4.897E-03  4.889E-03  4.880E-03  4.870E-03
  5.789E-03  5.771E-03  5.757E-03  5.751E-03  5.743E-03  5.736E-03  5.713E-03  5.695E-03  5.688E-03  5.675E-03
  5.659E-03  5.641E-03  5.625E-03  5.602E-03  5.589E-03  5.573E-03  5.557E-03  5.536E-03  5.518E-03  5.506E-03
  5.495E-03  5.485E-03  5.478E-03  5.466E-03  5.460E-03  5.454E-03  5.446E-03  5.434E-03  5.421E-03  5.408E-03
  5.399E-03  5.387E-03  5.375E-03  5.360E-03  5.349E-03  5.339E-03  5.320E-03  5.313E-03  5.305E-03  5.298E-03
  5.294E-03  5.288E-03  5.280E-03  5.266E-03  5.251E-03  5.239E-03  5.228E-03  5.220E-03  5.205E-03  5.190E-03
  6.262E-03  6.241E-03  6.222E-03  6.205E-03  6.183E-03  6.165E-03  6.159E-03  6.148E-03  6.126E-03  6.111E-03
  6.092E-03  6.077E-03  6.073E-03  6.052E-03  6.030E-03  6.013E-03  5.999E-03  5.988E-03  5.980E-03  5.968E-03
  5.953E-03  5.928E-03  5.912E-03  5.891E-03  5.877E-03  5.855E-03  5.845E-03  5.830E-03  5.812E-03  5.794E-03
  5.785E-03  5.780E-03  5.769E-03  5.747E-03  5.728E-03  5.721E-03  5.713E-03  5.696E-03  5.675E-03  5.662E-03
  5.651E-03  5.645E-03  5.634E-03  5.627E-03  5.610E-03  5.601E-03  5.590E-03  5.583E-03  5.576E-03  5.564E-03
  6.759E-03  6.752E-03  6.728E-03  6.708E-03  6.700E-03  6.685E-03  6.662E-03  6.658E-03  6.634E-03  6.612E-03
  6.593E-03  6.570E-03  6.554E-03  6.546E-03  6.535E-03  6.519E-03  6.499E-03  6.477E-03  6.444E-03  6.419E-03
  6.400E-03  6.385E-03  6.376E-03  6.364E-03  6.342E-03  6.327E-03  6.309E-03  6.304E-03  6.291E-03  6.272E-03
  6.257E-03  6.238E-03  6.228E-03  6.225E-03  6.207E-03  6.191E-03  6.180E-03  6.160E-03  6.153E-03  6.139E-03
  6.111E-03  6.087E-03  6.060E-03  6.047E-03  6.034E-03  6.015E-03  5.996E-03  5.977E-03  5.964E-03  5.953E-03
  7.271E-03  7.265E-03  7.239E-03  7.217E-03  7.198E-03  7.174E-03  7.149E-03  7.129E-03  7.124E-03  7.113E-03
  7.104E-03  7.091E-03  7.069E-03  7.055E-03  7.036E-03  7.017E-03  6.992E-03  6.976E-03  6.963E-03  6.946E-03
  6.917E-03  6.895E-03  6.870E-03  6.857E-03  6.840E-03  6.814E-03  6.796E-03  6.779E-03  6.769E-03  6.744E-03
  6.723E-03  6.703E-03  6.690E-03  6.683E-03  6.668E-03  6.633E-03  6.611E-03  6.584E-03  6.566E-03  6.555E-03
  6.548E-03  6.533E-03  6.526E-03  6.501E-03  6.478E-03  6.463E-03  6.450E-03  6.431E-03  6.423E-03  6.418E-03
  7.957E-03  7.922E-03  7.903E-03  7.866E-03  7.831E-03  7.799E-03  7.764E-03  7.727E-03  7.686E-03  7.656E-03
  7.629E-03  7.587E-03  7.548E-03  7.511E-03  7.489E-03  7.483E-03  7.462E-03  7.452E-03  7.434E-03  7.420E-03
  7.404E-03  7.377E-03  7.354E-03  7.340E-03  7.332E-03  7.318E-03  7.306E-03  7.292E-03  7.283E-03  7.266E-03
  7.263E-03  7.227E-03  7.198E-03  7.178E-03  7.156E-03  7.136E-03  7.114E-03  7.102E-03  7.087E-03  7.060E-03
  7.030E-03  6.993E-03  6.984E-03  6.980E-03  6.969E-03  6.952E-03  6.945E-03  6.919E-03  6.896E-03  6.872E-03
  8.640E-03  8.638E-03  8.594E-03  8.558E-03  8.533E-03  8.500E-03  8.469E-03  8.447E-03  8.415E-03  8.396E-03
  8.359E-03  8.341E-03  8.325E-03  8.299E-03  8.254E-03  8.210E-03  8.176E-03  8.116E-03  8.086E-03  8.065E-03
  8.024E-03  7.990E-03  7.955E-03  7.920E-03  7.879E-03  7.850E-03  7.807E-03  7.771E-03  7.736E-03  7.700E-03
  7.670E-03  7.657E-03  7.652E-03  7.642E-03  7.624E-03  7.606E-03  7.612E-03  7.592E-03  7.573E-03  7.565E-03
  7.556E-03  7.545E-03  7.539E-03  7.517E-03  7.515E-03  7.497E-03  7.467E-03  7.446E-03  7.410E-03  7.407E-03
  9.378E-03  9.334E-03  9.323E-03  9.277E-03  9.227E-03  9.193E-03  9.159E-03  9.142E-03  9.106E-03  9.052E-03
  9.028E-03  9.003E-03  8.988E-03  8.958E-03  8.936E-03  8.905E-03  8.869E-03  8.869E-03  8.824E-03  8.785E-03
  8.767E-03  8.738E-03  8.708E-03  8.678E-03  8.656E-03  8.606E-03  8.585E-03  8.558E-03  8.527E-03  8.514E-03
  8.476E-03  8.442E-03  8.387E-03  8.357E-03  8.323E-03  8.267E-03  8.218E-03  8.181E-03  8.164E-03  8.126E-03
  8.096E-03  8.063E-03  8.021E-03  7.978E-03  7.955E-03  7.935E-03  7.934E-03  7.909E-03  7.883E-03  7.848E-03
  1.027E-02  1.023E-02  1.019E-02  1.015E-02  1.012E-02  1.006E-02  1.001E-02  9.992E-03  9.975E-03  9.945E-03
  9.887E-03  9.835E-03  9.772E-03  9.742E-03  9.704E-03  9.654E-03  9.619E-03  9.562E-03  9.525E-03  9.502E-03
  9.460E-03  9.454E-03  9.416E-03  9.360E-03  9.342E-03  9.311E-03  9.256E-03  9.237E-03  9.202E-03  9.182E-03
  9.160E-03  9.157E-03  9.140E-03  9.114E-03  9.099E-03  9.083E-03  9.064E-03  9.041E-03  8.997E-03  8.951E-03
  8.924E-03  8.856E-03  8.839E-03  8.803E-03  8.765E-03  8.718E-03  8.699E-03  8.659E-03  8.617E-03  8.583E-03
  1.134E-02  1.131E-02  1.126E-02  1.122E-02  1.120E-02  1.113E-02  1.105E-02  1.095E-02  1.088E-02  1.082E-02
  1.080E-02  1.072E-02  1.067E-02  1.063E-02  1.064E-02  1.063E-02  1.056E-02  1.051E-02  1.046E-02  1.043E-02
  1.037E-02  1.032E-02  1.029E-02  1.025E-02  1.020E-02  1.015E-02  1.010E-02  1.006E-02  1.001E-02  9.963E-03
  9.916E-03  9.871E-03  9.819E-03  9.750E-03  9.732E-03  9.706E-03  9.678E-03  9.640E-03  9.632E-03  9.606E-03
  9.571E-03  9.546E-03  9.497E-03  9.460E-03  9.455E-03  9.435E-03  9.402E-03  9.392E-03  9.367E-03  9.338E-03
  1.673E-02  1.652E-02  1.637E-02  1.626E-02  1.618E-02  1.617E-02  1.606E-02  1.606E-02  1.602E-02  1.593E-02
  1.587E-02  1.585E-02  1.585E-02  1.577E-02  1.561E-02  1.556E-02  1.549E-02  1.534E-02  1.531E-02  1.522E-02
  1.512E-02  1.504E-02  1.495E-02  1.484E-02  1.474E-02  1.479E-02  1.472E-02  1.465E-02  1.463E-02  1.453E-02
  1.444E-02  1.440E-02  1.440E-02  1.434E-02  1.420E-02  1.410E-02  1.409E-02  1.409E-02  1.399E-02  1.389E-02
  1.387E-02  1.381E-02  1.380E-02  1.375E-02  1.366E-02  1.360E-02  1.351E-02  1.345E-02  1.338E-02  1.336E-02
  0.000E+00  0.000E+00  0.000E+00  0.000E+00  0.000E+00  0.000E+00  0.000E+00  0.000E+00  0.000E+00  0.000E+00
  0.000E+00  0.000E+00  0.000E+00  0.000E+00  0.000E+00  0.000E+00  0.000E+00  0.000E+00  0.000E+00  0.000E+00
  0.000E+00  0.000E+00  0.000E+00  0.000E+00  0.000E+00  0.000E+00  0.000E+00  0.000E+00  0.000E+00  0.000E+00
  0.000E+00  0.000E+00  0.000E+00  0.000E+00  0.000E+00  0.000E+00  0.000E+00  0.000E+00  0.000E+00  0.000E+00
  0.000E+00  0.000E+00  0.000E+00  0.000E+00  0.000E+00  0.000E+00  0.000E+00  0.000E+00  0.000E+00  0.000E+00
  0.000E+00  0.000E+00  0.000E+00  0.000E+00  0.000E+00  0.000E+00  0.000E+00  0.000E+00  0.000E+00  0.000E+00
  0.000E+00  0.000E+00  0.000E+00  0.000E+00  0.000E+00  0.000E+00  0.000E+00  0.000E+00  0.000E+00  0.000E+00
  0.000E+00  0.000E+00  0.000E+00  0.000E+00  0.000E+00  0.000E+00  0.000E+00  0.000E+00  0.000E+00  0.000E+00
  0.000E+00  0.000E+00  0.000E+00  0.000E+00  0.000E+00  0.000E+00  0.000E+00  0.000E+00  0.000E+00  0.000E+00
  0.000E+00  0.000E+00  0.000E+00  0.000E+00  0.000E+00  0.000E+00  0.000E+00  0.000E+00  0.000E+00  0.000E+00

#------------------------------------------------------------------------------
# gshow
#------------------------------------------------------------------------------

p: legs[c5*0.875]

hb:   line clip z  
frame:
  9.5000006E+01 -9.9999536E+00
  1.0000001E+02 -9.9999536E+00
  1.0000001E+02  1.0000046E+01
  9.5000006E+01  1.0000046E+01
clip:
  9.49019670E+01 -1.01979729E+01
  1.00098045E+02 -1.01979729E+01
  1.00098045E+02 -9.99401249E+00
  1.00098045E+02 -9.79005210E+00
  1.00098045E+02 -9.58609170E+00
  1.00098045E+02 -9.50000000E+00
  1.00054180E+02 -9.50000000E+00
  9.99941238E+01 -9.50000000E+00
  9.99502585E+01 -9.50000000E+00
  9.98902023E+01 -9.50000000E+00
  9.98463369E+01 -9.50000000E+00
  9.97862807E+01 -9.50000000E+00
  9.97424154E+01 -9.50000000E+00
  9.96823591E+01 -9.50000000E+00
  9.96384938E+01 -9.50000000E+00
  9.95784375E+01 -9.50000000E+00
  9.95345722E+01 -9.50000000E+00
  9.94745160E+01 -9.50000000E+00
  9.94306507E+01 -9.50000000E+00
  9.93705944E+01 -9.50000000E+00
  9.93267291E+01 -9.50000000E+00
  9.92666728E+01 -9.50000000E+00
  9.92228075E+01 -9.50000000E+00
  9.91627513E+01 -9.50000000E+00
  9.91188860E+01 -9.50000000E+00
  9.90588297E+01 -9.50000000E+00
  9.90149644E+01 -9.50000000E+00
  9.89549081E+01 -9.50000000E+00
  9.89110428E+01 -9.50000000E+00
  9.88509866E+01 -9.50000000E+00
  9.88071213E+01 -9.50000000E+00
  9.87470650E+01 -9.50000000E+00
  9.87031997E+01 -9.50000000E+00
  9.86431434E+01 -9.50000000E+00
  9.85992781E+01 -9.50000000E+00
  9.85392219E+01 -9.50000000E+00
  9.84953566E+01 -9.50000000E+00
  9.84353003E+01 -9.50000000E+00
  9.83914350E+01 -9.50000000E+00
  9.83313787E+01 -9.50000000E+00
  9.82875134E+01 -9.50000000E+00
  9.82274572E+01 -9.50000000E+00
  9.81835919E+01 -9.50000000E+00
  9.81235356E+01 -9.50000000E+00
  9.80796703E+01 -9.50000000E+00
  9.80196140E+01 -9.50000000E+00
  9.79757487E+01 -9.50000000E+00
  9.79156924E+01 -9.50000000E+00
  9.78718271E+01 -9.50000000E+00
  9.78117709E+01 -9.50000000E+00
  9.77679056E+01 -9.50000000E+00
  9.77078493E+01 -9.50000000E+00
  9.76639840E+01 -9.50000000E+00
  9.76039277E+01 -9.50000000E+00
  9.75600624E+01 -9.50000000E+00
  9.75000062E+01 -9.50000000E+00
  9.74561409E+01 -9.50000000E+00
  9.73960846E+01 -9.50000000E+00
  9.73522193E+01 -9.50000000E+00
  9.72921630E+01 -9.50000000E+00
  9.72482977E+01 -9.50000000E+00
  9.71882415E+01 -9.50000000E+00
  9.71443762E+01 -9.50000000E+00
  9.70843199E+01 -9.50000000E+00
  9.70404546E+01 -9.50000000E+00
  9.69803983E+01 -9.50000000E+00
  9.69365330E+01 -9.50000000E+00
  9.68764768E+01 -9.50000000E+00
  9.68326115E+01 -9.50000000E+00
  9.67725552E+01 -9.50000000E+00
  9.67286899E+01 -9.50000000E+00
  9.66686336E+01 -9.50000000E+00
  9.66247683E+01 -9.50000000E+00
  9.65647121E+01 -9.50000000E+00
  9.65208468E+01 -9.50000000E+00
  9.64607905E+01 -9.50000000E+00
  9.64169252E+01 -9.50000000E+00
  9.63568689E+01 -9.50000000E+00
  9.63130036E+01 -9.50000000E+00
  9.62529473E+01 -9.50000000E+00
  9.62090820E+01 -9.50000000E+00
  9.61490258E+01 -9.50000000E+00
  9.61051605E+01 -9.50000000E+00
  9.60451042E+01 -9.50000000E+00
  9.60012389E+01 -9.50000000E+00
  9.59411826E+01 -9.50000000E+00
  9.58973173E+01 -9.50000000E+00
  9.58372611E+01 -9.50000000E+00
  9.57933958E+01 -9.50000000E+00
  9.57333395E+01 -9.50000000E+00
  9.56894742E+01 -9.50000000E+00
  9.56294179E+01 -9.50000000E+00
  9.55855526E+01 -9.50000000E+00
  9.55254964E+01 -9.50000000E+00
  9.54816311E+01 -9.50000000E+00
  9.54215748E+01 -9.50000000E+00
  9.53777095E+01 -9.50000000E+00
  9.53176532E+01 -9.50000000E+00
  9.52737879E+01 -9.50000000E+00
  9.52137317E+01 -9.50000000E+00
  9.51698664E+01 -9.50000000E+00
  9.51098101E+01 -9.50000000E+00
  9.50659448E+01 -9.50000000E+00
  9.50058885E+01 -9.50000000E+00
  9.49620232E+01 -9.50000000E+00
  9.49019670E+01 -9.50000000E+00
  9.49019670E+01 -9.58609170E+00
  9.49019670E+01 -9.79005210E+00
  9.49019670E+01 -9.99401249E+00
  9.49019670E+01 -1.01979729E+01

hb:   line clip z  
frame:
  9.5000006E+01 -9.9999536E+00
  1.0000001E+02 -9.9999536E+00
  1.0000001E+02  1.0000046E+01
  9.5000006E+01  1.0000046E+01
clip:
  9.49019670E+01 -9.50000000E+00
  1.00098045E+02 -9.50000000E+00
  1.00098045E+02 -9.38213130E+00
  1.00098045E+02 -9.17817091E+00
  1.00098045E+02 -8.97421051E+00
  1.00098045E+02 -8.77025012E+00
  1.00098045E+02 -8.56628972E+00
  1.00098045E+02 -8.36232932E+00
  1.00098045E+02 -8.15836893E+00
  1.00098045E+02 -7.95440853E+00
  1.00098045E+02 -7.75044814E+00
  1.00098045E+02 -7.54648774E+00
  1.00098045E+02 -7.34252734E+00
  1.00098045E+02 -7.13856695E+00
  1.00098045E+02 -6.93460655E+00
  1.00098045E+02 -6.73064616E+00
  1.00098045E+02 -6.52668576E+00
  1.00098045E+02 -6.32272536E+00
  1.00098045E+02 -6.11876497E+00
  1.00098045E+02 -5.91480457E+00
  1.00098045E+02 -5.71084418E+00
  1.00098045E+02 -5.50688378E+00
  1.00098045E+02 -5.30292338E+00
  1.00098045E+02 -5.09896299E+00
  1.00098045E+02 -4.89500259E+00
  1.00098045E+02 -4.69104220E+00
  1.00098045E+02 -4.48708180E+00
  1.00098045E+02 -4.28312140E+00
  1.00098045E+02 -4.07916101E+00
  1.00098045E+02 -3.87520061E+00
  1.00098045E+02 -3.67124022E+00
  1.00098045E+02 -3.46727982E+00
  1.00098045E+02 -3.26331942E+00
  1.00098045E+02 -3.05935903E+00
  1.00098045E+02 -2.85539863E+00
  1.00098045E+02 -2.65143823E+00
  1.00098045E+02 -2.44747784E+00
  1.00098045E+02 -2.24351744E+00
  1.00098045E+02 -2.03955705E+00
  1.00098045E+02 -1.83559665E+00
  1.00098045E+02 -1.63163625E+00
  1.00098045E+02 -1.42767586E+00
  1.00098045E+02 -1.22371546E+00
  1.00098045E+02 -1.01975507E+00
  1.00098045E+02 -8.15794671E-01
  1.00098045E+02 -6.11834275E-01
  1.00098045E+02 -4.07873879E-01
  1.00098045E+02 -2.03913482E-01
  1.00098045E+02  4.69135780E-05
  1.00098045E+02  2.04007310E-01
  1.00098045E+02  4.07967706E-01
  1.00098045E+02  6.11928102E-01
  1.00098045E+02  8.15888498E-01
  1.00098045E+02  1.01984889E+00
  1.00098045E+02  1.22380929E+00
  1.00098045E+02  1.42776969E+00
  1.00098045E+02  1.63173008E+00
  1.00098045E+02  1.83569048E+00
  1.00098045E+02  2.03965087E+00
  1.00098045E+02  2.24361127E+00
  1.00098045E+02  2.44757167E+00
  1.00098045E+02  2.65153206E+00
  1.00098045E+02  2.85549246E+00
  1.00098045E+02  3.05945285E+00
  1.00098045E+02  3.26341325E+00
  1.00098045E+02  3.46737365E+00
  1.00098045E+02  3.67133404E+00
  1.00098045E+02  3.87529444E+00
  1.00098045E+02  4.07925483E+00
  1.00098045E+02  4.28321523E+00
  1.00098045E+02  4.48717563E+00
  1.00098045E+02  4.69113602E+00
  1.00098045E+02  4.89509642E+00
  1.00098045E+02  5.09905681E+00
  1.00098045E+02  5.30301721E+00
  1.00098045E+02  5.50697761E+00
  1.00098045E+02  5.71093800E+00
  1.00098045E+02  5.91489840E+00
  1.00098045E+02  6.11885879E+00
  1.00098045E+02  6.32281919E+00
  1.00098045E+02  6.52677959E+00
  1.00098045E+02  6.73073998E+00
  1.00098045E+02  6.93470038E+00
  1.00098045E+02  7.13866077E+00
  1.00098045E+02  7.34262117E+00
  1.00098045E+02  7.54658157E+00
  1.00098045E+02  7.75054196E+00
  1.00098045E+02  7.95450236E+00
  1.00098045E+02  8.15846276E+00
  1.00098045E+02  8.36242315E+00
  1.00098045E+02  8.56638355E+00
  1.00098045E+02  8.77034394E+00
  1.00098045E+02  8.97430434E+00
  1.00098045E+02  9.17826474E+00
  1.00098045E+02  9.38222513E+00
  1.00098045E+02  9.50000000E+00
  1.00038037E+02  9.50000000E+00
  9.99941238E+01  9.50000000E+00
  9.99341154E+01  9.50000000E+00
  9.98902023E+01  9.50000000E+00
  9.98301938E+01  9.50000000E+00
  9.97862807E+01  9.50000000E+00
  9.97262722E+01  9.50000000E+00
  9.96823591E+01  9.50000000E+00
  9.96223507E+01  9.50000000E+00
  9.95784375E+01  9.50000000E+00
  9.95184291E+01  9.50000000E+00
  9.94745160E+01  9.50000000E+00
  9.94145075E+01  9.50000000E+00
  9.93705944E+01  9.50000000E+00
  9.93105859E+01  9.50000000E+00
  9.92666728E+01  9.50000000E+00
  9.92066644E+01  9.50000000E+00
  9.91627513E+01  9.50000000E+00
  9.91027428E+01  9.50000000E+00
  9.90588297E+01  9.50000000E+00
  9.89988212E+01  9.50000000E+00
  9.89549081E+01  9.50000000E+00
  9.88948997E+01  9.50000000E+00
  9.88509866E+01  9.50000000E+00
  9.87909781E+01  9.50000000E+00
  9.87470650E+01  9.50000000E+00
  9.86870565E+01  9.50000000E+00
  9.86431434E+01  9.50000000E+00
  9.85831350E+01  9.50000000E+00
  9.85392219E+01  9.50000000E+00
  9.84792134E+01  9.50000000E+00
  9.84353003E+01  9.50000000E+00
  9.83752918E+01  9.50000000E+00
  9.83313787E+01  9.50000000E+00
  9.82713703E+01  9.50000000E+00
  9.82274572E+01  9.50000000E+00
  9.81674487E+01  9.50000000E+00
  9.81235356E+01  9.50000000E+00
  9.80635271E+01  9.50000000E+00
  9.80196140E+01  9.50000000E+00
  9.79596056E+01  9.50000000E+00
  9.79156924E+01  9.50000000E+00
  9.78556840E+01  9.50000000E+00
  9.78117709E+01  9.50000000E+00
  9.77517624E+01  9.50000000E+00
  9.77078493E+01  9.50000000E+00
  9.76478409E+01  9.50000000E+00
  9.76039277E+01  9.50000000E+00
  9.75439193E+01  9.50000000E+00
  9.75000062E+01  9.50000000E+00
  9.74399977E+01  9.50000000E+00
  9.73960846E+01  9.50000000E+00
  9.73360761E+01  9.50000000E+00
  9.72921630E+01  9.50000000E+00
  9.72321546E+01  9.50000000E+00
  9.71882415E+01  9.50000000E+00
  9.71282330E+01  9.50000000E+00
  9.70843199E+01  9.50000000E+00
  9.70243114E+01  9.50000000E+00
  9.69803983E+01  9.50000000E+00
  9.69203899E+01  9.50000000E+00
  9.68764768E+01  9.50000000E+00
  9.68164683E+01  9.50000000E+00
  9.67725552E+01  9.50000000E+00
  9.67125467E+01  9.50000000E+00
  9.66686336E+01  9.50000000E+00
  9.66086252E+01  9.50000000E+00
  9.65647121E+01  9.50000000E+00
  9.65047036E+01  9.50000000E+00
  9.64607905E+01  9.50000000E+00
  9.64007820E+01  9.50000000E+00
  9.63568689E+01  9.50000000E+00
  9.62968605E+01  9.50000000E+00
  9.62529473E+01  9.50000000E+00
  9.61929389E+01  9.50000000E+00
  9.61490258E+01  9.50000000E+00
  9.60890173E+01  9.50000000E+00
  9.60451042E+01  9.50000000E+00
  9.59850958E+01  9.50000000E+00
  9.59411826E+01  9.50000000E+00
  9.58811742E+01  9.50000000E+00
  9.58372611E+01  9.50000000E+00
  9.57772526E+01  9.50000000E+00
  9.57333395E+01  9.50000000E+00
  9.56733310E+01  9.50000000E+00
  9.56294179E+01  9.50000000E+00
  9.55694095E+01  9.50000000E+00
  9.55254964E+01  9.50000000E+00
  9.54654879E+01  9.50000000E+00
  9.54215748E+01  9.50000000E+00
  9.53615663E+01  9.50000000E+00
  9.53176532E+01  9.50000000E+00
  9.52576448E+01  9.50000000E+00
  9.52137317E+01  9.50000000E+00
  9.51537232E+01  9.50000000E+00
  9.51098101E+01  9.50000000E+00
  9.50498016E+01  9.50000000E+00
  9.50058885E+01  9.50000000E+00
  9.49458801E+01  9.50000000E+00
  9.49019670E+01  9.50000000E+00
  9.49019670E+01  9.38222513E+00
  9.49019670E+01  9.17826474E+00
  9.49019670E+01  8.97430434E+00
  9.49019670E+01  8.77034394E+00
  9.49019670E+01  8.56638355E+00
  9.49019670E+01  8.36242315E+00
  9.49019670E+01  8.15846276E+00
  9.49019670E+01  7.95450236E+00
  9.49019670E+01  7.75054196E+00
  9.49019670E+01  7.54658157E+00
  9.49019670E+01  7.34262117E+00
  9.49019670E+01  7.13866077E+00
  9.49019670E+01  6.93470038E+00
  9.49019670E+01  6.73073998E+00
  9.49019670E+01  6.52677959E+00
  9.49019670E+01  6.32281919E+00
  9.49019670E+01  6.11885879E+00
  9.49019670E+01  5.91489840E+00
  9.49019670E+01  5.71093800E+00
  9.49019670E+01  5.50697761E+00
  9.49019670E+01  5.30301721E+00
  9.49019670E+01  5.09905681E+00
  9.49019670E+01  4.89509642E+00
  9.49019670E+01  4.69113602E+00
  9.49019670E+01  4.48717563E+00
  9.49019670E+01  4.28321523E+00
  9.49019670E+01  4.07925483E+00
  9.49019670E+01  3.87529444E+00
  9.49019670E+01  3.67133404E+00
  9.49019670E+01  3.46737365E+00
  9.49019670E+01  3.26341325E+00
  9.49019670E+01  3.05945285E+00
  9.49019670E+01  2.85549246E+00
  9.49019670E+01  2.65153206E+00
  9.49019670E+01  2.44757167E+00
  9.49019670E+01  2.24361127E+00
  9.49019670E+01  2.03965087E+00
  9.49019670E+01  1.83569048E+00
  9.49019670E+01  1.63173008E+00
  9.49019670E+01  1.42776969E+00
  9.49019670E+01  1.22380929E+00
  9.49019670E+01  1.01984889E+00
  9.49019670E+01  8.15888498E-01
  9.49019670E+01  6.11928102E-01
  9.49019670E+01  4.07967706E-01
  9.49019670E+01  2.04007310E-01
  9.49019670E+01  4.69135780E-05
  9.49019670E+01 -2.03913482E-01
  9.49019670E+01 -4.07873879E-01
  9.49019670E+01 -6.11834275E-01
  9.49019670E+01 -8.15794671E-01
  9.49019670E+01 -1.01975507E+00
  9.49019670E+01 -1.22371546E+00
  9.49019670E+01 -1.42767586E+00
  9.49019670E+01 -1.63163625E+00
  9.49019670E+01 -1.83559665E+00
  9.49019670E+01 -2.03955705E+00
  9.49019670E+01 -2.24351744E+00
  9.49019670E+01 -2.44747784E+00
  9.49019670E+01 -2.65143823E+00
  9.49019670E+01 -2.85539863E+00
  9.49019670E+01 -3.05935903E+00
  9.49019670E+01 -3.26331942E+00
  9.49019670E+01 -3.46727982E+00
  9.49019670E+01 -3.67124022E+00
  9.49019670E+01 -3.87520061E+00
  9.49019670E+01 -4.07916101E+00
  9.49019670E+01 -4.28312140E+00
  9.49019670E+01 -4.48708180E+00
  9.49019670E+01 -4.69104220E+00
  9.49019670E+01 -4.89500259E+00
  9.49019670E+01 -5.09896299E+00
  9.49019670E+01 -5.30292338E+00
  9.49019670E+01 -5.50688378E+00
  9.49019670E+01 -5.71084418E+00
  9.49019670E+01 -5.91480457E+00
  9.49019670E+01 -6.11876497E+00
  9.49019670E+01 -6.32272536E+00
  9.49019670E+01 -6.52668576E+00
  9.49019670E+01 -6.73064616E+00
  9.49019670E+01 -6.93460655E+00
  9.49019670E+01 -7.13856695E+00
  9.49019670E+01 -7.34252734E+00
  9.49019670E+01 -7.54648774E+00
  9.49019670E+01 -7.75044814E+00
  9.49019670E+01 -7.95440853E+00
  9.49019670E+01 -8.15836893E+00
  9.49019670E+01 -8.36232932E+00
  9.49019670E+01 -8.56628972E+00
  9.49019670E+01 -8.77025012E+00
  9.49019670E+01 -8.97421051E+00
  9.49019670E+01 -9.17817091E+00
  9.49019670E+01 -9.38213130E+00

hb:   line clip z  
clip:
  9.77811682E+01 -2.09961901E+00
  9.87470650E+01 -2.09961901E+00
  9.87500000E+01 -2.04531740E+00
  9.87500000E+01 -2.03955705E+00
  9.87500000E+01 -2.03379670E+00
  9.87500000E+01 -1.83559665E+00
  9.87500000E+01 -1.82983630E+00
  9.87500000E+01 -1.63163625E+00
  9.87500000E+01 -1.62587591E+00
  9.87500000E+01 -1.42767586E+00
  9.87500000E+01 -1.42191551E+00
  9.87500000E+01 -1.22371546E+00
  9.87500000E+01 -1.21795511E+00
  9.87500000E+01 -1.01975507E+00
  9.87500000E+01 -1.01399472E+00
  9.87500000E+01 -8.15794671E-01
  9.87500000E+01 -8.10034322E-01
  9.87500000E+01 -6.11834275E-01
  9.87500000E+01 -6.06073926E-01
  9.87500000E+01 -4.07873879E-01
  9.87500000E+01 -4.02113530E-01
  9.87500000E+01 -2.03913482E-01
  9.87500000E+01 -1.98153133E-01
  9.87500000E+01  4.69135780E-05
  9.87500000E+01  5.80726257E-03
  9.87500000E+01  2.04007310E-01
  9.87500000E+01  2.09767659E-01
  9.87500000E+01  4.07967706E-01
  9.87500000E+01  4.13728055E-01
  9.87500000E+01  6.11928102E-01
  9.87500000E+01  6.17688451E-01
  9.87500000E+01  8.15888498E-01
  9.87500000E+01  8.21648847E-01
  9.87500000E+01  1.01984889E+00
  9.87500000E+01  1.02560924E+00
  9.87500000E+01  1.22380929E+00
  9.87500000E+01  1.22956964E+00
  9.87500000E+01  1.42776969E+00
  9.87500000E+01  1.43353003E+00
  9.87500000E+01  1.63173008E+00
  9.87500000E+01  1.63749043E+00
  9.87500000E+01  1.83569048E+00
  9.87500000E+01  1.84145083E+00
  9.87500000E+01  2.03965087E+00
  9.87500000E+01  2.04541122E+00
  9.87470650E+01  2.09961901E+00
  9.87165101E+01  2.09961901E+00
  9.86431434E+01  2.09961901E+00
  9.86125886E+01  2.09961901E+00
  9.85392219E+01  2.09961901E+00
  9.85086670E+01  2.09961901E+00
  9.84353003E+01  2.09961901E+00
  9.84047454E+01  2.09961901E+00
  9.83313787E+01  2.09961901E+00
  9.83008239E+01  2.09961901E+00
  9.82274572E+01  2.09961901E+00
  9.81969023E+01  2.09961901E+00
  9.81235356E+01  2.09961901E+00
  9.80929807E+01  2.09961901E+00
  9.80196140E+01  2.09961901E+00
  9.79890591E+01  2.09961901E+00
  9.79156924E+01  2.09961901E+00
  9.78851376E+01  2.09961901E+00
  9.78117709E+01  2.09961901E+00
  9.77812160E+01  2.09961901E+00
  9.77913642E+01  1.99959996E+00
  9.78117709E+01  1.99959996E+00
  9.78321776E+01  1.99959996E+00
  9.79156924E+01  1.99959996E+00
  9.79500000E+01  1.83569048E+00
  9.79500000E+01  1.63173008E+00
  9.79522233E+01  1.49946657E+00
  9.80500000E+01  1.42776969E+00
  9.80500000E+01  1.28344597E+00
  9.80500000E+01 -1.42767586E+00
  9.80196140E+01 -1.49946657E+00
  9.79500000E+01 -1.63163625E+00
  9.79500000E+01 -1.76826335E+00
  9.79500000E+01 -1.97222375E+00
  9.79156924E+01 -1.99959996E+00
  9.78953336E+01 -1.99959996E+00
  9.78117709E+01 -1.99959996E+00
  9.77500000E+01 -2.03955705E+00

hb:   line clip z  
clip:
  9.77500000E+01 -1.95683051E+00
  9.78117709E+01 -1.99959996E+00
  9.78953336E+01 -1.99959996E+00
  9.79156924E+01 -1.99959996E+00
  9.79500000E+01 -1.90292995E+00
  9.79500000E+01 -1.83559665E+00
  9.79500000E+01 -1.76826335E+00
  9.79500000E+01 -1.63163625E+00
  9.79500000E+01 -1.56430296E+00
  9.79500000E+01 -1.42767586E+00
  9.79500000E+01 -1.36034256E+00
  9.79500000E+01 -1.22371546E+00
  9.79500000E+01 -1.15638216E+00
  9.79500000E+01 -1.01975507E+00
  9.79500000E+01 -9.52421768E-01
  9.79500000E+01 -8.15794671E-01
  9.79500000E+01 -7.48461372E-01
  9.79500000E+01 -6.11834275E-01
  9.79500000E+01 -5.44500976E-01
  9.79500000E+01 -4.07873879E-01
  9.79500000E+01 -3.40540580E-01
  9.79500000E+01 -2.03913482E-01
  9.79500000E+01 -1.36580184E-01
  9.79156924E+01 -2.99999835E-02
  9.78270803E+01 -2.99999835E-02
  9.78117709E+01 -2.99999835E-02
  9.77500000E+01 -8.26796226E-02
  9.77500000E+01 -2.03913482E-01
  9.77500000E+01 -3.25147342E-01
  9.77500000E+01 -4.07873879E-01
  9.77500000E+01 -5.29107738E-01
  9.77500000E+01 -6.11834275E-01
  9.77500000E+01 -7.33068134E-01
  9.77500000E+01 -8.15794671E-01
  9.77500000E+01 -9.37028530E-01
  9.77500000E+01 -1.01975507E+00
  9.77500000E+01 -1.14098893E+00
  9.77500000E+01 -1.22371546E+00
  9.77500000E+01 -1.34494932E+00
  9.77500000E+01 -1.42767586E+00
  9.77500000E+01 -1.54890972E+00
  9.77500000E+01 -1.63163625E+00
  9.77500000E+01 -1.75287011E+00
  9.77500000E+01 -1.83559665E+00

hb:   line clip z  
clip:
  9.79830353E+01 -1.49946657E+00
  9.80196140E+01 -1.49946657E+00
  9.80500000E+01 -1.48731254E+00
  9.80500000E+01 -1.42767586E+00
  9.80500000E+01 -1.36803918E+00
  9.80500000E+01 -1.22371546E+00
  9.80500000E+01 -1.16407878E+00
  9.80500000E+01 -1.01975507E+00
  9.80500000E+01 -9.60118387E-01
  9.80500000E+01 -8.15794671E-01
  9.80500000E+01 -7.56157991E-01
  9.80500000E+01 -6.11834275E-01
  9.80500000E+01 -5.52197595E-01
  9.80500000E+01 -4.07873879E-01
  9.80500000E+01 -3.48237198E-01
  9.80500000E+01 -2.03913482E-01
  9.80500000E+01 -1.44276802E-01
  9.80500000E+01  4.69135780E-05
  9.80500000E+01  5.96835936E-02
  9.80500000E+01  2.04007310E-01
  9.80500000E+01  2.63643990E-01
  9.80500000E+01  4.07967706E-01
  9.80500000E+01  4.67604386E-01
  9.80500000E+01  6.11928102E-01
  9.80500000E+01  6.71564782E-01
  9.80500000E+01  8.15888498E-01
  9.80500000E+01  8.75525178E-01
  9.80500000E+01  1.01984889E+00
  9.80500000E+01  1.07948557E+00
  9.80500000E+01  1.22380929E+00
  9.80500000E+01  1.28344597E+00
  9.80500000E+01  1.42776969E+00
  9.80500000E+01  1.48740637E+00
  9.80196140E+01  1.49946657E+00
  9.79830831E+01  1.49946657E+00
  9.79500000E+01  1.42776969E+00
  9.79500000E+01  1.29114259E+00
  9.79500000E+01  1.22380929E+00
  9.79500000E+01  1.08718219E+00
  9.79500000E+01  1.01984889E+00
  9.79500000E+01  8.83221796E-01
  9.79500000E+01  8.15888498E-01
  9.79500000E+01  6.79261400E-01
  9.79500000E+01  6.11928102E-01
  9.79500000E+01  4.75301004E-01
  9.79500000E+01  4.07967706E-01
  9.79500000E+01  2.71340608E-01
  9.79500000E+01  2.04007310E-01
  9.79500000E+01  6.73802123E-02
  9.79500000E+01  4.69135780E-05
  9.79500000E+01 -1.36580184E-01
  9.79500000E+01 -2.03913482E-01
  9.79500000E+01 -3.40540580E-01
  9.79500000E+01 -4.07873879E-01
  9.79500000E+01 -5.44500976E-01
  9.79500000E+01 -6.11834275E-01
  9.79500000E+01 -7.48461372E-01
  9.79500000E+01 -8.15794671E-01
  9.79500000E+01 -9.52421768E-01
  9.79500000E+01 -1.01975507E+00
  9.79500000E+01 -1.15638216E+00
  9.79500000E+01 -1.22371546E+00
  9.79500000E+01 -1.36034256E+00
  9.79500000E+01 -1.42767586E+00

hb:   line clip z  
clip:
  9.77964614E+01 -2.99999835E-02
  9.79310019E+01 -2.99999835E-02
  9.79500000E+01  4.69135780E-05
  9.79309541E+01  2.99999835E-02
  9.79156924E+01  2.99999835E-02
  9.79004308E+01  2.99999835E-02
  9.78117709E+01  2.99999835E-02
  9.77965092E+01  2.99999835E-02
  9.77500000E+01  4.69135780E-05

hb:   line clip z  
clip:
  9.77500000E+01  8.27734498E-02
  9.78117709E+01  2.99999835E-02
  9.79004308E+01  2.99999835E-02
  9.79156924E+01  2.99999835E-02
  9.79500000E+01  1.36674011E-01
  9.79500000E+01  2.04007310E-01
  9.79500000E+01  2.71340608E-01
  9.79500000E+01  4.07967706E-01
  9.79500000E+01  4.75301004E-01
  9.79500000E+01  6.11928102E-01
  9.79500000E+01  6.79261400E-01
  9.79500000E+01  8.15888498E-01
  9.79500000E+01  8.83221796E-01
  9.79500000E+01  1.01984889E+00
  9.79500000E+01  1.08718219E+00
  9.79500000E+01  1.22380929E+00
  9.79500000E+01  1.29114259E+00
  9.79500000E+01  1.42776969E+00
  9.79500000E+01  1.49510298E+00
  9.79500000E+01  1.63173008E+00
  9.79500000E+01  1.69906338E+00
  9.79500000E+01  1.83569048E+00
  9.79500000E+01  1.90302378E+00
  9.79156924E+01  1.99959996E+00
  9.78321776E+01  1.99959996E+00
  9.78117709E+01  1.99959996E+00
  9.77500000E+01  1.95692434E+00
  9.77500000E+01  1.83569048E+00
  9.77500000E+01  1.71445662E+00
  9.77500000E+01  1.63173008E+00
  9.77500000E+01  1.51049622E+00
  9.77500000E+01  1.42776969E+00
  9.77500000E+01  1.30653583E+00
  9.77500000E+01  1.22380929E+00
  9.77500000E+01  1.10257543E+00
  9.77500000E+01  1.01984889E+00
  9.77500000E+01  8.98615034E-01
  9.77500000E+01  8.15888498E-01
  9.77500000E+01  6.94654638E-01
  9.77500000E+01  6.11928102E-01
  9.77500000E+01  4.90694242E-01
  9.77500000E+01  4.07967706E-01
  9.77500000E+01  2.86733846E-01
  9.77500000E+01  2.04007310E-01

hb:   line clip z  
frame:
  9.5000006E+01 -9.9999536E+00
  1.0000001E+02 -9.9999536E+00
  1.0000001E+02  1.0000046E+01
  9.5000006E+01  1.0000046E+01
clip:
  9.49019670E+01  9.50000000E+00
  1.00098045E+02  9.50000000E+00
  1.00098045E+02  9.58618553E+00
  1.00098045E+02  9.79014592E+00
  1.00098045E+02  9.99410632E+00
  1.00098045E+02  1.01980667E+01
  9.99941238E+01  1.01980667E+01
  9.98902023E+01  1.01980667E+01
  9.97862807E+01  1.01980667E+01
  9.96823591E+01  1.01980667E+01
  9.95784375E+01  1.01980667E+01
  9.94745160E+01  1.01980667E+01
  9.93705944E+01  1.01980667E+01
  9.92666728E+01  1.01980667E+01
  9.91627513E+01  1.01980667E+01
  9.90588297E+01  1.01980667E+01
  9.89549081E+01  1.01980667E+01
  9.88509866E+01  1.01980667E+01
  9.87470650E+01  1.01980667E+01
  9.86431434E+01  1.01980667E+01
  9.85392219E+01  1.01980667E+01
  9.84353003E+01  1.01980667E+01
  9.83313787E+01  1.01980667E+01
  9.82274572E+01  1.01980667E+01
  9.81235356E+01  1.01980667E+01
  9.80196140E+01  1.01980667E+01
  9.79156924E+01  1.01980667E+01
  9.78117709E+01  1.01980667E+01
  9.77078493E+01  1.01980667E+01
  9.76039277E+01  1.01980667E+01
  9.75000062E+01  1.01980667E+01
  9.73960846E+01  1.01980667E+01
  9.72921630E+01  1.01980667E+01
  9.71882415E+01  1.01980667E+01
  9.70843199E+01  1.01980667E+01
  9.69803983E+01  1.01980667E+01
  9.68764768E+01  1.01980667E+01
  9.67725552E+01  1.01980667E+01
  9.66686336E+01  1.01980667E+01
  9.65647121E+01  1.01980667E+01
  9.64607905E+01  1.01980667E+01
  9.63568689E+01  1.01980667E+01
  9.62529473E+01  1.01980667E+01
  9.61490258E+01  1.01980667E+01
  9.60451042E+01  1.01980667E+01
  9.59411826E+01  1.01980667E+01
  9.58372611E+01  1.01980667E+01
  9.57333395E+01  1.01980667E+01
  9.56294179E+01  1.01980667E+01
  9.55254964E+01  1.01980667E+01
  9.54215748E+01  1.01980667E+01
  9.53176532E+01  1.01980667E+01
  9.52137317E+01  1.01980667E+01
  9.51098101E+01  1.01980667E+01
  9.50058885E+01  1.01980667E+01
  9.49019670E+01  1.01980667E+01
  9.49019670E+01  9.99410632E+00
  9.49019670E+01  9.79014592E+00
  9.49019670E+01  9.58618553E+00

#------------------------------------------------------------------------------
z: xorg(1.03)
p: xfac[c2*0.05] form[c1/0.05] notc noxt noyt dmin(1)
p: ymin(0) ymax(1) xmin(0) xmax(1) cmin(1) cmax(100) nosp
hc: y= 0.005 to 0.995 by 0.01 ; x= 0.5 to 0.5 by 1 ;
 1  2  3  4  5  6  7  8  9 10 11 12 13 14 15 16 17 18 19 20
21 22 23 24 25 26 27 28 29 30 31 32 33 34 35 36 37 38 39 40
41 42 43 44 45 46 47 48 49 50 51 52 53 54 55 56 57 58 59 60
61 62 63 64 65 66 67 68 69 70 71 72 73 74 75 76 77 78 79 80
81 82 83 84 85 86 87 88 89 90 91 92 93 94 95 96 97 98 99 100
z: xorg(0.0)
p: xfac[c2*0.05] form[c1/0.05] nosp afac[c5*0.625] ymin[c3] ymax[c4]
p: noxt noxn ytxt(-1) ynum(-1) xltd(-1) xstd(-1) itic(1) ylog
y: Relative Error
#------------------------------------------------------------------------------

wt: s[c5]
\vspace{-3}
  emin  &=&   0.0000E+00 [MeV/n]
  emax  &=&   1.0000E+03 [MeV/n]
  ymin  &=&  -1.0000E-02 [cm]
  ymax  &=&   9.0000E-02 [cm]
  part. &=& proton  
e:

#------------------------------------------------------------------------------
z: xorg[-1.03/0.05]
p: form[c1] xfac[c2] afac[c5] nosp notf
p: xmin(  95.00000    ) xmax(  100.0000    )
p: ymin( -10.00000    ) ymax(  10.00000    )
 
# Information for Restart Calculation
# This calculation was newly started
# istdev =  2 # 1:Batch variance, 2:History variance
# resc2  = 3.20436999323052807E-01 # Total source weight or Total source weight / maxcas
# resc3  = 2.00000998100000000E+09 # Total history number or Total batch number
# maxcas =       10001 # History / Batch, only used for istdev=1
# bitrseed = 1001001000011111100100111110000001011011100111110000101100101100 # bit data of rseed
