[ T-Track ]
    title = [t-track] in xyz mesh
     mesh =  xyz            # mesh type is xyz scoring mesh
   x-type =    2            # x-mesh is linear given by xmin, xmax and nx
     xmin =  -10.00000      # minimum value of x-mesh points
     xmax =   10.00000      # maximum value of x-mesh points
#    xdel =  0.2000000      # mesh width of x-mesh points
       nx =    100          # number of x-mesh points
#    data = ( x(i), i = 1, nx + 1 )
#          -1.00000E+01 -9.80000E+00 -9.60000E+00 -9.40000E+00 -9.20000E+00
#          -9.00000E+00 -8.80000E+00 -8.60000E+00 -8.40000E+00 -8.20000E+00
#          -8.00000E+00 -7.80000E+00 -7.60000E+00 -7.40000E+00 -7.20000E+00
#          -7.00000E+00 -6.80000E+00 -6.60000E+00 -6.40000E+00 -6.20000E+00
#          -6.00000E+00 -5.80000E+00 -5.60000E+00 -5.40000E+00 -5.20000E+00
#          -5.00000E+00 -4.80000E+00 -4.60000E+00 -4.40000E+00 -4.20000E+00
#          -4.00000E+00 -3.80000E+00 -3.60000E+00 -3.40000E+00 -3.20000E+00
#          -3.00000E+00 -2.80000E+00 -2.60000E+00 -2.40000E+00 -2.20000E+00
#          -2.00000E+00 -1.80000E+00 -1.60000E+00 -1.40000E+00 -1.20000E+00
#          -1.00000E+00 -8.00000E-01 -6.00000E-01 -4.00000E-01 -2.00000E-01
#           0.00000E+00  2.00000E-01  4.00000E-01  6.00000E-01  8.00000E-01
#           1.00000E+00  1.20000E+00  1.40000E+00  1.60000E+00  1.80000E+00
#           2.00000E+00  2.20000E+00  2.40000E+00  2.60000E+00  2.80000E+00
#           3.00000E+00  3.20000E+00  3.40000E+00  3.60000E+00  3.80000E+00
#           4.00000E+00  4.20000E+00  4.40000E+00  4.60000E+00  4.80000E+00
#           5.00000E+00  5.20000E+00  5.40000E+00  5.60000E+00  5.80000E+00
#           6.00000E+00  6.20000E+00  6.40000E+00  6.60000E+00  6.80000E+00
#           7.00000E+00  7.20000E+00  7.40000E+00  7.60000E+00  7.80000E+00
#           8.00000E+00  8.20000E+00  8.40000E+00  8.60000E+00  8.80000E+00
#           9.00000E+00  9.20000E+00  9.40000E+00  9.60000E+00  9.80000E+00
#           1.00000E+01
   y-type =    4            # y-mesh is linear given by ymin, ymax and ydel
     ymin = -1.0000000E-02  # minimum value of y-mesh points
     ymax =  1.0000000E-02  # maximum value of y-mesh points
     ydel =  0.1000000      # mesh width of y-mesh points
#      ny =    1            # number of y-mesh points
#    data = ( y(i), i = 1, ny + 1 )
#          -1.00000E-02  9.00000E-02
   z-type =    4            # z-mesh is linear given by zmin, zmax and zdel
     zmin =   95.00000      # minimum value of z-mesh points
     zmax =   100.0000      # maximum value of z-mesh points
     zdel =  0.1000000      # mesh width of z-mesh points
#      nz =   50            # number of z-mesh points
#    data = ( z(i), i = 1, nz + 1 )
#           9.50000E+01  9.51000E+01  9.52000E+01  9.53000E+01  9.54000E+01
#           9.55000E+01  9.56000E+01  9.57000E+01  9.58000E+01  9.59000E+01
#           9.60000E+01  9.61000E+01  9.62000E+01  9.63000E+01  9.64000E+01
#           9.65000E+01  9.66000E+01  9.67000E+01  9.68000E+01  9.69000E+01
#           9.70000E+01  9.71000E+01  9.72000E+01  9.73000E+01  9.74000E+01
#           9.75000E+01  9.76000E+01  9.77000E+01  9.78000E+01  9.79000E+01
#           9.80000E+01  9.81000E+01  9.82000E+01  9.83000E+01  9.84000E+01
#           9.85000E+01  9.86000E+01  9.87000E+01  9.88000E+01  9.89000E+01
#           9.90000E+01  9.91000E+01  9.92000E+01  9.93000E+01  9.94000E+01
#           9.95000E+01  9.96000E+01  9.97000E+01  9.98000E+01  9.99000E+01
#           1.00000E+02
   e-type =    1            # e-mesh is given by the below data
       ne =      1          # number of e-mesh points
#    data = ( e(i), i = 1, ne + 1 )
            0.00000E+00  1.00000E+03
     unit =    1            # unit is [1/cm^2/source]
 material =  all            # (D=all) number of specific material
  2D-type =    3            # 1:Cont, 2:Clust, 3:Color, 4:xyz, 5:mat, 6:Clust+Cont, 7:Col+Cont
     axis =      xz            # axis of output
     file = ./out/detectores-2.out  # file name of output for the above axis
     part =  proton   
# kf/name :  2212     
    gshow =    1            # 0: no 1:bnd, 2:bnd+mat, 3:bnd+reg 4:bnd+lat 5:bmp style
    resol =    1            # (D=1) resolution of gshow or rshow
    width = 0.5000000       # (D=0.5) width of lines for gshow or rshow
   epsout =    1            # (D=0) generate eps file by ANGEL
#    used :        main (  %)        temp (  %)       total (  %)
#  memory :         160 (  0)           0 (  0)         160 (  0)

#------------------------------------------------------------------------------
#newpage:
#   no. =  1   ie  =  1   iy  =  1   part. = proton  
#   e = (   0.0000E+00  -   1.0000E+03  )
#   y = (  -1.0000E-02  -   9.0000E-02  )

'no. =  1,  ie =  1,  iy =  1'
msuc: {\huge [t-track] in xyz mesh}
msdr: {\it plotted by \ANGEL \version}
msdl: {\it calculated by \PHITS  3.36}

x: z [cm]
y: x [cm]
set: c1[ 4.000] c2[ 0.450] c5[ 0.800] c6[ 0.566] c7[ 2.000] c8[ 0.000]
p: h2fs form[c1] xfac[c2] afac[c5] scal[c6] xorg[c7] yorg[c8] nosp
set: c3[   5.146261E+05] c4[   4.741957E+07]
p: cmin[c3] cmax[c4]
p: dmin(1e-31)
p: zlog
p: xmin(  95.00000    ) xmax(  100.0000    )
p: ymin( -10.00000    ) ymax(  10.00000    )
#  nx = 100   nz =  50
# ( ( data(z,x), z = 1, nz ), x = nx, 1, -1 )

hc:  y =   9.900000     to  -9.900000     by  0.2000000     ; x =   95.05000     to   99.95000     by  0.1000000     ;
  0.000E+00  0.000E+00  0.000E+00  0.000E+00  0.000E+00  0.000E+00  0.000E+00  0.000E+00  0.000E+00  0.000E+00
  0.000E+00  0.000E+00  0.000E+00  0.000E+00  0.000E+00  0.000E+00  0.000E+00  0.000E+00  0.000E+00  0.000E+00
  0.000E+00  0.000E+00  0.000E+00  0.000E+00  0.000E+00  0.000E+00  0.000E+00  0.000E+00  0.000E+00  0.000E+00
  0.000E+00  0.000E+00  0.000E+00  0.000E+00  0.000E+00  0.000E+00  0.000E+00  0.000E+00  0.000E+00  0.000E+00
  0.000E+00  0.000E+00  0.000E+00  0.000E+00  0.000E+00  0.000E+00  0.000E+00  0.000E+00  0.000E+00  0.000E+00
  0.000E+00  0.000E+00  0.000E+00  0.000E+00  0.000E+00  0.000E+00  0.000E+00  0.000E+00  0.000E+00  0.000E+00
  0.000E+00  0.000E+00  0.000E+00  0.000E+00  0.000E+00  0.000E+00  0.000E+00  0.000E+00  0.000E+00  0.000E+00
  0.000E+00  0.000E+00  0.000E+00  0.000E+00  0.000E+00  0.000E+00  0.000E+00  0.000E+00  0.000E+00  0.000E+00
  0.000E+00  0.000E+00  0.000E+00  0.000E+00  0.000E+00  0.000E+00  0.000E+00  0.000E+00  0.000E+00  0.000E+00
  0.000E+00  0.000E+00  0.000E+00  0.000E+00  0.000E+00  0.000E+00  0.000E+00  0.000E+00  0.000E+00  0.000E+00
  5.146E+05  5.152E+05  5.192E+05  5.299E+05  5.396E+05  5.465E+05  5.624E+05  5.678E+05  5.807E+05  5.867E+05
  5.923E+05  6.053E+05  6.120E+05  6.200E+05  6.156E+05  6.132E+05  6.183E+05  6.224E+05  6.276E+05  6.381E+05
  6.427E+05  6.432E+05  6.602E+05  6.633E+05  6.772E+05  6.861E+05  6.851E+05  6.917E+05  6.999E+05  7.012E+05
  7.055E+05  7.086E+05  7.162E+05  7.275E+05  7.384E+05  7.481E+05  7.531E+05  7.499E+05  7.538E+05  7.658E+05
  7.740E+05  7.853E+05  7.963E+05  8.097E+05  8.177E+05  8.312E+05  8.318E+05  8.353E+05  8.397E+05  8.503E+05
  1.171E+06  1.184E+06  1.201E+06  1.213E+06  1.219E+06  1.231E+06  1.238E+06  1.250E+06  1.260E+06  1.271E+06
  1.286E+06  1.299E+06  1.305E+06  1.309E+06  1.322E+06  1.340E+06  1.357E+06  1.368E+06  1.383E+06  1.394E+06
  1.405E+06  1.422E+06  1.436E+06  1.453E+06  1.461E+06  1.472E+06  1.490E+06  1.505E+06  1.522E+06  1.535E+06
  1.552E+06  1.568E+06  1.583E+06  1.598E+06  1.615E+06  1.619E+06  1.634E+06  1.648E+06  1.657E+06  1.669E+06
  1.679E+06  1.689E+06  1.691E+06  1.700E+06  1.703E+06  1.718E+06  1.735E+06  1.747E+06  1.753E+06  1.767E+06
  1.419E+06  1.429E+06  1.434E+06  1.450E+06  1.466E+06  1.483E+06  1.499E+06  1.518E+06  1.529E+06  1.541E+06
  1.556E+06  1.568E+06  1.589E+06  1.609E+06  1.623E+06  1.646E+06  1.654E+06  1.668E+06  1.686E+06  1.704E+06
  1.718E+06  1.727E+06  1.740E+06  1.756E+06  1.767E+06  1.771E+06  1.780E+06  1.785E+06  1.795E+06  1.817E+06
  1.830E+06  1.839E+06  1.858E+06  1.868E+06  1.882E+06  1.897E+06  1.902E+06  1.919E+06  1.932E+06  1.938E+06
  1.946E+06  1.964E+06  1.984E+06  1.992E+06  2.009E+06  2.024E+06  2.035E+06  2.041E+06  2.058E+06  2.071E+06
  1.730E+06  1.750E+06  1.771E+06  1.789E+06  1.807E+06  1.821E+06  1.833E+06  1.839E+06  1.851E+06  1.871E+06
  1.881E+06  1.885E+06  1.900E+06  1.916E+06  1.938E+06  1.941E+06  1.957E+06  1.972E+06  1.976E+06  1.979E+06
  1.985E+06  2.003E+06  2.020E+06  2.038E+06  2.061E+06  2.086E+06  2.095E+06  2.104E+06  2.120E+06  2.128E+06
  2.143E+06  2.160E+06  2.173E+06  2.184E+06  2.197E+06  2.214E+06  2.233E+06  2.246E+06  2.269E+06  2.288E+06
  2.297E+06  2.309E+06  2.318E+06  2.334E+06  2.357E+06  2.362E+06  2.380E+06  2.396E+06  2.401E+06  2.410E+06
  2.066E+06  2.074E+06  2.073E+06  2.081E+06  2.089E+06  2.104E+06  2.124E+06  2.153E+06  2.179E+06  2.194E+06
  2.208E+06  2.223E+06  2.232E+06  2.248E+06  2.256E+06  2.271E+06  2.282E+06  2.294E+06  2.315E+06  2.343E+06
  2.364E+06  2.380E+06  2.385E+06  2.390E+06  2.403E+06  2.424E+06  2.446E+06  2.467E+06  2.477E+06  2.493E+06
  2.508E+06  2.520E+06  2.522E+06  2.533E+06  2.552E+06  2.571E+06  2.589E+06  2.608E+06  2.628E+06  2.653E+06
  2.672E+06  2.686E+06  2.694E+06  2.704E+06  2.708E+06  2.731E+06  2.752E+06  2.764E+06  2.784E+06  2.811E+06
  2.421E+06  2.433E+06  2.465E+06  2.483E+06  2.501E+06  2.514E+06  2.522E+06  2.527E+06  2.539E+06  2.558E+06
  2.578E+06  2.592E+06  2.613E+06  2.626E+06  2.644E+06  2.653E+06  2.663E+06  2.683E+06  2.698E+06  2.717E+06
  2.735E+06  2.743E+06  2.773E+06  2.797E+06  2.807E+06  2.811E+06  2.829E+06  2.845E+06  2.866E+06  2.886E+06
  2.912E+06  2.944E+06  2.973E+06  3.001E+06  3.021E+06  3.044E+06  3.054E+06  3.065E+06  3.065E+06  3.082E+06
  3.099E+06  3.111E+06  3.142E+06  3.164E+06  3.177E+06  3.187E+06  3.197E+06  3.222E+06  3.241E+06  3.261E+06
  2.835E+06  2.858E+06  2.864E+06  2.873E+06  2.892E+06  2.919E+06  2.938E+06  2.959E+06  2.986E+06  3.003E+06
  3.025E+06  3.050E+06  3.061E+06  3.077E+06  3.096E+06  3.122E+06  3.149E+06  3.162E+06  3.183E+06  3.194E+06
  3.214E+06  3.239E+06  3.239E+06  3.261E+06  3.291E+06  3.312E+06  3.330E+06  3.360E+06  3.386E+06  3.408E+06
  3.427E+06  3.444E+06  3.463E+06  3.498E+06  3.517E+06  3.529E+06  3.543E+06  3.560E+06  3.587E+06  3.602E+06
  3.620E+06  3.648E+06  3.659E+06  3.665E+06  3.687E+06  3.708E+06  3.736E+06  3.762E+06  3.778E+06  3.783E+06
  3.346E+06  3.375E+06  3.399E+06  3.423E+06  3.438E+06  3.453E+06  3.489E+06  3.519E+06  3.534E+06  3.557E+06
  3.581E+06  3.598E+06  3.626E+06  3.652E+06  3.660E+06  3.671E+06  3.690E+06  3.709E+06  3.737E+06  3.763E+06
  3.794E+06  3.815E+06  3.845E+06  3.859E+06  3.870E+06  3.892E+06  3.920E+06  3.938E+06  3.954E+06  3.962E+06
  3.977E+06  4.000E+06  4.020E+06  4.030E+06  4.053E+06  4.070E+06  4.084E+06  4.105E+06  4.128E+06  4.144E+06
  4.167E+06  4.181E+06  4.205E+06  4.224E+06  4.247E+06  4.286E+06  4.306E+06  4.317E+06  4.342E+06  4.356E+06
  3.931E+06  3.957E+06  3.993E+06  4.027E+06  4.049E+06  4.088E+06  4.098E+06  4.107E+06  4.129E+06  4.150E+06
  4.162E+06  4.177E+06  4.202E+06  4.231E+06  4.264E+06  4.278E+06  4.304E+06  4.325E+06  4.340E+06  4.360E+06
  4.376E+06  4.392E+06  4.412E+06  4.438E+06  4.462E+06  4.484E+06  4.508E+06  4.530E+06  4.548E+06  4.572E+06
  4.598E+06  4.623E+06  4.646E+06  4.670E+06  4.689E+06  4.714E+06  4.751E+06  4.779E+06  4.793E+06  4.814E+06
  4.839E+06  4.862E+06  4.882E+06  4.912E+06  4.929E+06  4.930E+06  4.951E+06  4.985E+06  5.005E+06  5.030E+06
  4.617E+06  4.644E+06  4.649E+06  4.663E+06  4.694E+06  4.703E+06  4.729E+06  4.756E+06  4.781E+06  4.796E+06
  4.826E+06  4.864E+06  4.885E+06  4.914E+06  4.945E+06  4.977E+06  5.013E+06  5.040E+06  5.072E+06  5.097E+06
  5.136E+06  5.170E+06  5.205E+06  5.223E+06  5.248E+06  5.264E+06  5.279E+06  5.294E+06  5.316E+06  5.341E+06
  5.361E+06  5.378E+06  5.392E+06  5.416E+06  5.450E+06  5.462E+06  5.482E+06  5.503E+06  5.522E+06  5.546E+06
  5.565E+06  5.587E+06  5.613E+06  5.624E+06  5.650E+06  5.687E+06  5.707E+06  5.724E+06  5.734E+06  5.750E+06
  5.421E+06  5.454E+06  5.490E+06  5.525E+06  5.553E+06  5.577E+06  5.604E+06  5.620E+06  5.634E+06  5.655E+06
  5.677E+06  5.695E+06  5.720E+06  5.740E+06  5.757E+06  5.778E+06  5.798E+06  5.832E+06  5.845E+06  5.860E+06
  5.863E+06  5.882E+06  5.906E+06  5.938E+06  5.967E+06  5.999E+06  6.020E+06  6.039E+06  6.058E+06  6.076E+06
  6.098E+06  6.116E+06  6.145E+06  6.162E+06  6.176E+06  6.194E+06  6.203E+06  6.208E+06  6.242E+06  6.264E+06
  6.285E+06  6.312E+06  6.352E+06  6.377E+06  6.383E+06  6.399E+06  6.423E+06  6.450E+06  6.474E+06  6.496E+06
  6.194E+06  6.206E+06  6.237E+06  6.264E+06  6.292E+06  6.319E+06  6.358E+06  6.390E+06  6.422E+06  6.460E+06
  6.499E+06  6.514E+06  6.525E+06  6.548E+06  6.577E+06  6.606E+06  6.632E+06  6.628E+06  6.654E+06  6.676E+06
  6.699E+06  6.735E+06  6.758E+06  6.763E+06  6.783E+06  6.811E+06  6.844E+06  6.877E+06  6.895E+06  6.908E+06
  6.927E+06  6.956E+06  6.980E+06  7.007E+06  7.032E+06  7.049E+06  7.084E+06  7.118E+06  7.135E+06  7.147E+06
  7.171E+06  7.205E+06  7.229E+06  7.256E+06  7.289E+06  7.315E+06  7.323E+06  7.338E+06  7.351E+06  7.357E+06
  7.171E+06  7.196E+06  7.208E+06  7.225E+06  7.235E+06  7.257E+06  7.263E+06  7.289E+06  7.326E+06  7.350E+06
  7.362E+06  7.401E+06  7.442E+06  7.477E+06  7.506E+06  7.513E+06  7.535E+06  7.561E+06  7.586E+06  7.613E+06
  7.645E+06  7.676E+06  7.699E+06  7.722E+06  7.743E+06  7.761E+06  7.781E+06  7.792E+06  7.821E+06  7.847E+06
  7.881E+06  7.900E+06  7.922E+06  7.945E+06  7.973E+06  8.006E+06  8.019E+06  8.035E+06  8.062E+06  8.109E+06
  8.138E+06  8.138E+06  8.154E+06  8.186E+06  8.201E+06  8.230E+06  8.278E+06  8.319E+06  8.346E+06  8.366E+06
  8.109E+06  8.146E+06  8.192E+06  8.227E+06  8.267E+06  8.291E+06  8.318E+06  8.347E+06  8.364E+06  8.383E+06
  8.420E+06  8.449E+06  8.481E+06  8.491E+06  8.517E+06  8.551E+06  8.569E+06  8.608E+06  8.632E+06  8.671E+06
  8.700E+06  8.710E+06  8.732E+06  8.762E+06  8.810E+06  8.847E+06  8.877E+06  8.895E+06  8.917E+06  8.953E+06
  8.989E+06  9.021E+06  9.051E+06  9.066E+06  9.082E+06  9.111E+06  9.138E+06  9.157E+06  9.189E+06  9.221E+06
  9.252E+06  9.288E+06  9.297E+06  9.308E+06  9.325E+06  9.340E+06  9.355E+06  9.378E+06  9.404E+06  9.430E+06
  9.339E+06  9.376E+06  9.401E+06  9.414E+06  9.437E+06  9.461E+06  9.491E+06  9.511E+06  9.547E+06  9.571E+06
  9.605E+06  9.625E+06  9.643E+06  9.675E+06  9.699E+06  9.737E+06  9.754E+06  9.792E+06  9.820E+06  9.845E+06
  9.858E+06  9.882E+06  9.905E+06  9.937E+06  9.940E+06  9.948E+06  9.968E+06  1.000E+07  1.003E+07  1.005E+07
  1.005E+07  1.009E+07  1.012E+07  1.016E+07  1.019E+07  1.022E+07  1.027E+07  1.031E+07  1.032E+07  1.035E+07
  1.038E+07  1.037E+07  1.040E+07  1.042E+07  1.045E+07  1.050E+07  1.054E+07  1.055E+07  1.059E+07  1.062E+07
  1.061E+07  1.063E+07  1.064E+07  1.066E+07  1.070E+07  1.071E+07  1.075E+07  1.077E+07  1.079E+07  1.083E+07
  1.084E+07  1.088E+07  1.091E+07  1.094E+07  1.097E+07  1.099E+07  1.104E+07  1.106E+07  1.109E+07  1.110E+07
  1.112E+07  1.115E+07  1.118E+07  1.121E+07  1.125E+07  1.128E+07  1.131E+07  1.135E+07  1.138E+07  1.142E+07
  1.146E+07  1.150E+07  1.153E+07  1.157E+07  1.160E+07  1.163E+07  1.165E+07  1.166E+07  1.169E+07  1.170E+07
  1.172E+07  1.174E+07  1.176E+07  1.178E+07  1.181E+07  1.181E+07  1.182E+07  1.185E+07  1.187E+07  1.189E+07
  1.203E+07  1.205E+07  1.207E+07  1.210E+07  1.212E+07  1.216E+07  1.220E+07  1.224E+07  1.228E+07  1.230E+07
  1.234E+07  1.237E+07  1.239E+07  1.241E+07  1.243E+07  1.246E+07  1.249E+07  1.251E+07  1.254E+07  1.257E+07
  1.261E+07  1.264E+07  1.266E+07  1.267E+07  1.269E+07  1.273E+07  1.276E+07  1.276E+07  1.276E+07  1.276E+07
  1.279E+07  1.280E+07  1.281E+07  1.281E+07  1.283E+07  1.287E+07  1.289E+07  1.291E+07  1.293E+07  1.295E+07
  1.298E+07  1.300E+07  1.304E+07  1.307E+07  1.309E+07  1.312E+07  1.312E+07  1.314E+07  1.317E+07  1.319E+07
  1.350E+07  1.354E+07  1.360E+07  1.363E+07  1.364E+07  1.368E+07  1.371E+07  1.373E+07  1.376E+07  1.378E+07
  1.380E+07  1.381E+07  1.384E+07  1.387E+07  1.391E+07  1.394E+07  1.393E+07  1.396E+07  1.400E+07  1.402E+07
  1.403E+07  1.405E+07  1.408E+07  1.410E+07  1.413E+07  1.415E+07  1.418E+07  1.420E+07  1.424E+07  1.428E+07
  1.429E+07  1.430E+07  1.430E+07  1.431E+07  1.434E+07  1.436E+07  1.438E+07  1.440E+07  1.442E+07  1.446E+07
  1.447E+07  1.451E+07  1.453E+07  1.454E+07  1.456E+07  1.456E+07  1.458E+07  1.461E+07  1.462E+07  1.466E+07
  1.519E+07  1.520E+07  1.523E+07  1.526E+07  1.531E+07  1.535E+07  1.537E+07  1.540E+07  1.544E+07  1.547E+07
  1.549E+07  1.552E+07  1.554E+07  1.554E+07  1.556E+07  1.560E+07  1.562E+07  1.565E+07  1.566E+07  1.568E+07
  1.571E+07  1.573E+07  1.574E+07  1.577E+07  1.577E+07  1.578E+07  1.581E+07  1.582E+07  1.583E+07  1.584E+07
  1.589E+07  1.592E+07  1.595E+07  1.597E+07  1.598E+07  1.600E+07  1.602E+07  1.602E+07  1.604E+07  1.605E+07
  1.608E+07  1.609E+07  1.609E+07  1.609E+07  1.610E+07  1.614E+07  1.616E+07  1.616E+07  1.616E+07  1.617E+07
  1.703E+07  1.706E+07  1.709E+07  1.711E+07  1.712E+07  1.713E+07  1.715E+07  1.718E+07  1.720E+07  1.722E+07
  1.724E+07  1.724E+07  1.727E+07  1.731E+07  1.735E+07  1.736E+07  1.736E+07  1.735E+07  1.735E+07  1.736E+07
  1.738E+07  1.742E+07  1.745E+07  1.748E+07  1.751E+07  1.755E+07  1.758E+07  1.761E+07  1.762E+07  1.762E+07
  1.761E+07  1.761E+07  1.761E+07  1.761E+07  1.762E+07  1.762E+07  1.763E+07  1.764E+07  1.765E+07  1.767E+07
  1.769E+07  1.771E+07  1.773E+07  1.776E+07  1.778E+07  1.779E+07  1.778E+07  1.778E+07  1.780E+07  1.780E+07
  1.888E+07  1.890E+07  1.891E+07  1.893E+07  1.893E+07  1.895E+07  1.898E+07  1.900E+07  1.901E+07  1.902E+07
  1.904E+07  1.907E+07  1.905E+07  1.906E+07  1.908E+07  1.912E+07  1.914E+07  1.918E+07  1.921E+07  1.920E+07
  1.920E+07  1.919E+07  1.921E+07  1.921E+07  1.922E+07  1.923E+07  1.921E+07  1.920E+07  1.923E+07  1.926E+07
  1.927E+07  1.929E+07  1.930E+07  1.931E+07  1.932E+07  1.932E+07  1.933E+07  1.934E+07  1.934E+07  1.935E+07
  1.934E+07  1.931E+07  1.933E+07  1.936E+07  1.936E+07  1.938E+07  1.939E+07  1.942E+07  1.944E+07  1.946E+07
  2.077E+07  2.078E+07  2.079E+07  2.080E+07  2.082E+07  2.083E+07  2.083E+07  2.085E+07  2.088E+07  2.088E+07
  2.089E+07  2.089E+07  2.090E+07  2.091E+07  2.092E+07  2.092E+07  2.094E+07  2.094E+07  2.094E+07  2.096E+07
  2.099E+07  2.100E+07  2.100E+07  2.100E+07  2.100E+07  2.100E+07  2.104E+07  2.106E+07  2.106E+07  2.106E+07
  2.106E+07  2.106E+07  2.108E+07  2.111E+07  2.109E+07  2.109E+07  2.111E+07  2.111E+07  2.113E+07  2.115E+07
  2.117E+07  2.119E+07  2.119E+07  2.118E+07  2.114E+07  2.113E+07  2.115E+07  2.115E+07  2.115E+07  2.114E+07
  2.284E+07  2.285E+07  2.286E+07  2.286E+07  2.287E+07  2.290E+07  2.291E+07  2.291E+07  2.288E+07  2.285E+07
  2.286E+07  2.285E+07  2.285E+07  2.285E+07  2.285E+07  2.286E+07  2.284E+07  2.284E+07  2.285E+07  2.286E+07
  2.287E+07  2.287E+07  2.288E+07  2.289E+07  2.291E+07  2.293E+07  2.293E+07  2.294E+07  2.294E+07  2.296E+07
  2.296E+07  2.297E+07  2.298E+07  2.298E+07  2.300E+07  2.300E+07  2.300E+07  2.301E+07  2.301E+07  2.301E+07
  2.301E+07  2.302E+07  2.301E+07  2.300E+07  2.303E+07  2.305E+07  2.303E+07  2.301E+07  2.302E+07  2.302E+07
  2.496E+07  2.492E+07  2.491E+07  2.493E+07  2.494E+07  2.495E+07  2.494E+07  2.495E+07  2.497E+07  2.500E+07
  2.499E+07  2.501E+07  2.501E+07  2.502E+07  2.504E+07  2.503E+07  2.504E+07  2.504E+07  2.503E+07  2.504E+07
  2.502E+07  2.500E+07  2.501E+07  2.501E+07  2.500E+07  2.499E+07  2.499E+07  2.498E+07  2.499E+07  2.498E+07
  2.497E+07  2.496E+07  2.494E+07  2.492E+07  2.490E+07  2.491E+07  2.492E+07  2.492E+07  2.489E+07  2.486E+07
  2.485E+07  2.485E+07  2.487E+07  2.486E+07  2.485E+07  2.484E+07  2.485E+07  2.483E+07  2.482E+07  2.483E+07
  2.726E+07  2.729E+07  2.730E+07  2.726E+07  2.721E+07  2.718E+07  2.715E+07  2.714E+07  2.713E+07  2.713E+07
  2.712E+07  2.710E+07  2.709E+07  2.711E+07  2.710E+07  2.708E+07  2.706E+07  2.707E+07  2.708E+07  2.707E+07
  2.706E+07  2.707E+07  2.706E+07  2.706E+07  2.704E+07  2.703E+07  2.701E+07  2.699E+07  2.698E+07  2.696E+07
  2.697E+07  2.697E+07  2.693E+07  2.689E+07  2.687E+07  2.684E+07  2.682E+07  2.678E+07  2.678E+07  2.679E+07
  2.677E+07  2.673E+07  2.670E+07  2.672E+07  2.670E+07  2.669E+07  2.666E+07  2.664E+07  2.662E+07  2.658E+07
  2.945E+07  2.943E+07  2.940E+07  2.937E+07  2.938E+07  2.937E+07  2.937E+07  2.936E+07  2.933E+07  2.932E+07
  2.930E+07  2.929E+07  2.926E+07  2.921E+07  2.919E+07  2.918E+07  2.914E+07  2.912E+07  2.907E+07  2.906E+07
  2.904E+07  2.901E+07  2.897E+07  2.896E+07  2.895E+07  2.894E+07  2.893E+07  2.891E+07  2.890E+07  2.886E+07
  2.885E+07  2.882E+07  2.880E+07  2.881E+07  2.880E+07  2.879E+07  2.877E+07  2.873E+07  2.870E+07  2.867E+07
  2.867E+07  2.867E+07  2.865E+07  2.864E+07  2.862E+07  2.859E+07  2.857E+07  2.855E+07  2.855E+07  2.853E+07
  3.166E+07  3.164E+07  3.163E+07  3.161E+07  3.157E+07  3.156E+07  3.154E+07  3.152E+07  3.148E+07  3.145E+07
  3.141E+07  3.139E+07  3.139E+07  3.138E+07  3.133E+07  3.130E+07  3.127E+07  3.125E+07  3.124E+07  3.120E+07
  3.116E+07  3.113E+07  3.113E+07  3.111E+07  3.109E+07  3.108E+07  3.104E+07  3.103E+07  3.099E+07  3.094E+07
  3.091E+07  3.089E+07  3.086E+07  3.082E+07  3.076E+07  3.074E+07  3.070E+07  3.067E+07  3.063E+07  3.059E+07
  3.053E+07  3.051E+07  3.046E+07  3.040E+07  3.036E+07  3.033E+07  3.030E+07  3.025E+07  3.019E+07  3.016E+07
  3.382E+07  3.378E+07  3.372E+07  3.369E+07  3.366E+07  3.360E+07  3.354E+07  3.348E+07  3.344E+07  3.340E+07
  3.339E+07  3.337E+07  3.334E+07  3.330E+07  3.327E+07  3.324E+07  3.322E+07  3.323E+07  3.318E+07  3.314E+07
  3.308E+07  3.301E+07  3.297E+07  3.291E+07  3.287E+07  3.283E+07  3.280E+07  3.277E+07  3.274E+07  3.269E+07
  3.265E+07  3.260E+07  3.253E+07  3.246E+07  3.244E+07  3.238E+07  3.232E+07  3.229E+07  3.226E+07  3.222E+07
  3.219E+07  3.213E+07  3.210E+07  3.208E+07  3.207E+07  3.202E+07  3.199E+07  3.194E+07  3.190E+07  3.185E+07
  3.582E+07  3.577E+07  3.575E+07  3.569E+07  3.564E+07  3.560E+07  3.555E+07  3.549E+07  3.543E+07  3.538E+07
  3.530E+07  3.526E+07  3.518E+07  3.513E+07  3.506E+07  3.501E+07  3.496E+07  3.489E+07  3.483E+07  3.478E+07
  3.474E+07  3.472E+07  3.466E+07  3.459E+07  3.452E+07  3.450E+07  3.448E+07  3.443E+07  3.435E+07  3.431E+07
  3.429E+07  3.423E+07  3.421E+07  3.417E+07  3.412E+07  3.408E+07  3.402E+07  3.394E+07  3.388E+07  3.383E+07
  3.376E+07  3.371E+07  3.368E+07  3.364E+07  3.358E+07  3.351E+07  3.348E+07  3.343E+07  3.338E+07  3.334E+07
  3.774E+07  3.768E+07  3.761E+07  3.756E+07  3.748E+07  3.744E+07  3.739E+07  3.732E+07  3.725E+07  3.719E+07
  3.718E+07  3.714E+07  3.709E+07  3.707E+07  3.704E+07  3.700E+07  3.692E+07  3.684E+07  3.677E+07  3.671E+07
  3.665E+07  3.658E+07  3.655E+07  3.652E+07  3.647E+07  3.640E+07  3.633E+07  3.626E+07  3.622E+07  3.617E+07
  3.609E+07  3.603E+07  3.596E+07  3.589E+07  3.583E+07  3.577E+07  3.573E+07  3.572E+07  3.565E+07  3.561E+07
  3.557E+07  3.553E+07  3.548E+07  3.542E+07  3.535E+07  3.531E+07  3.525E+07  3.520E+07  3.515E+07  3.509E+07
  3.976E+07  3.972E+07  3.965E+07  3.957E+07  3.952E+07  3.945E+07  3.942E+07  3.937E+07  3.931E+07  3.924E+07
  3.915E+07  3.908E+07  3.902E+07  3.895E+07  3.890E+07  3.884E+07  3.878E+07  3.872E+07  3.867E+07  3.859E+07
  3.852E+07  3.845E+07  3.837E+07  3.826E+07  3.821E+07  3.815E+07  3.808E+07  3.800E+07  3.792E+07  3.783E+07
  3.775E+07  3.770E+07  3.763E+07  3.756E+07  3.751E+07  3.742E+07  3.733E+07  3.725E+07  3.721E+07  3.713E+07
  3.708E+07  3.701E+07  3.696E+07  3.687E+07  3.680E+07  3.673E+07  3.665E+07  3.662E+07  3.656E+07  3.650E+07
  4.136E+07  4.126E+07  4.118E+07  4.111E+07  4.105E+07  4.098E+07  4.089E+07  4.081E+07  4.071E+07  4.063E+07
  4.058E+07  4.049E+07  4.042E+07  4.032E+07  4.025E+07  4.017E+07  4.010E+07  4.005E+07  4.000E+07  3.993E+07
  3.987E+07  3.980E+07  3.971E+07  3.964E+07  3.955E+07  3.949E+07  3.944E+07  3.939E+07  3.932E+07  3.922E+07
  3.915E+07  3.908E+07  3.899E+07  3.892E+07  3.886E+07  3.882E+07  3.876E+07  3.866E+07  3.859E+07  3.853E+07
  3.846E+07  3.842E+07  3.835E+07  3.829E+07  3.822E+07  3.816E+07  3.813E+07  3.803E+07  3.795E+07  3.789E+07
  4.306E+07  4.299E+07  4.288E+07  4.280E+07  4.272E+07  4.264E+07  4.257E+07  4.247E+07  4.237E+07  4.226E+07
  4.216E+07  4.209E+07  4.199E+07  4.189E+07  4.180E+07  4.172E+07  4.162E+07  4.152E+07  4.140E+07  4.131E+07
  4.123E+07  4.117E+07  4.111E+07  4.103E+07  4.096E+07  4.082E+07  4.070E+07  4.061E+07  4.052E+07  4.046E+07
  4.039E+07  4.032E+07  4.024E+07  4.015E+07  4.010E+07  4.004E+07  3.997E+07  3.989E+07  3.982E+07  3.972E+07
  3.964E+07  3.955E+07  3.946E+07  3.936E+07  3.928E+07  3.920E+07  3.911E+07  3.904E+07  3.896E+07  3.887E+07
  4.424E+07  4.414E+07  4.408E+07  4.399E+07  4.389E+07  4.379E+07  4.369E+07  4.362E+07  4.354E+07  4.345E+07
  4.336E+07  4.324E+07  4.316E+07  4.308E+07  4.299E+07  4.291E+07  4.283E+07  4.273E+07  4.263E+07  4.255E+07
  4.246E+07  4.235E+07  4.227E+07  4.217E+07  4.209E+07  4.204E+07  4.200E+07  4.194E+07  4.186E+07  4.177E+07
  4.169E+07  4.159E+07  4.149E+07  4.140E+07  4.131E+07  4.123E+07  4.115E+07  4.104E+07  4.092E+07  4.083E+07
  4.074E+07  4.063E+07  4.055E+07  4.045E+07  4.034E+07  4.025E+07  4.017E+07  4.008E+07  4.001E+07  3.993E+07
  4.533E+07  4.523E+07  4.513E+07  4.502E+07  4.492E+07  4.482E+07  4.473E+07  4.465E+07  4.455E+07  4.446E+07
  4.436E+07  4.428E+07  4.418E+07  4.411E+07  4.402E+07  4.395E+07  4.386E+07  4.376E+07  4.368E+07  4.357E+07
  4.344E+07  4.334E+07  4.323E+07  4.315E+07  4.303E+07  4.291E+07  4.279E+07  4.271E+07  4.263E+07  4.254E+07
  4.244E+07  4.234E+07  4.224E+07  4.214E+07  4.203E+07  4.191E+07  4.182E+07  4.174E+07  4.167E+07  4.158E+07
  4.149E+07  4.141E+07  4.130E+07  4.122E+07  4.113E+07  4.102E+07  4.091E+07  4.082E+07  4.072E+07  4.063E+07
  4.612E+07  4.603E+07  4.592E+07  4.583E+07  4.573E+07  4.563E+07  4.553E+07  4.541E+07  4.530E+07  4.519E+07
  4.507E+07  4.498E+07  4.489E+07  4.479E+07  4.468E+07  4.455E+07  4.443E+07  4.432E+07  4.422E+07  4.410E+07
  4.402E+07  4.392E+07  4.382E+07  4.371E+07  4.360E+07  4.350E+07  4.340E+07  4.330E+07  4.320E+07  4.311E+07
  4.303E+07  4.294E+07  4.283E+07  4.275E+07  4.265E+07  4.257E+07  4.249E+07  4.240E+07  4.229E+07  4.217E+07
  4.207E+07  4.199E+07  4.190E+07  4.179E+07  4.170E+07  4.158E+07  4.146E+07  4.137E+07  4.128E+07  4.117E+07
  4.685E+07  4.671E+07  4.656E+07  4.645E+07  4.632E+07  4.620E+07  4.609E+07  4.597E+07  4.585E+07  4.575E+07
  4.564E+07  4.552E+07  4.539E+07  4.528E+07  4.519E+07  4.507E+07  4.496E+07  4.485E+07  4.475E+07  4.463E+07
  4.453E+07  4.443E+07  4.432E+07  4.422E+07  4.414E+07  4.403E+07  4.392E+07  4.381E+07  4.369E+07  4.360E+07
  4.350E+07  4.341E+07  4.330E+07  4.319E+07  4.308E+07  4.300E+07  4.292E+07  4.283E+07  4.274E+07  4.264E+07
  4.255E+07  4.244E+07  4.235E+07  4.227E+07  4.218E+07  4.210E+07  4.204E+07  4.197E+07  4.188E+07  4.182E+07
  4.718E+07  4.708E+07  4.697E+07  4.686E+07  4.674E+07  4.664E+07  4.650E+07  4.640E+07  4.629E+07  4.617E+07
  4.607E+07  4.598E+07  4.587E+07  4.575E+07  4.564E+07  4.553E+07  4.543E+07  4.531E+07  4.517E+07  4.506E+07
  4.495E+07  4.485E+07  4.474E+07  4.464E+07  4.452E+07  4.440E+07  4.430E+07  4.420E+07  4.409E+07  4.398E+07
  4.389E+07  4.380E+07  4.372E+07  4.361E+07  4.353E+07  4.345E+07  4.333E+07  4.321E+07  4.308E+07  4.297E+07
  4.287E+07  4.281E+07  4.272E+07  4.262E+07  4.252E+07  4.241E+07  4.231E+07  4.220E+07  4.208E+07  4.199E+07
  4.742E+07  4.727E+07  4.715E+07  4.701E+07  4.690E+07  4.679E+07  4.668E+07  4.656E+07  4.644E+07  4.631E+07
  4.619E+07  4.608E+07  4.595E+07  4.582E+07  4.570E+07  4.560E+07  4.550E+07  4.539E+07  4.528E+07  4.517E+07
  4.507E+07  4.496E+07  4.487E+07  4.475E+07  4.464E+07  4.456E+07  4.446E+07  4.434E+07  4.424E+07  4.413E+07
  4.404E+07  4.394E+07  4.384E+07  4.374E+07  4.363E+07  4.351E+07  4.342E+07  4.333E+07  4.326E+07  4.316E+07
  4.307E+07  4.299E+07  4.288E+07  4.279E+07  4.273E+07  4.264E+07  4.256E+07  4.247E+07  4.238E+07  4.229E+07
  4.726E+07  4.717E+07  4.707E+07  4.697E+07  4.684E+07  4.673E+07  4.661E+07  4.651E+07  4.640E+07  4.629E+07
  4.618E+07  4.607E+07  4.596E+07  4.585E+07  4.573E+07  4.564E+07  4.554E+07  4.544E+07  4.534E+07  4.524E+07
  4.512E+07  4.500E+07  4.489E+07  4.478E+07  4.468E+07  4.457E+07  4.446E+07  4.436E+07  4.424E+07  4.412E+07
  4.401E+07  4.389E+07  4.377E+07  4.367E+07  4.358E+07  4.350E+07  4.340E+07  4.329E+07  4.320E+07  4.311E+07
  4.300E+07  4.291E+07  4.284E+07  4.274E+07  4.263E+07  4.254E+07  4.244E+07  4.235E+07  4.225E+07  4.216E+07
  4.707E+07  4.695E+07  4.683E+07  4.674E+07  4.663E+07  4.654E+07  4.644E+07  4.634E+07  4.622E+07  4.612E+07
  4.604E+07  4.597E+07  4.587E+07  4.575E+07  4.566E+07  4.556E+07  4.545E+07  4.535E+07  4.527E+07  4.517E+07
  4.508E+07  4.498E+07  4.487E+07  4.477E+07  4.466E+07  4.456E+07  4.447E+07  4.436E+07  4.425E+07  4.416E+07
  4.405E+07  4.394E+07  4.383E+07  4.371E+07  4.360E+07  4.348E+07  4.338E+07  4.330E+07  4.321E+07  4.309E+07
  4.300E+07  4.290E+07  4.281E+07  4.271E+07  4.261E+07  4.251E+07  4.241E+07  4.233E+07  4.223E+07  4.213E+07
  4.674E+07  4.664E+07  4.653E+07  4.642E+07  4.630E+07  4.619E+07  4.608E+07  4.597E+07  4.586E+07  4.575E+07
  4.562E+07  4.550E+07  4.541E+07  4.532E+07  4.522E+07  4.513E+07  4.503E+07  4.494E+07  4.484E+07  4.474E+07
  4.464E+07  4.454E+07  4.444E+07  4.435E+07  4.427E+07  4.417E+07  4.408E+07  4.402E+07  4.394E+07  4.385E+07
  4.375E+07  4.364E+07  4.355E+07  4.346E+07  4.336E+07  4.327E+07  4.318E+07  4.308E+07  4.297E+07  4.288E+07
  4.277E+07  4.267E+07  4.259E+07  4.249E+07  4.240E+07  4.232E+07  4.224E+07  4.214E+07  4.206E+07  4.197E+07
  4.656E+07  4.646E+07  4.636E+07  4.628E+07  4.620E+07  4.609E+07  4.598E+07  4.587E+07  4.576E+07  4.566E+07
  4.555E+07  4.546E+07  4.537E+07  4.527E+07  4.517E+07  4.507E+07  4.498E+07  4.491E+07  4.483E+07  4.473E+07
  4.465E+07  4.457E+07  4.449E+07  4.440E+07  4.429E+07  4.418E+07  4.407E+07  4.396E+07  4.386E+07  4.377E+07
  4.363E+07  4.352E+07  4.344E+07  4.334E+07  4.323E+07  4.315E+07  4.305E+07  4.297E+07  4.288E+07  4.279E+07
  4.270E+07  4.261E+07  4.252E+07  4.243E+07  4.235E+07  4.227E+07  4.215E+07  4.205E+07  4.194E+07  4.184E+07
  4.622E+07  4.612E+07  4.600E+07  4.593E+07  4.583E+07  4.571E+07  4.559E+07  4.550E+07  4.543E+07  4.534E+07
  4.525E+07  4.516E+07  4.505E+07  4.494E+07  4.484E+07  4.473E+07  4.462E+07  4.452E+07  4.442E+07  4.431E+07
  4.420E+07  4.410E+07  4.400E+07  4.388E+07  4.378E+07  4.369E+07  4.360E+07  4.351E+07  4.340E+07  4.332E+07
  4.323E+07  4.313E+07  4.302E+07  4.290E+07  4.280E+07  4.269E+07  4.259E+07  4.248E+07  4.239E+07  4.229E+07
  4.219E+07  4.211E+07  4.199E+07  4.187E+07  4.179E+07  4.170E+07  4.161E+07  4.151E+07  4.143E+07  4.134E+07
  4.583E+07  4.575E+07  4.567E+07  4.556E+07  4.545E+07  4.533E+07  4.523E+07  4.514E+07  4.504E+07  4.494E+07
  4.484E+07  4.473E+07  4.464E+07  4.456E+07  4.449E+07  4.439E+07  4.432E+07  4.423E+07  4.413E+07  4.405E+07
  4.395E+07  4.387E+07  4.378E+07  4.370E+07  4.360E+07  4.351E+07  4.345E+07  4.335E+07  4.326E+07  4.318E+07
  4.310E+07  4.299E+07  4.290E+07  4.281E+07  4.272E+07  4.265E+07  4.256E+07  4.247E+07  4.238E+07  4.228E+07
  4.219E+07  4.209E+07  4.201E+07  4.193E+07  4.183E+07  4.174E+07  4.166E+07  4.157E+07  4.150E+07  4.141E+07
  4.554E+07  4.546E+07  4.537E+07  4.528E+07  4.520E+07  4.512E+07  4.503E+07  4.492E+07  4.482E+07  4.473E+07
  4.463E+07  4.453E+07  4.443E+07  4.434E+07  4.426E+07  4.414E+07  4.404E+07  4.393E+07  4.383E+07  4.372E+07
  4.362E+07  4.351E+07  4.341E+07  4.331E+07  4.323E+07  4.313E+07  4.302E+07  4.293E+07  4.284E+07  4.277E+07
  4.268E+07  4.260E+07  4.251E+07  4.242E+07  4.233E+07  4.224E+07  4.213E+07  4.204E+07  4.198E+07  4.190E+07
  4.180E+07  4.168E+07  4.163E+07  4.156E+07  4.149E+07  4.140E+07  4.132E+07  4.123E+07  4.113E+07  4.103E+07
  4.543E+07  4.533E+07  4.522E+07  4.514E+07  4.505E+07  4.497E+07  4.487E+07  4.477E+07  4.468E+07  4.462E+07
  4.454E+07  4.445E+07  4.437E+07  4.429E+07  4.418E+07  4.408E+07  4.398E+07  4.389E+07  4.382E+07  4.373E+07
  4.365E+07  4.356E+07  4.347E+07  4.338E+07  4.329E+07  4.322E+07  4.314E+07  4.305E+07  4.296E+07  4.288E+07
  4.278E+07  4.269E+07  4.263E+07  4.254E+07  4.246E+07  4.237E+07  4.227E+07  4.220E+07  4.212E+07  4.203E+07
  4.192E+07  4.183E+07  4.176E+07  4.168E+07  4.161E+07  4.153E+07  4.145E+07  4.137E+07  4.129E+07  4.120E+07
  4.529E+07  4.520E+07  4.511E+07  4.504E+07  4.495E+07  4.485E+07  4.475E+07  4.468E+07  4.460E+07  4.452E+07
  4.442E+07  4.433E+07  4.424E+07  4.415E+07  4.405E+07  4.395E+07  4.386E+07  4.376E+07  4.366E+07  4.356E+07
  4.347E+07  4.338E+07  4.331E+07  4.320E+07  4.312E+07  4.304E+07  4.299E+07  4.293E+07  4.285E+07  4.277E+07
  4.268E+07  4.262E+07  4.254E+07  4.245E+07  4.236E+07  4.224E+07  4.213E+07  4.203E+07  4.195E+07  4.187E+07
  4.179E+07  4.171E+07  4.161E+07  4.151E+07  4.141E+07  4.130E+07  4.124E+07  4.115E+07  4.109E+07  4.101E+07
  4.522E+07  4.512E+07  4.503E+07  4.495E+07  4.487E+07  4.477E+07  4.468E+07  4.459E+07  4.450E+07  4.440E+07
  4.429E+07  4.417E+07  4.406E+07  4.397E+07  4.386E+07  4.377E+07  4.367E+07  4.356E+07  4.346E+07  4.336E+07
  4.329E+07  4.320E+07  4.311E+07  4.302E+07  4.293E+07  4.284E+07  4.275E+07  4.265E+07  4.256E+07  4.249E+07
  4.239E+07  4.229E+07  4.221E+07  4.214E+07  4.206E+07  4.200E+07  4.191E+07  4.182E+07  4.175E+07  4.167E+07
  4.158E+07  4.150E+07  4.144E+07  4.137E+07  4.130E+07  4.124E+07  4.116E+07  4.107E+07  4.095E+07  4.088E+07
  4.518E+07  4.509E+07  4.500E+07  4.491E+07  4.483E+07  4.477E+07  4.469E+07  4.458E+07  4.448E+07  4.439E+07
  4.428E+07  4.418E+07  4.409E+07  4.401E+07  4.394E+07  4.385E+07  4.376E+07  4.366E+07  4.358E+07  4.351E+07
  4.341E+07  4.332E+07  4.324E+07  4.316E+07  4.308E+07  4.300E+07  4.293E+07  4.285E+07  4.276E+07  4.267E+07
  4.259E+07  4.251E+07  4.244E+07  4.234E+07  4.225E+07  4.215E+07  4.205E+07  4.199E+07  4.191E+07  4.181E+07
  4.172E+07  4.164E+07  4.155E+07  4.147E+07  4.139E+07  4.130E+07  4.122E+07  4.115E+07  4.108E+07  4.100E+07
  4.558E+07  4.549E+07  4.540E+07  4.529E+07  4.518E+07  4.509E+07  4.499E+07  4.492E+07  4.481E+07  4.471E+07
  4.463E+07  4.452E+07  4.443E+07  4.432E+07  4.424E+07  4.415E+07  4.405E+07  4.394E+07  4.383E+07  4.373E+07
  4.366E+07  4.360E+07  4.351E+07  4.342E+07  4.333E+07  4.325E+07  4.316E+07  4.306E+07  4.297E+07  4.287E+07
  4.276E+07  4.266E+07  4.257E+07  4.247E+07  4.235E+07  4.225E+07  4.217E+07  4.207E+07  4.199E+07  4.191E+07
  4.182E+07  4.175E+07  4.168E+07  4.160E+07  4.154E+07  4.148E+07  4.138E+07  4.128E+07  4.119E+07  4.111E+07
  4.608E+07  4.597E+07  4.587E+07  4.577E+07  4.567E+07  4.557E+07  4.547E+07  4.536E+07  4.529E+07  4.520E+07
  4.508E+07  4.498E+07  4.488E+07  4.478E+07  4.469E+07  4.460E+07  4.449E+07  4.439E+07  4.431E+07  4.421E+07
  4.412E+07  4.403E+07  4.395E+07  4.384E+07  4.375E+07  4.364E+07  4.356E+07  4.348E+07  4.340E+07  4.331E+07
  4.322E+07  4.313E+07  4.304E+07  4.294E+07  4.284E+07  4.275E+07  4.265E+07  4.257E+07  4.248E+07  4.238E+07
  4.228E+07  4.219E+07  4.209E+07  4.199E+07  4.190E+07  4.178E+07  4.171E+07  4.164E+07  4.155E+07  4.146E+07
  4.598E+07  4.586E+07  4.579E+07  4.571E+07  4.561E+07  4.551E+07  4.544E+07  4.536E+07  4.527E+07  4.519E+07
  4.509E+07  4.499E+07  4.490E+07  4.479E+07  4.469E+07  4.459E+07  4.450E+07  4.440E+07  4.432E+07  4.422E+07
  4.412E+07  4.400E+07  4.390E+07  4.380E+07  4.373E+07  4.367E+07  4.358E+07  4.348E+07  4.337E+07  4.327E+07
  4.319E+07  4.311E+07  4.302E+07  4.293E+07  4.285E+07  4.277E+07  4.270E+07  4.260E+07  4.251E+07  4.243E+07
  4.233E+07  4.224E+07  4.216E+07  4.208E+07  4.200E+07  4.192E+07  4.183E+07  4.173E+07  4.165E+07  4.155E+07
  4.648E+07  4.637E+07  4.627E+07  4.616E+07  4.606E+07  4.597E+07  4.589E+07  4.579E+07  4.568E+07  4.558E+07
  4.548E+07  4.541E+07  4.529E+07  4.521E+07  4.512E+07  4.501E+07  4.491E+07  4.479E+07  4.468E+07  4.458E+07
  4.447E+07  4.438E+07  4.430E+07  4.422E+07  4.413E+07  4.402E+07  4.392E+07  4.382E+07  4.372E+07  4.361E+07
  4.348E+07  4.337E+07  4.327E+07  4.316E+07  4.307E+07  4.299E+07  4.289E+07  4.282E+07  4.273E+07  4.264E+07
  4.254E+07  4.243E+07  4.235E+07  4.227E+07  4.218E+07  4.209E+07  4.199E+07  4.192E+07  4.183E+07  4.172E+07
  4.690E+07  4.677E+07  4.668E+07  4.656E+07  4.645E+07  4.634E+07  4.622E+07  4.611E+07  4.601E+07  4.587E+07
  4.575E+07  4.565E+07  4.558E+07  4.547E+07  4.536E+07  4.524E+07  4.514E+07  4.505E+07  4.496E+07  4.485E+07
  4.473E+07  4.462E+07  4.451E+07  4.441E+07  4.430E+07  4.418E+07  4.408E+07  4.401E+07  4.394E+07  4.386E+07
  4.376E+07  4.365E+07  4.357E+07  4.348E+07  4.336E+07  4.326E+07  4.317E+07  4.307E+07  4.297E+07  4.288E+07
  4.280E+07  4.271E+07  4.261E+07  4.250E+07  4.240E+07  4.230E+07  4.222E+07  4.212E+07  4.204E+07  4.194E+07
  4.718E+07  4.706E+07  4.692E+07  4.682E+07  4.668E+07  4.657E+07  4.648E+07  4.638E+07  4.625E+07  4.614E+07
  4.602E+07  4.590E+07  4.579E+07  4.570E+07  4.557E+07  4.547E+07  4.538E+07  4.530E+07  4.519E+07  4.511E+07
  4.502E+07  4.492E+07  4.481E+07  4.470E+07  4.460E+07  4.451E+07  4.440E+07  4.429E+07  4.418E+07  4.408E+07
  4.399E+07  4.388E+07  4.377E+07  4.368E+07  4.358E+07  4.349E+07  4.341E+07  4.334E+07  4.324E+07  4.314E+07
  4.302E+07  4.291E+07  4.284E+07  4.278E+07  4.266E+07  4.256E+07  4.245E+07  4.236E+07  4.224E+07  4.215E+07
  4.737E+07  4.726E+07  4.714E+07  4.701E+07  4.690E+07  4.678E+07  4.667E+07  4.658E+07  4.646E+07  4.633E+07
  4.622E+07  4.612E+07  4.601E+07  4.590E+07  4.580E+07  4.569E+07  4.558E+07  4.548E+07  4.538E+07  4.527E+07
  4.518E+07  4.510E+07  4.500E+07  4.489E+07  4.479E+07  4.470E+07  4.458E+07  4.446E+07  4.437E+07  4.425E+07
  4.413E+07  4.401E+07  4.390E+07  4.383E+07  4.375E+07  4.364E+07  4.355E+07  4.344E+07  4.332E+07  4.321E+07
  4.312E+07  4.303E+07  4.292E+07  4.282E+07  4.272E+07  4.262E+07  4.254E+07  4.245E+07  4.236E+07  4.226E+07
  4.730E+07  4.721E+07  4.711E+07  4.701E+07  4.691E+07  4.678E+07  4.667E+07  4.653E+07  4.644E+07  4.636E+07
  4.625E+07  4.615E+07  4.602E+07  4.596E+07  4.585E+07  4.572E+07  4.560E+07  4.549E+07  4.538E+07  4.527E+07
  4.516E+07  4.506E+07  4.495E+07  4.485E+07  4.474E+07  4.462E+07  4.452E+07  4.442E+07  4.431E+07  4.422E+07
  4.413E+07  4.402E+07  4.392E+07  4.381E+07  4.370E+07  4.359E+07  4.349E+07  4.340E+07  4.329E+07  4.320E+07
  4.310E+07  4.298E+07  4.289E+07  4.277E+07  4.267E+07  4.259E+07  4.248E+07  4.239E+07  4.231E+07  4.221E+07
  4.724E+07  4.711E+07  4.701E+07  4.690E+07  4.680E+07  4.670E+07  4.656E+07  4.645E+07  4.635E+07  4.622E+07
  4.610E+07  4.598E+07  4.588E+07  4.577E+07  4.566E+07  4.556E+07  4.548E+07  4.538E+07  4.529E+07  4.516E+07
  4.504E+07  4.493E+07  4.481E+07  4.470E+07  4.461E+07  4.450E+07  4.440E+07  4.430E+07  4.418E+07  4.410E+07
  4.399E+07  4.387E+07  4.377E+07  4.369E+07  4.359E+07  4.348E+07  4.339E+07  4.329E+07  4.318E+07  4.308E+07
  4.299E+07  4.290E+07  4.280E+07  4.270E+07  4.260E+07  4.251E+07  4.242E+07  4.232E+07  4.222E+07  4.212E+07
  4.687E+07  4.677E+07  4.668E+07  4.659E+07  4.647E+07  4.637E+07  4.626E+07  4.615E+07  4.602E+07  4.594E+07
  4.586E+07  4.575E+07  4.566E+07  4.557E+07  4.548E+07  4.537E+07  4.525E+07  4.513E+07  4.502E+07  4.489E+07
  4.482E+07  4.469E+07  4.456E+07  4.442E+07  4.431E+07  4.421E+07  4.412E+07  4.403E+07  4.393E+07  4.384E+07
  4.374E+07  4.363E+07  4.354E+07  4.343E+07  4.334E+07  4.323E+07  4.311E+07  4.299E+07  4.288E+07  4.277E+07
  4.264E+07  4.252E+07  4.243E+07  4.233E+07  4.222E+07  4.210E+07  4.201E+07  4.193E+07  4.186E+07  4.177E+07
  4.619E+07  4.609E+07  4.597E+07  4.584E+07  4.570E+07  4.559E+07  4.552E+07  4.544E+07  4.537E+07  4.524E+07
  4.510E+07  4.500E+07  4.487E+07  4.473E+07  4.461E+07  4.451E+07  4.441E+07  4.432E+07  4.423E+07  4.410E+07
  4.399E+07  4.388E+07  4.381E+07  4.372E+07  4.360E+07  4.347E+07  4.340E+07  4.329E+07  4.320E+07  4.307E+07
  4.295E+07  4.288E+07  4.278E+07  4.266E+07  4.257E+07  4.249E+07  4.240E+07  4.230E+07  4.221E+07  4.214E+07
  4.206E+07  4.196E+07  4.188E+07  4.177E+07  4.169E+07  4.161E+07  4.153E+07  4.144E+07  4.134E+07  4.126E+07
  4.524E+07  4.514E+07  4.504E+07  4.494E+07  4.483E+07  4.474E+07  4.462E+07  4.450E+07  4.441E+07  4.431E+07
  4.424E+07  4.415E+07  4.406E+07  4.398E+07  4.390E+07  4.380E+07  4.372E+07  4.363E+07  4.354E+07  4.345E+07
  4.336E+07  4.324E+07  4.314E+07  4.305E+07  4.297E+07  4.290E+07  4.280E+07  4.271E+07  4.262E+07  4.253E+07
  4.247E+07  4.237E+07  4.230E+07  4.221E+07  4.210E+07  4.199E+07  4.191E+07  4.182E+07  4.171E+07  4.162E+07
  4.151E+07  4.142E+07  4.134E+07  4.124E+07  4.116E+07  4.105E+07  4.095E+07  4.086E+07  4.075E+07  4.066E+07
  4.436E+07  4.425E+07  4.413E+07  4.403E+07  4.394E+07  4.385E+07  4.375E+07  4.366E+07  4.356E+07  4.344E+07
  4.332E+07  4.322E+07  4.310E+07  4.299E+07  4.289E+07  4.282E+07  4.273E+07  4.264E+07  4.256E+07  4.246E+07
  4.235E+07  4.227E+07  4.218E+07  4.213E+07  4.205E+07  4.196E+07  4.186E+07  4.178E+07  4.173E+07  4.163E+07
  4.153E+07  4.145E+07  4.137E+07  4.128E+07  4.120E+07  4.110E+07  4.103E+07  4.094E+07  4.085E+07  4.077E+07
  4.068E+07  4.059E+07  4.053E+07  4.043E+07  4.035E+07  4.028E+07  4.018E+07  4.009E+07  4.001E+07  3.992E+07
  4.302E+07  4.293E+07  4.286E+07  4.280E+07  4.271E+07  4.261E+07  4.249E+07  4.237E+07  4.229E+07  4.222E+07
  4.217E+07  4.211E+07  4.201E+07  4.191E+07  4.183E+07  4.176E+07  4.167E+07  4.158E+07  4.149E+07  4.142E+07
  4.136E+07  4.129E+07  4.121E+07  4.112E+07  4.104E+07  4.093E+07  4.083E+07  4.074E+07  4.066E+07  4.059E+07
  4.049E+07  4.040E+07  4.032E+07  4.023E+07  4.016E+07  4.009E+07  3.999E+07  3.990E+07  3.982E+07  3.972E+07
  3.962E+07  3.954E+07  3.946E+07  3.937E+07  3.929E+07  3.922E+07  3.913E+07  3.907E+07  3.898E+07  3.889E+07
  4.148E+07  4.140E+07  4.130E+07  4.120E+07  4.114E+07  4.107E+07  4.102E+07  4.095E+07  4.090E+07  4.079E+07
  4.067E+07  4.056E+07  4.048E+07  4.040E+07  4.035E+07  4.027E+07  4.019E+07  4.015E+07  4.007E+07  3.996E+07
  3.988E+07  3.980E+07  3.972E+07  3.963E+07  3.956E+07  3.951E+07  3.945E+07  3.940E+07  3.934E+07  3.927E+07
  3.920E+07  3.912E+07  3.904E+07  3.896E+07  3.889E+07  3.881E+07  3.873E+07  3.866E+07  3.860E+07  3.855E+07
  3.850E+07  3.846E+07  3.837E+07  3.830E+07  3.823E+07  3.815E+07  3.808E+07  3.799E+07  3.793E+07  3.784E+07
  3.979E+07  3.975E+07  3.965E+07  3.958E+07  3.950E+07  3.942E+07  3.932E+07  3.925E+07  3.918E+07  3.914E+07
  3.911E+07  3.905E+07  3.898E+07  3.890E+07  3.882E+07  3.876E+07  3.871E+07  3.861E+07  3.855E+07  3.851E+07
  3.847E+07  3.842E+07  3.836E+07  3.830E+07  3.822E+07  3.813E+07  3.806E+07  3.801E+07  3.791E+07  3.784E+07
  3.775E+07  3.768E+07  3.762E+07  3.756E+07  3.749E+07  3.740E+07  3.732E+07  3.726E+07  3.721E+07  3.714E+07
  3.708E+07  3.701E+07  3.695E+07  3.688E+07  3.680E+07  3.674E+07  3.669E+07  3.664E+07  3.656E+07  3.650E+07
  3.793E+07  3.785E+07  3.783E+07  3.774E+07  3.770E+07  3.766E+07  3.763E+07  3.759E+07  3.751E+07  3.742E+07
  3.735E+07  3.725E+07  3.719E+07  3.715E+07  3.709E+07  3.705E+07  3.700E+07  3.698E+07  3.696E+07  3.690E+07
  3.684E+07  3.678E+07  3.674E+07  3.671E+07  3.665E+07  3.659E+07  3.652E+07  3.647E+07  3.643E+07  3.638E+07
  3.633E+07  3.628E+07  3.622E+07  3.613E+07  3.606E+07  3.602E+07  3.598E+07  3.592E+07  3.584E+07  3.576E+07
  3.567E+07  3.559E+07  3.550E+07  3.543E+07  3.537E+07  3.533E+07  3.528E+07  3.521E+07  3.514E+07  3.508E+07
  3.591E+07  3.589E+07  3.584E+07  3.579E+07  3.574E+07  3.567E+07  3.562E+07  3.556E+07  3.550E+07  3.547E+07
  3.541E+07  3.538E+07  3.534E+07  3.528E+07  3.522E+07  3.517E+07  3.511E+07  3.505E+07  3.499E+07  3.493E+07
  3.487E+07  3.481E+07  3.477E+07  3.473E+07  3.471E+07  3.473E+07  3.470E+07  3.466E+07  3.463E+07  3.459E+07
  3.456E+07  3.450E+07  3.443E+07  3.438E+07  3.434E+07  3.428E+07  3.423E+07  3.421E+07  3.414E+07  3.411E+07
  3.406E+07  3.402E+07  3.399E+07  3.397E+07  3.394E+07  3.388E+07  3.381E+07  3.377E+07  3.369E+07  3.365E+07
  3.377E+07  3.371E+07  3.369E+07  3.366E+07  3.362E+07  3.358E+07  3.351E+07  3.347E+07  3.344E+07  3.338E+07
  3.339E+07  3.335E+07  3.332E+07  3.328E+07  3.322E+07  3.318E+07  3.312E+07  3.309E+07  3.304E+07  3.303E+07
  3.298E+07  3.294E+07  3.290E+07  3.288E+07  3.285E+07  3.283E+07  3.279E+07  3.275E+07  3.270E+07  3.268E+07
  3.265E+07  3.262E+07  3.258E+07  3.256E+07  3.253E+07  3.249E+07  3.244E+07  3.240E+07  3.237E+07  3.232E+07
  3.229E+07  3.225E+07  3.220E+07  3.216E+07  3.211E+07  3.205E+07  3.202E+07  3.199E+07  3.196E+07  3.190E+07
  3.161E+07  3.159E+07  3.152E+07  3.149E+07  3.147E+07  3.145E+07  3.143E+07  3.138E+07  3.136E+07  3.135E+07
  3.132E+07  3.129E+07  3.123E+07  3.119E+07  3.117E+07  3.115E+07  3.111E+07  3.108E+07  3.106E+07  3.104E+07
  3.102E+07  3.099E+07  3.098E+07  3.095E+07  3.094E+07  3.090E+07  3.088E+07  3.089E+07  3.088E+07  3.083E+07
  3.079E+07  3.075E+07  3.073E+07  3.068E+07  3.066E+07  3.064E+07  3.063E+07  3.057E+07  3.051E+07  3.048E+07
  3.044E+07  3.041E+07  3.039E+07  3.037E+07  3.033E+07  3.030E+07  3.024E+07  3.021E+07  3.017E+07  3.015E+07
  2.934E+07  2.933E+07  2.934E+07  2.930E+07  2.930E+07  2.929E+07  2.929E+07  2.928E+07  2.926E+07  2.923E+07
  2.921E+07  2.922E+07  2.922E+07  2.922E+07  2.922E+07  2.919E+07  2.917E+07  2.914E+07  2.911E+07  2.909E+07
  2.908E+07  2.905E+07  2.904E+07  2.900E+07  2.896E+07  2.894E+07  2.893E+07  2.891E+07  2.886E+07  2.885E+07
  2.882E+07  2.881E+07  2.882E+07  2.883E+07  2.880E+07  2.875E+07  2.871E+07  2.872E+07  2.873E+07  2.870E+07
  2.865E+07  2.865E+07  2.863E+07  2.860E+07  2.858E+07  2.857E+07  2.854E+07  2.850E+07  2.847E+07  2.844E+07
  2.715E+07  2.715E+07  2.713E+07  2.712E+07  2.712E+07  2.709E+07  2.709E+07  2.707E+07  2.706E+07  2.706E+07
  2.705E+07  2.703E+07  2.702E+07  2.699E+07  2.696E+07  2.698E+07  2.698E+07  2.697E+07  2.694E+07  2.690E+07
  2.690E+07  2.690E+07  2.688E+07  2.686E+07  2.684E+07  2.683E+07  2.681E+07  2.678E+07  2.675E+07  2.673E+07
  2.673E+07  2.674E+07  2.675E+07  2.675E+07  2.673E+07  2.672E+07  2.673E+07  2.673E+07  2.673E+07  2.673E+07
  2.672E+07  2.670E+07  2.672E+07  2.671E+07  2.670E+07  2.667E+07  2.667E+07  2.666E+07  2.665E+07  2.665E+07
  2.499E+07  2.499E+07  2.501E+07  2.502E+07  2.501E+07  2.500E+07  2.498E+07  2.498E+07  2.499E+07  2.498E+07
  2.496E+07  2.494E+07  2.496E+07  2.494E+07  2.496E+07  2.495E+07  2.493E+07  2.494E+07  2.495E+07  2.497E+07
  2.497E+07  2.498E+07  2.499E+07  2.498E+07  2.496E+07  2.495E+07  2.495E+07  2.496E+07  2.494E+07  2.492E+07
  2.491E+07  2.489E+07  2.489E+07  2.486E+07  2.485E+07  2.486E+07  2.484E+07  2.484E+07  2.483E+07  2.484E+07
  2.484E+07  2.484E+07  2.482E+07  2.480E+07  2.481E+07  2.481E+07  2.480E+07  2.477E+07  2.475E+07  2.473E+07
  2.285E+07  2.285E+07  2.285E+07  2.284E+07  2.282E+07  2.283E+07  2.284E+07  2.285E+07  2.284E+07  2.285E+07
  2.286E+07  2.289E+07  2.292E+07  2.294E+07  2.294E+07  2.293E+07  2.293E+07  2.293E+07  2.294E+07  2.292E+07
  2.290E+07  2.287E+07  2.284E+07  2.284E+07  2.287E+07  2.289E+07  2.290E+07  2.289E+07  2.289E+07  2.292E+07
  2.293E+07  2.294E+07  2.293E+07  2.292E+07  2.293E+07  2.293E+07  2.294E+07  2.294E+07  2.294E+07  2.294E+07
  2.292E+07  2.291E+07  2.292E+07  2.294E+07  2.292E+07  2.291E+07  2.292E+07  2.294E+07  2.295E+07  2.294E+07
  2.087E+07  2.087E+07  2.088E+07  2.088E+07  2.089E+07  2.092E+07  2.094E+07  2.096E+07  2.096E+07  2.095E+07
  2.095E+07  2.095E+07  2.094E+07  2.093E+07  2.095E+07  2.096E+07  2.098E+07  2.101E+07  2.100E+07  2.101E+07
  2.103E+07  2.106E+07  2.108E+07  2.107E+07  2.107E+07  2.107E+07  2.108E+07  2.109E+07  2.110E+07  2.109E+07
  2.109E+07  2.109E+07  2.110E+07  2.111E+07  2.113E+07  2.112E+07  2.112E+07  2.112E+07  2.111E+07  2.111E+07
  2.111E+07  2.113E+07  2.113E+07  2.113E+07  2.115E+07  2.115E+07  2.115E+07  2.116E+07  2.118E+07  2.117E+07
  1.890E+07  1.893E+07  1.893E+07  1.893E+07  1.894E+07  1.892E+07  1.893E+07  1.895E+07  1.898E+07  1.900E+07
  1.903E+07  1.906E+07  1.909E+07  1.911E+07  1.912E+07  1.912E+07  1.910E+07  1.909E+07  1.910E+07  1.913E+07
  1.915E+07  1.916E+07  1.918E+07  1.920E+07  1.922E+07  1.924E+07  1.924E+07  1.925E+07  1.926E+07  1.927E+07
  1.929E+07  1.931E+07  1.933E+07  1.933E+07  1.932E+07  1.933E+07  1.935E+07  1.937E+07  1.939E+07  1.940E+07
  1.941E+07  1.942E+07  1.944E+07  1.945E+07  1.947E+07  1.947E+07  1.947E+07  1.947E+07  1.948E+07  1.949E+07
  1.693E+07  1.696E+07  1.699E+07  1.700E+07  1.703E+07  1.706E+07  1.710E+07  1.713E+07  1.713E+07  1.716E+07
  1.719E+07  1.719E+07  1.720E+07  1.721E+07  1.723E+07  1.726E+07  1.730E+07  1.734E+07  1.735E+07  1.736E+07
  1.738E+07  1.741E+07  1.745E+07  1.747E+07  1.746E+07  1.748E+07  1.749E+07  1.749E+07  1.749E+07  1.748E+07
  1.749E+07  1.751E+07  1.754E+07  1.754E+07  1.755E+07  1.756E+07  1.758E+07  1.760E+07  1.761E+07  1.763E+07
  1.764E+07  1.765E+07  1.767E+07  1.768E+07  1.769E+07  1.772E+07  1.772E+07  1.772E+07  1.775E+07  1.775E+07
  1.516E+07  1.519E+07  1.523E+07  1.526E+07  1.529E+07  1.531E+07  1.532E+07  1.534E+07  1.537E+07  1.539E+07
  1.540E+07  1.544E+07  1.546E+07  1.549E+07  1.552E+07  1.555E+07  1.556E+07  1.557E+07  1.560E+07  1.561E+07
  1.562E+07  1.564E+07  1.566E+07  1.567E+07  1.572E+07  1.575E+07  1.575E+07  1.579E+07  1.581E+07  1.582E+07
  1.582E+07  1.584E+07  1.585E+07  1.586E+07  1.589E+07  1.591E+07  1.593E+07  1.594E+07  1.595E+07  1.596E+07
  1.596E+07  1.597E+07  1.598E+07  1.601E+07  1.603E+07  1.606E+07  1.607E+07  1.610E+07  1.612E+07  1.613E+07
  1.350E+07  1.351E+07  1.354E+07  1.358E+07  1.362E+07  1.365E+07  1.367E+07  1.370E+07  1.372E+07  1.375E+07
  1.378E+07  1.379E+07  1.382E+07  1.385E+07  1.387E+07  1.390E+07  1.395E+07  1.400E+07  1.403E+07  1.406E+07
  1.408E+07  1.409E+07  1.412E+07  1.414E+07  1.414E+07  1.416E+07  1.420E+07  1.423E+07  1.426E+07  1.430E+07
  1.432E+07  1.435E+07  1.438E+07  1.441E+07  1.444E+07  1.446E+07  1.447E+07  1.447E+07  1.448E+07  1.449E+07
  1.452E+07  1.455E+07  1.458E+07  1.458E+07  1.460E+07  1.462E+07  1.461E+07  1.460E+07  1.461E+07  1.463E+07
  1.194E+07  1.198E+07  1.201E+07  1.203E+07  1.208E+07  1.210E+07  1.213E+07  1.216E+07  1.218E+07  1.222E+07
  1.225E+07  1.227E+07  1.230E+07  1.231E+07  1.235E+07  1.239E+07  1.241E+07  1.244E+07  1.247E+07  1.249E+07
  1.249E+07  1.253E+07  1.256E+07  1.260E+07  1.265E+07  1.269E+07  1.270E+07  1.272E+07  1.275E+07  1.276E+07
  1.280E+07  1.282E+07  1.284E+07  1.288E+07  1.289E+07  1.292E+07  1.294E+07  1.296E+07  1.298E+07  1.302E+07
  1.305E+07  1.308E+07  1.310E+07  1.313E+07  1.314E+07  1.316E+07  1.319E+07  1.322E+07  1.324E+07  1.324E+07
  1.059E+07  1.062E+07  1.064E+07  1.068E+07  1.069E+07  1.073E+07  1.078E+07  1.082E+07  1.085E+07  1.086E+07
  1.088E+07  1.091E+07  1.094E+07  1.097E+07  1.099E+07  1.099E+07  1.101E+07  1.103E+07  1.106E+07  1.108E+07
  1.112E+07  1.115E+07  1.118E+07  1.123E+07  1.126E+07  1.129E+07  1.132E+07  1.133E+07  1.135E+07  1.137E+07
  1.139E+07  1.142E+07  1.144E+07  1.144E+07  1.148E+07  1.149E+07  1.154E+07  1.158E+07  1.161E+07  1.162E+07
  1.165E+07  1.167E+07  1.168E+07  1.170E+07  1.173E+07  1.173E+07  1.176E+07  1.179E+07  1.183E+07  1.186E+07
  9.324E+06  9.338E+06  9.374E+06  9.405E+06  9.434E+06  9.472E+06  9.491E+06  9.510E+06  9.528E+06  9.533E+06
  9.557E+06  9.587E+06  9.631E+06  9.675E+06  9.722E+06  9.760E+06  9.779E+06  9.789E+06  9.800E+06  9.828E+06
  9.862E+06  9.889E+06  9.912E+06  9.930E+06  9.942E+06  9.972E+06  9.995E+06  1.003E+07  1.007E+07  1.011E+07
  1.015E+07  1.017E+07  1.021E+07  1.024E+07  1.025E+07  1.028E+07  1.030E+07  1.032E+07  1.035E+07  1.038E+07
  1.040E+07  1.044E+07  1.045E+07  1.047E+07  1.050E+07  1.054E+07  1.056E+07  1.058E+07  1.061E+07  1.063E+07
  8.168E+06  8.213E+06  8.249E+06  8.281E+06  8.289E+06  8.302E+06  8.328E+06  8.358E+06  8.388E+06  8.432E+06
  8.445E+06  8.463E+06  8.473E+06  8.502E+06  8.530E+06  8.550E+06  8.579E+06  8.612E+06  8.642E+06  8.671E+06
  8.693E+06  8.703E+06  8.731E+06  8.769E+06  8.803E+06  8.829E+06  8.859E+06  8.875E+06  8.894E+06  8.927E+06
  8.962E+06  9.000E+06  9.017E+06  9.046E+06  9.071E+06  9.101E+06  9.136E+06  9.169E+06  9.194E+06  9.224E+06
  9.242E+06  9.255E+06  9.281E+06  9.309E+06  9.338E+06  9.363E+06  9.373E+06  9.387E+06  9.395E+06  9.411E+06
  7.104E+06  7.134E+06  7.144E+06  7.165E+06  7.190E+06  7.229E+06  7.268E+06  7.304E+06  7.323E+06  7.352E+06
  7.398E+06  7.421E+06  7.442E+06  7.463E+06  7.478E+06  7.504E+06  7.554E+06  7.584E+06  7.610E+06  7.628E+06
  7.644E+06  7.684E+06  7.705E+06  7.727E+06  7.757E+06  7.778E+06  7.802E+06  7.838E+06  7.861E+06  7.897E+06
  7.913E+06  7.930E+06  7.955E+06  7.981E+06  8.008E+06  8.012E+06  8.011E+06  8.031E+06  8.054E+06  8.087E+06
  8.112E+06  8.143E+06  8.172E+06  8.201E+06  8.227E+06  8.240E+06  8.269E+06  8.305E+06  8.347E+06  8.390E+06
  6.148E+06  6.175E+06  6.200E+06  6.226E+06  6.266E+06  6.281E+06  6.296E+06  6.321E+06  6.343E+06  6.372E+06
  6.408E+06  6.420E+06  6.440E+06  6.456E+06  6.481E+06  6.520E+06  6.549E+06  6.575E+06  6.598E+06  6.641E+06
  6.680E+06  6.701E+06  6.734E+06  6.754E+06  6.776E+06  6.808E+06  6.833E+06  6.849E+06  6.877E+06  6.890E+06
  6.911E+06  6.932E+06  6.971E+06  7.005E+06  7.033E+06  7.078E+06  7.106E+06  7.112E+06  7.130E+06  7.168E+06
  7.203E+06  7.230E+06  7.240E+06  7.265E+06  7.276E+06  7.301E+06  7.325E+06  7.359E+06  7.381E+06  7.401E+06
  5.368E+06  5.376E+06  5.403E+06  5.429E+06  5.448E+06  5.474E+06  5.505E+06  5.520E+06  5.558E+06  5.585E+06
  5.605E+06  5.643E+06  5.662E+06  5.681E+06  5.703E+06  5.728E+06  5.741E+06  5.757E+06  5.767E+06  5.775E+06
  5.799E+06  5.819E+06  5.834E+06  5.855E+06  5.889E+06  5.920E+06  5.948E+06  5.981E+06  6.014E+06  6.043E+06
  6.070E+06  6.097E+06  6.110E+06  6.122E+06  6.134E+06  6.150E+06  6.173E+06  6.204E+06  6.238E+06  6.261E+06
  6.285E+06  6.309E+06  6.337E+06  6.352E+06  6.367E+06  6.391E+06  6.411E+06  6.434E+06  6.456E+06  6.480E+06
  4.582E+06  4.613E+06  4.639E+06  4.645E+06  4.657E+06  4.672E+06  4.707E+06  4.740E+06  4.752E+06  4.772E+06
  4.799E+06  4.828E+06  4.859E+06  4.896E+06  4.919E+06  4.946E+06  4.980E+06  5.013E+06  5.050E+06  5.072E+06
  5.091E+06  5.107E+06  5.125E+06  5.144E+06  5.154E+06  5.164E+06  5.184E+06  5.207E+06  5.234E+06  5.257E+06
  5.275E+06  5.292E+06  5.319E+06  5.350E+06  5.371E+06  5.393E+06  5.428E+06  5.448E+06  5.461E+06  5.475E+06
  5.485E+06  5.497E+06  5.512E+06  5.542E+06  5.572E+06  5.599E+06  5.625E+06  5.643E+06  5.676E+06  5.707E+06
  3.918E+06  3.947E+06  3.968E+06  3.988E+06  4.017E+06  4.041E+06  4.051E+06  4.067E+06  4.092E+06  4.114E+06
  4.141E+06  4.160E+06  4.168E+06  4.197E+06  4.225E+06  4.248E+06  4.270E+06  4.285E+06  4.297E+06  4.315E+06
  4.337E+06  4.370E+06  4.398E+06  4.427E+06  4.451E+06  4.482E+06  4.498E+06  4.522E+06  4.554E+06  4.575E+06
  4.594E+06  4.601E+06  4.618E+06  4.655E+06  4.682E+06  4.696E+06  4.710E+06  4.737E+06  4.772E+06  4.793E+06
  4.812E+06  4.822E+06  4.839E+06  4.857E+06  4.882E+06  4.899E+06  4.919E+06  4.931E+06  4.945E+06  4.965E+06
  3.363E+06  3.372E+06  3.392E+06  3.411E+06  3.420E+06  3.436E+06  3.457E+06  3.466E+06  3.489E+06  3.515E+06
  3.537E+06  3.558E+06  3.575E+06  3.586E+06  3.595E+06  3.615E+06  3.637E+06  3.663E+06  3.699E+06  3.731E+06
  3.753E+06  3.766E+06  3.781E+06  3.796E+06  3.823E+06  3.837E+06  3.860E+06  3.869E+06  3.883E+06  3.905E+06
  3.924E+06  3.946E+06  3.960E+06  3.967E+06  3.986E+06  4.004E+06  4.023E+06  4.048E+06  4.057E+06  4.077E+06
  4.112E+06  4.147E+06  4.184E+06  4.205E+06  4.218E+06  4.249E+06  4.276E+06  4.301E+06  4.322E+06  4.338E+06
  2.904E+06  2.912E+06  2.932E+06  2.947E+06  2.964E+06  2.984E+06  3.004E+06  3.022E+06  3.028E+06  3.038E+06
  3.044E+06  3.052E+06  3.071E+06  3.084E+06  3.102E+06  3.120E+06  3.140E+06  3.156E+06  3.167E+06  3.184E+06
  3.212E+06  3.229E+06  3.258E+06  3.269E+06  3.285E+06  3.308E+06  3.326E+06  3.342E+06  3.354E+06  3.378E+06
  3.398E+06  3.417E+06  3.431E+06  3.441E+06  3.457E+06  3.490E+06  3.515E+06  3.545E+06  3.564E+06  3.576E+06
  3.584E+06  3.600E+06  3.610E+06  3.636E+06  3.662E+06  3.681E+06  3.694E+06  3.714E+06  3.725E+06  3.731E+06
  2.423E+06  2.449E+06  2.458E+06  2.480E+06  2.505E+06  2.524E+06  2.545E+06  2.573E+06  2.600E+06  2.621E+06
  2.638E+06  2.669E+06  2.697E+06  2.724E+06  2.739E+06  2.745E+06  2.757E+06  2.765E+06  2.779E+06  2.790E+06
  2.801E+06  2.823E+06  2.839E+06  2.852E+06  2.857E+06  2.865E+06  2.874E+06  2.887E+06  2.895E+06  2.907E+06
  2.913E+06  2.940E+06  2.964E+06  2.982E+06  3.001E+06  3.016E+06  3.038E+06  3.047E+06  3.058E+06  3.082E+06
  3.109E+06  3.139E+06  3.151E+06  3.153E+06  3.164E+06  3.177E+06  3.186E+06  3.211E+06  3.228E+06  3.251E+06
  2.056E+06  2.059E+06  2.079E+06  2.095E+06  2.109E+06  2.125E+06  2.141E+06  2.155E+06  2.168E+06  2.179E+06
  2.196E+06  2.209E+06  2.216E+06  2.231E+06  2.253E+06  2.281E+06  2.296E+06  2.331E+06  2.345E+06  2.363E+06
  2.385E+06  2.407E+06  2.426E+06  2.448E+06  2.473E+06  2.490E+06  2.521E+06  2.543E+06  2.567E+06  2.593E+06
  2.612E+06  2.621E+06  2.621E+06  2.633E+06  2.643E+06  2.651E+06  2.652E+06  2.665E+06  2.680E+06  2.684E+06
  2.692E+06  2.695E+06  2.703E+06  2.714E+06  2.720E+06  2.733E+06  2.757E+06  2.772E+06  2.793E+06  2.798E+06
  1.744E+06  1.762E+06  1.767E+06  1.784E+06  1.803E+06  1.818E+06  1.829E+06  1.837E+06  1.852E+06  1.874E+06
  1.883E+06  1.892E+06  1.901E+06  1.914E+06  1.925E+06  1.937E+06  1.952E+06  1.951E+06  1.970E+06  1.989E+06
  1.998E+06  2.012E+06  2.027E+06  2.037E+06  2.051E+06  2.073E+06  2.083E+06  2.096E+06  2.109E+06  2.118E+06
  2.137E+06  2.156E+06  2.180E+06  2.199E+06  2.216E+06  2.246E+06  2.275E+06  2.297E+06  2.304E+06  2.327E+06
  2.344E+06  2.360E+06  2.390E+06  2.409E+06  2.427E+06  2.440E+06  2.442E+06  2.456E+06  2.469E+06  2.494E+06
  1.456E+06  1.466E+06  1.478E+06  1.489E+06  1.500E+06  1.517E+06  1.533E+06  1.536E+06  1.543E+06  1.553E+06
  1.570E+06  1.586E+06  1.607E+06  1.617E+06  1.634E+06  1.647E+06  1.658E+06  1.679E+06  1.693E+06  1.702E+06
  1.714E+06  1.718E+06  1.733E+06  1.750E+06  1.760E+06  1.774E+06  1.791E+06  1.800E+06  1.810E+06  1.820E+06
  1.829E+06  1.831E+06  1.838E+06  1.845E+06  1.853E+06  1.860E+06  1.870E+06  1.877E+06  1.898E+06  1.915E+06
  1.928E+06  1.956E+06  1.966E+06  1.980E+06  1.999E+06  2.019E+06  2.029E+06  2.047E+06  2.068E+06  2.086E+06
  1.194E+06  1.200E+06  1.210E+06  1.218E+06  1.225E+06  1.237E+06  1.257E+06  1.281E+06  1.298E+06  1.310E+06
  1.318E+06  1.337E+06  1.350E+06  1.358E+06  1.356E+06  1.357E+06  1.375E+06  1.390E+06  1.402E+06  1.411E+06
  1.427E+06  1.438E+06  1.449E+06  1.459E+06  1.475E+06  1.491E+06  1.502E+06  1.517E+06  1.532E+06  1.546E+06
  1.561E+06  1.575E+06  1.593E+06  1.612E+06  1.621E+06  1.630E+06  1.641E+06  1.651E+06  1.655E+06  1.663E+06
  1.676E+06  1.686E+06  1.704E+06  1.716E+06  1.720E+06  1.723E+06  1.735E+06  1.738E+06  1.750E+06  1.760E+06
  5.372E+05  5.521E+05  5.609E+05  5.688E+05  5.741E+05  5.775E+05  5.838E+05  5.840E+05  5.859E+05  5.924E+05
  5.975E+05  5.976E+05  5.982E+05  6.038E+05  6.163E+05  6.212E+05  6.278E+05  6.392E+05  6.408E+05  6.516E+05
  6.575E+05  6.636E+05  6.737E+05  6.843E+05  6.923E+05  6.882E+05  6.942E+05  7.020E+05  7.036E+05  7.128E+05
  7.202E+05  7.257E+05  7.277E+05  7.328E+05  7.464E+05  7.562E+05  7.569E+05  7.589E+05  7.692E+05  7.802E+05
  7.836E+05  7.893E+05  7.908E+05  7.961E+05  8.071E+05  8.141E+05  8.241E+05  8.324E+05  8.409E+05  8.436E+05
  0.000E+00  0.000E+00  0.000E+00  0.000E+00  0.000E+00  0.000E+00  0.000E+00  0.000E+00  0.000E+00  0.000E+00
  0.000E+00  0.000E+00  0.000E+00  0.000E+00  0.000E+00  0.000E+00  0.000E+00  0.000E+00  0.000E+00  0.000E+00
  0.000E+00  0.000E+00  0.000E+00  0.000E+00  0.000E+00  0.000E+00  0.000E+00  0.000E+00  0.000E+00  0.000E+00
  0.000E+00  0.000E+00  0.000E+00  0.000E+00  0.000E+00  0.000E+00  0.000E+00  0.000E+00  0.000E+00  0.000E+00
  0.000E+00  0.000E+00  0.000E+00  0.000E+00  0.000E+00  0.000E+00  0.000E+00  0.000E+00  0.000E+00  0.000E+00
  0.000E+00  0.000E+00  0.000E+00  0.000E+00  0.000E+00  0.000E+00  0.000E+00  0.000E+00  0.000E+00  0.000E+00
  0.000E+00  0.000E+00  0.000E+00  0.000E+00  0.000E+00  0.000E+00  0.000E+00  0.000E+00  0.000E+00  0.000E+00
  0.000E+00  0.000E+00  0.000E+00  0.000E+00  0.000E+00  0.000E+00  0.000E+00  0.000E+00  0.000E+00  0.000E+00
  0.000E+00  0.000E+00  0.000E+00  0.000E+00  0.000E+00  0.000E+00  0.000E+00  0.000E+00  0.000E+00  0.000E+00
  0.000E+00  0.000E+00  0.000E+00  0.000E+00  0.000E+00  0.000E+00  0.000E+00  0.000E+00  0.000E+00  0.000E+00

#------------------------------------------------------------------------------
# gshow
#------------------------------------------------------------------------------

p: legs[c5*0.875]

hb:   line clip z  
frame:
  9.5000006E+01 -9.9999536E+00
  1.0000001E+02 -9.9999536E+00
  1.0000001E+02  1.0000046E+01
  9.5000006E+01  1.0000046E+01
clip:
  9.49019670E+01 -1.01979729E+01
  1.00098045E+02 -1.01979729E+01
  1.00098045E+02 -9.99401249E+00
  1.00098045E+02 -9.79005210E+00
  1.00098045E+02 -9.58609170E+00
  1.00098045E+02 -9.50000000E+00
  1.00054180E+02 -9.50000000E+00
  9.99941238E+01 -9.50000000E+00
  9.99502585E+01 -9.50000000E+00
  9.98902023E+01 -9.50000000E+00
  9.98463369E+01 -9.50000000E+00
  9.97862807E+01 -9.50000000E+00
  9.97424154E+01 -9.50000000E+00
  9.96823591E+01 -9.50000000E+00
  9.96384938E+01 -9.50000000E+00
  9.95784375E+01 -9.50000000E+00
  9.95345722E+01 -9.50000000E+00
  9.94745160E+01 -9.50000000E+00
  9.94306507E+01 -9.50000000E+00
  9.93705944E+01 -9.50000000E+00
  9.93267291E+01 -9.50000000E+00
  9.92666728E+01 -9.50000000E+00
  9.92228075E+01 -9.50000000E+00
  9.91627513E+01 -9.50000000E+00
  9.91188860E+01 -9.50000000E+00
  9.90588297E+01 -9.50000000E+00
  9.90149644E+01 -9.50000000E+00
  9.89549081E+01 -9.50000000E+00
  9.89110428E+01 -9.50000000E+00
  9.88509866E+01 -9.50000000E+00
  9.88071213E+01 -9.50000000E+00
  9.87470650E+01 -9.50000000E+00
  9.87031997E+01 -9.50000000E+00
  9.86431434E+01 -9.50000000E+00
  9.85992781E+01 -9.50000000E+00
  9.85392219E+01 -9.50000000E+00
  9.84953566E+01 -9.50000000E+00
  9.84353003E+01 -9.50000000E+00
  9.83914350E+01 -9.50000000E+00
  9.83313787E+01 -9.50000000E+00
  9.82875134E+01 -9.50000000E+00
  9.82274572E+01 -9.50000000E+00
  9.81835919E+01 -9.50000000E+00
  9.81235356E+01 -9.50000000E+00
  9.80796703E+01 -9.50000000E+00
  9.80196140E+01 -9.50000000E+00
  9.79757487E+01 -9.50000000E+00
  9.79156924E+01 -9.50000000E+00
  9.78718271E+01 -9.50000000E+00
  9.78117709E+01 -9.50000000E+00
  9.77679056E+01 -9.50000000E+00
  9.77078493E+01 -9.50000000E+00
  9.76639840E+01 -9.50000000E+00
  9.76039277E+01 -9.50000000E+00
  9.75600624E+01 -9.50000000E+00
  9.75000062E+01 -9.50000000E+00
  9.74561409E+01 -9.50000000E+00
  9.73960846E+01 -9.50000000E+00
  9.73522193E+01 -9.50000000E+00
  9.72921630E+01 -9.50000000E+00
  9.72482977E+01 -9.50000000E+00
  9.71882415E+01 -9.50000000E+00
  9.71443762E+01 -9.50000000E+00
  9.70843199E+01 -9.50000000E+00
  9.70404546E+01 -9.50000000E+00
  9.69803983E+01 -9.50000000E+00
  9.69365330E+01 -9.50000000E+00
  9.68764768E+01 -9.50000000E+00
  9.68326115E+01 -9.50000000E+00
  9.67725552E+01 -9.50000000E+00
  9.67286899E+01 -9.50000000E+00
  9.66686336E+01 -9.50000000E+00
  9.66247683E+01 -9.50000000E+00
  9.65647121E+01 -9.50000000E+00
  9.65208468E+01 -9.50000000E+00
  9.64607905E+01 -9.50000000E+00
  9.64169252E+01 -9.50000000E+00
  9.63568689E+01 -9.50000000E+00
  9.63130036E+01 -9.50000000E+00
  9.62529473E+01 -9.50000000E+00
  9.62090820E+01 -9.50000000E+00
  9.61490258E+01 -9.50000000E+00
  9.61051605E+01 -9.50000000E+00
  9.60451042E+01 -9.50000000E+00
  9.60012389E+01 -9.50000000E+00
  9.59411826E+01 -9.50000000E+00
  9.58973173E+01 -9.50000000E+00
  9.58372611E+01 -9.50000000E+00
  9.57933958E+01 -9.50000000E+00
  9.57333395E+01 -9.50000000E+00
  9.56894742E+01 -9.50000000E+00
  9.56294179E+01 -9.50000000E+00
  9.55855526E+01 -9.50000000E+00
  9.55254964E+01 -9.50000000E+00
  9.54816311E+01 -9.50000000E+00
  9.54215748E+01 -9.50000000E+00
  9.53777095E+01 -9.50000000E+00
  9.53176532E+01 -9.50000000E+00
  9.52737879E+01 -9.50000000E+00
  9.52137317E+01 -9.50000000E+00
  9.51698664E+01 -9.50000000E+00
  9.51098101E+01 -9.50000000E+00
  9.50659448E+01 -9.50000000E+00
  9.50058885E+01 -9.50000000E+00
  9.49620232E+01 -9.50000000E+00
  9.49019670E+01 -9.50000000E+00
  9.49019670E+01 -9.58609170E+00
  9.49019670E+01 -9.79005210E+00
  9.49019670E+01 -9.99401249E+00
  9.49019670E+01 -1.01979729E+01

hb:   line clip z  
frame:
  9.5000006E+01 -9.9999536E+00
  1.0000001E+02 -9.9999536E+00
  1.0000001E+02  1.0000046E+01
  9.5000006E+01  1.0000046E+01
clip:
  9.49019670E+01 -9.50000000E+00
  1.00098045E+02 -9.50000000E+00
  1.00098045E+02 -9.38213130E+00
  1.00098045E+02 -9.17817091E+00
  1.00098045E+02 -8.97421051E+00
  1.00098045E+02 -8.77025012E+00
  1.00098045E+02 -8.56628972E+00
  1.00098045E+02 -8.36232932E+00
  1.00098045E+02 -8.15836893E+00
  1.00098045E+02 -7.95440853E+00
  1.00098045E+02 -7.75044814E+00
  1.00098045E+02 -7.54648774E+00
  1.00098045E+02 -7.34252734E+00
  1.00098045E+02 -7.13856695E+00
  1.00098045E+02 -6.93460655E+00
  1.00098045E+02 -6.73064616E+00
  1.00098045E+02 -6.52668576E+00
  1.00098045E+02 -6.32272536E+00
  1.00098045E+02 -6.11876497E+00
  1.00098045E+02 -5.91480457E+00
  1.00098045E+02 -5.71084418E+00
  1.00098045E+02 -5.50688378E+00
  1.00098045E+02 -5.30292338E+00
  1.00098045E+02 -5.09896299E+00
  1.00098045E+02 -4.89500259E+00
  1.00098045E+02 -4.69104220E+00
  1.00098045E+02 -4.48708180E+00
  1.00098045E+02 -4.28312140E+00
  1.00098045E+02 -4.07916101E+00
  1.00098045E+02 -3.87520061E+00
  1.00098045E+02 -3.67124022E+00
  1.00098045E+02 -3.46727982E+00
  1.00098045E+02 -3.26331942E+00
  1.00098045E+02 -3.05935903E+00
  1.00098045E+02 -2.85539863E+00
  1.00098045E+02 -2.65143823E+00
  1.00098045E+02 -2.44747784E+00
  1.00098045E+02 -2.24351744E+00
  1.00098045E+02 -2.03955705E+00
  1.00098045E+02 -1.83559665E+00
  1.00098045E+02 -1.63163625E+00
  1.00098045E+02 -1.42767586E+00
  1.00098045E+02 -1.22371546E+00
  1.00098045E+02 -1.01975507E+00
  1.00098045E+02 -8.15794671E-01
  1.00098045E+02 -6.11834275E-01
  1.00098045E+02 -4.07873879E-01
  1.00098045E+02 -2.03913482E-01
  1.00098045E+02  4.69135780E-05
  1.00098045E+02  2.04007310E-01
  1.00098045E+02  4.07967706E-01
  1.00098045E+02  6.11928102E-01
  1.00098045E+02  8.15888498E-01
  1.00098045E+02  1.01984889E+00
  1.00098045E+02  1.22380929E+00
  1.00098045E+02  1.42776969E+00
  1.00098045E+02  1.63173008E+00
  1.00098045E+02  1.83569048E+00
  1.00098045E+02  2.03965087E+00
  1.00098045E+02  2.24361127E+00
  1.00098045E+02  2.44757167E+00
  1.00098045E+02  2.65153206E+00
  1.00098045E+02  2.85549246E+00
  1.00098045E+02  3.05945285E+00
  1.00098045E+02  3.26341325E+00
  1.00098045E+02  3.46737365E+00
  1.00098045E+02  3.67133404E+00
  1.00098045E+02  3.87529444E+00
  1.00098045E+02  4.07925483E+00
  1.00098045E+02  4.28321523E+00
  1.00098045E+02  4.48717563E+00
  1.00098045E+02  4.69113602E+00
  1.00098045E+02  4.89509642E+00
  1.00098045E+02  5.09905681E+00
  1.00098045E+02  5.30301721E+00
  1.00098045E+02  5.50697761E+00
  1.00098045E+02  5.71093800E+00
  1.00098045E+02  5.91489840E+00
  1.00098045E+02  6.11885879E+00
  1.00098045E+02  6.32281919E+00
  1.00098045E+02  6.52677959E+00
  1.00098045E+02  6.73073998E+00
  1.00098045E+02  6.93470038E+00
  1.00098045E+02  7.13866077E+00
  1.00098045E+02  7.34262117E+00
  1.00098045E+02  7.54658157E+00
  1.00098045E+02  7.75054196E+00
  1.00098045E+02  7.95450236E+00
  1.00098045E+02  8.15846276E+00
  1.00098045E+02  8.36242315E+00
  1.00098045E+02  8.56638355E+00
  1.00098045E+02  8.77034394E+00
  1.00098045E+02  8.97430434E+00
  1.00098045E+02  9.17826474E+00
  1.00098045E+02  9.38222513E+00
  1.00098045E+02  9.50000000E+00
  1.00038037E+02  9.50000000E+00
  9.99941238E+01  9.50000000E+00
  9.99341154E+01  9.50000000E+00
  9.98902023E+01  9.50000000E+00
  9.98301938E+01  9.50000000E+00
  9.97862807E+01  9.50000000E+00
  9.97262722E+01  9.50000000E+00
  9.96823591E+01  9.50000000E+00
  9.96223507E+01  9.50000000E+00
  9.95784375E+01  9.50000000E+00
  9.95184291E+01  9.50000000E+00
  9.94745160E+01  9.50000000E+00
  9.94145075E+01  9.50000000E+00
  9.93705944E+01  9.50000000E+00
  9.93105859E+01  9.50000000E+00
  9.92666728E+01  9.50000000E+00
  9.92066644E+01  9.50000000E+00
  9.91627513E+01  9.50000000E+00
  9.91027428E+01  9.50000000E+00
  9.90588297E+01  9.50000000E+00
  9.89988212E+01  9.50000000E+00
  9.89549081E+01  9.50000000E+00
  9.88948997E+01  9.50000000E+00
  9.88509866E+01  9.50000000E+00
  9.87909781E+01  9.50000000E+00
  9.87470650E+01  9.50000000E+00
  9.86870565E+01  9.50000000E+00
  9.86431434E+01  9.50000000E+00
  9.85831350E+01  9.50000000E+00
  9.85392219E+01  9.50000000E+00
  9.84792134E+01  9.50000000E+00
  9.84353003E+01  9.50000000E+00
  9.83752918E+01  9.50000000E+00
  9.83313787E+01  9.50000000E+00
  9.82713703E+01  9.50000000E+00
  9.82274572E+01  9.50000000E+00
  9.81674487E+01  9.50000000E+00
  9.81235356E+01  9.50000000E+00
  9.80635271E+01  9.50000000E+00
  9.80196140E+01  9.50000000E+00
  9.79596056E+01  9.50000000E+00
  9.79156924E+01  9.50000000E+00
  9.78556840E+01  9.50000000E+00
  9.78117709E+01  9.50000000E+00
  9.77517624E+01  9.50000000E+00
  9.77078493E+01  9.50000000E+00
  9.76478409E+01  9.50000000E+00
  9.76039277E+01  9.50000000E+00
  9.75439193E+01  9.50000000E+00
  9.75000062E+01  9.50000000E+00
  9.74399977E+01  9.50000000E+00
  9.73960846E+01  9.50000000E+00
  9.73360761E+01  9.50000000E+00
  9.72921630E+01  9.50000000E+00
  9.72321546E+01  9.50000000E+00
  9.71882415E+01  9.50000000E+00
  9.71282330E+01  9.50000000E+00
  9.70843199E+01  9.50000000E+00
  9.70243114E+01  9.50000000E+00
  9.69803983E+01  9.50000000E+00
  9.69203899E+01  9.50000000E+00
  9.68764768E+01  9.50000000E+00
  9.68164683E+01  9.50000000E+00
  9.67725552E+01  9.50000000E+00
  9.67125467E+01  9.50000000E+00
  9.66686336E+01  9.50000000E+00
  9.66086252E+01  9.50000000E+00
  9.65647121E+01  9.50000000E+00
  9.65047036E+01  9.50000000E+00
  9.64607905E+01  9.50000000E+00
  9.64007820E+01  9.50000000E+00
  9.63568689E+01  9.50000000E+00
  9.62968605E+01  9.50000000E+00
  9.62529473E+01  9.50000000E+00
  9.61929389E+01  9.50000000E+00
  9.61490258E+01  9.50000000E+00
  9.60890173E+01  9.50000000E+00
  9.60451042E+01  9.50000000E+00
  9.59850958E+01  9.50000000E+00
  9.59411826E+01  9.50000000E+00
  9.58811742E+01  9.50000000E+00
  9.58372611E+01  9.50000000E+00
  9.57772526E+01  9.50000000E+00
  9.57333395E+01  9.50000000E+00
  9.56733310E+01  9.50000000E+00
  9.56294179E+01  9.50000000E+00
  9.55694095E+01  9.50000000E+00
  9.55254964E+01  9.50000000E+00
  9.54654879E+01  9.50000000E+00
  9.54215748E+01  9.50000000E+00
  9.53615663E+01  9.50000000E+00
  9.53176532E+01  9.50000000E+00
  9.52576448E+01  9.50000000E+00
  9.52137317E+01  9.50000000E+00
  9.51537232E+01  9.50000000E+00
  9.51098101E+01  9.50000000E+00
  9.50498016E+01  9.50000000E+00
  9.50058885E+01  9.50000000E+00
  9.49458801E+01  9.50000000E+00
  9.49019670E+01  9.50000000E+00
  9.49019670E+01  9.38222513E+00
  9.49019670E+01  9.17826474E+00
  9.49019670E+01  8.97430434E+00
  9.49019670E+01  8.77034394E+00
  9.49019670E+01  8.56638355E+00
  9.49019670E+01  8.36242315E+00
  9.49019670E+01  8.15846276E+00
  9.49019670E+01  7.95450236E+00
  9.49019670E+01  7.75054196E+00
  9.49019670E+01  7.54658157E+00
  9.49019670E+01  7.34262117E+00
  9.49019670E+01  7.13866077E+00
  9.49019670E+01  6.93470038E+00
  9.49019670E+01  6.73073998E+00
  9.49019670E+01  6.52677959E+00
  9.49019670E+01  6.32281919E+00
  9.49019670E+01  6.11885879E+00
  9.49019670E+01  5.91489840E+00
  9.49019670E+01  5.71093800E+00
  9.49019670E+01  5.50697761E+00
  9.49019670E+01  5.30301721E+00
  9.49019670E+01  5.09905681E+00
  9.49019670E+01  4.89509642E+00
  9.49019670E+01  4.69113602E+00
  9.49019670E+01  4.48717563E+00
  9.49019670E+01  4.28321523E+00
  9.49019670E+01  4.07925483E+00
  9.49019670E+01  3.87529444E+00
  9.49019670E+01  3.67133404E+00
  9.49019670E+01  3.46737365E+00
  9.49019670E+01  3.26341325E+00
  9.49019670E+01  3.05945285E+00
  9.49019670E+01  2.85549246E+00
  9.49019670E+01  2.65153206E+00
  9.49019670E+01  2.44757167E+00
  9.49019670E+01  2.24361127E+00
  9.49019670E+01  2.03965087E+00
  9.49019670E+01  1.83569048E+00
  9.49019670E+01  1.63173008E+00
  9.49019670E+01  1.42776969E+00
  9.49019670E+01  1.22380929E+00
  9.49019670E+01  1.01984889E+00
  9.49019670E+01  8.15888498E-01
  9.49019670E+01  6.11928102E-01
  9.49019670E+01  4.07967706E-01
  9.49019670E+01  2.04007310E-01
  9.49019670E+01  4.69135780E-05
  9.49019670E+01 -2.03913482E-01
  9.49019670E+01 -4.07873879E-01
  9.49019670E+01 -6.11834275E-01
  9.49019670E+01 -8.15794671E-01
  9.49019670E+01 -1.01975507E+00
  9.49019670E+01 -1.22371546E+00
  9.49019670E+01 -1.42767586E+00
  9.49019670E+01 -1.63163625E+00
  9.49019670E+01 -1.83559665E+00
  9.49019670E+01 -2.03955705E+00
  9.49019670E+01 -2.24351744E+00
  9.49019670E+01 -2.44747784E+00
  9.49019670E+01 -2.65143823E+00
  9.49019670E+01 -2.85539863E+00
  9.49019670E+01 -3.05935903E+00
  9.49019670E+01 -3.26331942E+00
  9.49019670E+01 -3.46727982E+00
  9.49019670E+01 -3.67124022E+00
  9.49019670E+01 -3.87520061E+00
  9.49019670E+01 -4.07916101E+00
  9.49019670E+01 -4.28312140E+00
  9.49019670E+01 -4.48708180E+00
  9.49019670E+01 -4.69104220E+00
  9.49019670E+01 -4.89500259E+00
  9.49019670E+01 -5.09896299E+00
  9.49019670E+01 -5.30292338E+00
  9.49019670E+01 -5.50688378E+00
  9.49019670E+01 -5.71084418E+00
  9.49019670E+01 -5.91480457E+00
  9.49019670E+01 -6.11876497E+00
  9.49019670E+01 -6.32272536E+00
  9.49019670E+01 -6.52668576E+00
  9.49019670E+01 -6.73064616E+00
  9.49019670E+01 -6.93460655E+00
  9.49019670E+01 -7.13856695E+00
  9.49019670E+01 -7.34252734E+00
  9.49019670E+01 -7.54648774E+00
  9.49019670E+01 -7.75044814E+00
  9.49019670E+01 -7.95440853E+00
  9.49019670E+01 -8.15836893E+00
  9.49019670E+01 -8.36232932E+00
  9.49019670E+01 -8.56628972E+00
  9.49019670E+01 -8.77025012E+00
  9.49019670E+01 -8.97421051E+00
  9.49019670E+01 -9.17817091E+00
  9.49019670E+01 -9.38213130E+00

hb:   line clip z  
clip:
  9.77811682E+01 -2.09961901E+00
  9.87470650E+01 -2.09961901E+00
  9.87500000E+01 -2.04531740E+00
  9.87500000E+01 -2.03955705E+00
  9.87500000E+01 -2.03379670E+00
  9.87500000E+01 -1.83559665E+00
  9.87500000E+01 -1.82983630E+00
  9.87500000E+01 -1.63163625E+00
  9.87500000E+01 -1.62587591E+00
  9.87500000E+01 -1.42767586E+00
  9.87500000E+01 -1.42191551E+00
  9.87500000E+01 -1.22371546E+00
  9.87500000E+01 -1.21795511E+00
  9.87500000E+01 -1.01975507E+00
  9.87500000E+01 -1.01399472E+00
  9.87500000E+01 -8.15794671E-01
  9.87500000E+01 -8.10034322E-01
  9.87500000E+01 -6.11834275E-01
  9.87500000E+01 -6.06073926E-01
  9.87500000E+01 -4.07873879E-01
  9.87500000E+01 -4.02113530E-01
  9.87500000E+01 -2.03913482E-01
  9.87500000E+01 -1.98153133E-01
  9.87500000E+01  4.69135780E-05
  9.87500000E+01  5.80726257E-03
  9.87500000E+01  2.04007310E-01
  9.87500000E+01  2.09767659E-01
  9.87500000E+01  4.07967706E-01
  9.87500000E+01  4.13728055E-01
  9.87500000E+01  6.11928102E-01
  9.87500000E+01  6.17688451E-01
  9.87500000E+01  8.15888498E-01
  9.87500000E+01  8.21648847E-01
  9.87500000E+01  1.01984889E+00
  9.87500000E+01  1.02560924E+00
  9.87500000E+01  1.22380929E+00
  9.87500000E+01  1.22956964E+00
  9.87500000E+01  1.42776969E+00
  9.87500000E+01  1.43353003E+00
  9.87500000E+01  1.63173008E+00
  9.87500000E+01  1.63749043E+00
  9.87500000E+01  1.83569048E+00
  9.87500000E+01  1.84145083E+00
  9.87500000E+01  2.03965087E+00
  9.87500000E+01  2.04541122E+00
  9.87470650E+01  2.09961901E+00
  9.87165101E+01  2.09961901E+00
  9.86431434E+01  2.09961901E+00
  9.86125886E+01  2.09961901E+00
  9.85392219E+01  2.09961901E+00
  9.85086670E+01  2.09961901E+00
  9.84353003E+01  2.09961901E+00
  9.84047454E+01  2.09961901E+00
  9.83313787E+01  2.09961901E+00
  9.83008239E+01  2.09961901E+00
  9.82274572E+01  2.09961901E+00
  9.81969023E+01  2.09961901E+00
  9.81235356E+01  2.09961901E+00
  9.80929807E+01  2.09961901E+00
  9.80196140E+01  2.09961901E+00
  9.79890591E+01  2.09961901E+00
  9.79156924E+01  2.09961901E+00
  9.78851376E+01  2.09961901E+00
  9.78117709E+01  2.09961901E+00
  9.77812160E+01  2.09961901E+00
  9.77913642E+01  1.99959996E+00
  9.78117709E+01  1.99959996E+00
  9.78321776E+01  1.99959996E+00
  9.79156924E+01  1.99959996E+00
  9.79500000E+01  1.83569048E+00
  9.79500000E+01  1.63173008E+00
  9.79522233E+01  1.49946657E+00
  9.80500000E+01  1.42776969E+00
  9.80500000E+01  1.28344597E+00
  9.80500000E+01 -1.42767586E+00
  9.80196140E+01 -1.49946657E+00
  9.79500000E+01 -1.63163625E+00
  9.79500000E+01 -1.76826335E+00
  9.79500000E+01 -1.97222375E+00
  9.79156924E+01 -1.99959996E+00
  9.78953336E+01 -1.99959996E+00
  9.78117709E+01 -1.99959996E+00
  9.77500000E+01 -2.03955705E+00

hb:   line clip z  
clip:
  9.77500000E+01 -1.95683051E+00
  9.78117709E+01 -1.99959996E+00
  9.78953336E+01 -1.99959996E+00
  9.79156924E+01 -1.99959996E+00
  9.79500000E+01 -1.90292995E+00
  9.79500000E+01 -1.83559665E+00
  9.79500000E+01 -1.76826335E+00
  9.79500000E+01 -1.63163625E+00
  9.79500000E+01 -1.56430296E+00
  9.79500000E+01 -1.42767586E+00
  9.79500000E+01 -1.36034256E+00
  9.79500000E+01 -1.22371546E+00
  9.79500000E+01 -1.15638216E+00
  9.79500000E+01 -1.01975507E+00
  9.79500000E+01 -9.52421768E-01
  9.79500000E+01 -8.15794671E-01
  9.79500000E+01 -7.48461372E-01
  9.79500000E+01 -6.11834275E-01
  9.79500000E+01 -5.44500976E-01
  9.79500000E+01 -4.07873879E-01
  9.79500000E+01 -3.40540580E-01
  9.79500000E+01 -2.03913482E-01
  9.79500000E+01 -1.36580184E-01
  9.79156924E+01 -2.99999835E-02
  9.78270803E+01 -2.99999835E-02
  9.78117709E+01 -2.99999835E-02
  9.77500000E+01 -8.26796226E-02
  9.77500000E+01 -2.03913482E-01
  9.77500000E+01 -3.25147342E-01
  9.77500000E+01 -4.07873879E-01
  9.77500000E+01 -5.29107738E-01
  9.77500000E+01 -6.11834275E-01
  9.77500000E+01 -7.33068134E-01
  9.77500000E+01 -8.15794671E-01
  9.77500000E+01 -9.37028530E-01
  9.77500000E+01 -1.01975507E+00
  9.77500000E+01 -1.14098893E+00
  9.77500000E+01 -1.22371546E+00
  9.77500000E+01 -1.34494932E+00
  9.77500000E+01 -1.42767586E+00
  9.77500000E+01 -1.54890972E+00
  9.77500000E+01 -1.63163625E+00
  9.77500000E+01 -1.75287011E+00
  9.77500000E+01 -1.83559665E+00

hb:   line clip z  
clip:
  9.79830353E+01 -1.49946657E+00
  9.80196140E+01 -1.49946657E+00
  9.80500000E+01 -1.48731254E+00
  9.80500000E+01 -1.42767586E+00
  9.80500000E+01 -1.36803918E+00
  9.80500000E+01 -1.22371546E+00
  9.80500000E+01 -1.16407878E+00
  9.80500000E+01 -1.01975507E+00
  9.80500000E+01 -9.60118387E-01
  9.80500000E+01 -8.15794671E-01
  9.80500000E+01 -7.56157991E-01
  9.80500000E+01 -6.11834275E-01
  9.80500000E+01 -5.52197595E-01
  9.80500000E+01 -4.07873879E-01
  9.80500000E+01 -3.48237198E-01
  9.80500000E+01 -2.03913482E-01
  9.80500000E+01 -1.44276802E-01
  9.80500000E+01  4.69135780E-05
  9.80500000E+01  5.96835936E-02
  9.80500000E+01  2.04007310E-01
  9.80500000E+01  2.63643990E-01
  9.80500000E+01  4.07967706E-01
  9.80500000E+01  4.67604386E-01
  9.80500000E+01  6.11928102E-01
  9.80500000E+01  6.71564782E-01
  9.80500000E+01  8.15888498E-01
  9.80500000E+01  8.75525178E-01
  9.80500000E+01  1.01984889E+00
  9.80500000E+01  1.07948557E+00
  9.80500000E+01  1.22380929E+00
  9.80500000E+01  1.28344597E+00
  9.80500000E+01  1.42776969E+00
  9.80500000E+01  1.48740637E+00
  9.80196140E+01  1.49946657E+00
  9.79830831E+01  1.49946657E+00
  9.79500000E+01  1.42776969E+00
  9.79500000E+01  1.29114259E+00
  9.79500000E+01  1.22380929E+00
  9.79500000E+01  1.08718219E+00
  9.79500000E+01  1.01984889E+00
  9.79500000E+01  8.83221796E-01
  9.79500000E+01  8.15888498E-01
  9.79500000E+01  6.79261400E-01
  9.79500000E+01  6.11928102E-01
  9.79500000E+01  4.75301004E-01
  9.79500000E+01  4.07967706E-01
  9.79500000E+01  2.71340608E-01
  9.79500000E+01  2.04007310E-01
  9.79500000E+01  6.73802123E-02
  9.79500000E+01  4.69135780E-05
  9.79500000E+01 -1.36580184E-01
  9.79500000E+01 -2.03913482E-01
  9.79500000E+01 -3.40540580E-01
  9.79500000E+01 -4.07873879E-01
  9.79500000E+01 -5.44500976E-01
  9.79500000E+01 -6.11834275E-01
  9.79500000E+01 -7.48461372E-01
  9.79500000E+01 -8.15794671E-01
  9.79500000E+01 -9.52421768E-01
  9.79500000E+01 -1.01975507E+00
  9.79500000E+01 -1.15638216E+00
  9.79500000E+01 -1.22371546E+00
  9.79500000E+01 -1.36034256E+00
  9.79500000E+01 -1.42767586E+00

hb:   line clip z  
clip:
  9.77964614E+01 -2.99999835E-02
  9.79310019E+01 -2.99999835E-02
  9.79500000E+01  4.69135780E-05
  9.79309541E+01  2.99999835E-02
  9.79156924E+01  2.99999835E-02
  9.79004308E+01  2.99999835E-02
  9.78117709E+01  2.99999835E-02
  9.77965092E+01  2.99999835E-02
  9.77500000E+01  4.69135780E-05

hb:   line clip z  
clip:
  9.77500000E+01  8.27734498E-02
  9.78117709E+01  2.99999835E-02
  9.79004308E+01  2.99999835E-02
  9.79156924E+01  2.99999835E-02
  9.79500000E+01  1.36674011E-01
  9.79500000E+01  2.04007310E-01
  9.79500000E+01  2.71340608E-01
  9.79500000E+01  4.07967706E-01
  9.79500000E+01  4.75301004E-01
  9.79500000E+01  6.11928102E-01
  9.79500000E+01  6.79261400E-01
  9.79500000E+01  8.15888498E-01
  9.79500000E+01  8.83221796E-01
  9.79500000E+01  1.01984889E+00
  9.79500000E+01  1.08718219E+00
  9.79500000E+01  1.22380929E+00
  9.79500000E+01  1.29114259E+00
  9.79500000E+01  1.42776969E+00
  9.79500000E+01  1.49510298E+00
  9.79500000E+01  1.63173008E+00
  9.79500000E+01  1.69906338E+00
  9.79500000E+01  1.83569048E+00
  9.79500000E+01  1.90302378E+00
  9.79156924E+01  1.99959996E+00
  9.78321776E+01  1.99959996E+00
  9.78117709E+01  1.99959996E+00
  9.77500000E+01  1.95692434E+00
  9.77500000E+01  1.83569048E+00
  9.77500000E+01  1.71445662E+00
  9.77500000E+01  1.63173008E+00
  9.77500000E+01  1.51049622E+00
  9.77500000E+01  1.42776969E+00
  9.77500000E+01  1.30653583E+00
  9.77500000E+01  1.22380929E+00
  9.77500000E+01  1.10257543E+00
  9.77500000E+01  1.01984889E+00
  9.77500000E+01  8.98615034E-01
  9.77500000E+01  8.15888498E-01
  9.77500000E+01  6.94654638E-01
  9.77500000E+01  6.11928102E-01
  9.77500000E+01  4.90694242E-01
  9.77500000E+01  4.07967706E-01
  9.77500000E+01  2.86733846E-01
  9.77500000E+01  2.04007310E-01

hb:   line clip z  
frame:
  9.5000006E+01 -9.9999536E+00
  1.0000001E+02 -9.9999536E+00
  1.0000001E+02  1.0000046E+01
  9.5000006E+01  1.0000046E+01
clip:
  9.49019670E+01  9.50000000E+00
  1.00098045E+02  9.50000000E+00
  1.00098045E+02  9.58618553E+00
  1.00098045E+02  9.79014592E+00
  1.00098045E+02  9.99410632E+00
  1.00098045E+02  1.01980667E+01
  9.99941238E+01  1.01980667E+01
  9.98902023E+01  1.01980667E+01
  9.97862807E+01  1.01980667E+01
  9.96823591E+01  1.01980667E+01
  9.95784375E+01  1.01980667E+01
  9.94745160E+01  1.01980667E+01
  9.93705944E+01  1.01980667E+01
  9.92666728E+01  1.01980667E+01
  9.91627513E+01  1.01980667E+01
  9.90588297E+01  1.01980667E+01
  9.89549081E+01  1.01980667E+01
  9.88509866E+01  1.01980667E+01
  9.87470650E+01  1.01980667E+01
  9.86431434E+01  1.01980667E+01
  9.85392219E+01  1.01980667E+01
  9.84353003E+01  1.01980667E+01
  9.83313787E+01  1.01980667E+01
  9.82274572E+01  1.01980667E+01
  9.81235356E+01  1.01980667E+01
  9.80196140E+01  1.01980667E+01
  9.79156924E+01  1.01980667E+01
  9.78117709E+01  1.01980667E+01
  9.77078493E+01  1.01980667E+01
  9.76039277E+01  1.01980667E+01
  9.75000062E+01  1.01980667E+01
  9.73960846E+01  1.01980667E+01
  9.72921630E+01  1.01980667E+01
  9.71882415E+01  1.01980667E+01
  9.70843199E+01  1.01980667E+01
  9.69803983E+01  1.01980667E+01
  9.68764768E+01  1.01980667E+01
  9.67725552E+01  1.01980667E+01
  9.66686336E+01  1.01980667E+01
  9.65647121E+01  1.01980667E+01
  9.64607905E+01  1.01980667E+01
  9.63568689E+01  1.01980667E+01
  9.62529473E+01  1.01980667E+01
  9.61490258E+01  1.01980667E+01
  9.60451042E+01  1.01980667E+01
  9.59411826E+01  1.01980667E+01
  9.58372611E+01  1.01980667E+01
  9.57333395E+01  1.01980667E+01
  9.56294179E+01  1.01980667E+01
  9.55254964E+01  1.01980667E+01
  9.54215748E+01  1.01980667E+01
  9.53176532E+01  1.01980667E+01
  9.52137317E+01  1.01980667E+01
  9.51098101E+01  1.01980667E+01
  9.50058885E+01  1.01980667E+01
  9.49019670E+01  1.01980667E+01
  9.49019670E+01  9.99410632E+00
  9.49019670E+01  9.79014592E+00
  9.49019670E+01  9.58618553E+00

#------------------------------------------------------------------------------
z: xorg(1.03)
p: xfac[c2*0.05] form[c1/0.05] notc noxt noyt dmin(1)
p: ymin(0) ymax(1) xmin(0) xmax(1) cmin(1) cmax(100) nosp
hc: y= 0.005 to 0.995 by 0.01 ; x= 0.5 to 0.5 by 1 ;
 1  2  3  4  5  6  7  8  9 10 11 12 13 14 15 16 17 18 19 20
21 22 23 24 25 26 27 28 29 30 31 32 33 34 35 36 37 38 39 40
41 42 43 44 45 46 47 48 49 50 51 52 53 54 55 56 57 58 59 60
61 62 63 64 65 66 67 68 69 70 71 72 73 74 75 76 77 78 79 80
81 82 83 84 85 86 87 88 89 90 91 92 93 94 95 96 97 98 99 100
z: xorg(0.0)
p: xfac[c2*0.05] form[c1/0.05] nosp afac[c5*0.625] ymin[c3] ymax[c4]
p: noxt noxn ytxt(-1) ynum(-1) xltd(-1) xstd(-1) itic(1) ylog
y: Flux [1/cm^2/source]              
#------------------------------------------------------------------------------

wt: s[c5]
\vspace{-3}
  emin  &=&   0.0000E+00 [MeV/n]
  emax  &=&   1.0000E+03 [MeV/n]
  ymin  &=&  -1.0000E-02 [cm]
  ymax  &=&   9.0000E-02 [cm]
  part. &=& proton  
e:

#------------------------------------------------------------------------------
z: xorg[-1.03/0.05]
p: form[c1] xfac[c2] afac[c5] nosp notf
p: xmin(  95.00000    ) xmax(  100.0000    )
p: ymin( -10.00000    ) ymax(  10.00000    )
 
# Information for Restart Calculation
# This calculation was newly started
# istdev =  2 # 1:Batch variance, 2:History variance
# resc2  = 3.20436999323052807E-01 # Total source weight or Total source weight / maxcas
# resc3  = 2.00000998100000000E+09 # Total history number or Total batch number
# maxcas =       10001 # History / Batch, only used for istdev=1
# bitrseed = 1001001000011111100100111110000001011011100111110000101100101100 # bit data of rseed
