[ T-Deposit ]
    title = Dosis xy
     mesh =  xyz            # mesh type is xyz scoring mesh
   x-type =    2            # x-mesh is linear given by xmin, xmax and nx
     xmin = -0.8000000      # minimum value of x-mesh points
     xmax =  0.8000000      # maximum value of x-mesh points
#    xdel =  0.1000000      # mesh width of x-mesh points
       nx =     16          # number of x-mesh points
#    data = ( x(i), i = 1, nx + 1 )
#          -8.00000E-01 -7.00000E-01 -6.00000E-01 -5.00000E-01 -4.00000E-01
#          -3.00000E-01 -2.00000E-01 -1.00000E-01  0.00000E+00  1.00000E-01
#           2.00000E-01  3.00000E-01  4.00000E-01  5.00000E-01  6.00000E-01
#           7.00000E-01  8.00000E-01
   y-type =    2            # y-mesh is linear given by ymin, ymax and ny
     ymin =  -1.650000      # minimum value of y-mesh points
     ymax =   1.650000      # maximum value of y-mesh points
#    ydel =  0.1000000      # mesh width of y-mesh points
       ny =     33          # number of y-mesh points
#    data = ( y(i), i = 1, ny + 1 )
#          -1.65000E+00 -1.55000E+00 -1.45000E+00 -1.35000E+00 -1.25000E+00
#          -1.15000E+00 -1.05000E+00 -9.50000E-01 -8.50000E-01 -7.50000E-01
#          -6.50000E-01 -5.50000E-01 -4.50000E-01 -3.50000E-01 -2.50000E-01
#          -1.50000E-01 -5.00000E-02  5.00000E-02  1.50000E-01  2.50000E-01
#           3.50000E-01  4.50000E-01  5.50000E-01  6.50000E-01  7.50000E-01
#           8.50000E-01  9.50000E-01  1.05000E+00  1.15000E+00  1.25000E+00
#           1.35000E+00  1.45000E+00  1.55000E+00  1.65000E+00
   z-type =    2            # z-mesh is linear given by zmin, zmax and nz
     zmin =   98.38000      # minimum value of z-mesh points
     zmax =   98.58000      # maximum value of z-mesh points
#    zdel =  5.0000000E-02  # mesh width of z-mesh points
       nz =      4          # number of z-mesh points
#    data = ( z(i), i = 1, nz + 1 )
#           9.83800E+01  9.84300E+01  9.84800E+01  9.85300E+01  9.85800E+01
     unit =    0            # unit is [Gy/source]
   letmat =    0            # (D=0) mat ID for LET, 0:real mat, <0: electron for H2O
  dedxfnc =    0            # (D=0) user defined multiplier, 0(no), 1, 2
 material =  all            # (D=all) number of specific material
   output =  dose           # total deposit energy
  deposit =    0            # (D=0) 0-> total deposit dist, 1-> each process
  2D-type =    3            # 1:Cont, 2:Clust, 3:Color, 4:xyz, 5:mat, 6:Clust+Cont, 7:Col+Cont
     axis =    xy           # axis of output
     file = ./out/dosis_pauch_L.out  # file name of output for the above axis
     part =  proton     photon   
# kf/name :  2212       22       
    gshow =    1            # 0: no 1:bnd, 2:bnd+mat, 3:bnd+reg 4:bnd+lat 5:bmp style
    resol =    1            # (D=1) resolution of gshow or rshow
    width = 0.5000000       # (D=0.5) width of lines for gshow or rshow
   epsout =    1            # (D=0) generate eps file by ANGEL
   mother =  all            # (D=all) number of specific mother
#    used :        main (  %)        temp (  %)       total (  %)
#  memory :          59 (  0)           0 (  0)          59 (  0)

#------------------------------------------------------------------------------
#newpage:
#   no. =  1   iz  =  1   part. = proton  
#   z = (   9.8380E+01  -   9.8430E+01  )

'no. =  1,  iz =  1'
msuc: {\huge Dosis xy}
msdr: {\it plotted by \ANGEL \version}
msdl: {\it calculated by \PHITS  3.36}

x: x [cm]
y: y [cm]
set: c1[ 2.062] c2[ 0.627] c5[ 0.800] c6[ 0.743] c7[ 0.708] c8[ 0.000]
p: h2fs form[c1] xfac[c2] afac[c5] scal[c6] xorg[c7] yorg[c8] nosp
set: c3[   6.003922E-08] c4[   2.382731E-01]
p: cmin[c3] cmax[c4]
p: dmin(1e-31)
p: zlog
p: xmin(-0.8000000    ) xmax( 0.8000000    )
p: ymin( -1.650000    ) ymax(  1.650000    )
#  ny =  33   nx =  16
# ( ( data(x,y), x = 1, nx ), y = ny, 1, -1 )

hc:  y =   1.600000     to  -1.600000     by  0.1000000     ; x = -0.7500000     to  0.7500000     by  0.1000000     ;
  2.362E-01  2.342E-01  2.351E-01  2.371E-01  2.367E-01  2.361E-01  2.366E-01  2.363E-01  2.352E-01  2.367E-01
  2.349E-01  2.363E-01  2.359E-01  2.367E-01  2.371E-01  2.376E-01  2.383E-01  2.375E-01  2.355E-01  2.341E-01
  2.361E-01  2.367E-01  2.355E-01  2.346E-01  2.364E-01  2.360E-01  2.357E-01  2.345E-01  2.374E-01  2.355E-01
  2.347E-01  2.355E-01  2.346E-01  2.371E-01  2.357E-01  2.371E-01  2.350E-01  2.346E-01  2.358E-01  2.357E-01
  2.333E-01  2.344E-01  2.337E-01  2.350E-01  2.338E-01  2.350E-01  2.344E-01  2.354E-01  2.341E-01  2.348E-01
  2.344E-01  2.350E-01  2.366E-01  2.349E-01  2.353E-01  2.343E-01  2.354E-01  2.355E-01  2.342E-01  2.341E-01
  2.352E-01  2.342E-01  2.352E-01  2.358E-01  2.343E-01  2.350E-01  2.334E-01  2.345E-01  2.349E-01  2.340E-01
  2.320E-01  2.334E-01  2.340E-01  2.350E-01  2.325E-01  2.342E-01  2.352E-01  2.324E-01  2.348E-01  2.334E-01
  2.342E-01  2.328E-01  2.329E-01  2.342E-01  2.340E-01  2.335E-01  2.329E-01  2.313E-01  2.327E-01  2.334E-01
  2.328E-01  2.335E-01  2.328E-01  2.336E-01  2.341E-01  2.358E-01  2.343E-01  2.343E-01  2.323E-01  2.316E-01
  2.330E-01  2.332E-01  2.317E-01  2.336E-01  2.347E-01  2.321E-01  2.333E-01  2.325E-01  2.328E-01  2.334E-01
  2.338E-01  2.333E-01  2.327E-01  2.313E-01  2.312E-01  2.326E-01  2.322E-01  2.321E-01  2.308E-01  2.317E-01
  2.317E-01  2.327E-01  2.311E-01  2.312E-01  2.325E-01  2.333E-01  2.340E-01  2.321E-01  2.317E-01  2.295E-01
  2.342E-01  2.332E-01  2.300E-01  2.320E-01  2.313E-01  2.303E-01  2.308E-01  2.304E-01  2.305E-01  2.307E-01
  2.317E-01  2.316E-01  2.316E-01  2.334E-01  2.334E-01  2.301E-01  2.312E-01  2.305E-01  2.314E-01  2.299E-01
  2.301E-01  2.307E-01  2.299E-01  2.310E-01  2.312E-01  2.316E-01  2.320E-01  2.309E-01  2.322E-01  2.316E-01
  2.318E-01  2.316E-01  2.304E-01  2.321E-01  2.288E-01  2.296E-01  2.303E-01  2.300E-01  2.297E-01  2.276E-01
  2.308E-01  2.303E-01  2.301E-01  2.300E-01  2.303E-01  2.312E-01  2.311E-01  2.292E-01  2.316E-01  2.289E-01
  2.281E-01  2.284E-01  2.289E-01  2.297E-01  2.279E-01  2.302E-01  2.289E-01  2.287E-01  2.309E-01  2.306E-01
  2.305E-01  2.311E-01  2.316E-01  2.301E-01  2.302E-01  2.287E-01  2.287E-01  2.287E-01  2.277E-01  2.274E-01
  2.286E-01  2.295E-01  2.288E-01  2.300E-01  2.283E-01  2.312E-01  2.309E-01  2.304E-01  2.296E-01  2.324E-01
  2.289E-01  2.282E-01  2.291E-01  2.284E-01  2.289E-01  2.290E-01  2.276E-01  2.298E-01  2.299E-01  2.281E-01
  2.297E-01  2.295E-01  2.300E-01  2.330E-01  2.304E-01  2.316E-01  2.300E-01  2.307E-01  2.299E-01  2.280E-01
  2.284E-01  2.295E-01  2.285E-01  2.278E-01  2.290E-01  2.293E-01  2.298E-01  2.292E-01  2.284E-01  2.286E-01
  2.320E-01  2.305E-01  2.295E-01  2.274E-01  2.278E-01  2.283E-01  2.278E-01  2.289E-01  2.280E-01  2.286E-01
  2.297E-01  2.299E-01  2.287E-01  2.298E-01  2.298E-01  2.315E-01  2.313E-01  2.307E-01  2.281E-01  2.292E-01
  2.280E-01  2.292E-01  2.263E-01  2.280E-01  2.280E-01  2.275E-01  2.285E-01  2.299E-01  2.262E-01  2.307E-01
  2.299E-01  2.314E-01  2.312E-01  2.318E-01  2.297E-01  2.291E-01  2.315E-01  2.279E-01  2.281E-01  2.278E-01
  2.284E-01  2.278E-01  2.288E-01  2.271E-01  2.286E-01  2.287E-01  2.286E-01  2.297E-01  2.310E-01  2.288E-01
  2.296E-01  2.292E-01  2.281E-01  2.279E-01  2.285E-01  2.283E-01  2.278E-01  2.292E-01  2.281E-01  2.299E-01
  2.287E-01  2.284E-01  2.314E-01  2.305E-01  2.324E-01  2.292E-01  2.293E-01  2.294E-01  2.284E-01  2.283E-01
  2.275E-01  2.286E-01  2.290E-01  2.295E-01  2.279E-01  2.283E-01  2.303E-01  2.293E-01  2.308E-01  2.304E-01
  2.298E-01  2.288E-01  2.310E-01  2.293E-01  2.305E-01  2.297E-01  2.294E-01  2.281E-01  2.315E-01  2.298E-01
  2.281E-01  2.297E-01  2.293E-01  2.301E-01  2.307E-01  2.316E-01  2.301E-01  2.316E-01  2.305E-01  2.294E-01
  2.302E-01  2.300E-01  2.281E-01  2.290E-01  2.288E-01  2.292E-01  2.293E-01  2.291E-01  2.308E-01  2.297E-01
  2.310E-01  2.302E-01  2.325E-01  2.328E-01  2.300E-01  2.308E-01  2.306E-01  2.319E-01  2.296E-01  2.310E-01
  2.290E-01  2.283E-01  2.286E-01  2.300E-01  2.312E-01  2.306E-01  2.302E-01  2.321E-01  2.319E-01  2.309E-01
  2.320E-01  2.301E-01  2.309E-01  2.311E-01  2.308E-01  2.302E-01  2.312E-01  2.294E-01  2.301E-01  2.316E-01
  2.318E-01  2.309E-01  2.327E-01  2.323E-01  2.323E-01  2.332E-01  2.322E-01  2.314E-01  2.311E-01  2.325E-01
  2.307E-01  2.322E-01  2.285E-01  2.311E-01  2.322E-01  2.311E-01  2.307E-01  2.327E-01  2.318E-01  2.332E-01
  2.328E-01  2.345E-01  2.318E-01  2.319E-01  2.337E-01  2.306E-01  2.323E-01  2.316E-01  2.306E-01  2.309E-01
  2.318E-01  2.323E-01  2.317E-01  2.325E-01  2.329E-01  2.335E-01  2.339E-01  2.323E-01  2.328E-01  2.333E-01
  2.324E-01  2.320E-01  2.328E-01  2.338E-01  2.315E-01  2.311E-01  2.317E-01  2.331E-01  2.316E-01  2.320E-01
  2.334E-01  2.336E-01  2.345E-01  2.337E-01  2.318E-01  2.328E-01  2.316E-01  2.335E-01  2.329E-01  2.330E-01
  2.331E-01  2.338E-01  2.351E-01  2.336E-01  2.334E-01  2.326E-01  2.344E-01  2.350E-01  2.351E-01  2.365E-01
  2.339E-01  2.345E-01  2.349E-01  2.349E-01  2.345E-01  2.330E-01  2.323E-01  2.340E-01  2.337E-01  2.357E-01
  2.359E-01  2.339E-01  2.357E-01  2.354E-01  2.352E-01  2.338E-01  2.350E-01  2.342E-01  2.351E-01  2.345E-01
  2.350E-01  2.332E-01  2.358E-01  2.346E-01  2.353E-01  2.331E-01  2.362E-01  2.337E-01  2.358E-01  2.347E-01
  2.344E-01  2.362E-01  2.367E-01  2.340E-01  2.339E-01  2.354E-01  2.359E-01  2.354E-01  2.341E-01  2.352E-01
  2.339E-01  2.356E-01  2.335E-01  2.351E-01  2.356E-01  2.359E-01  2.336E-01  2.350E-01  2.377E-01  2.361E-01
  2.355E-01  2.354E-01  2.361E-01  2.343E-01  2.359E-01  2.359E-01  2.355E-01  2.345E-01  2.350E-01  2.352E-01
  2.370E-01  2.353E-01  2.357E-01  2.356E-01  2.357E-01  2.358E-01  2.355E-01  2.366E-01  2.364E-01  2.352E-01
  2.372E-01  2.352E-01  2.364E-01  2.361E-01  2.364E-01  2.357E-01  2.351E-01  2.366E-01

#------------------------------------------------------------------------------
# gshow
#------------------------------------------------------------------------------

p: legs[c5*0.875]

hb:   line clip z  
frame:
 -7.9999814E-01 -1.6499925E+00
  8.0000186E-01 -1.6499925E+00
  8.0000186E-01  1.6500075E+00
 -7.9999814E-01  1.6500075E+00
clip:
 -8.94115672E-01 -1.74705108E+00
  8.94119622E-01 -1.74705108E+00
  8.94119622E-01 -1.64116873E+00
  8.94119622E-01 -1.53528638E+00
  8.94119622E-01 -1.42940402E+00
  8.94119622E-01 -1.32352167E+00
  8.94119622E-01 -1.21763932E+00
  8.94119622E-01 -1.11175697E+00
  8.94119622E-01 -1.00587461E+00
  8.94119622E-01 -8.99992259E-01
  8.94119622E-01 -7.94109906E-01
  8.94119622E-01 -6.88227553E-01
  8.94119622E-01 -5.82345200E-01
  8.94119622E-01 -4.76462847E-01
  8.94119622E-01 -3.70580495E-01
  8.94119622E-01 -2.64698142E-01
  8.94119622E-01 -1.58815789E-01
  8.94119622E-01 -5.29334357E-02
  8.94119622E-01  5.29489172E-02
  8.94119622E-01  1.58831270E-01
  8.94119622E-01  2.64713623E-01
  8.94119622E-01  3.70595976E-01
  8.94119622E-01  4.76478329E-01
  8.94119622E-01  5.82360682E-01
  8.94119622E-01  6.88243035E-01
  8.94119622E-01  7.94125388E-01
  8.94119622E-01  9.00007741E-01
  8.94119622E-01  1.00589009E+00
  8.94119622E-01  1.11177245E+00
  8.94119622E-01  1.21765480E+00
  8.94119622E-01  1.32353715E+00
  8.94119622E-01  1.42941951E+00
  8.94119622E-01  1.53530186E+00
  8.94119622E-01  1.64118421E+00
  8.94119622E-01  1.74706656E+00
  7.82354916E-01  1.74706656E+00
  6.70590211E-01  1.74706656E+00
  5.58825505E-01  1.74706656E+00
  4.47060799E-01  1.74706656E+00
  3.35296093E-01  1.74706656E+00
  2.23531387E-01  1.74706656E+00
  1.11766681E-01  1.74706656E+00
  1.97530848E-06  1.74706656E+00
 -1.11762731E-01  1.74706656E+00
 -2.23527436E-01  1.74706656E+00
 -3.35292142E-01  1.74706656E+00
 -4.47056848E-01  1.74706656E+00
 -5.58821554E-01  1.74706656E+00
 -6.70586260E-01  1.74706656E+00
 -7.82350966E-01  1.74706656E+00
 -8.94115672E-01  1.74706656E+00
 -8.94115672E-01  1.64118421E+00
 -8.94115672E-01  1.53530186E+00
 -8.94115672E-01  1.42941951E+00
 -8.94115672E-01  1.32353715E+00
 -8.94115672E-01  1.21765480E+00
 -8.94115672E-01  1.11177245E+00
 -8.94115672E-01  1.00589009E+00
 -8.94115672E-01  9.00007741E-01
 -8.94115672E-01  7.94125388E-01
 -8.94115672E-01  6.88243035E-01
 -8.94115672E-01  5.82360682E-01
 -8.94115672E-01  4.76478329E-01
 -8.94115672E-01  3.70595976E-01
 -8.94115672E-01  2.64713623E-01
 -8.94115672E-01  1.58831270E-01
 -8.94115672E-01  5.29489172E-02
 -8.94115672E-01 -5.29334357E-02
 -8.94115672E-01 -1.58815789E-01
 -8.94115672E-01 -2.64698142E-01
 -8.94115672E-01 -3.70580495E-01
 -8.94115672E-01 -4.76462847E-01
 -8.94115672E-01 -5.82345200E-01
 -8.94115672E-01 -6.88227553E-01
 -8.94115672E-01 -7.94109906E-01
 -8.94115672E-01 -8.99992259E-01
 -8.94115672E-01 -1.00587461E+00
 -8.94115672E-01 -1.11175697E+00
 -8.94115672E-01 -1.21763932E+00
 -8.94115672E-01 -1.32352167E+00
 -8.94115672E-01 -1.42940402E+00
 -8.94115672E-01 -1.53528638E+00
 -8.94115672E-01 -1.64116873E+00
 -8.94115672E-01 -1.74705108E+00

#------------------------------------------------------------------------------
z: xorg(1.03)
p: xfac[c2*0.05] form[c1/0.05] notc noxt noyt dmin(1)
p: ymin(0) ymax(1) xmin(0) xmax(1) cmin(1) cmax(100) nosp
hc: y= 0.005 to 0.995 by 0.01 ; x= 0.5 to 0.5 by 1 ;
 1  2  3  4  5  6  7  8  9 10 11 12 13 14 15 16 17 18 19 20
21 22 23 24 25 26 27 28 29 30 31 32 33 34 35 36 37 38 39 40
41 42 43 44 45 46 47 48 49 50 51 52 53 54 55 56 57 58 59 60
61 62 63 64 65 66 67 68 69 70 71 72 73 74 75 76 77 78 79 80
81 82 83 84 85 86 87 88 89 90 91 92 93 94 95 96 97 98 99 100
z: xorg(0.0)
p: xfac[c2*0.05] form[c1/0.05] nosp afac[c5*0.625] ymin[c3] ymax[c4]
p: noxt noxn ytxt(-1) ynum(-1) xltd(-1) xstd(-1) itic(1) ylog
y: Dose [Gy/source]      
#------------------------------------------------------------------------------

wt: s[c5]
\vspace{-3}
  zmin  &=&   9.8380E+01 [cm]
  zmax  &=&   9.8430E+01 [cm]
  part. &=& proton  
e:

#------------------------------------------------------------------------------
z: xorg[-1.03/0.05]
p: form[c1] xfac[c2] afac[c5] nosp notf
p: xmin(-0.8000000    ) xmax( 0.8000000    )
p: ymin( -1.650000    ) ymax(  1.650000    )

#------------------------------------------------------------------------------
 newpage:
#   no. =  2   iz  =  1   part. = photon  
#   z = (   9.8380E+01  -   9.8430E+01  )

'no. =  2,  iz =  1'
msuc: {\huge Dosis xy}
msdr: {\it plotted by \ANGEL \version}
msdl: {\it calculated by \PHITS  3.36}

x: x [cm]
y: y [cm]
set: c1[ 2.062] c2[ 0.627] c5[ 0.800] c6[ 0.743] c7[ 0.708] c8[ 0.000]
p: h2fs form[c1] xfac[c2] afac[c5] scal[c6] xorg[c7] yorg[c8] nosp
set: c3[   6.003922E-08] c4[   2.382731E-01]
p: cmin[c3] cmax[c4]
p: dmin(1e-31)
p: zlog
p: xmin(-0.8000000    ) xmax( 0.8000000    )
p: ymin( -1.650000    ) ymax(  1.650000    )
#  ny =  33   nx =  16
# ( ( data(x,y), x = 1, nx ), y = ny, 1, -1 )

hc:  y =   1.600000     to  -1.600000     by  0.1000000     ; x = -0.7500000     to  0.7500000     by  0.1000000     ;
  9.077E-08  1.055E-07  1.154E-07  1.662E-07  1.132E-07  1.269E-07  1.035E-07  1.239E-07  1.568E-07  1.194E-07
  9.888E-08  1.031E-07  1.347E-07  1.338E-07  1.332E-07  1.232E-07  1.132E-07  1.426E-07  8.542E-08  1.072E-07
  1.028E-07  1.357E-07  1.448E-07  1.123E-07  1.156E-07  1.307E-07  1.259E-07  8.597E-08  8.127E-08  1.154E-07
  1.193E-07  1.068E-07  1.004E-07  1.216E-07  1.069E-07  1.356E-07  1.314E-07  1.267E-07  1.278E-07  1.166E-07
  1.414E-07  1.175E-07  1.532E-07  1.046E-07  1.104E-07  9.167E-08  1.749E-07  1.141E-07  1.540E-07  1.280E-07
  1.170E-07  1.440E-07  1.036E-07  1.265E-07  1.464E-07  1.275E-07  8.936E-08  1.060E-07  1.446E-07  9.519E-08
  1.140E-07  1.021E-07  1.305E-07  1.305E-07  1.290E-07  1.317E-07  1.473E-07  1.366E-07  1.239E-07  7.845E-08
  9.851E-08  1.634E-07  9.019E-08  1.096E-07  1.141E-07  1.069E-07  9.554E-08  1.232E-07  1.164E-07  1.483E-07
  9.669E-08  1.387E-07  1.499E-07  1.191E-07  9.984E-08  1.105E-07  1.040E-07  1.523E-07  1.216E-07  9.228E-08
  1.682E-07  1.188E-07  1.475E-07  1.387E-07  1.056E-07  1.216E-07  1.436E-07  1.519E-07  1.353E-07  1.727E-07
  9.731E-08  1.385E-07  1.310E-07  8.750E-08  8.162E-08  1.097E-07  9.730E-08  1.248E-07  1.605E-07  1.473E-07
  1.074E-07  1.536E-07  9.448E-08  1.293E-07  1.307E-07  1.402E-07  9.432E-08  1.550E-07  1.049E-07  1.468E-07
  1.096E-07  1.008E-07  1.204E-07  1.439E-07  1.612E-07  1.174E-07  1.101E-07  1.057E-07  1.179E-07  1.343E-07
  1.527E-07  1.302E-07  1.306E-07  1.659E-07  1.556E-07  1.623E-07  1.144E-07  7.769E-08  9.061E-08  1.186E-07
  1.436E-07  1.478E-07  1.681E-07  1.510E-07  1.269E-07  1.048E-07  9.357E-08  1.502E-07  1.603E-07  1.478E-07
  1.248E-07  1.316E-07  1.369E-07  1.048E-07  8.811E-08  1.079E-07  8.651E-08  1.224E-07  1.258E-07  1.103E-07
  1.675E-07  1.203E-07  8.412E-08  1.645E-07  1.345E-07  1.082E-07  1.116E-07  1.125E-07  1.194E-07  1.130E-07
  1.221E-07  8.688E-08  9.449E-08  1.652E-07  1.309E-07  1.284E-07  1.260E-07  1.043E-07  1.370E-07  1.516E-07
  1.535E-07  9.339E-08  1.541E-07  1.236E-07  1.345E-07  1.449E-07  1.023E-07  1.449E-07  1.271E-07  1.679E-07
  1.272E-07  1.278E-07  1.170E-07  1.274E-07  9.993E-08  1.449E-07  1.198E-07  1.225E-07  1.394E-07  1.238E-07
  1.947E-07  1.445E-07  9.075E-08  1.417E-07  1.204E-07  1.585E-07  1.139E-07  1.038E-07  9.805E-08  1.177E-07
  1.150E-07  1.069E-07  1.044E-07  1.151E-07  9.122E-08  1.015E-07  1.475E-07  1.085E-07  1.468E-07  1.582E-07
  1.439E-07  1.121E-07  8.700E-08  1.140E-07  1.027E-07  1.014E-07  1.341E-07  9.414E-08  1.171E-07  1.536E-07
  1.382E-07  1.545E-07  1.649E-07  1.298E-07  1.251E-07  1.174E-07  1.271E-07  9.426E-08  1.524E-07  1.623E-07
  1.522E-07  1.126E-07  1.179E-07  1.355E-07  1.233E-07  1.181E-07  1.229E-07  1.347E-07  1.099E-07  1.010E-07
  1.343E-07  1.535E-07  1.149E-07  1.621E-07  9.686E-08  1.340E-07  1.665E-07  1.417E-07  1.339E-07  1.142E-07
  1.343E-07  1.188E-07  1.208E-07  8.124E-08  1.099E-07  9.140E-08  1.197E-07  1.787E-07  9.963E-08  1.327E-07
  1.336E-07  8.829E-08  1.400E-07  1.152E-07  9.757E-08  1.282E-07  1.018E-07  1.173E-07  1.251E-07  1.192E-07
  1.349E-07  1.060E-07  1.303E-07  1.207E-07  1.327E-07  1.190E-07  9.354E-08  1.010E-07  1.040E-07  1.554E-07
  1.351E-07  7.562E-08  8.164E-08  1.224E-07  8.233E-08  1.085E-07  1.110E-07  1.409E-07  1.414E-07  1.309E-07
  1.503E-07  1.357E-07  1.407E-07  1.452E-07  9.359E-08  9.728E-08  1.453E-07  1.626E-07  1.311E-07  1.314E-07
  9.866E-08  1.196E-07  1.222E-07  1.149E-07  9.462E-08  1.055E-07  1.620E-07  1.569E-07  1.090E-07  1.221E-07
  1.224E-07  1.309E-07  1.349E-07  1.068E-07  1.227E-07  1.437E-07  1.558E-07  1.116E-07  1.315E-07  8.132E-08
  1.107E-07  1.312E-07  1.255E-07  1.751E-07  1.268E-07  1.216E-07  8.839E-08  1.126E-07  1.351E-07  1.312E-07
  1.256E-07  1.593E-07  1.260E-07  1.258E-07  1.346E-07  9.715E-08  1.199E-07  1.273E-07  1.032E-07  1.230E-07
  1.146E-07  1.164E-07  9.292E-08  1.317E-07  1.321E-07  1.434E-07  1.460E-07  9.109E-08  9.360E-08  8.818E-08
  1.438E-07  1.346E-07  1.346E-07  1.457E-07  1.796E-07  1.170E-07  8.410E-08  1.237E-07  1.237E-07  1.321E-07
  1.022E-07  9.850E-08  7.346E-08  1.062E-07  1.168E-07  1.401E-07  1.318E-07  1.563E-07  1.369E-07  1.193E-07
  1.159E-07  1.192E-07  8.836E-08  1.117E-07  1.437E-07  8.758E-08  1.362E-07  1.095E-07  1.174E-07  1.204E-07
  1.564E-07  1.518E-07  1.142E-07  1.158E-07  1.093E-07  1.155E-07  1.191E-07  1.142E-07  1.071E-07  8.136E-08
  7.957E-08  9.791E-08  1.188E-07  1.005E-07  1.503E-07  1.163E-07  1.401E-07  1.179E-07  1.379E-07  1.174E-07
  1.262E-07  1.285E-07  1.861E-07  1.050E-07  1.241E-07  1.240E-07  1.423E-07  8.180E-08  1.031E-07  9.657E-08
  1.347E-07  9.812E-08  1.333E-07  1.097E-07  1.093E-07  9.183E-08  1.153E-07  1.074E-07  8.397E-08  1.329E-07
  1.484E-07  1.038E-07  1.382E-07  1.019E-07  1.073E-07  1.268E-07  1.210E-07  8.391E-08  1.241E-07  1.375E-07
  1.142E-07  1.546E-07  1.551E-07  1.467E-07  1.522E-07  1.917E-07  1.053E-07  1.161E-07  8.793E-08  1.129E-07
  1.096E-07  9.435E-08  1.907E-07  1.888E-07  1.166E-07  1.259E-07  1.829E-07  2.042E-07  1.147E-07  1.474E-07
  1.034E-07  1.287E-07  1.096E-07  1.158E-07  1.304E-07  1.510E-07  1.349E-07  1.522E-07  2.023E-07  1.123E-07
  1.466E-07  1.091E-07  1.679E-07  1.416E-07  1.238E-07  1.190E-07  1.428E-07  1.270E-07  1.023E-07  1.115E-07
  1.631E-07  1.460E-07  1.157E-07  1.084E-07  1.561E-07  9.506E-08  9.303E-08  1.012E-07  1.254E-07  1.699E-07
  1.418E-07  1.725E-07  1.359E-07  1.076E-07  1.480E-07  1.408E-07  1.052E-07  1.222E-07  1.335E-07  1.135E-07
  1.629E-07  1.135E-07  1.485E-07  1.595E-07  1.391E-07  1.782E-07  9.802E-08  1.101E-07  9.811E-08  1.222E-07
  1.267E-07  1.753E-07  1.180E-07  1.422E-07  1.186E-07  1.381E-07  1.671E-07  1.047E-07  1.122E-07  1.307E-07
  1.314E-07  1.241E-07  1.311E-07  1.554E-07  1.294E-07  1.078E-07  1.129E-07  1.022E-07

#------------------------------------------------------------------------------
# gshow
#------------------------------------------------------------------------------

p: legs[c5*0.875]

hb:   line clip z  
frame:
 -7.9999814E-01 -1.6499925E+00
  8.0000186E-01 -1.6499925E+00
  8.0000186E-01  1.6500075E+00
 -7.9999814E-01  1.6500075E+00
clip:
 -8.94115672E-01 -1.74705108E+00
  8.94119622E-01 -1.74705108E+00
  8.94119622E-01 -1.64116873E+00
  8.94119622E-01 -1.53528638E+00
  8.94119622E-01 -1.42940402E+00
  8.94119622E-01 -1.32352167E+00
  8.94119622E-01 -1.21763932E+00
  8.94119622E-01 -1.11175697E+00
  8.94119622E-01 -1.00587461E+00
  8.94119622E-01 -8.99992259E-01
  8.94119622E-01 -7.94109906E-01
  8.94119622E-01 -6.88227553E-01
  8.94119622E-01 -5.82345200E-01
  8.94119622E-01 -4.76462847E-01
  8.94119622E-01 -3.70580495E-01
  8.94119622E-01 -2.64698142E-01
  8.94119622E-01 -1.58815789E-01
  8.94119622E-01 -5.29334357E-02
  8.94119622E-01  5.29489172E-02
  8.94119622E-01  1.58831270E-01
  8.94119622E-01  2.64713623E-01
  8.94119622E-01  3.70595976E-01
  8.94119622E-01  4.76478329E-01
  8.94119622E-01  5.82360682E-01
  8.94119622E-01  6.88243035E-01
  8.94119622E-01  7.94125388E-01
  8.94119622E-01  9.00007741E-01
  8.94119622E-01  1.00589009E+00
  8.94119622E-01  1.11177245E+00
  8.94119622E-01  1.21765480E+00
  8.94119622E-01  1.32353715E+00
  8.94119622E-01  1.42941951E+00
  8.94119622E-01  1.53530186E+00
  8.94119622E-01  1.64118421E+00
  8.94119622E-01  1.74706656E+00
  7.82354916E-01  1.74706656E+00
  6.70590211E-01  1.74706656E+00
  5.58825505E-01  1.74706656E+00
  4.47060799E-01  1.74706656E+00
  3.35296093E-01  1.74706656E+00
  2.23531387E-01  1.74706656E+00
  1.11766681E-01  1.74706656E+00
  1.97530848E-06  1.74706656E+00
 -1.11762731E-01  1.74706656E+00
 -2.23527436E-01  1.74706656E+00
 -3.35292142E-01  1.74706656E+00
 -4.47056848E-01  1.74706656E+00
 -5.58821554E-01  1.74706656E+00
 -6.70586260E-01  1.74706656E+00
 -7.82350966E-01  1.74706656E+00
 -8.94115672E-01  1.74706656E+00
 -8.94115672E-01  1.64118421E+00
 -8.94115672E-01  1.53530186E+00
 -8.94115672E-01  1.42941951E+00
 -8.94115672E-01  1.32353715E+00
 -8.94115672E-01  1.21765480E+00
 -8.94115672E-01  1.11177245E+00
 -8.94115672E-01  1.00589009E+00
 -8.94115672E-01  9.00007741E-01
 -8.94115672E-01  7.94125388E-01
 -8.94115672E-01  6.88243035E-01
 -8.94115672E-01  5.82360682E-01
 -8.94115672E-01  4.76478329E-01
 -8.94115672E-01  3.70595976E-01
 -8.94115672E-01  2.64713623E-01
 -8.94115672E-01  1.58831270E-01
 -8.94115672E-01  5.29489172E-02
 -8.94115672E-01 -5.29334357E-02
 -8.94115672E-01 -1.58815789E-01
 -8.94115672E-01 -2.64698142E-01
 -8.94115672E-01 -3.70580495E-01
 -8.94115672E-01 -4.76462847E-01
 -8.94115672E-01 -5.82345200E-01
 -8.94115672E-01 -6.88227553E-01
 -8.94115672E-01 -7.94109906E-01
 -8.94115672E-01 -8.99992259E-01
 -8.94115672E-01 -1.00587461E+00
 -8.94115672E-01 -1.11175697E+00
 -8.94115672E-01 -1.21763932E+00
 -8.94115672E-01 -1.32352167E+00
 -8.94115672E-01 -1.42940402E+00
 -8.94115672E-01 -1.53528638E+00
 -8.94115672E-01 -1.64116873E+00
 -8.94115672E-01 -1.74705108E+00

#------------------------------------------------------------------------------
z: xorg(1.03)
p: xfac[c2*0.05] form[c1/0.05] notc noxt noyt dmin(1)
p: ymin(0) ymax(1) xmin(0) xmax(1) cmin(1) cmax(100) nosp
hc: y= 0.005 to 0.995 by 0.01 ; x= 0.5 to 0.5 by 1 ;
 1  2  3  4  5  6  7  8  9 10 11 12 13 14 15 16 17 18 19 20
21 22 23 24 25 26 27 28 29 30 31 32 33 34 35 36 37 38 39 40
41 42 43 44 45 46 47 48 49 50 51 52 53 54 55 56 57 58 59 60
61 62 63 64 65 66 67 68 69 70 71 72 73 74 75 76 77 78 79 80
81 82 83 84 85 86 87 88 89 90 91 92 93 94 95 96 97 98 99 100
z: xorg(0.0)
p: xfac[c2*0.05] form[c1/0.05] nosp afac[c5*0.625] ymin[c3] ymax[c4]
p: noxt noxn ytxt(-1) ynum(-1) xltd(-1) xstd(-1) itic(1) ylog
y: Dose [Gy/source]      
#------------------------------------------------------------------------------

wt: s[c5]
\vspace{-3}
  zmin  &=&   9.8380E+01 [cm]
  zmax  &=&   9.8430E+01 [cm]
  part. &=& photon  
e:

#------------------------------------------------------------------------------
z: xorg[-1.03/0.05]
p: form[c1] xfac[c2] afac[c5] nosp notf
p: xmin(-0.8000000    ) xmax( 0.8000000    )
p: ymin( -1.650000    ) ymax(  1.650000    )

#------------------------------------------------------------------------------
 newpage:
#   no. =  3   iz  =  2   part. = proton  
#   z = (   9.8430E+01  -   9.8480E+01  )

'no. =  3,  iz =  2'
msuc: {\huge Dosis xy}
msdr: {\it plotted by \ANGEL \version}
msdl: {\it calculated by \PHITS  3.36}

x: x [cm]
y: y [cm]
set: c1[ 2.062] c2[ 0.627] c5[ 0.800] c6[ 0.743] c7[ 0.708] c8[ 0.000]
p: h2fs form[c1] xfac[c2] afac[c5] scal[c6] xorg[c7] yorg[c8] nosp
set: c3[   6.003922E-08] c4[   2.382731E-01]
p: cmin[c3] cmax[c4]
p: dmin(1e-31)
p: zlog
p: xmin(-0.8000000    ) xmax( 0.8000000    )
p: ymin( -1.650000    ) ymax(  1.650000    )
#  ny =  33   nx =  16
# ( ( data(x,y), x = 1, nx ), y = ny, 1, -1 )

hc:  y =   1.600000     to  -1.600000     by  0.1000000     ; x = -0.7500000     to  0.7500000     by  0.1000000     ;
  2.369E-01  2.355E-01  2.351E-01  2.355E-01  2.359E-01  2.352E-01  2.375E-01  2.368E-01  2.366E-01  2.361E-01
  2.351E-01  2.359E-01  2.357E-01  2.355E-01  2.370E-01  2.379E-01  2.354E-01  2.377E-01  2.350E-01  2.355E-01
  2.359E-01  2.378E-01  2.346E-01  2.343E-01  2.356E-01  2.360E-01  2.348E-01  2.342E-01  2.353E-01  2.364E-01
  2.342E-01  2.355E-01  2.349E-01  2.339E-01  2.355E-01  2.339E-01  2.351E-01  2.345E-01  2.349E-01  2.344E-01
  2.341E-01  2.346E-01  2.353E-01  2.353E-01  2.350E-01  2.353E-01  2.336E-01  2.359E-01  2.349E-01  2.346E-01
  2.338E-01  2.343E-01  2.347E-01  2.343E-01  2.359E-01  2.347E-01  2.351E-01  2.344E-01  2.353E-01  2.345E-01
  2.341E-01  2.341E-01  2.359E-01  2.367E-01  2.340E-01  2.338E-01  2.340E-01  2.340E-01  2.331E-01  2.336E-01
  2.318E-01  2.342E-01  2.336E-01  2.342E-01  2.335E-01  2.338E-01  2.340E-01  2.330E-01  2.348E-01  2.339E-01
  2.338E-01  2.346E-01  2.323E-01  2.332E-01  2.332E-01  2.335E-01  2.326E-01  2.317E-01  2.332E-01  2.337E-01
  2.340E-01  2.334E-01  2.329E-01  2.317E-01  2.332E-01  2.344E-01  2.326E-01  2.348E-01  2.329E-01  2.307E-01
  2.327E-01  2.334E-01  2.308E-01  2.331E-01  2.347E-01  2.331E-01  2.332E-01  2.330E-01  2.325E-01  2.325E-01
  2.330E-01  2.342E-01  2.331E-01  2.329E-01  2.309E-01  2.327E-01  2.309E-01  2.315E-01  2.321E-01  2.312E-01
  2.319E-01  2.322E-01  2.306E-01  2.310E-01  2.323E-01  2.331E-01  2.331E-01  2.318E-01  2.324E-01  2.286E-01
  2.316E-01  2.316E-01  2.309E-01  2.317E-01  2.308E-01  2.293E-01  2.305E-01  2.300E-01  2.311E-01  2.308E-01
  2.314E-01  2.323E-01  2.332E-01  2.328E-01  2.329E-01  2.314E-01  2.325E-01  2.317E-01  2.310E-01  2.294E-01
  2.306E-01  2.296E-01  2.283E-01  2.299E-01  2.304E-01  2.311E-01  2.316E-01  2.304E-01  2.312E-01  2.327E-01
  2.310E-01  2.318E-01  2.306E-01  2.306E-01  2.301E-01  2.293E-01  2.285E-01  2.281E-01  2.290E-01  2.295E-01
  2.303E-01  2.295E-01  2.312E-01  2.300E-01  2.313E-01  2.317E-01  2.306E-01  2.306E-01  2.306E-01  2.286E-01
  2.292E-01  2.279E-01  2.275E-01  2.288E-01  2.293E-01  2.301E-01  2.302E-01  2.298E-01  2.295E-01  2.308E-01
  2.293E-01  2.297E-01  2.307E-01  2.294E-01  2.302E-01  2.296E-01  2.298E-01  2.299E-01  2.282E-01  2.265E-01
  2.283E-01  2.284E-01  2.302E-01  2.288E-01  2.280E-01  2.303E-01  2.303E-01  2.292E-01  2.302E-01  2.320E-01
  2.286E-01  2.281E-01  2.277E-01  2.279E-01  2.291E-01  2.286E-01  2.274E-01  2.289E-01  2.279E-01  2.294E-01
  2.288E-01  2.292E-01  2.293E-01  2.325E-01  2.293E-01  2.301E-01  2.307E-01  2.300E-01  2.293E-01  2.271E-01
  2.285E-01  2.291E-01  2.285E-01  2.270E-01  2.284E-01  2.277E-01  2.293E-01  2.292E-01  2.293E-01  2.296E-01
  2.302E-01  2.300E-01  2.283E-01  2.288E-01  2.282E-01  2.279E-01  2.265E-01  2.284E-01  2.273E-01  2.300E-01
  2.281E-01  2.290E-01  2.291E-01  2.289E-01  2.290E-01  2.311E-01  2.313E-01  2.314E-01  2.268E-01  2.269E-01
  2.286E-01  2.277E-01  2.273E-01  2.272E-01  2.268E-01  2.283E-01  2.281E-01  2.281E-01  2.283E-01  2.287E-01
  2.298E-01  2.321E-01  2.294E-01  2.308E-01  2.292E-01  2.287E-01  2.302E-01  2.283E-01  2.282E-01  2.278E-01
  2.274E-01  2.267E-01  2.284E-01  2.270E-01  2.297E-01  2.288E-01  2.288E-01  2.306E-01  2.309E-01  2.297E-01
  2.290E-01  2.271E-01  2.268E-01  2.274E-01  2.276E-01  2.281E-01  2.278E-01  2.273E-01  2.276E-01  2.285E-01
  2.285E-01  2.290E-01  2.296E-01  2.302E-01  2.296E-01  2.293E-01  2.297E-01  2.298E-01  2.280E-01  2.281E-01
  2.272E-01  2.294E-01  2.286E-01  2.290E-01  2.283E-01  2.280E-01  2.290E-01  2.292E-01  2.308E-01  2.304E-01
  2.307E-01  2.299E-01  2.321E-01  2.293E-01  2.294E-01  2.299E-01  2.287E-01  2.275E-01  2.289E-01  2.285E-01
  2.285E-01  2.292E-01  2.282E-01  2.317E-01  2.297E-01  2.312E-01  2.313E-01  2.307E-01  2.309E-01  2.309E-01
  2.286E-01  2.291E-01  2.285E-01  2.288E-01  2.287E-01  2.286E-01  2.283E-01  2.291E-01  2.307E-01  2.304E-01
  2.302E-01  2.295E-01  2.318E-01  2.321E-01  2.303E-01  2.304E-01  2.296E-01  2.295E-01  2.302E-01  2.303E-01
  2.292E-01  2.278E-01  2.287E-01  2.294E-01  2.311E-01  2.304E-01  2.295E-01  2.316E-01  2.321E-01  2.296E-01
  2.327E-01  2.316E-01  2.301E-01  2.304E-01  2.304E-01  2.287E-01  2.308E-01  2.303E-01  2.309E-01  2.317E-01
  2.312E-01  2.300E-01  2.314E-01  2.316E-01  2.316E-01  2.326E-01  2.320E-01  2.302E-01  2.314E-01  2.310E-01
  2.315E-01  2.311E-01  2.300E-01  2.303E-01  2.319E-01  2.309E-01  2.294E-01  2.320E-01  2.317E-01  2.330E-01
  2.343E-01  2.329E-01  2.316E-01  2.323E-01  2.319E-01  2.309E-01  2.317E-01  2.308E-01  2.324E-01  2.295E-01
  2.312E-01  2.309E-01  2.301E-01  2.326E-01  2.313E-01  2.323E-01  2.337E-01  2.323E-01  2.329E-01  2.318E-01
  2.336E-01  2.327E-01  2.325E-01  2.315E-01  2.327E-01  2.308E-01  2.318E-01  2.309E-01  2.325E-01  2.310E-01
  2.345E-01  2.333E-01  2.334E-01  2.345E-01  2.336E-01  2.337E-01  2.321E-01  2.331E-01  2.313E-01  2.329E-01
  2.319E-01  2.322E-01  2.356E-01  2.332E-01  2.331E-01  2.323E-01  2.349E-01  2.344E-01  2.341E-01  2.354E-01
  2.340E-01  2.342E-01  2.347E-01  2.346E-01  2.342E-01  2.324E-01  2.327E-01  2.328E-01  2.346E-01  2.351E-01
  2.345E-01  2.348E-01  2.343E-01  2.355E-01  2.348E-01  2.333E-01  2.346E-01  2.344E-01  2.341E-01  2.343E-01
  2.356E-01  2.335E-01  2.353E-01  2.351E-01  2.344E-01  2.327E-01  2.337E-01  2.349E-01  2.354E-01  2.344E-01
  2.340E-01  2.350E-01  2.356E-01  2.350E-01  2.327E-01  2.364E-01  2.355E-01  2.356E-01  2.356E-01  2.359E-01
  2.348E-01  2.355E-01  2.331E-01  2.342E-01  2.346E-01  2.350E-01  2.349E-01  2.346E-01  2.345E-01  2.350E-01
  2.359E-01  2.340E-01  2.331E-01  2.352E-01  2.352E-01  2.353E-01  2.352E-01  2.363E-01  2.346E-01  2.349E-01
  2.360E-01  2.367E-01  2.365E-01  2.367E-01  2.352E-01  2.350E-01  2.352E-01  2.360E-01  2.344E-01  2.349E-01
  2.356E-01  2.355E-01  2.361E-01  2.368E-01  2.346E-01  2.376E-01  2.346E-01  2.372E-01

#------------------------------------------------------------------------------
# gshow
#------------------------------------------------------------------------------

p: legs[c5*0.875]

hb:   line clip z  
frame:
 -7.9999814E-01 -1.6499925E+00
  8.0000186E-01 -1.6499925E+00
  8.0000186E-01  1.6500075E+00
 -7.9999814E-01  1.6500075E+00
clip:
 -8.94115672E-01 -1.74705108E+00
  8.94119622E-01 -1.74705108E+00
  8.94119622E-01 -1.64116873E+00
  8.94119622E-01 -1.53528638E+00
  8.94119622E-01 -1.42940402E+00
  8.94119622E-01 -1.32352167E+00
  8.94119622E-01 -1.21763932E+00
  8.94119622E-01 -1.11175697E+00
  8.94119622E-01 -1.00587461E+00
  8.94119622E-01 -8.99992259E-01
  8.94119622E-01 -7.94109906E-01
  8.94119622E-01 -6.88227553E-01
  8.94119622E-01 -5.82345200E-01
  8.94119622E-01 -4.76462847E-01
  8.94119622E-01 -3.70580495E-01
  8.94119622E-01 -2.64698142E-01
  8.94119622E-01 -1.58815789E-01
  8.94119622E-01 -5.29334357E-02
  8.94119622E-01  5.29489172E-02
  8.94119622E-01  1.58831270E-01
  8.94119622E-01  2.64713623E-01
  8.94119622E-01  3.70595976E-01
  8.94119622E-01  4.76478329E-01
  8.94119622E-01  5.82360682E-01
  8.94119622E-01  6.88243035E-01
  8.94119622E-01  7.94125388E-01
  8.94119622E-01  9.00007741E-01
  8.94119622E-01  1.00589009E+00
  8.94119622E-01  1.11177245E+00
  8.94119622E-01  1.21765480E+00
  8.94119622E-01  1.32353715E+00
  8.94119622E-01  1.42941951E+00
  8.94119622E-01  1.53530186E+00
  8.94119622E-01  1.64118421E+00
  8.94119622E-01  1.74706656E+00
  7.82354916E-01  1.74706656E+00
  6.70590211E-01  1.74706656E+00
  5.58825505E-01  1.74706656E+00
  4.47060799E-01  1.74706656E+00
  3.35296093E-01  1.74706656E+00
  2.23531387E-01  1.74706656E+00
  1.11766681E-01  1.74706656E+00
  1.97530848E-06  1.74706656E+00
 -1.11762731E-01  1.74706656E+00
 -2.23527436E-01  1.74706656E+00
 -3.35292142E-01  1.74706656E+00
 -4.47056848E-01  1.74706656E+00
 -5.58821554E-01  1.74706656E+00
 -6.70586260E-01  1.74706656E+00
 -7.82350966E-01  1.74706656E+00
 -8.94115672E-01  1.74706656E+00
 -8.94115672E-01  1.64118421E+00
 -8.94115672E-01  1.53530186E+00
 -8.94115672E-01  1.42941951E+00
 -8.94115672E-01  1.32353715E+00
 -8.94115672E-01  1.21765480E+00
 -8.94115672E-01  1.11177245E+00
 -8.94115672E-01  1.00589009E+00
 -8.94115672E-01  9.00007741E-01
 -8.94115672E-01  7.94125388E-01
 -8.94115672E-01  6.88243035E-01
 -8.94115672E-01  5.82360682E-01
 -8.94115672E-01  4.76478329E-01
 -8.94115672E-01  3.70595976E-01
 -8.94115672E-01  2.64713623E-01
 -8.94115672E-01  1.58831270E-01
 -8.94115672E-01  5.29489172E-02
 -8.94115672E-01 -5.29334357E-02
 -8.94115672E-01 -1.58815789E-01
 -8.94115672E-01 -2.64698142E-01
 -8.94115672E-01 -3.70580495E-01
 -8.94115672E-01 -4.76462847E-01
 -8.94115672E-01 -5.82345200E-01
 -8.94115672E-01 -6.88227553E-01
 -8.94115672E-01 -7.94109906E-01
 -8.94115672E-01 -8.99992259E-01
 -8.94115672E-01 -1.00587461E+00
 -8.94115672E-01 -1.11175697E+00
 -8.94115672E-01 -1.21763932E+00
 -8.94115672E-01 -1.32352167E+00
 -8.94115672E-01 -1.42940402E+00
 -8.94115672E-01 -1.53528638E+00
 -8.94115672E-01 -1.64116873E+00
 -8.94115672E-01 -1.74705108E+00

#------------------------------------------------------------------------------
z: xorg(1.03)
p: xfac[c2*0.05] form[c1/0.05] notc noxt noyt dmin(1)
p: ymin(0) ymax(1) xmin(0) xmax(1) cmin(1) cmax(100) nosp
hc: y= 0.005 to 0.995 by 0.01 ; x= 0.5 to 0.5 by 1 ;
 1  2  3  4  5  6  7  8  9 10 11 12 13 14 15 16 17 18 19 20
21 22 23 24 25 26 27 28 29 30 31 32 33 34 35 36 37 38 39 40
41 42 43 44 45 46 47 48 49 50 51 52 53 54 55 56 57 58 59 60
61 62 63 64 65 66 67 68 69 70 71 72 73 74 75 76 77 78 79 80
81 82 83 84 85 86 87 88 89 90 91 92 93 94 95 96 97 98 99 100
z: xorg(0.0)
p: xfac[c2*0.05] form[c1/0.05] nosp afac[c5*0.625] ymin[c3] ymax[c4]
p: noxt noxn ytxt(-1) ynum(-1) xltd(-1) xstd(-1) itic(1) ylog
y: Dose [Gy/source]      
#------------------------------------------------------------------------------

wt: s[c5]
\vspace{-3}
  zmin  &=&   9.8430E+01 [cm]
  zmax  &=&   9.8480E+01 [cm]
  part. &=& proton  
e:

#------------------------------------------------------------------------------
z: xorg[-1.03/0.05]
p: form[c1] xfac[c2] afac[c5] nosp notf
p: xmin(-0.8000000    ) xmax( 0.8000000    )
p: ymin( -1.650000    ) ymax(  1.650000    )

#------------------------------------------------------------------------------
 newpage:
#   no. =  4   iz  =  2   part. = photon  
#   z = (   9.8430E+01  -   9.8480E+01  )

'no. =  4,  iz =  2'
msuc: {\huge Dosis xy}
msdr: {\it plotted by \ANGEL \version}
msdl: {\it calculated by \PHITS  3.36}

x: x [cm]
y: y [cm]
set: c1[ 2.062] c2[ 0.627] c5[ 0.800] c6[ 0.743] c7[ 0.708] c8[ 0.000]
p: h2fs form[c1] xfac[c2] afac[c5] scal[c6] xorg[c7] yorg[c8] nosp
set: c3[   6.003922E-08] c4[   2.382731E-01]
p: cmin[c3] cmax[c4]
p: dmin(1e-31)
p: zlog
p: xmin(-0.8000000    ) xmax( 0.8000000    )
p: ymin( -1.650000    ) ymax(  1.650000    )
#  ny =  33   nx =  16
# ( ( data(x,y), x = 1, nx ), y = ny, 1, -1 )

hc:  y =   1.600000     to  -1.600000     by  0.1000000     ; x = -0.7500000     to  0.7500000     by  0.1000000     ;
  1.046E-07  1.081E-07  1.159E-07  1.289E-07  1.431E-07  1.383E-07  1.513E-07  1.027E-07  1.153E-07  1.545E-07
  9.481E-08  1.398E-07  1.351E-07  1.455E-07  1.499E-07  1.151E-07  1.192E-07  1.021E-07  1.390E-07  1.129E-07
  1.505E-07  1.859E-07  1.095E-07  9.196E-08  9.609E-08  1.125E-07  1.126E-07  9.165E-08  6.148E-08  1.193E-07
  1.442E-07  1.021E-07  1.009E-07  9.542E-08  9.237E-08  1.075E-07  1.738E-07  1.268E-07  1.049E-07  1.292E-07
  1.308E-07  1.318E-07  1.573E-07  1.137E-07  1.217E-07  1.495E-07  1.707E-07  9.608E-08  1.207E-07  1.195E-07
  1.471E-07  1.291E-07  1.228E-07  1.184E-07  1.380E-07  1.595E-07  1.486E-07  1.544E-07  1.645E-07  1.221E-07
  1.054E-07  1.111E-07  1.459E-07  1.122E-07  1.412E-07  1.133E-07  1.233E-07  1.556E-07  1.052E-07  8.864E-08
  9.405E-08  1.158E-07  1.121E-07  9.844E-08  1.066E-07  8.169E-08  1.201E-07  1.720E-07  1.495E-07  1.011E-07
  1.507E-07  9.853E-08  1.201E-07  1.141E-07  1.073E-07  8.420E-08  1.180E-07  1.561E-07  1.348E-07  1.166E-07
  1.326E-07  1.182E-07  8.618E-08  1.318E-07  1.506E-07  1.512E-07  1.358E-07  1.345E-07  1.151E-07  1.385E-07
  1.087E-07  1.426E-07  1.356E-07  1.405E-07  8.610E-08  1.361E-07  1.266E-07  1.379E-07  1.111E-07  1.619E-07
  1.168E-07  1.452E-07  1.256E-07  1.530E-07  1.457E-07  1.728E-07  7.890E-08  1.589E-07  1.335E-07  1.392E-07
  7.919E-08  6.965E-08  1.206E-07  1.904E-07  1.694E-07  1.359E-07  1.104E-07  1.343E-07  1.186E-07  1.702E-07
  1.700E-07  1.818E-07  1.116E-07  1.244E-07  1.859E-07  1.330E-07  9.556E-08  9.579E-08  8.601E-08  9.882E-08
  1.018E-07  1.333E-07  1.817E-07  1.314E-07  1.472E-07  1.516E-07  9.655E-08  1.103E-07  1.577E-07  1.362E-07
  1.058E-07  1.142E-07  1.109E-07  8.519E-08  9.168E-08  1.178E-07  1.448E-07  1.172E-07  1.155E-07  1.393E-07
  1.709E-07  1.315E-07  1.272E-07  1.509E-07  1.336E-07  1.124E-07  1.190E-07  1.125E-07  1.118E-07  1.295E-07
  1.200E-07  9.357E-08  1.046E-07  1.319E-07  1.500E-07  9.770E-08  1.281E-07  1.053E-07  1.155E-07  1.526E-07
  1.433E-07  1.234E-07  1.171E-07  1.005E-07  1.694E-07  1.383E-07  8.721E-08  1.345E-07  1.131E-07  1.348E-07
  1.426E-07  1.461E-07  9.666E-08  1.129E-07  7.195E-08  1.320E-07  1.623E-07  1.140E-07  1.320E-07  1.070E-07
  1.866E-07  1.557E-07  1.254E-07  1.519E-07  1.250E-07  1.514E-07  1.305E-07  1.399E-07  8.948E-08  8.308E-08
  7.152E-08  1.087E-07  9.300E-08  1.419E-07  1.019E-07  1.125E-07  1.242E-07  1.025E-07  1.351E-07  1.545E-07
  1.519E-07  1.119E-07  1.015E-07  1.122E-07  1.368E-07  1.024E-07  1.237E-07  1.447E-07  1.249E-07  1.090E-07
  1.094E-07  1.537E-07  1.093E-07  9.728E-08  1.135E-07  1.633E-07  1.217E-07  8.197E-08  1.517E-07  1.565E-07
  1.249E-07  1.126E-07  9.530E-08  1.301E-07  1.404E-07  8.810E-08  1.185E-07  1.351E-07  1.044E-07  1.088E-07
  1.511E-07  1.536E-07  1.520E-07  1.223E-07  1.354E-07  1.182E-07  1.740E-07  1.206E-07  1.162E-07  1.079E-07
  1.089E-07  1.320E-07  1.191E-07  1.045E-07  1.179E-07  8.625E-08  1.590E-07  1.622E-07  1.336E-07  1.298E-07
  1.227E-07  1.243E-07  1.191E-07  1.016E-07  1.456E-07  1.427E-07  1.330E-07  1.253E-07  8.753E-08  1.061E-07
  1.713E-07  1.220E-07  1.456E-07  1.071E-07  1.542E-07  1.373E-07  9.016E-08  9.918E-08  1.418E-07  1.406E-07
  1.150E-07  8.170E-08  8.923E-08  1.315E-07  1.524E-07  1.085E-07  1.249E-07  1.383E-07  1.099E-07  1.425E-07
  1.398E-07  1.449E-07  1.048E-07  9.010E-08  1.093E-07  1.281E-07  1.174E-07  1.500E-07  1.404E-07  1.237E-07
  1.147E-07  1.404E-07  1.147E-07  1.080E-07  1.031E-07  1.879E-07  1.713E-07  1.247E-07  1.351E-07  1.105E-07
  9.636E-08  1.504E-07  1.042E-07  1.231E-07  1.323E-07  1.315E-07  1.178E-07  1.280E-07  1.085E-07  1.103E-07
  1.187E-07  1.014E-07  1.452E-07  1.334E-07  1.309E-07  1.229E-07  1.031E-07  1.114E-07  1.297E-07  1.647E-07
  1.514E-07  1.235E-07  1.495E-07  1.435E-07  1.577E-07  1.460E-07  9.957E-08  1.190E-07  9.472E-08  1.640E-07
  1.213E-07  1.241E-07  1.544E-07  1.112E-07  1.052E-07  1.089E-07  1.329E-07  1.417E-07  1.085E-07  1.060E-07
  1.263E-07  1.062E-07  1.290E-07  1.297E-07  1.479E-07  9.113E-08  8.868E-08  1.343E-07  1.020E-07  1.259E-07
  7.933E-08  1.327E-07  1.224E-07  1.188E-07  1.241E-07  1.050E-07  1.268E-07  1.582E-07  1.094E-07  1.467E-07
  1.453E-07  9.832E-08  8.153E-08  8.822E-08  1.473E-07  1.449E-07  1.291E-07  1.191E-07  1.388E-07  1.636E-07
  1.409E-07  1.312E-07  1.363E-07  1.845E-07  1.334E-07  1.206E-07  1.230E-07  1.282E-07  9.563E-08  9.923E-08
  1.178E-07  9.843E-08  9.481E-08  1.172E-07  1.313E-07  1.332E-07  1.280E-07  1.109E-07  1.187E-07  9.632E-08
  1.224E-07  8.847E-08  1.758E-07  9.581E-08  1.041E-07  1.428E-07  1.257E-07  9.754E-08  8.973E-08  8.718E-08
  1.330E-07  1.053E-07  1.334E-07  8.576E-08  9.182E-08  1.112E-07  1.206E-07  1.494E-07  1.582E-07  1.120E-07
  1.367E-07  8.641E-08  1.521E-07  1.210E-07  8.341E-08  1.120E-07  1.188E-07  9.419E-08  1.767E-07  1.397E-07
  1.042E-07  1.453E-07  1.370E-07  1.393E-07  1.194E-07  1.030E-07  1.352E-07  1.035E-07  1.218E-07  1.166E-07
  1.185E-07  1.507E-07  1.449E-07  1.523E-07  1.218E-07  1.358E-07  1.658E-07  1.806E-07  1.117E-07  1.438E-07
  9.438E-08  8.585E-08  1.287E-07  1.192E-07  1.137E-07  1.121E-07  9.895E-08  1.456E-07  1.258E-07  1.339E-07
  1.406E-07  9.090E-08  1.637E-07  1.168E-07  1.174E-07  1.295E-07  1.272E-07  9.934E-08  1.227E-07  1.247E-07
  1.651E-07  1.327E-07  1.093E-07  1.265E-07  1.440E-07  1.033E-07  1.307E-07  1.506E-07  1.532E-07  1.401E-07
  1.353E-07  1.470E-07  1.529E-07  9.673E-08  1.148E-07  1.581E-07  1.073E-07  1.546E-07  6.247E-08  9.803E-08
  1.455E-07  8.879E-08  9.798E-08  1.661E-07  1.856E-07  1.613E-07  1.357E-07  1.308E-07  1.099E-07  1.006E-07
  1.353E-07  1.736E-07  1.379E-07  1.354E-07  1.490E-07  1.785E-07  1.528E-07  1.369E-07  1.595E-07  2.039E-07
  1.519E-07  1.108E-07  1.383E-07  1.220E-07  1.106E-07  8.154E-08  1.057E-07  8.683E-08

#------------------------------------------------------------------------------
# gshow
#------------------------------------------------------------------------------

p: legs[c5*0.875]

hb:   line clip z  
frame:
 -7.9999814E-01 -1.6499925E+00
  8.0000186E-01 -1.6499925E+00
  8.0000186E-01  1.6500075E+00
 -7.9999814E-01  1.6500075E+00
clip:
 -8.94115672E-01 -1.74705108E+00
  8.94119622E-01 -1.74705108E+00
  8.94119622E-01 -1.64116873E+00
  8.94119622E-01 -1.53528638E+00
  8.94119622E-01 -1.42940402E+00
  8.94119622E-01 -1.32352167E+00
  8.94119622E-01 -1.21763932E+00
  8.94119622E-01 -1.11175697E+00
  8.94119622E-01 -1.00587461E+00
  8.94119622E-01 -8.99992259E-01
  8.94119622E-01 -7.94109906E-01
  8.94119622E-01 -6.88227553E-01
  8.94119622E-01 -5.82345200E-01
  8.94119622E-01 -4.76462847E-01
  8.94119622E-01 -3.70580495E-01
  8.94119622E-01 -2.64698142E-01
  8.94119622E-01 -1.58815789E-01
  8.94119622E-01 -5.29334357E-02
  8.94119622E-01  5.29489172E-02
  8.94119622E-01  1.58831270E-01
  8.94119622E-01  2.64713623E-01
  8.94119622E-01  3.70595976E-01
  8.94119622E-01  4.76478329E-01
  8.94119622E-01  5.82360682E-01
  8.94119622E-01  6.88243035E-01
  8.94119622E-01  7.94125388E-01
  8.94119622E-01  9.00007741E-01
  8.94119622E-01  1.00589009E+00
  8.94119622E-01  1.11177245E+00
  8.94119622E-01  1.21765480E+00
  8.94119622E-01  1.32353715E+00
  8.94119622E-01  1.42941951E+00
  8.94119622E-01  1.53530186E+00
  8.94119622E-01  1.64118421E+00
  8.94119622E-01  1.74706656E+00
  7.82354916E-01  1.74706656E+00
  6.70590211E-01  1.74706656E+00
  5.58825505E-01  1.74706656E+00
  4.47060799E-01  1.74706656E+00
  3.35296093E-01  1.74706656E+00
  2.23531387E-01  1.74706656E+00
  1.11766681E-01  1.74706656E+00
  1.97530848E-06  1.74706656E+00
 -1.11762731E-01  1.74706656E+00
 -2.23527436E-01  1.74706656E+00
 -3.35292142E-01  1.74706656E+00
 -4.47056848E-01  1.74706656E+00
 -5.58821554E-01  1.74706656E+00
 -6.70586260E-01  1.74706656E+00
 -7.82350966E-01  1.74706656E+00
 -8.94115672E-01  1.74706656E+00
 -8.94115672E-01  1.64118421E+00
 -8.94115672E-01  1.53530186E+00
 -8.94115672E-01  1.42941951E+00
 -8.94115672E-01  1.32353715E+00
 -8.94115672E-01  1.21765480E+00
 -8.94115672E-01  1.11177245E+00
 -8.94115672E-01  1.00589009E+00
 -8.94115672E-01  9.00007741E-01
 -8.94115672E-01  7.94125388E-01
 -8.94115672E-01  6.88243035E-01
 -8.94115672E-01  5.82360682E-01
 -8.94115672E-01  4.76478329E-01
 -8.94115672E-01  3.70595976E-01
 -8.94115672E-01  2.64713623E-01
 -8.94115672E-01  1.58831270E-01
 -8.94115672E-01  5.29489172E-02
 -8.94115672E-01 -5.29334357E-02
 -8.94115672E-01 -1.58815789E-01
 -8.94115672E-01 -2.64698142E-01
 -8.94115672E-01 -3.70580495E-01
 -8.94115672E-01 -4.76462847E-01
 -8.94115672E-01 -5.82345200E-01
 -8.94115672E-01 -6.88227553E-01
 -8.94115672E-01 -7.94109906E-01
 -8.94115672E-01 -8.99992259E-01
 -8.94115672E-01 -1.00587461E+00
 -8.94115672E-01 -1.11175697E+00
 -8.94115672E-01 -1.21763932E+00
 -8.94115672E-01 -1.32352167E+00
 -8.94115672E-01 -1.42940402E+00
 -8.94115672E-01 -1.53528638E+00
 -8.94115672E-01 -1.64116873E+00
 -8.94115672E-01 -1.74705108E+00

#------------------------------------------------------------------------------
z: xorg(1.03)
p: xfac[c2*0.05] form[c1/0.05] notc noxt noyt dmin(1)
p: ymin(0) ymax(1) xmin(0) xmax(1) cmin(1) cmax(100) nosp
hc: y= 0.005 to 0.995 by 0.01 ; x= 0.5 to 0.5 by 1 ;
 1  2  3  4  5  6  7  8  9 10 11 12 13 14 15 16 17 18 19 20
21 22 23 24 25 26 27 28 29 30 31 32 33 34 35 36 37 38 39 40
41 42 43 44 45 46 47 48 49 50 51 52 53 54 55 56 57 58 59 60
61 62 63 64 65 66 67 68 69 70 71 72 73 74 75 76 77 78 79 80
81 82 83 84 85 86 87 88 89 90 91 92 93 94 95 96 97 98 99 100
z: xorg(0.0)
p: xfac[c2*0.05] form[c1/0.05] nosp afac[c5*0.625] ymin[c3] ymax[c4]
p: noxt noxn ytxt(-1) ynum(-1) xltd(-1) xstd(-1) itic(1) ylog
y: Dose [Gy/source]      
#------------------------------------------------------------------------------

wt: s[c5]
\vspace{-3}
  zmin  &=&   9.8430E+01 [cm]
  zmax  &=&   9.8480E+01 [cm]
  part. &=& photon  
e:

#------------------------------------------------------------------------------
z: xorg[-1.03/0.05]
p: form[c1] xfac[c2] afac[c5] nosp notf
p: xmin(-0.8000000    ) xmax( 0.8000000    )
p: ymin( -1.650000    ) ymax(  1.650000    )

#------------------------------------------------------------------------------
 newpage:
#   no. =  5   iz  =  3   part. = proton  
#   z = (   9.8480E+01  -   9.8530E+01  )

'no. =  5,  iz =  3'
msuc: {\huge Dosis xy}
msdr: {\it plotted by \ANGEL \version}
msdl: {\it calculated by \PHITS  3.36}

x: x [cm]
y: y [cm]
set: c1[ 2.062] c2[ 0.627] c5[ 0.800] c6[ 0.743] c7[ 0.708] c8[ 0.000]
p: h2fs form[c1] xfac[c2] afac[c5] scal[c6] xorg[c7] yorg[c8] nosp
set: c3[   6.003922E-08] c4[   2.382731E-01]
p: cmin[c3] cmax[c4]
p: dmin(1e-31)
p: zlog
p: xmin(-0.8000000    ) xmax( 0.8000000    )
p: ymin( -1.650000    ) ymax(  1.650000    )
#  ny =  33   nx =  16
# ( ( data(x,y), x = 1, nx ), y = ny, 1, -1 )

hc:  y =   1.600000     to  -1.600000     by  0.1000000     ; x = -0.7500000     to  0.7500000     by  0.1000000     ;
  2.346E-01  2.332E-01  2.353E-01  2.353E-01  2.347E-01  2.351E-01  2.352E-01  2.357E-01  2.345E-01  2.355E-01
  2.352E-01  2.346E-01  2.359E-01  2.343E-01  2.372E-01  2.375E-01  2.361E-01  2.359E-01  2.345E-01  2.354E-01
  2.354E-01  2.361E-01  2.348E-01  2.345E-01  2.359E-01  2.357E-01  2.340E-01  2.345E-01  2.348E-01  2.360E-01
  2.342E-01  2.351E-01  2.355E-01  2.344E-01  2.344E-01  2.360E-01  2.364E-01  2.333E-01  2.339E-01  2.351E-01
  2.323E-01  2.339E-01  2.348E-01  2.362E-01  2.346E-01  2.345E-01  2.345E-01  2.354E-01  2.348E-01  2.334E-01
  2.347E-01  2.329E-01  2.333E-01  2.332E-01  2.346E-01  2.329E-01  2.351E-01  2.354E-01  2.348E-01  2.341E-01
  2.349E-01  2.334E-01  2.336E-01  2.356E-01  2.331E-01  2.340E-01  2.350E-01  2.349E-01  2.338E-01  2.343E-01
  2.315E-01  2.341E-01  2.343E-01  2.329E-01  2.315E-01  2.336E-01  2.331E-01  2.336E-01  2.344E-01  2.341E-01
  2.336E-01  2.330E-01  2.320E-01  2.339E-01  2.336E-01  2.336E-01  2.324E-01  2.325E-01  2.335E-01  2.332E-01
  2.315E-01  2.333E-01  2.334E-01  2.316E-01  2.343E-01  2.333E-01  2.334E-01  2.316E-01  2.328E-01  2.310E-01
  2.345E-01  2.323E-01  2.309E-01  2.323E-01  2.343E-01  2.316E-01  2.320E-01  2.320E-01  2.325E-01  2.342E-01
  2.329E-01  2.341E-01  2.344E-01  2.329E-01  2.318E-01  2.327E-01  2.316E-01  2.317E-01  2.321E-01  2.308E-01
  2.314E-01  2.314E-01  2.318E-01  2.299E-01  2.323E-01  2.320E-01  2.327E-01  2.323E-01  2.309E-01  2.303E-01
  2.340E-01  2.320E-01  2.302E-01  2.322E-01  2.324E-01  2.302E-01  2.290E-01  2.295E-01  2.320E-01  2.309E-01
  2.308E-01  2.314E-01  2.321E-01  2.333E-01  2.331E-01  2.317E-01  2.309E-01  2.297E-01  2.294E-01  2.297E-01
  2.308E-01  2.304E-01  2.290E-01  2.288E-01  2.299E-01  2.307E-01  2.307E-01  2.326E-01  2.316E-01  2.322E-01
  2.310E-01  2.324E-01  2.295E-01  2.302E-01  2.297E-01  2.298E-01  2.308E-01  2.275E-01  2.302E-01  2.302E-01
  2.306E-01  2.285E-01  2.301E-01  2.303E-01  2.315E-01  2.309E-01  2.303E-01  2.301E-01  2.314E-01  2.273E-01
  2.294E-01  2.276E-01  2.289E-01  2.297E-01  2.280E-01  2.291E-01  2.293E-01  2.294E-01  2.299E-01  2.299E-01
  2.312E-01  2.304E-01  2.314E-01  2.298E-01  2.296E-01  2.290E-01  2.287E-01  2.285E-01  2.286E-01  2.262E-01
  2.287E-01  2.290E-01  2.297E-01  2.278E-01  2.278E-01  2.307E-01  2.303E-01  2.291E-01  2.291E-01  2.317E-01
  2.286E-01  2.303E-01  2.287E-01  2.294E-01  2.289E-01  2.290E-01  2.277E-01  2.284E-01  2.288E-01  2.277E-01
  2.306E-01  2.291E-01  2.301E-01  2.330E-01  2.328E-01  2.313E-01  2.292E-01  2.288E-01  2.284E-01  2.273E-01
  2.286E-01  2.280E-01  2.290E-01  2.281E-01  2.292E-01  2.292E-01  2.295E-01  2.285E-01  2.292E-01  2.289E-01
  2.303E-01  2.292E-01  2.275E-01  2.281E-01  2.268E-01  2.265E-01  2.260E-01  2.286E-01  2.281E-01  2.290E-01
  2.284E-01  2.291E-01  2.281E-01  2.302E-01  2.289E-01  2.316E-01  2.299E-01  2.298E-01  2.269E-01  2.265E-01
  2.276E-01  2.270E-01  2.281E-01  2.285E-01  2.264E-01  2.281E-01  2.291E-01  2.294E-01  2.277E-01  2.272E-01
  2.289E-01  2.297E-01  2.300E-01  2.308E-01  2.300E-01  2.276E-01  2.297E-01  2.288E-01  2.293E-01  2.264E-01
  2.272E-01  2.269E-01  2.291E-01  2.273E-01  2.279E-01  2.291E-01  2.292E-01  2.303E-01  2.312E-01  2.304E-01
  2.296E-01  2.282E-01  2.273E-01  2.272E-01  2.275E-01  2.280E-01  2.279E-01  2.275E-01  2.281E-01  2.296E-01
  2.270E-01  2.296E-01  2.296E-01  2.310E-01  2.309E-01  2.294E-01  2.282E-01  2.287E-01  2.286E-01  2.276E-01
  2.279E-01  2.284E-01  2.284E-01  2.282E-01  2.270E-01  2.278E-01  2.289E-01  2.287E-01  2.302E-01  2.301E-01
  2.288E-01  2.286E-01  2.311E-01  2.294E-01  2.303E-01  2.293E-01  2.272E-01  2.284E-01  2.288E-01  2.273E-01
  2.271E-01  2.294E-01  2.300E-01  2.311E-01  2.300E-01  2.300E-01  2.301E-01  2.309E-01  2.301E-01  2.311E-01
  2.299E-01  2.300E-01  2.295E-01  2.272E-01  2.282E-01  2.294E-01  2.296E-01  2.266E-01  2.316E-01  2.280E-01
  2.298E-01  2.295E-01  2.323E-01  2.311E-01  2.301E-01  2.305E-01  2.294E-01  2.288E-01  2.302E-01  2.297E-01
  2.282E-01  2.288E-01  2.292E-01  2.297E-01  2.305E-01  2.292E-01  2.307E-01  2.325E-01  2.317E-01  2.308E-01
  2.302E-01  2.298E-01  2.296E-01  2.302E-01  2.294E-01  2.299E-01  2.307E-01  2.288E-01  2.308E-01  2.300E-01
  2.320E-01  2.305E-01  2.313E-01  2.312E-01  2.307E-01  2.312E-01  2.323E-01  2.309E-01  2.306E-01  2.318E-01
  2.314E-01  2.301E-01  2.294E-01  2.307E-01  2.316E-01  2.309E-01  2.291E-01  2.318E-01  2.319E-01  2.328E-01
  2.351E-01  2.329E-01  2.313E-01  2.313E-01  2.335E-01  2.310E-01  2.304E-01  2.323E-01  2.311E-01  2.295E-01
  2.305E-01  2.304E-01  2.297E-01  2.312E-01  2.323E-01  2.325E-01  2.330E-01  2.324E-01  2.328E-01  2.330E-01
  2.321E-01  2.303E-01  2.315E-01  2.320E-01  2.323E-01  2.324E-01  2.333E-01  2.309E-01  2.313E-01  2.319E-01
  2.340E-01  2.340E-01  2.333E-01  2.332E-01  2.334E-01  2.326E-01  2.317E-01  2.328E-01  2.320E-01  2.326E-01
  2.323E-01  2.317E-01  2.333E-01  2.340E-01  2.319E-01  2.319E-01  2.339E-01  2.340E-01  2.348E-01  2.351E-01
  2.337E-01  2.338E-01  2.336E-01  2.334E-01  2.332E-01  2.356E-01  2.323E-01  2.316E-01  2.341E-01  2.341E-01
  2.338E-01  2.330E-01  2.352E-01  2.348E-01  2.357E-01  2.342E-01  2.349E-01  2.359E-01  2.333E-01  2.339E-01
  2.337E-01  2.348E-01  2.350E-01  2.353E-01  2.341E-01  2.325E-01  2.345E-01  2.327E-01  2.336E-01  2.349E-01
  2.344E-01  2.363E-01  2.346E-01  2.350E-01  2.325E-01  2.369E-01  2.355E-01  2.358E-01  2.354E-01  2.353E-01
  2.326E-01  2.351E-01  2.324E-01  2.345E-01  2.353E-01  2.351E-01  2.348E-01  2.337E-01  2.352E-01  2.346E-01
  2.352E-01  2.344E-01  2.335E-01  2.345E-01  2.354E-01  2.359E-01  2.355E-01  2.339E-01  2.355E-01  2.340E-01
  2.346E-01  2.351E-01  2.364E-01  2.368E-01  2.371E-01  2.350E-01  2.359E-01  2.375E-01  2.347E-01  2.350E-01
  2.350E-01  2.349E-01  2.366E-01  2.362E-01  2.350E-01  2.360E-01  2.359E-01  2.361E-01

#------------------------------------------------------------------------------
# gshow
#------------------------------------------------------------------------------

p: legs[c5*0.875]

hb:   line clip z  
frame:
 -7.9999814E-01 -1.6499925E+00
  8.0000186E-01 -1.6499925E+00
  8.0000186E-01  1.6500075E+00
 -7.9999814E-01  1.6500075E+00
clip:
 -8.94115672E-01 -1.74705108E+00
  8.94119622E-01 -1.74705108E+00
  8.94119622E-01 -1.64116873E+00
  8.94119622E-01 -1.53528638E+00
  8.94119622E-01 -1.42940402E+00
  8.94119622E-01 -1.32352167E+00
  8.94119622E-01 -1.21763932E+00
  8.94119622E-01 -1.11175697E+00
  8.94119622E-01 -1.00587461E+00
  8.94119622E-01 -8.99992259E-01
  8.94119622E-01 -7.94109906E-01
  8.94119622E-01 -6.88227553E-01
  8.94119622E-01 -5.82345200E-01
  8.94119622E-01 -4.76462847E-01
  8.94119622E-01 -3.70580495E-01
  8.94119622E-01 -2.64698142E-01
  8.94119622E-01 -1.58815789E-01
  8.94119622E-01 -5.29334357E-02
  8.94119622E-01  5.29489172E-02
  8.94119622E-01  1.58831270E-01
  8.94119622E-01  2.64713623E-01
  8.94119622E-01  3.70595976E-01
  8.94119622E-01  4.76478329E-01
  8.94119622E-01  5.82360682E-01
  8.94119622E-01  6.88243035E-01
  8.94119622E-01  7.94125388E-01
  8.94119622E-01  9.00007741E-01
  8.94119622E-01  1.00589009E+00
  8.94119622E-01  1.11177245E+00
  8.94119622E-01  1.21765480E+00
  8.94119622E-01  1.32353715E+00
  8.94119622E-01  1.42941951E+00
  8.94119622E-01  1.53530186E+00
  8.94119622E-01  1.64118421E+00
  8.94119622E-01  1.74706656E+00
  7.82354916E-01  1.74706656E+00
  6.70590211E-01  1.74706656E+00
  5.58825505E-01  1.74706656E+00
  4.47060799E-01  1.74706656E+00
  3.35296093E-01  1.74706656E+00
  2.23531387E-01  1.74706656E+00
  1.11766681E-01  1.74706656E+00
  1.97530848E-06  1.74706656E+00
 -1.11762731E-01  1.74706656E+00
 -2.23527436E-01  1.74706656E+00
 -3.35292142E-01  1.74706656E+00
 -4.47056848E-01  1.74706656E+00
 -5.58821554E-01  1.74706656E+00
 -6.70586260E-01  1.74706656E+00
 -7.82350966E-01  1.74706656E+00
 -8.94115672E-01  1.74706656E+00
 -8.94115672E-01  1.64118421E+00
 -8.94115672E-01  1.53530186E+00
 -8.94115672E-01  1.42941951E+00
 -8.94115672E-01  1.32353715E+00
 -8.94115672E-01  1.21765480E+00
 -8.94115672E-01  1.11177245E+00
 -8.94115672E-01  1.00589009E+00
 -8.94115672E-01  9.00007741E-01
 -8.94115672E-01  7.94125388E-01
 -8.94115672E-01  6.88243035E-01
 -8.94115672E-01  5.82360682E-01
 -8.94115672E-01  4.76478329E-01
 -8.94115672E-01  3.70595976E-01
 -8.94115672E-01  2.64713623E-01
 -8.94115672E-01  1.58831270E-01
 -8.94115672E-01  5.29489172E-02
 -8.94115672E-01 -5.29334357E-02
 -8.94115672E-01 -1.58815789E-01
 -8.94115672E-01 -2.64698142E-01
 -8.94115672E-01 -3.70580495E-01
 -8.94115672E-01 -4.76462847E-01
 -8.94115672E-01 -5.82345200E-01
 -8.94115672E-01 -6.88227553E-01
 -8.94115672E-01 -7.94109906E-01
 -8.94115672E-01 -8.99992259E-01
 -8.94115672E-01 -1.00587461E+00
 -8.94115672E-01 -1.11175697E+00
 -8.94115672E-01 -1.21763932E+00
 -8.94115672E-01 -1.32352167E+00
 -8.94115672E-01 -1.42940402E+00
 -8.94115672E-01 -1.53528638E+00
 -8.94115672E-01 -1.64116873E+00
 -8.94115672E-01 -1.74705108E+00

#------------------------------------------------------------------------------
z: xorg(1.03)
p: xfac[c2*0.05] form[c1/0.05] notc noxt noyt dmin(1)
p: ymin(0) ymax(1) xmin(0) xmax(1) cmin(1) cmax(100) nosp
hc: y= 0.005 to 0.995 by 0.01 ; x= 0.5 to 0.5 by 1 ;
 1  2  3  4  5  6  7  8  9 10 11 12 13 14 15 16 17 18 19 20
21 22 23 24 25 26 27 28 29 30 31 32 33 34 35 36 37 38 39 40
41 42 43 44 45 46 47 48 49 50 51 52 53 54 55 56 57 58 59 60
61 62 63 64 65 66 67 68 69 70 71 72 73 74 75 76 77 78 79 80
81 82 83 84 85 86 87 88 89 90 91 92 93 94 95 96 97 98 99 100
z: xorg(0.0)
p: xfac[c2*0.05] form[c1/0.05] nosp afac[c5*0.625] ymin[c3] ymax[c4]
p: noxt noxn ytxt(-1) ynum(-1) xltd(-1) xstd(-1) itic(1) ylog
y: Dose [Gy/source]      
#------------------------------------------------------------------------------

wt: s[c5]
\vspace{-3}
  zmin  &=&   9.8480E+01 [cm]
  zmax  &=&   9.8530E+01 [cm]
  part. &=& proton  
e:

#------------------------------------------------------------------------------
z: xorg[-1.03/0.05]
p: form[c1] xfac[c2] afac[c5] nosp notf
p: xmin(-0.8000000    ) xmax( 0.8000000    )
p: ymin( -1.650000    ) ymax(  1.650000    )

#------------------------------------------------------------------------------
 newpage:
#   no. =  6   iz  =  3   part. = photon  
#   z = (   9.8480E+01  -   9.8530E+01  )

'no. =  6,  iz =  3'
msuc: {\huge Dosis xy}
msdr: {\it plotted by \ANGEL \version}
msdl: {\it calculated by \PHITS  3.36}

x: x [cm]
y: y [cm]
set: c1[ 2.062] c2[ 0.627] c5[ 0.800] c6[ 0.743] c7[ 0.708] c8[ 0.000]
p: h2fs form[c1] xfac[c2] afac[c5] scal[c6] xorg[c7] yorg[c8] nosp
set: c3[   6.003922E-08] c4[   2.382731E-01]
p: cmin[c3] cmax[c4]
p: dmin(1e-31)
p: zlog
p: xmin(-0.8000000    ) xmax( 0.8000000    )
p: ymin( -1.650000    ) ymax(  1.650000    )
#  ny =  33   nx =  16
# ( ( data(x,y), x = 1, nx ), y = ny, 1, -1 )

hc:  y =   1.600000     to  -1.600000     by  0.1000000     ; x = -0.7500000     to  0.7500000     by  0.1000000     ;
  1.159E-07  1.184E-07  8.903E-08  1.576E-07  1.411E-07  1.316E-07  1.212E-07  1.104E-07  1.184E-07  1.182E-07
  1.267E-07  9.215E-08  1.100E-07  1.308E-07  1.096E-07  1.212E-07  8.461E-08  9.918E-08  8.213E-08  1.312E-07
  1.452E-07  1.182E-07  1.114E-07  1.005E-07  1.534E-07  1.253E-07  1.588E-07  1.551E-07  1.090E-07  8.066E-08
  1.534E-07  1.253E-07  1.275E-07  1.079E-07  1.121E-07  1.084E-07  1.156E-07  1.063E-07  1.182E-07  1.457E-07
  1.534E-07  1.357E-07  1.303E-07  1.324E-07  1.193E-07  1.258E-07  1.327E-07  1.103E-07  1.382E-07  1.198E-07
  1.505E-07  1.299E-07  1.158E-07  1.040E-07  1.155E-07  1.891E-07  1.069E-07  1.240E-07  1.013E-07  1.243E-07
  1.315E-07  1.322E-07  1.787E-07  1.114E-07  1.283E-07  1.212E-07  1.081E-07  1.205E-07  1.129E-07  8.662E-08
  8.209E-08  1.575E-07  9.684E-08  1.468E-07  1.298E-07  9.986E-08  1.781E-07  1.230E-07  1.593E-07  1.142E-07
  1.269E-07  1.036E-07  1.391E-07  1.197E-07  1.164E-07  8.535E-08  1.415E-07  1.212E-07  1.389E-07  1.273E-07
  1.592E-07  1.144E-07  1.093E-07  1.238E-07  1.701E-07  1.362E-07  1.492E-07  1.468E-07  1.275E-07  1.156E-07
  1.306E-07  1.252E-07  1.161E-07  1.786E-07  1.496E-07  1.131E-07  1.701E-07  1.478E-07  1.332E-07  1.576E-07
  1.777E-07  1.367E-07  1.320E-07  1.383E-07  1.303E-07  1.215E-07  1.144E-07  1.445E-07  1.631E-07  1.471E-07
  1.159E-07  1.062E-07  1.306E-07  1.355E-07  1.044E-07  1.298E-07  1.385E-07  1.762E-07  1.434E-07  1.401E-07
  1.672E-07  1.444E-07  1.561E-07  1.628E-07  1.261E-07  1.064E-07  7.852E-08  8.930E-08  1.055E-07  1.200E-07
  9.864E-08  1.645E-07  1.646E-07  1.174E-07  1.556E-07  1.911E-07  1.371E-07  1.105E-07  1.199E-07  1.612E-07
  1.048E-07  1.100E-07  1.205E-07  8.630E-08  1.130E-07  2.039E-07  1.227E-07  1.108E-07  1.440E-07  1.327E-07
  1.452E-07  1.468E-07  1.446E-07  1.219E-07  1.109E-07  1.062E-07  1.391E-07  1.377E-07  1.299E-07  9.752E-08
  1.059E-07  1.239E-07  1.159E-07  1.319E-07  1.227E-07  1.076E-07  1.240E-07  1.005E-07  1.493E-07  1.551E-07
  1.131E-07  1.217E-07  1.277E-07  1.316E-07  1.254E-07  1.208E-07  1.055E-07  1.652E-07  1.621E-07  1.269E-07
  1.221E-07  1.248E-07  1.051E-07  8.120E-08  9.361E-08  1.237E-07  1.392E-07  1.375E-07  1.357E-07  1.222E-07
  1.717E-07  1.568E-07  1.218E-07  2.051E-07  1.536E-07  1.026E-07  1.094E-07  1.686E-07  1.223E-07  9.981E-08
  9.981E-08  1.211E-07  1.313E-07  1.534E-07  1.369E-07  1.596E-07  1.512E-07  1.025E-07  1.435E-07  1.205E-07
  1.140E-07  1.132E-07  1.070E-07  1.292E-07  1.045E-07  1.201E-07  1.034E-07  1.108E-07  1.087E-07  8.734E-08
  1.295E-07  1.377E-07  1.766E-07  1.021E-07  1.244E-07  1.351E-07  1.181E-07  1.180E-07  1.659E-07  1.747E-07
  1.510E-07  1.138E-07  1.108E-07  6.071E-08  1.352E-07  8.062E-08  1.604E-07  1.166E-07  1.170E-07  1.311E-07
  1.704E-07  1.256E-07  1.501E-07  1.333E-07  1.519E-07  1.275E-07  1.328E-07  9.221E-08  1.411E-07  1.478E-07
  1.193E-07  1.059E-07  1.245E-07  1.215E-07  1.341E-07  8.348E-08  1.407E-07  1.705E-07  1.079E-07  1.608E-07
  1.391E-07  1.383E-07  1.654E-07  1.510E-07  1.253E-07  1.326E-07  1.516E-07  1.394E-07  1.493E-07  1.172E-07
  1.093E-07  1.208E-07  1.389E-07  1.208E-07  1.782E-07  1.559E-07  1.199E-07  1.165E-07  1.732E-07  8.551E-08
  1.277E-07  1.081E-07  1.272E-07  1.358E-07  1.017E-07  1.142E-07  1.326E-07  1.162E-07  1.874E-07  1.247E-07
  1.317E-07  1.504E-07  9.334E-08  1.021E-07  1.177E-07  1.124E-07  1.231E-07  1.108E-07  1.407E-07  9.688E-08
  1.097E-07  1.211E-07  1.450E-07  1.256E-07  1.565E-07  1.355E-07  1.372E-07  1.514E-07  1.185E-07  1.204E-07
  1.448E-07  1.332E-07  1.354E-07  1.442E-07  1.552E-07  1.247E-07  1.401E-07  1.247E-07  9.957E-08  1.013E-07
  1.012E-07  1.279E-07  1.420E-07  1.245E-07  1.163E-07  9.894E-08  9.817E-08  1.374E-07  1.142E-07  1.139E-07
  1.171E-07  1.185E-07  1.690E-07  1.556E-07  1.526E-07  1.310E-07  7.883E-08  1.331E-07  1.570E-07  1.591E-07
  1.395E-07  1.322E-07  1.128E-07  9.387E-08  1.324E-07  1.379E-07  1.268E-07  1.384E-07  1.495E-07  1.249E-07
  1.291E-07  1.070E-07  9.008E-08  1.340E-07  1.169E-07  1.236E-07  9.339E-08  1.108E-07  1.159E-07  1.221E-07
  1.075E-07  1.061E-07  1.426E-07  8.791E-08  1.067E-07  1.244E-07  1.224E-07  1.215E-07  1.448E-07  1.196E-07
  1.091E-07  1.034E-07  9.017E-08  1.009E-07  1.296E-07  1.444E-07  1.397E-07  1.435E-07  1.405E-07  1.259E-07
  1.520E-07  9.583E-08  1.423E-07  1.334E-07  1.330E-07  1.261E-07  8.003E-08  1.207E-07  1.248E-07  1.433E-07
  1.202E-07  1.197E-07  1.217E-07  1.155E-07  1.392E-07  9.797E-08  1.483E-07  1.120E-07  1.056E-07  6.004E-08
  9.924E-08  1.073E-07  1.702E-07  1.003E-07  8.306E-08  1.176E-07  1.234E-07  1.030E-07  9.795E-08  1.251E-07
  1.233E-07  1.108E-07  1.246E-07  1.584E-07  8.742E-08  1.063E-07  1.184E-07  1.208E-07  1.278E-07  1.268E-07
  1.057E-07  9.899E-08  1.507E-07  1.102E-07  7.837E-08  1.073E-07  1.254E-07  9.760E-08  1.338E-07  1.641E-07
  1.168E-07  1.142E-07  1.501E-07  1.156E-07  1.237E-07  1.225E-07  1.196E-07  1.230E-07  1.033E-07  1.187E-07
  1.358E-07  1.443E-07  1.261E-07  1.354E-07  1.279E-07  1.561E-07  1.116E-07  1.574E-07  1.240E-07  1.335E-07
  1.171E-07  9.316E-08  1.168E-07  1.561E-07  1.317E-07  1.243E-07  7.947E-08  1.260E-07  1.668E-07  1.384E-07
  1.403E-07  1.425E-07  1.448E-07  1.225E-07  9.212E-08  1.672E-07  1.217E-07  9.650E-08  1.088E-07  1.106E-07
  1.704E-07  1.054E-07  1.344E-07  1.655E-07  1.175E-07  1.219E-07  1.008E-07  1.525E-07  1.491E-07  1.656E-07
  1.445E-07  1.290E-07  1.226E-07  1.133E-07  1.152E-07  1.545E-07  8.928E-08  1.433E-07  9.721E-08  1.031E-07
  1.206E-07  1.444E-07  1.849E-07  2.024E-07  1.831E-07  1.445E-07  1.456E-07  1.329E-07  1.147E-07  9.811E-08
  1.168E-07  1.422E-07  1.201E-07  1.411E-07  1.333E-07  1.360E-07  1.064E-07  1.103E-07  1.717E-07  1.524E-07
  1.343E-07  1.206E-07  1.553E-07  1.554E-07  8.100E-08  9.768E-08  1.137E-07  1.223E-07

#------------------------------------------------------------------------------
# gshow
#------------------------------------------------------------------------------

p: legs[c5*0.875]

hb:   line clip z  
frame:
 -7.9999814E-01 -1.6499925E+00
  8.0000186E-01 -1.6499925E+00
  8.0000186E-01  1.6500075E+00
 -7.9999814E-01  1.6500075E+00
clip:
 -8.94115672E-01 -1.74705108E+00
  8.94119622E-01 -1.74705108E+00
  8.94119622E-01 -1.64116873E+00
  8.94119622E-01 -1.53528638E+00
  8.94119622E-01 -1.42940402E+00
  8.94119622E-01 -1.32352167E+00
  8.94119622E-01 -1.21763932E+00
  8.94119622E-01 -1.11175697E+00
  8.94119622E-01 -1.00587461E+00
  8.94119622E-01 -8.99992259E-01
  8.94119622E-01 -7.94109906E-01
  8.94119622E-01 -6.88227553E-01
  8.94119622E-01 -5.82345200E-01
  8.94119622E-01 -4.76462847E-01
  8.94119622E-01 -3.70580495E-01
  8.94119622E-01 -2.64698142E-01
  8.94119622E-01 -1.58815789E-01
  8.94119622E-01 -5.29334357E-02
  8.94119622E-01  5.29489172E-02
  8.94119622E-01  1.58831270E-01
  8.94119622E-01  2.64713623E-01
  8.94119622E-01  3.70595976E-01
  8.94119622E-01  4.76478329E-01
  8.94119622E-01  5.82360682E-01
  8.94119622E-01  6.88243035E-01
  8.94119622E-01  7.94125388E-01
  8.94119622E-01  9.00007741E-01
  8.94119622E-01  1.00589009E+00
  8.94119622E-01  1.11177245E+00
  8.94119622E-01  1.21765480E+00
  8.94119622E-01  1.32353715E+00
  8.94119622E-01  1.42941951E+00
  8.94119622E-01  1.53530186E+00
  8.94119622E-01  1.64118421E+00
  8.94119622E-01  1.74706656E+00
  7.82354916E-01  1.74706656E+00
  6.70590211E-01  1.74706656E+00
  5.58825505E-01  1.74706656E+00
  4.47060799E-01  1.74706656E+00
  3.35296093E-01  1.74706656E+00
  2.23531387E-01  1.74706656E+00
  1.11766681E-01  1.74706656E+00
  1.97530848E-06  1.74706656E+00
 -1.11762731E-01  1.74706656E+00
 -2.23527436E-01  1.74706656E+00
 -3.35292142E-01  1.74706656E+00
 -4.47056848E-01  1.74706656E+00
 -5.58821554E-01  1.74706656E+00
 -6.70586260E-01  1.74706656E+00
 -7.82350966E-01  1.74706656E+00
 -8.94115672E-01  1.74706656E+00
 -8.94115672E-01  1.64118421E+00
 -8.94115672E-01  1.53530186E+00
 -8.94115672E-01  1.42941951E+00
 -8.94115672E-01  1.32353715E+00
 -8.94115672E-01  1.21765480E+00
 -8.94115672E-01  1.11177245E+00
 -8.94115672E-01  1.00589009E+00
 -8.94115672E-01  9.00007741E-01
 -8.94115672E-01  7.94125388E-01
 -8.94115672E-01  6.88243035E-01
 -8.94115672E-01  5.82360682E-01
 -8.94115672E-01  4.76478329E-01
 -8.94115672E-01  3.70595976E-01
 -8.94115672E-01  2.64713623E-01
 -8.94115672E-01  1.58831270E-01
 -8.94115672E-01  5.29489172E-02
 -8.94115672E-01 -5.29334357E-02
 -8.94115672E-01 -1.58815789E-01
 -8.94115672E-01 -2.64698142E-01
 -8.94115672E-01 -3.70580495E-01
 -8.94115672E-01 -4.76462847E-01
 -8.94115672E-01 -5.82345200E-01
 -8.94115672E-01 -6.88227553E-01
 -8.94115672E-01 -7.94109906E-01
 -8.94115672E-01 -8.99992259E-01
 -8.94115672E-01 -1.00587461E+00
 -8.94115672E-01 -1.11175697E+00
 -8.94115672E-01 -1.21763932E+00
 -8.94115672E-01 -1.32352167E+00
 -8.94115672E-01 -1.42940402E+00
 -8.94115672E-01 -1.53528638E+00
 -8.94115672E-01 -1.64116873E+00
 -8.94115672E-01 -1.74705108E+00

#------------------------------------------------------------------------------
z: xorg(1.03)
p: xfac[c2*0.05] form[c1/0.05] notc noxt noyt dmin(1)
p: ymin(0) ymax(1) xmin(0) xmax(1) cmin(1) cmax(100) nosp
hc: y= 0.005 to 0.995 by 0.01 ; x= 0.5 to 0.5 by 1 ;
 1  2  3  4  5  6  7  8  9 10 11 12 13 14 15 16 17 18 19 20
21 22 23 24 25 26 27 28 29 30 31 32 33 34 35 36 37 38 39 40
41 42 43 44 45 46 47 48 49 50 51 52 53 54 55 56 57 58 59 60
61 62 63 64 65 66 67 68 69 70 71 72 73 74 75 76 77 78 79 80
81 82 83 84 85 86 87 88 89 90 91 92 93 94 95 96 97 98 99 100
z: xorg(0.0)
p: xfac[c2*0.05] form[c1/0.05] nosp afac[c5*0.625] ymin[c3] ymax[c4]
p: noxt noxn ytxt(-1) ynum(-1) xltd(-1) xstd(-1) itic(1) ylog
y: Dose [Gy/source]      
#------------------------------------------------------------------------------

wt: s[c5]
\vspace{-3}
  zmin  &=&   9.8480E+01 [cm]
  zmax  &=&   9.8530E+01 [cm]
  part. &=& photon  
e:

#------------------------------------------------------------------------------
z: xorg[-1.03/0.05]
p: form[c1] xfac[c2] afac[c5] nosp notf
p: xmin(-0.8000000    ) xmax( 0.8000000    )
p: ymin( -1.650000    ) ymax(  1.650000    )

#------------------------------------------------------------------------------
 newpage:
#   no. =  7   iz  =  4   part. = proton  
#   z = (   9.8530E+01  -   9.8580E+01  )

'no. =  7,  iz =  4'
msuc: {\huge Dosis xy}
msdr: {\it plotted by \ANGEL \version}
msdl: {\it calculated by \PHITS  3.36}

x: x [cm]
y: y [cm]
set: c1[ 2.062] c2[ 0.627] c5[ 0.800] c6[ 0.743] c7[ 0.708] c8[ 0.000]
p: h2fs form[c1] xfac[c2] afac[c5] scal[c6] xorg[c7] yorg[c8] nosp
set: c3[   6.003922E-08] c4[   2.382731E-01]
p: cmin[c3] cmax[c4]
p: dmin(1e-31)
p: zlog
p: xmin(-0.8000000    ) xmax( 0.8000000    )
p: ymin( -1.650000    ) ymax(  1.650000    )
#  ny =  33   nx =  16
# ( ( data(x,y), x = 1, nx ), y = ny, 1, -1 )

hc:  y =   1.600000     to  -1.600000     by  0.1000000     ; x = -0.7500000     to  0.7500000     by  0.1000000     ;
  2.356E-01  2.346E-01  2.342E-01  2.348E-01  2.344E-01  2.356E-01  2.360E-01  2.350E-01  2.361E-01  2.368E-01
  2.344E-01  2.363E-01  2.359E-01  2.339E-01  2.365E-01  2.360E-01  2.351E-01  2.354E-01  2.357E-01  2.346E-01
  2.341E-01  2.355E-01  2.351E-01  2.350E-01  2.340E-01  2.353E-01  2.343E-01  2.333E-01  2.355E-01  2.361E-01
  2.348E-01  2.358E-01  2.334E-01  2.347E-01  2.361E-01  2.356E-01  2.343E-01  2.327E-01  2.345E-01  2.348E-01
  2.343E-01  2.342E-01  2.345E-01  2.345E-01  2.335E-01  2.343E-01  2.337E-01  2.349E-01  2.345E-01  2.345E-01
  2.352E-01  2.338E-01  2.367E-01  2.346E-01  2.348E-01  2.348E-01  2.329E-01  2.355E-01  2.348E-01  2.337E-01
  2.339E-01  2.341E-01  2.349E-01  2.348E-01  2.333E-01  2.342E-01  2.337E-01  2.328E-01  2.338E-01  2.335E-01
  2.324E-01  2.334E-01  2.327E-01  2.334E-01  2.329E-01  2.337E-01  2.343E-01  2.325E-01  2.331E-01  2.336E-01
  2.328E-01  2.331E-01  2.311E-01  2.327E-01  2.327E-01  2.330E-01  2.325E-01  2.329E-01  2.319E-01  2.316E-01
  2.321E-01  2.344E-01  2.327E-01  2.323E-01  2.334E-01  2.328E-01  2.343E-01  2.330E-01  2.338E-01  2.319E-01
  2.324E-01  2.325E-01  2.309E-01  2.334E-01  2.336E-01  2.322E-01  2.327E-01  2.315E-01  2.322E-01  2.333E-01
  2.325E-01  2.330E-01  2.329E-01  2.324E-01  2.302E-01  2.328E-01  2.323E-01  2.308E-01  2.308E-01  2.304E-01
  2.307E-01  2.306E-01  2.308E-01  2.300E-01  2.327E-01  2.325E-01  2.322E-01  2.318E-01  2.303E-01  2.308E-01
  2.337E-01  2.322E-01  2.311E-01  2.317E-01  2.311E-01  2.289E-01  2.299E-01  2.305E-01  2.295E-01  2.299E-01
  2.313E-01  2.313E-01  2.329E-01  2.329E-01  2.320E-01  2.323E-01  2.302E-01  2.299E-01  2.289E-01  2.297E-01
  2.304E-01  2.300E-01  2.305E-01  2.288E-01  2.303E-01  2.304E-01  2.305E-01  2.314E-01  2.316E-01  2.320E-01
  2.309E-01  2.331E-01  2.298E-01  2.298E-01  2.299E-01  2.296E-01  2.282E-01  2.289E-01  2.282E-01  2.294E-01
  2.290E-01  2.288E-01  2.289E-01  2.297E-01  2.297E-01  2.307E-01  2.296E-01  2.297E-01  2.316E-01  2.292E-01
  2.279E-01  2.272E-01  2.284E-01  2.294E-01  2.288E-01  2.275E-01  2.291E-01  2.275E-01  2.296E-01  2.286E-01
  2.299E-01  2.305E-01  2.302E-01  2.293E-01  2.293E-01  2.296E-01  2.300E-01  2.282E-01  2.271E-01  2.257E-01
  2.286E-01  2.289E-01  2.293E-01  2.282E-01  2.274E-01  2.302E-01  2.303E-01  2.296E-01  2.288E-01  2.315E-01
  2.299E-01  2.288E-01  2.292E-01  2.285E-01  2.279E-01  2.282E-01  2.264E-01  2.288E-01  2.282E-01  2.282E-01
  2.291E-01  2.291E-01  2.295E-01  2.313E-01  2.305E-01  2.310E-01  2.288E-01  2.288E-01  2.296E-01  2.276E-01
  2.277E-01  2.278E-01  2.290E-01  2.282E-01  2.294E-01  2.280E-01  2.291E-01  2.293E-01  2.271E-01  2.291E-01
  2.308E-01  2.298E-01  2.288E-01  2.280E-01  2.276E-01  2.273E-01  2.279E-01  2.278E-01  2.261E-01  2.296E-01
  2.267E-01  2.283E-01  2.285E-01  2.289E-01  2.294E-01  2.300E-01  2.288E-01  2.298E-01  2.273E-01  2.285E-01
  2.269E-01  2.276E-01  2.268E-01  2.286E-01  2.274E-01  2.285E-01  2.294E-01  2.286E-01  2.283E-01  2.277E-01
  2.288E-01  2.293E-01  2.304E-01  2.303E-01  2.302E-01  2.288E-01  2.297E-01  2.278E-01  2.274E-01  2.275E-01
  2.273E-01  2.270E-01  2.291E-01  2.268E-01  2.278E-01  2.282E-01  2.295E-01  2.315E-01  2.305E-01  2.296E-01
  2.287E-01  2.281E-01  2.262E-01  2.273E-01  2.273E-01  2.277E-01  2.271E-01  2.263E-01  2.288E-01  2.287E-01
  2.273E-01  2.289E-01  2.305E-01  2.307E-01  2.313E-01  2.287E-01  2.284E-01  2.295E-01  2.276E-01  2.287E-01
  2.273E-01  2.274E-01  2.279E-01  2.271E-01  2.279E-01  2.278E-01  2.289E-01  2.284E-01  2.308E-01  2.305E-01
  2.304E-01  2.283E-01  2.291E-01  2.294E-01  2.299E-01  2.285E-01  2.290E-01  2.281E-01  2.297E-01  2.283E-01
  2.277E-01  2.271E-01  2.298E-01  2.304E-01  2.309E-01  2.316E-01  2.311E-01  2.302E-01  2.308E-01  2.294E-01
  2.301E-01  2.283E-01  2.281E-01  2.285E-01  2.289E-01  2.293E-01  2.306E-01  2.285E-01  2.304E-01  2.291E-01
  2.298E-01  2.304E-01  2.320E-01  2.311E-01  2.291E-01  2.299E-01  2.299E-01  2.306E-01  2.307E-01  2.304E-01
  2.280E-01  2.281E-01  2.288E-01  2.300E-01  2.309E-01  2.292E-01  2.308E-01  2.335E-01  2.319E-01  2.299E-01
  2.304E-01  2.296E-01  2.313E-01  2.311E-01  2.287E-01  2.296E-01  2.299E-01  2.293E-01  2.291E-01  2.311E-01
  2.295E-01  2.311E-01  2.316E-01  2.312E-01  2.326E-01  2.318E-01  2.319E-01  2.308E-01  2.311E-01  2.314E-01
  2.302E-01  2.313E-01  2.295E-01  2.303E-01  2.309E-01  2.313E-01  2.311E-01  2.321E-01  2.317E-01  2.325E-01
  2.333E-01  2.345E-01  2.310E-01  2.326E-01  2.320E-01  2.303E-01  2.304E-01  2.306E-01  2.314E-01  2.289E-01
  2.323E-01  2.316E-01  2.310E-01  2.314E-01  2.323E-01  2.337E-01  2.340E-01  2.323E-01  2.320E-01  2.328E-01
  2.324E-01  2.322E-01  2.309E-01  2.315E-01  2.319E-01  2.315E-01  2.306E-01  2.313E-01  2.309E-01  2.313E-01
  2.333E-01  2.331E-01  2.339E-01  2.336E-01  2.321E-01  2.334E-01  2.315E-01  2.323E-01  2.317E-01  2.333E-01
  2.327E-01  2.319E-01  2.342E-01  2.335E-01  2.326E-01  2.314E-01  2.338E-01  2.353E-01  2.348E-01  2.358E-01
  2.331E-01  2.332E-01  2.342E-01  2.337E-01  2.347E-01  2.337E-01  2.325E-01  2.323E-01  2.340E-01  2.347E-01
  2.352E-01  2.311E-01  2.341E-01  2.347E-01  2.358E-01  2.334E-01  2.348E-01  2.325E-01  2.345E-01  2.337E-01
  2.349E-01  2.327E-01  2.343E-01  2.338E-01  2.346E-01  2.321E-01  2.333E-01  2.335E-01  2.334E-01  2.333E-01
  2.345E-01  2.347E-01  2.359E-01  2.354E-01  2.342E-01  2.362E-01  2.352E-01  2.344E-01  2.348E-01  2.348E-01
  2.331E-01  2.355E-01  2.318E-01  2.345E-01  2.350E-01  2.346E-01  2.345E-01  2.332E-01  2.359E-01  2.360E-01
  2.348E-01  2.342E-01  2.331E-01  2.345E-01  2.346E-01  2.359E-01  2.357E-01  2.355E-01  2.357E-01  2.340E-01
  2.341E-01  2.358E-01  2.353E-01  2.337E-01  2.353E-01  2.326E-01  2.363E-01  2.352E-01  2.328E-01  2.336E-01
  2.364E-01  2.343E-01  2.367E-01  2.360E-01  2.356E-01  2.354E-01  2.355E-01  2.354E-01

#------------------------------------------------------------------------------
# gshow
#------------------------------------------------------------------------------

p: legs[c5*0.875]

hb:   line clip z  
frame:
 -7.9999814E-01 -1.6499925E+00
  8.0000186E-01 -1.6499925E+00
  8.0000186E-01  1.6500075E+00
 -7.9999814E-01  1.6500075E+00
clip:
 -8.94115672E-01 -1.74705108E+00
  8.94119622E-01 -1.74705108E+00
  8.94119622E-01 -1.64116873E+00
  8.94119622E-01 -1.53528638E+00
  8.94119622E-01 -1.42940402E+00
  8.94119622E-01 -1.32352167E+00
  8.94119622E-01 -1.21763932E+00
  8.94119622E-01 -1.11175697E+00
  8.94119622E-01 -1.00587461E+00
  8.94119622E-01 -8.99992259E-01
  8.94119622E-01 -7.94109906E-01
  8.94119622E-01 -6.88227553E-01
  8.94119622E-01 -5.82345200E-01
  8.94119622E-01 -4.76462847E-01
  8.94119622E-01 -3.70580495E-01
  8.94119622E-01 -2.64698142E-01
  8.94119622E-01 -1.58815789E-01
  8.94119622E-01 -5.29334357E-02
  8.94119622E-01  5.29489172E-02
  8.94119622E-01  1.58831270E-01
  8.94119622E-01  2.64713623E-01
  8.94119622E-01  3.70595976E-01
  8.94119622E-01  4.76478329E-01
  8.94119622E-01  5.82360682E-01
  8.94119622E-01  6.88243035E-01
  8.94119622E-01  7.94125388E-01
  8.94119622E-01  9.00007741E-01
  8.94119622E-01  1.00589009E+00
  8.94119622E-01  1.11177245E+00
  8.94119622E-01  1.21765480E+00
  8.94119622E-01  1.32353715E+00
  8.94119622E-01  1.42941951E+00
  8.94119622E-01  1.53530186E+00
  8.94119622E-01  1.64118421E+00
  8.94119622E-01  1.74706656E+00
  7.82354916E-01  1.74706656E+00
  6.70590211E-01  1.74706656E+00
  5.58825505E-01  1.74706656E+00
  4.47060799E-01  1.74706656E+00
  3.35296093E-01  1.74706656E+00
  2.23531387E-01  1.74706656E+00
  1.11766681E-01  1.74706656E+00
  1.97530848E-06  1.74706656E+00
 -1.11762731E-01  1.74706656E+00
 -2.23527436E-01  1.74706656E+00
 -3.35292142E-01  1.74706656E+00
 -4.47056848E-01  1.74706656E+00
 -5.58821554E-01  1.74706656E+00
 -6.70586260E-01  1.74706656E+00
 -7.82350966E-01  1.74706656E+00
 -8.94115672E-01  1.74706656E+00
 -8.94115672E-01  1.64118421E+00
 -8.94115672E-01  1.53530186E+00
 -8.94115672E-01  1.42941951E+00
 -8.94115672E-01  1.32353715E+00
 -8.94115672E-01  1.21765480E+00
 -8.94115672E-01  1.11177245E+00
 -8.94115672E-01  1.00589009E+00
 -8.94115672E-01  9.00007741E-01
 -8.94115672E-01  7.94125388E-01
 -8.94115672E-01  6.88243035E-01
 -8.94115672E-01  5.82360682E-01
 -8.94115672E-01  4.76478329E-01
 -8.94115672E-01  3.70595976E-01
 -8.94115672E-01  2.64713623E-01
 -8.94115672E-01  1.58831270E-01
 -8.94115672E-01  5.29489172E-02
 -8.94115672E-01 -5.29334357E-02
 -8.94115672E-01 -1.58815789E-01
 -8.94115672E-01 -2.64698142E-01
 -8.94115672E-01 -3.70580495E-01
 -8.94115672E-01 -4.76462847E-01
 -8.94115672E-01 -5.82345200E-01
 -8.94115672E-01 -6.88227553E-01
 -8.94115672E-01 -7.94109906E-01
 -8.94115672E-01 -8.99992259E-01
 -8.94115672E-01 -1.00587461E+00
 -8.94115672E-01 -1.11175697E+00
 -8.94115672E-01 -1.21763932E+00
 -8.94115672E-01 -1.32352167E+00
 -8.94115672E-01 -1.42940402E+00
 -8.94115672E-01 -1.53528638E+00
 -8.94115672E-01 -1.64116873E+00
 -8.94115672E-01 -1.74705108E+00

#------------------------------------------------------------------------------
z: xorg(1.03)
p: xfac[c2*0.05] form[c1/0.05] notc noxt noyt dmin(1)
p: ymin(0) ymax(1) xmin(0) xmax(1) cmin(1) cmax(100) nosp
hc: y= 0.005 to 0.995 by 0.01 ; x= 0.5 to 0.5 by 1 ;
 1  2  3  4  5  6  7  8  9 10 11 12 13 14 15 16 17 18 19 20
21 22 23 24 25 26 27 28 29 30 31 32 33 34 35 36 37 38 39 40
41 42 43 44 45 46 47 48 49 50 51 52 53 54 55 56 57 58 59 60
61 62 63 64 65 66 67 68 69 70 71 72 73 74 75 76 77 78 79 80
81 82 83 84 85 86 87 88 89 90 91 92 93 94 95 96 97 98 99 100
z: xorg(0.0)
p: xfac[c2*0.05] form[c1/0.05] nosp afac[c5*0.625] ymin[c3] ymax[c4]
p: noxt noxn ytxt(-1) ynum(-1) xltd(-1) xstd(-1) itic(1) ylog
y: Dose [Gy/source]      
#------------------------------------------------------------------------------

wt: s[c5]
\vspace{-3}
  zmin  &=&   9.8530E+01 [cm]
  zmax  &=&   9.8580E+01 [cm]
  part. &=& proton  
e:

#------------------------------------------------------------------------------
z: xorg[-1.03/0.05]
p: form[c1] xfac[c2] afac[c5] nosp notf
p: xmin(-0.8000000    ) xmax( 0.8000000    )
p: ymin( -1.650000    ) ymax(  1.650000    )

#------------------------------------------------------------------------------
 newpage:
#   no. =  8   iz  =  4   part. = photon  
#   z = (   9.8530E+01  -   9.8580E+01  )

'no. =  8,  iz =  4'
msuc: {\huge Dosis xy}
msdr: {\it plotted by \ANGEL \version}
msdl: {\it calculated by \PHITS  3.36}

x: x [cm]
y: y [cm]
set: c1[ 2.062] c2[ 0.627] c5[ 0.800] c6[ 0.743] c7[ 0.708] c8[ 0.000]
p: h2fs form[c1] xfac[c2] afac[c5] scal[c6] xorg[c7] yorg[c8] nosp
set: c3[   6.003922E-08] c4[   2.382731E-01]
p: cmin[c3] cmax[c4]
p: dmin(1e-31)
p: zlog
p: xmin(-0.8000000    ) xmax( 0.8000000    )
p: ymin( -1.650000    ) ymax(  1.650000    )
#  ny =  33   nx =  16
# ( ( data(x,y), x = 1, nx ), y = ny, 1, -1 )

hc:  y =   1.600000     to  -1.600000     by  0.1000000     ; x = -0.7500000     to  0.7500000     by  0.1000000     ;
  1.004E-07  1.163E-07  1.099E-07  1.560E-07  1.582E-07  1.451E-07  8.117E-08  1.213E-07  1.145E-07  1.119E-07
  1.398E-07  1.140E-07  1.534E-07  1.329E-07  9.512E-08  9.825E-08  1.052E-07  1.220E-07  1.427E-07  1.194E-07
  1.680E-07  1.218E-07  1.643E-07  6.464E-08  1.195E-07  1.328E-07  1.392E-07  1.325E-07  9.287E-08  1.212E-07
  1.262E-07  1.022E-07  1.081E-07  1.265E-07  1.175E-07  1.017E-07  1.058E-07  1.227E-07  1.156E-07  1.364E-07
  1.458E-07  1.292E-07  1.367E-07  1.069E-07  9.454E-08  1.428E-07  1.446E-07  1.280E-07  1.191E-07  1.098E-07
  1.134E-07  1.218E-07  1.118E-07  1.189E-07  1.060E-07  1.381E-07  1.120E-07  1.521E-07  1.836E-07  1.081E-07
  9.991E-08  1.313E-07  1.596E-07  1.269E-07  1.018E-07  9.543E-08  1.455E-07  1.227E-07  9.980E-08  1.055E-07
  1.061E-07  7.412E-08  1.136E-07  1.682E-07  1.545E-07  1.208E-07  1.350E-07  1.450E-07  1.311E-07  1.037E-07
  1.116E-07  1.006E-07  8.289E-08  1.275E-07  1.259E-07  1.240E-07  1.162E-07  1.397E-07  1.341E-07  1.773E-07
  1.800E-07  1.468E-07  1.430E-07  1.316E-07  1.728E-07  1.509E-07  1.176E-07  1.203E-07  1.238E-07  1.351E-07
  1.445E-07  9.431E-08  1.230E-07  1.588E-07  1.284E-07  1.345E-07  1.309E-07  1.607E-07  1.528E-07  1.968E-07
  1.669E-07  1.267E-07  1.282E-07  1.448E-07  1.452E-07  1.084E-07  1.492E-07  1.164E-07  1.266E-07  1.471E-07
  1.278E-07  9.599E-08  1.137E-07  2.060E-07  1.392E-07  1.454E-07  1.676E-07  1.529E-07  1.411E-07  1.806E-07
  1.828E-07  1.232E-07  1.118E-07  1.116E-07  1.151E-07  1.238E-07  1.026E-07  1.006E-07  1.313E-07  1.999E-07
  1.416E-07  1.206E-07  1.666E-07  1.134E-07  1.580E-07  1.624E-07  1.496E-07  1.509E-07  1.441E-07  1.256E-07
  1.229E-07  7.779E-08  1.321E-07  1.122E-07  1.177E-07  1.152E-07  1.329E-07  1.024E-07  1.198E-07  1.090E-07
  1.554E-07  1.195E-07  1.247E-07  1.190E-07  1.215E-07  1.118E-07  1.053E-07  1.155E-07  1.415E-07  9.485E-08
  1.209E-07  1.195E-07  1.593E-07  9.629E-08  1.310E-07  1.317E-07  1.438E-07  1.358E-07  1.345E-07  1.828E-07
  1.144E-07  1.105E-07  1.396E-07  1.073E-07  1.332E-07  1.224E-07  9.222E-08  1.343E-07  1.508E-07  1.285E-07
  1.315E-07  1.823E-07  1.229E-07  1.120E-07  8.149E-08  1.571E-07  1.351E-07  1.110E-07  1.812E-07  1.066E-07
  1.255E-07  1.285E-07  1.154E-07  1.515E-07  9.875E-08  1.287E-07  1.211E-07  1.545E-07  1.268E-07  1.156E-07
  1.835E-07  1.383E-07  1.165E-07  1.376E-07  1.243E-07  1.302E-07  1.460E-07  1.009E-07  9.691E-08  1.208E-07
  1.274E-07  1.323E-07  1.233E-07  1.683E-07  1.212E-07  1.056E-07  1.234E-07  1.126E-07  1.321E-07  1.127E-07
  1.086E-07  1.263E-07  1.772E-07  1.493E-07  1.380E-07  9.923E-08  1.263E-07  1.317E-07  1.271E-07  1.123E-07
  1.624E-07  6.665E-08  1.371E-07  7.429E-08  1.316E-07  1.106E-07  9.314E-08  1.183E-07  1.097E-07  1.528E-07
  1.135E-07  1.103E-07  1.178E-07  1.137E-07  9.772E-08  1.339E-07  1.331E-07  1.463E-07  1.289E-07  1.244E-07
  8.233E-08  1.414E-07  1.104E-07  1.054E-07  1.353E-07  1.259E-07  1.228E-07  1.550E-07  1.527E-07  1.706E-07
  1.086E-07  9.520E-08  1.257E-07  1.438E-07  1.114E-07  1.569E-07  1.508E-07  1.852E-07  1.126E-07  1.047E-07
  1.187E-07  1.280E-07  1.485E-07  1.265E-07  1.606E-07  1.326E-07  1.362E-07  1.184E-07  1.129E-07  1.093E-07
  1.476E-07  1.176E-07  1.302E-07  9.093E-08  9.799E-08  1.373E-07  1.532E-07  1.739E-07  1.634E-07  1.454E-07
  1.501E-07  8.939E-08  1.262E-07  1.097E-07  1.145E-07  1.005E-07  1.334E-07  1.167E-07  1.505E-07  8.325E-08
  1.092E-07  1.156E-07  1.456E-07  1.542E-07  1.694E-07  1.570E-07  1.152E-07  1.185E-07  1.378E-07  1.113E-07
  1.315E-07  1.061E-07  9.147E-08  1.227E-07  1.530E-07  1.188E-07  1.348E-07  1.422E-07  1.359E-07  1.363E-07
  1.052E-07  1.085E-07  1.545E-07  1.672E-07  9.708E-08  1.117E-07  1.029E-07  8.153E-08  1.191E-07  1.282E-07
  1.363E-07  1.337E-07  1.594E-07  1.582E-07  1.574E-07  1.294E-07  9.732E-08  1.357E-07  1.219E-07  1.581E-07
  1.751E-07  1.245E-07  9.809E-08  8.043E-08  1.160E-07  1.357E-07  1.138E-07  1.092E-07  1.571E-07  1.840E-07
  1.406E-07  1.271E-07  9.611E-08  1.417E-07  1.340E-07  1.393E-07  1.332E-07  1.754E-07  1.214E-07  1.600E-07
  1.679E-07  1.084E-07  1.410E-07  8.838E-08  1.365E-07  1.376E-07  1.338E-07  1.006E-07  1.289E-07  1.282E-07
  1.169E-07  1.009E-07  9.135E-08  1.364E-07  1.423E-07  1.218E-07  1.416E-07  1.539E-07  1.255E-07  1.646E-07
  1.721E-07  1.463E-07  1.392E-07  1.854E-07  1.511E-07  1.240E-07  1.036E-07  1.007E-07  1.319E-07  1.333E-07
  1.019E-07  1.099E-07  1.267E-07  1.665E-07  1.296E-07  1.001E-07  1.237E-07  1.306E-07  1.184E-07  7.644E-08
  9.626E-08  1.222E-07  1.450E-07  1.128E-07  1.207E-07  1.082E-07  1.536E-07  1.248E-07  1.161E-07  1.069E-07
  1.090E-07  1.140E-07  1.232E-07  1.344E-07  1.141E-07  7.190E-08  9.040E-08  1.398E-07  1.149E-07  1.299E-07
  1.186E-07  1.214E-07  1.058E-07  1.018E-07  1.028E-07  1.048E-07  1.401E-07  9.164E-08  7.877E-08  1.370E-07
  1.650E-07  1.146E-07  1.320E-07  8.977E-08  1.416E-07  1.353E-07  7.377E-08  1.225E-07  1.193E-07  9.166E-08
  1.253E-07  1.215E-07  1.469E-07  1.200E-07  1.368E-07  1.059E-07  1.553E-07  1.527E-07  1.294E-07  1.206E-07
  9.402E-08  1.041E-07  1.182E-07  1.148E-07  1.385E-07  1.229E-07  1.100E-07  1.174E-07  1.620E-07  1.280E-07
  1.188E-07  1.326E-07  1.644E-07  1.324E-07  1.577E-07  1.105E-07  1.216E-07  1.533E-07  1.020E-07  1.456E-07
  1.683E-07  9.234E-08  1.613E-07  1.284E-07  1.533E-07  1.423E-07  1.524E-07  1.362E-07  1.571E-07  1.637E-07
  1.248E-07  1.736E-07  1.122E-07  9.460E-08  1.150E-07  1.113E-07  1.001E-07  1.108E-07  1.318E-07  1.302E-07
  1.280E-07  1.248E-07  2.059E-07  1.751E-07  1.562E-07  1.627E-07  1.324E-07  1.358E-07  1.353E-07  9.449E-08
  1.384E-07  1.175E-07  9.257E-08  1.392E-07  1.093E-07  1.147E-07  1.230E-07  1.305E-07  1.461E-07  1.911E-07
  1.376E-07  1.181E-07  1.402E-07  1.176E-07  1.425E-07  1.047E-07  1.149E-07  8.789E-08

#------------------------------------------------------------------------------
# gshow
#------------------------------------------------------------------------------

p: legs[c5*0.875]

hb:   line clip z  
frame:
 -7.9999814E-01 -1.6499925E+00
  8.0000186E-01 -1.6499925E+00
  8.0000186E-01  1.6500075E+00
 -7.9999814E-01  1.6500075E+00
clip:
 -8.94115672E-01 -1.74705108E+00
  8.94119622E-01 -1.74705108E+00
  8.94119622E-01 -1.64116873E+00
  8.94119622E-01 -1.53528638E+00
  8.94119622E-01 -1.42940402E+00
  8.94119622E-01 -1.32352167E+00
  8.94119622E-01 -1.21763932E+00
  8.94119622E-01 -1.11175697E+00
  8.94119622E-01 -1.00587461E+00
  8.94119622E-01 -8.99992259E-01
  8.94119622E-01 -7.94109906E-01
  8.94119622E-01 -6.88227553E-01
  8.94119622E-01 -5.82345200E-01
  8.94119622E-01 -4.76462847E-01
  8.94119622E-01 -3.70580495E-01
  8.94119622E-01 -2.64698142E-01
  8.94119622E-01 -1.58815789E-01
  8.94119622E-01 -5.29334357E-02
  8.94119622E-01  5.29489172E-02
  8.94119622E-01  1.58831270E-01
  8.94119622E-01  2.64713623E-01
  8.94119622E-01  3.70595976E-01
  8.94119622E-01  4.76478329E-01
  8.94119622E-01  5.82360682E-01
  8.94119622E-01  6.88243035E-01
  8.94119622E-01  7.94125388E-01
  8.94119622E-01  9.00007741E-01
  8.94119622E-01  1.00589009E+00
  8.94119622E-01  1.11177245E+00
  8.94119622E-01  1.21765480E+00
  8.94119622E-01  1.32353715E+00
  8.94119622E-01  1.42941951E+00
  8.94119622E-01  1.53530186E+00
  8.94119622E-01  1.64118421E+00
  8.94119622E-01  1.74706656E+00
  7.82354916E-01  1.74706656E+00
  6.70590211E-01  1.74706656E+00
  5.58825505E-01  1.74706656E+00
  4.47060799E-01  1.74706656E+00
  3.35296093E-01  1.74706656E+00
  2.23531387E-01  1.74706656E+00
  1.11766681E-01  1.74706656E+00
  1.97530848E-06  1.74706656E+00
 -1.11762731E-01  1.74706656E+00
 -2.23527436E-01  1.74706656E+00
 -3.35292142E-01  1.74706656E+00
 -4.47056848E-01  1.74706656E+00
 -5.58821554E-01  1.74706656E+00
 -6.70586260E-01  1.74706656E+00
 -7.82350966E-01  1.74706656E+00
 -8.94115672E-01  1.74706656E+00
 -8.94115672E-01  1.64118421E+00
 -8.94115672E-01  1.53530186E+00
 -8.94115672E-01  1.42941951E+00
 -8.94115672E-01  1.32353715E+00
 -8.94115672E-01  1.21765480E+00
 -8.94115672E-01  1.11177245E+00
 -8.94115672E-01  1.00589009E+00
 -8.94115672E-01  9.00007741E-01
 -8.94115672E-01  7.94125388E-01
 -8.94115672E-01  6.88243035E-01
 -8.94115672E-01  5.82360682E-01
 -8.94115672E-01  4.76478329E-01
 -8.94115672E-01  3.70595976E-01
 -8.94115672E-01  2.64713623E-01
 -8.94115672E-01  1.58831270E-01
 -8.94115672E-01  5.29489172E-02
 -8.94115672E-01 -5.29334357E-02
 -8.94115672E-01 -1.58815789E-01
 -8.94115672E-01 -2.64698142E-01
 -8.94115672E-01 -3.70580495E-01
 -8.94115672E-01 -4.76462847E-01
 -8.94115672E-01 -5.82345200E-01
 -8.94115672E-01 -6.88227553E-01
 -8.94115672E-01 -7.94109906E-01
 -8.94115672E-01 -8.99992259E-01
 -8.94115672E-01 -1.00587461E+00
 -8.94115672E-01 -1.11175697E+00
 -8.94115672E-01 -1.21763932E+00
 -8.94115672E-01 -1.32352167E+00
 -8.94115672E-01 -1.42940402E+00
 -8.94115672E-01 -1.53528638E+00
 -8.94115672E-01 -1.64116873E+00
 -8.94115672E-01 -1.74705108E+00

#------------------------------------------------------------------------------
z: xorg(1.03)
p: xfac[c2*0.05] form[c1/0.05] notc noxt noyt dmin(1)
p: ymin(0) ymax(1) xmin(0) xmax(1) cmin(1) cmax(100) nosp
hc: y= 0.005 to 0.995 by 0.01 ; x= 0.5 to 0.5 by 1 ;
 1  2  3  4  5  6  7  8  9 10 11 12 13 14 15 16 17 18 19 20
21 22 23 24 25 26 27 28 29 30 31 32 33 34 35 36 37 38 39 40
41 42 43 44 45 46 47 48 49 50 51 52 53 54 55 56 57 58 59 60
61 62 63 64 65 66 67 68 69 70 71 72 73 74 75 76 77 78 79 80
81 82 83 84 85 86 87 88 89 90 91 92 93 94 95 96 97 98 99 100
z: xorg(0.0)
p: xfac[c2*0.05] form[c1/0.05] nosp afac[c5*0.625] ymin[c3] ymax[c4]
p: noxt noxn ytxt(-1) ynum(-1) xltd(-1) xstd(-1) itic(1) ylog
y: Dose [Gy/source]      
#------------------------------------------------------------------------------

wt: s[c5]
\vspace{-3}
  zmin  &=&   9.8530E+01 [cm]
  zmax  &=&   9.8580E+01 [cm]
  part. &=& photon  
e:

#------------------------------------------------------------------------------
z: xorg[-1.03/0.05]
p: form[c1] xfac[c2] afac[c5] nosp notf
p: xmin(-0.8000000    ) xmax( 0.8000000    )
p: ymin( -1.650000    ) ymax(  1.650000    )
 
# Information for Restart Calculation
# This calculation was newly started
# istdev =  2 # 1:Batch variance, 2:History variance
# resc2  = 3.20436999323052807E-01 # Total source weight or Total source weight / maxcas
# resc3  = 2.00000998100000000E+09 # Total history number or Total batch number
# maxcas =       10001 # History / Batch, only used for istdev=1
# bitrseed = 1001001000011111100100111110000001011011100111110000101100101100 # bit data of rseed
