[ T-Deposit ]
    title = Dosis xy
     mesh =  xyz            # mesh type is xyz scoring mesh
   x-type =    2            # x-mesh is linear given by xmin, xmax and nx
     xmin = -0.8000000      # minimum value of x-mesh points
     xmax =  0.8000000      # maximum value of x-mesh points
#    xdel =  0.1000000      # mesh width of x-mesh points
       nx =     16          # number of x-mesh points
#    data = ( x(i), i = 1, nx + 1 )
#          -8.00000E-01 -7.00000E-01 -6.00000E-01 -5.00000E-01 -4.00000E-01
#          -3.00000E-01 -2.00000E-01 -1.00000E-01  0.00000E+00  1.00000E-01
#           2.00000E-01  3.00000E-01  4.00000E-01  5.00000E-01  6.00000E-01
#           7.00000E-01  8.00000E-01
   y-type =    2            # y-mesh is linear given by ymin, ymax and ny
     ymin =  -1.650000      # minimum value of y-mesh points
     ymax =   1.650000      # maximum value of y-mesh points
#    ydel =  0.1000000      # mesh width of y-mesh points
       ny =     33          # number of y-mesh points
#    data = ( y(i), i = 1, ny + 1 )
#          -1.65000E+00 -1.55000E+00 -1.45000E+00 -1.35000E+00 -1.25000E+00
#          -1.15000E+00 -1.05000E+00 -9.50000E-01 -8.50000E-01 -7.50000E-01
#          -6.50000E-01 -5.50000E-01 -4.50000E-01 -3.50000E-01 -2.50000E-01
#          -1.50000E-01 -5.00000E-02  5.00000E-02  1.50000E-01  2.50000E-01
#           3.50000E-01  4.50000E-01  5.50000E-01  6.50000E-01  7.50000E-01
#           8.50000E-01  9.50000E-01  1.05000E+00  1.15000E+00  1.25000E+00
#           1.35000E+00  1.45000E+00  1.55000E+00  1.65000E+00
   z-type =    2            # z-mesh is linear given by zmin, zmax and nz
     zmin =   98.38000      # minimum value of z-mesh points
     zmax =   98.58000      # maximum value of z-mesh points
#    zdel =  5.0000000E-02  # mesh width of z-mesh points
       nz =      4          # number of z-mesh points
#    data = ( z(i), i = 1, nz + 1 )
#           9.83800E+01  9.84300E+01  9.84800E+01  9.85300E+01  9.85800E+01
     unit =    0            # unit is [Gy/source]
   letmat =    0            # (D=0) mat ID for LET, 0:real mat, <0: electron for H2O
  dedxfnc =    0            # (D=0) user defined multiplier, 0(no), 1, 2
 material =  all            # (D=all) number of specific material
   output =  dose           # total deposit energy
  deposit =    0            # (D=0) 0-> total deposit dist, 1-> each process
  2D-type =    3            # 1:Cont, 2:Clust, 3:Color, 4:xyz, 5:mat, 6:Clust+Cont, 7:Col+Cont
     axis =    xy           # axis of output
     file = ./out/dosis_pauch_L.out  # file name of output for the above axis
     part =  proton     photon   
# kf/name :  2212       22       
    gshow =    1            # 0: no 1:bnd, 2:bnd+mat, 3:bnd+reg 4:bnd+lat 5:bmp style
    resol =    1            # (D=1) resolution of gshow or rshow
    width = 0.5000000       # (D=0.5) width of lines for gshow or rshow
   epsout =    1            # (D=0) generate eps file by ANGEL
   mother =  all            # (D=all) number of specific mother
#    used :        main (  %)        temp (  %)       total (  %)
#  memory :          59 (  0)           0 (  0)          59 (  0)

#------------------------------------------------------------------------------
#newpage:
#   no. =  1   iz  =  1   part. = proton  
#   z = (   9.8380E+01  -   9.8430E+01  )

'no. =  1,  iz =  1'
msuc: {\huge Dosis xy}
msdr: {\it plotted by \ANGEL \version}
msdl: {\it calculated by \PHITS  3.36}

x: x [cm]
y: y [cm]
set: c1[ 2.062] c2[ 0.627] c5[ 0.800] c6[ 0.743] c7[ 0.708] c8[ 0.000]
p: h2fs form[c1] xfac[c2] afac[c5] scal[c6] xorg[c7] yorg[c8] nosp
set: c3[1.0e-4] c4[1.0]
p: cmin[c3] cmax[c4]
p: dmin(1e-31)
p: zlog
p: xmin(-0.8000000    ) xmax( 0.8000000    )
p: ymin( -1.650000    ) ymax(  1.650000    )
#  ny =  33   nx =  16
# ( ( data(x,y), x = 1, nx ), y = ny, 1, -1 )

hc:  y =   1.600000     to  -1.600000     by  0.1000000     ; x = -0.7500000     to  0.7500000     by  0.1000000     ;
  3.917E-03  3.901E-03  3.914E-03  3.932E-03  3.911E-03  3.924E-03  3.949E-03  3.925E-03  3.910E-03  3.921E-03
  3.887E-03  3.938E-03  3.878E-03  3.957E-03  3.879E-03  3.889E-03  3.937E-03  3.938E-03  3.926E-03  3.904E-03
  3.912E-03  3.925E-03  3.941E-03  3.926E-03  3.926E-03  3.906E-03  3.934E-03  3.955E-03  3.962E-03  3.918E-03
  3.921E-03  3.920E-03  3.917E-03  3.963E-03  3.930E-03  3.960E-03  3.925E-03  3.950E-03  3.919E-03  3.913E-03
  3.922E-03  3.904E-03  3.904E-03  3.943E-03  3.893E-03  3.933E-03  3.917E-03  3.919E-03  3.918E-03  3.928E-03
  3.910E-03  3.965E-03  3.956E-03  3.925E-03  3.909E-03  3.943E-03  3.940E-03  3.935E-03  3.923E-03  3.920E-03
  3.944E-03  3.939E-03  3.911E-03  3.927E-03  3.958E-03  3.948E-03  3.921E-03  3.936E-03  3.977E-03  3.943E-03
  3.938E-03  3.929E-03  3.943E-03  3.938E-03  3.948E-03  3.921E-03  3.973E-03  3.934E-03  3.937E-03  3.938E-03
  3.955E-03  3.937E-03  3.937E-03  3.939E-03  3.946E-03  3.940E-03  3.949E-03  3.939E-03  3.955E-03  3.928E-03
  3.963E-03  3.922E-03  3.936E-03  3.965E-03  3.941E-03  3.952E-03  3.940E-03  3.952E-03  3.937E-03  3.956E-03
  3.954E-03  3.962E-03  3.960E-03  3.946E-03  3.924E-03  3.956E-03  3.933E-03  3.921E-03  3.946E-03  3.951E-03
  3.946E-03  3.911E-03  3.919E-03  3.913E-03  3.947E-03  3.931E-03  3.961E-03  3.965E-03  3.919E-03  3.949E-03
  3.971E-03  3.961E-03  3.953E-03  3.955E-03  3.952E-03  3.945E-03  3.956E-03  3.969E-03  3.968E-03  3.927E-03
  3.973E-03  3.961E-03  3.964E-03  3.946E-03  3.950E-03  3.977E-03  3.937E-03  3.952E-03  3.954E-03  3.960E-03
  3.991E-03  3.959E-03  3.929E-03  3.925E-03  3.975E-03  3.916E-03  3.979E-03  3.962E-03  3.979E-03  3.953E-03
  3.956E-03  3.965E-03  3.968E-03  3.965E-03  3.974E-03  3.956E-03  3.978E-03  3.941E-03  3.964E-03  3.951E-03
  3.933E-03  3.950E-03  3.946E-03  3.978E-03  3.946E-03  3.976E-03  3.963E-03  3.984E-03  3.982E-03  3.942E-03
  3.964E-03  3.980E-03  3.958E-03  3.962E-03  3.931E-03  3.963E-03  3.981E-03  3.938E-03  3.976E-03  3.976E-03
  3.953E-03  3.999E-03  3.984E-03  3.967E-03  3.931E-03  3.999E-03  3.969E-03  3.960E-03  3.993E-03  3.959E-03
  3.978E-03  3.965E-03  3.960E-03  3.968E-03  3.966E-03  3.960E-03  3.956E-03  3.983E-03  3.973E-03  3.996E-03
  3.991E-03  3.993E-03  3.952E-03  3.971E-03  3.997E-03  3.990E-03  3.953E-03  3.962E-03  3.951E-03  3.930E-03
  3.991E-03  3.965E-03  3.991E-03  3.951E-03  3.985E-03  3.989E-03  3.988E-03  3.990E-03  3.996E-03  3.987E-03
  3.988E-03  3.978E-03  3.979E-03  3.949E-03  3.956E-03  3.964E-03  4.001E-03  3.962E-03  3.988E-03  4.025E-03
  3.994E-03  3.981E-03  3.975E-03  3.984E-03  3.981E-03  3.991E-03  3.968E-03  3.976E-03  3.978E-03  3.950E-03
  3.965E-03  3.972E-03  3.989E-03  3.953E-03  3.979E-03  4.011E-03  3.992E-03  4.004E-03  3.980E-03  3.964E-03
  4.019E-03  3.995E-03  3.973E-03  3.957E-03  3.967E-03  3.989E-03  3.978E-03  3.959E-03  3.997E-03  4.009E-03
  3.979E-03  4.024E-03  3.960E-03  3.996E-03  4.022E-03  3.968E-03  3.955E-03  3.969E-03  3.966E-03  4.030E-03
  3.975E-03  3.967E-03  3.990E-03  3.975E-03  3.965E-03  3.999E-03  4.005E-03  3.979E-03  3.985E-03  3.964E-03
  4.024E-03  3.983E-03  3.971E-03  3.993E-03  4.015E-03  3.979E-03  3.982E-03  3.963E-03  3.970E-03  3.976E-03
  3.963E-03  4.004E-03  3.997E-03  4.003E-03  4.009E-03  3.997E-03  3.969E-03  3.990E-03  3.937E-03  3.974E-03
  3.977E-03  3.963E-03  3.993E-03  3.957E-03  3.982E-03  3.941E-03  3.956E-03  3.964E-03  3.972E-03  3.992E-03
  3.993E-03  3.984E-03  3.986E-03  4.024E-03  3.939E-03  3.970E-03  3.993E-03  3.963E-03  3.971E-03  3.951E-03
  3.978E-03  3.952E-03  3.945E-03  3.966E-03  3.996E-03  3.954E-03  3.992E-03  3.951E-03  4.002E-03  4.016E-03
  3.974E-03  3.978E-03  3.981E-03  3.925E-03  3.996E-03  3.975E-03  3.950E-03  3.980E-03  3.963E-03  3.935E-03
  3.967E-03  3.982E-03  3.963E-03  3.971E-03  3.967E-03  3.972E-03  3.969E-03  4.002E-03  3.967E-03  3.956E-03
  3.956E-03  3.984E-03  3.923E-03  3.965E-03  3.964E-03  3.978E-03  3.986E-03  3.989E-03  3.949E-03  3.994E-03
  3.977E-03  3.975E-03  3.955E-03  3.969E-03  3.959E-03  3.976E-03  3.941E-03  3.924E-03  3.935E-03  3.970E-03
  3.963E-03  3.941E-03  3.955E-03  3.980E-03  3.999E-03  3.973E-03  3.969E-03  3.972E-03  3.974E-03  3.949E-03
  3.941E-03  3.956E-03  3.977E-03  3.955E-03  3.939E-03  3.951E-03  3.950E-03  3.952E-03  3.965E-03  3.961E-03
  3.956E-03  3.950E-03  3.962E-03  3.965E-03  3.956E-03  3.967E-03  3.976E-03  3.969E-03  3.956E-03  3.947E-03
  3.926E-03  3.946E-03  3.962E-03  3.941E-03  3.965E-03  3.952E-03  3.956E-03  3.964E-03  3.939E-03  3.979E-03
  3.977E-03  3.963E-03  3.974E-03  3.940E-03  3.909E-03  3.931E-03  3.943E-03  3.939E-03  3.952E-03  3.937E-03
  3.925E-03  3.969E-03  3.969E-03  4.000E-03  3.924E-03  3.962E-03  3.954E-03  3.998E-03  3.958E-03  3.965E-03
  3.924E-03  3.950E-03  3.943E-03  3.942E-03  3.942E-03  3.919E-03  3.939E-03  3.957E-03  3.970E-03  3.942E-03
  3.947E-03  3.959E-03  3.927E-03  3.940E-03  3.928E-03  3.928E-03  3.941E-03  3.950E-03  3.912E-03  3.941E-03
  3.945E-03  3.935E-03  3.933E-03  3.906E-03  3.936E-03  3.910E-03  3.917E-03  3.933E-03  3.928E-03  3.931E-03
  3.948E-03  3.958E-03  3.954E-03  3.919E-03  3.916E-03  3.923E-03  3.935E-03  3.905E-03  3.946E-03  3.937E-03
  3.921E-03  3.899E-03  3.948E-03  3.927E-03  3.945E-03  3.956E-03  3.937E-03  3.904E-03  3.954E-03  3.939E-03
  3.938E-03  3.952E-03  3.933E-03  3.898E-03  3.936E-03  3.896E-03  3.925E-03  3.925E-03  3.916E-03  3.910E-03
  3.940E-03  3.920E-03  3.974E-03  3.945E-03  3.940E-03  3.919E-03  3.919E-03  3.928E-03  3.925E-03  3.923E-03
  3.936E-03  3.953E-03  3.950E-03  3.930E-03  3.923E-03  3.896E-03  3.926E-03  3.915E-03  3.929E-03  3.937E-03
  3.959E-03  3.912E-03  3.929E-03  3.905E-03  3.929E-03  3.916E-03  3.920E-03  3.918E-03  3.934E-03  3.928E-03
  3.954E-03  3.926E-03  3.937E-03  3.922E-03  3.952E-03  3.902E-03  3.903E-03  3.904E-03

#------------------------------------------------------------------------------
# gshow
#------------------------------------------------------------------------------

p: legs[c5*0.875]

hb:   line clip z  
frame:
 -7.9999814E-01 -1.6499925E+00
  8.0000186E-01 -1.6499925E+00
  8.0000186E-01  1.6500075E+00
 -7.9999814E-01  1.6500075E+00
clip:
 -8.94115672E-01 -1.74705108E+00
  8.94119622E-01 -1.74705108E+00
  8.94119622E-01 -1.64116873E+00
  8.94119622E-01 -1.53528638E+00
  8.94119622E-01 -1.42940402E+00
  8.94119622E-01 -1.32352167E+00
  8.94119622E-01 -1.21763932E+00
  8.94119622E-01 -1.11175697E+00
  8.94119622E-01 -1.00587461E+00
  8.94119622E-01 -8.99992259E-01
  8.94119622E-01 -7.94109906E-01
  8.94119622E-01 -6.88227553E-01
  8.94119622E-01 -5.82345200E-01
  8.94119622E-01 -4.76462847E-01
  8.94119622E-01 -3.70580495E-01
  8.94119622E-01 -2.64698142E-01
  8.94119622E-01 -1.58815789E-01
  8.94119622E-01 -5.29334357E-02
  8.94119622E-01  5.29489172E-02
  8.94119622E-01  1.58831270E-01
  8.94119622E-01  2.64713623E-01
  8.94119622E-01  3.70595976E-01
  8.94119622E-01  4.76478329E-01
  8.94119622E-01  5.82360682E-01
  8.94119622E-01  6.88243035E-01
  8.94119622E-01  7.94125388E-01
  8.94119622E-01  9.00007741E-01
  8.94119622E-01  1.00589009E+00
  8.94119622E-01  1.11177245E+00
  8.94119622E-01  1.21765480E+00
  8.94119622E-01  1.32353715E+00
  8.94119622E-01  1.42941951E+00
  8.94119622E-01  1.53530186E+00
  8.94119622E-01  1.64118421E+00
  8.94119622E-01  1.74706656E+00
  7.82354916E-01  1.74706656E+00
  6.70590211E-01  1.74706656E+00
  5.58825505E-01  1.74706656E+00
  4.47060799E-01  1.74706656E+00
  3.35296093E-01  1.74706656E+00
  2.23531387E-01  1.74706656E+00
  1.11766681E-01  1.74706656E+00
  1.97530848E-06  1.74706656E+00
 -1.11762731E-01  1.74706656E+00
 -2.23527436E-01  1.74706656E+00
 -3.35292142E-01  1.74706656E+00
 -4.47056848E-01  1.74706656E+00
 -5.58821554E-01  1.74706656E+00
 -6.70586260E-01  1.74706656E+00
 -7.82350966E-01  1.74706656E+00
 -8.94115672E-01  1.74706656E+00
 -8.94115672E-01  1.64118421E+00
 -8.94115672E-01  1.53530186E+00
 -8.94115672E-01  1.42941951E+00
 -8.94115672E-01  1.32353715E+00
 -8.94115672E-01  1.21765480E+00
 -8.94115672E-01  1.11177245E+00
 -8.94115672E-01  1.00589009E+00
 -8.94115672E-01  9.00007741E-01
 -8.94115672E-01  7.94125388E-01
 -8.94115672E-01  6.88243035E-01
 -8.94115672E-01  5.82360682E-01
 -8.94115672E-01  4.76478329E-01
 -8.94115672E-01  3.70595976E-01
 -8.94115672E-01  2.64713623E-01
 -8.94115672E-01  1.58831270E-01
 -8.94115672E-01  5.29489172E-02
 -8.94115672E-01 -5.29334357E-02
 -8.94115672E-01 -1.58815789E-01
 -8.94115672E-01 -2.64698142E-01
 -8.94115672E-01 -3.70580495E-01
 -8.94115672E-01 -4.76462847E-01
 -8.94115672E-01 -5.82345200E-01
 -8.94115672E-01 -6.88227553E-01
 -8.94115672E-01 -7.94109906E-01
 -8.94115672E-01 -8.99992259E-01
 -8.94115672E-01 -1.00587461E+00
 -8.94115672E-01 -1.11175697E+00
 -8.94115672E-01 -1.21763932E+00
 -8.94115672E-01 -1.32352167E+00
 -8.94115672E-01 -1.42940402E+00
 -8.94115672E-01 -1.53528638E+00
 -8.94115672E-01 -1.64116873E+00
 -8.94115672E-01 -1.74705108E+00

#------------------------------------------------------------------------------
z: xorg(1.03)
p: xfac[c2*0.05] form[c1/0.05] notc noxt noyt dmin(1)
p: ymin(0) ymax(1) xmin(0) xmax(1) cmin(1) cmax(100) nosp
hc: y= 0.005 to 0.995 by 0.01 ; x= 0.5 to 0.5 by 1 ;
 1  2  3  4  5  6  7  8  9 10 11 12 13 14 15 16 17 18 19 20
21 22 23 24 25 26 27 28 29 30 31 32 33 34 35 36 37 38 39 40
41 42 43 44 45 46 47 48 49 50 51 52 53 54 55 56 57 58 59 60
61 62 63 64 65 66 67 68 69 70 71 72 73 74 75 76 77 78 79 80
81 82 83 84 85 86 87 88 89 90 91 92 93 94 95 96 97 98 99 100
z: xorg(0.0)
p: xfac[c2*0.05] form[c1/0.05] nosp afac[c5*0.625] ymin[c3] ymax[c4]
p: noxt noxn ytxt(-1) ynum(-1) xltd(-1) xstd(-1) itic(1) ylog
y: Relative Error
#------------------------------------------------------------------------------

wt: s[c5]
\vspace{-3}
  zmin  &=&   9.8380E+01 [cm]
  zmax  &=&   9.8430E+01 [cm]
  part. &=& proton  
e:

#------------------------------------------------------------------------------
z: xorg[-1.03/0.05]
p: form[c1] xfac[c2] afac[c5] nosp notf
p: xmin(-0.8000000    ) xmax( 0.8000000    )
p: ymin( -1.650000    ) ymax(  1.650000    )

#------------------------------------------------------------------------------
 newpage:
#   no. =  2   iz  =  1   part. = photon  
#   z = (   9.8380E+01  -   9.8430E+01  )

'no. =  2,  iz =  1'
msuc: {\huge Dosis xy}
msdr: {\it plotted by \ANGEL \version}
msdl: {\it calculated by \PHITS  3.36}

x: x [cm]
y: y [cm]
set: c1[ 2.062] c2[ 0.627] c5[ 0.800] c6[ 0.743] c7[ 0.708] c8[ 0.000]
p: h2fs form[c1] xfac[c2] afac[c5] scal[c6] xorg[c7] yorg[c8] nosp
set: c3[1.0e-4] c4[1.0]
p: cmin[c3] cmax[c4]
p: dmin(1e-31)
p: zlog
p: xmin(-0.8000000    ) xmax( 0.8000000    )
p: ymin( -1.650000    ) ymax(  1.650000    )
#  ny =  33   nx =  16
# ( ( data(x,y), x = 1, nx ), y = ny, 1, -1 )

hc:  y =   1.600000     to  -1.600000     by  0.1000000     ; x = -0.7500000     to  0.7500000     by  0.1000000     ;
  2.320E-01  2.114E-01  1.778E-01  1.757E-01  1.770E-01  1.889E-01  1.681E-01  1.829E-01  1.680E-01  1.800E-01
  1.829E-01  1.628E-01  1.755E-01  1.733E-01  1.918E-01  1.794E-01  1.842E-01  1.570E-01  2.300E-01  1.843E-01
  1.805E-01  1.736E-01  1.860E-01  2.057E-01  1.796E-01  1.738E-01  1.697E-01  2.156E-01  2.083E-01  1.875E-01
  1.805E-01  2.167E-01  2.021E-01  1.952E-01  2.016E-01  1.758E-01  1.681E-01  1.756E-01  1.672E-01  1.746E-01
  1.773E-01  1.656E-01  1.659E-01  2.010E-01  1.906E-01  1.786E-01  1.543E-01  1.920E-01  1.608E-01  1.912E-01
  1.601E-01  1.666E-01  1.982E-01  1.780E-01  1.631E-01  1.721E-01  2.307E-01  1.740E-01  1.832E-01  1.952E-01
  2.005E-01  1.874E-01  1.899E-01  1.768E-01  1.780E-01  1.854E-01  1.726E-01  1.678E-01  1.921E-01  2.161E-01
  2.054E-01  1.772E-01  1.855E-01  2.008E-01  1.569E-01  1.923E-01  2.165E-01  1.693E-01  1.677E-01  1.810E-01
  1.851E-01  1.799E-01  1.645E-01  1.811E-01  1.952E-01  2.104E-01  1.807E-01  1.687E-01  1.749E-01  1.805E-01
  1.533E-01  1.721E-01  1.831E-01  1.697E-01  1.896E-01  1.829E-01  1.795E-01  1.723E-01  1.678E-01  1.591E-01
  1.811E-01  1.707E-01  1.698E-01  1.923E-01  2.034E-01  1.781E-01  1.862E-01  1.802E-01  1.559E-01  1.716E-01
  2.092E-01  1.654E-01  2.093E-01  1.635E-01  1.910E-01  1.673E-01  1.872E-01  1.578E-01  1.989E-01  1.760E-01
  2.000E-01  1.871E-01  1.665E-01  1.705E-01  1.560E-01  1.773E-01  1.667E-01  1.800E-01  2.026E-01  1.604E-01
  1.726E-01  1.745E-01  1.816E-01  1.631E-01  1.657E-01  1.585E-01  1.867E-01  2.019E-01  2.130E-01  1.717E-01
  1.686E-01  1.699E-01  1.497E-01  1.556E-01  1.727E-01  1.724E-01  1.931E-01  1.840E-01  1.772E-01  1.799E-01
  1.804E-01  1.711E-01  1.698E-01  1.999E-01  2.171E-01  1.819E-01  1.782E-01  1.785E-01  2.762E-01  1.694E-01
  1.621E-01  1.905E-01  2.057E-01  1.480E-01  1.827E-01  2.048E-01  1.768E-01  1.699E-01  1.768E-01  1.833E-01
  2.084E-01  1.948E-01  1.733E-01  1.576E-01  1.962E-01  1.826E-01  1.829E-01  1.753E-01  1.694E-01  1.610E-01
  1.733E-01  2.053E-01  1.581E-01  1.674E-01  1.663E-01  1.726E-01  1.792E-01  1.690E-01  1.672E-01  1.489E-01
  1.615E-01  2.001E-01  1.660E-01  1.803E-01  2.005E-01  1.758E-01  1.812E-01  1.971E-01  1.715E-01  1.849E-01
  1.843E-01  1.636E-01  1.842E-01  1.727E-01  1.773E-01  1.731E-01  1.782E-01  1.870E-01  1.963E-01  2.101E-01
  2.109E-01  1.862E-01  2.117E-01  1.607E-01  1.877E-01  1.838E-01  1.610E-01  1.967E-01  1.836E-01  1.702E-01
  1.682E-01  1.709E-01  2.378E-01  1.842E-01  2.197E-01  2.172E-01  1.897E-01  1.891E-01  1.957E-01  1.730E-01
  1.736E-01  1.563E-01  1.509E-01  1.726E-01  2.018E-01  1.871E-01  1.716E-01  1.963E-01  1.722E-01  1.589E-01
  1.836E-01  1.743E-01  1.756E-01  2.036E-01  1.744E-01  1.846E-01  1.772E-01  2.015E-01  1.827E-01  1.768E-01
  1.782E-01  1.627E-01  1.772E-01  1.714E-01  1.942E-01  1.849E-01  1.468E-01  1.604E-01  1.816E-01  2.023E-01
  1.756E-01  1.619E-01  1.827E-01  1.956E-01  1.890E-01  1.974E-01  1.683E-01  1.443E-01  1.971E-01  1.682E-01
  1.944E-01  1.981E-01  1.688E-01  1.783E-01  2.017E-01  1.927E-01  1.995E-01  1.831E-01  1.851E-01  1.868E-01
  1.811E-01  1.839E-01  1.845E-01  1.780E-01  1.894E-01  2.009E-01  2.116E-01  1.988E-01  1.935E-01  1.673E-01
  1.748E-01  2.214E-01  2.105E-01  1.636E-01  2.008E-01  2.008E-01  1.764E-01  1.760E-01  1.806E-01  1.858E-01
  1.654E-01  1.614E-01  1.633E-01  1.914E-01  1.624E-01  1.831E-01  1.632E-01  1.758E-01  1.630E-01  1.675E-01
  1.906E-01  1.880E-01  1.826E-01  1.946E-01  1.706E-01  1.780E-01  1.602E-01  1.711E-01  1.790E-01  1.811E-01
  1.843E-01  1.733E-01  1.703E-01  1.736E-01  1.944E-01  1.653E-01  1.629E-01  1.887E-01  1.952E-01  2.052E-01
  1.747E-01  1.797E-01  2.400E-01  1.531E-01  1.636E-01  1.741E-01  1.820E-01  1.899E-01  1.785E-01  1.724E-01
  1.809E-01  1.703E-01  1.607E-01  1.740E-01  1.729E-01  2.148E-01  2.007E-01  1.893E-01  1.954E-01  1.673E-01
  1.675E-01  1.850E-01  1.932E-01  1.636E-01  1.951E-01  1.865E-01  1.703E-01  1.737E-01  1.800E-01  1.940E-01
  1.932E-01  1.715E-01  1.915E-01  1.679E-01  1.555E-01  2.036E-01  1.824E-01  1.772E-01  1.650E-01  1.735E-01
  1.943E-01  1.840E-01  1.842E-01  1.980E-01  1.800E-01  1.696E-01  1.744E-01  1.564E-01  1.648E-01  2.020E-01
  2.025E-01  2.073E-01  1.864E-01  1.920E-01  1.706E-01  1.815E-01  1.634E-01  1.845E-01  1.840E-01  1.652E-01
  1.613E-01  1.678E-01  1.903E-01  1.807E-01  1.796E-01  1.862E-01  1.960E-01  1.745E-01  1.661E-01  1.873E-01
  1.800E-01  1.798E-01  1.826E-01  1.828E-01  1.605E-01  1.770E-01  2.095E-01  1.767E-01  1.694E-01  1.748E-01
  1.669E-01  1.775E-01  1.560E-01  1.812E-01  1.646E-01  1.629E-01  1.731E-01  2.030E-01  2.130E-01  1.744E-01
  1.788E-01  1.992E-01  2.028E-01  2.028E-01  1.774E-01  1.827E-01  1.745E-01  2.017E-01  1.831E-01  1.872E-01
  1.583E-01  1.870E-01  1.622E-01  1.825E-01  1.775E-01  1.825E-01  2.020E-01  1.890E-01  1.637E-01  1.671E-01
  1.815E-01  1.599E-01  1.602E-01  1.642E-01  1.769E-01  1.612E-01  2.320E-01  1.991E-01  2.321E-01  1.776E-01
  1.776E-01  2.073E-01  1.664E-01  1.583E-01  1.987E-01  1.739E-01  1.555E-01  1.509E-01  1.773E-01  1.678E-01
  1.988E-01  1.829E-01  1.807E-01  1.644E-01  1.640E-01  1.735E-01  1.913E-01  1.628E-01  1.445E-01  1.756E-01
  1.904E-01  1.906E-01  1.476E-01  1.457E-01  1.825E-01  1.866E-01  1.627E-01  1.643E-01  2.019E-01  1.655E-01
  1.607E-01  1.577E-01  1.910E-01  1.624E-01  1.806E-01  1.869E-01  1.848E-01  1.759E-01  1.722E-01  1.625E-01
  1.591E-01  1.643E-01  1.684E-01  1.756E-01  1.683E-01  1.967E-01  1.864E-01  1.737E-01  1.711E-01  1.775E-01
  1.588E-01  1.911E-01  1.692E-01  1.585E-01  1.658E-01  1.607E-01  1.777E-01  1.950E-01  1.694E-01  1.789E-01
  1.904E-01  3.560E-01  1.718E-01  1.630E-01  1.822E-01  1.800E-01  1.593E-01  1.831E-01  1.804E-01  1.701E-01
  1.536E-01  1.836E-01  1.670E-01  1.765E-01  1.812E-01  1.821E-01  2.048E-01  2.008E-01

#------------------------------------------------------------------------------
# gshow
#------------------------------------------------------------------------------

p: legs[c5*0.875]

hb:   line clip z  
frame:
 -7.9999814E-01 -1.6499925E+00
  8.0000186E-01 -1.6499925E+00
  8.0000186E-01  1.6500075E+00
 -7.9999814E-01  1.6500075E+00
clip:
 -8.94115672E-01 -1.74705108E+00
  8.94119622E-01 -1.74705108E+00
  8.94119622E-01 -1.64116873E+00
  8.94119622E-01 -1.53528638E+00
  8.94119622E-01 -1.42940402E+00
  8.94119622E-01 -1.32352167E+00
  8.94119622E-01 -1.21763932E+00
  8.94119622E-01 -1.11175697E+00
  8.94119622E-01 -1.00587461E+00
  8.94119622E-01 -8.99992259E-01
  8.94119622E-01 -7.94109906E-01
  8.94119622E-01 -6.88227553E-01
  8.94119622E-01 -5.82345200E-01
  8.94119622E-01 -4.76462847E-01
  8.94119622E-01 -3.70580495E-01
  8.94119622E-01 -2.64698142E-01
  8.94119622E-01 -1.58815789E-01
  8.94119622E-01 -5.29334357E-02
  8.94119622E-01  5.29489172E-02
  8.94119622E-01  1.58831270E-01
  8.94119622E-01  2.64713623E-01
  8.94119622E-01  3.70595976E-01
  8.94119622E-01  4.76478329E-01
  8.94119622E-01  5.82360682E-01
  8.94119622E-01  6.88243035E-01
  8.94119622E-01  7.94125388E-01
  8.94119622E-01  9.00007741E-01
  8.94119622E-01  1.00589009E+00
  8.94119622E-01  1.11177245E+00
  8.94119622E-01  1.21765480E+00
  8.94119622E-01  1.32353715E+00
  8.94119622E-01  1.42941951E+00
  8.94119622E-01  1.53530186E+00
  8.94119622E-01  1.64118421E+00
  8.94119622E-01  1.74706656E+00
  7.82354916E-01  1.74706656E+00
  6.70590211E-01  1.74706656E+00
  5.58825505E-01  1.74706656E+00
  4.47060799E-01  1.74706656E+00
  3.35296093E-01  1.74706656E+00
  2.23531387E-01  1.74706656E+00
  1.11766681E-01  1.74706656E+00
  1.97530848E-06  1.74706656E+00
 -1.11762731E-01  1.74706656E+00
 -2.23527436E-01  1.74706656E+00
 -3.35292142E-01  1.74706656E+00
 -4.47056848E-01  1.74706656E+00
 -5.58821554E-01  1.74706656E+00
 -6.70586260E-01  1.74706656E+00
 -7.82350966E-01  1.74706656E+00
 -8.94115672E-01  1.74706656E+00
 -8.94115672E-01  1.64118421E+00
 -8.94115672E-01  1.53530186E+00
 -8.94115672E-01  1.42941951E+00
 -8.94115672E-01  1.32353715E+00
 -8.94115672E-01  1.21765480E+00
 -8.94115672E-01  1.11177245E+00
 -8.94115672E-01  1.00589009E+00
 -8.94115672E-01  9.00007741E-01
 -8.94115672E-01  7.94125388E-01
 -8.94115672E-01  6.88243035E-01
 -8.94115672E-01  5.82360682E-01
 -8.94115672E-01  4.76478329E-01
 -8.94115672E-01  3.70595976E-01
 -8.94115672E-01  2.64713623E-01
 -8.94115672E-01  1.58831270E-01
 -8.94115672E-01  5.29489172E-02
 -8.94115672E-01 -5.29334357E-02
 -8.94115672E-01 -1.58815789E-01
 -8.94115672E-01 -2.64698142E-01
 -8.94115672E-01 -3.70580495E-01
 -8.94115672E-01 -4.76462847E-01
 -8.94115672E-01 -5.82345200E-01
 -8.94115672E-01 -6.88227553E-01
 -8.94115672E-01 -7.94109906E-01
 -8.94115672E-01 -8.99992259E-01
 -8.94115672E-01 -1.00587461E+00
 -8.94115672E-01 -1.11175697E+00
 -8.94115672E-01 -1.21763932E+00
 -8.94115672E-01 -1.32352167E+00
 -8.94115672E-01 -1.42940402E+00
 -8.94115672E-01 -1.53528638E+00
 -8.94115672E-01 -1.64116873E+00
 -8.94115672E-01 -1.74705108E+00

#------------------------------------------------------------------------------
z: xorg(1.03)
p: xfac[c2*0.05] form[c1/0.05] notc noxt noyt dmin(1)
p: ymin(0) ymax(1) xmin(0) xmax(1) cmin(1) cmax(100) nosp
hc: y= 0.005 to 0.995 by 0.01 ; x= 0.5 to 0.5 by 1 ;
 1  2  3  4  5  6  7  8  9 10 11 12 13 14 15 16 17 18 19 20
21 22 23 24 25 26 27 28 29 30 31 32 33 34 35 36 37 38 39 40
41 42 43 44 45 46 47 48 49 50 51 52 53 54 55 56 57 58 59 60
61 62 63 64 65 66 67 68 69 70 71 72 73 74 75 76 77 78 79 80
81 82 83 84 85 86 87 88 89 90 91 92 93 94 95 96 97 98 99 100
z: xorg(0.0)
p: xfac[c2*0.05] form[c1/0.05] nosp afac[c5*0.625] ymin[c3] ymax[c4]
p: noxt noxn ytxt(-1) ynum(-1) xltd(-1) xstd(-1) itic(1) ylog
y: Relative Error
#------------------------------------------------------------------------------

wt: s[c5]
\vspace{-3}
  zmin  &=&   9.8380E+01 [cm]
  zmax  &=&   9.8430E+01 [cm]
  part. &=& photon  
e:

#------------------------------------------------------------------------------
z: xorg[-1.03/0.05]
p: form[c1] xfac[c2] afac[c5] nosp notf
p: xmin(-0.8000000    ) xmax( 0.8000000    )
p: ymin( -1.650000    ) ymax(  1.650000    )

#------------------------------------------------------------------------------
 newpage:
#   no. =  3   iz  =  2   part. = proton  
#   z = (   9.8430E+01  -   9.8480E+01  )

'no. =  3,  iz =  2'
msuc: {\huge Dosis xy}
msdr: {\it plotted by \ANGEL \version}
msdl: {\it calculated by \PHITS  3.36}

x: x [cm]
y: y [cm]
set: c1[ 2.062] c2[ 0.627] c5[ 0.800] c6[ 0.743] c7[ 0.708] c8[ 0.000]
p: h2fs form[c1] xfac[c2] afac[c5] scal[c6] xorg[c7] yorg[c8] nosp
set: c3[1.0e-4] c4[1.0]
p: cmin[c3] cmax[c4]
p: dmin(1e-31)
p: zlog
p: xmin(-0.8000000    ) xmax( 0.8000000    )
p: ymin( -1.650000    ) ymax(  1.650000    )
#  ny =  33   nx =  16
# ( ( data(x,y), x = 1, nx ), y = ny, 1, -1 )

hc:  y =   1.600000     to  -1.600000     by  0.1000000     ; x = -0.7500000     to  0.7500000     by  0.1000000     ;
  3.933E-03  3.943E-03  3.916E-03  3.936E-03  3.925E-03  3.926E-03  3.946E-03  3.943E-03  3.943E-03  3.926E-03
  3.889E-03  3.937E-03  3.912E-03  3.951E-03  3.902E-03  3.902E-03  3.925E-03  3.951E-03  3.916E-03  3.924E-03
  3.915E-03  3.923E-03  3.914E-03  3.939E-03  3.914E-03  3.932E-03  3.930E-03  3.941E-03  3.915E-03  3.924E-03
  3.885E-03  3.921E-03  3.942E-03  3.936E-03  3.933E-03  3.890E-03  3.928E-03  3.954E-03  3.910E-03  3.909E-03
  3.931E-03  3.918E-03  3.951E-03  3.941E-03  3.933E-03  3.921E-03  3.922E-03  3.919E-03  3.929E-03  3.920E-03
  3.910E-03  3.928E-03  3.947E-03  3.936E-03  3.916E-03  3.959E-03  3.946E-03  3.925E-03  3.947E-03  3.939E-03
  3.938E-03  3.942E-03  3.931E-03  3.932E-03  3.942E-03  3.945E-03  3.920E-03  3.944E-03  3.957E-03  3.931E-03
  3.934E-03  3.936E-03  3.940E-03  3.947E-03  3.957E-03  3.919E-03  3.927E-03  3.943E-03  3.934E-03  3.915E-03
  3.930E-03  3.973E-03  3.944E-03  3.925E-03  3.951E-03  3.933E-03  3.946E-03  3.955E-03  3.983E-03  3.959E-03
  3.974E-03  3.946E-03  3.944E-03  3.927E-03  3.922E-03  3.944E-03  3.949E-03  3.968E-03  3.946E-03  3.941E-03
  3.925E-03  3.942E-03  3.935E-03  3.952E-03  3.931E-03  3.986E-03  3.947E-03  3.969E-03  3.957E-03  3.946E-03
  3.938E-03  3.961E-03  3.928E-03  3.938E-03  3.958E-03  3.944E-03  3.906E-03  3.953E-03  3.957E-03  3.936E-03
  3.966E-03  3.950E-03  3.934E-03  3.971E-03  3.934E-03  3.940E-03  3.962E-03  3.953E-03  3.977E-03  3.915E-03
  3.900E-03  3.965E-03  3.973E-03  3.923E-03  3.942E-03  3.973E-03  3.964E-03  3.973E-03  3.964E-03  3.953E-03
  3.978E-03  3.964E-03  3.960E-03  3.929E-03  3.966E-03  3.966E-03  3.992E-03  4.010E-03  3.975E-03  3.967E-03
  3.976E-03  3.970E-03  3.950E-03  3.965E-03  3.980E-03  3.988E-03  3.984E-03  3.944E-03  3.939E-03  3.968E-03
  3.951E-03  3.956E-03  3.955E-03  3.965E-03  3.963E-03  3.954E-03  3.960E-03  3.977E-03  3.978E-03  3.983E-03
  3.964E-03  3.960E-03  3.986E-03  3.970E-03  3.972E-03  3.959E-03  3.964E-03  3.975E-03  3.952E-03  3.971E-03
  3.978E-03  3.985E-03  3.960E-03  3.966E-03  3.967E-03  3.983E-03  4.019E-03  3.986E-03  3.986E-03  3.993E-03
  3.944E-03  3.950E-03  3.956E-03  3.957E-03  3.967E-03  4.003E-03  3.978E-03  3.997E-03  3.978E-03  3.977E-03
  3.962E-03  3.971E-03  3.982E-03  3.972E-03  3.956E-03  3.967E-03  3.966E-03  3.969E-03  3.964E-03  3.939E-03
  3.991E-03  3.978E-03  3.982E-03  3.966E-03  3.993E-03  3.985E-03  4.001E-03  3.990E-03  3.957E-03  3.983E-03
  3.977E-03  3.970E-03  3.974E-03  3.947E-03  3.945E-03  3.944E-03  3.988E-03  3.997E-03  3.982E-03  3.990E-03
  3.987E-03  3.977E-03  3.958E-03  3.958E-03  3.987E-03  3.966E-03  3.970E-03  3.956E-03  3.982E-03  3.963E-03
  3.965E-03  3.996E-03  3.962E-03  3.993E-03  3.993E-03  3.998E-03  3.947E-03  4.000E-03  3.983E-03  3.982E-03
  3.957E-03  3.977E-03  4.003E-03  3.960E-03  3.953E-03  3.976E-03  3.962E-03  3.985E-03  3.949E-03  3.965E-03
  3.993E-03  3.967E-03  4.006E-03  3.982E-03  3.992E-03  4.000E-03  3.957E-03  3.960E-03  4.008E-03  3.977E-03
  3.977E-03  3.992E-03  3.938E-03  3.960E-03  3.955E-03  3.965E-03  3.987E-03  3.993E-03  3.993E-03  3.987E-03
  3.985E-03  3.980E-03  3.973E-03  4.001E-03  4.006E-03  3.987E-03  3.958E-03  3.962E-03  3.995E-03  3.979E-03
  3.969E-03  3.968E-03  3.997E-03  3.971E-03  4.006E-03  3.982E-03  3.991E-03  3.973E-03  3.962E-03  3.981E-03
  3.999E-03  3.991E-03  3.961E-03  3.964E-03  3.937E-03  3.957E-03  4.008E-03  3.966E-03  3.968E-03  3.994E-03
  4.001E-03  4.007E-03  3.997E-03  4.002E-03  3.983E-03  3.979E-03  3.981E-03  3.970E-03  3.965E-03  3.963E-03
  3.982E-03  3.994E-03  3.994E-03  4.000E-03  3.968E-03  3.974E-03  3.956E-03  3.968E-03  3.963E-03  4.000E-03
  3.977E-03  3.980E-03  3.959E-03  3.977E-03  3.948E-03  3.969E-03  3.982E-03  3.972E-03  3.969E-03  3.991E-03
  3.951E-03  3.971E-03  3.977E-03  3.984E-03  3.989E-03  3.974E-03  3.938E-03  3.999E-03  3.968E-03  3.994E-03
  3.949E-03  3.960E-03  3.957E-03  3.960E-03  3.981E-03  3.967E-03  3.982E-03  3.952E-03  3.953E-03  3.955E-03
  4.005E-03  3.980E-03  3.980E-03  3.980E-03  3.960E-03  3.973E-03  3.912E-03  3.955E-03  3.950E-03  3.954E-03
  3.974E-03  3.985E-03  3.950E-03  3.956E-03  3.985E-03  3.954E-03  3.969E-03  3.987E-03  3.959E-03  3.952E-03
  3.956E-03  3.946E-03  3.940E-03  3.934E-03  3.956E-03  3.961E-03  3.937E-03  3.965E-03  3.977E-03  3.923E-03
  3.961E-03  3.972E-03  3.984E-03  3.964E-03  3.965E-03  3.937E-03  3.937E-03  3.959E-03  3.968E-03  3.945E-03
  3.957E-03  3.956E-03  3.961E-03  3.954E-03  3.946E-03  3.955E-03  3.966E-03  3.948E-03  3.972E-03  3.945E-03
  3.961E-03  3.961E-03  3.932E-03  3.948E-03  3.909E-03  3.926E-03  3.940E-03  3.906E-03  3.941E-03  3.928E-03
  3.955E-03  3.978E-03  3.954E-03  3.926E-03  3.947E-03  3.973E-03  3.956E-03  3.951E-03  3.983E-03  3.943E-03
  3.937E-03  3.935E-03  3.939E-03  3.966E-03  3.964E-03  3.930E-03  3.937E-03  3.950E-03  3.935E-03  3.949E-03
  3.941E-03  3.947E-03  3.960E-03  3.939E-03  3.932E-03  3.952E-03  3.957E-03  3.911E-03  3.919E-03  3.932E-03
  3.941E-03  3.939E-03  3.922E-03  3.942E-03  3.936E-03  3.920E-03  3.947E-03  3.932E-03  3.964E-03  3.929E-03
  3.915E-03  3.943E-03  3.928E-03  3.961E-03  3.913E-03  3.925E-03  3.926E-03  3.930E-03  3.935E-03  3.940E-03
  3.941E-03  3.929E-03  3.932E-03  3.951E-03  3.954E-03  3.946E-03  3.906E-03  3.947E-03  3.940E-03  3.932E-03
  3.917E-03  3.914E-03  3.929E-03  3.952E-03  3.913E-03  3.923E-03  3.917E-03  3.951E-03  3.949E-03  3.926E-03
  3.942E-03  3.945E-03  3.937E-03  3.927E-03  3.924E-03  3.923E-03  3.938E-03  3.922E-03  3.859E-03  3.954E-03
  3.954E-03  3.931E-03  3.907E-03  3.962E-03  3.924E-03  3.926E-03  3.899E-03  3.950E-03  3.914E-03  3.956E-03
  3.952E-03  3.945E-03  3.923E-03  3.942E-03  3.892E-03  3.931E-03  3.929E-03  3.933E-03  3.917E-03  3.905E-03
  3.939E-03  3.925E-03  3.925E-03  3.942E-03  3.906E-03  3.947E-03  3.914E-03  3.939E-03

#------------------------------------------------------------------------------
# gshow
#------------------------------------------------------------------------------

p: legs[c5*0.875]

hb:   line clip z  
frame:
 -7.9999814E-01 -1.6499925E+00
  8.0000186E-01 -1.6499925E+00
  8.0000186E-01  1.6500075E+00
 -7.9999814E-01  1.6500075E+00
clip:
 -8.94115672E-01 -1.74705108E+00
  8.94119622E-01 -1.74705108E+00
  8.94119622E-01 -1.64116873E+00
  8.94119622E-01 -1.53528638E+00
  8.94119622E-01 -1.42940402E+00
  8.94119622E-01 -1.32352167E+00
  8.94119622E-01 -1.21763932E+00
  8.94119622E-01 -1.11175697E+00
  8.94119622E-01 -1.00587461E+00
  8.94119622E-01 -8.99992259E-01
  8.94119622E-01 -7.94109906E-01
  8.94119622E-01 -6.88227553E-01
  8.94119622E-01 -5.82345200E-01
  8.94119622E-01 -4.76462847E-01
  8.94119622E-01 -3.70580495E-01
  8.94119622E-01 -2.64698142E-01
  8.94119622E-01 -1.58815789E-01
  8.94119622E-01 -5.29334357E-02
  8.94119622E-01  5.29489172E-02
  8.94119622E-01  1.58831270E-01
  8.94119622E-01  2.64713623E-01
  8.94119622E-01  3.70595976E-01
  8.94119622E-01  4.76478329E-01
  8.94119622E-01  5.82360682E-01
  8.94119622E-01  6.88243035E-01
  8.94119622E-01  7.94125388E-01
  8.94119622E-01  9.00007741E-01
  8.94119622E-01  1.00589009E+00
  8.94119622E-01  1.11177245E+00
  8.94119622E-01  1.21765480E+00
  8.94119622E-01  1.32353715E+00
  8.94119622E-01  1.42941951E+00
  8.94119622E-01  1.53530186E+00
  8.94119622E-01  1.64118421E+00
  8.94119622E-01  1.74706656E+00
  7.82354916E-01  1.74706656E+00
  6.70590211E-01  1.74706656E+00
  5.58825505E-01  1.74706656E+00
  4.47060799E-01  1.74706656E+00
  3.35296093E-01  1.74706656E+00
  2.23531387E-01  1.74706656E+00
  1.11766681E-01  1.74706656E+00
  1.97530848E-06  1.74706656E+00
 -1.11762731E-01  1.74706656E+00
 -2.23527436E-01  1.74706656E+00
 -3.35292142E-01  1.74706656E+00
 -4.47056848E-01  1.74706656E+00
 -5.58821554E-01  1.74706656E+00
 -6.70586260E-01  1.74706656E+00
 -7.82350966E-01  1.74706656E+00
 -8.94115672E-01  1.74706656E+00
 -8.94115672E-01  1.64118421E+00
 -8.94115672E-01  1.53530186E+00
 -8.94115672E-01  1.42941951E+00
 -8.94115672E-01  1.32353715E+00
 -8.94115672E-01  1.21765480E+00
 -8.94115672E-01  1.11177245E+00
 -8.94115672E-01  1.00589009E+00
 -8.94115672E-01  9.00007741E-01
 -8.94115672E-01  7.94125388E-01
 -8.94115672E-01  6.88243035E-01
 -8.94115672E-01  5.82360682E-01
 -8.94115672E-01  4.76478329E-01
 -8.94115672E-01  3.70595976E-01
 -8.94115672E-01  2.64713623E-01
 -8.94115672E-01  1.58831270E-01
 -8.94115672E-01  5.29489172E-02
 -8.94115672E-01 -5.29334357E-02
 -8.94115672E-01 -1.58815789E-01
 -8.94115672E-01 -2.64698142E-01
 -8.94115672E-01 -3.70580495E-01
 -8.94115672E-01 -4.76462847E-01
 -8.94115672E-01 -5.82345200E-01
 -8.94115672E-01 -6.88227553E-01
 -8.94115672E-01 -7.94109906E-01
 -8.94115672E-01 -8.99992259E-01
 -8.94115672E-01 -1.00587461E+00
 -8.94115672E-01 -1.11175697E+00
 -8.94115672E-01 -1.21763932E+00
 -8.94115672E-01 -1.32352167E+00
 -8.94115672E-01 -1.42940402E+00
 -8.94115672E-01 -1.53528638E+00
 -8.94115672E-01 -1.64116873E+00
 -8.94115672E-01 -1.74705108E+00

#------------------------------------------------------------------------------
z: xorg(1.03)
p: xfac[c2*0.05] form[c1/0.05] notc noxt noyt dmin(1)
p: ymin(0) ymax(1) xmin(0) xmax(1) cmin(1) cmax(100) nosp
hc: y= 0.005 to 0.995 by 0.01 ; x= 0.5 to 0.5 by 1 ;
 1  2  3  4  5  6  7  8  9 10 11 12 13 14 15 16 17 18 19 20
21 22 23 24 25 26 27 28 29 30 31 32 33 34 35 36 37 38 39 40
41 42 43 44 45 46 47 48 49 50 51 52 53 54 55 56 57 58 59 60
61 62 63 64 65 66 67 68 69 70 71 72 73 74 75 76 77 78 79 80
81 82 83 84 85 86 87 88 89 90 91 92 93 94 95 96 97 98 99 100
z: xorg(0.0)
p: xfac[c2*0.05] form[c1/0.05] nosp afac[c5*0.625] ymin[c3] ymax[c4]
p: noxt noxn ytxt(-1) ynum(-1) xltd(-1) xstd(-1) itic(1) ylog
y: Relative Error
#------------------------------------------------------------------------------

wt: s[c5]
\vspace{-3}
  zmin  &=&   9.8430E+01 [cm]
  zmax  &=&   9.8480E+01 [cm]
  part. &=& proton  
e:

#------------------------------------------------------------------------------
z: xorg[-1.03/0.05]
p: form[c1] xfac[c2] afac[c5] nosp notf
p: xmin(-0.8000000    ) xmax( 0.8000000    )
p: ymin( -1.650000    ) ymax(  1.650000    )

#------------------------------------------------------------------------------
 newpage:
#   no. =  4   iz  =  2   part. = photon  
#   z = (   9.8430E+01  -   9.8480E+01  )

'no. =  4,  iz =  2'
msuc: {\huge Dosis xy}
msdr: {\it plotted by \ANGEL \version}
msdl: {\it calculated by \PHITS  3.36}

x: x [cm]
y: y [cm]
set: c1[ 2.062] c2[ 0.627] c5[ 0.800] c6[ 0.743] c7[ 0.708] c8[ 0.000]
p: h2fs form[c1] xfac[c2] afac[c5] scal[c6] xorg[c7] yorg[c8] nosp
set: c3[1.0e-4] c4[1.0]
p: cmin[c3] cmax[c4]
p: dmin(1e-31)
p: zlog
p: xmin(-0.8000000    ) xmax( 0.8000000    )
p: ymin( -1.650000    ) ymax(  1.650000    )
#  ny =  33   nx =  16
# ( ( data(x,y), x = 1, nx ), y = ny, 1, -1 )

hc:  y =   1.600000     to  -1.600000     by  0.1000000     ; x = -0.7500000     to  0.7500000     by  0.1000000     ;
  2.158E-01  1.822E-01  1.994E-01  1.654E-01  1.615E-01  2.019E-01  1.660E-01  1.835E-01  1.912E-01  1.758E-01
  1.982E-01  1.836E-01  2.011E-01  1.710E-01  1.686E-01  1.783E-01  1.746E-01  2.074E-01  2.024E-01  1.708E-01
  1.602E-01  1.575E-01  1.801E-01  2.105E-01  1.816E-01  1.685E-01  1.782E-01  1.907E-01  1.936E-01  2.019E-01
  1.859E-01  1.913E-01  1.956E-01  1.922E-01  1.984E-01  1.862E-01  1.768E-01  1.868E-01  1.861E-01  1.839E-01
  1.711E-01  1.644E-01  1.719E-01  1.897E-01  1.922E-01  1.843E-01  1.886E-01  1.856E-01  1.641E-01  1.696E-01
  1.558E-01  1.812E-01  1.854E-01  1.799E-01  1.612E-01  1.609E-01  1.701E-01  1.771E-01  1.658E-01  1.783E-01
  1.815E-01  1.905E-01  1.621E-01  1.824E-01  1.704E-01  1.967E-01  1.659E-01  1.879E-01  1.945E-01  2.116E-01
  2.254E-01  1.711E-01  1.830E-01  2.044E-01  1.790E-01  2.147E-01  1.860E-01  1.612E-01  1.663E-01  1.846E-01
  1.617E-01  1.891E-01  1.836E-01  1.988E-01  1.796E-01  1.917E-01  1.874E-01  1.764E-01  1.631E-01  1.878E-01
  1.726E-01  1.809E-01  1.801E-01  1.840E-01  1.665E-01  1.697E-01  1.794E-01  1.750E-01  1.914E-01  1.899E-01
  1.697E-01  1.603E-01  1.794E-01  1.890E-01  1.917E-01  1.610E-01  1.776E-01  1.677E-01  1.627E-01  1.654E-01
  1.813E-01  1.619E-01  1.826E-01  1.562E-01  1.631E-01  1.513E-01  2.030E-01  1.534E-01  1.590E-01  1.790E-01
  2.192E-01  1.883E-01  1.811E-01  1.593E-01  1.695E-01  1.767E-01  1.825E-01  1.818E-01  1.618E-01  1.618E-01
  1.620E-01  1.655E-01  1.845E-01  1.668E-01  1.575E-01  1.777E-01  1.838E-01  2.209E-01  2.375E-01  1.942E-01
  1.862E-01  1.563E-01  1.780E-01  1.537E-01  1.584E-01  1.818E-01  1.770E-01  2.072E-01  1.639E-01  1.764E-01
  1.958E-01  1.916E-01  2.063E-01  1.819E-01  2.256E-01  1.844E-01  1.791E-01  1.763E-01  1.944E-01  1.907E-01
  1.590E-01  1.759E-01  1.755E-01  1.623E-01  1.723E-01  1.766E-01  1.944E-01  1.919E-01  2.077E-01  1.760E-01
  1.889E-01  2.109E-01  1.823E-01  1.723E-01  1.650E-01  1.762E-01  1.702E-01  1.864E-01  1.720E-01  1.596E-01
  1.558E-01  1.999E-01  1.677E-01  1.953E-01  1.918E-01  1.754E-01  1.848E-01  1.654E-01  1.846E-01  1.706E-01
  1.586E-01  1.756E-01  1.986E-01  1.816E-01  2.567E-01  1.791E-01  1.542E-01  1.764E-01  1.655E-01  1.757E-01
  1.686E-01  1.579E-01  1.903E-01  1.709E-01  1.591E-01  1.630E-01  1.771E-01  1.565E-01  2.056E-01  2.054E-01
  2.224E-01  1.891E-01  1.828E-01  1.553E-01  1.798E-01  1.921E-01  1.721E-01  1.873E-01  1.804E-01  1.543E-01
  1.790E-01  1.724E-01  2.038E-01  1.903E-01  2.040E-01  1.981E-01  1.785E-01  1.985E-01  1.768E-01  1.914E-01
  2.046E-01  1.868E-01  1.790E-01  1.996E-01  1.838E-01  1.696E-01  1.729E-01  2.010E-01  1.669E-01  1.625E-01
  1.608E-01  1.931E-01  1.945E-01  2.007E-01  1.790E-01  1.906E-01  1.836E-01  1.940E-01  1.883E-01  1.873E-01
  1.531E-01  1.704E-01  1.766E-01  1.791E-01  1.938E-01  2.042E-01  1.626E-01  1.746E-01  1.767E-01  1.755E-01
  1.890E-01  1.712E-01  1.838E-01  1.848E-01  1.774E-01  2.204E-01  1.542E-01  1.648E-01  1.779E-01  1.899E-01
  1.848E-01  1.666E-01  1.619E-01  1.598E-01  1.712E-01  1.769E-01  1.819E-01  1.809E-01  1.771E-01  2.127E-01
  1.659E-01  1.610E-01  1.599E-01  1.950E-01  1.704E-01  1.949E-01  1.932E-01  1.758E-01  1.758E-01  1.708E-01
  1.757E-01  2.021E-01  2.038E-01  1.984E-01  1.726E-01  1.879E-01  1.689E-01  1.688E-01  1.889E-01  1.857E-01
  1.585E-01  1.556E-01  1.724E-01  1.982E-01  1.846E-01  1.922E-01  1.739E-01  1.663E-01  1.713E-01  1.862E-01
  1.645E-01  1.726E-01  1.901E-01  1.955E-01  1.939E-01  1.625E-01  1.677E-01  1.872E-01  1.804E-01  1.815E-01
  1.793E-01  1.656E-01  1.754E-01  1.634E-01  1.718E-01  1.667E-01  1.738E-01  1.729E-01  1.873E-01  2.126E-01
  1.869E-01  1.980E-01  2.163E-01  1.699E-01  1.674E-01  1.767E-01  1.786E-01  1.863E-01  2.019E-01  1.628E-01
  1.848E-01  1.718E-01  1.452E-01  1.839E-01  1.574E-01  1.758E-01  1.876E-01  2.083E-01  1.794E-01  1.575E-01
  1.755E-01  2.021E-01  1.840E-01  1.958E-01  1.925E-01  1.778E-01  1.813E-01  1.702E-01  1.746E-01  1.982E-01
  1.736E-01  1.999E-01  1.834E-01  1.692E-01  1.754E-01  2.042E-01  2.144E-01  1.705E-01  1.790E-01  1.803E-01
  2.002E-01  1.753E-01  1.621E-01  1.757E-01  1.882E-01  1.871E-01  1.859E-01  1.751E-01  1.726E-01  1.694E-01
  1.818E-01  1.981E-01  1.993E-01  1.964E-01  1.546E-01  1.722E-01  1.592E-01  1.669E-01  1.679E-01  1.583E-01
  1.664E-01  1.778E-01  1.766E-01  1.705E-01  1.617E-01  1.803E-01  2.118E-01  1.826E-01  1.684E-01  1.760E-01
  1.893E-01  1.662E-01  2.033E-01  1.926E-01  1.669E-01  1.805E-01  2.193E-01  1.709E-01  1.807E-01  1.932E-01
  1.816E-01  1.804E-01  1.610E-01  2.123E-01  1.933E-01  1.648E-01  1.794E-01  1.650E-01  1.938E-01  1.842E-01
  1.714E-01  2.040E-01  1.634E-01  1.864E-01  1.962E-01  1.943E-01  1.767E-01  1.804E-01  1.809E-01  2.041E-01
  1.548E-01  2.024E-01  1.624E-01  1.899E-01  2.029E-01  1.638E-01  1.932E-01  1.823E-01  1.652E-01  1.881E-01
  1.936E-01  1.970E-01  1.831E-01  1.594E-01  1.663E-01  1.969E-01  1.817E-01  2.076E-01  1.711E-01  1.869E-01
  1.721E-01  1.874E-01  1.836E-01  1.618E-01  1.829E-01  1.640E-01  1.502E-01  1.393E-01  1.805E-01  1.599E-01
  2.040E-01  1.823E-01  1.810E-01  1.698E-01  1.651E-01  1.763E-01  1.799E-01  1.993E-01  1.639E-01  1.809E-01
  1.760E-01  1.755E-01  1.551E-01  1.707E-01  1.867E-01  1.629E-01  1.842E-01  1.721E-01  1.737E-01  1.899E-01
  1.575E-01  1.834E-01  1.948E-01  1.717E-01  1.639E-01  1.983E-01  1.693E-01  1.682E-01  1.657E-01  1.554E-01
  1.580E-01  1.592E-01  1.836E-01  1.752E-01  1.667E-01  1.645E-01  2.094E-01  1.734E-01  1.988E-01  2.199E-01
  1.544E-01  1.828E-01  1.654E-01  1.548E-01  1.520E-01  1.626E-01  1.598E-01  1.687E-01  1.709E-01  1.859E-01
  1.901E-01  3.660E-01  1.667E-01  1.710E-01  1.631E-01  1.708E-01  1.820E-01  1.780E-01  1.569E-01  1.532E-01
  1.846E-01  1.784E-01  1.793E-01  1.743E-01  1.939E-01  1.924E-01  1.891E-01  1.870E-01

#------------------------------------------------------------------------------
# gshow
#------------------------------------------------------------------------------

p: legs[c5*0.875]

hb:   line clip z  
frame:
 -7.9999814E-01 -1.6499925E+00
  8.0000186E-01 -1.6499925E+00
  8.0000186E-01  1.6500075E+00
 -7.9999814E-01  1.6500075E+00
clip:
 -8.94115672E-01 -1.74705108E+00
  8.94119622E-01 -1.74705108E+00
  8.94119622E-01 -1.64116873E+00
  8.94119622E-01 -1.53528638E+00
  8.94119622E-01 -1.42940402E+00
  8.94119622E-01 -1.32352167E+00
  8.94119622E-01 -1.21763932E+00
  8.94119622E-01 -1.11175697E+00
  8.94119622E-01 -1.00587461E+00
  8.94119622E-01 -8.99992259E-01
  8.94119622E-01 -7.94109906E-01
  8.94119622E-01 -6.88227553E-01
  8.94119622E-01 -5.82345200E-01
  8.94119622E-01 -4.76462847E-01
  8.94119622E-01 -3.70580495E-01
  8.94119622E-01 -2.64698142E-01
  8.94119622E-01 -1.58815789E-01
  8.94119622E-01 -5.29334357E-02
  8.94119622E-01  5.29489172E-02
  8.94119622E-01  1.58831270E-01
  8.94119622E-01  2.64713623E-01
  8.94119622E-01  3.70595976E-01
  8.94119622E-01  4.76478329E-01
  8.94119622E-01  5.82360682E-01
  8.94119622E-01  6.88243035E-01
  8.94119622E-01  7.94125388E-01
  8.94119622E-01  9.00007741E-01
  8.94119622E-01  1.00589009E+00
  8.94119622E-01  1.11177245E+00
  8.94119622E-01  1.21765480E+00
  8.94119622E-01  1.32353715E+00
  8.94119622E-01  1.42941951E+00
  8.94119622E-01  1.53530186E+00
  8.94119622E-01  1.64118421E+00
  8.94119622E-01  1.74706656E+00
  7.82354916E-01  1.74706656E+00
  6.70590211E-01  1.74706656E+00
  5.58825505E-01  1.74706656E+00
  4.47060799E-01  1.74706656E+00
  3.35296093E-01  1.74706656E+00
  2.23531387E-01  1.74706656E+00
  1.11766681E-01  1.74706656E+00
  1.97530848E-06  1.74706656E+00
 -1.11762731E-01  1.74706656E+00
 -2.23527436E-01  1.74706656E+00
 -3.35292142E-01  1.74706656E+00
 -4.47056848E-01  1.74706656E+00
 -5.58821554E-01  1.74706656E+00
 -6.70586260E-01  1.74706656E+00
 -7.82350966E-01  1.74706656E+00
 -8.94115672E-01  1.74706656E+00
 -8.94115672E-01  1.64118421E+00
 -8.94115672E-01  1.53530186E+00
 -8.94115672E-01  1.42941951E+00
 -8.94115672E-01  1.32353715E+00
 -8.94115672E-01  1.21765480E+00
 -8.94115672E-01  1.11177245E+00
 -8.94115672E-01  1.00589009E+00
 -8.94115672E-01  9.00007741E-01
 -8.94115672E-01  7.94125388E-01
 -8.94115672E-01  6.88243035E-01
 -8.94115672E-01  5.82360682E-01
 -8.94115672E-01  4.76478329E-01
 -8.94115672E-01  3.70595976E-01
 -8.94115672E-01  2.64713623E-01
 -8.94115672E-01  1.58831270E-01
 -8.94115672E-01  5.29489172E-02
 -8.94115672E-01 -5.29334357E-02
 -8.94115672E-01 -1.58815789E-01
 -8.94115672E-01 -2.64698142E-01
 -8.94115672E-01 -3.70580495E-01
 -8.94115672E-01 -4.76462847E-01
 -8.94115672E-01 -5.82345200E-01
 -8.94115672E-01 -6.88227553E-01
 -8.94115672E-01 -7.94109906E-01
 -8.94115672E-01 -8.99992259E-01
 -8.94115672E-01 -1.00587461E+00
 -8.94115672E-01 -1.11175697E+00
 -8.94115672E-01 -1.21763932E+00
 -8.94115672E-01 -1.32352167E+00
 -8.94115672E-01 -1.42940402E+00
 -8.94115672E-01 -1.53528638E+00
 -8.94115672E-01 -1.64116873E+00
 -8.94115672E-01 -1.74705108E+00

#------------------------------------------------------------------------------
z: xorg(1.03)
p: xfac[c2*0.05] form[c1/0.05] notc noxt noyt dmin(1)
p: ymin(0) ymax(1) xmin(0) xmax(1) cmin(1) cmax(100) nosp
hc: y= 0.005 to 0.995 by 0.01 ; x= 0.5 to 0.5 by 1 ;
 1  2  3  4  5  6  7  8  9 10 11 12 13 14 15 16 17 18 19 20
21 22 23 24 25 26 27 28 29 30 31 32 33 34 35 36 37 38 39 40
41 42 43 44 45 46 47 48 49 50 51 52 53 54 55 56 57 58 59 60
61 62 63 64 65 66 67 68 69 70 71 72 73 74 75 76 77 78 79 80
81 82 83 84 85 86 87 88 89 90 91 92 93 94 95 96 97 98 99 100
z: xorg(0.0)
p: xfac[c2*0.05] form[c1/0.05] nosp afac[c5*0.625] ymin[c3] ymax[c4]
p: noxt noxn ytxt(-1) ynum(-1) xltd(-1) xstd(-1) itic(1) ylog
y: Relative Error
#------------------------------------------------------------------------------

wt: s[c5]
\vspace{-3}
  zmin  &=&   9.8430E+01 [cm]
  zmax  &=&   9.8480E+01 [cm]
  part. &=& photon  
e:

#------------------------------------------------------------------------------
z: xorg[-1.03/0.05]
p: form[c1] xfac[c2] afac[c5] nosp notf
p: xmin(-0.8000000    ) xmax( 0.8000000    )
p: ymin( -1.650000    ) ymax(  1.650000    )

#------------------------------------------------------------------------------
 newpage:
#   no. =  5   iz  =  3   part. = proton  
#   z = (   9.8480E+01  -   9.8530E+01  )

'no. =  5,  iz =  3'
msuc: {\huge Dosis xy}
msdr: {\it plotted by \ANGEL \version}
msdl: {\it calculated by \PHITS  3.36}

x: x [cm]
y: y [cm]
set: c1[ 2.062] c2[ 0.627] c5[ 0.800] c6[ 0.743] c7[ 0.708] c8[ 0.000]
p: h2fs form[c1] xfac[c2] afac[c5] scal[c6] xorg[c7] yorg[c8] nosp
set: c3[1.0e-4] c4[1.0]
p: cmin[c3] cmax[c4]
p: dmin(1e-31)
p: zlog
p: xmin(-0.8000000    ) xmax( 0.8000000    )
p: ymin( -1.650000    ) ymax(  1.650000    )
#  ny =  33   nx =  16
# ( ( data(x,y), x = 1, nx ), y = ny, 1, -1 )

hc:  y =   1.600000     to  -1.600000     by  0.1000000     ; x = -0.7500000     to  0.7500000     by  0.1000000     ;
  3.887E-03  3.903E-03  3.930E-03  3.914E-03  3.922E-03  3.914E-03  3.926E-03  3.935E-03  3.916E-03  3.938E-03
  3.930E-03  3.922E-03  3.911E-03  3.931E-03  3.899E-03  3.933E-03  3.917E-03  3.925E-03  3.932E-03  3.938E-03
  3.888E-03  3.925E-03  3.919E-03  3.944E-03  3.921E-03  3.922E-03  3.912E-03  3.933E-03  3.961E-03  3.932E-03
  3.918E-03  3.933E-03  3.955E-03  3.922E-03  3.922E-03  3.934E-03  3.976E-03  3.941E-03  3.898E-03  3.940E-03
  3.926E-03  3.925E-03  3.944E-03  3.968E-03  3.921E-03  3.947E-03  3.934E-03  3.942E-03  3.956E-03  3.905E-03
  3.918E-03  3.921E-03  3.888E-03  3.915E-03  3.936E-03  3.921E-03  3.947E-03  3.933E-03  3.943E-03  3.931E-03
  3.949E-03  3.907E-03  3.893E-03  3.923E-03  3.969E-03  3.931E-03  3.953E-03  3.957E-03  3.932E-03  3.957E-03
  3.928E-03  3.957E-03  3.930E-03  3.940E-03  3.911E-03  3.940E-03  3.913E-03  3.948E-03  3.926E-03  3.968E-03
  3.950E-03  3.959E-03  3.928E-03  3.947E-03  3.958E-03  3.943E-03  3.958E-03  3.996E-03  3.945E-03  3.933E-03
  3.934E-03  3.933E-03  3.944E-03  3.937E-03  3.953E-03  3.941E-03  3.964E-03  3.902E-03  3.948E-03  3.955E-03
  3.970E-03  3.935E-03  3.955E-03  3.942E-03  3.957E-03  3.944E-03  3.929E-03  3.942E-03  3.932E-03  3.965E-03
  3.939E-03  3.948E-03  3.976E-03  3.946E-03  3.987E-03  3.944E-03  3.955E-03  3.955E-03  4.013E-03  3.965E-03
  3.983E-03  3.961E-03  3.943E-03  3.949E-03  3.958E-03  3.934E-03  3.978E-03  3.986E-03  3.959E-03  3.979E-03
  3.959E-03  3.958E-03  3.969E-03  3.980E-03  3.996E-03  3.987E-03  3.937E-03  3.949E-03  3.994E-03  3.964E-03
  3.973E-03  3.977E-03  3.951E-03  3.950E-03  3.964E-03  3.954E-03  3.967E-03  3.950E-03  3.942E-03  3.955E-03
  3.979E-03  3.977E-03  3.984E-03  3.977E-03  3.960E-03  3.973E-03  3.953E-03  3.975E-03  3.958E-03  3.962E-03
  3.946E-03  3.957E-03  3.952E-03  3.973E-03  3.982E-03  3.977E-03  4.025E-03  3.973E-03  4.008E-03  3.994E-03
  3.992E-03  3.968E-03  3.964E-03  3.972E-03  3.963E-03  3.972E-03  3.947E-03  3.962E-03  3.986E-03  3.928E-03
  4.003E-03  3.999E-03  3.999E-03  3.973E-03  3.957E-03  3.980E-03  4.006E-03  3.990E-03  3.983E-03  3.982E-03
  3.980E-03  3.992E-03  3.970E-03  3.969E-03  3.980E-03  3.987E-03  3.985E-03  3.982E-03  3.972E-03  3.990E-03
  4.005E-03  4.007E-03  3.975E-03  3.978E-03  3.995E-03  3.966E-03  3.977E-03  3.942E-03  3.944E-03  3.955E-03
  3.981E-03  4.005E-03  3.995E-03  3.976E-03  3.994E-03  4.001E-03  4.028E-03  3.965E-03  3.974E-03  3.978E-03
  3.993E-03  3.978E-03  3.988E-03  3.963E-03  3.990E-03  3.980E-03  3.988E-03  3.949E-03  3.977E-03  3.986E-03
  4.026E-03  3.989E-03  4.000E-03  4.006E-03  4.010E-03  3.999E-03  3.976E-03  3.950E-03  3.978E-03  3.995E-03
  3.981E-03  3.971E-03  3.945E-03  3.989E-03  3.984E-03  3.987E-03  3.972E-03  4.002E-03  4.022E-03  3.969E-03
  3.988E-03  3.979E-03  4.005E-03  3.992E-03  3.965E-03  4.002E-03  3.934E-03  3.980E-03  3.987E-03  3.998E-03
  3.978E-03  3.985E-03  4.014E-03  4.004E-03  4.008E-03  3.988E-03  3.971E-03  3.957E-03  4.021E-03  3.985E-03
  3.963E-03  3.939E-03  3.975E-03  3.975E-03  3.984E-03  3.951E-03  3.980E-03  4.011E-03  3.991E-03  3.962E-03
  3.976E-03  3.973E-03  4.010E-03  3.996E-03  3.948E-03  3.977E-03  4.008E-03  3.976E-03  3.991E-03  4.011E-03
  3.982E-03  4.004E-03  4.020E-03  3.982E-03  3.999E-03  4.000E-03  3.976E-03  3.996E-03  3.984E-03  3.990E-03
  3.988E-03  3.989E-03  3.953E-03  3.954E-03  3.979E-03  3.961E-03  3.972E-03  3.975E-03  3.970E-03  4.010E-03
  4.006E-03  3.982E-03  4.003E-03  3.983E-03  3.989E-03  3.961E-03  3.984E-03  3.994E-03  3.953E-03  3.987E-03
  3.939E-03  3.974E-03  3.960E-03  3.959E-03  3.988E-03  3.973E-03  3.969E-03  4.004E-03  3.951E-03  3.990E-03
  3.967E-03  3.977E-03  3.996E-03  3.967E-03  3.963E-03  3.954E-03  3.972E-03  3.963E-03  3.968E-03  4.001E-03
  3.980E-03  3.996E-03  4.006E-03  3.968E-03  3.970E-03  3.989E-03  3.964E-03  3.947E-03  4.004E-03  3.947E-03
  3.956E-03  3.960E-03  3.943E-03  3.944E-03  3.984E-03  3.997E-03  3.974E-03  3.952E-03  3.971E-03  3.955E-03
  3.983E-03  3.996E-03  3.965E-03  3.984E-03  3.974E-03  3.962E-03  3.941E-03  3.964E-03  3.946E-03  3.959E-03
  3.933E-03  3.956E-03  3.943E-03  3.998E-03  3.971E-03  3.986E-03  3.956E-03  3.963E-03  4.004E-03  3.976E-03
  3.974E-03  3.949E-03  3.956E-03  3.961E-03  3.927E-03  3.924E-03  3.976E-03  3.972E-03  3.952E-03  3.967E-03
  3.971E-03  3.940E-03  3.973E-03  3.965E-03  3.946E-03  3.966E-03  3.960E-03  3.931E-03  3.968E-03  3.955E-03
  3.971E-03  3.948E-03  3.946E-03  3.951E-03  3.971E-03  3.980E-03  3.950E-03  3.979E-03  3.958E-03  3.955E-03
  3.924E-03  3.945E-03  3.944E-03  3.943E-03  3.952E-03  3.937E-03  3.919E-03  3.955E-03  3.961E-03  3.965E-03
  3.946E-03  3.930E-03  3.936E-03  3.950E-03  3.960E-03  3.979E-03  4.001E-03  3.955E-03  3.956E-03  3.992E-03
  3.932E-03  3.930E-03  3.934E-03  3.938E-03  3.970E-03  3.933E-03  3.960E-03  3.950E-03  3.964E-03  3.933E-03
  3.950E-03  3.932E-03  3.920E-03  3.938E-03  3.911E-03  3.955E-03  3.949E-03  3.915E-03  3.938E-03  3.925E-03
  3.932E-03  3.932E-03  3.919E-03  3.906E-03  3.919E-03  3.976E-03  3.927E-03  3.926E-03  3.973E-03  3.928E-03
  3.908E-03  3.920E-03  3.947E-03  3.948E-03  3.951E-03  3.943E-03  3.948E-03  3.943E-03  3.954E-03  3.932E-03
  3.926E-03  3.941E-03  3.914E-03  3.962E-03  3.949E-03  3.932E-03  3.955E-03  3.913E-03  3.951E-03  3.966E-03
  3.933E-03  3.959E-03  3.921E-03  3.958E-03  3.940E-03  3.949E-03  3.937E-03  3.936E-03  3.949E-03  3.948E-03
  3.924E-03  3.945E-03  3.913E-03  3.937E-03  3.938E-03  3.911E-03  3.953E-03  3.923E-03  3.930E-03  3.915E-03
  3.929E-03  3.933E-03  3.935E-03  3.925E-03  3.913E-03  3.940E-03  3.933E-03  3.927E-03  3.951E-03  3.942E-03
  3.962E-03  3.925E-03  3.947E-03  3.946E-03  3.945E-03  3.957E-03  3.951E-03  3.957E-03  3.932E-03  3.935E-03
  3.949E-03  3.943E-03  3.930E-03  3.935E-03  3.902E-03  3.943E-03  3.955E-03  3.901E-03

#------------------------------------------------------------------------------
# gshow
#------------------------------------------------------------------------------

p: legs[c5*0.875]

hb:   line clip z  
frame:
 -7.9999814E-01 -1.6499925E+00
  8.0000186E-01 -1.6499925E+00
  8.0000186E-01  1.6500075E+00
 -7.9999814E-01  1.6500075E+00
clip:
 -8.94115672E-01 -1.74705108E+00
  8.94119622E-01 -1.74705108E+00
  8.94119622E-01 -1.64116873E+00
  8.94119622E-01 -1.53528638E+00
  8.94119622E-01 -1.42940402E+00
  8.94119622E-01 -1.32352167E+00
  8.94119622E-01 -1.21763932E+00
  8.94119622E-01 -1.11175697E+00
  8.94119622E-01 -1.00587461E+00
  8.94119622E-01 -8.99992259E-01
  8.94119622E-01 -7.94109906E-01
  8.94119622E-01 -6.88227553E-01
  8.94119622E-01 -5.82345200E-01
  8.94119622E-01 -4.76462847E-01
  8.94119622E-01 -3.70580495E-01
  8.94119622E-01 -2.64698142E-01
  8.94119622E-01 -1.58815789E-01
  8.94119622E-01 -5.29334357E-02
  8.94119622E-01  5.29489172E-02
  8.94119622E-01  1.58831270E-01
  8.94119622E-01  2.64713623E-01
  8.94119622E-01  3.70595976E-01
  8.94119622E-01  4.76478329E-01
  8.94119622E-01  5.82360682E-01
  8.94119622E-01  6.88243035E-01
  8.94119622E-01  7.94125388E-01
  8.94119622E-01  9.00007741E-01
  8.94119622E-01  1.00589009E+00
  8.94119622E-01  1.11177245E+00
  8.94119622E-01  1.21765480E+00
  8.94119622E-01  1.32353715E+00
  8.94119622E-01  1.42941951E+00
  8.94119622E-01  1.53530186E+00
  8.94119622E-01  1.64118421E+00
  8.94119622E-01  1.74706656E+00
  7.82354916E-01  1.74706656E+00
  6.70590211E-01  1.74706656E+00
  5.58825505E-01  1.74706656E+00
  4.47060799E-01  1.74706656E+00
  3.35296093E-01  1.74706656E+00
  2.23531387E-01  1.74706656E+00
  1.11766681E-01  1.74706656E+00
  1.97530848E-06  1.74706656E+00
 -1.11762731E-01  1.74706656E+00
 -2.23527436E-01  1.74706656E+00
 -3.35292142E-01  1.74706656E+00
 -4.47056848E-01  1.74706656E+00
 -5.58821554E-01  1.74706656E+00
 -6.70586260E-01  1.74706656E+00
 -7.82350966E-01  1.74706656E+00
 -8.94115672E-01  1.74706656E+00
 -8.94115672E-01  1.64118421E+00
 -8.94115672E-01  1.53530186E+00
 -8.94115672E-01  1.42941951E+00
 -8.94115672E-01  1.32353715E+00
 -8.94115672E-01  1.21765480E+00
 -8.94115672E-01  1.11177245E+00
 -8.94115672E-01  1.00589009E+00
 -8.94115672E-01  9.00007741E-01
 -8.94115672E-01  7.94125388E-01
 -8.94115672E-01  6.88243035E-01
 -8.94115672E-01  5.82360682E-01
 -8.94115672E-01  4.76478329E-01
 -8.94115672E-01  3.70595976E-01
 -8.94115672E-01  2.64713623E-01
 -8.94115672E-01  1.58831270E-01
 -8.94115672E-01  5.29489172E-02
 -8.94115672E-01 -5.29334357E-02
 -8.94115672E-01 -1.58815789E-01
 -8.94115672E-01 -2.64698142E-01
 -8.94115672E-01 -3.70580495E-01
 -8.94115672E-01 -4.76462847E-01
 -8.94115672E-01 -5.82345200E-01
 -8.94115672E-01 -6.88227553E-01
 -8.94115672E-01 -7.94109906E-01
 -8.94115672E-01 -8.99992259E-01
 -8.94115672E-01 -1.00587461E+00
 -8.94115672E-01 -1.11175697E+00
 -8.94115672E-01 -1.21763932E+00
 -8.94115672E-01 -1.32352167E+00
 -8.94115672E-01 -1.42940402E+00
 -8.94115672E-01 -1.53528638E+00
 -8.94115672E-01 -1.64116873E+00
 -8.94115672E-01 -1.74705108E+00

#------------------------------------------------------------------------------
z: xorg(1.03)
p: xfac[c2*0.05] form[c1/0.05] notc noxt noyt dmin(1)
p: ymin(0) ymax(1) xmin(0) xmax(1) cmin(1) cmax(100) nosp
hc: y= 0.005 to 0.995 by 0.01 ; x= 0.5 to 0.5 by 1 ;
 1  2  3  4  5  6  7  8  9 10 11 12 13 14 15 16 17 18 19 20
21 22 23 24 25 26 27 28 29 30 31 32 33 34 35 36 37 38 39 40
41 42 43 44 45 46 47 48 49 50 51 52 53 54 55 56 57 58 59 60
61 62 63 64 65 66 67 68 69 70 71 72 73 74 75 76 77 78 79 80
81 82 83 84 85 86 87 88 89 90 91 92 93 94 95 96 97 98 99 100
z: xorg(0.0)
p: xfac[c2*0.05] form[c1/0.05] nosp afac[c5*0.625] ymin[c3] ymax[c4]
p: noxt noxn ytxt(-1) ynum(-1) xltd(-1) xstd(-1) itic(1) ylog
y: Relative Error
#------------------------------------------------------------------------------

wt: s[c5]
\vspace{-3}
  zmin  &=&   9.8480E+01 [cm]
  zmax  &=&   9.8530E+01 [cm]
  part. &=& proton  
e:

#------------------------------------------------------------------------------
z: xorg[-1.03/0.05]
p: form[c1] xfac[c2] afac[c5] nosp notf
p: xmin(-0.8000000    ) xmax( 0.8000000    )
p: ymin( -1.650000    ) ymax(  1.650000    )

#------------------------------------------------------------------------------
 newpage:
#   no. =  6   iz  =  3   part. = photon  
#   z = (   9.8480E+01  -   9.8530E+01  )

'no. =  6,  iz =  3'
msuc: {\huge Dosis xy}
msdr: {\it plotted by \ANGEL \version}
msdl: {\it calculated by \PHITS  3.36}

x: x [cm]
y: y [cm]
set: c1[ 2.062] c2[ 0.627] c5[ 0.800] c6[ 0.743] c7[ 0.708] c8[ 0.000]
p: h2fs form[c1] xfac[c2] afac[c5] scal[c6] xorg[c7] yorg[c8] nosp
set: c3[1.0e-4] c4[1.0]
p: cmin[c3] cmax[c4]
p: dmin(1e-31)
p: zlog
p: xmin(-0.8000000    ) xmax( 0.8000000    )
p: ymin( -1.650000    ) ymax(  1.650000    )
#  ny =  33   nx =  16
# ( ( data(x,y), x = 1, nx ), y = ny, 1, -1 )

hc:  y =   1.600000     to  -1.600000     by  0.1000000     ; x = -0.7500000     to  0.7500000     by  0.1000000     ;
  1.891E-01  1.956E-01  2.346E-01  1.637E-01  1.588E-01  1.579E-01  1.724E-01  1.741E-01  1.735E-01  1.807E-01
  1.819E-01  1.870E-01  1.789E-01  1.859E-01  1.825E-01  1.783E-01  2.107E-01  1.917E-01  1.755E-01  1.758E-01
  1.531E-01  1.966E-01  1.802E-01  2.202E-01  1.714E-01  1.816E-01  1.742E-01  1.843E-01  2.113E-01  1.799E-01
  1.649E-01  1.865E-01  1.942E-01  1.954E-01  1.677E-01  1.950E-01  1.743E-01  1.781E-01  2.080E-01  1.599E-01
  1.705E-01  1.825E-01  1.708E-01  1.721E-01  1.807E-01  1.796E-01  1.781E-01  1.829E-01  1.757E-01  1.946E-01
  1.691E-01  1.779E-01  1.977E-01  1.803E-01  1.825E-01  1.495E-01  1.832E-01  1.835E-01  1.955E-01  1.977E-01
  1.669E-01  1.729E-01  1.642E-01  1.787E-01  1.814E-01  2.051E-01  1.744E-01  1.746E-01  1.927E-01  2.362E-01
  2.141E-01  1.744E-01  1.968E-01  1.688E-01  1.943E-01  1.753E-01  1.643E-01  1.595E-01  1.681E-01  2.062E-01
  1.625E-01  1.725E-01  1.834E-01  1.862E-01  1.882E-01  2.028E-01  1.841E-01  1.823E-01  1.711E-01  1.567E-01
  1.566E-01  1.699E-01  1.752E-01  1.872E-01  1.683E-01  1.646E-01  1.534E-01  1.794E-01  1.734E-01  1.764E-01
  1.833E-01  1.802E-01  1.730E-01  1.604E-01  1.722E-01  1.926E-01  1.587E-01  1.745E-01  1.750E-01  1.637E-01
  1.644E-01  1.701E-01  1.972E-01  1.816E-01  1.842E-01  1.733E-01  1.845E-01  1.689E-01  1.527E-01  1.608E-01
  1.940E-01  2.059E-01  1.817E-01  1.601E-01  1.829E-01  1.763E-01  1.811E-01  1.684E-01  1.782E-01  1.719E-01
  1.640E-01  1.811E-01  1.704E-01  1.622E-01  1.899E-01  1.989E-01  2.079E-01  2.135E-01  2.190E-01  1.873E-01
  1.986E-01  1.598E-01  2.245E-01  1.960E-01  1.661E-01  1.469E-01  1.613E-01  1.579E-01  1.807E-01  1.697E-01
  1.855E-01  2.149E-01  1.887E-01  1.767E-01  1.831E-01  3.712E-01  1.874E-01  1.718E-01  1.768E-01  1.815E-01
  1.732E-01  1.625E-01  1.918E-01  1.765E-01  1.830E-01  1.807E-01  1.773E-01  1.755E-01  2.214E-01  1.935E-01
  1.948E-01  3.238E-01  1.840E-01  1.723E-01  1.765E-01  1.743E-01  1.712E-01  1.983E-01  1.705E-01  1.554E-01
  1.758E-01  1.708E-01  1.651E-01  2.042E-01  1.624E-01  1.750E-01  2.142E-01  1.535E-01  1.769E-01  1.622E-01
  1.858E-01  1.587E-01  1.880E-01  2.065E-01  2.097E-01  1.789E-01  1.648E-01  1.566E-01  1.624E-01  1.940E-01
  1.621E-01  1.518E-01  2.030E-01  1.514E-01  1.591E-01  1.781E-01  1.834E-01  1.666E-01  1.908E-01  2.053E-01
  2.107E-01  1.922E-01  1.978E-01  1.617E-01  1.674E-01  1.678E-01  1.922E-01  2.059E-01  1.783E-01  1.825E-01
  1.668E-01  1.804E-01  1.826E-01  1.771E-01  1.908E-01  1.832E-01  1.814E-01  2.072E-01  1.995E-01  1.967E-01
  1.870E-01  1.840E-01  1.622E-01  1.869E-01  1.686E-01  1.720E-01  1.758E-01  1.915E-01  1.734E-01  1.811E-01
  1.611E-01  2.042E-01  1.711E-01  2.419E-01  1.948E-01  2.580E-01  1.790E-01  1.974E-01  1.911E-01  1.724E-01
  1.643E-01  1.839E-01  1.739E-01  1.830E-01  1.968E-01  2.963E-01  1.762E-01  1.858E-01  1.875E-01  1.872E-01
  1.742E-01  1.786E-01  2.027E-01  1.788E-01  1.651E-01  2.132E-01  1.697E-01  1.587E-01  1.644E-01  2.246E-01
  2.402E-01  1.758E-01  1.671E-01  1.895E-01  1.966E-01  1.741E-01  1.634E-01  1.668E-01  1.568E-01  1.858E-01
  1.738E-01  1.843E-01  1.608E-01  1.918E-01  2.214E-01  1.878E-01  1.974E-01  1.772E-01  1.651E-01  1.948E-01
  1.798E-01  2.085E-01  1.937E-01  1.974E-01  1.965E-01  1.785E-01  1.744E-01  1.609E-01  1.421E-01  2.011E-01
  1.836E-01  1.716E-01  1.790E-01  1.974E-01  1.784E-01  2.018E-01  1.653E-01  1.739E-01  1.771E-01  1.812E-01
  1.808E-01  1.706E-01  1.789E-01  1.858E-01  1.734E-01  1.666E-01  1.666E-01  1.906E-01  1.751E-01  1.608E-01
  1.714E-01  1.883E-01  1.676E-01  1.782E-01  1.616E-01  1.910E-01  1.841E-01  1.650E-01  1.862E-01  2.018E-01
  1.934E-01  2.009E-01  2.252E-01  1.600E-01  1.900E-01  1.968E-01  1.899E-01  1.893E-01  1.822E-01  1.775E-01
  1.896E-01  1.935E-01  1.707E-01  1.610E-01  1.642E-01  1.800E-01  1.917E-01  1.695E-01  1.875E-01  1.527E-01
  1.673E-01  1.597E-01  1.849E-01  2.026E-01  1.821E-01  1.778E-01  1.756E-01  1.729E-01  1.659E-01  1.817E-01
  1.779E-01  1.964E-01  1.875E-01  1.654E-01  1.799E-01  1.742E-01  1.929E-01  1.683E-01  1.829E-01  1.707E-01
  1.782E-01  1.591E-01  1.542E-01  1.990E-01  2.146E-01  1.881E-01  1.640E-01  1.677E-01  1.759E-01  1.747E-01
  1.851E-01  1.856E-01  2.067E-01  1.796E-01  1.696E-01  1.635E-01  1.588E-01  1.895E-01  1.679E-01  2.148E-01
  1.635E-01  1.932E-01  1.633E-01  1.733E-01  1.672E-01  2.063E-01  2.031E-01  1.762E-01  1.827E-01  1.674E-01
  1.850E-01  1.907E-01  1.779E-01  1.570E-01  1.659E-01  1.970E-01  1.778E-01  1.854E-01  2.054E-01  2.018E-01
  1.766E-01  1.964E-01  1.654E-01  1.808E-01  1.938E-01  2.000E-01  1.723E-01  1.844E-01  1.807E-01  1.853E-01
  1.810E-01  1.858E-01  1.873E-01  1.731E-01  2.030E-01  1.868E-01  1.827E-01  1.724E-01  1.721E-01  1.822E-01
  2.128E-01  2.073E-01  1.695E-01  1.984E-01  2.007E-01  2.068E-01  1.811E-01  1.928E-01  1.770E-01  1.733E-01
  1.890E-01  1.620E-01  1.765E-01  1.910E-01  1.710E-01  1.872E-01  1.941E-01  1.981E-01  1.675E-01  1.779E-01
  1.712E-01  1.777E-01  1.800E-01  1.673E-01  1.646E-01  1.552E-01  1.761E-01  1.483E-01  1.978E-01  1.655E-01
  1.999E-01  2.066E-01  1.741E-01  1.916E-01  1.699E-01  1.811E-01  2.006E-01  1.777E-01  1.560E-01  1.727E-01
  1.798E-01  1.609E-01  1.548E-01  1.606E-01  1.784E-01  1.688E-01  1.662E-01  1.833E-01  1.886E-01  1.873E-01
  1.498E-01  1.750E-01  1.907E-01  1.600E-01  1.796E-01  1.665E-01  1.760E-01  1.664E-01  1.564E-01  1.519E-01
  1.795E-01  1.695E-01  1.826E-01  2.006E-01  1.939E-01  2.123E-01  2.190E-01  1.828E-01  1.948E-01  1.832E-01
  1.624E-01  1.839E-01  1.535E-01  1.419E-01  1.612E-01  1.564E-01  1.658E-01  1.742E-01  1.958E-01  1.987E-01
  1.749E-01  2.379E-01  1.776E-01  1.673E-01  1.883E-01  1.813E-01  1.793E-01  1.858E-01  1.515E-01  1.619E-01
  1.775E-01  1.743E-01  1.493E-01  1.449E-01  2.158E-01  2.094E-01  1.767E-01  1.918E-01

#------------------------------------------------------------------------------
# gshow
#------------------------------------------------------------------------------

p: legs[c5*0.875]

hb:   line clip z  
frame:
 -7.9999814E-01 -1.6499925E+00
  8.0000186E-01 -1.6499925E+00
  8.0000186E-01  1.6500075E+00
 -7.9999814E-01  1.6500075E+00
clip:
 -8.94115672E-01 -1.74705108E+00
  8.94119622E-01 -1.74705108E+00
  8.94119622E-01 -1.64116873E+00
  8.94119622E-01 -1.53528638E+00
  8.94119622E-01 -1.42940402E+00
  8.94119622E-01 -1.32352167E+00
  8.94119622E-01 -1.21763932E+00
  8.94119622E-01 -1.11175697E+00
  8.94119622E-01 -1.00587461E+00
  8.94119622E-01 -8.99992259E-01
  8.94119622E-01 -7.94109906E-01
  8.94119622E-01 -6.88227553E-01
  8.94119622E-01 -5.82345200E-01
  8.94119622E-01 -4.76462847E-01
  8.94119622E-01 -3.70580495E-01
  8.94119622E-01 -2.64698142E-01
  8.94119622E-01 -1.58815789E-01
  8.94119622E-01 -5.29334357E-02
  8.94119622E-01  5.29489172E-02
  8.94119622E-01  1.58831270E-01
  8.94119622E-01  2.64713623E-01
  8.94119622E-01  3.70595976E-01
  8.94119622E-01  4.76478329E-01
  8.94119622E-01  5.82360682E-01
  8.94119622E-01  6.88243035E-01
  8.94119622E-01  7.94125388E-01
  8.94119622E-01  9.00007741E-01
  8.94119622E-01  1.00589009E+00
  8.94119622E-01  1.11177245E+00
  8.94119622E-01  1.21765480E+00
  8.94119622E-01  1.32353715E+00
  8.94119622E-01  1.42941951E+00
  8.94119622E-01  1.53530186E+00
  8.94119622E-01  1.64118421E+00
  8.94119622E-01  1.74706656E+00
  7.82354916E-01  1.74706656E+00
  6.70590211E-01  1.74706656E+00
  5.58825505E-01  1.74706656E+00
  4.47060799E-01  1.74706656E+00
  3.35296093E-01  1.74706656E+00
  2.23531387E-01  1.74706656E+00
  1.11766681E-01  1.74706656E+00
  1.97530848E-06  1.74706656E+00
 -1.11762731E-01  1.74706656E+00
 -2.23527436E-01  1.74706656E+00
 -3.35292142E-01  1.74706656E+00
 -4.47056848E-01  1.74706656E+00
 -5.58821554E-01  1.74706656E+00
 -6.70586260E-01  1.74706656E+00
 -7.82350966E-01  1.74706656E+00
 -8.94115672E-01  1.74706656E+00
 -8.94115672E-01  1.64118421E+00
 -8.94115672E-01  1.53530186E+00
 -8.94115672E-01  1.42941951E+00
 -8.94115672E-01  1.32353715E+00
 -8.94115672E-01  1.21765480E+00
 -8.94115672E-01  1.11177245E+00
 -8.94115672E-01  1.00589009E+00
 -8.94115672E-01  9.00007741E-01
 -8.94115672E-01  7.94125388E-01
 -8.94115672E-01  6.88243035E-01
 -8.94115672E-01  5.82360682E-01
 -8.94115672E-01  4.76478329E-01
 -8.94115672E-01  3.70595976E-01
 -8.94115672E-01  2.64713623E-01
 -8.94115672E-01  1.58831270E-01
 -8.94115672E-01  5.29489172E-02
 -8.94115672E-01 -5.29334357E-02
 -8.94115672E-01 -1.58815789E-01
 -8.94115672E-01 -2.64698142E-01
 -8.94115672E-01 -3.70580495E-01
 -8.94115672E-01 -4.76462847E-01
 -8.94115672E-01 -5.82345200E-01
 -8.94115672E-01 -6.88227553E-01
 -8.94115672E-01 -7.94109906E-01
 -8.94115672E-01 -8.99992259E-01
 -8.94115672E-01 -1.00587461E+00
 -8.94115672E-01 -1.11175697E+00
 -8.94115672E-01 -1.21763932E+00
 -8.94115672E-01 -1.32352167E+00
 -8.94115672E-01 -1.42940402E+00
 -8.94115672E-01 -1.53528638E+00
 -8.94115672E-01 -1.64116873E+00
 -8.94115672E-01 -1.74705108E+00

#------------------------------------------------------------------------------
z: xorg(1.03)
p: xfac[c2*0.05] form[c1/0.05] notc noxt noyt dmin(1)
p: ymin(0) ymax(1) xmin(0) xmax(1) cmin(1) cmax(100) nosp
hc: y= 0.005 to 0.995 by 0.01 ; x= 0.5 to 0.5 by 1 ;
 1  2  3  4  5  6  7  8  9 10 11 12 13 14 15 16 17 18 19 20
21 22 23 24 25 26 27 28 29 30 31 32 33 34 35 36 37 38 39 40
41 42 43 44 45 46 47 48 49 50 51 52 53 54 55 56 57 58 59 60
61 62 63 64 65 66 67 68 69 70 71 72 73 74 75 76 77 78 79 80
81 82 83 84 85 86 87 88 89 90 91 92 93 94 95 96 97 98 99 100
z: xorg(0.0)
p: xfac[c2*0.05] form[c1/0.05] nosp afac[c5*0.625] ymin[c3] ymax[c4]
p: noxt noxn ytxt(-1) ynum(-1) xltd(-1) xstd(-1) itic(1) ylog
y: Relative Error
#------------------------------------------------------------------------------

wt: s[c5]
\vspace{-3}
  zmin  &=&   9.8480E+01 [cm]
  zmax  &=&   9.8530E+01 [cm]
  part. &=& photon  
e:

#------------------------------------------------------------------------------
z: xorg[-1.03/0.05]
p: form[c1] xfac[c2] afac[c5] nosp notf
p: xmin(-0.8000000    ) xmax( 0.8000000    )
p: ymin( -1.650000    ) ymax(  1.650000    )

#------------------------------------------------------------------------------
 newpage:
#   no. =  7   iz  =  4   part. = proton  
#   z = (   9.8530E+01  -   9.8580E+01  )

'no. =  7,  iz =  4'
msuc: {\huge Dosis xy}
msdr: {\it plotted by \ANGEL \version}
msdl: {\it calculated by \PHITS  3.36}

x: x [cm]
y: y [cm]
set: c1[ 2.062] c2[ 0.627] c5[ 0.800] c6[ 0.743] c7[ 0.708] c8[ 0.000]
p: h2fs form[c1] xfac[c2] afac[c5] scal[c6] xorg[c7] yorg[c8] nosp
set: c3[1.0e-4] c4[1.0]
p: cmin[c3] cmax[c4]
p: dmin(1e-31)
p: zlog
p: xmin(-0.8000000    ) xmax( 0.8000000    )
p: ymin( -1.650000    ) ymax(  1.650000    )
#  ny =  33   nx =  16
# ( ( data(x,y), x = 1, nx ), y = ny, 1, -1 )

hc:  y =   1.600000     to  -1.600000     by  0.1000000     ; x = -0.7500000     to  0.7500000     by  0.1000000     ;
  3.932E-03  3.953E-03  3.938E-03  3.939E-03  3.892E-03  3.941E-03  3.932E-03  3.920E-03  3.936E-03  3.940E-03
  3.946E-03  3.926E-03  3.945E-03  3.922E-03  3.879E-03  3.895E-03  3.911E-03  3.916E-03  3.943E-03  3.938E-03
  3.909E-03  3.921E-03  3.923E-03  3.951E-03  3.914E-03  3.919E-03  3.929E-03  3.939E-03  3.939E-03  3.937E-03
  3.931E-03  3.941E-03  3.934E-03  3.955E-03  3.974E-03  3.919E-03  3.945E-03  3.944E-03  3.923E-03  3.923E-03
  3.982E-03  3.938E-03  3.962E-03  3.934E-03  3.914E-03  3.912E-03  3.918E-03  3.922E-03  3.939E-03  3.924E-03
  3.944E-03  3.936E-03  3.981E-03  3.922E-03  3.933E-03  3.955E-03  3.926E-03  3.960E-03  3.948E-03  3.930E-03
  3.916E-03  3.955E-03  3.934E-03  3.925E-03  3.934E-03  3.958E-03  3.937E-03  3.949E-03  3.972E-03  3.962E-03
  3.962E-03  3.946E-03  3.939E-03  3.934E-03  3.961E-03  3.929E-03  3.963E-03  3.946E-03  3.922E-03  3.936E-03
  3.921E-03  3.967E-03  3.941E-03  3.929E-03  3.944E-03  3.950E-03  3.938E-03  3.966E-03  3.928E-03  3.924E-03
  3.954E-03  3.982E-03  3.954E-03  3.972E-03  3.946E-03  3.919E-03  3.983E-03  3.933E-03  3.983E-03  3.970E-03
  3.958E-03  3.955E-03  3.962E-03  3.958E-03  3.922E-03  3.977E-03  3.952E-03  3.935E-03  3.954E-03  3.936E-03
  3.935E-03  3.936E-03  3.961E-03  3.965E-03  3.961E-03  3.955E-03  3.966E-03  3.946E-03  3.938E-03  3.961E-03
  3.997E-03  3.938E-03  3.952E-03  3.951E-03  3.974E-03  3.971E-03  3.943E-03  3.965E-03  3.952E-03  3.995E-03
  3.980E-03  3.961E-03  3.957E-03  3.948E-03  3.970E-03  3.941E-03  3.967E-03  3.973E-03  3.962E-03  3.951E-03
  3.994E-03  3.959E-03  3.960E-03  3.933E-03  3.964E-03  3.999E-03  3.965E-03  3.962E-03  3.965E-03  3.977E-03
  3.971E-03  3.960E-03  3.995E-03  3.950E-03  3.970E-03  3.962E-03  3.956E-03  3.952E-03  3.979E-03  3.957E-03
  3.952E-03  3.992E-03  3.955E-03  3.971E-03  3.988E-03  3.993E-03  3.965E-03  4.000E-03  3.997E-03  3.970E-03
  3.971E-03  3.958E-03  3.956E-03  3.977E-03  3.966E-03  3.978E-03  3.964E-03  3.983E-03  3.993E-03  4.004E-03
  3.957E-03  3.987E-03  4.004E-03  3.989E-03  3.985E-03  3.951E-03  3.976E-03  3.954E-03  3.974E-03  3.943E-03
  3.954E-03  4.002E-03  3.972E-03  3.992E-03  3.970E-03  4.001E-03  4.004E-03  3.990E-03  3.976E-03  3.994E-03
  4.001E-03  3.995E-03  3.977E-03  3.972E-03  3.977E-03  3.961E-03  3.975E-03  3.966E-03  3.941E-03  3.956E-03
  4.006E-03  4.000E-03  4.002E-03  3.974E-03  3.998E-03  4.008E-03  3.975E-03  3.990E-03  3.984E-03  3.970E-03
  3.969E-03  3.996E-03  4.002E-03  3.925E-03  3.966E-03  3.956E-03  4.001E-03  3.981E-03  3.985E-03  4.010E-03
  3.998E-03  3.968E-03  4.020E-03  3.988E-03  4.000E-03  3.993E-03  3.966E-03  3.957E-03  3.958E-03  3.994E-03
  3.988E-03  3.989E-03  3.965E-03  3.974E-03  3.978E-03  3.980E-03  4.026E-03  3.982E-03  3.989E-03  3.997E-03
  3.939E-03  3.979E-03  3.997E-03  3.987E-03  3.973E-03  3.942E-03  3.953E-03  3.969E-03  3.982E-03  4.010E-03
  3.983E-03  3.995E-03  3.993E-03  4.023E-03  3.998E-03  4.000E-03  4.005E-03  3.975E-03  4.008E-03  3.987E-03
  3.961E-03  3.950E-03  3.980E-03  3.977E-03  3.985E-03  3.989E-03  3.981E-03  4.008E-03  3.974E-03  3.998E-03
  3.989E-03  3.956E-03  4.010E-03  4.013E-03  3.995E-03  3.975E-03  3.987E-03  3.979E-03  3.995E-03  4.010E-03
  3.972E-03  4.000E-03  3.986E-03  3.993E-03  3.993E-03  3.975E-03  3.983E-03  3.980E-03  3.972E-03  3.986E-03
  3.996E-03  3.984E-03  3.988E-03  3.970E-03  3.971E-03  3.966E-03  3.987E-03  3.967E-03  3.994E-03  4.014E-03
  4.014E-03  3.981E-03  3.990E-03  3.967E-03  4.007E-03  3.986E-03  3.977E-03  3.971E-03  3.968E-03  3.967E-03
  4.000E-03  3.982E-03  3.929E-03  3.988E-03  3.964E-03  3.964E-03  3.984E-03  3.996E-03  3.960E-03  4.000E-03
  3.979E-03  3.949E-03  4.005E-03  3.957E-03  4.008E-03  3.984E-03  3.993E-03  3.971E-03  3.991E-03  3.987E-03
  3.976E-03  3.979E-03  3.986E-03  3.992E-03  3.968E-03  3.993E-03  3.987E-03  3.985E-03  3.973E-03  3.972E-03
  3.979E-03  4.004E-03  3.962E-03  3.952E-03  3.969E-03  3.987E-03  3.969E-03  4.002E-03  3.989E-03  3.977E-03
  3.979E-03  3.987E-03  3.978E-03  3.974E-03  3.974E-03  3.936E-03  3.949E-03  3.982E-03  3.954E-03  3.965E-03
  3.948E-03  3.954E-03  3.982E-03  3.998E-03  3.966E-03  3.977E-03  3.985E-03  3.971E-03  3.968E-03  3.974E-03
  3.929E-03  3.973E-03  3.934E-03  3.969E-03  3.950E-03  3.961E-03  3.939E-03  3.985E-03  3.988E-03  3.937E-03
  3.960E-03  3.979E-03  3.990E-03  3.962E-03  3.955E-03  3.978E-03  4.008E-03  3.974E-03  3.949E-03  3.930E-03
  3.955E-03  3.979E-03  3.953E-03  3.998E-03  3.950E-03  3.960E-03  3.931E-03  3.934E-03  3.989E-03  3.935E-03
  4.003E-03  3.981E-03  3.975E-03  3.956E-03  3.944E-03  3.952E-03  3.952E-03  3.977E-03  3.962E-03  3.962E-03
  3.952E-03  3.984E-03  3.924E-03  3.939E-03  3.963E-03  3.968E-03  3.958E-03  3.961E-03  3.950E-03  3.968E-03
  3.933E-03  3.949E-03  3.947E-03  3.943E-03  3.953E-03  3.942E-03  3.931E-03  3.944E-03  3.964E-03  3.975E-03
  3.950E-03  3.933E-03  3.935E-03  3.944E-03  3.935E-03  3.925E-03  3.962E-03  3.951E-03  3.929E-03  3.950E-03
  3.940E-03  3.923E-03  3.939E-03  3.920E-03  3.963E-03  3.937E-03  3.940E-03  3.930E-03  3.962E-03  3.916E-03
  3.933E-03  3.930E-03  3.947E-03  3.923E-03  3.949E-03  3.929E-03  3.926E-03  3.885E-03  3.958E-03  3.940E-03
  3.951E-03  3.912E-03  3.918E-03  3.950E-03  3.953E-03  3.939E-03  3.913E-03  3.928E-03  3.947E-03  3.931E-03
  3.956E-03  3.947E-03  3.917E-03  3.953E-03  3.952E-03  3.945E-03  3.936E-03  3.945E-03  3.942E-03  3.930E-03
  3.922E-03  3.960E-03  3.898E-03  3.952E-03  3.953E-03  3.913E-03  3.957E-03  3.918E-03  3.912E-03  3.941E-03
  3.952E-03  3.948E-03  3.918E-03  3.935E-03  3.947E-03  3.948E-03  3.955E-03  3.940E-03  3.967E-03  3.945E-03
  3.919E-03  3.940E-03  3.905E-03  3.909E-03  3.929E-03  3.892E-03  3.942E-03  3.925E-03  3.914E-03  3.936E-03
  3.951E-03  3.922E-03  3.941E-03  3.931E-03  3.923E-03  3.919E-03  3.935E-03  3.891E-03

#------------------------------------------------------------------------------
# gshow
#------------------------------------------------------------------------------

p: legs[c5*0.875]

hb:   line clip z  
frame:
 -7.9999814E-01 -1.6499925E+00
  8.0000186E-01 -1.6499925E+00
  8.0000186E-01  1.6500075E+00
 -7.9999814E-01  1.6500075E+00
clip:
 -8.94115672E-01 -1.74705108E+00
  8.94119622E-01 -1.74705108E+00
  8.94119622E-01 -1.64116873E+00
  8.94119622E-01 -1.53528638E+00
  8.94119622E-01 -1.42940402E+00
  8.94119622E-01 -1.32352167E+00
  8.94119622E-01 -1.21763932E+00
  8.94119622E-01 -1.11175697E+00
  8.94119622E-01 -1.00587461E+00
  8.94119622E-01 -8.99992259E-01
  8.94119622E-01 -7.94109906E-01
  8.94119622E-01 -6.88227553E-01
  8.94119622E-01 -5.82345200E-01
  8.94119622E-01 -4.76462847E-01
  8.94119622E-01 -3.70580495E-01
  8.94119622E-01 -2.64698142E-01
  8.94119622E-01 -1.58815789E-01
  8.94119622E-01 -5.29334357E-02
  8.94119622E-01  5.29489172E-02
  8.94119622E-01  1.58831270E-01
  8.94119622E-01  2.64713623E-01
  8.94119622E-01  3.70595976E-01
  8.94119622E-01  4.76478329E-01
  8.94119622E-01  5.82360682E-01
  8.94119622E-01  6.88243035E-01
  8.94119622E-01  7.94125388E-01
  8.94119622E-01  9.00007741E-01
  8.94119622E-01  1.00589009E+00
  8.94119622E-01  1.11177245E+00
  8.94119622E-01  1.21765480E+00
  8.94119622E-01  1.32353715E+00
  8.94119622E-01  1.42941951E+00
  8.94119622E-01  1.53530186E+00
  8.94119622E-01  1.64118421E+00
  8.94119622E-01  1.74706656E+00
  7.82354916E-01  1.74706656E+00
  6.70590211E-01  1.74706656E+00
  5.58825505E-01  1.74706656E+00
  4.47060799E-01  1.74706656E+00
  3.35296093E-01  1.74706656E+00
  2.23531387E-01  1.74706656E+00
  1.11766681E-01  1.74706656E+00
  1.97530848E-06  1.74706656E+00
 -1.11762731E-01  1.74706656E+00
 -2.23527436E-01  1.74706656E+00
 -3.35292142E-01  1.74706656E+00
 -4.47056848E-01  1.74706656E+00
 -5.58821554E-01  1.74706656E+00
 -6.70586260E-01  1.74706656E+00
 -7.82350966E-01  1.74706656E+00
 -8.94115672E-01  1.74706656E+00
 -8.94115672E-01  1.64118421E+00
 -8.94115672E-01  1.53530186E+00
 -8.94115672E-01  1.42941951E+00
 -8.94115672E-01  1.32353715E+00
 -8.94115672E-01  1.21765480E+00
 -8.94115672E-01  1.11177245E+00
 -8.94115672E-01  1.00589009E+00
 -8.94115672E-01  9.00007741E-01
 -8.94115672E-01  7.94125388E-01
 -8.94115672E-01  6.88243035E-01
 -8.94115672E-01  5.82360682E-01
 -8.94115672E-01  4.76478329E-01
 -8.94115672E-01  3.70595976E-01
 -8.94115672E-01  2.64713623E-01
 -8.94115672E-01  1.58831270E-01
 -8.94115672E-01  5.29489172E-02
 -8.94115672E-01 -5.29334357E-02
 -8.94115672E-01 -1.58815789E-01
 -8.94115672E-01 -2.64698142E-01
 -8.94115672E-01 -3.70580495E-01
 -8.94115672E-01 -4.76462847E-01
 -8.94115672E-01 -5.82345200E-01
 -8.94115672E-01 -6.88227553E-01
 -8.94115672E-01 -7.94109906E-01
 -8.94115672E-01 -8.99992259E-01
 -8.94115672E-01 -1.00587461E+00
 -8.94115672E-01 -1.11175697E+00
 -8.94115672E-01 -1.21763932E+00
 -8.94115672E-01 -1.32352167E+00
 -8.94115672E-01 -1.42940402E+00
 -8.94115672E-01 -1.53528638E+00
 -8.94115672E-01 -1.64116873E+00
 -8.94115672E-01 -1.74705108E+00

#------------------------------------------------------------------------------
z: xorg(1.03)
p: xfac[c2*0.05] form[c1/0.05] notc noxt noyt dmin(1)
p: ymin(0) ymax(1) xmin(0) xmax(1) cmin(1) cmax(100) nosp
hc: y= 0.005 to 0.995 by 0.01 ; x= 0.5 to 0.5 by 1 ;
 1  2  3  4  5  6  7  8  9 10 11 12 13 14 15 16 17 18 19 20
21 22 23 24 25 26 27 28 29 30 31 32 33 34 35 36 37 38 39 40
41 42 43 44 45 46 47 48 49 50 51 52 53 54 55 56 57 58 59 60
61 62 63 64 65 66 67 68 69 70 71 72 73 74 75 76 77 78 79 80
81 82 83 84 85 86 87 88 89 90 91 92 93 94 95 96 97 98 99 100
z: xorg(0.0)
p: xfac[c2*0.05] form[c1/0.05] nosp afac[c5*0.625] ymin[c3] ymax[c4]
p: noxt noxn ytxt(-1) ynum(-1) xltd(-1) xstd(-1) itic(1) ylog
y: Relative Error
#------------------------------------------------------------------------------

wt: s[c5]
\vspace{-3}
  zmin  &=&   9.8530E+01 [cm]
  zmax  &=&   9.8580E+01 [cm]
  part. &=& proton  
e:

#------------------------------------------------------------------------------
z: xorg[-1.03/0.05]
p: form[c1] xfac[c2] afac[c5] nosp notf
p: xmin(-0.8000000    ) xmax( 0.8000000    )
p: ymin( -1.650000    ) ymax(  1.650000    )

#------------------------------------------------------------------------------
 newpage:
#   no. =  8   iz  =  4   part. = photon  
#   z = (   9.8530E+01  -   9.8580E+01  )

'no. =  8,  iz =  4'
msuc: {\huge Dosis xy}
msdr: {\it plotted by \ANGEL \version}
msdl: {\it calculated by \PHITS  3.36}

x: x [cm]
y: y [cm]
set: c1[ 2.062] c2[ 0.627] c5[ 0.800] c6[ 0.743] c7[ 0.708] c8[ 0.000]
p: h2fs form[c1] xfac[c2] afac[c5] scal[c6] xorg[c7] yorg[c8] nosp
set: c3[1.0e-4] c4[1.0]
p: cmin[c3] cmax[c4]
p: dmin(1e-31)
p: zlog
p: xmin(-0.8000000    ) xmax( 0.8000000    )
p: ymin( -1.650000    ) ymax(  1.650000    )
#  ny =  33   nx =  16
# ( ( data(x,y), x = 1, nx ), y = ny, 1, -1 )

hc:  y =   1.600000     to  -1.600000     by  0.1000000     ; x = -0.7500000     to  0.7500000     by  0.1000000     ;
  1.713E-01  1.799E-01  1.875E-01  1.646E-01  1.560E-01  1.639E-01  1.877E-01  1.902E-01  1.848E-01  1.805E-01
  1.757E-01  1.789E-01  1.945E-01  1.700E-01  1.994E-01  2.359E-01  1.985E-01  1.828E-01  1.560E-01  1.701E-01
  1.556E-01  1.775E-01  1.703E-01  1.955E-01  1.689E-01  1.773E-01  1.532E-01  1.761E-01  1.993E-01  1.800E-01
  1.724E-01  1.601E-01  1.836E-01  1.886E-01  1.732E-01  1.836E-01  1.737E-01  1.926E-01  1.863E-01  1.681E-01
  1.823E-01  1.817E-01  1.821E-01  1.676E-01  2.129E-01  1.661E-01  1.682E-01  1.751E-01  1.770E-01  1.946E-01
  2.061E-01  1.810E-01  1.898E-01  1.782E-01  1.797E-01  1.809E-01  1.756E-01  1.599E-01  1.795E-01  1.860E-01
  1.689E-01  1.577E-01  1.546E-01  1.787E-01  2.064E-01  2.227E-01  1.893E-01  1.728E-01  1.980E-01  1.818E-01
  2.269E-01  1.982E-01  1.709E-01  1.552E-01  1.688E-01  2.027E-01  1.832E-01  1.683E-01  1.762E-01  1.908E-01
  1.865E-01  1.734E-01  2.061E-01  1.873E-01  1.735E-01  1.686E-01  1.902E-01  1.984E-01  1.685E-01  1.692E-01
  1.583E-01  1.748E-01  1.995E-01  1.953E-01  1.710E-01  1.672E-01  1.701E-01  1.730E-01  1.665E-01  1.619E-01
  1.817E-01  1.830E-01  1.834E-01  1.649E-01  1.931E-01  1.827E-01  1.878E-01  2.160E-01  1.789E-01  1.664E-01
  1.736E-01  1.872E-01  1.763E-01  1.755E-01  1.794E-01  1.853E-01  1.838E-01  1.655E-01  1.758E-01  1.594E-01
  2.126E-01  1.889E-01  1.909E-01  4.134E-01  1.806E-01  1.726E-01  1.677E-01  1.631E-01  1.739E-01  1.615E-01
  1.525E-01  1.739E-01  1.761E-01  1.710E-01  1.591E-01  2.055E-01  1.965E-01  1.885E-01  1.875E-01  4.255E-01
  1.797E-01  1.758E-01  2.254E-01  1.826E-01  1.660E-01  1.514E-01  1.578E-01  1.713E-01  1.733E-01  1.774E-01
  1.952E-01  2.235E-01  2.039E-01  1.919E-01  1.798E-01  1.869E-01  1.598E-01  2.130E-01  1.862E-01  1.929E-01
  1.692E-01  1.756E-01  1.611E-01  1.719E-01  1.614E-01  1.806E-01  1.880E-01  2.060E-01  1.710E-01  1.829E-01
  1.786E-01  1.893E-01  1.885E-01  1.712E-01  1.703E-01  1.736E-01  1.618E-01  1.884E-01  1.618E-01  1.616E-01
  1.894E-01  1.848E-01  1.540E-01  1.759E-01  1.625E-01  1.798E-01  2.099E-01  1.593E-01  1.646E-01  1.669E-01
  1.761E-01  1.640E-01  1.915E-01  1.983E-01  2.212E-01  1.625E-01  1.814E-01  1.832E-01  1.726E-01  1.893E-01
  1.775E-01  1.861E-01  1.874E-01  1.510E-01  1.810E-01  1.813E-01  1.864E-01  1.664E-01  1.702E-01  2.003E-01
  1.704E-01  1.771E-01  1.829E-01  1.817E-01  1.697E-01  1.636E-01  1.566E-01  1.915E-01  1.908E-01  1.619E-01
  1.699E-01  1.768E-01  1.947E-01  1.590E-01  1.692E-01  1.754E-01  1.773E-01  1.865E-01  1.926E-01  1.834E-01
  1.846E-01  1.809E-01  1.646E-01  1.854E-01  1.931E-01  1.896E-01  2.010E-01  1.835E-01  1.719E-01  1.694E-01
  1.742E-01  2.035E-01  1.792E-01  2.151E-01  1.847E-01  1.974E-01  1.729E-01  1.880E-01  1.809E-01  1.620E-01
  1.663E-01  1.918E-01  1.947E-01  2.065E-01  2.268E-01  1.932E-01  1.713E-01  1.915E-01  1.838E-01  1.688E-01
  2.303E-01  1.709E-01  1.881E-01  1.825E-01  1.715E-01  1.763E-01  1.735E-01  1.583E-01  1.818E-01  1.627E-01
  1.947E-01  1.955E-01  1.752E-01  1.624E-01  1.895E-01  1.746E-01  1.706E-01  1.595E-01  1.806E-01  1.974E-01
  1.644E-01  1.737E-01  1.719E-01  1.841E-01  1.825E-01  1.711E-01  1.860E-01  1.653E-01  1.761E-01  1.951E-01
  1.636E-01  1.853E-01  1.626E-01  2.319E-01  1.834E-01  1.788E-01  1.650E-01  1.621E-01  1.561E-01  2.564E-01
  1.712E-01  1.972E-01  1.775E-01  1.661E-01  1.767E-01  1.860E-01  1.766E-01  1.741E-01  1.610E-01  2.046E-01
  1.899E-01  1.738E-01  1.726E-01  1.632E-01  2.896E-01  1.629E-01  1.723E-01  1.748E-01  1.840E-01  1.756E-01
  1.573E-01  1.827E-01  1.854E-01  1.751E-01  1.470E-01  1.703E-01  1.893E-01  1.702E-01  1.739E-01  3.370E-01
  1.680E-01  1.738E-01  2.118E-01  1.642E-01  1.952E-01  2.015E-01  2.128E-01  2.177E-01  1.857E-01  1.693E-01
  1.747E-01  1.641E-01  1.795E-01  1.703E-01  2.651E-01  1.911E-01  2.122E-01  1.755E-01  1.792E-01  1.725E-01
  1.620E-01  1.720E-01  1.824E-01  1.915E-01  1.812E-01  1.816E-01  1.662E-01  1.734E-01  2.065E-01  2.221E-01
  1.837E-01  1.874E-01  1.927E-01  1.985E-01  1.773E-01  1.728E-01  1.842E-01  1.659E-01  1.634E-01  1.594E-01
  1.656E-01  1.648E-01  1.773E-01  1.982E-01  1.918E-01  1.792E-01  1.661E-01  1.934E-01  1.878E-01  1.524E-01
  1.811E-01  2.011E-01  2.014E-01  1.726E-01  1.714E-01  1.843E-01  1.696E-01  1.755E-01  1.810E-01  1.969E-01
  1.525E-01  1.960E-01  1.777E-01  1.517E-01  1.654E-01  1.860E-01  1.774E-01  1.720E-01  1.612E-01  1.715E-01
  2.023E-01  2.058E-01  1.885E-01  1.543E-01  1.650E-01  1.980E-01  1.759E-01  1.896E-01  1.861E-01  2.026E-01
  1.844E-01  1.885E-01  1.604E-01  1.853E-01  1.877E-01  1.918E-01  1.715E-01  1.708E-01  1.764E-01  1.541E-01
  1.722E-01  1.900E-01  1.713E-01  1.685E-01  1.864E-01  1.958E-01  1.727E-01  1.795E-01  1.786E-01  1.720E-01
  1.886E-01  1.797E-01  1.787E-01  1.824E-01  1.969E-01  1.632E-01  1.689E-01  1.972E-01  2.107E-01  1.748E-01
  1.687E-01  1.623E-01  1.752E-01  2.001E-01  1.673E-01  1.788E-01  1.886E-01  1.833E-01  1.691E-01  1.804E-01
  1.741E-01  1.806E-01  1.646E-01  1.724E-01  1.824E-01  2.035E-01  1.693E-01  1.420E-01  1.855E-01  1.845E-01
  2.155E-01  1.906E-01  1.780E-01  2.083E-01  1.737E-01  1.831E-01  1.709E-01  1.642E-01  1.646E-01  1.722E-01
  1.890E-01  2.030E-01  1.437E-01  1.651E-01  1.647E-01  1.821E-01  1.762E-01  1.773E-01  1.861E-01  1.796E-01
  1.565E-01  2.010E-01  1.616E-01  1.830E-01  1.827E-01  1.680E-01  1.582E-01  1.883E-01  1.571E-01  1.639E-01
  1.800E-01  1.606E-01  1.880E-01  2.043E-01  1.882E-01  1.683E-01  1.963E-01  1.798E-01  1.743E-01  1.763E-01
  1.785E-01  1.722E-01  1.475E-01  1.574E-01  1.513E-01  1.602E-01  1.707E-01  1.701E-01  1.677E-01  1.864E-01
  1.759E-01  1.817E-01  1.961E-01  1.737E-01  1.958E-01  1.797E-01  1.887E-01  1.749E-01  1.619E-01  1.593E-01
  1.819E-01  1.746E-01  1.655E-01  1.734E-01  1.788E-01  1.792E-01  1.871E-01  1.951E-01

#------------------------------------------------------------------------------
# gshow
#------------------------------------------------------------------------------

p: legs[c5*0.875]

hb:   line clip z  
frame:
 -7.9999814E-01 -1.6499925E+00
  8.0000186E-01 -1.6499925E+00
  8.0000186E-01  1.6500075E+00
 -7.9999814E-01  1.6500075E+00
clip:
 -8.94115672E-01 -1.74705108E+00
  8.94119622E-01 -1.74705108E+00
  8.94119622E-01 -1.64116873E+00
  8.94119622E-01 -1.53528638E+00
  8.94119622E-01 -1.42940402E+00
  8.94119622E-01 -1.32352167E+00
  8.94119622E-01 -1.21763932E+00
  8.94119622E-01 -1.11175697E+00
  8.94119622E-01 -1.00587461E+00
  8.94119622E-01 -8.99992259E-01
  8.94119622E-01 -7.94109906E-01
  8.94119622E-01 -6.88227553E-01
  8.94119622E-01 -5.82345200E-01
  8.94119622E-01 -4.76462847E-01
  8.94119622E-01 -3.70580495E-01
  8.94119622E-01 -2.64698142E-01
  8.94119622E-01 -1.58815789E-01
  8.94119622E-01 -5.29334357E-02
  8.94119622E-01  5.29489172E-02
  8.94119622E-01  1.58831270E-01
  8.94119622E-01  2.64713623E-01
  8.94119622E-01  3.70595976E-01
  8.94119622E-01  4.76478329E-01
  8.94119622E-01  5.82360682E-01
  8.94119622E-01  6.88243035E-01
  8.94119622E-01  7.94125388E-01
  8.94119622E-01  9.00007741E-01
  8.94119622E-01  1.00589009E+00
  8.94119622E-01  1.11177245E+00
  8.94119622E-01  1.21765480E+00
  8.94119622E-01  1.32353715E+00
  8.94119622E-01  1.42941951E+00
  8.94119622E-01  1.53530186E+00
  8.94119622E-01  1.64118421E+00
  8.94119622E-01  1.74706656E+00
  7.82354916E-01  1.74706656E+00
  6.70590211E-01  1.74706656E+00
  5.58825505E-01  1.74706656E+00
  4.47060799E-01  1.74706656E+00
  3.35296093E-01  1.74706656E+00
  2.23531387E-01  1.74706656E+00
  1.11766681E-01  1.74706656E+00
  1.97530848E-06  1.74706656E+00
 -1.11762731E-01  1.74706656E+00
 -2.23527436E-01  1.74706656E+00
 -3.35292142E-01  1.74706656E+00
 -4.47056848E-01  1.74706656E+00
 -5.58821554E-01  1.74706656E+00
 -6.70586260E-01  1.74706656E+00
 -7.82350966E-01  1.74706656E+00
 -8.94115672E-01  1.74706656E+00
 -8.94115672E-01  1.64118421E+00
 -8.94115672E-01  1.53530186E+00
 -8.94115672E-01  1.42941951E+00
 -8.94115672E-01  1.32353715E+00
 -8.94115672E-01  1.21765480E+00
 -8.94115672E-01  1.11177245E+00
 -8.94115672E-01  1.00589009E+00
 -8.94115672E-01  9.00007741E-01
 -8.94115672E-01  7.94125388E-01
 -8.94115672E-01  6.88243035E-01
 -8.94115672E-01  5.82360682E-01
 -8.94115672E-01  4.76478329E-01
 -8.94115672E-01  3.70595976E-01
 -8.94115672E-01  2.64713623E-01
 -8.94115672E-01  1.58831270E-01
 -8.94115672E-01  5.29489172E-02
 -8.94115672E-01 -5.29334357E-02
 -8.94115672E-01 -1.58815789E-01
 -8.94115672E-01 -2.64698142E-01
 -8.94115672E-01 -3.70580495E-01
 -8.94115672E-01 -4.76462847E-01
 -8.94115672E-01 -5.82345200E-01
 -8.94115672E-01 -6.88227553E-01
 -8.94115672E-01 -7.94109906E-01
 -8.94115672E-01 -8.99992259E-01
 -8.94115672E-01 -1.00587461E+00
 -8.94115672E-01 -1.11175697E+00
 -8.94115672E-01 -1.21763932E+00
 -8.94115672E-01 -1.32352167E+00
 -8.94115672E-01 -1.42940402E+00
 -8.94115672E-01 -1.53528638E+00
 -8.94115672E-01 -1.64116873E+00
 -8.94115672E-01 -1.74705108E+00

#------------------------------------------------------------------------------
z: xorg(1.03)
p: xfac[c2*0.05] form[c1/0.05] notc noxt noyt dmin(1)
p: ymin(0) ymax(1) xmin(0) xmax(1) cmin(1) cmax(100) nosp
hc: y= 0.005 to 0.995 by 0.01 ; x= 0.5 to 0.5 by 1 ;
 1  2  3  4  5  6  7  8  9 10 11 12 13 14 15 16 17 18 19 20
21 22 23 24 25 26 27 28 29 30 31 32 33 34 35 36 37 38 39 40
41 42 43 44 45 46 47 48 49 50 51 52 53 54 55 56 57 58 59 60
61 62 63 64 65 66 67 68 69 70 71 72 73 74 75 76 77 78 79 80
81 82 83 84 85 86 87 88 89 90 91 92 93 94 95 96 97 98 99 100
z: xorg(0.0)
p: xfac[c2*0.05] form[c1/0.05] nosp afac[c5*0.625] ymin[c3] ymax[c4]
p: noxt noxn ytxt(-1) ynum(-1) xltd(-1) xstd(-1) itic(1) ylog
y: Relative Error
#------------------------------------------------------------------------------

wt: s[c5]
\vspace{-3}
  zmin  &=&   9.8530E+01 [cm]
  zmax  &=&   9.8580E+01 [cm]
  part. &=& photon  
e:

#------------------------------------------------------------------------------
z: xorg[-1.03/0.05]
p: form[c1] xfac[c2] afac[c5] nosp notf
p: xmin(-0.8000000    ) xmax( 0.8000000    )
p: ymin( -1.650000    ) ymax(  1.650000    )
 
# Information for Restart Calculation
# This calculation was newly started
# istdev =  2 # 1:Batch variance, 2:History variance
# resc2  = 3.20436999323052807E-01 # Total source weight or Total source weight / maxcas
# resc3  = 2.00000998100000000E+09 # Total history number or Total batch number
# maxcas =       10001 # History / Batch, only used for istdev=1
# bitrseed = 1001001000011111100100111110000001011011100111110000101100101100 # bit data of rseed
