[ T-Cross ]
    title = Proton response in air channel
     mesh =  reg            # mesh type is region-wise
      reg =   10            # number of crossing regions
      non     r-from                  r-to                     area
      1       ( 20002 < 20005 )       ( 20003 < 20005 )        1.000000    
      2       ( 20001 < 20005 )       ( 20003 < 20005 )        1.000000    
      3       ( 20002 < 20006 )       ( 20003 < 20006 )        1.000000    
      4       ( 20001 < 20006 )       ( 20003 < 20006 )        1.000000    
      5       ( 20002 < 20007 )       ( 20003 < 20007 )        1.000000    
      6       ( 20001 < 20007 )       ( 20003 < 20007 )        1.000000    
      7       ( 20002 < 20008 )       ( 20003 < 20008 )        1.000000    
      8       ( 20001 < 20008 )       ( 20003 < 20008 )        1.000000    
      9       ( 20002 < 20009 )       ( 20003 < 20009 )        1.000000    
     10       ( 20001 < 20009 )       ( 20003 < 20009 )        1.000000    
   e-type =    2            # e-mesh is linear given by emin, emax and ne
     emin =   0.000000      # minimum value of e-mesh points
     emax =   17.00000      # maximum value of e-mesh points
#    edel =  0.1700000      # mesh width of e-mesh points
       ne =    100          # number of e-mesh points
#    data = ( e(i), i = 1, ne + 1 )
#           0.00000E+00  1.70000E-01  3.40000E-01  5.10000E-01  6.80000E-01
#           8.50000E-01  1.02000E+00  1.19000E+00  1.36000E+00  1.53000E+00
#           1.70000E+00  1.87000E+00  2.04000E+00  2.21000E+00  2.38000E+00
#           2.55000E+00  2.72000E+00  2.89000E+00  3.06000E+00  3.23000E+00
#           3.40000E+00  3.57000E+00  3.74000E+00  3.91000E+00  4.08000E+00
#           4.25000E+00  4.42000E+00  4.59000E+00  4.76000E+00  4.93000E+00
#           5.10000E+00  5.27000E+00  5.44000E+00  5.61000E+00  5.78000E+00
#           5.95000E+00  6.12000E+00  6.29000E+00  6.46000E+00  6.63000E+00
#           6.80000E+00  6.97000E+00  7.14000E+00  7.31000E+00  7.48000E+00
#           7.65000E+00  7.82000E+00  7.99000E+00  8.16000E+00  8.33000E+00
#           8.50000E+00  8.67000E+00  8.84000E+00  9.01000E+00  9.18000E+00
#           9.35000E+00  9.52000E+00  9.69000E+00  9.86000E+00  1.00300E+01
#           1.02000E+01  1.03700E+01  1.05400E+01  1.07100E+01  1.08800E+01
#           1.10500E+01  1.12200E+01  1.13900E+01  1.15600E+01  1.17300E+01
#           1.19000E+01  1.20700E+01  1.22400E+01  1.24100E+01  1.25800E+01
#           1.27500E+01  1.29200E+01  1.30900E+01  1.32600E+01  1.34300E+01
#           1.36000E+01  1.37700E+01  1.39400E+01  1.41100E+01  1.42800E+01
#           1.44500E+01  1.46200E+01  1.47900E+01  1.49600E+01  1.51300E+01
#           1.53000E+01  1.54700E+01  1.56400E+01  1.58100E+01  1.59800E+01
#           1.61500E+01  1.63200E+01  1.64900E+01  1.66600E+01  1.68300E+01
#           1.70000E+01
  eng2let =    0            # (D=0) Flag to convert energy to LET, 0: not convert, 1: convert
     unit =    1            # unit is [1/cm^2/source]
     axis =  eng            # axis of output
     file = ./out/protones_detector.out  # file name of output for the above axis
   output = f-curr          # surface crossing forward current spectrum
     part =  proton   
# kf/name :  2212     
   epsout =    1            # (D=0) generate eps file by ANGEL
#    used :        main (  %)        temp (  %)       total (  %)
#  memory :         156 (  0)           0 (  0)         156 (  0)

#------------------------------------------------------------------------------
#newpage:
#   no. =    1   reg = ( 20002 < 20005 ) - ( 20003 < 20005 )

x: Energy [MeV/n]
y:  F-Curr [1/cm^2/source]                 
p: xlin ylog afac(0.8) form(0.9)
h: n            x            y(proton  ),hh0l n 
#  e-lower      e-upper        proton    r.err 
   0.0000E+00   1.7000E-01   0.0000E+00  0.0000
   1.7000E-01   3.4000E-01   0.0000E+00  0.0000
   3.4000E-01   5.1000E-01   0.0000E+00  0.0000
   5.1000E-01   6.8000E-01   6.2415E+00  0.7071
   6.8000E-01   8.5000E-01   0.0000E+00  0.0000
   8.5000E-01   1.0200E+00   0.0000E+00  0.0000
   1.0200E+00   1.1900E+00   0.0000E+00  0.0000
   1.1900E+00   1.3600E+00   9.3622E+00  0.5774
   1.3600E+00   1.5300E+00   0.0000E+00  0.0000
   1.5300E+00   1.7000E+00   3.1207E+00  1.0000
   1.7000E+00   1.8700E+00   6.2415E+00  0.7071
   1.8700E+00   2.0400E+00   0.0000E+00  0.0000
   2.0400E+00   2.2100E+00   9.3622E+00  0.5774
   2.2100E+00   2.3800E+00   0.0000E+00  0.0000
   2.3800E+00   2.5500E+00   6.2415E+00  0.7071
   2.5500E+00   2.7200E+00   3.1207E+00  1.0000
   2.7200E+00   2.8900E+00   0.0000E+00  0.0000
   2.8900E+00   3.0600E+00   0.0000E+00  0.0000
   3.0600E+00   3.2300E+00   0.0000E+00  0.0000
   3.2300E+00   3.4000E+00   6.2415E+00  0.7071
   3.4000E+00   3.5700E+00   6.2415E+00  0.7071
   3.5700E+00   3.7400E+00   0.0000E+00  0.0000
   3.7400E+00   3.9100E+00   3.1207E+00  1.0000
   3.9100E+00   4.0800E+00   1.2483E+01  0.5000
   4.0800E+00   4.2500E+00   6.2415E+00  0.7071
   4.2500E+00   4.4200E+00   6.2415E+00  0.7071
   4.4200E+00   4.5900E+00   6.2415E+00  0.7071
   4.5900E+00   4.7600E+00   6.2415E+00  0.7071
   4.7600E+00   4.9300E+00   9.3622E+00  0.5774
   4.9300E+00   5.1000E+00   1.2483E+01  0.5000
   5.1000E+00   5.2700E+00   2.1845E+01  0.3780
   5.2700E+00   5.4400E+00   1.5604E+01  0.4472
   5.4400E+00   5.6100E+00   4.3690E+01  0.2673
   5.6100E+00   5.7800E+00   8.7381E+01  0.1890
   5.7800E+00   5.9500E+00   7.4898E+01  0.2041
   5.9500E+00   6.1200E+00   6.8656E+01  0.2132
   6.1200E+00   6.2900E+00   8.4260E+01  0.1925
   6.2900E+00   6.4600E+00   7.4898E+01  0.2041
   6.4600E+00   6.6300E+00   9.0501E+01  0.1857
   6.6300E+00   6.8000E+00   1.6540E+02  0.1374
   6.8000E+00   6.9700E+00   6.6160E+02  0.0687
   6.9700E+00   7.1400E+00   1.3918E+03  0.0474
   7.1400E+00   7.3100E+00   2.7182E+03  0.0339
   7.3100E+00   7.4800E+00   3.7480E+03  0.0289
   7.4800E+00   7.6500E+00   3.6731E+03  0.0291
   7.6500E+00   7.8200E+00   2.5840E+03  0.0348
   7.8200E+00   7.9900E+00   1.3013E+03  0.0490
   7.9900E+00   8.1600E+00   5.8982E+02  0.0727
   8.1600E+00   8.3300E+00   7.5834E+02  0.0642
   8.3300E+00   8.5000E+00   1.8943E+03  0.0406
   8.5000E+00   8.6700E+00   3.7386E+03  0.0289
   8.6700E+00   8.8400E+00   4.7622E+03  0.0256
   8.8400E+00   9.0100E+00   4.0226E+03  0.0279
   9.0100E+00   9.1800E+00   2.2157E+03  0.0375
   9.1800E+00   9.3500E+00   8.6132E+02  0.0602
   9.3500E+00   9.5200E+00   1.0174E+03  0.0554
   9.5200E+00   9.6900E+00   2.7868E+03  0.0335
   9.6900E+00   9.8600E+00   5.4394E+03  0.0240
   9.8600E+00   1.0030E+01   6.5099E+03  0.0219
   1.0030E+01   1.0200E+01   4.5968E+03  0.0261
   1.0200E+01   1.0370E+01   1.9473E+03  0.0400
   1.0370E+01   1.0540E+01   1.0049E+03  0.0557
   1.0540E+01   1.0710E+01   2.2344E+03  0.0374
   1.0710E+01   1.0880E+01   5.3021E+03  0.0243
   1.0880E+01   1.1050E+01   7.5335E+03  0.0204
   1.1050E+01   1.1220E+01   5.6017E+03  0.0236
   1.1220E+01   1.1390E+01   2.1315E+03  0.0383
   1.1390E+01   1.1560E+01   1.1453E+03  0.0522
   1.1560E+01   1.1730E+01   2.8867E+03  0.0329
   1.1730E+01   1.1900E+01   6.8407E+03  0.0214
   1.1900E+01   1.2070E+01   8.5820E+03  0.0191
   1.2070E+01   1.2240E+01   4.6842E+03  0.0258
   1.2240E+01   1.2410E+01   1.5011E+03  0.0456
   1.2410E+01   1.2580E+01   2.3468E+03  0.0365
   1.2580E+01   1.2750E+01   7.0466E+03  0.0210
   1.2750E+01   1.2920E+01   1.1544E+04  0.0164
   1.2920E+01   1.3090E+01   7.8705E+03  0.0199
   1.3090E+01   1.3260E+01   2.4311E+03  0.0358
   1.3260E+01   1.3430E+01   2.3187E+03  0.0367
   1.3430E+01   1.3600E+01   7.7488E+03  0.0201
   1.3600E+01   1.3770E+01   1.4721E+04  0.0146
   1.3770E+01   1.3940E+01   1.1122E+04  0.0168
   1.3940E+01   1.4110E+01   3.1239E+03  0.0316
   1.4110E+01   1.4280E+01   3.2799E+03  0.0308
   1.4280E+01   1.4450E+01   1.2411E+04  0.0159
   1.4450E+01   1.4620E+01   2.2341E+04  0.0118
   1.4620E+01   1.4790E+01   1.3310E+04  0.0153
   1.4790E+01   1.4960E+01   3.1925E+03  0.0313
   1.4960E+01   1.5130E+01   8.5321E+03  0.0191
   1.5130E+01   1.5300E+01   3.5380E+04  0.0094
   1.5300E+01   1.5470E+01   4.4861E+04  0.0083
   1.5470E+01   1.5640E+01   1.3057E+04  0.0155
   1.5640E+01   1.5810E+01   7.1777E+02  0.0659
   1.5810E+01   1.5980E+01   0.0000E+00  0.0000
   1.5980E+01   1.6150E+01   0.0000E+00  0.0000
   1.6150E+01   1.6320E+01   0.0000E+00  0.0000
   1.6320E+01   1.6490E+01   0.0000E+00  0.0000
   1.6490E+01   1.6660E+01   0.0000E+00  0.0000
   1.6660E+01   1.6830E+01   0.0000E+00  0.0000
   1.6830E+01   1.7000E+01   0.0000E+00  0.0000

#   sum over                 3.3487E+05  0.0031
'no. =    1   reg = ( 20002 < 20005 ) - ( 20003 < 20005 )'
msuc: {\huge Proton response in air channel}
msdr: {\it plotted by \ANGEL \version}
msdl: {\it calculated by \PHITS  3.36}
wt: s(0.7)
\vspace{-3}
  region surface crossing
  area  &=&   1.0000E+00 [cm^2]
e:

#------------------------------------------------------------------------------
 newpage:
#   no. =    2   reg = ( 20001 < 20005 ) - ( 20003 < 20005 )

x: Energy [MeV/n]
y:  F-Curr [1/cm^2/source]                 
p: xlin ylog afac(0.8) form(0.9)
h: n            x            y(proton  ),hh0l n 
#  e-lower      e-upper        proton    r.err 
   0.0000E+00   1.7000E-01   5.9294E+02  0.0725
   1.7000E-01   3.4000E-01   6.2415E+02  0.0707
   3.4000E-01   5.1000E-01   7.5834E+02  0.0642
   5.1000E-01   6.8000E-01   9.1126E+02  0.0585
   6.8000E-01   8.5000E-01   1.2171E+03  0.0506
   8.5000E-01   1.0200E+00   1.3076E+03  0.0489
   1.0200E+00   1.1900E+00   1.5697E+03  0.0446
   1.1900E+00   1.3600E+00   1.6665E+03  0.0433
   1.3600E+00   1.5300E+00   1.7944E+03  0.0418
   1.5300E+00   1.7000E+00   1.9005E+03  0.0405
   1.7000E+00   1.8700E+00   2.1876E+03  0.0378
   1.8700E+00   2.0400E+00   2.2126E+03  0.0376
   2.0400E+00   2.2100E+00   2.3718E+03  0.0363
   2.2100E+00   2.3800E+00   2.4248E+03  0.0359
   2.3800E+00   2.5500E+00   2.5309E+03  0.0351
   2.5500E+00   2.7200E+00   2.7306E+03  0.0338
   2.7200E+00   2.8900E+00   2.6433E+03  0.0344
   2.8900E+00   3.0600E+00   2.9273E+03  0.0327
   3.0600E+00   3.2300E+00   2.9897E+03  0.0323
   3.2300E+00   3.4000E+00   2.9678E+03  0.0324
   3.4000E+00   3.5700E+00   3.3610E+03  0.0305
   3.5700E+00   3.7400E+00   3.2581E+03  0.0309
   3.7400E+00   3.9100E+00   3.4172E+03  0.0302
   3.9100E+00   4.0800E+00   3.7043E+03  0.0290
   4.0800E+00   4.2500E+00   3.5920E+03  0.0295
   4.2500E+00   4.4200E+00   4.0258E+03  0.0278
   4.4200E+00   4.5900E+00   4.1974E+03  0.0273
   4.5900E+00   4.7600E+00   5.0587E+03  0.0248
   4.7600E+00   4.9300E+00   6.7782E+03  0.0215
   4.9300E+00   5.1000E+00   1.1375E+04  0.0166
   5.1000E+00   5.2700E+00   1.8927E+04  0.0128
   5.2700E+00   5.4400E+00   3.1747E+04  0.0099
   5.4400E+00   5.6100E+00   4.7470E+04  0.0081
   5.6100E+00   5.7800E+00   6.3585E+04  0.0070
   5.7800E+00   5.9500E+00   7.3269E+04  0.0065
   5.9500E+00   6.1200E+00   7.2273E+04  0.0066
   6.1200E+00   6.2900E+00   6.4762E+04  0.0069
   6.2900E+00   6.4600E+00   5.9082E+04  0.0073
   6.4600E+00   6.6300E+00   8.1873E+04  0.0062
   6.6300E+00   6.8000E+00   1.9234E+05  0.0040
   6.8000E+00   6.9700E+00   5.3747E+05  0.0024
   6.9700E+00   7.1400E+00   1.3037E+06  0.0015
   7.1400E+00   7.3100E+00   2.4646E+06  0.0011
   7.3100E+00   7.4800E+00   3.4149E+06  0.0010
   7.4800E+00   7.6500E+00   3.3529E+06  0.0010
   7.6500E+00   7.8200E+00   2.3143E+06  0.0012
   7.8200E+00   7.9900E+00   1.1277E+06  0.0017
   7.9900E+00   8.1600E+00   5.2683E+05  0.0024
   8.1600E+00   8.3300E+00   7.1462E+05  0.0021
   8.3300E+00   8.5000E+00   1.7135E+06  0.0013
   8.5000E+00   8.6700E+00   3.2409E+06  0.0010
   8.6700E+00   8.8400E+00   4.1598E+06  0.0009
   8.8400E+00   9.0100E+00   3.4814E+06  0.0009
   9.0100E+00   9.1800E+00   1.8602E+06  0.0013
   9.1800E+00   9.3500E+00   7.7946E+05  0.0020
   9.3500E+00   9.5200E+00   9.3215E+05  0.0018
   9.5200E+00   9.6900E+00   2.4676E+06  0.0011
   9.6900E+00   9.8600E+00   4.8602E+06  0.0008
   9.8600E+00   1.0030E+01   5.9475E+06  0.0007
   1.0030E+01   1.0200E+01   4.2817E+06  0.0009
   1.0200E+01   1.0370E+01   1.7987E+06  0.0013
   1.0370E+01   1.0540E+01   8.7173E+05  0.0019
   1.0540E+01   1.0710E+01   1.9879E+06  0.0013
   1.0710E+01   1.0880E+01   4.7905E+06  0.0008
   1.0880E+01   1.1050E+01   6.7870E+06  0.0007
   1.1050E+01   1.1220E+01   5.1503E+06  0.0008
   1.1220E+01   1.1390E+01   2.0705E+06  0.0012
   1.1390E+01   1.1560E+01   1.0130E+06  0.0018
   1.1560E+01   1.1730E+01   2.7135E+06  0.0011
   1.1730E+01   1.1900E+01   6.2803E+06  0.0007
   1.1900E+01   1.2070E+01   7.5479E+06  0.0006
   1.2070E+01   1.2240E+01   4.3251E+06  0.0008
   1.2240E+01   1.2410E+01   1.4127E+06  0.0015
   1.2410E+01   1.2580E+01   2.0759E+06  0.0012
   1.2580E+01   1.2750E+01   6.4984E+06  0.0007
   1.2750E+01   1.2920E+01   1.0359E+07  0.0005
   1.2920E+01   1.3090E+01   7.2529E+06  0.0007
   1.3090E+01   1.3260E+01   2.2753E+06  0.0012
   1.3260E+01   1.3430E+01   2.0283E+06  0.0012
   1.3430E+01   1.3600E+01   7.3710E+06  0.0007
   1.3600E+01   1.3770E+01   1.3569E+07  0.0005
   1.3770E+01   1.3940E+01   9.8624E+06  0.0006
   1.3940E+01   1.4110E+01   2.8463E+06  0.0010
   1.4110E+01   1.4280E+01   2.9392E+06  0.0010
   1.4280E+01   1.4450E+01   1.1960E+07  0.0005
   1.4450E+01   1.4620E+01   2.0784E+07  0.0004
   1.4620E+01   1.4790E+01   1.2220E+07  0.0005
   1.4790E+01   1.4960E+01   2.9591E+06  0.0010
   1.4960E+01   1.5130E+01   8.1426E+06  0.0006
   1.5130E+01   1.5300E+01   3.3205E+07  0.0003
   1.5300E+01   1.5470E+01   4.1260E+07  0.0003
   1.5470E+01   1.5640E+01   1.2271E+07  0.0005
   1.5640E+01   1.5810E+01   6.3754E+05  0.0022
   1.5810E+01   1.5980E+01   3.3111E+03  0.0307
   1.5980E+01   1.6150E+01   3.1207E+00  1.0000
   1.6150E+01   1.6320E+01   0.0000E+00  0.0000
   1.6320E+01   1.6490E+01   0.0000E+00  0.0000
   1.6490E+01   1.6660E+01   0.0000E+00  0.0000
   1.6660E+01   1.6830E+01   0.0000E+00  0.0000
   1.6830E+01   1.7000E+01   0.0000E+00  0.0000

#   sum over                 3.0754E+08  0.0001
'no. =    2   reg = ( 20001 < 20005 ) - ( 20003 < 20005 )'
msuc: {\huge Proton response in air channel}
msdr: {\it plotted by \ANGEL \version}
msdl: {\it calculated by \PHITS  3.36}
wt: s(0.7)
\vspace{-3}
  region surface crossing
  area  &=&   1.0000E+00 [cm^2]
e:

#------------------------------------------------------------------------------
 newpage:
#   no. =    3   reg = ( 20002 < 20006 ) - ( 20003 < 20006 )

x: Energy [MeV/n]
y:  F-Curr [1/cm^2/source]                 
p: xlin ylog afac(0.8) form(0.9)
h: n            x            y(proton  ),hh0l n 
#  e-lower      e-upper        proton    r.err 
   0.0000E+00   1.7000E-01   0.0000E+00  0.0000
   1.7000E-01   3.4000E-01   3.1207E+00  1.0000
   3.4000E-01   5.1000E-01   0.0000E+00  0.0000
   5.1000E-01   6.8000E-01   0.0000E+00  0.0000
   6.8000E-01   8.5000E-01   0.0000E+00  0.0000
   8.5000E-01   1.0200E+00   0.0000E+00  0.0000
   1.0200E+00   1.1900E+00   0.0000E+00  0.0000
   1.1900E+00   1.3600E+00   3.1207E+00  1.0000
   1.3600E+00   1.5300E+00   0.0000E+00  0.0000
   1.5300E+00   1.7000E+00   0.0000E+00  0.0000
   1.7000E+00   1.8700E+00   0.0000E+00  0.0000
   1.8700E+00   2.0400E+00   0.0000E+00  0.0000
   2.0400E+00   2.2100E+00   3.1207E+00  1.0000
   2.2100E+00   2.3800E+00   0.0000E+00  0.0000
   2.3800E+00   2.5500E+00   3.1207E+00  1.0000
   2.5500E+00   2.7200E+00   0.0000E+00  0.0000
   2.7200E+00   2.8900E+00   0.0000E+00  0.0000
   2.8900E+00   3.0600E+00   0.0000E+00  0.0000
   3.0600E+00   3.2300E+00   0.0000E+00  0.0000
   3.2300E+00   3.4000E+00   0.0000E+00  0.0000
   3.4000E+00   3.5700E+00   3.1207E+00  1.0000
   3.5700E+00   3.7400E+00   0.0000E+00  0.0000
   3.7400E+00   3.9100E+00   3.1207E+00  1.0000
   3.9100E+00   4.0800E+00   0.0000E+00  0.0000
   4.0800E+00   4.2500E+00   6.2415E+00  0.7071
   4.2500E+00   4.4200E+00   0.0000E+00  0.0000
   4.4200E+00   4.5900E+00   0.0000E+00  0.0000
   4.5900E+00   4.7600E+00   3.1207E+00  1.0000
   4.7600E+00   4.9300E+00   0.0000E+00  0.0000
   4.9300E+00   5.1000E+00   6.2415E+00  0.7071
   5.1000E+00   5.2700E+00   6.2415E+00  0.7071
   5.2700E+00   5.4400E+00   0.0000E+00  0.0000
   5.4400E+00   5.6100E+00   1.5604E+01  0.4472
   5.6100E+00   5.7800E+00   2.8087E+01  0.3333
   5.7800E+00   5.9500E+00   1.5604E+01  0.4472
   5.9500E+00   6.1200E+00   3.7449E+01  0.2887
   6.1200E+00   6.2900E+00   2.8087E+01  0.3333
   6.2900E+00   6.4600E+00   1.5604E+01  0.4472
   6.4600E+00   6.6300E+00   2.4966E+01  0.3536
   6.6300E+00   6.8000E+00   6.8656E+01  0.2132
   6.8000E+00   6.9700E+00   2.1533E+02  0.1204
   6.9700E+00   7.1400E+00   5.2116E+02  0.0774
   7.1400E+00   7.3100E+00   8.5196E+02  0.0605
   7.3100E+00   7.4800E+00   9.9552E+02  0.0560
   7.4800E+00   7.6500E+00   9.5807E+02  0.0571
   7.6500E+00   7.8200E+00   6.3351E+02  0.0702
   7.8200E+00   7.9900E+00   2.4342E+02  0.1132
   7.9900E+00   8.1600E+00   1.1547E+02  0.1644
   8.1600E+00   8.3300E+00   2.0597E+02  0.1231
   8.3300E+00   8.5000E+00   5.4925E+02  0.0754
   8.5000E+00   8.6700E+00   9.5807E+02  0.0571
   8.6700E+00   8.8400E+00   1.0735E+03  0.0539
   8.8400E+00   9.0100E+00   8.9253E+02  0.0591
   9.0100E+00   9.1800E+00   4.2442E+02  0.0857
   9.1800E+00   9.3500E+00   2.0285E+02  0.1240
   9.3500E+00   9.5200E+00   2.4654E+02  0.1125
   9.5200E+00   9.6900E+00   6.3663E+02  0.0700
   9.6900E+00   9.8600E+00   1.2265E+03  0.0504
   9.8600E+00   1.0030E+01   1.4293E+03  0.0467
   1.0030E+01   1.0200E+01   9.5495E+02  0.0572
   1.0200E+01   1.0370E+01   3.6825E+02  0.0921
   1.0370E+01   1.0540E+01   1.7476E+02  0.1336
   1.0540E+01   1.0710E+01   5.7734E+02  0.0735
   1.0710E+01   1.0880E+01   1.1328E+03  0.0525
   1.0880E+01   1.1050E+01   1.4199E+03  0.0469
   1.1050E+01   1.1220E+01   9.7055E+02  0.0567
   1.1220E+01   1.1390E+01   3.6513E+02  0.0925
   1.1390E+01   1.1560E+01   2.0285E+02  0.1240
   1.1560E+01   1.1730E+01   5.2116E+02  0.0774
   1.1730E+01   1.1900E+01   1.2764E+03  0.0494
   1.1900E+01   1.2070E+01   1.3107E+03  0.0488
   1.2070E+01   1.2240E+01   6.9905E+02  0.0668
   1.2240E+01   1.2410E+01   1.6540E+02  0.1374
   1.2410E+01   1.2580E+01   3.2768E+02  0.0976
   1.2580E+01   1.2750E+01   1.1297E+03  0.0526
   1.2750E+01   1.2920E+01   1.5760E+03  0.0445
   1.2920E+01   1.3090E+01   9.8927E+02  0.0562
   1.3090E+01   1.3260E+01   2.2781E+02  0.1170
   1.3260E+01   1.3430E+01   3.0271E+02  0.1015
   1.3430E+01   1.3600E+01   1.0891E+03  0.0535
   1.3600E+01   1.3770E+01   1.8880E+03  0.0407
   1.3770E+01   1.3940E+01   1.2077E+03  0.0508
   1.3940E+01   1.4110E+01   2.7150E+02  0.1072
   1.4110E+01   1.4280E+01   3.8697E+02  0.0898
   1.4280E+01   1.4450E+01   1.3575E+03  0.0479
   1.4450E+01   1.4620E+01   2.2344E+03  0.0374
   1.4620E+01   1.4790E+01   1.1422E+03  0.0523
   1.4790E+01   1.4960E+01   2.8711E+02  0.1043
   1.4960E+01   1.5130E+01   8.8941E+02  0.0592
   1.5130E+01   1.5300E+01   3.5888E+03  0.0295
   1.5300E+01   1.5470E+01   3.9228E+03  0.0282
   1.5470E+01   1.5640E+01   9.1438E+02  0.0584
   1.5640E+01   1.5810E+01   5.9294E+01  0.2294
   1.5810E+01   1.5980E+01   0.0000E+00  0.0000
   1.5980E+01   1.6150E+01   0.0000E+00  0.0000
   1.6150E+01   1.6320E+01   0.0000E+00  0.0000
   1.6320E+01   1.6490E+01   0.0000E+00  0.0000
   1.6490E+01   1.6660E+01   0.0000E+00  0.0000
   1.6660E+01   1.6830E+01   0.0000E+00  0.0000
   1.6830E+01   1.7000E+01   0.0000E+00  0.0000

#   sum over                 4.6586E+04  0.0082
'no. =    3   reg = ( 20002 < 20006 ) - ( 20003 < 20006 )'
msuc: {\huge Proton response in air channel}
msdr: {\it plotted by \ANGEL \version}
msdl: {\it calculated by \PHITS  3.36}
wt: s(0.7)
\vspace{-3}
  region surface crossing
  area  &=&   1.0000E+00 [cm^2]
e:

#------------------------------------------------------------------------------
 newpage:
#   no. =    4   reg = ( 20001 < 20006 ) - ( 20003 < 20006 )

x: Energy [MeV/n]
y:  F-Curr [1/cm^2/source]                 
p: xlin ylog afac(0.8) form(0.9)
h: n            x            y(proton  ),hh0l n 
#  e-lower      e-upper        proton    r.err 
   0.0000E+00   1.7000E-01   1.9973E+02  0.1250
   1.7000E-01   3.4000E-01   2.2469E+02  0.1179
   3.4000E-01   5.1000E-01   3.4952E+02  0.0945
   5.1000E-01   6.8000E-01   3.6201E+02  0.0928
   6.8000E-01   8.5000E-01   3.7761E+02  0.0909
   8.5000E-01   1.0200E+00   5.1492E+02  0.0778
   1.0200E+00   1.1900E+00   4.5875E+02  0.0825
   1.1900E+00   1.3600E+00   6.0854E+02  0.0716
   1.3600E+00   1.5300E+00   6.3663E+02  0.0700
   1.5300E+00   1.7000E+00   6.9280E+02  0.0671
   1.7000E+00   1.8700E+00   7.3025E+02  0.0654
   1.8700E+00   2.0400E+00   6.9592E+02  0.0670
   2.0400E+00   2.2100E+00   7.7394E+02  0.0635
   2.2100E+00   2.3800E+00   8.9253E+02  0.0591
   2.3800E+00   2.5500E+00   9.2998E+02  0.0579
   2.5500E+00   2.7200E+00   9.4246E+02  0.0575
   2.7200E+00   2.8900E+00   1.0111E+03  0.0556
   2.8900E+00   3.0600E+00   9.7367E+02  0.0566
   3.0600E+00   3.2300E+00   1.0205E+03  0.0553
   3.2300E+00   3.4000E+00   1.2265E+03  0.0504
   3.4000E+00   3.5700E+00   1.2140E+03  0.0507
   3.5700E+00   3.7400E+00   1.1516E+03  0.0521
   3.7400E+00   3.9100E+00   1.2577E+03  0.0498
   3.9100E+00   4.0800E+00   1.2233E+03  0.0505
   4.0800E+00   4.2500E+00   1.3138E+03  0.0487
   4.2500E+00   4.4200E+00   1.3700E+03  0.0477
   4.4200E+00   4.5900E+00   1.5011E+03  0.0456
   4.5900E+00   4.7600E+00   1.7102E+03  0.0427
   4.7600E+00   4.9300E+00   2.0441E+03  0.0391
   4.9300E+00   5.1000E+00   3.3423E+03  0.0306
   5.1000E+00   5.2700E+00   5.4270E+03  0.0240
   5.2700E+00   5.4400E+00   8.8317E+03  0.0188
   5.4400E+00   5.6100E+00   1.2424E+04  0.0158
   5.6100E+00   5.7800E+00   1.4989E+04  0.0144
   5.7800E+00   5.9500E+00   1.6955E+04  0.0136
   5.9500E+00   6.1200E+00   1.6044E+04  0.0139
   6.1200E+00   6.2900E+00   1.3947E+04  0.0150
   6.2900E+00   6.4600E+00   1.4661E+04  0.0146
   6.4600E+00   6.6300E+00   2.4635E+04  0.0113
   6.6300E+00   6.8000E+00   6.6097E+04  0.0069
   6.8000E+00   6.9700E+00   1.8375E+05  0.0041
   6.9700E+00   7.1400E+00   4.2467E+05  0.0027
   7.1400E+00   7.3100E+00   7.4683E+05  0.0020
   7.3100E+00   7.4800E+00   9.6908E+05  0.0018
   7.4800E+00   7.6500E+00   8.8445E+05  0.0019
   7.6500E+00   7.8200E+00   5.6095E+05  0.0024
   7.8200E+00   7.9900E+00   2.5527E+05  0.0035
   7.9900E+00   8.1600E+00   1.2732E+05  0.0050
   8.1600E+00   8.3300E+00   2.0746E+05  0.0039
   8.3300E+00   8.5000E+00   4.9186E+05  0.0025
   8.5000E+00   8.6700E+00   8.6702E+05  0.0019
   8.6700E+00   8.8400E+00   1.0321E+06  0.0017
   8.8400E+00   9.0100E+00   7.9435E+05  0.0020
   9.0100E+00   9.1800E+00   3.8869E+05  0.0028
   9.1800E+00   9.3500E+00   1.6533E+05  0.0043
   9.3500E+00   9.5200E+00   2.4076E+05  0.0036
   9.5200E+00   9.6900E+00   6.2785E+05  0.0022
   9.6900E+00   9.8600E+00   1.1532E+06  0.0016
   9.8600E+00   1.0030E+01   1.2970E+06  0.0016
   1.0030E+01   1.0200E+01   8.5443E+05  0.0019
   1.0200E+01   1.0370E+01   3.3118E+05  0.0031
   1.0370E+01   1.0540E+01   1.8024E+05  0.0042
   1.0540E+01   1.0710E+01   4.5471E+05  0.0026
   1.0710E+01   1.0880E+01   1.0320E+06  0.0017
   1.0880E+01   1.1050E+01   1.3421E+06  0.0015
   1.1050E+01   1.1220E+01   9.3178E+05  0.0018
   1.1220E+01   1.1390E+01   3.4103E+05  0.0030
   1.1390E+01   1.1560E+01   1.8906E+05  0.0041
   1.1560E+01   1.1730E+01   5.3913E+05  0.0024
   1.1730E+01   1.1900E+01   1.1633E+06  0.0016
   1.1900E+01   1.2070E+01   1.2811E+06  0.0016
   1.2070E+01   1.2240E+01   6.6583E+05  0.0022
   1.2240E+01   1.2410E+01   2.0801E+05  0.0039
   1.2410E+01   1.2580E+01   3.6421E+05  0.0029
   1.2580E+01   1.2750E+01   1.0820E+06  0.0017
   1.2750E+01   1.2920E+01   1.5868E+06  0.0014
   1.2920E+01   1.3090E+01   1.0086E+06  0.0018
   1.3090E+01   1.3260E+01   2.8779E+05  0.0033
   1.3260E+01   1.3430E+01   3.0309E+05  0.0032
   1.3430E+01   1.3600E+01   1.0713E+06  0.0017
   1.3600E+01   1.3770E+01   1.8113E+06  0.0013
   1.3770E+01   1.3940E+01   1.1961E+06  0.0016
   1.3940E+01   1.4110E+01   3.1512E+05  0.0031
   1.4110E+01   1.4280E+01   3.8070E+05  0.0029
   1.4280E+01   1.4450E+01   1.4812E+06  0.0015
   1.4450E+01   1.4620E+01   2.3581E+06  0.0012
   1.4620E+01   1.4790E+01   1.2524E+06  0.0016
   1.4790E+01   1.4960E+01   2.9176E+05  0.0033
   1.4960E+01   1.5130E+01   9.4201E+05  0.0018
   1.5130E+01   1.5300E+01   3.5324E+06  0.0009
   1.5300E+01   1.5470E+01   3.9641E+06  0.0009
   1.5470E+01   1.5640E+01   1.0567E+06  0.0017
   1.5640E+01   1.5810E+01   4.7554E+04  0.0081
   1.5810E+01   1.5980E+01   1.7164E+02  0.1348
   1.5980E+01   1.6150E+01   0.0000E+00  0.0000
   1.6150E+01   1.6320E+01   0.0000E+00  0.0000
   1.6320E+01   1.6490E+01   0.0000E+00  0.0000
   1.6490E+01   1.6660E+01   0.0000E+00  0.0000
   1.6660E+01   1.6830E+01   0.0000E+00  0.0000
   1.6830E+01   1.7000E+01   0.0000E+00  0.0000

#   sum over                 4.5489E+07  0.0003
'no. =    4   reg = ( 20001 < 20006 ) - ( 20003 < 20006 )'
msuc: {\huge Proton response in air channel}
msdr: {\it plotted by \ANGEL \version}
msdl: {\it calculated by \PHITS  3.36}
wt: s(0.7)
\vspace{-3}
  region surface crossing
  area  &=&   1.0000E+00 [cm^2]
e:

#------------------------------------------------------------------------------
 newpage:
#   no. =    5   reg = ( 20002 < 20007 ) - ( 20003 < 20007 )

x: Energy [MeV/n]
y:  F-Curr [1/cm^2/source]                 
p: xlin ylog afac(0.8) form(0.9)
h: n            x            y(proton  ),hh0l n 
#  e-lower      e-upper        proton    r.err 
   0.0000E+00   1.7000E-01   0.0000E+00  0.0000
   1.7000E-01   3.4000E-01   0.0000E+00  0.0000
   3.4000E-01   5.1000E-01   0.0000E+00  0.0000
   5.1000E-01   6.8000E-01   3.1207E+00  1.0000
   6.8000E-01   8.5000E-01   0.0000E+00  0.0000
   8.5000E-01   1.0200E+00   0.0000E+00  0.0000
   1.0200E+00   1.1900E+00   0.0000E+00  0.0000
   1.1900E+00   1.3600E+00   0.0000E+00  0.0000
   1.3600E+00   1.5300E+00   0.0000E+00  0.0000
   1.5300E+00   1.7000E+00   0.0000E+00  0.0000
   1.7000E+00   1.8700E+00   0.0000E+00  0.0000
   1.8700E+00   2.0400E+00   0.0000E+00  0.0000
   2.0400E+00   2.2100E+00   0.0000E+00  0.0000
   2.2100E+00   2.3800E+00   0.0000E+00  0.0000
   2.3800E+00   2.5500E+00   0.0000E+00  0.0000
   2.5500E+00   2.7200E+00   0.0000E+00  0.0000
   2.7200E+00   2.8900E+00   3.1207E+00  1.0000
   2.8900E+00   3.0600E+00   0.0000E+00  0.0000
   3.0600E+00   3.2300E+00   0.0000E+00  0.0000
   3.2300E+00   3.4000E+00   0.0000E+00  0.0000
   3.4000E+00   3.5700E+00   0.0000E+00  0.0000
   3.5700E+00   3.7400E+00   0.0000E+00  0.0000
   3.7400E+00   3.9100E+00   0.0000E+00  0.0000
   3.9100E+00   4.0800E+00   0.0000E+00  0.0000
   4.0800E+00   4.2500E+00   0.0000E+00  0.0000
   4.2500E+00   4.4200E+00   0.0000E+00  0.0000
   4.4200E+00   4.5900E+00   0.0000E+00  0.0000
   4.5900E+00   4.7600E+00   0.0000E+00  0.0000
   4.7600E+00   4.9300E+00   0.0000E+00  0.0000
   4.9300E+00   5.1000E+00   0.0000E+00  0.0000
   5.1000E+00   5.2700E+00   0.0000E+00  0.0000
   5.2700E+00   5.4400E+00   0.0000E+00  0.0000
   5.4400E+00   5.6100E+00   6.2415E+00  0.7071
   5.6100E+00   5.7800E+00   3.1207E+00  1.0000
   5.7800E+00   5.9500E+00   3.1207E+00  1.0000
   5.9500E+00   6.1200E+00   6.2415E+00  0.7071
   6.1200E+00   6.2900E+00   3.1207E+00  1.0000
   6.2900E+00   6.4600E+00   3.1207E+00  1.0000
   6.4600E+00   6.6300E+00   9.3622E+00  0.5774
   6.6300E+00   6.8000E+00   1.2483E+01  0.5000
   6.8000E+00   6.9700E+00   4.9932E+01  0.2500
   6.9700E+00   7.1400E+00   1.4667E+02  0.1459
   7.1400E+00   7.3100E+00   2.4030E+02  0.1140
   7.3100E+00   7.4800E+00   2.1221E+02  0.1213
   7.4800E+00   7.6500E+00   1.8412E+02  0.1302
   7.6500E+00   7.8200E+00   1.2795E+02  0.1562
   7.8200E+00   7.9900E+00   5.3053E+01  0.2425
   7.9900E+00   8.1600E+00   3.1207E+01  0.3162
   8.1600E+00   8.3300E+00   3.4328E+01  0.3015
   8.3300E+00   8.5000E+00   1.5292E+02  0.1429
   8.5000E+00   8.6700E+00   1.7476E+02  0.1336
   8.6700E+00   8.8400E+00   2.3718E+02  0.1147
   8.8400E+00   9.0100E+00   1.3731E+02  0.1508
   9.0100E+00   9.1800E+00   5.6173E+01  0.2357
   9.1800E+00   9.3500E+00   2.1845E+01  0.3780
   9.3500E+00   9.5200E+00   6.8656E+01  0.2132
   9.5200E+00   9.6900E+00   1.4355E+02  0.1474
   9.6900E+00   9.8600E+00   2.2781E+02  0.1170
   9.8600E+00   1.0030E+01   1.9661E+02  0.1260
   1.0030E+01   1.0200E+01   1.1547E+02  0.1644
   1.0200E+01   1.0370E+01   4.6811E+01  0.2582
   1.0370E+01   1.0540E+01   2.8087E+01  0.3333
   1.0540E+01   1.0710E+01   6.8656E+01  0.2132
   1.0710E+01   1.0880E+01   1.4043E+02  0.1491
   1.0880E+01   1.1050E+01   2.0285E+02  0.1240
   1.1050E+01   1.1220E+01   9.9864E+01  0.1768
   1.1220E+01   1.1390E+01   4.9932E+01  0.2500
   1.1390E+01   1.1560E+01   3.7449E+01  0.2887
   1.1560E+01   1.1730E+01   6.5536E+01  0.2182
   1.1730E+01   1.1900E+01   1.5292E+02  0.1429
   1.1900E+01   1.2070E+01   1.4667E+02  0.1459
   1.2070E+01   1.2240E+01   6.5536E+01  0.2182
   1.2240E+01   1.2410E+01   2.4966E+01  0.3536
   1.2410E+01   1.2580E+01   4.6811E+01  0.2582
   1.2580E+01   1.2750E+01   9.9864E+01  0.1768
   1.2750E+01   1.2920E+01   1.6228E+02  0.1387
   1.2920E+01   1.3090E+01   8.7381E+01  0.1890
   1.3090E+01   1.3260E+01   2.4966E+01  0.3536
   1.3260E+01   1.3430E+01   2.4966E+01  0.3536
   1.3430E+01   1.3600E+01   9.0501E+01  0.1857
   1.3600E+01   1.3770E+01   1.0298E+02  0.1741
   1.3770E+01   1.3940E+01   7.1777E+01  0.2085
   1.3940E+01   1.4110E+01   2.1845E+01  0.3780
   1.4110E+01   1.4280E+01   4.0570E+01  0.2774
   1.4280E+01   1.4450E+01   1.1859E+02  0.1622
   1.4450E+01   1.4620E+01   1.3419E+02  0.1525
   1.4620E+01   1.4790E+01   7.4898E+01  0.2041
   1.4790E+01   1.4960E+01   2.4966E+01  0.3536
   1.4960E+01   1.5130E+01   8.1139E+01  0.1961
   1.5130E+01   1.5300E+01   2.1533E+02  0.1204
   1.5300E+01   1.5470E+01   1.9973E+02  0.1250
   1.5470E+01   1.5640E+01   7.1777E+01  0.2085
   1.5640E+01   1.5810E+01   6.2415E+00  0.7071
   1.5810E+01   1.5980E+01   0.0000E+00  0.0000
   1.5980E+01   1.6150E+01   0.0000E+00  0.0000
   1.6150E+01   1.6320E+01   0.0000E+00  0.0000
   1.6320E+01   1.6490E+01   0.0000E+00  0.0000
   1.6490E+01   1.6660E+01   0.0000E+00  0.0000
   1.6660E+01   1.6830E+01   0.0000E+00  0.0000
   1.6830E+01   1.7000E+01   0.0000E+00  0.0000

#   sum over                 5.4956E+03  0.0238
'no. =    5   reg = ( 20002 < 20007 ) - ( 20003 < 20007 )'
msuc: {\huge Proton response in air channel}
msdr: {\it plotted by \ANGEL \version}
msdl: {\it calculated by \PHITS  3.36}
wt: s(0.7)
\vspace{-3}
  region surface crossing
  area  &=&   1.0000E+00 [cm^2]
e:

#------------------------------------------------------------------------------
 newpage:
#   no. =    6   reg = ( 20001 < 20007 ) - ( 20003 < 20007 )

x: Energy [MeV/n]
y:  F-Curr [1/cm^2/source]                 
p: xlin ylog afac(0.8) form(0.9)
h: n            x            y(proton  ),hh0l n 
#  e-lower      e-upper        proton    r.err 
   0.0000E+00   1.7000E-01   7.4898E+01  0.2041
   1.7000E-01   3.4000E-01   1.0611E+02  0.1715
   3.4000E-01   5.1000E-01   1.3107E+02  0.1543
   5.1000E-01   6.8000E-01   1.2171E+02  0.1601
   6.8000E-01   8.5000E-01   1.5292E+02  0.1429
   8.5000E-01   1.0200E+00   1.5916E+02  0.1400
   1.0200E+00   1.1900E+00   2.0597E+02  0.1231
   1.1900E+00   1.3600E+00   2.1221E+02  0.1213
   1.3600E+00   1.5300E+00   2.8087E+02  0.1054
   1.5300E+00   1.7000E+00   2.8711E+02  0.1043
   1.7000E+00   1.8700E+00   2.7775E+02  0.1060
   1.8700E+00   2.0400E+00   3.3392E+02  0.0967
   2.0400E+00   2.2100E+00   2.7775E+02  0.1060
   2.2100E+00   2.3800E+00   3.4328E+02  0.0953
   2.3800E+00   2.5500E+00   3.4952E+02  0.0945
   2.5500E+00   2.7200E+00   3.2768E+02  0.0976
   2.7200E+00   2.8900E+00   3.0895E+02  0.1005
   2.8900E+00   3.0600E+00   3.9633E+02  0.0887
   3.0600E+00   3.2300E+00   3.8385E+02  0.0902
   3.2300E+00   3.4000E+00   3.3704E+02  0.0962
   3.4000E+00   3.5700E+00   4.0258E+02  0.0880
   3.5700E+00   3.7400E+00   3.8073E+02  0.0905
   3.7400E+00   3.9100E+00   4.7123E+02  0.0814
   3.9100E+00   4.0800E+00   3.6825E+02  0.0921
   4.0800E+00   4.2500E+00   4.0258E+02  0.0880
   4.2500E+00   4.4200E+00   4.5251E+02  0.0830
   4.4200E+00   4.5900E+00   4.8996E+02  0.0798
   4.5900E+00   4.7600E+00   5.1180E+02  0.0781
   4.7600E+00   4.9300E+00   6.8344E+02  0.0676
   4.9300E+00   5.1000E+00   9.9864E+02  0.0559
   5.1000E+00   5.2700E+00   1.6883E+03  0.0430
   5.2700E+00   5.4400E+00   2.4155E+03  0.0359
   5.4400E+00   5.6100E+00   3.4078E+03  0.0303
   5.6100E+00   5.7800E+00   3.8853E+03  0.0283
   5.7800E+00   5.9500E+00   4.0320E+03  0.0278
   5.9500E+00   6.1200E+00   3.9415E+03  0.0281
   6.1200E+00   6.2900E+00   3.3798E+03  0.0304
   6.2900E+00   6.4600E+00   3.7449E+03  0.0289
   6.4600E+00   6.6300E+00   7.2495E+03  0.0207
   6.6300E+00   6.8000E+00   1.9754E+04  0.0126
   6.8000E+00   6.9700E+00   5.3362E+04  0.0076
   6.9700E+00   7.1400E+00   1.1633E+05  0.0052
   7.1400E+00   7.3100E+00   1.9409E+05  0.0040
   7.3100E+00   7.4800E+00   2.3483E+05  0.0036
   7.4800E+00   7.6500E+00   2.0167E+05  0.0039
   7.6500E+00   7.8200E+00   1.2076E+05  0.0051
   7.8200E+00   7.9900E+00   5.1461E+04  0.0078
   7.9900E+00   8.1600E+00   2.7937E+04  0.0106
   8.1600E+00   8.3300E+00   5.0537E+04  0.0079
   8.3300E+00   8.5000E+00   1.1426E+05  0.0052
   8.5000E+00   8.6700E+00   1.8910E+05  0.0041
   8.6700E+00   8.8400E+00   2.1192E+05  0.0038
   8.8400E+00   9.0100E+00   1.5061E+05  0.0046
   9.0100E+00   9.1800E+00   6.9365E+04  0.0067
   9.1800E+00   9.3500E+00   3.0399E+04  0.0101
   9.3500E+00   9.5200E+00   5.0715E+04  0.0078
   9.5200E+00   9.6900E+00   1.2482E+05  0.0050
   9.6900E+00   9.8600E+00   2.1566E+05  0.0038
   9.8600E+00   1.0030E+01   2.2541E+05  0.0037
   1.0030E+01   1.0200E+01   1.3821E+05  0.0048
   1.0200E+01   1.0370E+01   5.0194E+04  0.0079
   1.0370E+01   1.0540E+01   3.1338E+04  0.0100
   1.0540E+01   1.0710E+01   7.9532E+04  0.0063
   1.0710E+01   1.0880E+01   1.6973E+05  0.0043
   1.0880E+01   1.1050E+01   2.0591E+05  0.0039
   1.1050E+01   1.1220E+01   1.3132E+05  0.0049
   1.1220E+01   1.1390E+01   4.5560E+04  0.0083
   1.1390E+01   1.1560E+01   2.8196E+04  0.0105
   1.1560E+01   1.1730E+01   8.1913E+04  0.0062
   1.1730E+01   1.1900E+01   1.6286E+05  0.0044
   1.1900E+01   1.2070E+01   1.6727E+05  0.0043
   1.2070E+01   1.2240E+01   8.0184E+04  0.0062
   1.2240E+01   1.2410E+01   2.5350E+04  0.0111
   1.2410E+01   1.2580E+01   4.8874E+04  0.0080
   1.2580E+01   1.2750E+01   1.3641E+05  0.0048
   1.2750E+01   1.2920E+01   1.8546E+05  0.0041
   1.2920E+01   1.3090E+01   1.0861E+05  0.0054
   1.3090E+01   1.3260E+01   2.9997E+04  0.0102
   1.3260E+01   1.3430E+01   3.5938E+04  0.0093
   1.3430E+01   1.3600E+01   1.1990E+05  0.0051
   1.3600E+01   1.3770E+01   1.8604E+05  0.0041
   1.3770E+01   1.3940E+01   1.1189E+05  0.0053
   1.3940E+01   1.4110E+01   2.8542E+04  0.0105
   1.4110E+01   1.4280E+01   3.9496E+04  0.0089
   1.4280E+01   1.4450E+01   1.4241E+05  0.0047
   1.4450E+01   1.4620E+01   2.0706E+05  0.0039
   1.4620E+01   1.4790E+01   1.0140E+05  0.0055
   1.4790E+01   1.4960E+01   2.4517E+04  0.0113
   1.4960E+01   1.5130E+01   8.4962E+04  0.0061
   1.5130E+01   1.5300E+01   2.8979E+05  0.0033
   1.5300E+01   1.5470E+01   2.9613E+05  0.0032
   1.5470E+01   1.5640E+01   7.1147E+04  0.0066
   1.5640E+01   1.5810E+01   2.8336E+03  0.0332
   1.5810E+01   1.5980E+01   3.1207E+00  1.0000
   1.5980E+01   1.6150E+01   0.0000E+00  0.0000
   1.6150E+01   1.6320E+01   0.0000E+00  0.0000
   1.6320E+01   1.6490E+01   0.0000E+00  0.0000
   1.6490E+01   1.6660E+01   0.0000E+00  0.0000
   1.6660E+01   1.6830E+01   0.0000E+00  0.0000
   1.6830E+01   1.7000E+01   0.0000E+00  0.0000

#   sum over                 6.1459E+06  0.0007
'no. =    6   reg = ( 20001 < 20007 ) - ( 20003 < 20007 )'
msuc: {\huge Proton response in air channel}
msdr: {\it plotted by \ANGEL \version}
msdl: {\it calculated by \PHITS  3.36}
wt: s(0.7)
\vspace{-3}
  region surface crossing
  area  &=&   1.0000E+00 [cm^2]
e:

#------------------------------------------------------------------------------
 newpage:
#   no. =    7   reg = ( 20002 < 20008 ) - ( 20003 < 20008 )

x: Energy [MeV/n]
y:  F-Curr [1/cm^2/source]                 
p: xlin ylog afac(0.8) form(0.9)
h: n            x            y(proton  ),hh0l n 
#  e-lower      e-upper        proton    r.err 
   0.0000E+00   1.7000E-01   3.1207E+00  1.0000
   1.7000E-01   3.4000E-01   0.0000E+00  0.0000
   3.4000E-01   5.1000E-01   0.0000E+00  0.0000
   5.1000E-01   6.8000E-01   0.0000E+00  0.0000
   6.8000E-01   8.5000E-01   0.0000E+00  0.0000
   8.5000E-01   1.0200E+00   0.0000E+00  0.0000
   1.0200E+00   1.1900E+00   0.0000E+00  0.0000
   1.1900E+00   1.3600E+00   0.0000E+00  0.0000
   1.3600E+00   1.5300E+00   0.0000E+00  0.0000
   1.5300E+00   1.7000E+00   0.0000E+00  0.0000
   1.7000E+00   1.8700E+00   0.0000E+00  0.0000
   1.8700E+00   2.0400E+00   0.0000E+00  0.0000
   2.0400E+00   2.2100E+00   0.0000E+00  0.0000
   2.2100E+00   2.3800E+00   0.0000E+00  0.0000
   2.3800E+00   2.5500E+00   0.0000E+00  0.0000
   2.5500E+00   2.7200E+00   0.0000E+00  0.0000
   2.7200E+00   2.8900E+00   0.0000E+00  0.0000
   2.8900E+00   3.0600E+00   0.0000E+00  0.0000
   3.0600E+00   3.2300E+00   0.0000E+00  0.0000
   3.2300E+00   3.4000E+00   0.0000E+00  0.0000
   3.4000E+00   3.5700E+00   6.2415E+00  0.7071
   3.5700E+00   3.7400E+00   3.1207E+00  1.0000
   3.7400E+00   3.9100E+00   0.0000E+00  0.0000
   3.9100E+00   4.0800E+00   3.1207E+00  1.0000
   4.0800E+00   4.2500E+00   0.0000E+00  0.0000
   4.2500E+00   4.4200E+00   0.0000E+00  0.0000
   4.4200E+00   4.5900E+00   0.0000E+00  0.0000
   4.5900E+00   4.7600E+00   0.0000E+00  0.0000
   4.7600E+00   4.9300E+00   0.0000E+00  0.0000
   4.9300E+00   5.1000E+00   0.0000E+00  0.0000
   5.1000E+00   5.2700E+00   1.2483E+01  0.5000
   5.2700E+00   5.4400E+00   9.3622E+00  0.5774
   5.4400E+00   5.6100E+00   6.2415E+00  0.7071
   5.6100E+00   5.7800E+00   1.8724E+01  0.4082
   5.7800E+00   5.9500E+00   6.2415E+00  0.7071
   5.9500E+00   6.1200E+00   6.2415E+00  0.7071
   6.1200E+00   6.2900E+00   6.2415E+00  0.7071
   6.2900E+00   6.4600E+00   1.5604E+01  0.4472
   6.4600E+00   6.6300E+00   9.3622E+00  0.5774
   6.6300E+00   6.8000E+00   5.3053E+01  0.2425
   6.8000E+00   6.9700E+00   1.2795E+02  0.1562
   6.9700E+00   7.1400E+00   2.9647E+02  0.1026
   7.1400E+00   7.3100E+00   4.8059E+02  0.0806
   7.3100E+00   7.4800E+00   5.9606E+02  0.0724
   7.4800E+00   7.6500E+00   4.8059E+02  0.0806
   7.6500E+00   7.8200E+00   3.9321E+02  0.0891
   7.8200E+00   7.9900E+00   1.1859E+02  0.1622
   7.9900E+00   8.1600E+00   6.5536E+01  0.2182
   8.1600E+00   8.3300E+00   1.1547E+02  0.1644
   8.3300E+00   8.5000E+00   3.1832E+02  0.0990
   8.5000E+00   8.6700E+00   5.6485E+02  0.0743
   8.6700E+00   8.8400E+00   6.9280E+02  0.0671
   8.8400E+00   9.0100E+00   3.7449E+02  0.0913
   9.0100E+00   9.1800E+00   2.3718E+02  0.1147
   9.1800E+00   9.3500E+00   9.3622E+01  0.1826
   9.3500E+00   9.5200E+00   1.2171E+02  0.1601
   9.5200E+00   9.6900E+00   3.7761E+02  0.0909
   9.6900E+00   9.8600E+00   6.5536E+02  0.0690
   9.8600E+00   1.0030E+01   5.9294E+02  0.0725
   1.0030E+01   1.0200E+01   4.5251E+02  0.0830
   1.0200E+01   1.0370E+01   1.7476E+02  0.1336
   1.0370E+01   1.0540E+01   1.1547E+02  0.1644
   1.0540E+01   1.0710E+01   2.3718E+02  0.1147
   1.0710E+01   1.0880E+01   5.1804E+02  0.0776
   1.0880E+01   1.1050E+01   7.1465E+02  0.0661
   1.1050E+01   1.1220E+01   4.5563E+02  0.0828
   1.1220E+01   1.1390E+01   1.5916E+02  0.1400
   1.1390E+01   1.1560E+01   6.8656E+01  0.2132
   1.1560E+01   1.1730E+01   3.1519E+02  0.0995
   1.1730E+01   1.1900E+01   5.7734E+02  0.0735
   1.1900E+01   1.2070E+01   4.8371E+02  0.0803
   1.2070E+01   1.2240E+01   2.7462E+02  0.1066
   1.2240E+01   1.2410E+01   1.0298E+02  0.1741
   1.2410E+01   1.2580E+01   1.5604E+02  0.1414
   1.2580E+01   1.2750E+01   5.3365E+02  0.0765
   1.2750E+01   1.2920E+01   7.1153E+02  0.0662
   1.2920E+01   1.3090E+01   3.6825E+02  0.0921
   1.3090E+01   1.3260E+01   7.4898E+01  0.2041
   1.3260E+01   1.3430E+01   1.3731E+02  0.1508
   1.3430E+01   1.3600E+01   4.7435E+02  0.0811
   1.3600E+01   1.3770E+01   6.7096E+02  0.0682
   1.3770E+01   1.3940E+01   3.5888E+02  0.0933
   1.3940E+01   1.4110E+01   9.3622E+01  0.1826
   1.4110E+01   1.4280E+01   1.4667E+02  0.1459
   1.4280E+01   1.4450E+01   5.1180E+02  0.0781
   1.4450E+01   1.4620E+01   6.7408E+02  0.0680
   1.4620E+01   1.4790E+01   3.6513E+02  0.0925
   1.4790E+01   1.4960E+01   8.7381E+01  0.1890
   1.4960E+01   1.5130E+01   3.9009E+02  0.0894
   1.5130E+01   1.5300E+01   1.2577E+03  0.0498
   1.5300E+01   1.5470E+01   1.3638E+03  0.0478
   1.5470E+01   1.5640E+01   3.2456E+02  0.0981
   1.5640E+01   1.5810E+01   2.1845E+01  0.3780
   1.5810E+01   1.5980E+01   0.0000E+00  0.0000
   1.5980E+01   1.6150E+01   0.0000E+00  0.0000
   1.6150E+01   1.6320E+01   0.0000E+00  0.0000
   1.6320E+01   1.6490E+01   0.0000E+00  0.0000
   1.6490E+01   1.6660E+01   0.0000E+00  0.0000
   1.6660E+01   1.6830E+01   0.0000E+00  0.0000
   1.6830E+01   1.7000E+01   0.0000E+00  0.0000

#   sum over                 2.0235E+04  0.0124
'no. =    7   reg = ( 20002 < 20008 ) - ( 20003 < 20008 )'
msuc: {\huge Proton response in air channel}
msdr: {\it plotted by \ANGEL \version}
msdl: {\it calculated by \PHITS  3.36}
wt: s(0.7)
\vspace{-3}
  region surface crossing
  area  &=&   1.0000E+00 [cm^2]
e:

#------------------------------------------------------------------------------
 newpage:
#   no. =    8   reg = ( 20001 < 20008 ) - ( 20003 < 20008 )

x: Energy [MeV/n]
y:  F-Curr [1/cm^2/source]                 
p: xlin ylog afac(0.8) form(0.9)
h: n            x            y(proton  ),hh0l n 
#  e-lower      e-upper        proton    r.err 
   0.0000E+00   1.7000E-01   1.5292E+02  0.1429
   1.7000E-01   3.4000E-01   1.6228E+02  0.1387
   3.4000E-01   5.1000E-01   2.0909E+02  0.1222
   5.1000E-01   6.8000E-01   2.1221E+02  0.1213
   6.8000E-01   8.5000E-01   2.7150E+02  0.1072
   8.5000E-01   1.0200E+00   3.4328E+02  0.0953
   1.0200E+00   1.1900E+00   3.8697E+02  0.0898
   1.1900E+00   1.3600E+00   3.8385E+02  0.0902
   1.3600E+00   1.5300E+00   4.4939E+02  0.0833
   1.5300E+00   1.7000E+00   5.0244E+02  0.0788
   1.7000E+00   1.8700E+00   5.3053E+02  0.0767
   1.8700E+00   2.0400E+00   5.1804E+02  0.0776
   2.0400E+00   2.2100E+00   5.4613E+02  0.0756
   2.2100E+00   2.3800E+00   5.4613E+02  0.0756
   2.3800E+00   2.5500E+00   5.8670E+02  0.0729
   2.5500E+00   2.7200E+00   5.8982E+02  0.0727
   2.7200E+00   2.8900E+00   5.6485E+02  0.0743
   2.8900E+00   3.0600E+00   6.8032E+02  0.0677
   3.0600E+00   3.2300E+00   6.4599E+02  0.0695
   3.2300E+00   3.4000E+00   7.0529E+02  0.0665
   3.4000E+00   3.5700E+00   7.8955E+02  0.0629
   3.5700E+00   3.7400E+00   7.3961E+02  0.0650
   3.7400E+00   3.9100E+00   7.2713E+02  0.0655
   3.9100E+00   4.0800E+00   8.0515E+02  0.0623
   4.0800E+00   4.2500E+00   8.0203E+02  0.0624
   4.2500E+00   4.4200E+00   8.3636E+02  0.0611
   4.4200E+00   4.5900E+00   8.3012E+02  0.0613
   4.5900E+00   4.7600E+00   1.0049E+03  0.0557
   4.7600E+00   4.9300E+00   1.3544E+03  0.0480
   4.9300E+00   5.1000E+00   1.9536E+03  0.0400
   5.1000E+00   5.2700E+00   2.7494E+03  0.0337
   5.2700E+00   5.4400E+00   4.4471E+03  0.0265
   5.4400E+00   5.6100E+00   6.0480E+03  0.0227
   5.6100E+00   5.7800E+00   7.5023E+03  0.0204
   5.7800E+00   5.9500E+00   7.9298E+03  0.0198
   5.9500E+00   6.1200E+00   7.5459E+03  0.0203
   6.1200E+00   6.2900E+00   6.7533E+03  0.0215
   6.2900E+00   6.4600E+00   7.3119E+03  0.0207
   6.4600E+00   6.6300E+00   1.4440E+04  0.0147
   6.6300E+00   6.8000E+00   4.0891E+04  0.0087
   6.8000E+00   6.9700E+00   1.1539E+05  0.0052
   6.9700E+00   7.1400E+00   2.6235E+05  0.0034
   7.1400E+00   7.3100E+00   4.4769E+05  0.0026
   7.3100E+00   7.4800E+00   5.6529E+05  0.0023
   7.4800E+00   7.6500E+00   5.0038E+05  0.0025
   7.6500E+00   7.8200E+00   3.1183E+05  0.0032
   7.8200E+00   7.9900E+00   1.3956E+05  0.0047
   7.9900E+00   8.1600E+00   7.1615E+04  0.0066
   8.1600E+00   8.3300E+00   1.2254E+05  0.0050
   8.3300E+00   8.5000E+00   2.8102E+05  0.0033
   8.5000E+00   8.6700E+00   4.8508E+05  0.0025
   8.6700E+00   8.8400E+00   5.6278E+05  0.0024
   8.8400E+00   9.0100E+00   4.1929E+05  0.0027
   9.0100E+00   9.1800E+00   2.0200E+05  0.0039
   9.1800E+00   9.3500E+00   8.6267E+04  0.0060
   9.3500E+00   9.5200E+00   1.3346E+05  0.0048
   9.5200E+00   9.6900E+00   3.4047E+05  0.0030
   9.6900E+00   9.8600E+00   6.0787E+05  0.0023
   9.8600E+00   1.0030E+01   6.6441E+05  0.0022
   1.0030E+01   1.0200E+01   4.2276E+05  0.0027
   1.0200E+01   1.0370E+01   1.6216E+05  0.0044
   1.0370E+01   1.0540E+01   9.3126E+04  0.0058
   1.0540E+01   1.0710E+01   2.3397E+05  0.0037
   1.0710E+01   1.0880E+01   5.1418E+05  0.0025
   1.0880E+01   1.1050E+01   6.5046E+05  0.0022
   1.1050E+01   1.1220E+01   4.3745E+05  0.0027
   1.1220E+01   1.1390E+01   1.5608E+05  0.0045
   1.1390E+01   1.1560E+01   9.0486E+04  0.0059
   1.1560E+01   1.1730E+01   2.5686E+05  0.0035
   1.1730E+01   1.1900E+01   5.3760E+05  0.0024
   1.1900E+01   1.2070E+01   5.7312E+05  0.0023
   1.2070E+01   1.2240E+01   2.8881E+05  0.0033
   1.2240E+01   1.2410E+01   9.0867E+04  0.0059
   1.2410E+01   1.2580E+01   1.6418E+05  0.0044
   1.2580E+01   1.2750E+01   4.7164E+05  0.0026
   1.2750E+01   1.2920E+01   6.7202E+05  0.0022
   1.2920E+01   1.3090E+01   4.1351E+05  0.0027
   1.3090E+01   1.3260E+01   1.1580E+05  0.0052
   1.3260E+01   1.3430E+01   1.2556E+05  0.0050
   1.3430E+01   1.3600E+01   4.3429E+05  0.0027
   1.3600E+01   1.3770E+01   7.1272E+05  0.0021
   1.3770E+01   1.3940E+01   4.5389E+05  0.0026
   1.3940E+01   1.4110E+01   1.1432E+05  0.0052
   1.4110E+01   1.4280E+01   1.3817E+05  0.0048
   1.4280E+01   1.4450E+01   5.3714E+05  0.0024
   1.4450E+01   1.4620E+01   8.3845E+05  0.0019
   1.4620E+01   1.4790E+01   4.2489E+05  0.0027
   1.4790E+01   1.4960E+01   9.4677E+04  0.0057
   1.4960E+01   1.5130E+01   3.4417E+05  0.0030
   1.5130E+01   1.5300E+01   1.2691E+06  0.0016
   1.5300E+01   1.5470E+01   1.3726E+06  0.0015
   1.5470E+01   1.5640E+01   3.4876E+05  0.0030
   1.5640E+01   1.5810E+01   1.5011E+04  0.0144
   1.5810E+01   1.5980E+01   7.4898E+01  0.2041
   1.5980E+01   1.6150E+01   0.0000E+00  0.0000
   1.6150E+01   1.6320E+01   0.0000E+00  0.0000
   1.6320E+01   1.6490E+01   0.0000E+00  0.0000
   1.6490E+01   1.6660E+01   0.0000E+00  0.0000
   1.6660E+01   1.6830E+01   0.0000E+00  0.0000
   1.6830E+01   1.7000E+01   0.0000E+00  0.0000

#   sum over                 2.0013E+07  0.0004
'no. =    8   reg = ( 20001 < 20008 ) - ( 20003 < 20008 )'
msuc: {\huge Proton response in air channel}
msdr: {\it plotted by \ANGEL \version}
msdl: {\it calculated by \PHITS  3.36}
wt: s(0.7)
\vspace{-3}
  region surface crossing
  area  &=&   1.0000E+00 [cm^2]
e:

#------------------------------------------------------------------------------
 newpage:
#   no. =    9   reg = ( 20002 < 20009 ) - ( 20003 < 20009 )

x: Energy [MeV/n]
y:  F-Curr [1/cm^2/source]                 
p: xlin ylog afac(0.8) form(0.9)
h: n            x            y(proton  ),hh0l n 
#  e-lower      e-upper        proton    r.err 
   0.0000E+00   1.7000E-01   0.0000E+00  0.0000
   1.7000E-01   3.4000E-01   0.0000E+00  0.0000
   3.4000E-01   5.1000E-01   0.0000E+00  0.0000
   5.1000E-01   6.8000E-01   0.0000E+00  0.0000
   6.8000E-01   8.5000E-01   0.0000E+00  0.0000
   8.5000E-01   1.0200E+00   0.0000E+00  0.0000
   1.0200E+00   1.1900E+00   0.0000E+00  0.0000
   1.1900E+00   1.3600E+00   0.0000E+00  0.0000
   1.3600E+00   1.5300E+00   0.0000E+00  0.0000
   1.5300E+00   1.7000E+00   0.0000E+00  0.0000
   1.7000E+00   1.8700E+00   0.0000E+00  0.0000
   1.8700E+00   2.0400E+00   0.0000E+00  0.0000
   2.0400E+00   2.2100E+00   0.0000E+00  0.0000
   2.2100E+00   2.3800E+00   0.0000E+00  0.0000
   2.3800E+00   2.5500E+00   0.0000E+00  0.0000
   2.5500E+00   2.7200E+00   0.0000E+00  0.0000
   2.7200E+00   2.8900E+00   0.0000E+00  0.0000
   2.8900E+00   3.0600E+00   3.1207E+00  1.0000
   3.0600E+00   3.2300E+00   0.0000E+00  0.0000
   3.2300E+00   3.4000E+00   0.0000E+00  0.0000
   3.4000E+00   3.5700E+00   0.0000E+00  0.0000
   3.5700E+00   3.7400E+00   0.0000E+00  0.0000
   3.7400E+00   3.9100E+00   0.0000E+00  0.0000
   3.9100E+00   4.0800E+00   3.1207E+00  1.0000
   4.0800E+00   4.2500E+00   0.0000E+00  0.0000
   4.2500E+00   4.4200E+00   3.1207E+00  1.0000
   4.4200E+00   4.5900E+00   0.0000E+00  0.0000
   4.5900E+00   4.7600E+00   0.0000E+00  0.0000
   4.7600E+00   4.9300E+00   3.1207E+00  1.0000
   4.9300E+00   5.1000E+00   0.0000E+00  0.0000
   5.1000E+00   5.2700E+00   3.1207E+00  1.0000
   5.2700E+00   5.4400E+00   6.2415E+00  0.7071
   5.4400E+00   5.6100E+00   6.2415E+00  0.7071
   5.6100E+00   5.7800E+00   9.3622E+00  0.5774
   5.7800E+00   5.9500E+00   3.1207E+00  1.0000
   5.9500E+00   6.1200E+00   9.3622E+00  0.5774
   6.1200E+00   6.2900E+00   6.2415E+00  0.7071
   6.2900E+00   6.4600E+00   6.2415E+00  0.7071
   6.4600E+00   6.6300E+00   9.3622E+00  0.5774
   6.6300E+00   6.8000E+00   2.4966E+01  0.3536
   6.8000E+00   6.9700E+00   6.5536E+01  0.2182
   6.9700E+00   7.1400E+00   1.4667E+02  0.1459
   7.1400E+00   7.3100E+00   2.7150E+02  0.1072
   7.3100E+00   7.4800E+00   2.8399E+02  0.1048
   7.4800E+00   7.6500E+00   2.5278E+02  0.1111
   7.6500E+00   7.8200E+00   1.1547E+02  0.1644
   7.8200E+00   7.9900E+00   4.6811E+01  0.2582
   7.9900E+00   8.1600E+00   4.0570E+01  0.2774
   8.1600E+00   8.3300E+00   4.9932E+01  0.2500
   8.3300E+00   8.5000E+00   1.4667E+02  0.1459
   8.5000E+00   8.6700E+00   2.3406E+02  0.1155
   8.6700E+00   8.8400E+00   2.3406E+02  0.1155
   8.8400E+00   9.0100E+00   1.7788E+02  0.1325
   9.0100E+00   9.1800E+00   6.2415E+01  0.2236
   9.1800E+00   9.3500E+00   4.3690E+01  0.2673
   9.3500E+00   9.5200E+00   3.7449E+01  0.2887
   9.5200E+00   9.6900E+00   1.4355E+02  0.1474
   9.6900E+00   9.8600E+00   2.2469E+02  0.1179
   9.8600E+00   1.0030E+01   2.9023E+02  0.1037
   1.0030E+01   1.0200E+01   1.1235E+02  0.1667
   1.0200E+01   1.0370E+01   8.1139E+01  0.1961
   1.0370E+01   1.0540E+01   3.7449E+01  0.2887
   1.0540E+01   1.0710E+01   9.9864E+01  0.1768
   1.0710E+01   1.0880E+01   1.8100E+02  0.1313
   1.0880E+01   1.1050E+01   2.1221E+02  0.1213
   1.1050E+01   1.1220E+01   1.0923E+02  0.1690
   1.1220E+01   1.1390E+01   4.3690E+01  0.2673
   1.1390E+01   1.1560E+01   2.4966E+01  0.3536
   1.1560E+01   1.1730E+01   6.8656E+01  0.2132
   1.1730E+01   1.1900E+01   1.6228E+02  0.1387
   1.1900E+01   1.2070E+01   1.5916E+02  0.1400
   1.2070E+01   1.2240E+01   7.8018E+01  0.2000
   1.2240E+01   1.2410E+01   2.8087E+01  0.3333
   1.2410E+01   1.2580E+01   1.5604E+01  0.4472
   1.2580E+01   1.2750E+01   1.1547E+02  0.1644
   1.2750E+01   1.2920E+01   2.0285E+02  0.1240
   1.2920E+01   1.3090E+01   1.3107E+02  0.1543
   1.3090E+01   1.3260E+01   2.8087E+01  0.3333
   1.3260E+01   1.3430E+01   3.7449E+01  0.2887
   1.3430E+01   1.3600E+01   1.2483E+02  0.1581
   1.3600E+01   1.3770E+01   1.7476E+02  0.1336
   1.3770E+01   1.3940E+01   9.3622E+01  0.1826
   1.3940E+01   1.4110E+01   1.5604E+01  0.4472
   1.4110E+01   1.4280E+01   2.4966E+01  0.3536
   1.4280E+01   1.4450E+01   1.0923E+02  0.1690
   1.4450E+01   1.4620E+01   1.7164E+02  0.1348
   1.4620E+01   1.4790E+01   9.0501E+01  0.1857
   1.4790E+01   1.4960E+01   3.7449E+01  0.2887
   1.4960E+01   1.5130E+01   8.4260E+01  0.1925
   1.5130E+01   1.5300E+01   2.1533E+02  0.1204
   1.5300E+01   1.5470E+01   2.4966E+02  0.1118
   1.5470E+01   1.5640E+01   5.9294E+01  0.2294
   1.5640E+01   1.5810E+01   0.0000E+00  0.0000
   1.5810E+01   1.5980E+01   0.0000E+00  0.0000
   1.5980E+01   1.6150E+01   0.0000E+00  0.0000
   1.6150E+01   1.6320E+01   0.0000E+00  0.0000
   1.6320E+01   1.6490E+01   0.0000E+00  0.0000
   1.6490E+01   1.6660E+01   0.0000E+00  0.0000
   1.6660E+01   1.6830E+01   0.0000E+00  0.0000
   1.6830E+01   1.7000E+01   0.0000E+00  0.0000

#   sum over                 6.3445E+03  0.0222
'no. =    9   reg = ( 20002 < 20009 ) - ( 20003 < 20009 )'
msuc: {\huge Proton response in air channel}
msdr: {\it plotted by \ANGEL \version}
msdl: {\it calculated by \PHITS  3.36}
wt: s(0.7)
\vspace{-3}
  region surface crossing
  area  &=&   1.0000E+00 [cm^2]
e:

#------------------------------------------------------------------------------
 newpage:
#   no. =   10   reg = ( 20001 < 20009 ) - ( 20003 < 20009 )

x: Energy [MeV/n]
y:  F-Curr [1/cm^2/source]                 
p: xlin ylog afac(0.8) form(0.9)
h: n            x            y(proton  ),hh0l n 
#  e-lower      e-upper        proton    r.err 
   0.0000E+00   1.7000E-01   1.0923E+02  0.1690
   1.7000E-01   3.4000E-01   8.4260E+01  0.1925
   3.4000E-01   5.1000E-01   9.6743E+01  0.1796
   5.1000E-01   6.8000E-01   1.1859E+02  0.1622
   6.8000E-01   8.5000E-01   1.7788E+02  0.1325
   8.5000E-01   1.0200E+00   1.7476E+02  0.1336
   1.0200E+00   1.1900E+00   2.3718E+02  0.1147
   1.1900E+00   1.3600E+00   2.5278E+02  0.1111
   1.3600E+00   1.5300E+00   2.6526E+02  0.1085
   1.5300E+00   1.7000E+00   2.7150E+02  0.1072
   1.7000E+00   1.8700E+00   2.7150E+02  0.1072
   1.8700E+00   2.0400E+00   3.1519E+02  0.0995
   2.0400E+00   2.2100E+00   3.2456E+02  0.0981
   2.2100E+00   2.3800E+00   2.9023E+02  0.1037
   2.3800E+00   2.5500E+00   3.5576E+02  0.0937
   2.5500E+00   2.7200E+00   3.5264E+02  0.0941
   2.7200E+00   2.8900E+00   4.0258E+02  0.0880
   2.8900E+00   3.0600E+00   3.6201E+02  0.0928
   3.0600E+00   3.2300E+00   3.8697E+02  0.0898
   3.2300E+00   3.4000E+00   3.9945E+02  0.0884
   3.4000E+00   3.5700E+00   4.5563E+02  0.0828
   3.5700E+00   3.7400E+00   4.3378E+02  0.0848
   3.7400E+00   3.9100E+00   4.2130E+02  0.0861
   3.9100E+00   4.0800E+00   4.1194E+02  0.0870
   4.0800E+00   4.2500E+00   4.6499E+02  0.0819
   4.2500E+00   4.4200E+00   5.5549E+02  0.0750
   4.4200E+00   4.5900E+00   4.8371E+02  0.0803
   4.5900E+00   4.7600E+00   5.3677E+02  0.0762
   4.7600E+00   4.9300E+00   6.0230E+02  0.0720
   4.9300E+00   5.1000E+00   9.1750E+02  0.0583
   5.1000E+00   5.2700E+00   1.2826E+03  0.0493
   5.2700E+00   5.4400E+00   1.9349E+03  0.0402
   5.4400E+00   5.6100E+00   2.7619E+03  0.0336
   5.6100E+00   5.7800E+00   3.2175E+03  0.0311
   5.7800E+00   5.9500E+00   3.3111E+03  0.0307
   5.9500E+00   6.1200E+00   2.9803E+03  0.0324
   6.1200E+00   6.2900E+00   2.7993E+03  0.0334
   6.2900E+00   6.4600E+00   3.1769E+03  0.0313
   6.4600E+00   6.6300E+00   6.8251E+03  0.0214
   6.6300E+00   6.8000E+00   2.0338E+04  0.0124
   6.8000E+00   6.9700E+00   5.6395E+04  0.0074
   6.9700E+00   7.1400E+00   1.2372E+05  0.0050
   7.1400E+00   7.3100E+00   2.0709E+05  0.0039
   7.3100E+00   7.4800E+00   2.5238E+05  0.0035
   7.4800E+00   7.6500E+00   2.1823E+05  0.0038
   7.6500E+00   7.8200E+00   1.3187E+05  0.0049
   7.8200E+00   7.9900E+00   5.7965E+04  0.0073
   7.9900E+00   8.1600E+00   3.1182E+04  0.0100
   8.1600E+00   8.3300E+00   5.4192E+04  0.0076
   8.3300E+00   8.5000E+00   1.2202E+05  0.0051
   8.5000E+00   8.6700E+00   2.0415E+05  0.0039
   8.6700E+00   8.8400E+00   2.2987E+05  0.0037
   8.8400E+00   9.0100E+00   1.6730E+05  0.0043
   9.0100E+00   9.1800E+00   7.7045E+04  0.0064
   9.1800E+00   9.3500E+00   3.3926E+04  0.0096
   9.3500E+00   9.5200E+00   5.4816E+04  0.0075
   9.5200E+00   9.6900E+00   1.3688E+05  0.0048
   9.6900E+00   9.8600E+00   2.3484E+05  0.0036
   9.8600E+00   1.0030E+01   2.4935E+05  0.0035
   1.0030E+01   1.0200E+01   1.5392E+05  0.0045
   1.0200E+01   1.0370E+01   5.6888E+04  0.0074
   1.0370E+01   1.0540E+01   3.4078E+04  0.0096
   1.0540E+01   1.0710E+01   8.6669E+04  0.0060
   1.0710E+01   1.0880E+01   1.8707E+05  0.0041
   1.0880E+01   1.1050E+01   2.2562E+05  0.0037
   1.1050E+01   1.1220E+01   1.4663E+05  0.0046
   1.1220E+01   1.1390E+01   5.1433E+04  0.0078
   1.1390E+01   1.1560E+01   3.1214E+04  0.0100
   1.1560E+01   1.1730E+01   8.7268E+04  0.0060
   1.1730E+01   1.1900E+01   1.7728E+05  0.0042
   1.1900E+01   1.2070E+01   1.8208E+05  0.0041
   1.2070E+01   1.2240E+01   8.8701E+04  0.0059
   1.2240E+01   1.2410E+01   2.7952E+04  0.0106
   1.2410E+01   1.2580E+01   5.3493E+04  0.0076
   1.2580E+01   1.2750E+01   1.4578E+05  0.0046
   1.2750E+01   1.2920E+01   2.0188E+05  0.0039
   1.2920E+01   1.3090E+01   1.1976E+05  0.0051
   1.3090E+01   1.3260E+01   3.3454E+04  0.0097
   1.3260E+01   1.3430E+01   3.8273E+04  0.0090
   1.3430E+01   1.3600E+01   1.2587E+05  0.0050
   1.3600E+01   1.3770E+01   2.0230E+05  0.0039
   1.3770E+01   1.3940E+01   1.2249E+05  0.0050
   1.3940E+01   1.4110E+01   3.0037E+04  0.0102
   1.4110E+01   1.4280E+01   4.0632E+04  0.0088
   1.4280E+01   1.4450E+01   1.4810E+05  0.0046
   1.4450E+01   1.4620E+01   2.2125E+05  0.0038
   1.4620E+01   1.4790E+01   1.0809E+05  0.0054
   1.4790E+01   1.4960E+01   2.4919E+04  0.0112
   1.4960E+01   1.5130E+01   9.4449E+04  0.0057
   1.5130E+01   1.5300E+01   3.2815E+05  0.0031
   1.5300E+01   1.5470E+01   3.4129E+05  0.0030
   1.5470E+01   1.5640E+01   8.3367E+04  0.0061
   1.5640E+01   1.5810E+01   3.2705E+03  0.0309
   1.5810E+01   1.5980E+01   1.5604E+01  0.4472
   1.5980E+01   1.6150E+01   0.0000E+00  0.0000
   1.6150E+01   1.6320E+01   0.0000E+00  0.0000
   1.6320E+01   1.6490E+01   0.0000E+00  0.0000
   1.6490E+01   1.6660E+01   0.0000E+00  0.0000
   1.6660E+01   1.6830E+01   0.0000E+00  0.0000
   1.6830E+01   1.7000E+01   0.0000E+00  0.0000

#   sum over                 6.7060E+06  0.0007
'no. =   10   reg = ( 20001 < 20009 ) - ( 20003 < 20009 )'
msuc: {\huge Proton response in air channel}
msdr: {\it plotted by \ANGEL \version}
msdl: {\it calculated by \PHITS  3.36}
wt: s(0.7)
\vspace{-3}
  region surface crossing
  area  &=&   1.0000E+00 [cm^2]
e:
 
# Information for Restart Calculation
# This calculation was newly started
# istdev =  2 # 1:Batch variance, 2:History variance
# resc2  = 3.20436999323052807E-01 # Total source weight or Total source weight / maxcas
# resc3  = 2.00000998100000000E+09 # Total history number or Total batch number
# maxcas =       10001 # History / Batch, only used for istdev=1
# bitrseed = 1001001000011111100100111110000001011011100111110000101100101100 # bit data of rseed
