[ T-Deposit ]
    title = Dosis depositada en el hamster de photones protones
     mesh =  reg            # mesh type is region-wise
      reg = 510
   volume                   # combined, lattice or level structure 
   non     reg      vol     # reg definition
    1      510   1.0000E+00 # 510
     unit =    0            # unit is [Gy/source]
   letmat =    0            # (D=0) mat ID for LET, 0:real mat, <0: electron for H2O
  dedxfnc =    0            # (D=0) user defined multiplier, 0(no), 1, 2
 material =  all            # (D=all) number of specific material
   output =  dose           # total deposit energy
  deposit =    0            # (D=0) 0-> total deposit dist, 1-> each process
     axis =   reg           # axis of output
     file = ./out/dosis_pouch_L.out  # file name of output for the above axis
     part =  proton     photon   
# kf/name :  2212       22       
   epsout =    1            # (D=0) generate eps file by ANGEL
   mother =  all            # (D=all) number of specific mother
#    used :        main (  %)        temp (  %)       total (  %)
#  memory :           5 (  0)           0 (  0)           5 (  0)

#------------------------------------------------------------------------------
#newpage:
#   no. =  1

x: Serial Num. of Region
y: Dose [Gy/source]      
p: xlin ylog afac(0.8) form(0.9)
h:   x      n     n          y(proton  ),l3 n   y(photon  ),d4r n   
#  num    reg     volume       proton    r.err      photon    r.err 
    1     510   1.0000E+00   2.7977E-01  0.0009   1.2807E-06  0.0306

#   sum over    1.0000E+00   2.7977E-01  0.0009   1.2807E-06  0.0306

'no. =  1'
msuc: {\huge Dosis depositada en el hamster de photones protones}
msdr: {\it plotted by \ANGEL \version}
msdl: {\it calculated by \PHITS  3.36}
 
# Information for Restart Calculation
# This calculation was newly started
# istdev =  2 # 1:Batch variance, 2:History variance
# resc2  = 7.99726505359516816E-03 # Total source weight or Total source weight / maxcas
# resc3  = 4.99149910000000000E+07 # Total history number or Total batch number
# maxcas =       10001 # History / Batch, only used for istdev=1
# bitrseed = 1101001001110101011011100000110110000101001010110000001101011100 # bit data of rseed
