[ T-Track ]
    title = [t-track] in region mesh
     mesh =  reg            # mesh type is region-wise
      reg = 10000
   volume                   # combined, lattice or level structure 
   non     reg      vol     # reg definition
    1    10000   1.0000E+00 # 10000
   e-type =    1            # e-mesh is given by the below data
       ne =      1          # number of e-mesh points
#    data = ( e(i), i = 1, ne + 1 )
            0.00000E+00  1.00000E+03
     unit =    1            # unit is [1/cm^2/source]
 material =  all            # (D=all) number of specific material
     axis =     reg            # axis of output
     file = ./out/flujo_cilindros.out  # file name of output for the above axis
     part =  proton   
# kf/name :  2212     
    gshow =    1            # 0: no 1:bnd, 2:bnd+mat, 3:bnd+reg 4:bnd+lat 5:bmp style
    resol =    1            # (D=1) resolution of gshow or rshow
    width = 0.5000000       # (D=0.5) width of lines for gshow or rshow
   epsout =    1            # (D=0) generate eps file by ANGEL
#    used :        main (  %)        temp (  %)       total (  %)
#  memory :           8 (  0)           0 (  0)           8 (  0)

#------------------------------------------------------------------------------
#newpage:
#   no. =  1
#  ie =  1
#   e = (   0.0000E+00  -   1.0000E+03  )

x: Serial Num. of Region
y: Flux [1/cm^2/source]              
p: xlin ylog afac(0.8) form(0.9)
h:   x      n     n          y(proton  ),l3 n  
#  num    reg     volume       proton    r.err 
    1   10000   1.0000E+00   6.6764E+04  0.0192

#   sum over    1.0000E+00   6.6764E+04  0.0192

'no. =  1,  ie =  1'
msuc: {\huge [t-track] in region mesh}
msdr: {\it plotted by \ANGEL \version}
msdl: {\it calculated by \PHITS  3.36}
wt: s(0.7)
\vspace{-3}
  emin  &=&   0.0000E+00 [MeV/n]
  emax  &=&   1.0000E+03 [MeV/n]
e:
 
# Information for Restart Calculation
# This calculation was newly started
# istdev =  2 # 1:Batch variance, 2:History variance
# resc2  = 7.99726505359516816E-03 # Total source weight or Total source weight / maxcas
# resc3  = 4.99149910000000000E+07 # Total history number or Total batch number
# maxcas =       10001 # History / Batch, only used for istdev=1
# bitrseed = 1101001001110101011011100000110110000101001010110000001101011100 # bit data of rseed
