[ T-Track ]
    title = [t-track] in xyz mesh
     mesh =  xyz            # mesh type is xyz scoring mesh
   x-type =    2            # x-mesh is linear given by xmin, xmax and nx
     xmin =  -4.000000      # minimum value of x-mesh points
     xmax =   4.000000      # maximum value of x-mesh points
#    xdel =  0.3200000      # mesh width of x-mesh points
       nx =     25          # number of x-mesh points
#    data = ( x(i), i = 1, nx + 1 )
#          -4.00000E+00 -3.68000E+00 -3.36000E+00 -3.04000E+00 -2.72000E+00
#          -2.40000E+00 -2.08000E+00 -1.76000E+00 -1.44000E+00 -1.12000E+00
#          -8.00000E-01 -4.80000E-01 -1.60000E-01  1.60000E-01  4.80000E-01
#           8.00000E-01  1.12000E+00  1.44000E+00  1.76000E+00  2.08000E+00
#           2.40000E+00  2.72000E+00  3.04000E+00  3.36000E+00  3.68000E+00
#           4.00000E+00
   y-type =    2            # y-mesh is linear given by ymin, ymax and ny
     ymin =  -6.000000      # minimum value of y-mesh points
     ymax =   5.000000      # maximum value of y-mesh points
#    ydel =  0.1833333      # mesh width of y-mesh points
       ny =     60          # number of y-mesh points
#    data = ( y(i), i = 1, ny + 1 )
#          -6.00000E+00 -5.81667E+00 -5.63333E+00 -5.45000E+00 -5.26667E+00
#          -5.08333E+00 -4.90000E+00 -4.71667E+00 -4.53333E+00 -4.35000E+00
#          -4.16667E+00 -3.98333E+00 -3.80000E+00 -3.61667E+00 -3.43333E+00
#          -3.25000E+00 -3.06667E+00 -2.88333E+00 -2.70000E+00 -2.51667E+00
#          -2.33333E+00 -2.15000E+00 -1.96667E+00 -1.78333E+00 -1.60000E+00
#          -1.41667E+00 -1.23333E+00 -1.05000E+00 -8.66667E-01 -6.83333E-01
#          -5.00000E-01 -3.16667E-01 -1.33333E-01  5.00000E-02  2.33333E-01
#           4.16667E-01  6.00000E-01  7.83333E-01  9.66667E-01  1.15000E+00
#           1.33333E+00  1.51667E+00  1.70000E+00  1.88333E+00  2.06667E+00
#           2.25000E+00  2.43333E+00  2.61667E+00  2.80000E+00  2.98333E+00
#           3.16667E+00  3.35000E+00  3.53333E+00  3.71667E+00  3.90000E+00
#           4.08333E+00  4.26667E+00  4.45000E+00  4.63333E+00  4.81667E+00
#           5.00000E+00
   z-type =    1            # z-mesh is given by the below data
       nz =      1          # number of z-mesh points
#    data = ( z(i), i = 1, nz + 1 )
            9.85125E+01  9.85225E+01
   e-type =    1            # e-mesh is given by the below data
       ne =      1          # number of e-mesh points
#    data = ( e(i), i = 1, ne + 1 )
            0.00000E+00  1.00000E+03
     unit =    1            # unit is [1/cm^2/source]
 material =  all            # (D=all) number of specific material
  2D-type =    3            # 1:Cont, 2:Clust, 3:Color, 4:xyz, 5:mat, 6:Clust+Cont, 7:Col+Cont
     axis =      xy            # axis of output
     file = ./out/track_xy.out  # file name of output for the above axis
     part =  proton   
# kf/name :  2212     
    gshow =    1            # 0: no 1:bnd, 2:bnd+mat, 3:bnd+reg 4:bnd+lat 5:bmp style
    resol =    1            # (D=1) resolution of gshow or rshow
    width = 0.5000000       # (D=0.5) width of lines for gshow or rshow
   epsout =    1            # (D=0) generate eps file by ANGEL
#    used :        main (  %)        temp (  %)       total (  %)
#  memory :          95 (  0)           0 (  0)          95 (  0)

#------------------------------------------------------------------------------
#newpage:
#   no. =  1   ie  =  1   iz  =  1   part. = proton  
#   e = (   0.0000E+00  -   1.0000E+03  )
#   z = (   9.8513E+01  -   9.8522E+01  )

'no. =  1,  ie =  1,  iz =  1'
msuc: {\huge [t-track] in xyz mesh}
msdr: {\it plotted by \ANGEL \version}
msdl: {\it calculated by \PHITS  3.35}

x: x [cm]
y: y [cm]
set: c1[ 1.375] c2[ 0.768] c5[ 0.800] c6[ 0.878] c7[ 0.250] c8[ 0.000]
p: h2fs form[c1] xfac[c2] afac[c5] scal[c6] xorg[c7] yorg[c8] nosp
set: c3[   2.756543E+03] c4[   4.369558E+07]
p: cmin[c3] cmax[c4]
p: dmin(1e-31)
p: zlog
p: xmin( -4.000000    ) xmax(  4.000000    )
p: ymin( -6.000000    ) ymax(  5.000000    )
#  ny =  60   nx =  25
# ( ( data(x,y), x = 1, nx ), y = ny, 1, -1 )

hc:  y =   4.908333     to  -5.908333     by  0.1833333     ; x =  -3.840000     to   3.840000     by  0.3200000     ;
  1.310E+07  1.456E+07  1.620E+07  1.741E+07  1.922E+07  2.018E+07  2.127E+07  2.269E+07  2.326E+07  2.416E+07
  2.456E+07  2.505E+07  2.473E+07  2.484E+07  2.467E+07  2.403E+07  2.347E+07  2.234E+07  2.141E+07  1.985E+07
  1.912E+07  1.708E+07  1.577E+07  1.480E+07  1.303E+07  1.411E+07  1.557E+07  1.711E+07  1.859E+07  2.025E+07
  2.128E+07  2.287E+07  2.405E+07  2.470E+07  2.600E+07  2.640E+07  2.655E+07  2.627E+07  2.684E+07  2.619E+07
  2.573E+07  2.484E+07  2.435E+07  2.279E+07  2.169E+07  2.036E+07  1.883E+07  1.730E+07  1.605E+07  1.447E+07
  1.538E+07  1.681E+07  1.864E+07  2.038E+07  2.183E+07  2.285E+07  2.484E+07  2.598E+07  2.699E+07  2.757E+07
  2.817E+07  2.860E+07  2.860E+07  2.864E+07  2.842E+07  2.738E+07  2.714E+07  2.610E+07  2.462E+07  2.307E+07
  2.186E+07  2.033E+07  1.849E+07  1.688E+07  1.527E+07  1.629E+07  1.795E+07  1.990E+07  2.174E+07  2.357E+07
  2.492E+07  2.646E+07  2.730E+07  2.827E+07  2.898E+07  2.969E+07  3.026E+07  3.010E+07  3.081E+07  2.980E+07
  2.956E+07  2.813E+07  2.756E+07  2.602E+07  2.483E+07  2.353E+07  2.169E+07  1.993E+07  1.816E+07  1.633E+07
  1.761E+07  1.930E+07  2.158E+07  2.278E+07  2.479E+07  2.630E+07  2.761E+07  2.936E+07  3.030E+07  3.114E+07
  3.196E+07  3.155E+07  3.239E+07  3.240E+07  3.179E+07  3.105E+07  3.005E+07  2.880E+07  2.805E+07  2.670E+07
  2.496E+07  2.271E+07  2.089E+07  1.929E+07  1.761E+07  1.862E+07  2.057E+07  2.245E+07  2.450E+07  2.625E+07
  2.824E+07  2.952E+07  3.077E+07  3.144E+07  3.280E+07  3.379E+07  3.373E+07  3.370E+07  3.385E+07  3.345E+07
  3.320E+07  3.207E+07  3.089E+07  2.950E+07  2.815E+07  2.647E+07  2.450E+07  2.299E+07  2.089E+07  1.885E+07
  1.980E+07  2.205E+07  2.449E+07  2.555E+07  2.731E+07  2.952E+07  3.098E+07  3.238E+07  3.371E+07  3.491E+07
  3.496E+07  3.564E+07  3.515E+07  3.541E+07  3.530E+07  3.484E+07  3.387E+07  3.236E+07  3.108E+07  2.930E+07
  2.773E+07  2.602E+07  2.389E+07  2.214E+07  2.025E+07  2.108E+07  2.327E+07  2.544E+07  2.752E+07  2.901E+07
  3.094E+07  3.234E+07  3.393E+07  3.494E+07  3.566E+07  3.674E+07  3.687E+07  3.710E+07  3.679E+07  3.662E+07
  3.566E+07  3.520E+07  3.417E+07  3.220E+07  3.098E+07  2.909E+07  2.741E+07  2.531E+07  2.341E+07  2.123E+07
  2.224E+07  2.441E+07  2.657E+07  2.869E+07  3.078E+07  3.244E+07  3.427E+07  3.527E+07  3.636E+07  3.732E+07
  3.770E+07  3.814E+07  3.862E+07  3.827E+07  3.751E+07  3.736E+07  3.639E+07  3.531E+07  3.403E+07  3.228E+07
  3.082E+07  2.910E+07  2.660E+07  2.425E+07  2.211E+07  2.323E+07  2.576E+07  2.774E+07  3.004E+07  3.173E+07
  3.368E+07  3.548E+07  3.639E+07  3.738E+07  3.884E+07  3.914E+07  3.966E+07  3.986E+07  3.965E+07  3.936E+07
  3.868E+07  3.804E+07  3.610E+07  3.541E+07  3.372E+07  3.199E+07  3.025E+07  2.815E+07  2.550E+07  2.303E+07
  2.448E+07  2.685E+07  2.900E+07  3.120E+07  3.369E+07  3.495E+07  3.676E+07  3.805E+07  3.887E+07  3.987E+07
  3.974E+07  4.045E+07  4.068E+07  4.102E+07  4.067E+07  3.948E+07  3.901E+07  3.772E+07  3.635E+07  3.524E+07
  3.276E+07  3.139E+07  2.908E+07  2.698E+07  2.433E+07  2.569E+07  2.829E+07  3.054E+07  3.238E+07  3.428E+07
  3.652E+07  3.767E+07  3.876E+07  4.002E+07  4.055E+07  4.172E+07  4.147E+07  4.109E+07  4.186E+07  4.143E+07
  4.129E+07  3.986E+07  3.857E+07  3.815E+07  3.588E+07  3.444E+07  3.230E+07  3.045E+07  2.812E+07  2.587E+07
  2.696E+07  2.890E+07  3.165E+07  3.337E+07  3.603E+07  3.723E+07  3.923E+07  4.032E+07  4.080E+07  4.176E+07
  4.199E+07  4.226E+07  4.264E+07  4.226E+07  4.250E+07  4.185E+07  4.061E+07  3.960E+07  3.934E+07  3.706E+07
  3.584E+07  3.375E+07  3.153E+07  2.928E+07  2.680E+07  2.757E+07  3.041E+07  3.231E+07  3.495E+07  3.623E+07
  3.816E+07  3.983E+07  4.074E+07  4.185E+07  4.214E+07  4.219E+07  4.297E+07  4.246E+07  4.300E+07  4.275E+07
  4.202E+07  4.184E+07  4.107E+07  4.011E+07  3.856E+07  3.671E+07  3.487E+07  3.295E+07  3.029E+07  2.806E+07
  2.864E+07  3.103E+07  3.342E+07  3.570E+07  3.779E+07  3.907E+07  4.021E+07  4.169E+07  4.232E+07  4.299E+07
  4.311E+07  4.370E+07  4.329E+07  4.362E+07  4.287E+07  4.303E+07  4.206E+07  4.180E+07  4.034E+07  3.910E+07
  3.795E+07  3.562E+07  3.366E+07  3.130E+07  2.880E+07  2.930E+07  3.240E+07  3.490E+07  3.650E+07  3.872E+07
  4.024E+07  2.891E+07  2.862E+07  2.925E+07  2.897E+07  2.951E+07  2.933E+07  2.975E+07  2.947E+07  2.998E+07
  2.909E+07  2.894E+07  2.833E+07  2.901E+07  4.066E+07  3.841E+07  3.654E+07  3.415E+07  3.212E+07  2.907E+07
  3.063E+07  3.264E+07  3.488E+07  3.736E+07  3.915E+07  4.103E+07  2.220E+07  2.068E+07  2.085E+07  2.077E+07
  2.111E+07  2.118E+07  2.136E+07  2.141E+07  2.155E+07  2.104E+07  2.086E+07  2.080E+07  2.212E+07  4.099E+07
  3.949E+07  3.709E+07  3.539E+07  3.300E+07  3.048E+07  3.129E+07  3.370E+07  3.628E+07  3.771E+07  4.030E+07
  4.148E+07  2.266E+07  2.239E+07  2.635E+07  2.745E+07  2.730E+07  2.795E+07  2.758E+07  2.723E+07  2.764E+07
  2.747E+07  2.567E+07  2.254E+07  2.264E+07  4.105E+07  3.982E+07  3.728E+07  3.601E+07  3.352E+07  3.132E+07
  3.130E+07  3.422E+07  3.662E+07  3.932E+07  3.992E+07  4.176E+07  2.305E+07  2.218E+07  2.591E+07  2.716E+07
  2.716E+07  2.759E+07  2.738E+07  2.754E+07  2.721E+07  2.763E+07  2.624E+07  2.223E+07  2.318E+07  4.197E+07
  4.082E+07  3.884E+07  3.703E+07  3.449E+07  3.200E+07  3.206E+07  3.503E+07  3.737E+07  3.978E+07  4.139E+07
  4.161E+07  2.313E+07  2.269E+07  2.640E+07  2.729E+07  2.715E+07  2.741E+07  2.762E+07  2.737E+07  2.727E+07
  2.742E+07  2.615E+07  2.252E+07  2.309E+07  4.262E+07  4.132E+07  3.946E+07  3.743E+07  3.466E+07  3.196E+07
  3.297E+07  3.611E+07  3.766E+07  3.981E+07  4.112E+07  4.239E+07  2.292E+07  2.256E+07  2.626E+07  2.736E+07
  2.735E+07  2.711E+07  2.710E+07  2.704E+07  2.779E+07  2.706E+07  2.611E+07  2.243E+07  2.282E+07  4.287E+07
  4.141E+07  3.951E+07  3.798E+07  3.564E+07  3.294E+07  3.363E+07  3.580E+07  3.857E+07  3.991E+07  4.139E+07
  4.345E+07  2.315E+07  2.274E+07  2.577E+07  2.707E+07  2.663E+07  2.711E+07  2.674E+07  2.699E+07  2.703E+07
  2.711E+07  2.583E+07  2.243E+07  2.324E+07  4.267E+07  4.174E+07  4.020E+07  3.862E+07  3.599E+07  3.357E+07
  3.417E+07  3.686E+07  3.865E+07  4.018E+07  4.150E+07  4.270E+07  2.335E+07  2.265E+07  2.631E+07  2.689E+07
  2.712E+07  2.693E+07  2.673E+07  2.642E+07  2.659E+07  2.703E+07  2.596E+07  2.242E+07  2.318E+07  4.281E+07
  4.185E+07  4.061E+07  3.896E+07  3.712E+07  3.380E+07  3.417E+07  3.691E+07  3.902E+07  4.091E+07  4.202E+07
  4.320E+07  2.319E+07  2.244E+07  2.594E+07  2.687E+07  2.674E+07  2.664E+07  2.625E+07  2.626E+07  2.639E+07
  2.687E+07  2.558E+07  2.215E+07  2.278E+07  4.270E+07  4.217E+07  4.092E+07  3.896E+07  3.712E+07  3.399E+07
  3.434E+07  3.746E+07  3.879E+07  4.074E+07  4.239E+07  4.276E+07  2.330E+07  2.256E+07  2.558E+07  2.628E+07
  2.594E+07  2.623E+07  2.592E+07  2.631E+07  2.624E+07  2.702E+07  2.542E+07  2.251E+07  2.307E+07  4.307E+07
  4.244E+07  4.054E+07  3.936E+07  3.727E+07  3.439E+07  3.476E+07  3.730E+07  3.943E+07  4.129E+07  4.171E+07
  4.283E+07  2.313E+07  2.253E+07  2.586E+07  2.645E+07  2.627E+07  2.593E+07  2.576E+07  2.646E+07  2.591E+07
  2.638E+07  2.562E+07  2.217E+07  2.321E+07  4.334E+07  4.303E+07  4.148E+07  3.873E+07  3.700E+07  3.450E+07
  3.461E+07  3.672E+07  3.916E+07  4.084E+07  4.222E+07  4.356E+07  2.328E+07  2.246E+07  2.520E+07  2.666E+07
  2.634E+07  2.608E+07  2.620E+07  2.631E+07  2.633E+07  2.617E+07  2.556E+07  2.256E+07  2.310E+07  4.262E+07
  4.210E+07  4.148E+07  3.924E+07  3.747E+07  3.503E+07  3.441E+07  3.747E+07  3.940E+07  4.053E+07  4.219E+07
  4.328E+07  2.308E+07  2.222E+07  2.541E+07  2.667E+07  2.608E+07  2.541E+07  2.601E+07  2.588E+07  2.610E+07
  2.720E+07  2.546E+07  2.265E+07  2.332E+07  4.308E+07  4.200E+07  4.124E+07  3.939E+07  3.739E+07  3.465E+07
  3.491E+07  3.754E+07  3.983E+07  4.116E+07  4.237E+07  4.330E+07  2.315E+07  2.254E+07  2.576E+07  2.683E+07
  2.641E+07  2.580E+07  2.551E+07  2.587E+07  2.623E+07  2.662E+07  2.568E+07  2.247E+07  2.323E+07  4.283E+07
  4.284E+07  4.147E+07  3.961E+07  3.767E+07  3.456E+07  3.455E+07  3.700E+07  4.000E+07  4.109E+07  4.257E+07
  4.292E+07  2.308E+07  2.256E+07  2.580E+07  2.655E+07  2.656E+07  2.591E+07  2.578E+07  2.567E+07  2.655E+07
  2.615E+07  2.555E+07  2.245E+07  2.325E+07  4.259E+07  4.211E+07  4.112E+07  3.930E+07  3.719E+07  3.457E+07
  3.431E+07  3.699E+07  3.885E+07  4.117E+07  4.303E+07  4.324E+07  2.314E+07  2.237E+07  2.555E+07  2.623E+07
  2.640E+07  2.600E+07  2.655E+07  2.637E+07  2.668E+07  2.675E+07  2.514E+07  2.244E+07  2.307E+07  4.322E+07
  4.291E+07  4.104E+07  3.924E+07  3.685E+07  3.424E+07  3.411E+07  3.652E+07  3.944E+07  4.026E+07  4.241E+07
  4.339E+07  2.302E+07  2.226E+07  2.605E+07  2.705E+07  2.664E+07  2.624E+07  2.638E+07  2.649E+07  2.662E+07
  2.651E+07  2.537E+07  2.249E+07  2.288E+07  4.324E+07  4.192E+07  4.102E+07  3.904E+07  3.663E+07  3.395E+07
  3.408E+07  3.611E+07  3.858E+07  4.022E+07  4.185E+07  4.281E+07  2.321E+07  2.246E+07  2.573E+07  2.696E+07
  2.663E+07  2.669E+07  2.674E+07  2.651E+07  2.668E+07  2.697E+07  2.604E+07  2.307E+07  2.281E+07  4.281E+07
  4.182E+07  4.009E+07  3.821E+07  3.617E+07  3.355E+07  3.312E+07  3.591E+07  3.843E+07  3.997E+07  4.184E+07
  4.289E+07  2.286E+07  2.237E+07  2.573E+07  2.734E+07  2.737E+07  2.742E+07  2.691E+07  2.681E+07  2.714E+07
  2.729E+07  2.598E+07  2.284E+07  2.319E+07  4.256E+07  4.150E+07  3.998E+07  3.770E+07  3.576E+07  3.329E+07
  3.259E+07  3.514E+07  3.750E+07  3.914E+07  2.199E+07  2.041E+07  1.128E+07  1.125E+07  1.313E+07  1.366E+07
  1.343E+07  1.315E+07  1.355E+07  1.293E+07  1.327E+07  1.367E+07  1.297E+07  1.121E+07  1.113E+07  2.036E+07
  2.279E+07  3.866E+07  3.783E+07  3.531E+07  3.309E+07  3.219E+07  3.491E+07  3.768E+07  3.667E+07  1.583E+06
  0.000E+00  0.000E+00  3.315E+03  1.230E+04  1.108E+04  0.000E+00  7.643E+03  2.757E+03  0.000E+00  2.714E+04
  5.394E+03  5.564E+03  1.434E+04  0.000E+00  0.000E+00  2.307E+06  3.804E+07  3.672E+07  3.488E+07  3.175E+07
  3.192E+07  3.443E+07  3.634E+07  3.640E+07  1.444E+06  0.000E+00  0.000E+00  0.000E+00  0.000E+00  1.281E+04
  0.000E+00  0.000E+00  0.000E+00  0.000E+00  0.000E+00  0.000E+00  5.807E+03  0.000E+00  0.000E+00  0.000E+00
  2.298E+06  3.709E+07  3.620E+07  3.412E+07  3.159E+07  3.060E+07  3.342E+07  3.622E+07  3.524E+07  1.404E+06
  0.000E+00  0.000E+00  0.000E+00  0.000E+00  0.000E+00  0.000E+00  0.000E+00  0.000E+00  0.000E+00  0.000E+00
  0.000E+00  0.000E+00  0.000E+00  0.000E+00  0.000E+00  2.109E+06  3.602E+07  3.569E+07  3.356E+07  3.098E+07
  2.961E+07  3.310E+07  3.495E+07  3.436E+07  1.277E+06  0.000E+00  0.000E+00  0.000E+00  0.000E+00  0.000E+00
  0.000E+00  0.000E+00  0.000E+00  0.000E+00  0.000E+00  0.000E+00  0.000E+00  0.000E+00  0.000E+00  0.000E+00
  2.041E+06  3.553E+07  3.514E+07  3.252E+07  3.003E+07  2.923E+07  3.165E+07  3.339E+07  3.403E+07  1.303E+06
  0.000E+00  0.000E+00  0.000E+00  0.000E+00  0.000E+00  0.000E+00  0.000E+00  0.000E+00  0.000E+00  0.000E+00
  0.000E+00  0.000E+00  0.000E+00  0.000E+00  0.000E+00  2.090E+06  3.495E+07  3.408E+07  3.156E+07  2.937E+07
  2.839E+07  3.091E+07  3.352E+07  3.255E+07  1.327E+06  0.000E+00  0.000E+00  0.000E+00  0.000E+00  0.000E+00
  0.000E+00  0.000E+00  0.000E+00  0.000E+00  0.000E+00  0.000E+00  0.000E+00  0.000E+00  0.000E+00  0.000E+00
  2.010E+06  3.353E+07  3.315E+07  3.091E+07  2.826E+07  2.698E+07  2.952E+07  3.176E+07  3.172E+07  1.212E+06
  0.000E+00  0.000E+00  0.000E+00  0.000E+00  0.000E+00  0.000E+00  0.000E+00  0.000E+00  0.000E+00  0.000E+00
  0.000E+00  0.000E+00  0.000E+00  0.000E+00  0.000E+00  1.866E+06  3.254E+07  3.220E+07  2.912E+07  2.686E+07
  2.624E+07  2.882E+07  3.149E+07  3.058E+07  1.277E+06  0.000E+00  0.000E+00  0.000E+00  0.000E+00  0.000E+00
  0.000E+00  0.000E+00  0.000E+00  0.000E+00  0.000E+00  0.000E+00  0.000E+00  0.000E+00  0.000E+00  0.000E+00
  1.779E+06  3.153E+07  3.114E+07  2.842E+07  2.629E+07  2.534E+07  2.789E+07  3.035E+07  2.963E+07  1.125E+06
  0.000E+00  0.000E+00  0.000E+00  0.000E+00  0.000E+00  0.000E+00  0.000E+00  0.000E+00  0.000E+00  0.000E+00
  0.000E+00  0.000E+00  0.000E+00  0.000E+00  0.000E+00  1.753E+06  3.035E+07  2.987E+07  2.768E+07  2.498E+07
  2.380E+07  2.591E+07  2.841E+07  2.847E+07  1.015E+06  0.000E+00  0.000E+00  0.000E+00  0.000E+00  0.000E+00
  0.000E+00  0.000E+00  0.000E+00  0.000E+00  0.000E+00  0.000E+00  0.000E+00  0.000E+00  0.000E+00  0.000E+00
  1.674E+06  2.870E+07  2.828E+07  2.595E+07  2.380E+07  2.283E+07  2.544E+07  2.710E+07  2.745E+07  1.006E+06
  0.000E+00  0.000E+00  0.000E+00  0.000E+00  0.000E+00  0.000E+00  0.000E+00  0.000E+00  0.000E+00  0.000E+00
  0.000E+00  0.000E+00  0.000E+00  0.000E+00  0.000E+00  1.597E+06  2.768E+07  2.699E+07  2.488E+07  2.255E+07
  2.146E+07  2.392E+07  2.643E+07  2.632E+07  9.550E+05  0.000E+00  0.000E+00  0.000E+00  0.000E+00  0.000E+00
  0.000E+00  0.000E+00  0.000E+00  0.000E+00  0.000E+00  0.000E+00  0.000E+00  0.000E+00  0.000E+00  0.000E+00
  1.449E+06  2.621E+07  2.614E+07  2.364E+07  2.162E+07  2.045E+07  2.231E+07  2.500E+07  2.456E+07  8.993E+05
  0.000E+00  0.000E+00  0.000E+00  0.000E+00  0.000E+00  0.000E+00  0.000E+00  0.000E+00  0.000E+00  0.000E+00
  0.000E+00  0.000E+00  0.000E+00  0.000E+00  0.000E+00  1.371E+06  2.548E+07  2.403E+07  2.264E+07  2.070E+07
  1.917E+07  2.123E+07  2.312E+07  2.310E+07  8.112E+05  0.000E+00  0.000E+00  0.000E+00  0.000E+00  0.000E+00
  0.000E+00  0.000E+00  0.000E+00  0.000E+00  0.000E+00  0.000E+00  0.000E+00  0.000E+00  0.000E+00  0.000E+00
  1.263E+06  2.371E+07  2.336E+07  2.181E+07  1.922E+07  1.852E+07  2.021E+07  2.228E+07  2.225E+07  7.588E+05
  0.000E+00  0.000E+00  0.000E+00  0.000E+00  0.000E+00  0.000E+00  0.000E+00  0.000E+00  0.000E+00  0.000E+00
  0.000E+00  0.000E+00  0.000E+00  0.000E+00  0.000E+00  1.254E+06  2.257E+07  2.167E+07  2.042E+07  1.825E+07
  1.734E+07  1.863E+07  2.083E+07  2.066E+07  7.352E+05  0.000E+00  0.000E+00  0.000E+00  0.000E+00  0.000E+00
  0.000E+00  0.000E+00  0.000E+00  0.000E+00  0.000E+00  0.000E+00  0.000E+00  0.000E+00  0.000E+00  0.000E+00
  1.117E+06  2.115E+07  2.058E+07  1.889E+07  1.703E+07  1.592E+07  1.765E+07  1.934E+07  1.920E+07  7.263E+05
  0.000E+00  0.000E+00  0.000E+00  0.000E+00  0.000E+00  0.000E+00  0.000E+00  0.000E+00  0.000E+00  0.000E+00
  0.000E+00  0.000E+00  0.000E+00  0.000E+00  0.000E+00  1.034E+06  1.977E+07  1.910E+07  1.757E+07  1.584E+07
  1.465E+07  1.670E+07  1.791E+07  1.796E+07  6.459E+05  0.000E+00  0.000E+00  0.000E+00  0.000E+00  0.000E+00
  0.000E+00  0.000E+00  0.000E+00  0.000E+00  0.000E+00  0.000E+00  0.000E+00  0.000E+00  0.000E+00  0.000E+00
  1.002E+06  1.856E+07  1.798E+07  1.601E+07  1.468E+07  1.352E+07  1.511E+07  1.669E+07  1.655E+07  6.573E+05
  0.000E+00  0.000E+00  0.000E+00  0.000E+00  0.000E+00  0.000E+00  0.000E+00  0.000E+00  0.000E+00  0.000E+00
  0.000E+00  0.000E+00  0.000E+00  0.000E+00  0.000E+00  9.151E+05  1.729E+07  1.666E+07  1.539E+07  1.371E+07
  1.249E+07  1.376E+07  1.551E+07  1.522E+07  5.152E+05  0.000E+00  0.000E+00  0.000E+00  0.000E+00  0.000E+00
  0.000E+00  0.000E+00  0.000E+00  0.000E+00  0.000E+00  0.000E+00  0.000E+00  0.000E+00  0.000E+00  0.000E+00
  8.823E+05  1.602E+07  1.551E+07  1.416E+07  1.275E+07  1.149E+07  1.290E+07  1.421E+07  1.422E+07  5.168E+05
  0.000E+00  0.000E+00  0.000E+00  0.000E+00  0.000E+00  0.000E+00  0.000E+00  0.000E+00  0.000E+00  0.000E+00
  0.000E+00  0.000E+00  0.000E+00  0.000E+00  0.000E+00  7.460E+05  1.459E+07  1.430E+07  1.297E+07  1.156E+07
  1.098E+07  1.176E+07  1.314E+07  1.306E+07  4.429E+05  0.000E+00  0.000E+00  0.000E+00  0.000E+00  0.000E+00
  0.000E+00  0.000E+00  0.000E+00  0.000E+00  0.000E+00  0.000E+00  0.000E+00  0.000E+00  0.000E+00  0.000E+00
  6.556E+05  1.351E+07  1.308E+07  1.194E+07  1.077E+07  9.768E+06  1.052E+07  1.201E+07  1.179E+07  3.906E+05
  0.000E+00  0.000E+00  0.000E+00  0.000E+00  0.000E+00  0.000E+00  0.000E+00  0.000E+00  0.000E+00  0.000E+00
  0.000E+00  0.000E+00  0.000E+00  0.000E+00  0.000E+00  5.839E+05  1.220E+07  1.219E+07  1.104E+07  9.834E+06
  8.810E+06  1.001E+07  1.106E+07  1.099E+07  3.884E+05  0.000E+00  0.000E+00  0.000E+00  0.000E+00  0.000E+00
  0.000E+00  0.000E+00  0.000E+00  0.000E+00  0.000E+00  0.000E+00  0.000E+00  0.000E+00  0.000E+00  0.000E+00
  5.144E+05  1.114E+07  1.096E+07  1.011E+07  8.877E+06  8.307E+06  9.035E+06  9.931E+06  9.937E+06  3.228E+05
  0.000E+00  0.000E+00  0.000E+00  0.000E+00  0.000E+00  0.000E+00  0.000E+00  0.000E+00  0.000E+00  0.000E+00
  0.000E+00  0.000E+00  0.000E+00  0.000E+00  0.000E+00  5.348E+05  1.024E+07  1.021E+07  9.100E+06  8.114E+06

#------------------------------------------------------------------------------
# gshow
#------------------------------------------------------------------------------

p: legs[c5*0.875]

hb:   line clip z  
frame:
 -3.9999905E+00 -5.9999746E+00
  4.0000095E+00 -5.9999746E+00
  4.0000095E+00  5.0000254E+00
 -3.9999905E+00  5.0000254E+00
clip:
 -4.30768243E+00 -6.18030207E+00
 -2.62100000E+00 -6.18030207E+00
 -2.62100000E+00 -6.01095427E+00
 -2.62100000E+00 -5.99095780E+00
 -2.62100000E+00 -5.82161000E+00
 -2.62100000E+00 -5.80161354E+00
 -2.62100000E+00 -5.63226574E+00
 -2.62100000E+00 -5.61226928E+00
 -2.62100000E+00 -5.44292148E+00
 -2.62100000E+00 -5.42292502E+00
 -2.62100000E+00 -5.25357722E+00
 -2.62100000E+00 -5.23358075E+00
 -2.62100000E+00 -5.06423295E+00
 -2.62100000E+00 -5.04423649E+00
 -2.62100000E+00 -4.87488869E+00
 -2.62100000E+00 -4.85489223E+00
 -2.62100000E+00 -4.68554443E+00
 -2.62100000E+00 -4.66554797E+00
 -2.62100000E+00 -4.49620017E+00
 -2.62100000E+00 -4.47620371E+00
 -2.62100000E+00 -4.30685590E+00
 -2.62100000E+00 -4.28685944E+00
 -2.62100000E+00 -4.11751164E+00
 -2.62100000E+00 -4.09751518E+00
 -2.62100000E+00 -3.92816738E+00
 -2.62100000E+00 -3.90817092E+00
 -2.62100000E+00 -3.73882312E+00
 -2.62100000E+00 -3.71882666E+00
 -2.62100000E+00 -3.54947886E+00
 -2.62100000E+00 -3.52948239E+00
 -2.62100000E+00 -3.36013459E+00
 -2.62100000E+00 -3.34013813E+00
 -2.62100000E+00 -3.17079033E+00
 -2.62100000E+00 -3.15079387E+00
 -2.62100000E+00 -2.98144607E+00
 -2.62100000E+00 -2.96144961E+00
 -2.62100000E+00 -2.79210181E+00
 -2.62100000E+00 -2.77210535E+00
 -2.62100000E+00 -2.60275754E+00
 -2.62100000E+00 -2.58276108E+00
 -2.62100000E+00 -2.41341328E+00
 -2.62100000E+00 -2.39341682E+00
 -2.62100000E+00 -2.22406902E+00
 -2.62100000E+00 -2.20407256E+00
 -2.62100000E+00 -2.03472476E+00
 -2.62100000E+00 -2.01472830E+00
 -2.62100000E+00 -1.84538049E+00
 -2.62100000E+00 -1.82538403E+00
 -2.62100000E+00 -1.65603623E+00
 -2.62100000E+00 -1.63603977E+00
 -2.62100000E+00 -1.46669197E+00
 -2.58460551E+00 -1.31850000E+00
 -2.47331193E+00 -1.31850000E+00
 -2.23999012E+00 -1.31850000E+00
 -2.05000000E+00 -1.25735125E+00
 -2.05000000E+00 -1.15296374E+00
 -2.05000000E+00 -1.06800698E+00
 -2.05000000E+00 -9.63619481E-01
 -2.05000000E+00 -8.78662722E-01
 -2.05000000E+00 -7.74275218E-01
 -2.05000000E+00 -6.89318460E-01
 -2.05000000E+00 -5.84930956E-01
 -2.05000000E+00 -4.99974198E-01
 -2.05000000E+00 -3.95586694E-01
 -2.05000000E+00 -3.10629935E-01
 -2.05000000E+00 -2.06242431E-01
 -2.05000000E+00 -1.21285673E-01
 -2.05000000E+00 -1.68981691E-02
 -2.05000000E+00  6.80585894E-02
 -2.05000000E+00  1.72446093E-01
 -2.05000000E+00  2.57402852E-01
 -2.05000000E+00  3.61790355E-01
 -2.05000000E+00  4.46747114E-01
 -2.05000000E+00  5.51134618E-01
 -2.05000000E+00  6.36091376E-01
 -2.05000000E+00  7.40478880E-01
 -2.05000000E+00  8.25435639E-01
 -2.05000000E+00  9.29823142E-01
 -2.05000000E+00  1.01477990E+00
 -2.05000000E+00  1.11916740E+00
 -2.05000000E+00  1.20412416E+00
 -2.05000000E+00  1.30851167E+00
 -2.05000000E+00  1.39346843E+00
 -2.05000000E+00  1.49785593E+00
 -2.05000000E+00  1.58281269E+00
 -2.05000000E+00  1.68720019E+00
 -2.05000000E+00  1.77215695E+00
 -2.05000000E+00  1.87654445E+00
 -2.05000000E+00  1.96150121E+00
 -2.05000000E+00  2.06588872E+00
 -1.89537474E+00  2.18150000E+00
 -1.60655202E+00  2.18150000E+00
  1.89539449E+00  2.18150000E+00
  2.05000000E+00  2.15084547E+00
  2.05000000E+00  2.04644712E+00
  2.05000000E+00  1.96150121E+00
  2.05000000E+00  1.85710286E+00
  2.05000000E+00  1.77215695E+00
  2.05000000E+00  1.66775859E+00
  2.05000000E+00  1.58281269E+00
  2.05000000E+00  1.47841433E+00
  2.05000000E+00  1.39346843E+00
  2.05000000E+00  1.28907007E+00
  2.05000000E+00  1.20412416E+00
  2.05000000E+00  1.09972581E+00
  2.05000000E+00  1.01477990E+00
  2.05000000E+00  9.10381544E-01
  2.05000000E+00  8.25435639E-01
  2.05000000E+00  7.21037282E-01
  2.05000000E+00  6.36091376E-01
  2.05000000E+00  5.31693019E-01
  2.05000000E+00  4.46747114E-01
  2.05000000E+00  3.42348757E-01
  2.05000000E+00  2.57402852E-01
  2.05000000E+00  1.53004495E-01
  2.05000000E+00  6.80585894E-02
  2.05000000E+00 -3.63397675E-02
  2.05000000E+00 -1.21285673E-01
  2.05000000E+00 -2.25684030E-01
  2.05000000E+00 -3.10629935E-01
  2.05000000E+00 -4.15028292E-01
  2.05000000E+00 -4.99974198E-01
  2.05000000E+00 -6.04372554E-01
  2.05000000E+00 -6.89318460E-01
  2.05000000E+00 -7.93716817E-01
  2.05000000E+00 -8.78662722E-01
  2.05000000E+00 -9.83061079E-01
  2.05000000E+00 -1.06800698E+00
  2.05000000E+00 -1.17240534E+00
  2.12871629E+00 -1.31850000E+00
  2.24000988E+00 -1.31850000E+00
  2.35130346E+00 -1.31850000E+00
  2.58462526E+00 -1.31850000E+00
  2.60900000E+00 -1.62264740E+00
  2.60900000E+00 -6.18030207E+00
  2.92924065E+00 -6.18030207E+00
  3.27385603E+00 -6.18030207E+00
  3.61847142E+00 -6.18030207E+00
  3.96308680E+00 -6.18030207E+00
  4.30770218E+00 -6.18030207E+00
  4.30770218E+00 -5.99095780E+00
  4.30770218E+00 -5.80161354E+00
  4.30770218E+00 -5.61226928E+00
  4.30770218E+00 -5.42292502E+00
  4.30770218E+00 -5.23358075E+00
  4.30770218E+00 -5.04423649E+00
  4.30770218E+00 -4.85489223E+00
  4.30770218E+00 -4.66554797E+00
  4.30770218E+00 -4.47620371E+00
  4.30770218E+00 -4.28685944E+00
  4.30770218E+00 -4.09751518E+00
  4.30770218E+00 -3.90817092E+00
  4.30770218E+00 -3.71882666E+00
  4.30770218E+00 -3.52948239E+00
  4.30770218E+00 -3.34013813E+00
  4.30770218E+00 -3.15079387E+00
  4.30770218E+00 -2.96144961E+00
  4.30770218E+00 -2.77210535E+00
  4.30770218E+00 -2.58276108E+00
  4.30770218E+00 -2.39341682E+00
  4.30770218E+00 -2.20407256E+00
  4.30770218E+00 -2.01472830E+00
  4.30770218E+00 -1.82538403E+00
  4.30770218E+00 -1.63603977E+00
  4.30770218E+00 -1.44669551E+00
  4.30770218E+00 -1.25735125E+00
  4.30770218E+00 -1.06800698E+00
  4.30770218E+00 -8.78662722E-01
  4.30770218E+00 -6.89318460E-01
  4.30770218E+00 -4.99974198E-01
  4.30770218E+00 -3.10629935E-01
  4.30770218E+00 -1.21285673E-01
  4.30770218E+00  6.80585894E-02
  4.30770218E+00  2.57402852E-01
  4.30770218E+00  4.46747114E-01
  4.30770218E+00  6.36091376E-01
  4.30770218E+00  8.25435639E-01
  4.30770218E+00  1.01477990E+00
  4.30770218E+00  1.20412416E+00
  4.30770218E+00  1.39346843E+00
  4.30770218E+00  1.58281269E+00
  4.30770218E+00  1.77215695E+00
  4.30770218E+00  1.96150121E+00
  4.30770218E+00  2.15084547E+00
  4.30770218E+00  2.34018974E+00
  4.30770218E+00  2.52953400E+00
  4.30770218E+00  2.71887826E+00
  4.30770218E+00  2.90822252E+00
  4.30770218E+00  3.09756679E+00
  4.30770218E+00  3.28691105E+00
  4.30770218E+00  3.47625531E+00
  4.30770218E+00  3.66559957E+00
  4.30770218E+00  3.85494384E+00
  4.30770218E+00  4.04428810E+00
  4.30770218E+00  4.23363236E+00
  4.30770218E+00  4.42297662E+00
  4.30770218E+00  4.61232088E+00
  4.30770218E+00  4.80166515E+00
  4.30770218E+00  4.99100941E+00
  4.30770218E+00  5.18035367E+00
  3.96308680E+00  5.18035367E+00
  3.61847142E+00  5.18035367E+00
  3.27385603E+00  5.18035367E+00
  2.92924065E+00  5.18035367E+00
  2.58462526E+00  5.18035367E+00
  2.24000988E+00  5.18035367E+00
  1.89539449E+00  5.18035367E+00
  1.55077911E+00  5.18035367E+00
  1.20616372E+00  5.18035367E+00
  8.61548338E-01  5.18035367E+00
  5.16932953E-01  5.18035367E+00
  1.72317569E-01  5.18035367E+00
 -1.72297816E-01  5.18035367E+00
 -5.16913200E-01  5.18035367E+00
 -8.61528585E-01  5.18035367E+00
 -1.20614397E+00  5.18035367E+00
 -1.55075935E+00  5.18035367E+00
 -1.89537474E+00  5.18035367E+00
 -2.23999012E+00  5.18035367E+00
 -2.58460551E+00  5.18035367E+00
 -2.92922089E+00  5.18035367E+00
 -3.27383628E+00  5.18035367E+00
 -3.61845166E+00  5.18035367E+00
 -3.96306705E+00  5.18035367E+00
 -4.30768243E+00  4.99100941E+00
 -4.30768243E+00 -6.18030207E+00

hb:   line clip z  
frame:
 -3.9999905E+00 -5.9999746E+00
  4.0000095E+00 -5.9999746E+00
  4.0000095E+00  5.0000254E+00
 -3.9999905E+00  5.0000254E+00
clip:
 -2.58460551E+00 -6.18030207E+00
 -2.37100000E+00 -6.18030207E+00
 -2.37100000E+00 -6.06293941E+00
 -2.37100000E+00 -5.99095780E+00
 -2.37100000E+00 -5.87359515E+00
 -2.37100000E+00 -5.80161354E+00
 -2.37100000E+00 -5.68425088E+00
 -2.37100000E+00 -5.61226928E+00
 -2.37100000E+00 -5.49490662E+00
 -2.37100000E+00 -5.42292502E+00
 -2.37100000E+00 -5.30556236E+00
 -2.37100000E+00 -5.23358075E+00
 -2.37100000E+00 -5.11621810E+00
 -2.37100000E+00 -5.04423649E+00
 -2.37100000E+00 -4.92687384E+00
 -2.37100000E+00 -4.85489223E+00
 -2.37100000E+00 -4.73752957E+00
 -2.37100000E+00 -4.66554797E+00
 -2.37100000E+00 -4.54818531E+00
 -2.37100000E+00 -4.47620371E+00
 -2.37100000E+00 -4.35884105E+00
 -2.37100000E+00 -4.28685944E+00
 -2.37100000E+00 -4.16949679E+00
 -2.37100000E+00 -4.09751518E+00
 -2.37100000E+00 -3.98015252E+00
 -2.37100000E+00 -3.90817092E+00
 -2.37100000E+00 -3.79080826E+00
 -2.37100000E+00 -3.71882666E+00
 -2.37100000E+00 -3.60146400E+00
 -2.37100000E+00 -3.52948239E+00
 -2.37100000E+00 -3.41211974E+00
 -2.37100000E+00 -3.34013813E+00
 -2.37100000E+00 -3.22277547E+00
 -2.37100000E+00 -3.15079387E+00
 -2.37100000E+00 -3.03343121E+00
 -2.37100000E+00 -2.96144961E+00
 -2.37100000E+00 -2.84408695E+00
 -2.37100000E+00 -2.77210535E+00
 -2.37100000E+00 -2.65474269E+00
 -2.37100000E+00 -2.58276108E+00
 -2.37100000E+00 -2.46539843E+00
 -2.37100000E+00 -2.39341682E+00
 -2.37100000E+00 -2.27605416E+00
 -2.37100000E+00 -2.20407256E+00
 -2.37100000E+00 -2.08670990E+00
 -2.37100000E+00 -2.01472830E+00
 -2.37100000E+00 -1.89736564E+00
 -2.37100000E+00 -1.82538403E+00
 -2.37100000E+00 -1.70802138E+00
 -2.23999012E+00 -1.56850000E+00
 -2.01830027E+00 -1.56850000E+00
 -1.75000000E+00 -1.52656969E+00
 -1.75000000E+00 -1.44669551E+00
 -1.75000000E+00 -1.36682132E+00
 -1.89537474E+00 -1.31850000E+00
 -2.12869654E+00 -1.31850000E+00
 -2.23999012E+00 -1.31850000E+00
 -2.47331193E+00 -1.31850000E+00
 -2.58460551E+00 -1.31850000E+00
 -2.62100000E+00 -1.42669905E+00
 -2.62100000E+00 -1.44669551E+00
 -2.62100000E+00 -1.46669197E+00
 -2.62100000E+00 -1.63603977E+00
 -2.62100000E+00 -1.65603623E+00
 -2.62100000E+00 -1.82538403E+00
 -2.62100000E+00 -1.84538049E+00
 -2.62100000E+00 -2.01472830E+00
 -2.62100000E+00 -2.03472476E+00
 -2.62100000E+00 -2.20407256E+00
 -2.62100000E+00 -2.22406902E+00
 -2.62100000E+00 -2.39341682E+00
 -2.62100000E+00 -2.41341328E+00
 -2.62100000E+00 -2.58276108E+00
 -2.62100000E+00 -2.60275754E+00
 -2.62100000E+00 -2.77210535E+00
 -2.62100000E+00 -2.79210181E+00
 -2.62100000E+00 -2.96144961E+00
 -2.62100000E+00 -2.98144607E+00
 -2.62100000E+00 -3.15079387E+00
 -2.62100000E+00 -3.17079033E+00
 -2.62100000E+00 -3.34013813E+00
 -2.62100000E+00 -3.36013459E+00
 -2.62100000E+00 -3.52948239E+00
 -2.62100000E+00 -3.54947886E+00
 -2.62100000E+00 -3.71882666E+00
 -2.62100000E+00 -3.73882312E+00
 -2.62100000E+00 -3.90817092E+00
 -2.62100000E+00 -3.92816738E+00
 -2.62100000E+00 -4.09751518E+00
 -2.62100000E+00 -4.11751164E+00
 -2.62100000E+00 -4.28685944E+00
 -2.62100000E+00 -4.30685590E+00
 -2.62100000E+00 -4.47620371E+00
 -2.62100000E+00 -4.49620017E+00
 -2.62100000E+00 -4.66554797E+00
 -2.62100000E+00 -4.68554443E+00
 -2.62100000E+00 -4.85489223E+00
 -2.62100000E+00 -4.87488869E+00
 -2.62100000E+00 -5.04423649E+00
 -2.62100000E+00 -5.06423295E+00
 -2.62100000E+00 -5.23358075E+00
 -2.62100000E+00 -5.25357722E+00
 -2.62100000E+00 -5.42292502E+00
 -2.62100000E+00 -5.44292148E+00
 -2.62100000E+00 -5.61226928E+00
 -2.62100000E+00 -5.63226574E+00
 -2.62100000E+00 -5.80161354E+00
 -2.62100000E+00 -5.82161000E+00
 -2.62100000E+00 -5.99095780E+00
 -2.62100000E+00 -6.01095427E+00
 -2.62100000E+00 -6.18030207E+00

hb:   line clip z  
frame:
 -3.9999905E+00 -5.9999746E+00
  4.0000095E+00 -5.9999746E+00
  4.0000095E+00  5.0000254E+00
 -3.9999905E+00  5.0000254E+00
clip:
 -2.23999012E+00 -6.18030207E+00
 -1.95379934E+00 -6.18030207E+00
 -1.94207814E+00 -6.01661836E+00
 -1.94009462E+00 -5.99095780E+00
 -1.92570245E+00 -5.81827669E+00
 -1.88506640E+00 -5.41726124E+00
 -1.83288030E+00 -5.00989977E+00
 -1.77948405E+00 -4.66554797E+00
 -1.72908901E+00 -4.38484026E+00
 -1.67049313E+00 -4.09751518E+00
 -1.62763520E+00 -3.90817092E+00
 -1.58108638E+00 -3.71882666E+00
 -1.52683818E+00 -3.51633923E+00
 -1.46023283E+00 -3.29039956E+00
 -1.38461297E+00 -3.05950699E+00
 -1.29759158E+00 -2.82235000E+00
 -1.20614397E+00 -2.60127555E+00
 -1.19531076E+00 -2.57680892E+00
 -1.10881342E+00 -2.39341682E+00
 -1.07071815E+00 -2.31900894E+00
 -1.00782747E+00 -2.20407256E+00
 -9.07782067E-01 -2.04014165E+00
 -8.90958859E-01 -2.01472830E+00
 -8.61528585E-01 -1.97169810E+00
 -7.84669164E-01 -1.86761340E+00
 -7.50767840E-01 -1.82538403E+00
 -6.42832850E-01 -1.70522462E+00
 -5.70126887E-01 -1.63603977E+00
 -7.38603053E-01 -1.56850000E+00
 -8.61528585E-01 -1.56850000E+00
 -9.84454117E-01 -1.56850000E+00
 -1.20614397E+00 -1.56850000E+00
 -1.32906950E+00 -1.56850000E+00
 -1.55075935E+00 -1.56850000E+00
 -1.67368489E+00 -1.56850000E+00
 -1.89537474E+00 -1.56850000E+00
 -2.01830027E+00 -1.56850000E+00
 -2.23999012E+00 -1.56850000E+00
 -2.36291566E+00 -1.56850000E+00
 -2.37100000E+00 -1.63603977E+00
 -2.37100000E+00 -1.70802138E+00
 -2.37100000E+00 -1.82538403E+00
 -2.37100000E+00 -1.89736564E+00
 -2.37100000E+00 -2.01472830E+00
 -2.37100000E+00 -2.08670990E+00
 -2.37100000E+00 -2.20407256E+00
 -2.37100000E+00 -2.27605416E+00
 -2.37100000E+00 -2.39341682E+00
 -2.37100000E+00 -2.46539843E+00
 -2.37100000E+00 -2.58276108E+00
 -2.37100000E+00 -2.65474269E+00
 -2.37100000E+00 -2.77210535E+00
 -2.37100000E+00 -2.84408695E+00
 -2.37100000E+00 -2.96144961E+00
 -2.37100000E+00 -3.03343121E+00
 -2.37100000E+00 -3.15079387E+00
 -2.37100000E+00 -3.22277547E+00
 -2.37100000E+00 -3.34013813E+00
 -2.37100000E+00 -3.41211974E+00
 -2.37100000E+00 -3.52948239E+00
 -2.37100000E+00 -3.60146400E+00
 -2.37100000E+00 -3.71882666E+00
 -2.37100000E+00 -3.79080826E+00
 -2.37100000E+00 -3.90817092E+00
 -2.37100000E+00 -3.98015252E+00
 -2.37100000E+00 -4.09751518E+00
 -2.37100000E+00 -4.16949679E+00
 -2.37100000E+00 -4.28685944E+00
 -2.37100000E+00 -4.35884105E+00
 -2.37100000E+00 -4.47620371E+00
 -2.37100000E+00 -4.54818531E+00
 -2.37100000E+00 -4.66554797E+00
 -2.37100000E+00 -4.73752957E+00
 -2.37100000E+00 -4.85489223E+00
 -2.37100000E+00 -4.92687384E+00
 -2.37100000E+00 -5.04423649E+00
 -2.37100000E+00 -5.11621810E+00
 -2.37100000E+00 -5.23358075E+00
 -2.37100000E+00 -5.30556236E+00
 -2.37100000E+00 -5.42292502E+00
 -2.37100000E+00 -5.49490662E+00
 -2.37100000E+00 -5.61226928E+00
 -2.37100000E+00 -5.68425088E+00
 -2.37100000E+00 -5.80161354E+00
 -2.37100000E+00 -5.87359515E+00
 -2.37100000E+00 -5.99095780E+00
 -2.37100000E+00 -6.06293941E+00
 -2.37100000E+00 -6.18030207E+00

hb:   line clip z  
frame:
 -3.9999905E+00 -5.9999746E+00
  4.0000095E+00 -5.9999746E+00
  4.0000095E+00  5.0000254E+00
 -3.9999905E+00  5.0000254E+00
clip:
 -1.89537474E+00 -6.18030207E+00
  1.94179934E+00 -6.18030207E+00
  1.94014095E+00 -6.15571673E+00
  1.92809462E+00 -5.99095780E+00
  1.92674095E+00 -5.97373492E+00
  1.91221657E+00 -5.80161354E+00
  1.91142424E+00 -5.79280622E+00
  1.89539449E+00 -5.62495372E+00
  1.89411069E+00 -5.61226928E+00
  1.87498579E+00 -5.43413830E+00
  1.87371262E+00 -5.42292502E+00
  1.85382158E+00 -5.25642243E+00
  1.85094682E+00 -5.23358075E+00
  1.83065506E+00 -5.07980670E+00
  1.82572501E+00 -5.04423649E+00
  1.80544828E+00 -4.90431196E+00
  1.79794417E+00 -4.85489223E+00
  1.77815562E+00 -4.72996328E+00
  1.76748405E+00 -4.66554797E+00
  1.74872296E+00 -4.55679040E+00
  1.73420397E+00 -4.47620371E+00
  1.71708671E+00 -4.38482824E+00
  1.69793870E+00 -4.28685944E+00
  1.68317257E+00 -4.21411765E+00
  1.65849313E+00 -4.09751518E+00
  1.64689398E+00 -4.04470617E+00
  1.61563520E+00 -3.90817092E+00
  1.60815020E+00 -3.87664915E+00
  1.56908638E+00 -3.71882666E+00
  1.56682387E+00 -3.71001108E+00
  1.55077911E+00 -3.64845396E+00
  1.51850863E+00 -3.52948239E+00
  1.47585175E+00 -3.38130596E+00
  1.46348599E+00 -3.34013813E+00
  1.42585569E+00 -3.21943135E+00
  1.40349801E+00 -3.15079387E+00
  1.37256461E+00 -3.05936715E+00
  1.33787992E+00 -2.96144961E+00
  1.31570854E+00 -2.90126169E+00
  1.26576056E+00 -2.77210535E+00
  1.25496013E+00 -2.74529482E+00
  1.20616372E+00 -2.62883216E+00
  1.18596043E+00 -2.58276108E+00
  1.12007621E+00 -2.44071644E+00
  1.09681342E+00 -2.39341682E+00
  1.04479612E+00 -2.29273380E+00
  9.95827473E-01 -2.20407256E+00
  9.63236945E-01 -2.14820113E+00
  8.78958859E-01 -2.01472830E+00
  8.74263505E-01 -2.00774212E+00
  8.61548338E-01 -1.98905487E+00
  7.38767840E-01 -1.82538403E+00
  6.66886079E-01 -1.74299432E+00
  5.58126887E-01 -1.63603977E+00
  5.42237170E-01 -1.62213671E+00
  5.16932953E-01 -1.60088146E+00
  3.09110734E-01 -1.52185466E+00
  1.72317569E-01 -1.61126885E+00
  1.46760437E-01 -1.62199775E+00
  1.03845748E-01 -1.63603977E+00
 -1.03845748E-01 -1.63603977E+00
 -1.46748821E-01 -1.62200222E+00
 -1.72297816E-01 -1.61127783E+00
 -4.01601190E-01 -1.51005213E+00
 -5.16913200E-01 -1.59116304E+00
 -5.49543011E-01 -1.61811176E+00
 -5.70126887E-01 -1.63603977E+00
 -6.42832850E-01 -1.70522462E+00
 -7.50767840E-01 -1.82538403E+00
 -8.61528585E-01 -1.97169810E+00
 -8.83008640E-01 -2.00292637E+00
 -8.90958859E-01 -2.01472830E+00
 -9.07782067E-01 -2.04014165E+00
 -1.00782747E+00 -2.20407256E+00
 -1.07071815E+00 -2.31900894E+00
 -1.10881342E+00 -2.39341682E+00
 -1.19531076E+00 -2.57680892E+00
 -1.19796043E+00 -2.58276108E+00
 -1.20614397E+00 -2.60127555E+00
 -1.26476639E+00 -2.73989605E+00
 -1.27776056E+00 -2.77210535E+00
 -1.29759158E+00 -2.82235000E+00
 -1.34987992E+00 -2.96144961E+00
 -1.38461297E+00 -3.05950699E+00
 -1.41549801E+00 -3.15079387E+00
 -1.46023283E+00 -3.29039956E+00
 -1.47548599E+00 -3.34013813E+00
 -1.52683818E+00 -3.51633923E+00
 -1.53050863E+00 -3.52948239E+00
 -1.55075935E+00 -3.60340680E+00
 -1.57733424E+00 -3.70422544E+00
 -1.58108638E+00 -3.71882666E+00
 -1.58602927E+00 -3.73820523E+00
 -1.62763520E+00 -3.90817092E+00
 -1.63894127E+00 -3.95662128E+00
 -1.67049313E+00 -4.09751518E+00
 -1.68641396E+00 -4.17204877E+00
 -1.70993870E+00 -4.28685944E+00
 -1.72908901E+00 -4.38484026E+00
 -1.74620397E+00 -4.47620371E+00
 -1.76746933E+00 -4.59527207E+00
 -1.77948405E+00 -4.66554797E+00
 -1.80195731E+00 -4.80356529E+00
 -1.80994417E+00 -4.85489223E+00
 -1.83288030E+00 -5.00989977E+00
 -1.83772501E+00 -5.04423649E+00
 -1.86050827E+00 -5.21442384E+00
 -1.86294682E+00 -5.23358075E+00
 -1.88506640E+00 -5.41726124E+00
 -1.88571262E+00 -5.42292502E+00
 -1.89537474E+00 -5.50992890E+00
 -1.90554204E+00 -5.60668299E+00
 -1.90611069E+00 -5.61226928E+00
 -1.90674422E+00 -5.61851609E+00
 -1.92421657E+00 -5.80161354E+00
 -1.92570245E+00 -5.81827669E+00
 -1.94009462E+00 -5.99095780E+00
 -1.94207814E+00 -6.01661836E+00
 -1.95379934E+00 -6.18030207E+00

hb:   line clip z  
frame:
 -3.9999905E+00 -5.9999746E+00
  4.0000095E+00 -5.9999746E+00
  4.0000095E+00  5.0000254E+00
 -3.9999905E+00  5.0000254E+00
clip:
  2.24000988E+00 -6.18030207E+00
  2.35900000E+00 -6.18030207E+00
  2.35900000E+00 -6.11492455E+00
  2.35900000E+00 -5.99095780E+00
  2.35900000E+00 -5.92558029E+00
  2.35900000E+00 -5.80161354E+00
  2.35900000E+00 -5.73623603E+00
  2.35900000E+00 -5.61226928E+00
  2.35900000E+00 -5.54689177E+00
  2.35900000E+00 -5.42292502E+00
  2.35900000E+00 -5.35754750E+00
  2.35900000E+00 -5.23358075E+00
  2.35900000E+00 -5.16820324E+00
  2.35900000E+00 -5.04423649E+00
  2.35900000E+00 -4.97885898E+00
  2.35900000E+00 -4.85489223E+00
  2.35900000E+00 -4.78951472E+00
  2.35900000E+00 -4.66554797E+00
  2.35900000E+00 -4.60017045E+00
  2.35900000E+00 -4.47620371E+00
  2.35900000E+00 -4.41082619E+00
  2.35900000E+00 -4.28685944E+00
  2.35900000E+00 -4.22148193E+00
  2.35900000E+00 -4.09751518E+00
  2.35900000E+00 -4.03213767E+00
  2.35900000E+00 -3.90817092E+00
  2.35900000E+00 -3.84279340E+00
  2.35900000E+00 -3.71882666E+00
  2.35900000E+00 -3.65344914E+00
  2.35900000E+00 -3.52948239E+00
  2.35900000E+00 -3.46410488E+00
  2.35900000E+00 -3.34013813E+00
  2.35900000E+00 -3.27476062E+00
  2.35900000E+00 -3.15079387E+00
  2.35900000E+00 -3.08541636E+00
  2.35900000E+00 -2.96144961E+00
  2.35900000E+00 -2.89607209E+00
  2.35900000E+00 -2.77210535E+00
  2.35900000E+00 -2.70672783E+00
  2.35900000E+00 -2.58276108E+00
  2.35900000E+00 -2.51738357E+00
  2.35900000E+00 -2.39341682E+00
  2.35900000E+00 -2.32803931E+00
  2.35900000E+00 -2.20407256E+00
  2.35900000E+00 -2.13869504E+00
  2.35900000E+00 -2.01472830E+00
  2.35900000E+00 -1.94935078E+00
  2.35900000E+00 -1.82538403E+00
  2.35900000E+00 -1.76000652E+00
  2.35900000E+00 -1.63603977E+00
  2.35900000E+00 -1.57066226E+00
  2.24000988E+00 -1.56850000E+00
  2.11708434E+00 -1.56850000E+00
  1.89539449E+00 -1.56850000E+00
  1.77246896E+00 -1.56850000E+00
  1.55077911E+00 -1.56850000E+00
  1.42785357E+00 -1.56850000E+00
  1.20616372E+00 -1.56850000E+00
  1.08323819E+00 -1.56850000E+00
  8.61548338E-01 -1.56850000E+00
  7.38622806E-01 -1.56850000E+00
  5.58126887E-01 -1.63603977E+00
  6.66886079E-01 -1.74299432E+00
  7.38767840E-01 -1.82538403E+00
  8.61548338E-01 -1.98905487E+00
  9.63236945E-01 -2.14820113E+00
  1.04479612E+00 -2.29273380E+00
  1.12007621E+00 -2.44071644E+00
  1.18991700E+00 -2.59168763E+00
  1.26576056E+00 -2.77210535E+00
  1.33787992E+00 -2.96144961E+00
  1.40349801E+00 -3.15079387E+00
  1.46348599E+00 -3.34013813E+00
  1.52277796E+00 -3.54486724E+00
  1.56908638E+00 -3.71882666E+00
  1.61563520E+00 -3.90817092E+00
  1.68317257E+00 -4.21411765E+00
  1.74872296E+00 -4.55679040E+00
  1.80544828E+00 -4.90431196E+00
  1.85382158E+00 -5.25642243E+00
  1.89539449E+00 -5.62495372E+00
  1.92809462E+00 -5.99095780E+00
  1.94179934E+00 -6.18030207E+00

hb:   line clip z  
frame:
 -3.9999905E+00 -5.9999746E+00
  4.0000095E+00 -5.9999746E+00
  4.0000095E+00  5.0000254E+00
 -3.9999905E+00  5.0000254E+00
clip:
  2.58462526E+00 -6.18030207E+00
  2.60900000E+00 -6.18030207E+00
  2.60900000E+00 -6.16690970E+00
  2.60900000E+00 -5.99095780E+00
  2.60900000E+00 -5.97756543E+00
  2.60900000E+00 -5.80161354E+00
  2.60900000E+00 -5.78822117E+00
  2.60900000E+00 -5.61226928E+00
  2.60900000E+00 -5.59887691E+00
  2.60900000E+00 -5.42292502E+00
  2.60900000E+00 -5.40953265E+00
  2.60900000E+00 -5.23358075E+00
  2.60900000E+00 -5.22018838E+00
  2.60900000E+00 -5.04423649E+00
  2.60900000E+00 -5.03084412E+00
  2.60900000E+00 -4.85489223E+00
  2.60900000E+00 -4.84149986E+00
  2.60900000E+00 -4.66554797E+00
  2.60900000E+00 -4.65215560E+00
  2.60900000E+00 -4.47620371E+00
  2.60900000E+00 -4.46281134E+00
  2.60900000E+00 -4.28685944E+00
  2.60900000E+00 -4.27346707E+00
  2.60900000E+00 -4.09751518E+00
  2.60900000E+00 -4.08412281E+00
  2.60900000E+00 -3.90817092E+00
  2.60900000E+00 -3.89477855E+00
  2.60900000E+00 -3.71882666E+00
  2.60900000E+00 -3.70543429E+00
  2.60900000E+00 -3.52948239E+00
  2.60900000E+00 -3.51609002E+00
  2.60900000E+00 -3.34013813E+00
  2.60900000E+00 -3.32674576E+00
  2.60900000E+00 -3.15079387E+00
  2.60900000E+00 -3.13740150E+00
  2.60900000E+00 -2.96144961E+00
  2.60900000E+00 -2.94805724E+00
  2.60900000E+00 -2.77210535E+00
  2.60900000E+00 -2.75871297E+00
  2.60900000E+00 -2.58276108E+00
  2.60900000E+00 -2.56936871E+00
  2.60900000E+00 -2.39341682E+00
  2.60900000E+00 -2.38002445E+00
  2.60900000E+00 -2.20407256E+00
  2.60900000E+00 -2.19068019E+00
  2.60900000E+00 -2.01472830E+00
  2.60900000E+00 -2.00133593E+00
  2.60900000E+00 -1.82538403E+00
  2.60900000E+00 -1.81199166E+00
  2.60900000E+00 -1.63603977E+00
  2.60900000E+00 -1.62264740E+00
  2.60900000E+00 -1.44669551E+00
  2.60900000E+00 -1.43330314E+00
  2.58462526E+00 -1.31850000E+00
  2.35130346E+00 -1.31850000E+00
  2.24000988E+00 -1.31850000E+00
  2.00668807E+00 -1.31850000E+00
  1.89539449E+00 -1.31850000E+00
  1.75000000E+00 -1.36681047E+00
  1.75000000E+00 -1.44669551E+00
  1.75000000E+00 -1.52658055E+00
  1.89539449E+00 -1.56850000E+00
  2.11708434E+00 -1.56850000E+00
  2.24000988E+00 -1.56850000E+00
  2.35900000E+00 -1.63603977E+00
  2.35900000E+00 -1.76000652E+00
  2.35900000E+00 -1.82538403E+00
  2.35900000E+00 -1.94935078E+00
  2.35900000E+00 -2.01472830E+00
  2.35900000E+00 -2.13869504E+00
  2.35900000E+00 -2.20407256E+00
  2.35900000E+00 -2.32803931E+00
  2.35900000E+00 -2.39341682E+00
  2.35900000E+00 -2.51738357E+00
  2.35900000E+00 -2.58276108E+00
  2.35900000E+00 -2.70672783E+00
  2.35900000E+00 -2.77210535E+00
  2.35900000E+00 -2.89607209E+00
  2.35900000E+00 -2.96144961E+00
  2.35900000E+00 -3.08541636E+00
  2.35900000E+00 -3.15079387E+00
  2.35900000E+00 -3.27476062E+00
  2.35900000E+00 -3.34013813E+00
  2.35900000E+00 -3.46410488E+00
  2.35900000E+00 -3.52948239E+00
  2.35900000E+00 -3.65344914E+00
  2.35900000E+00 -3.71882666E+00
  2.35900000E+00 -3.84279340E+00
  2.35900000E+00 -3.90817092E+00
  2.35900000E+00 -4.03213767E+00
  2.35900000E+00 -4.09751518E+00
  2.35900000E+00 -4.22148193E+00
  2.35900000E+00 -4.28685944E+00
  2.35900000E+00 -4.41082619E+00
  2.35900000E+00 -4.47620371E+00
  2.35900000E+00 -4.60017045E+00
  2.35900000E+00 -4.66554797E+00
  2.35900000E+00 -4.78951472E+00
  2.35900000E+00 -4.85489223E+00
  2.35900000E+00 -4.97885898E+00
  2.35900000E+00 -5.04423649E+00
  2.35900000E+00 -5.16820324E+00
  2.35900000E+00 -5.23358075E+00
  2.35900000E+00 -5.35754750E+00
  2.35900000E+00 -5.42292502E+00
  2.35900000E+00 -5.54689177E+00
  2.35900000E+00 -5.61226928E+00
  2.35900000E+00 -5.73623603E+00
  2.35900000E+00 -5.80161354E+00
  2.35900000E+00 -5.92558029E+00
  2.35900000E+00 -5.99095780E+00
  2.35900000E+00 -6.11492455E+00
  2.35900000E+00 -6.18030207E+00

hb:   line clip z  
clip:
 -1.75000000E+00 -1.55616559E+00
 -1.55075935E+00 -1.56850000E+00
 -1.32906950E+00 -1.56850000E+00
 -5.16913200E-01 -1.56850000E+00
 -3.84705842E-01 -1.44669551E+00
 -4.25926915E-01 -1.39670432E+00
 -5.16913200E-01 -1.31850000E+00
 -7.50235003E-01 -1.31850000E+00
 -8.61528585E-01 -1.31850000E+00
 -1.09485039E+00 -1.31850000E+00
 -1.20614397E+00 -1.31850000E+00
 -1.43946577E+00 -1.31850000E+00
 -1.55075935E+00 -1.31850000E+00
 -1.75000000E+00 -1.33722543E+00
 -1.75000000E+00 -1.44669551E+00

hb:   line clip z  
clip:
 -3.09103055E-01 -1.52186130E+00
 -1.72297816E-01 -1.61127783E+00
  1.46760437E-01 -1.62199775E+00
  3.09110734E-01 -1.52185466E+00
  5.16932953E-01 -1.25927461E+00
  6.09803922E-01 -1.06800698E+00
  6.77132496E-01 -8.78662722E-01
  7.26842711E-01 -6.89318460E-01
  7.62388715E-01 -4.99974198E-01
  7.85695293E-01 -3.10629935E-01
  7.97835792E-01 -1.21285673E-01
  7.99319163E-01  6.80585894E-02
  7.90205426E-01  2.57402852E-01
  7.70118446E-01  4.46747114E-01
  7.38162951E-01  6.36091376E-01
  6.92698333E-01  8.25435639E-01
  6.30810379E-01  1.01477990E+00
  5.46952287E-01  1.20412416E+00
  5.16932953E-01  1.25927461E+00
  4.28411240E-01  1.39346843E+00
  3.45219535E-01  1.48846707E+00
  2.25964361E-01  1.58281269E+00
  1.72317569E-01  1.61126885E+00
  5.79125414E-02  1.64567098E+00
 -1.72297816E-01  1.61127783E+00
 -2.25964361E-01  1.58281269E+00
 -3.46728970E-01  1.48697385E+00
 -4.28411240E-01  1.39346843E+00
 -5.16913200E-01  1.25930910E+00
 -5.46952287E-01  1.20412416E+00
 -6.30810379E-01  1.01477990E+00
 -6.92698333E-01  8.25435639E-01
 -7.38162951E-01  6.36091376E-01
 -7.70118446E-01  4.46747114E-01
 -7.90205426E-01  2.57402852E-01
 -7.99319163E-01  6.80585894E-02
 -7.97835792E-01 -1.21285673E-01
 -7.85695293E-01 -3.10629935E-01
 -7.62388715E-01 -4.99974198E-01
 -7.26842711E-01 -6.89318460E-01
 -6.77132496E-01 -8.78662722E-01
 -6.09803922E-01 -1.06800698E+00
 -5.18032379E-01 -1.25735125E+00
 -3.84705842E-01 -1.44669551E+00

hb:   line clip z  
clip:
  3.95276477E-01 -1.51353801E+00
  5.16932953E-01 -1.56850000E+00
  7.38622806E-01 -1.56850000E+00
  8.61548338E-01 -1.56850000E+00
  1.08323819E+00 -1.56850000E+00
  1.20616372E+00 -1.56850000E+00
  1.42785357E+00 -1.56850000E+00
  1.55077911E+00 -1.56850000E+00
  1.75000000E+00 -1.55615473E+00
  1.75000000E+00 -1.44669551E+00
  1.75000000E+00 -1.33723628E+00
  1.55077911E+00 -1.31850000E+00
  1.31745730E+00 -1.31850000E+00
  1.20616372E+00 -1.31850000E+00
  9.72841920E-01 -1.31850000E+00
  8.61548338E-01 -1.31850000E+00
  6.28226535E-01 -1.31850000E+00
  5.16932953E-01 -1.31850000E+00
  4.25932792E-01 -1.39669670E+00
  3.84705842E-01 -1.44669551E+00

hb:   line clip z  
clip:
 -2.00666832E+00 -1.31850000E+00
 -1.43946577E+00 -1.31850000E+00
 -1.35000000E+00 -1.25735125E+00
 -1.35000000E+00 -1.14704673E+00
 -1.35000000E+00 -1.06800698E+00
 -1.35000000E+00 -9.57702472E-01
 -1.35000000E+00 -8.78662722E-01
 -1.35000000E+00 -7.68358210E-01
 -1.35000000E+00 -6.89318460E-01
 -1.35000000E+00 -5.79013948E-01
 -1.35000000E+00 -4.99974198E-01
 -1.35000000E+00 -3.89669686E-01
 -1.35000000E+00 -3.10629935E-01
 -1.35000000E+00 -2.00325423E-01
 -1.35000000E+00 -1.21285673E-01
 -1.35000000E+00 -1.09811609E-02
 -1.35000000E+00  6.80585894E-02
 -1.35000000E+00  1.78363101E-01
 -1.35000000E+00  2.57402852E-01
 -1.35000000E+00  3.67707364E-01
 -1.35000000E+00  4.46747114E-01
 -1.35000000E+00  5.57051626E-01
 -1.35000000E+00  6.36091376E-01
 -1.35000000E+00  7.46395888E-01
 -1.35000000E+00  8.25435639E-01
 -1.35000000E+00  9.35740151E-01
 -1.35000000E+00  1.01477990E+00
 -1.35000000E+00  1.12508441E+00
 -1.35000000E+00  1.20412416E+00
 -1.35000000E+00  1.31442868E+00
 -1.35000000E+00  1.39346843E+00
 -1.35000000E+00  1.50377294E+00
 -1.35000000E+00  1.58281269E+00
 -1.35000000E+00  1.69311720E+00
 -1.35000000E+00  1.77215695E+00
 -1.35174991E+00  1.88150000E+00
 -1.55075935E+00  1.88150000E+00
 -1.74976880E+00  1.88150000E+00
 -1.89537474E+00  1.88150000E+00
 -2.05000000E+00  1.85711371E+00
 -2.05000000E+00  1.77215695E+00
 -2.05000000E+00  1.68720019E+00
 -2.05000000E+00  1.58281269E+00
 -2.05000000E+00  1.49785593E+00
 -2.05000000E+00  1.39346843E+00
 -2.05000000E+00  1.30851167E+00
 -2.05000000E+00  1.20412416E+00
 -2.05000000E+00  1.11916740E+00
 -2.05000000E+00  1.01477990E+00
 -2.05000000E+00  9.29823142E-01
 -2.05000000E+00  8.25435639E-01
 -2.05000000E+00  7.40478880E-01
 -2.05000000E+00  6.36091376E-01
 -2.05000000E+00  5.51134618E-01
 -2.05000000E+00  4.46747114E-01
 -2.05000000E+00  3.61790355E-01
 -2.05000000E+00  2.57402852E-01
 -2.05000000E+00  1.72446093E-01
 -2.05000000E+00  6.80585894E-02
 -2.05000000E+00 -1.68981691E-02
 -2.05000000E+00 -1.21285673E-01
 -2.05000000E+00 -2.06242431E-01
 -2.05000000E+00 -3.10629935E-01
 -2.05000000E+00 -3.95586694E-01
 -2.05000000E+00 -4.99974198E-01
 -2.05000000E+00 -5.84930956E-01
 -2.05000000E+00 -6.89318460E-01
 -2.05000000E+00 -7.74275218E-01
 -2.05000000E+00 -8.78662722E-01
 -2.05000000E+00 -9.63619481E-01
 -2.05000000E+00 -1.06800698E+00
 -2.05000000E+00 -1.15296374E+00
 -2.05000000E+00 -1.25735125E+00

hb:   line clip z  
clip:
 -1.31743755E+00 -1.31850000E+00
 -7.50235003E-01 -1.31850000E+00
 -5.18032379E-01 -1.25735125E+00
 -5.92191148E-01 -1.10936743E+00
 -6.09803922E-01 -1.06800698E+00
 -6.52933383E-01 -9.53397172E-01
 -6.77132496E-01 -8.78662722E-01
 -7.02066963E-01 -7.91048690E-01
 -7.26842711E-01 -6.89318460E-01
 -7.40787165E-01 -6.22978719E-01
 -7.62388715E-01 -4.99974198E-01
 -7.69736276E-01 -4.49540155E-01
 -7.85695293E-01 -3.10629935E-01
 -7.89147224E-01 -2.70860976E-01
 -7.97835792E-01 -1.21285673E-01
 -7.98890485E-01 -8.68700161E-02
 -7.99319163E-01  6.80585894E-02
 -7.98448329E-01  1.02717183E-01
 -7.90205426E-01  2.57402852E-01
 -7.70118446E-01  4.46747114E-01
 -7.38162951E-01  6.36091376E-01
 -6.92698333E-01  8.25435639E-01
 -6.30810379E-01  1.01477990E+00
 -5.46952287E-01  1.20412416E+00
 -4.53829740E-01  1.35880807E+00
 -3.46728970E-01  1.48697385E+00
 -1.72297816E-01  1.61127783E+00
  5.79125414E-02  1.64567098E+00
  1.72317569E-01  1.61126885E+00
  2.25964361E-01  1.58281269E+00
  3.45219535E-01  1.48846707E+00
  4.28411240E-01  1.39346843E+00
  4.53835248E-01  1.35880024E+00
  5.16932953E-01  1.25927461E+00
  5.46952287E-01  1.20412416E+00
  6.10541856E-01  1.06621205E+00
  6.30810379E-01  1.01477990E+00
  6.67857272E-01  9.08358964E-01
  6.92698333E-01  8.25435639E-01
  7.13969979E-01  7.44350705E-01
  7.38162951E-01  6.36091376E-01
  7.49897269E-01  5.74746206E-01
  7.70118446E-01  4.46747114E-01
  7.76156871E-01  3.99829927E-01
  7.90205426E-01  2.57402852E-01
  7.92878311E-01  2.19673034E-01
  7.99319163E-01  6.80585894E-02
  7.99828660E-01  3.41475472E-02
  7.97835792E-01 -1.21285673E-01
  7.96365632E-01 -1.57099429E-01
  7.85695293E-01 -3.10629935E-01
  7.81293947E-01 -3.54724625E-01
  7.62388715E-01 -4.99974198E-01
  7.52538523E-01 -5.59868166E-01
  7.26842711E-01 -6.89318460E-01
  7.06370816E-01 -7.74578650E-01
  6.77132496E-01 -8.78662722E-01
  6.35217508E-01 -1.00301714E+00
  6.09803922E-01 -1.06800698E+00
  5.18533825E-01 -1.25647167E+00
  7.50254756E-01 -1.31850000E+00
  1.31745730E+00 -1.31850000E+00
  1.35000000E+00 -1.25735125E+00
  1.35000000E+00 -1.17832235E+00
  1.35000000E+00 -1.06800698E+00
  1.35000000E+00 -9.88978087E-01
  1.35000000E+00 -8.78662722E-01
  1.35000000E+00 -7.99633825E-01
  1.35000000E+00 -6.89318460E-01
  1.35000000E+00 -6.10289563E-01
  1.35000000E+00 -4.99974198E-01
  1.35000000E+00 -4.20945300E-01
  1.35000000E+00 -3.10629935E-01
  1.35000000E+00 -2.31601038E-01
  1.35000000E+00 -1.21285673E-01
  1.35000000E+00 -4.22567757E-02
  1.35000000E+00  6.80585894E-02
  1.35000000E+00  1.47087487E-01
  1.35000000E+00  2.57402852E-01
  1.35000000E+00  3.36431749E-01
  1.35000000E+00  4.46747114E-01
  1.35000000E+00  5.25776011E-01
  1.35000000E+00  6.36091376E-01
  1.35000000E+00  7.15120273E-01
  1.35000000E+00  8.25435639E-01
  1.35000000E+00  9.04464536E-01
  1.35000000E+00  1.01477990E+00
  1.35000000E+00  1.09380880E+00
  1.35000000E+00  1.20412416E+00
  1.35000000E+00  1.28315306E+00
  1.35000000E+00  1.39346843E+00
  1.35000000E+00  1.47249732E+00
  1.35000000E+00  1.58281269E+00
  1.35000000E+00  1.66184158E+00
  1.35000000E+00  1.77215695E+00
  1.35000000E+00  1.85118585E+00
  1.20616372E+00  1.88150000E+00
  1.00715427E+00  1.88150000E+00
  8.61548338E-01  1.88150000E+00
  6.62538890E-01  1.88150000E+00
  5.16932953E-01  1.88150000E+00
  3.17923505E-01  1.88150000E+00
  1.72317569E-01  1.88150000E+00
 -2.66918797E-02  1.88150000E+00
 -1.72297816E-01  1.88150000E+00
 -3.71307264E-01  1.88150000E+00
 -5.16913200E-01  1.88150000E+00
 -7.15922649E-01  1.88150000E+00
 -8.61528585E-01  1.88150000E+00
 -1.06053803E+00  1.88150000E+00
 -1.20614397E+00  1.88150000E+00
 -1.35000000E+00  1.85119670E+00
 -1.35000000E+00  1.77215695E+00
 -1.35000000E+00  1.69311720E+00
 -1.35000000E+00  1.58281269E+00
 -1.35000000E+00  1.50377294E+00
 -1.35000000E+00  1.39346843E+00
 -1.35000000E+00  1.31442868E+00
 -1.35000000E+00  1.20412416E+00
 -1.35000000E+00  1.12508441E+00
 -1.35000000E+00  1.01477990E+00
 -1.35000000E+00  9.35740151E-01
 -1.35000000E+00  8.25435639E-01
 -1.35000000E+00  7.46395888E-01
 -1.35000000E+00  6.36091376E-01
 -1.35000000E+00  5.57051626E-01
 -1.35000000E+00  4.46747114E-01
 -1.35000000E+00  3.67707364E-01
 -1.35000000E+00  2.57402852E-01
 -1.35000000E+00  1.78363101E-01
 -1.35000000E+00  6.80585894E-02
 -1.35000000E+00 -1.09811609E-02
 -1.35000000E+00 -1.21285673E-01
 -1.35000000E+00 -2.00325423E-01
 -1.35000000E+00 -3.10629935E-01
 -1.35000000E+00 -3.89669686E-01
 -1.35000000E+00 -4.99974198E-01
 -1.35000000E+00 -5.79013948E-01
 -1.35000000E+00 -6.89318460E-01
 -1.35000000E+00 -7.68358210E-01
 -1.35000000E+00 -8.78662722E-01
 -1.35000000E+00 -9.57702472E-01
 -1.35000000E+00 -1.06800698E+00
 -1.35000000E+00 -1.14704673E+00
 -1.35000000E+00 -1.25735125E+00

hb:   line clip z  
clip:
  1.43948553E+00 -1.31850000E+00
  2.00668807E+00 -1.31850000E+00
  2.05000000E+00 -1.25735125E+00
  2.05000000E+00 -1.17240534E+00
  2.05000000E+00 -1.06800698E+00
  2.05000000E+00 -9.83061079E-01
  2.05000000E+00 -8.78662722E-01
  2.05000000E+00 -7.93716817E-01
  2.05000000E+00 -6.89318460E-01
  2.05000000E+00 -6.04372554E-01
  2.05000000E+00 -4.99974198E-01
  2.05000000E+00 -4.15028292E-01
  2.05000000E+00 -3.10629935E-01
  2.05000000E+00 -2.25684030E-01
  2.05000000E+00 -1.21285673E-01
  2.05000000E+00 -3.63397675E-02
  2.05000000E+00  6.80585894E-02
  2.05000000E+00  1.53004495E-01
  2.05000000E+00  2.57402852E-01
  2.05000000E+00  3.42348757E-01
  2.05000000E+00  4.46747114E-01
  2.05000000E+00  5.31693019E-01
  2.05000000E+00  6.36091376E-01
  2.05000000E+00  7.21037282E-01
  2.05000000E+00  8.25435639E-01
  2.05000000E+00  9.10381544E-01
  2.05000000E+00  1.01477990E+00
  2.05000000E+00  1.09972581E+00
  2.05000000E+00  1.20412416E+00
  2.05000000E+00  1.28907007E+00
  2.05000000E+00  1.39346843E+00
  2.05000000E+00  1.47841433E+00
  2.05000000E+00  1.58281269E+00
  2.05000000E+00  1.66775859E+00
  2.05000000E+00  1.77215695E+00
  2.05000000E+00  1.85710286E+00
  1.89539449E+00  1.88150000E+00
  1.69638504E+00  1.88150000E+00
  1.55077911E+00  1.88150000E+00
  1.35176966E+00  1.88150000E+00
  1.35000000E+00  1.77215695E+00
  1.35000000E+00  1.66184158E+00
  1.35000000E+00  1.58281269E+00
  1.35000000E+00  1.47249732E+00
  1.35000000E+00  1.39346843E+00
  1.35000000E+00  1.28315306E+00
  1.35000000E+00  1.20412416E+00
  1.35000000E+00  1.09380880E+00
  1.35000000E+00  1.01477990E+00
  1.35000000E+00  9.04464536E-01
  1.35000000E+00  8.25435639E-01
  1.35000000E+00  7.15120273E-01
  1.35000000E+00  6.36091376E-01
  1.35000000E+00  5.25776011E-01
  1.35000000E+00  4.46747114E-01
  1.35000000E+00  3.36431749E-01
  1.35000000E+00  2.57402852E-01
  1.35000000E+00  1.47087487E-01
  1.35000000E+00  6.80585894E-02
  1.35000000E+00 -4.22567757E-02
  1.35000000E+00 -1.21285673E-01
  1.35000000E+00 -2.31601038E-01
  1.35000000E+00 -3.10629935E-01
  1.35000000E+00 -4.20945300E-01
  1.35000000E+00 -4.99974198E-01
  1.35000000E+00 -6.10289563E-01
  1.35000000E+00 -6.89318460E-01
  1.35000000E+00 -7.99633825E-01
  1.35000000E+00 -8.78662722E-01
  1.35000000E+00 -9.88978087E-01
  1.35000000E+00 -1.06800698E+00
  1.35000000E+00 -1.17832235E+00
  1.35000000E+00 -1.25735125E+00

hb:   line clip z  
clip:
 -2.04098067E+00  1.88150000E+00
  2.04100043E+00  1.88150000E+00
  2.05000000E+00  1.96150121E+00
  2.05000000E+00  2.04644712E+00
  2.05000000E+00  2.15084547E+00
  1.95118716E+00  2.18150000E+00
  1.89539449E+00  2.18150000E+00
  1.83960183E+00  2.18150000E+00
  1.55077911E+00  2.18150000E+00
  1.49498644E+00  2.18150000E+00
  1.20616372E+00  2.18150000E+00
  1.15037106E+00  2.18150000E+00
  8.61548338E-01  2.18150000E+00
  8.05755673E-01  2.18150000E+00
  5.16932953E-01  2.18150000E+00
  4.61140288E-01  2.18150000E+00
  1.72317569E-01  2.18150000E+00
  1.16524904E-01  2.18150000E+00
 -1.72297816E-01  2.18150000E+00
 -2.28090481E-01  2.18150000E+00
 -5.16913200E-01  2.18150000E+00
 -5.72705866E-01  2.18150000E+00
 -8.61528585E-01  2.18150000E+00
 -9.17321250E-01  2.18150000E+00
 -1.20614397E+00  2.18150000E+00
 -1.26193663E+00  2.18150000E+00
 -1.55075935E+00  2.18150000E+00
 -1.60655202E+00  2.18150000E+00
 -1.89537474E+00  2.18150000E+00
 -1.95116740E+00  2.18150000E+00
 -2.05000000E+00  2.15084547E+00
 -2.05000000E+00  2.06588872E+00
 -2.05000000E+00  1.96150121E+00

#------------------------------------------------------------------------------
z: xorg(1.03)
p: xfac[c2*0.05] form[c1/0.05] notc noxt noyt dmin(1)
p: ymin(0) ymax(1) xmin(0) xmax(1) cmin(1) cmax(100) nosp
hc: y= 0.005 to 0.995 by 0.01 ; x= 0.5 to 0.5 by 1 ;
 1  2  3  4  5  6  7  8  9 10 11 12 13 14 15 16 17 18 19 20
21 22 23 24 25 26 27 28 29 30 31 32 33 34 35 36 37 38 39 40
41 42 43 44 45 46 47 48 49 50 51 52 53 54 55 56 57 58 59 60
61 62 63 64 65 66 67 68 69 70 71 72 73 74 75 76 77 78 79 80
81 82 83 84 85 86 87 88 89 90 91 92 93 94 95 96 97 98 99 100
z: xorg(0.0)
p: xfac[c2*0.05] form[c1/0.05] nosp afac[c5*0.625] ymin[c3] ymax[c4]
p: noxt noxn ytxt(-1) ynum(-1) xltd(-1) xstd(-1) itic(1) ylog
y: Flux [1/cm^2/source]              
#------------------------------------------------------------------------------

wt: s[c5]
\vspace{-3}
  emin  &=&   0.0000E+00 [MeV]
  emax  &=&   1.0000E+03 [MeV]
  zmin  &=&   9.8513E+01 [cm]
  zmax  &=&   9.8522E+01 [cm]
  part. &=& proton  
e:

#------------------------------------------------------------------------------
z: xorg[-1.03/0.05]
p: form[c1] xfac[c2] afac[c5] nosp notf
p: xmin( -4.000000    ) xmax(  4.000000    )
p: ymin( -6.000000    ) ymax(  5.000000    )
 
# Information for Restart Calculation
# This calculation was newly started
# istdev =  2 # 1:Batch variance, 2:History variance
# resc2  = 8.84802248660947893E-03 # Total source weight or Total source weight / maxcas
# resc3  = 5.52250000000000000E+07 # Total history number or Total batch number
# maxcas =       25000 # History / Batch, only used for istdev=1
# bitrseed = 1000100011011110110101110101001001011101011110000000111110110100 # bit data of rseed
