[ T-Track ]
    title = [t-track] in xyz mesh
     mesh =  xyz            # mesh type is xyz scoring mesh
   x-type =    2            # x-mesh is linear given by xmin, xmax and nx
     xmin =  -4.000000      # minimum value of x-mesh points
     xmax =   4.000000      # maximum value of x-mesh points
#    xdel =  0.3200000      # mesh width of x-mesh points
       nx =     25          # number of x-mesh points
#    data = ( x(i), i = 1, nx + 1 )
#          -4.00000E+00 -3.68000E+00 -3.36000E+00 -3.04000E+00 -2.72000E+00
#          -2.40000E+00 -2.08000E+00 -1.76000E+00 -1.44000E+00 -1.12000E+00
#          -8.00000E-01 -4.80000E-01 -1.60000E-01  1.60000E-01  4.80000E-01
#           8.00000E-01  1.12000E+00  1.44000E+00  1.76000E+00  2.08000E+00
#           2.40000E+00  2.72000E+00  3.04000E+00  3.36000E+00  3.68000E+00
#           4.00000E+00
   y-type =    2            # y-mesh is linear given by ymin, ymax and ny
     ymin =  -6.000000      # minimum value of y-mesh points
     ymax =   5.000000      # maximum value of y-mesh points
#    ydel =  0.1833333      # mesh width of y-mesh points
       ny =     60          # number of y-mesh points
#    data = ( y(i), i = 1, ny + 1 )
#          -6.00000E+00 -5.81667E+00 -5.63333E+00 -5.45000E+00 -5.26667E+00
#          -5.08333E+00 -4.90000E+00 -4.71667E+00 -4.53333E+00 -4.35000E+00
#          -4.16667E+00 -3.98333E+00 -3.80000E+00 -3.61667E+00 -3.43333E+00
#          -3.25000E+00 -3.06667E+00 -2.88333E+00 -2.70000E+00 -2.51667E+00
#          -2.33333E+00 -2.15000E+00 -1.96667E+00 -1.78333E+00 -1.60000E+00
#          -1.41667E+00 -1.23333E+00 -1.05000E+00 -8.66667E-01 -6.83333E-01
#          -5.00000E-01 -3.16667E-01 -1.33333E-01  5.00000E-02  2.33333E-01
#           4.16667E-01  6.00000E-01  7.83333E-01  9.66667E-01  1.15000E+00
#           1.33333E+00  1.51667E+00  1.70000E+00  1.88333E+00  2.06667E+00
#           2.25000E+00  2.43333E+00  2.61667E+00  2.80000E+00  2.98333E+00
#           3.16667E+00  3.35000E+00  3.53333E+00  3.71667E+00  3.90000E+00
#           4.08333E+00  4.26667E+00  4.45000E+00  4.63333E+00  4.81667E+00
#           5.00000E+00
   z-type =    1            # z-mesh is given by the below data
       nz =      1          # number of z-mesh points
#    data = ( z(i), i = 1, nz + 1 )
            9.85125E+01  9.85225E+01
   e-type =    1            # e-mesh is given by the below data
       ne =      1          # number of e-mesh points
#    data = ( e(i), i = 1, ne + 1 )
            0.00000E+00  1.00000E+03
     unit =    1            # unit is [1/cm^2/source]
 material =  all            # (D=all) number of specific material
  2D-type =    3            # 1:Cont, 2:Clust, 3:Color, 4:xyz, 5:mat, 6:Clust+Cont, 7:Col+Cont
     axis =      xy            # axis of output
     file = ./out/track_xy.out  # file name of output for the above axis
     part =  proton   
# kf/name :  2212     
    gshow =    1            # 0: no 1:bnd, 2:bnd+mat, 3:bnd+reg 4:bnd+lat 5:bmp style
    resol =    1            # (D=1) resolution of gshow or rshow
    width = 0.5000000       # (D=0.5) width of lines for gshow or rshow
   epsout =    1            # (D=0) generate eps file by ANGEL
#    used :        main (  %)        temp (  %)       total (  %)
#  memory :          95 (  0)           0 (  0)          95 (  0)

#------------------------------------------------------------------------------
#newpage:
#   no. =  1   ie  =  1   iz  =  1   part. = proton  
#   e = (   0.0000E+00  -   1.0000E+03  )
#   z = (   9.8513E+01  -   9.8522E+01  )

'no. =  1,  ie =  1,  iz =  1'
msuc: {\huge [t-track] in xyz mesh}
msdr: {\it plotted by \ANGEL \version}
msdl: {\it calculated by \PHITS  3.35}

x: x [cm]
y: y [cm]
set: c1[ 1.375] c2[ 0.768] c5[ 0.800] c6[ 0.878] c7[ 0.250] c8[ 0.000]
p: h2fs form[c1] xfac[c2] afac[c5] scal[c6] xorg[c7] yorg[c8] nosp
set: c3[1.0e-4] c4[1.0]
p: cmin[c3] cmax[c4]
p: dmin(1e-31)
p: zlog
p: xmin( -4.000000    ) xmax(  4.000000    )
p: ymin( -6.000000    ) ymax(  5.000000    )
#  ny =  60   nx =  25
# ( ( data(x,y), x = 1, nx ), y = ny, 1, -1 )

hc:  y =   4.908333     to  -5.908333     by  0.1833333     ; x =  -3.840000     to   3.840000     by  0.3200000     ;
  1.214E-02  1.151E-02  1.091E-02  1.053E-02  1.002E-02  9.776E-03  9.522E-03  9.217E-03  9.105E-03  8.934E-03
  8.860E-03  8.772E-03  8.829E-03  8.809E-03  8.839E-03  8.957E-03  9.063E-03  9.291E-03  9.489E-03  9.855E-03
  1.006E-02  1.063E-02  1.106E-02  1.142E-02  1.217E-02  1.170E-02  1.113E-02  1.062E-02  1.018E-02  9.760E-03
  9.516E-03  9.183E-03  8.952E-03  8.835E-03  8.610E-03  8.545E-03  8.521E-03  8.565E-03  8.474E-03  8.579E-03
  8.657E-03  8.810E-03  8.898E-03  9.197E-03  9.428E-03  9.733E-03  1.012E-02  1.056E-02  1.096E-02  1.155E-02
  1.120E-02  1.071E-02  1.017E-02  9.790E-03  9.400E-03  9.183E-03  8.810E-03  8.613E-03  8.457E-03  8.360E-03
  8.272E-03  8.208E-03  8.210E-03  8.204E-03  8.234E-03  8.388E-03  8.426E-03  8.592E-03  8.848E-03  9.141E-03
  9.391E-03  9.738E-03  1.021E-02  1.069E-02  1.124E-02  1.088E-02  1.037E-02  9.846E-03  9.436E-03  9.044E-03
  8.800E-03  8.536E-03  8.403E-03  8.257E-03  8.155E-03  8.058E-03  7.979E-03  8.002E-03  7.908E-03  8.041E-03
  8.074E-03  8.277E-03  8.362E-03  8.606E-03  8.812E-03  9.050E-03  9.429E-03  9.841E-03  1.030E-02  1.087E-02
  1.047E-02  9.997E-03  9.454E-03  9.200E-03  8.819E-03  8.560E-03  8.356E-03  8.103E-03  7.975E-03  7.866E-03
  7.764E-03  7.815E-03  7.713E-03  7.712E-03  7.785E-03  7.878E-03  8.008E-03  8.181E-03  8.293E-03  8.497E-03
  8.788E-03  9.215E-03  9.606E-03  9.998E-03  1.047E-02  1.018E-02  9.681E-03  9.267E-03  8.875E-03  8.570E-03
  8.261E-03  8.080E-03  7.913E-03  7.828E-03  7.663E-03  7.552E-03  7.559E-03  7.562E-03  7.544E-03  7.589E-03
  7.618E-03  7.751E-03  7.898E-03  8.083E-03  8.275E-03  8.533E-03  8.870E-03  9.158E-03  9.607E-03  1.011E-02
  9.869E-03  9.351E-03  8.872E-03  8.685E-03  8.400E-03  8.079E-03  7.887E-03  7.715E-03  7.567E-03  7.434E-03
  7.424E-03  7.353E-03  7.403E-03  7.376E-03  7.387E-03  7.437E-03  7.546E-03  7.716E-03  7.874E-03  8.109E-03
  8.337E-03  8.606E-03  8.985E-03  9.332E-03  9.758E-03  9.563E-03  9.102E-03  8.704E-03  8.369E-03  8.151E-03
  7.892E-03  7.722E-03  7.536E-03  7.426E-03  7.349E-03  7.242E-03  7.229E-03  7.205E-03  7.236E-03  7.253E-03
  7.350E-03  7.397E-03  7.509E-03  7.736E-03  7.886E-03  8.140E-03  8.386E-03  8.735E-03  9.075E-03  9.530E-03
  9.318E-03  8.889E-03  8.519E-03  8.196E-03  7.912E-03  7.706E-03  7.498E-03  7.391E-03  7.278E-03  7.184E-03
  7.149E-03  7.107E-03  7.062E-03  7.094E-03  7.166E-03  7.180E-03  7.276E-03  7.387E-03  7.525E-03  7.725E-03
  7.907E-03  8.137E-03  8.637E-03  8.916E-03  9.338E-03  9.110E-03  8.653E-03  8.335E-03  8.010E-03  7.792E-03
  7.563E-03  7.368E-03  7.276E-03  7.178E-03  7.044E-03  7.016E-03  6.968E-03  6.952E-03  6.969E-03  6.996E-03
  7.057E-03  7.117E-03  7.306E-03  7.376E-03  7.558E-03  7.761E-03  8.063E-03  8.557E-03  8.852E-03  9.150E-03
  8.877E-03  8.472E-03  8.152E-03  7.859E-03  7.563E-03  7.424E-03  7.239E-03  7.114E-03  7.039E-03  6.951E-03
  6.962E-03  6.900E-03  6.882E-03  6.852E-03  6.881E-03  6.984E-03  7.027E-03  7.146E-03  7.280E-03  7.393E-03
  7.669E-03  7.835E-03  8.140E-03  8.595E-03  8.900E-03  8.662E-03  8.254E-03  7.943E-03  7.714E-03  7.498E-03
  7.265E-03  7.151E-03  7.049E-03  6.938E-03  6.891E-03  6.795E-03  6.815E-03  6.846E-03  6.782E-03  6.819E-03
  6.830E-03  6.952E-03  7.066E-03  7.107E-03  7.327E-03  7.479E-03  7.724E-03  7.954E-03  8.303E-03  8.679E-03
  8.457E-03  8.167E-03  7.802E-03  7.599E-03  7.313E-03  7.193E-03  7.006E-03  6.911E-03  6.877E-03  6.794E-03
  6.772E-03  6.751E-03  6.721E-03  6.750E-03  6.732E-03  6.785E-03  6.886E-03  6.977E-03  6.997E-03  7.209E-03
  7.331E-03  7.555E-03  7.817E-03  8.113E-03  8.625E-03  8.361E-03  7.960E-03  7.722E-03  7.424E-03  7.291E-03
  7.104E-03  6.953E-03  6.875E-03  6.783E-03  6.760E-03  6.756E-03  6.695E-03  6.735E-03  6.691E-03  6.712E-03
  6.811E-03  6.785E-03  6.848E-03  6.930E-03  7.068E-03  7.244E-03  7.433E-03  7.646E-03  7.976E-03  8.408E-03
  8.204E-03  7.880E-03  7.593E-03  7.346E-03  7.139E-03  7.022E-03  6.920E-03  6.798E-03  6.747E-03  6.692E-03
  6.684E-03  6.639E-03  6.669E-03  6.646E-03  6.703E-03  6.690E-03  6.767E-03  6.788E-03  6.911E-03  7.020E-03
  7.123E-03  7.355E-03  7.566E-03  7.846E-03  8.181E-03  8.111E-03  7.717E-03  7.430E-03  7.265E-03  7.053E-03
  6.920E-03  8.152E-03  8.190E-03  8.103E-03  8.141E-03  8.065E-03  8.089E-03  8.031E-03  8.070E-03  8.002E-03
  8.122E-03  8.145E-03  8.232E-03  8.136E-03  6.883E-03  7.081E-03  7.260E-03  7.511E-03  7.745E-03  8.141E-03
  7.932E-03  7.684E-03  7.432E-03  7.184E-03  7.014E-03  6.851E-03  9.289E-03  9.619E-03  9.578E-03  9.595E-03
  9.518E-03  9.503E-03  9.462E-03  9.449E-03  9.419E-03  9.534E-03  9.573E-03  9.588E-03  9.307E-03  6.855E-03
  6.984E-03  7.208E-03  7.379E-03  7.641E-03  7.951E-03  7.848E-03  7.563E-03  7.287E-03  7.148E-03  6.913E-03
  6.815E-03  9.191E-03  9.157E-03  8.479E-03  8.317E-03  8.335E-03  8.248E-03  8.297E-03  8.348E-03  8.292E-03
  8.311E-03  8.590E-03  9.123E-03  9.194E-03  6.850E-03  6.955E-03  7.189E-03  7.354E-03  7.581E-03  7.844E-03
  7.846E-03  7.503E-03  7.253E-03  6.999E-03  6.950E-03  6.791E-03  9.109E-03  9.197E-03  8.547E-03  8.360E-03
  8.361E-03  8.299E-03  8.331E-03  8.315E-03  8.354E-03  8.295E-03  8.491E-03  9.188E-03  9.080E-03  6.774E-03
  6.874E-03  7.043E-03  7.213E-03  7.474E-03  7.760E-03  7.752E-03  7.417E-03  7.180E-03  6.958E-03  6.821E-03
  6.803E-03  9.094E-03  9.099E-03  8.469E-03  8.348E-03  8.365E-03  8.326E-03  8.294E-03  8.337E-03  8.344E-03
  8.325E-03  8.508E-03  9.123E-03  9.104E-03  6.722E-03  6.827E-03  6.987E-03  7.175E-03  7.458E-03  7.765E-03
  7.645E-03  7.312E-03  7.153E-03  6.956E-03  6.844E-03  6.741E-03  9.133E-03  9.120E-03  8.496E-03  8.328E-03
  8.331E-03  8.367E-03  8.370E-03  8.382E-03  8.266E-03  8.375E-03  8.516E-03  9.145E-03  9.155E-03  6.703E-03
  6.820E-03  6.983E-03  7.123E-03  7.353E-03  7.649E-03  7.571E-03  7.337E-03  7.067E-03  6.948E-03  6.824E-03
  6.658E-03  9.089E-03  9.090E-03  8.570E-03  8.377E-03  8.440E-03  8.367E-03  8.429E-03  8.389E-03  8.381E-03
  8.370E-03  8.563E-03  9.144E-03  9.072E-03  6.718E-03  6.793E-03  6.922E-03  7.063E-03  7.316E-03  7.577E-03
  7.509E-03  7.230E-03  7.090E-03  6.928E-03  6.813E-03  6.719E-03  9.049E-03  9.095E-03  8.489E-03  8.400E-03
  8.369E-03  8.395E-03  8.434E-03  8.473E-03  8.449E-03  8.377E-03  8.542E-03  9.154E-03  9.083E-03  6.708E-03
  6.784E-03  6.887E-03  7.032E-03  7.205E-03  7.551E-03  7.510E-03  7.225E-03  7.026E-03  6.861E-03  6.770E-03
  6.677E-03  9.079E-03  9.144E-03  8.541E-03  8.403E-03  8.426E-03  8.446E-03  8.503E-03  8.505E-03  8.478E-03
  8.403E-03  8.598E-03  9.200E-03  9.159E-03  6.716E-03  6.758E-03  6.860E-03  7.032E-03  7.205E-03  7.530E-03
  7.491E-03  7.172E-03  7.047E-03  6.876E-03  6.741E-03  6.711E-03  9.060E-03  9.118E-03  8.598E-03  8.498E-03
  8.557E-03  8.506E-03  8.557E-03  8.495E-03  8.508E-03  8.383E-03  8.631E-03  9.124E-03  9.106E-03  6.687E-03
  6.736E-03  6.893E-03  6.995E-03  7.190E-03  7.486E-03  7.447E-03  7.188E-03  6.990E-03  6.830E-03  6.795E-03
  6.706E-03  9.095E-03  9.126E-03  8.555E-03  8.471E-03  8.500E-03  8.564E-03  8.582E-03  8.471E-03  8.560E-03
  8.482E-03  8.591E-03  9.197E-03  9.079E-03  6.666E-03  6.690E-03  6.815E-03  7.052E-03  7.217E-03  7.474E-03
  7.462E-03  7.243E-03  7.014E-03  6.874E-03  6.753E-03  6.653E-03  9.065E-03  9.136E-03  8.666E-03  8.438E-03
  8.494E-03  8.532E-03  8.514E-03  8.495E-03  8.496E-03  8.519E-03  8.608E-03  9.116E-03  9.098E-03  6.722E-03
  6.763E-03  6.815E-03  7.007E-03  7.172E-03  7.418E-03  7.486E-03  7.172E-03  6.993E-03  6.894E-03  6.757E-03
  6.673E-03  9.104E-03  9.188E-03  8.634E-03  8.439E-03  8.534E-03  8.637E-03  8.544E-03  8.564E-03  8.523E-03
  8.356E-03  8.624E-03  9.108E-03  9.055E-03  6.686E-03  6.772E-03  6.836E-03  6.992E-03  7.179E-03  7.484E-03
  7.430E-03  7.164E-03  6.955E-03  6.841E-03  6.751E-03  6.672E-03  9.091E-03  9.121E-03  8.572E-03  8.415E-03
  8.478E-03  8.574E-03  8.626E-03  8.562E-03  8.508E-03  8.443E-03  8.585E-03  9.140E-03  9.069E-03  6.705E-03
  6.705E-03  6.815E-03  6.975E-03  7.152E-03  7.467E-03  7.468E-03  7.218E-03  6.940E-03  6.847E-03  6.727E-03
  6.699E-03  9.105E-03  9.118E-03  8.570E-03  8.454E-03  8.449E-03  8.558E-03  8.584E-03  8.594E-03  8.453E-03
  8.517E-03  8.605E-03  9.142E-03  9.069E-03  6.725E-03  6.763E-03  6.845E-03  7.001E-03  7.198E-03  7.465E-03
  7.494E-03  7.217E-03  7.042E-03  6.841E-03  6.690E-03  6.674E-03  9.093E-03  9.153E-03  8.604E-03  8.505E-03
  8.480E-03  8.543E-03  8.453E-03  8.487E-03  8.436E-03  8.425E-03  8.675E-03  9.144E-03  9.105E-03  6.675E-03
  6.700E-03  6.851E-03  7.007E-03  7.231E-03  7.501E-03  7.517E-03  7.263E-03  6.989E-03  6.916E-03  6.738E-03
  6.662E-03  9.112E-03  9.177E-03  8.521E-03  8.379E-03  8.443E-03  8.507E-03  8.483E-03  8.465E-03  8.453E-03
  8.459E-03  8.637E-03  9.137E-03  9.142E-03  6.674E-03  6.779E-03  6.853E-03  7.025E-03  7.252E-03  7.534E-03
  7.520E-03  7.304E-03  7.067E-03  6.921E-03  6.784E-03  6.708E-03  9.076E-03  9.141E-03  8.577E-03  8.391E-03
  8.443E-03  8.435E-03  8.427E-03  8.462E-03  8.440E-03  8.391E-03  8.520E-03  9.018E-03  9.158E-03  6.708E-03
  6.786E-03  6.932E-03  7.100E-03  7.298E-03  7.578E-03  7.628E-03  7.324E-03  7.080E-03  6.942E-03  6.785E-03
  6.701E-03  9.145E-03  9.159E-03  8.580E-03  8.342E-03  8.325E-03  8.320E-03  8.401E-03  8.428E-03  8.364E-03
  8.341E-03  8.539E-03  9.071E-03  9.082E-03  6.731E-03  6.812E-03  6.958E-03  7.149E-03  7.341E-03  7.609E-03
  7.690E-03  7.405E-03  7.168E-03  7.015E-03  9.361E-03  9.714E-03  1.303E-02  1.292E-02  1.203E-02  1.179E-02
  1.190E-02  1.203E-02  1.184E-02  1.213E-02  1.197E-02  1.179E-02  1.209E-02  1.296E-02  1.311E-02  9.727E-03
  9.191E-03  7.059E-03  7.136E-03  7.387E-03  7.633E-03  7.737E-03  7.429E-03  7.150E-03  7.248E-03  3.488E-02
  0.000E+00  0.000E+00  1.000E+00  8.321E-01  5.838E-01  0.000E+00  7.360E-01  1.000E+00  0.000E+00  6.698E-01
  6.297E-01  1.000E+00  5.800E-01  0.000E+00  0.000E+00  2.888E-02  7.116E-03  7.243E-03  7.433E-03  7.791E-03
  7.771E-03  7.481E-03  7.281E-03  7.275E-03  3.652E-02  0.000E+00  0.000E+00  0.000E+00  0.000E+00  7.087E-01
  0.000E+00  0.000E+00  0.000E+00  0.000E+00  0.000E+00  0.000E+00  1.000E+00  0.000E+00  0.000E+00  0.000E+00
  2.894E-02  7.207E-03  7.296E-03  7.515E-03  7.812E-03  7.936E-03  7.594E-03  7.302E-03  7.395E-03  3.703E-02
  0.000E+00  0.000E+00  0.000E+00  0.000E+00  0.000E+00  0.000E+00  0.000E+00  0.000E+00  0.000E+00  0.000E+00
  0.000E+00  0.000E+00  0.000E+00  0.000E+00  0.000E+00  3.019E-02  7.313E-03  7.347E-03  7.577E-03  7.888E-03
  8.068E-03  7.632E-03  7.426E-03  7.488E-03  3.883E-02  0.000E+00  0.000E+00  0.000E+00  0.000E+00  0.000E+00
  0.000E+00  0.000E+00  0.000E+00  0.000E+00  0.000E+00  0.000E+00  0.000E+00  0.000E+00  0.000E+00  0.000E+00
  3.071E-02  7.363E-03  7.404E-03  7.698E-03  8.012E-03  8.119E-03  7.802E-03  7.596E-03  7.526E-03  3.844E-02
  0.000E+00  0.000E+00  0.000E+00  0.000E+00  0.000E+00  0.000E+00  0.000E+00  0.000E+00  0.000E+00  0.000E+00
  0.000E+00  0.000E+00  0.000E+00  0.000E+00  0.000E+00  3.035E-02  7.424E-03  7.520E-03  7.814E-03  8.101E-03
  8.239E-03  7.896E-03  7.581E-03  7.694E-03  3.809E-02  0.000E+00  0.000E+00  0.000E+00  0.000E+00  0.000E+00
  0.000E+00  0.000E+00  0.000E+00  0.000E+00  0.000E+00  0.000E+00  0.000E+00  0.000E+00  0.000E+00  0.000E+00
  3.094E-02  7.581E-03  7.624E-03  7.895E-03  8.259E-03  8.451E-03  8.080E-03  7.788E-03  7.798E-03  3.986E-02
  0.000E+00  0.000E+00  0.000E+00  0.000E+00  0.000E+00  0.000E+00  0.000E+00  0.000E+00  0.000E+00  0.000E+00
  0.000E+00  0.000E+00  0.000E+00  0.000E+00  0.000E+00  3.212E-02  7.694E-03  7.735E-03  8.135E-03  8.471E-03
  8.570E-03  8.178E-03  7.825E-03  7.937E-03  3.881E-02  0.000E+00  0.000E+00  0.000E+00  0.000E+00  0.000E+00
  0.000E+00  0.000E+00  0.000E+00  0.000E+00  0.000E+00  0.000E+00  0.000E+00  0.000E+00  0.000E+00  0.000E+00
  3.289E-02  7.817E-03  7.865E-03  8.234E-03  8.564E-03  8.723E-03  8.313E-03  7.968E-03  8.064E-03  4.138E-02
  0.000E+00  0.000E+00  0.000E+00  0.000E+00  0.000E+00  0.000E+00  0.000E+00  0.000E+00  0.000E+00  0.000E+00
  0.000E+00  0.000E+00  0.000E+00  0.000E+00  0.000E+00  3.314E-02  7.967E-03  8.032E-03  8.344E-03  8.784E-03
  9.000E-03  8.624E-03  8.236E-03  8.228E-03  4.354E-02  0.000E+00  0.000E+00  0.000E+00  0.000E+00  0.000E+00
  0.000E+00  0.000E+00  0.000E+00  0.000E+00  0.000E+00  0.000E+00  0.000E+00  0.000E+00  0.000E+00  0.000E+00
  3.393E-02  8.194E-03  8.256E-03  8.619E-03  9.000E-03  9.190E-03  8.705E-03  8.432E-03  8.380E-03  4.372E-02
  0.000E+00  0.000E+00  0.000E+00  0.000E+00  0.000E+00  0.000E+00  0.000E+00  0.000E+00  0.000E+00  0.000E+00
  0.000E+00  0.000E+00  0.000E+00  0.000E+00  0.000E+00  3.472E-02  8.345E-03  8.450E-03  8.801E-03  9.246E-03
  9.477E-03  8.979E-03  8.539E-03  8.556E-03  4.489E-02  0.000E+00  0.000E+00  0.000E+00  0.000E+00  0.000E+00
  0.000E+00  0.000E+00  0.000E+00  0.000E+00  0.000E+00  0.000E+00  0.000E+00  0.000E+00  0.000E+00  0.000E+00
  3.646E-02  8.576E-03  8.594E-03  9.030E-03  9.443E-03  9.709E-03  9.296E-03  8.781E-03  8.859E-03  4.625E-02
  0.000E+00  0.000E+00  0.000E+00  0.000E+00  0.000E+00  0.000E+00  0.000E+00  0.000E+00  0.000E+00  0.000E+00
  0.000E+00  0.000E+00  0.000E+00  0.000E+00  0.000E+00  3.746E-02  8.698E-03  8.956E-03  9.227E-03  9.652E-03
  1.003E-02  9.531E-03  9.131E-03  9.135E-03  4.869E-02  0.000E+00  0.000E+00  0.000E+00  0.000E+00  0.000E+00
  0.000E+00  0.000E+00  0.000E+00  0.000E+00  0.000E+00  0.000E+00  0.000E+00  0.000E+00  0.000E+00  0.000E+00
  3.902E-02  9.017E-03  9.085E-03  9.403E-03  1.002E-02  1.021E-02  9.769E-03  9.302E-03  9.309E-03  5.038E-02
  0.000E+00  0.000E+00  0.000E+00  0.000E+00  0.000E+00  0.000E+00  0.000E+00  0.000E+00  0.000E+00  0.000E+00
  0.000E+00  0.000E+00  0.000E+00  0.000E+00  0.000E+00  3.919E-02  9.242E-03  9.432E-03  9.718E-03  1.028E-02
  1.055E-02  1.017E-02  9.621E-03  9.660E-03  5.116E-02  0.000E+00  0.000E+00  0.000E+00  0.000E+00  0.000E+00
  0.000E+00  0.000E+00  0.000E+00  0.000E+00  0.000E+00  0.000E+00  0.000E+00  0.000E+00  0.000E+00  0.000E+00
  4.150E-02  9.548E-03  9.678E-03  1.010E-02  1.064E-02  1.101E-02  1.046E-02  9.987E-03  1.002E-02  5.148E-02
  0.000E+00  0.000E+00  0.000E+00  0.000E+00  0.000E+00  0.000E+00  0.000E+00  0.000E+00  0.000E+00  0.000E+00
  0.000E+00  0.000E+00  0.000E+00  0.000E+00  0.000E+00  4.316E-02  9.877E-03  1.005E-02  1.048E-02  1.104E-02
  1.147E-02  1.074E-02  1.038E-02  1.036E-02  5.460E-02  0.000E+00  0.000E+00  0.000E+00  0.000E+00  0.000E+00
  0.000E+00  0.000E+00  0.000E+00  0.000E+00  0.000E+00  0.000E+00  0.000E+00  0.000E+00  0.000E+00  0.000E+00
  4.382E-02  1.019E-02  1.036E-02  1.097E-02  1.146E-02  1.195E-02  1.130E-02  1.075E-02  1.079E-02  5.413E-02
  0.000E+00  0.000E+00  0.000E+00  0.000E+00  0.000E+00  0.000E+00  0.000E+00  0.000E+00  0.000E+00  0.000E+00
  0.000E+00  0.000E+00  0.000E+00  0.000E+00  0.000E+00  4.585E-02  1.056E-02  1.076E-02  1.119E-02  1.187E-02
  1.243E-02  1.184E-02  1.115E-02  1.126E-02  6.120E-02  0.000E+00  0.000E+00  0.000E+00  0.000E+00  0.000E+00
  0.000E+00  0.000E+00  0.000E+00  0.000E+00  0.000E+00  0.000E+00  0.000E+00  0.000E+00  0.000E+00  0.000E+00
  4.671E-02  1.097E-02  1.115E-02  1.167E-02  1.230E-02  1.296E-02  1.223E-02  1.165E-02  1.165E-02  6.102E-02
  0.000E+00  0.000E+00  0.000E+00  0.000E+00  0.000E+00  0.000E+00  0.000E+00  0.000E+00  0.000E+00  0.000E+00
  0.000E+00  0.000E+00  0.000E+00  0.000E+00  0.000E+00  5.083E-02  1.150E-02  1.161E-02  1.220E-02  1.292E-02
  1.326E-02  1.281E-02  1.212E-02  1.216E-02  6.596E-02  0.000E+00  0.000E+00  0.000E+00  0.000E+00  0.000E+00
  0.000E+00  0.000E+00  0.000E+00  0.000E+00  0.000E+00  0.000E+00  0.000E+00  0.000E+00  0.000E+00  0.000E+00
  5.421E-02  1.195E-02  1.214E-02  1.271E-02  1.339E-02  1.406E-02  1.354E-02  1.268E-02  1.280E-02  7.024E-02
  0.000E+00  0.000E+00  0.000E+00  0.000E+00  0.000E+00  0.000E+00  0.000E+00  0.000E+00  0.000E+00  0.000E+00
  0.000E+00  0.000E+00  0.000E+00  0.000E+00  0.000E+00  5.745E-02  1.258E-02  1.259E-02  1.322E-02  1.401E-02
  1.480E-02  1.389E-02  1.321E-02  1.326E-02  7.053E-02  0.000E+00  0.000E+00  0.000E+00  0.000E+00  0.000E+00
  0.000E+00  0.000E+00  0.000E+00  0.000E+00  0.000E+00  0.000E+00  0.000E+00  0.000E+00  0.000E+00  0.000E+00
  6.125E-02  1.317E-02  1.327E-02  1.382E-02  1.475E-02  1.525E-02  1.462E-02  1.394E-02  1.394E-02  7.738E-02
  0.000E+00  0.000E+00  0.000E+00  0.000E+00  0.000E+00  0.000E+00  0.000E+00  0.000E+00  0.000E+00  0.000E+00
  0.000E+00  0.000E+00  0.000E+00  0.000E+00  0.000E+00  6.004E-02  1.373E-02  1.375E-02  1.457E-02  1.543E-02

#------------------------------------------------------------------------------
# gshow
#------------------------------------------------------------------------------

p: legs[c5*0.875]

hb:   line clip z  
frame:
 -3.9999905E+00 -5.9999746E+00
  4.0000095E+00 -5.9999746E+00
  4.0000095E+00  5.0000254E+00
 -3.9999905E+00  5.0000254E+00
clip:
 -4.30768243E+00 -6.18030207E+00
 -2.62100000E+00 -6.18030207E+00
 -2.62100000E+00 -6.01095427E+00
 -2.62100000E+00 -5.99095780E+00
 -2.62100000E+00 -5.82161000E+00
 -2.62100000E+00 -5.80161354E+00
 -2.62100000E+00 -5.63226574E+00
 -2.62100000E+00 -5.61226928E+00
 -2.62100000E+00 -5.44292148E+00
 -2.62100000E+00 -5.42292502E+00
 -2.62100000E+00 -5.25357722E+00
 -2.62100000E+00 -5.23358075E+00
 -2.62100000E+00 -5.06423295E+00
 -2.62100000E+00 -5.04423649E+00
 -2.62100000E+00 -4.87488869E+00
 -2.62100000E+00 -4.85489223E+00
 -2.62100000E+00 -4.68554443E+00
 -2.62100000E+00 -4.66554797E+00
 -2.62100000E+00 -4.49620017E+00
 -2.62100000E+00 -4.47620371E+00
 -2.62100000E+00 -4.30685590E+00
 -2.62100000E+00 -4.28685944E+00
 -2.62100000E+00 -4.11751164E+00
 -2.62100000E+00 -4.09751518E+00
 -2.62100000E+00 -3.92816738E+00
 -2.62100000E+00 -3.90817092E+00
 -2.62100000E+00 -3.73882312E+00
 -2.62100000E+00 -3.71882666E+00
 -2.62100000E+00 -3.54947886E+00
 -2.62100000E+00 -3.52948239E+00
 -2.62100000E+00 -3.36013459E+00
 -2.62100000E+00 -3.34013813E+00
 -2.62100000E+00 -3.17079033E+00
 -2.62100000E+00 -3.15079387E+00
 -2.62100000E+00 -2.98144607E+00
 -2.62100000E+00 -2.96144961E+00
 -2.62100000E+00 -2.79210181E+00
 -2.62100000E+00 -2.77210535E+00
 -2.62100000E+00 -2.60275754E+00
 -2.62100000E+00 -2.58276108E+00
 -2.62100000E+00 -2.41341328E+00
 -2.62100000E+00 -2.39341682E+00
 -2.62100000E+00 -2.22406902E+00
 -2.62100000E+00 -2.20407256E+00
 -2.62100000E+00 -2.03472476E+00
 -2.62100000E+00 -2.01472830E+00
 -2.62100000E+00 -1.84538049E+00
 -2.62100000E+00 -1.82538403E+00
 -2.62100000E+00 -1.65603623E+00
 -2.62100000E+00 -1.63603977E+00
 -2.62100000E+00 -1.46669197E+00
 -2.58460551E+00 -1.31850000E+00
 -2.47331193E+00 -1.31850000E+00
 -2.23999012E+00 -1.31850000E+00
 -2.05000000E+00 -1.25735125E+00
 -2.05000000E+00 -1.15296374E+00
 -2.05000000E+00 -1.06800698E+00
 -2.05000000E+00 -9.63619481E-01
 -2.05000000E+00 -8.78662722E-01
 -2.05000000E+00 -7.74275218E-01
 -2.05000000E+00 -6.89318460E-01
 -2.05000000E+00 -5.84930956E-01
 -2.05000000E+00 -4.99974198E-01
 -2.05000000E+00 -3.95586694E-01
 -2.05000000E+00 -3.10629935E-01
 -2.05000000E+00 -2.06242431E-01
 -2.05000000E+00 -1.21285673E-01
 -2.05000000E+00 -1.68981691E-02
 -2.05000000E+00  6.80585894E-02
 -2.05000000E+00  1.72446093E-01
 -2.05000000E+00  2.57402852E-01
 -2.05000000E+00  3.61790355E-01
 -2.05000000E+00  4.46747114E-01
 -2.05000000E+00  5.51134618E-01
 -2.05000000E+00  6.36091376E-01
 -2.05000000E+00  7.40478880E-01
 -2.05000000E+00  8.25435639E-01
 -2.05000000E+00  9.29823142E-01
 -2.05000000E+00  1.01477990E+00
 -2.05000000E+00  1.11916740E+00
 -2.05000000E+00  1.20412416E+00
 -2.05000000E+00  1.30851167E+00
 -2.05000000E+00  1.39346843E+00
 -2.05000000E+00  1.49785593E+00
 -2.05000000E+00  1.58281269E+00
 -2.05000000E+00  1.68720019E+00
 -2.05000000E+00  1.77215695E+00
 -2.05000000E+00  1.87654445E+00
 -2.05000000E+00  1.96150121E+00
 -2.05000000E+00  2.06588872E+00
 -1.89537474E+00  2.18150000E+00
 -1.60655202E+00  2.18150000E+00
  1.89539449E+00  2.18150000E+00
  2.05000000E+00  2.15084547E+00
  2.05000000E+00  2.04644712E+00
  2.05000000E+00  1.96150121E+00
  2.05000000E+00  1.85710286E+00
  2.05000000E+00  1.77215695E+00
  2.05000000E+00  1.66775859E+00
  2.05000000E+00  1.58281269E+00
  2.05000000E+00  1.47841433E+00
  2.05000000E+00  1.39346843E+00
  2.05000000E+00  1.28907007E+00
  2.05000000E+00  1.20412416E+00
  2.05000000E+00  1.09972581E+00
  2.05000000E+00  1.01477990E+00
  2.05000000E+00  9.10381544E-01
  2.05000000E+00  8.25435639E-01
  2.05000000E+00  7.21037282E-01
  2.05000000E+00  6.36091376E-01
  2.05000000E+00  5.31693019E-01
  2.05000000E+00  4.46747114E-01
  2.05000000E+00  3.42348757E-01
  2.05000000E+00  2.57402852E-01
  2.05000000E+00  1.53004495E-01
  2.05000000E+00  6.80585894E-02
  2.05000000E+00 -3.63397675E-02
  2.05000000E+00 -1.21285673E-01
  2.05000000E+00 -2.25684030E-01
  2.05000000E+00 -3.10629935E-01
  2.05000000E+00 -4.15028292E-01
  2.05000000E+00 -4.99974198E-01
  2.05000000E+00 -6.04372554E-01
  2.05000000E+00 -6.89318460E-01
  2.05000000E+00 -7.93716817E-01
  2.05000000E+00 -8.78662722E-01
  2.05000000E+00 -9.83061079E-01
  2.05000000E+00 -1.06800698E+00
  2.05000000E+00 -1.17240534E+00
  2.12871629E+00 -1.31850000E+00
  2.24000988E+00 -1.31850000E+00
  2.35130346E+00 -1.31850000E+00
  2.58462526E+00 -1.31850000E+00
  2.60900000E+00 -1.62264740E+00
  2.60900000E+00 -6.18030207E+00
  2.92924065E+00 -6.18030207E+00
  3.27385603E+00 -6.18030207E+00
  3.61847142E+00 -6.18030207E+00
  3.96308680E+00 -6.18030207E+00
  4.30770218E+00 -6.18030207E+00
  4.30770218E+00 -5.99095780E+00
  4.30770218E+00 -5.80161354E+00
  4.30770218E+00 -5.61226928E+00
  4.30770218E+00 -5.42292502E+00
  4.30770218E+00 -5.23358075E+00
  4.30770218E+00 -5.04423649E+00
  4.30770218E+00 -4.85489223E+00
  4.30770218E+00 -4.66554797E+00
  4.30770218E+00 -4.47620371E+00
  4.30770218E+00 -4.28685944E+00
  4.30770218E+00 -4.09751518E+00
  4.30770218E+00 -3.90817092E+00
  4.30770218E+00 -3.71882666E+00
  4.30770218E+00 -3.52948239E+00
  4.30770218E+00 -3.34013813E+00
  4.30770218E+00 -3.15079387E+00
  4.30770218E+00 -2.96144961E+00
  4.30770218E+00 -2.77210535E+00
  4.30770218E+00 -2.58276108E+00
  4.30770218E+00 -2.39341682E+00
  4.30770218E+00 -2.20407256E+00
  4.30770218E+00 -2.01472830E+00
  4.30770218E+00 -1.82538403E+00
  4.30770218E+00 -1.63603977E+00
  4.30770218E+00 -1.44669551E+00
  4.30770218E+00 -1.25735125E+00
  4.30770218E+00 -1.06800698E+00
  4.30770218E+00 -8.78662722E-01
  4.30770218E+00 -6.89318460E-01
  4.30770218E+00 -4.99974198E-01
  4.30770218E+00 -3.10629935E-01
  4.30770218E+00 -1.21285673E-01
  4.30770218E+00  6.80585894E-02
  4.30770218E+00  2.57402852E-01
  4.30770218E+00  4.46747114E-01
  4.30770218E+00  6.36091376E-01
  4.30770218E+00  8.25435639E-01
  4.30770218E+00  1.01477990E+00
  4.30770218E+00  1.20412416E+00
  4.30770218E+00  1.39346843E+00
  4.30770218E+00  1.58281269E+00
  4.30770218E+00  1.77215695E+00
  4.30770218E+00  1.96150121E+00
  4.30770218E+00  2.15084547E+00
  4.30770218E+00  2.34018974E+00
  4.30770218E+00  2.52953400E+00
  4.30770218E+00  2.71887826E+00
  4.30770218E+00  2.90822252E+00
  4.30770218E+00  3.09756679E+00
  4.30770218E+00  3.28691105E+00
  4.30770218E+00  3.47625531E+00
  4.30770218E+00  3.66559957E+00
  4.30770218E+00  3.85494384E+00
  4.30770218E+00  4.04428810E+00
  4.30770218E+00  4.23363236E+00
  4.30770218E+00  4.42297662E+00
  4.30770218E+00  4.61232088E+00
  4.30770218E+00  4.80166515E+00
  4.30770218E+00  4.99100941E+00
  4.30770218E+00  5.18035367E+00
  3.96308680E+00  5.18035367E+00
  3.61847142E+00  5.18035367E+00
  3.27385603E+00  5.18035367E+00
  2.92924065E+00  5.18035367E+00
  2.58462526E+00  5.18035367E+00
  2.24000988E+00  5.18035367E+00
  1.89539449E+00  5.18035367E+00
  1.55077911E+00  5.18035367E+00
  1.20616372E+00  5.18035367E+00
  8.61548338E-01  5.18035367E+00
  5.16932953E-01  5.18035367E+00
  1.72317569E-01  5.18035367E+00
 -1.72297816E-01  5.18035367E+00
 -5.16913200E-01  5.18035367E+00
 -8.61528585E-01  5.18035367E+00
 -1.20614397E+00  5.18035367E+00
 -1.55075935E+00  5.18035367E+00
 -1.89537474E+00  5.18035367E+00
 -2.23999012E+00  5.18035367E+00
 -2.58460551E+00  5.18035367E+00
 -2.92922089E+00  5.18035367E+00
 -3.27383628E+00  5.18035367E+00
 -3.61845166E+00  5.18035367E+00
 -3.96306705E+00  5.18035367E+00
 -4.30768243E+00  4.99100941E+00
 -4.30768243E+00 -6.18030207E+00

hb:   line clip z  
frame:
 -3.9999905E+00 -5.9999746E+00
  4.0000095E+00 -5.9999746E+00
  4.0000095E+00  5.0000254E+00
 -3.9999905E+00  5.0000254E+00
clip:
 -2.58460551E+00 -6.18030207E+00
 -2.37100000E+00 -6.18030207E+00
 -2.37100000E+00 -6.06293941E+00
 -2.37100000E+00 -5.99095780E+00
 -2.37100000E+00 -5.87359515E+00
 -2.37100000E+00 -5.80161354E+00
 -2.37100000E+00 -5.68425088E+00
 -2.37100000E+00 -5.61226928E+00
 -2.37100000E+00 -5.49490662E+00
 -2.37100000E+00 -5.42292502E+00
 -2.37100000E+00 -5.30556236E+00
 -2.37100000E+00 -5.23358075E+00
 -2.37100000E+00 -5.11621810E+00
 -2.37100000E+00 -5.04423649E+00
 -2.37100000E+00 -4.92687384E+00
 -2.37100000E+00 -4.85489223E+00
 -2.37100000E+00 -4.73752957E+00
 -2.37100000E+00 -4.66554797E+00
 -2.37100000E+00 -4.54818531E+00
 -2.37100000E+00 -4.47620371E+00
 -2.37100000E+00 -4.35884105E+00
 -2.37100000E+00 -4.28685944E+00
 -2.37100000E+00 -4.16949679E+00
 -2.37100000E+00 -4.09751518E+00
 -2.37100000E+00 -3.98015252E+00
 -2.37100000E+00 -3.90817092E+00
 -2.37100000E+00 -3.79080826E+00
 -2.37100000E+00 -3.71882666E+00
 -2.37100000E+00 -3.60146400E+00
 -2.37100000E+00 -3.52948239E+00
 -2.37100000E+00 -3.41211974E+00
 -2.37100000E+00 -3.34013813E+00
 -2.37100000E+00 -3.22277547E+00
 -2.37100000E+00 -3.15079387E+00
 -2.37100000E+00 -3.03343121E+00
 -2.37100000E+00 -2.96144961E+00
 -2.37100000E+00 -2.84408695E+00
 -2.37100000E+00 -2.77210535E+00
 -2.37100000E+00 -2.65474269E+00
 -2.37100000E+00 -2.58276108E+00
 -2.37100000E+00 -2.46539843E+00
 -2.37100000E+00 -2.39341682E+00
 -2.37100000E+00 -2.27605416E+00
 -2.37100000E+00 -2.20407256E+00
 -2.37100000E+00 -2.08670990E+00
 -2.37100000E+00 -2.01472830E+00
 -2.37100000E+00 -1.89736564E+00
 -2.37100000E+00 -1.82538403E+00
 -2.37100000E+00 -1.70802138E+00
 -2.23999012E+00 -1.56850000E+00
 -2.01830027E+00 -1.56850000E+00
 -1.75000000E+00 -1.52656969E+00
 -1.75000000E+00 -1.44669551E+00
 -1.75000000E+00 -1.36682132E+00
 -1.89537474E+00 -1.31850000E+00
 -2.12869654E+00 -1.31850000E+00
 -2.23999012E+00 -1.31850000E+00
 -2.47331193E+00 -1.31850000E+00
 -2.58460551E+00 -1.31850000E+00
 -2.62100000E+00 -1.42669905E+00
 -2.62100000E+00 -1.44669551E+00
 -2.62100000E+00 -1.46669197E+00
 -2.62100000E+00 -1.63603977E+00
 -2.62100000E+00 -1.65603623E+00
 -2.62100000E+00 -1.82538403E+00
 -2.62100000E+00 -1.84538049E+00
 -2.62100000E+00 -2.01472830E+00
 -2.62100000E+00 -2.03472476E+00
 -2.62100000E+00 -2.20407256E+00
 -2.62100000E+00 -2.22406902E+00
 -2.62100000E+00 -2.39341682E+00
 -2.62100000E+00 -2.41341328E+00
 -2.62100000E+00 -2.58276108E+00
 -2.62100000E+00 -2.60275754E+00
 -2.62100000E+00 -2.77210535E+00
 -2.62100000E+00 -2.79210181E+00
 -2.62100000E+00 -2.96144961E+00
 -2.62100000E+00 -2.98144607E+00
 -2.62100000E+00 -3.15079387E+00
 -2.62100000E+00 -3.17079033E+00
 -2.62100000E+00 -3.34013813E+00
 -2.62100000E+00 -3.36013459E+00
 -2.62100000E+00 -3.52948239E+00
 -2.62100000E+00 -3.54947886E+00
 -2.62100000E+00 -3.71882666E+00
 -2.62100000E+00 -3.73882312E+00
 -2.62100000E+00 -3.90817092E+00
 -2.62100000E+00 -3.92816738E+00
 -2.62100000E+00 -4.09751518E+00
 -2.62100000E+00 -4.11751164E+00
 -2.62100000E+00 -4.28685944E+00
 -2.62100000E+00 -4.30685590E+00
 -2.62100000E+00 -4.47620371E+00
 -2.62100000E+00 -4.49620017E+00
 -2.62100000E+00 -4.66554797E+00
 -2.62100000E+00 -4.68554443E+00
 -2.62100000E+00 -4.85489223E+00
 -2.62100000E+00 -4.87488869E+00
 -2.62100000E+00 -5.04423649E+00
 -2.62100000E+00 -5.06423295E+00
 -2.62100000E+00 -5.23358075E+00
 -2.62100000E+00 -5.25357722E+00
 -2.62100000E+00 -5.42292502E+00
 -2.62100000E+00 -5.44292148E+00
 -2.62100000E+00 -5.61226928E+00
 -2.62100000E+00 -5.63226574E+00
 -2.62100000E+00 -5.80161354E+00
 -2.62100000E+00 -5.82161000E+00
 -2.62100000E+00 -5.99095780E+00
 -2.62100000E+00 -6.01095427E+00
 -2.62100000E+00 -6.18030207E+00

hb:   line clip z  
frame:
 -3.9999905E+00 -5.9999746E+00
  4.0000095E+00 -5.9999746E+00
  4.0000095E+00  5.0000254E+00
 -3.9999905E+00  5.0000254E+00
clip:
 -2.23999012E+00 -6.18030207E+00
 -1.95379934E+00 -6.18030207E+00
 -1.94207814E+00 -6.01661836E+00
 -1.94009462E+00 -5.99095780E+00
 -1.92570245E+00 -5.81827669E+00
 -1.88506640E+00 -5.41726124E+00
 -1.83288030E+00 -5.00989977E+00
 -1.77948405E+00 -4.66554797E+00
 -1.72908901E+00 -4.38484026E+00
 -1.67049313E+00 -4.09751518E+00
 -1.62763520E+00 -3.90817092E+00
 -1.58108638E+00 -3.71882666E+00
 -1.52683818E+00 -3.51633923E+00
 -1.46023283E+00 -3.29039956E+00
 -1.38461297E+00 -3.05950699E+00
 -1.29759158E+00 -2.82235000E+00
 -1.20614397E+00 -2.60127555E+00
 -1.19531076E+00 -2.57680892E+00
 -1.10881342E+00 -2.39341682E+00
 -1.07071815E+00 -2.31900894E+00
 -1.00782747E+00 -2.20407256E+00
 -9.07782067E-01 -2.04014165E+00
 -8.90958859E-01 -2.01472830E+00
 -8.61528585E-01 -1.97169810E+00
 -7.84669164E-01 -1.86761340E+00
 -7.50767840E-01 -1.82538403E+00
 -6.42832850E-01 -1.70522462E+00
 -5.70126887E-01 -1.63603977E+00
 -7.38603053E-01 -1.56850000E+00
 -8.61528585E-01 -1.56850000E+00
 -9.84454117E-01 -1.56850000E+00
 -1.20614397E+00 -1.56850000E+00
 -1.32906950E+00 -1.56850000E+00
 -1.55075935E+00 -1.56850000E+00
 -1.67368489E+00 -1.56850000E+00
 -1.89537474E+00 -1.56850000E+00
 -2.01830027E+00 -1.56850000E+00
 -2.23999012E+00 -1.56850000E+00
 -2.36291566E+00 -1.56850000E+00
 -2.37100000E+00 -1.63603977E+00
 -2.37100000E+00 -1.70802138E+00
 -2.37100000E+00 -1.82538403E+00
 -2.37100000E+00 -1.89736564E+00
 -2.37100000E+00 -2.01472830E+00
 -2.37100000E+00 -2.08670990E+00
 -2.37100000E+00 -2.20407256E+00
 -2.37100000E+00 -2.27605416E+00
 -2.37100000E+00 -2.39341682E+00
 -2.37100000E+00 -2.46539843E+00
 -2.37100000E+00 -2.58276108E+00
 -2.37100000E+00 -2.65474269E+00
 -2.37100000E+00 -2.77210535E+00
 -2.37100000E+00 -2.84408695E+00
 -2.37100000E+00 -2.96144961E+00
 -2.37100000E+00 -3.03343121E+00
 -2.37100000E+00 -3.15079387E+00
 -2.37100000E+00 -3.22277547E+00
 -2.37100000E+00 -3.34013813E+00
 -2.37100000E+00 -3.41211974E+00
 -2.37100000E+00 -3.52948239E+00
 -2.37100000E+00 -3.60146400E+00
 -2.37100000E+00 -3.71882666E+00
 -2.37100000E+00 -3.79080826E+00
 -2.37100000E+00 -3.90817092E+00
 -2.37100000E+00 -3.98015252E+00
 -2.37100000E+00 -4.09751518E+00
 -2.37100000E+00 -4.16949679E+00
 -2.37100000E+00 -4.28685944E+00
 -2.37100000E+00 -4.35884105E+00
 -2.37100000E+00 -4.47620371E+00
 -2.37100000E+00 -4.54818531E+00
 -2.37100000E+00 -4.66554797E+00
 -2.37100000E+00 -4.73752957E+00
 -2.37100000E+00 -4.85489223E+00
 -2.37100000E+00 -4.92687384E+00
 -2.37100000E+00 -5.04423649E+00
 -2.37100000E+00 -5.11621810E+00
 -2.37100000E+00 -5.23358075E+00
 -2.37100000E+00 -5.30556236E+00
 -2.37100000E+00 -5.42292502E+00
 -2.37100000E+00 -5.49490662E+00
 -2.37100000E+00 -5.61226928E+00
 -2.37100000E+00 -5.68425088E+00
 -2.37100000E+00 -5.80161354E+00
 -2.37100000E+00 -5.87359515E+00
 -2.37100000E+00 -5.99095780E+00
 -2.37100000E+00 -6.06293941E+00
 -2.37100000E+00 -6.18030207E+00

hb:   line clip z  
frame:
 -3.9999905E+00 -5.9999746E+00
  4.0000095E+00 -5.9999746E+00
  4.0000095E+00  5.0000254E+00
 -3.9999905E+00  5.0000254E+00
clip:
 -1.89537474E+00 -6.18030207E+00
  1.94179934E+00 -6.18030207E+00
  1.94014095E+00 -6.15571673E+00
  1.92809462E+00 -5.99095780E+00
  1.92674095E+00 -5.97373492E+00
  1.91221657E+00 -5.80161354E+00
  1.91142424E+00 -5.79280622E+00
  1.89539449E+00 -5.62495372E+00
  1.89411069E+00 -5.61226928E+00
  1.87498579E+00 -5.43413830E+00
  1.87371262E+00 -5.42292502E+00
  1.85382158E+00 -5.25642243E+00
  1.85094682E+00 -5.23358075E+00
  1.83065506E+00 -5.07980670E+00
  1.82572501E+00 -5.04423649E+00
  1.80544828E+00 -4.90431196E+00
  1.79794417E+00 -4.85489223E+00
  1.77815562E+00 -4.72996328E+00
  1.76748405E+00 -4.66554797E+00
  1.74872296E+00 -4.55679040E+00
  1.73420397E+00 -4.47620371E+00
  1.71708671E+00 -4.38482824E+00
  1.69793870E+00 -4.28685944E+00
  1.68317257E+00 -4.21411765E+00
  1.65849313E+00 -4.09751518E+00
  1.64689398E+00 -4.04470617E+00
  1.61563520E+00 -3.90817092E+00
  1.60815020E+00 -3.87664915E+00
  1.56908638E+00 -3.71882666E+00
  1.56682387E+00 -3.71001108E+00
  1.55077911E+00 -3.64845396E+00
  1.51850863E+00 -3.52948239E+00
  1.47585175E+00 -3.38130596E+00
  1.46348599E+00 -3.34013813E+00
  1.42585569E+00 -3.21943135E+00
  1.40349801E+00 -3.15079387E+00
  1.37256461E+00 -3.05936715E+00
  1.33787992E+00 -2.96144961E+00
  1.31570854E+00 -2.90126169E+00
  1.26576056E+00 -2.77210535E+00
  1.25496013E+00 -2.74529482E+00
  1.20616372E+00 -2.62883216E+00
  1.18596043E+00 -2.58276108E+00
  1.12007621E+00 -2.44071644E+00
  1.09681342E+00 -2.39341682E+00
  1.04479612E+00 -2.29273380E+00
  9.95827473E-01 -2.20407256E+00
  9.63236945E-01 -2.14820113E+00
  8.78958859E-01 -2.01472830E+00
  8.74263505E-01 -2.00774212E+00
  8.61548338E-01 -1.98905487E+00
  7.38767840E-01 -1.82538403E+00
  6.66886079E-01 -1.74299432E+00
  5.58126887E-01 -1.63603977E+00
  5.42237170E-01 -1.62213671E+00
  5.16932953E-01 -1.60088146E+00
  3.09110734E-01 -1.52185466E+00
  1.72317569E-01 -1.61126885E+00
  1.46760437E-01 -1.62199775E+00
  1.03845748E-01 -1.63603977E+00
 -1.03845748E-01 -1.63603977E+00
 -1.46748821E-01 -1.62200222E+00
 -1.72297816E-01 -1.61127783E+00
 -4.01601190E-01 -1.51005213E+00
 -5.16913200E-01 -1.59116304E+00
 -5.49543011E-01 -1.61811176E+00
 -5.70126887E-01 -1.63603977E+00
 -6.42832850E-01 -1.70522462E+00
 -7.50767840E-01 -1.82538403E+00
 -8.61528585E-01 -1.97169810E+00
 -8.83008640E-01 -2.00292637E+00
 -8.90958859E-01 -2.01472830E+00
 -9.07782067E-01 -2.04014165E+00
 -1.00782747E+00 -2.20407256E+00
 -1.07071815E+00 -2.31900894E+00
 -1.10881342E+00 -2.39341682E+00
 -1.19531076E+00 -2.57680892E+00
 -1.19796043E+00 -2.58276108E+00
 -1.20614397E+00 -2.60127555E+00
 -1.26476639E+00 -2.73989605E+00
 -1.27776056E+00 -2.77210535E+00
 -1.29759158E+00 -2.82235000E+00
 -1.34987992E+00 -2.96144961E+00
 -1.38461297E+00 -3.05950699E+00
 -1.41549801E+00 -3.15079387E+00
 -1.46023283E+00 -3.29039956E+00
 -1.47548599E+00 -3.34013813E+00
 -1.52683818E+00 -3.51633923E+00
 -1.53050863E+00 -3.52948239E+00
 -1.55075935E+00 -3.60340680E+00
 -1.57733424E+00 -3.70422544E+00
 -1.58108638E+00 -3.71882666E+00
 -1.58602927E+00 -3.73820523E+00
 -1.62763520E+00 -3.90817092E+00
 -1.63894127E+00 -3.95662128E+00
 -1.67049313E+00 -4.09751518E+00
 -1.68641396E+00 -4.17204877E+00
 -1.70993870E+00 -4.28685944E+00
 -1.72908901E+00 -4.38484026E+00
 -1.74620397E+00 -4.47620371E+00
 -1.76746933E+00 -4.59527207E+00
 -1.77948405E+00 -4.66554797E+00
 -1.80195731E+00 -4.80356529E+00
 -1.80994417E+00 -4.85489223E+00
 -1.83288030E+00 -5.00989977E+00
 -1.83772501E+00 -5.04423649E+00
 -1.86050827E+00 -5.21442384E+00
 -1.86294682E+00 -5.23358075E+00
 -1.88506640E+00 -5.41726124E+00
 -1.88571262E+00 -5.42292502E+00
 -1.89537474E+00 -5.50992890E+00
 -1.90554204E+00 -5.60668299E+00
 -1.90611069E+00 -5.61226928E+00
 -1.90674422E+00 -5.61851609E+00
 -1.92421657E+00 -5.80161354E+00
 -1.92570245E+00 -5.81827669E+00
 -1.94009462E+00 -5.99095780E+00
 -1.94207814E+00 -6.01661836E+00
 -1.95379934E+00 -6.18030207E+00

hb:   line clip z  
frame:
 -3.9999905E+00 -5.9999746E+00
  4.0000095E+00 -5.9999746E+00
  4.0000095E+00  5.0000254E+00
 -3.9999905E+00  5.0000254E+00
clip:
  2.24000988E+00 -6.18030207E+00
  2.35900000E+00 -6.18030207E+00
  2.35900000E+00 -6.11492455E+00
  2.35900000E+00 -5.99095780E+00
  2.35900000E+00 -5.92558029E+00
  2.35900000E+00 -5.80161354E+00
  2.35900000E+00 -5.73623603E+00
  2.35900000E+00 -5.61226928E+00
  2.35900000E+00 -5.54689177E+00
  2.35900000E+00 -5.42292502E+00
  2.35900000E+00 -5.35754750E+00
  2.35900000E+00 -5.23358075E+00
  2.35900000E+00 -5.16820324E+00
  2.35900000E+00 -5.04423649E+00
  2.35900000E+00 -4.97885898E+00
  2.35900000E+00 -4.85489223E+00
  2.35900000E+00 -4.78951472E+00
  2.35900000E+00 -4.66554797E+00
  2.35900000E+00 -4.60017045E+00
  2.35900000E+00 -4.47620371E+00
  2.35900000E+00 -4.41082619E+00
  2.35900000E+00 -4.28685944E+00
  2.35900000E+00 -4.22148193E+00
  2.35900000E+00 -4.09751518E+00
  2.35900000E+00 -4.03213767E+00
  2.35900000E+00 -3.90817092E+00
  2.35900000E+00 -3.84279340E+00
  2.35900000E+00 -3.71882666E+00
  2.35900000E+00 -3.65344914E+00
  2.35900000E+00 -3.52948239E+00
  2.35900000E+00 -3.46410488E+00
  2.35900000E+00 -3.34013813E+00
  2.35900000E+00 -3.27476062E+00
  2.35900000E+00 -3.15079387E+00
  2.35900000E+00 -3.08541636E+00
  2.35900000E+00 -2.96144961E+00
  2.35900000E+00 -2.89607209E+00
  2.35900000E+00 -2.77210535E+00
  2.35900000E+00 -2.70672783E+00
  2.35900000E+00 -2.58276108E+00
  2.35900000E+00 -2.51738357E+00
  2.35900000E+00 -2.39341682E+00
  2.35900000E+00 -2.32803931E+00
  2.35900000E+00 -2.20407256E+00
  2.35900000E+00 -2.13869504E+00
  2.35900000E+00 -2.01472830E+00
  2.35900000E+00 -1.94935078E+00
  2.35900000E+00 -1.82538403E+00
  2.35900000E+00 -1.76000652E+00
  2.35900000E+00 -1.63603977E+00
  2.35900000E+00 -1.57066226E+00
  2.24000988E+00 -1.56850000E+00
  2.11708434E+00 -1.56850000E+00
  1.89539449E+00 -1.56850000E+00
  1.77246896E+00 -1.56850000E+00
  1.55077911E+00 -1.56850000E+00
  1.42785357E+00 -1.56850000E+00
  1.20616372E+00 -1.56850000E+00
  1.08323819E+00 -1.56850000E+00
  8.61548338E-01 -1.56850000E+00
  7.38622806E-01 -1.56850000E+00
  5.58126887E-01 -1.63603977E+00
  6.66886079E-01 -1.74299432E+00
  7.38767840E-01 -1.82538403E+00
  8.61548338E-01 -1.98905487E+00
  9.63236945E-01 -2.14820113E+00
  1.04479612E+00 -2.29273380E+00
  1.12007621E+00 -2.44071644E+00
  1.18991700E+00 -2.59168763E+00
  1.26576056E+00 -2.77210535E+00
  1.33787992E+00 -2.96144961E+00
  1.40349801E+00 -3.15079387E+00
  1.46348599E+00 -3.34013813E+00
  1.52277796E+00 -3.54486724E+00
  1.56908638E+00 -3.71882666E+00
  1.61563520E+00 -3.90817092E+00
  1.68317257E+00 -4.21411765E+00
  1.74872296E+00 -4.55679040E+00
  1.80544828E+00 -4.90431196E+00
  1.85382158E+00 -5.25642243E+00
  1.89539449E+00 -5.62495372E+00
  1.92809462E+00 -5.99095780E+00
  1.94179934E+00 -6.18030207E+00

hb:   line clip z  
frame:
 -3.9999905E+00 -5.9999746E+00
  4.0000095E+00 -5.9999746E+00
  4.0000095E+00  5.0000254E+00
 -3.9999905E+00  5.0000254E+00
clip:
  2.58462526E+00 -6.18030207E+00
  2.60900000E+00 -6.18030207E+00
  2.60900000E+00 -6.16690970E+00
  2.60900000E+00 -5.99095780E+00
  2.60900000E+00 -5.97756543E+00
  2.60900000E+00 -5.80161354E+00
  2.60900000E+00 -5.78822117E+00
  2.60900000E+00 -5.61226928E+00
  2.60900000E+00 -5.59887691E+00
  2.60900000E+00 -5.42292502E+00
  2.60900000E+00 -5.40953265E+00
  2.60900000E+00 -5.23358075E+00
  2.60900000E+00 -5.22018838E+00
  2.60900000E+00 -5.04423649E+00
  2.60900000E+00 -5.03084412E+00
  2.60900000E+00 -4.85489223E+00
  2.60900000E+00 -4.84149986E+00
  2.60900000E+00 -4.66554797E+00
  2.60900000E+00 -4.65215560E+00
  2.60900000E+00 -4.47620371E+00
  2.60900000E+00 -4.46281134E+00
  2.60900000E+00 -4.28685944E+00
  2.60900000E+00 -4.27346707E+00
  2.60900000E+00 -4.09751518E+00
  2.60900000E+00 -4.08412281E+00
  2.60900000E+00 -3.90817092E+00
  2.60900000E+00 -3.89477855E+00
  2.60900000E+00 -3.71882666E+00
  2.60900000E+00 -3.70543429E+00
  2.60900000E+00 -3.52948239E+00
  2.60900000E+00 -3.51609002E+00
  2.60900000E+00 -3.34013813E+00
  2.60900000E+00 -3.32674576E+00
  2.60900000E+00 -3.15079387E+00
  2.60900000E+00 -3.13740150E+00
  2.60900000E+00 -2.96144961E+00
  2.60900000E+00 -2.94805724E+00
  2.60900000E+00 -2.77210535E+00
  2.60900000E+00 -2.75871297E+00
  2.60900000E+00 -2.58276108E+00
  2.60900000E+00 -2.56936871E+00
  2.60900000E+00 -2.39341682E+00
  2.60900000E+00 -2.38002445E+00
  2.60900000E+00 -2.20407256E+00
  2.60900000E+00 -2.19068019E+00
  2.60900000E+00 -2.01472830E+00
  2.60900000E+00 -2.00133593E+00
  2.60900000E+00 -1.82538403E+00
  2.60900000E+00 -1.81199166E+00
  2.60900000E+00 -1.63603977E+00
  2.60900000E+00 -1.62264740E+00
  2.60900000E+00 -1.44669551E+00
  2.60900000E+00 -1.43330314E+00
  2.58462526E+00 -1.31850000E+00
  2.35130346E+00 -1.31850000E+00
  2.24000988E+00 -1.31850000E+00
  2.00668807E+00 -1.31850000E+00
  1.89539449E+00 -1.31850000E+00
  1.75000000E+00 -1.36681047E+00
  1.75000000E+00 -1.44669551E+00
  1.75000000E+00 -1.52658055E+00
  1.89539449E+00 -1.56850000E+00
  2.11708434E+00 -1.56850000E+00
  2.24000988E+00 -1.56850000E+00
  2.35900000E+00 -1.63603977E+00
  2.35900000E+00 -1.76000652E+00
  2.35900000E+00 -1.82538403E+00
  2.35900000E+00 -1.94935078E+00
  2.35900000E+00 -2.01472830E+00
  2.35900000E+00 -2.13869504E+00
  2.35900000E+00 -2.20407256E+00
  2.35900000E+00 -2.32803931E+00
  2.35900000E+00 -2.39341682E+00
  2.35900000E+00 -2.51738357E+00
  2.35900000E+00 -2.58276108E+00
  2.35900000E+00 -2.70672783E+00
  2.35900000E+00 -2.77210535E+00
  2.35900000E+00 -2.89607209E+00
  2.35900000E+00 -2.96144961E+00
  2.35900000E+00 -3.08541636E+00
  2.35900000E+00 -3.15079387E+00
  2.35900000E+00 -3.27476062E+00
  2.35900000E+00 -3.34013813E+00
  2.35900000E+00 -3.46410488E+00
  2.35900000E+00 -3.52948239E+00
  2.35900000E+00 -3.65344914E+00
  2.35900000E+00 -3.71882666E+00
  2.35900000E+00 -3.84279340E+00
  2.35900000E+00 -3.90817092E+00
  2.35900000E+00 -4.03213767E+00
  2.35900000E+00 -4.09751518E+00
  2.35900000E+00 -4.22148193E+00
  2.35900000E+00 -4.28685944E+00
  2.35900000E+00 -4.41082619E+00
  2.35900000E+00 -4.47620371E+00
  2.35900000E+00 -4.60017045E+00
  2.35900000E+00 -4.66554797E+00
  2.35900000E+00 -4.78951472E+00
  2.35900000E+00 -4.85489223E+00
  2.35900000E+00 -4.97885898E+00
  2.35900000E+00 -5.04423649E+00
  2.35900000E+00 -5.16820324E+00
  2.35900000E+00 -5.23358075E+00
  2.35900000E+00 -5.35754750E+00
  2.35900000E+00 -5.42292502E+00
  2.35900000E+00 -5.54689177E+00
  2.35900000E+00 -5.61226928E+00
  2.35900000E+00 -5.73623603E+00
  2.35900000E+00 -5.80161354E+00
  2.35900000E+00 -5.92558029E+00
  2.35900000E+00 -5.99095780E+00
  2.35900000E+00 -6.11492455E+00
  2.35900000E+00 -6.18030207E+00

hb:   line clip z  
clip:
 -1.75000000E+00 -1.55616559E+00
 -1.55075935E+00 -1.56850000E+00
 -1.32906950E+00 -1.56850000E+00
 -5.16913200E-01 -1.56850000E+00
 -3.84705842E-01 -1.44669551E+00
 -4.25926915E-01 -1.39670432E+00
 -5.16913200E-01 -1.31850000E+00
 -7.50235003E-01 -1.31850000E+00
 -8.61528585E-01 -1.31850000E+00
 -1.09485039E+00 -1.31850000E+00
 -1.20614397E+00 -1.31850000E+00
 -1.43946577E+00 -1.31850000E+00
 -1.55075935E+00 -1.31850000E+00
 -1.75000000E+00 -1.33722543E+00
 -1.75000000E+00 -1.44669551E+00

hb:   line clip z  
clip:
 -3.09103055E-01 -1.52186130E+00
 -1.72297816E-01 -1.61127783E+00
  1.46760437E-01 -1.62199775E+00
  3.09110734E-01 -1.52185466E+00
  5.16932953E-01 -1.25927461E+00
  6.09803922E-01 -1.06800698E+00
  6.77132496E-01 -8.78662722E-01
  7.26842711E-01 -6.89318460E-01
  7.62388715E-01 -4.99974198E-01
  7.85695293E-01 -3.10629935E-01
  7.97835792E-01 -1.21285673E-01
  7.99319163E-01  6.80585894E-02
  7.90205426E-01  2.57402852E-01
  7.70118446E-01  4.46747114E-01
  7.38162951E-01  6.36091376E-01
  6.92698333E-01  8.25435639E-01
  6.30810379E-01  1.01477990E+00
  5.46952287E-01  1.20412416E+00
  5.16932953E-01  1.25927461E+00
  4.28411240E-01  1.39346843E+00
  3.45219535E-01  1.48846707E+00
  2.25964361E-01  1.58281269E+00
  1.72317569E-01  1.61126885E+00
  5.79125414E-02  1.64567098E+00
 -1.72297816E-01  1.61127783E+00
 -2.25964361E-01  1.58281269E+00
 -3.46728970E-01  1.48697385E+00
 -4.28411240E-01  1.39346843E+00
 -5.16913200E-01  1.25930910E+00
 -5.46952287E-01  1.20412416E+00
 -6.30810379E-01  1.01477990E+00
 -6.92698333E-01  8.25435639E-01
 -7.38162951E-01  6.36091376E-01
 -7.70118446E-01  4.46747114E-01
 -7.90205426E-01  2.57402852E-01
 -7.99319163E-01  6.80585894E-02
 -7.97835792E-01 -1.21285673E-01
 -7.85695293E-01 -3.10629935E-01
 -7.62388715E-01 -4.99974198E-01
 -7.26842711E-01 -6.89318460E-01
 -6.77132496E-01 -8.78662722E-01
 -6.09803922E-01 -1.06800698E+00
 -5.18032379E-01 -1.25735125E+00
 -3.84705842E-01 -1.44669551E+00

hb:   line clip z  
clip:
  3.95276477E-01 -1.51353801E+00
  5.16932953E-01 -1.56850000E+00
  7.38622806E-01 -1.56850000E+00
  8.61548338E-01 -1.56850000E+00
  1.08323819E+00 -1.56850000E+00
  1.20616372E+00 -1.56850000E+00
  1.42785357E+00 -1.56850000E+00
  1.55077911E+00 -1.56850000E+00
  1.75000000E+00 -1.55615473E+00
  1.75000000E+00 -1.44669551E+00
  1.75000000E+00 -1.33723628E+00
  1.55077911E+00 -1.31850000E+00
  1.31745730E+00 -1.31850000E+00
  1.20616372E+00 -1.31850000E+00
  9.72841920E-01 -1.31850000E+00
  8.61548338E-01 -1.31850000E+00
  6.28226535E-01 -1.31850000E+00
  5.16932953E-01 -1.31850000E+00
  4.25932792E-01 -1.39669670E+00
  3.84705842E-01 -1.44669551E+00

hb:   line clip z  
clip:
 -2.00666832E+00 -1.31850000E+00
 -1.43946577E+00 -1.31850000E+00
 -1.35000000E+00 -1.25735125E+00
 -1.35000000E+00 -1.14704673E+00
 -1.35000000E+00 -1.06800698E+00
 -1.35000000E+00 -9.57702472E-01
 -1.35000000E+00 -8.78662722E-01
 -1.35000000E+00 -7.68358210E-01
 -1.35000000E+00 -6.89318460E-01
 -1.35000000E+00 -5.79013948E-01
 -1.35000000E+00 -4.99974198E-01
 -1.35000000E+00 -3.89669686E-01
 -1.35000000E+00 -3.10629935E-01
 -1.35000000E+00 -2.00325423E-01
 -1.35000000E+00 -1.21285673E-01
 -1.35000000E+00 -1.09811609E-02
 -1.35000000E+00  6.80585894E-02
 -1.35000000E+00  1.78363101E-01
 -1.35000000E+00  2.57402852E-01
 -1.35000000E+00  3.67707364E-01
 -1.35000000E+00  4.46747114E-01
 -1.35000000E+00  5.57051626E-01
 -1.35000000E+00  6.36091376E-01
 -1.35000000E+00  7.46395888E-01
 -1.35000000E+00  8.25435639E-01
 -1.35000000E+00  9.35740151E-01
 -1.35000000E+00  1.01477990E+00
 -1.35000000E+00  1.12508441E+00
 -1.35000000E+00  1.20412416E+00
 -1.35000000E+00  1.31442868E+00
 -1.35000000E+00  1.39346843E+00
 -1.35000000E+00  1.50377294E+00
 -1.35000000E+00  1.58281269E+00
 -1.35000000E+00  1.69311720E+00
 -1.35000000E+00  1.77215695E+00
 -1.35174991E+00  1.88150000E+00
 -1.55075935E+00  1.88150000E+00
 -1.74976880E+00  1.88150000E+00
 -1.89537474E+00  1.88150000E+00
 -2.05000000E+00  1.85711371E+00
 -2.05000000E+00  1.77215695E+00
 -2.05000000E+00  1.68720019E+00
 -2.05000000E+00  1.58281269E+00
 -2.05000000E+00  1.49785593E+00
 -2.05000000E+00  1.39346843E+00
 -2.05000000E+00  1.30851167E+00
 -2.05000000E+00  1.20412416E+00
 -2.05000000E+00  1.11916740E+00
 -2.05000000E+00  1.01477990E+00
 -2.05000000E+00  9.29823142E-01
 -2.05000000E+00  8.25435639E-01
 -2.05000000E+00  7.40478880E-01
 -2.05000000E+00  6.36091376E-01
 -2.05000000E+00  5.51134618E-01
 -2.05000000E+00  4.46747114E-01
 -2.05000000E+00  3.61790355E-01
 -2.05000000E+00  2.57402852E-01
 -2.05000000E+00  1.72446093E-01
 -2.05000000E+00  6.80585894E-02
 -2.05000000E+00 -1.68981691E-02
 -2.05000000E+00 -1.21285673E-01
 -2.05000000E+00 -2.06242431E-01
 -2.05000000E+00 -3.10629935E-01
 -2.05000000E+00 -3.95586694E-01
 -2.05000000E+00 -4.99974198E-01
 -2.05000000E+00 -5.84930956E-01
 -2.05000000E+00 -6.89318460E-01
 -2.05000000E+00 -7.74275218E-01
 -2.05000000E+00 -8.78662722E-01
 -2.05000000E+00 -9.63619481E-01
 -2.05000000E+00 -1.06800698E+00
 -2.05000000E+00 -1.15296374E+00
 -2.05000000E+00 -1.25735125E+00

hb:   line clip z  
clip:
 -1.31743755E+00 -1.31850000E+00
 -7.50235003E-01 -1.31850000E+00
 -5.18032379E-01 -1.25735125E+00
 -5.92191148E-01 -1.10936743E+00
 -6.09803922E-01 -1.06800698E+00
 -6.52933383E-01 -9.53397172E-01
 -6.77132496E-01 -8.78662722E-01
 -7.02066963E-01 -7.91048690E-01
 -7.26842711E-01 -6.89318460E-01
 -7.40787165E-01 -6.22978719E-01
 -7.62388715E-01 -4.99974198E-01
 -7.69736276E-01 -4.49540155E-01
 -7.85695293E-01 -3.10629935E-01
 -7.89147224E-01 -2.70860976E-01
 -7.97835792E-01 -1.21285673E-01
 -7.98890485E-01 -8.68700161E-02
 -7.99319163E-01  6.80585894E-02
 -7.98448329E-01  1.02717183E-01
 -7.90205426E-01  2.57402852E-01
 -7.70118446E-01  4.46747114E-01
 -7.38162951E-01  6.36091376E-01
 -6.92698333E-01  8.25435639E-01
 -6.30810379E-01  1.01477990E+00
 -5.46952287E-01  1.20412416E+00
 -4.53829740E-01  1.35880807E+00
 -3.46728970E-01  1.48697385E+00
 -1.72297816E-01  1.61127783E+00
  5.79125414E-02  1.64567098E+00
  1.72317569E-01  1.61126885E+00
  2.25964361E-01  1.58281269E+00
  3.45219535E-01  1.48846707E+00
  4.28411240E-01  1.39346843E+00
  4.53835248E-01  1.35880024E+00
  5.16932953E-01  1.25927461E+00
  5.46952287E-01  1.20412416E+00
  6.10541856E-01  1.06621205E+00
  6.30810379E-01  1.01477990E+00
  6.67857272E-01  9.08358964E-01
  6.92698333E-01  8.25435639E-01
  7.13969979E-01  7.44350705E-01
  7.38162951E-01  6.36091376E-01
  7.49897269E-01  5.74746206E-01
  7.70118446E-01  4.46747114E-01
  7.76156871E-01  3.99829927E-01
  7.90205426E-01  2.57402852E-01
  7.92878311E-01  2.19673034E-01
  7.99319163E-01  6.80585894E-02
  7.99828660E-01  3.41475472E-02
  7.97835792E-01 -1.21285673E-01
  7.96365632E-01 -1.57099429E-01
  7.85695293E-01 -3.10629935E-01
  7.81293947E-01 -3.54724625E-01
  7.62388715E-01 -4.99974198E-01
  7.52538523E-01 -5.59868166E-01
  7.26842711E-01 -6.89318460E-01
  7.06370816E-01 -7.74578650E-01
  6.77132496E-01 -8.78662722E-01
  6.35217508E-01 -1.00301714E+00
  6.09803922E-01 -1.06800698E+00
  5.18533825E-01 -1.25647167E+00
  7.50254756E-01 -1.31850000E+00
  1.31745730E+00 -1.31850000E+00
  1.35000000E+00 -1.25735125E+00
  1.35000000E+00 -1.17832235E+00
  1.35000000E+00 -1.06800698E+00
  1.35000000E+00 -9.88978087E-01
  1.35000000E+00 -8.78662722E-01
  1.35000000E+00 -7.99633825E-01
  1.35000000E+00 -6.89318460E-01
  1.35000000E+00 -6.10289563E-01
  1.35000000E+00 -4.99974198E-01
  1.35000000E+00 -4.20945300E-01
  1.35000000E+00 -3.10629935E-01
  1.35000000E+00 -2.31601038E-01
  1.35000000E+00 -1.21285673E-01
  1.35000000E+00 -4.22567757E-02
  1.35000000E+00  6.80585894E-02
  1.35000000E+00  1.47087487E-01
  1.35000000E+00  2.57402852E-01
  1.35000000E+00  3.36431749E-01
  1.35000000E+00  4.46747114E-01
  1.35000000E+00  5.25776011E-01
  1.35000000E+00  6.36091376E-01
  1.35000000E+00  7.15120273E-01
  1.35000000E+00  8.25435639E-01
  1.35000000E+00  9.04464536E-01
  1.35000000E+00  1.01477990E+00
  1.35000000E+00  1.09380880E+00
  1.35000000E+00  1.20412416E+00
  1.35000000E+00  1.28315306E+00
  1.35000000E+00  1.39346843E+00
  1.35000000E+00  1.47249732E+00
  1.35000000E+00  1.58281269E+00
  1.35000000E+00  1.66184158E+00
  1.35000000E+00  1.77215695E+00
  1.35000000E+00  1.85118585E+00
  1.20616372E+00  1.88150000E+00
  1.00715427E+00  1.88150000E+00
  8.61548338E-01  1.88150000E+00
  6.62538890E-01  1.88150000E+00
  5.16932953E-01  1.88150000E+00
  3.17923505E-01  1.88150000E+00
  1.72317569E-01  1.88150000E+00
 -2.66918797E-02  1.88150000E+00
 -1.72297816E-01  1.88150000E+00
 -3.71307264E-01  1.88150000E+00
 -5.16913200E-01  1.88150000E+00
 -7.15922649E-01  1.88150000E+00
 -8.61528585E-01  1.88150000E+00
 -1.06053803E+00  1.88150000E+00
 -1.20614397E+00  1.88150000E+00
 -1.35000000E+00  1.85119670E+00
 -1.35000000E+00  1.77215695E+00
 -1.35000000E+00  1.69311720E+00
 -1.35000000E+00  1.58281269E+00
 -1.35000000E+00  1.50377294E+00
 -1.35000000E+00  1.39346843E+00
 -1.35000000E+00  1.31442868E+00
 -1.35000000E+00  1.20412416E+00
 -1.35000000E+00  1.12508441E+00
 -1.35000000E+00  1.01477990E+00
 -1.35000000E+00  9.35740151E-01
 -1.35000000E+00  8.25435639E-01
 -1.35000000E+00  7.46395888E-01
 -1.35000000E+00  6.36091376E-01
 -1.35000000E+00  5.57051626E-01
 -1.35000000E+00  4.46747114E-01
 -1.35000000E+00  3.67707364E-01
 -1.35000000E+00  2.57402852E-01
 -1.35000000E+00  1.78363101E-01
 -1.35000000E+00  6.80585894E-02
 -1.35000000E+00 -1.09811609E-02
 -1.35000000E+00 -1.21285673E-01
 -1.35000000E+00 -2.00325423E-01
 -1.35000000E+00 -3.10629935E-01
 -1.35000000E+00 -3.89669686E-01
 -1.35000000E+00 -4.99974198E-01
 -1.35000000E+00 -5.79013948E-01
 -1.35000000E+00 -6.89318460E-01
 -1.35000000E+00 -7.68358210E-01
 -1.35000000E+00 -8.78662722E-01
 -1.35000000E+00 -9.57702472E-01
 -1.35000000E+00 -1.06800698E+00
 -1.35000000E+00 -1.14704673E+00
 -1.35000000E+00 -1.25735125E+00

hb:   line clip z  
clip:
  1.43948553E+00 -1.31850000E+00
  2.00668807E+00 -1.31850000E+00
  2.05000000E+00 -1.25735125E+00
  2.05000000E+00 -1.17240534E+00
  2.05000000E+00 -1.06800698E+00
  2.05000000E+00 -9.83061079E-01
  2.05000000E+00 -8.78662722E-01
  2.05000000E+00 -7.93716817E-01
  2.05000000E+00 -6.89318460E-01
  2.05000000E+00 -6.04372554E-01
  2.05000000E+00 -4.99974198E-01
  2.05000000E+00 -4.15028292E-01
  2.05000000E+00 -3.10629935E-01
  2.05000000E+00 -2.25684030E-01
  2.05000000E+00 -1.21285673E-01
  2.05000000E+00 -3.63397675E-02
  2.05000000E+00  6.80585894E-02
  2.05000000E+00  1.53004495E-01
  2.05000000E+00  2.57402852E-01
  2.05000000E+00  3.42348757E-01
  2.05000000E+00  4.46747114E-01
  2.05000000E+00  5.31693019E-01
  2.05000000E+00  6.36091376E-01
  2.05000000E+00  7.21037282E-01
  2.05000000E+00  8.25435639E-01
  2.05000000E+00  9.10381544E-01
  2.05000000E+00  1.01477990E+00
  2.05000000E+00  1.09972581E+00
  2.05000000E+00  1.20412416E+00
  2.05000000E+00  1.28907007E+00
  2.05000000E+00  1.39346843E+00
  2.05000000E+00  1.47841433E+00
  2.05000000E+00  1.58281269E+00
  2.05000000E+00  1.66775859E+00
  2.05000000E+00  1.77215695E+00
  2.05000000E+00  1.85710286E+00
  1.89539449E+00  1.88150000E+00
  1.69638504E+00  1.88150000E+00
  1.55077911E+00  1.88150000E+00
  1.35176966E+00  1.88150000E+00
  1.35000000E+00  1.77215695E+00
  1.35000000E+00  1.66184158E+00
  1.35000000E+00  1.58281269E+00
  1.35000000E+00  1.47249732E+00
  1.35000000E+00  1.39346843E+00
  1.35000000E+00  1.28315306E+00
  1.35000000E+00  1.20412416E+00
  1.35000000E+00  1.09380880E+00
  1.35000000E+00  1.01477990E+00
  1.35000000E+00  9.04464536E-01
  1.35000000E+00  8.25435639E-01
  1.35000000E+00  7.15120273E-01
  1.35000000E+00  6.36091376E-01
  1.35000000E+00  5.25776011E-01
  1.35000000E+00  4.46747114E-01
  1.35000000E+00  3.36431749E-01
  1.35000000E+00  2.57402852E-01
  1.35000000E+00  1.47087487E-01
  1.35000000E+00  6.80585894E-02
  1.35000000E+00 -4.22567757E-02
  1.35000000E+00 -1.21285673E-01
  1.35000000E+00 -2.31601038E-01
  1.35000000E+00 -3.10629935E-01
  1.35000000E+00 -4.20945300E-01
  1.35000000E+00 -4.99974198E-01
  1.35000000E+00 -6.10289563E-01
  1.35000000E+00 -6.89318460E-01
  1.35000000E+00 -7.99633825E-01
  1.35000000E+00 -8.78662722E-01
  1.35000000E+00 -9.88978087E-01
  1.35000000E+00 -1.06800698E+00
  1.35000000E+00 -1.17832235E+00
  1.35000000E+00 -1.25735125E+00

hb:   line clip z  
clip:
 -2.04098067E+00  1.88150000E+00
  2.04100043E+00  1.88150000E+00
  2.05000000E+00  1.96150121E+00
  2.05000000E+00  2.04644712E+00
  2.05000000E+00  2.15084547E+00
  1.95118716E+00  2.18150000E+00
  1.89539449E+00  2.18150000E+00
  1.83960183E+00  2.18150000E+00
  1.55077911E+00  2.18150000E+00
  1.49498644E+00  2.18150000E+00
  1.20616372E+00  2.18150000E+00
  1.15037106E+00  2.18150000E+00
  8.61548338E-01  2.18150000E+00
  8.05755673E-01  2.18150000E+00
  5.16932953E-01  2.18150000E+00
  4.61140288E-01  2.18150000E+00
  1.72317569E-01  2.18150000E+00
  1.16524904E-01  2.18150000E+00
 -1.72297816E-01  2.18150000E+00
 -2.28090481E-01  2.18150000E+00
 -5.16913200E-01  2.18150000E+00
 -5.72705866E-01  2.18150000E+00
 -8.61528585E-01  2.18150000E+00
 -9.17321250E-01  2.18150000E+00
 -1.20614397E+00  2.18150000E+00
 -1.26193663E+00  2.18150000E+00
 -1.55075935E+00  2.18150000E+00
 -1.60655202E+00  2.18150000E+00
 -1.89537474E+00  2.18150000E+00
 -1.95116740E+00  2.18150000E+00
 -2.05000000E+00  2.15084547E+00
 -2.05000000E+00  2.06588872E+00
 -2.05000000E+00  1.96150121E+00

#------------------------------------------------------------------------------
z: xorg(1.03)
p: xfac[c2*0.05] form[c1/0.05] notc noxt noyt dmin(1)
p: ymin(0) ymax(1) xmin(0) xmax(1) cmin(1) cmax(100) nosp
hc: y= 0.005 to 0.995 by 0.01 ; x= 0.5 to 0.5 by 1 ;
 1  2  3  4  5  6  7  8  9 10 11 12 13 14 15 16 17 18 19 20
21 22 23 24 25 26 27 28 29 30 31 32 33 34 35 36 37 38 39 40
41 42 43 44 45 46 47 48 49 50 51 52 53 54 55 56 57 58 59 60
61 62 63 64 65 66 67 68 69 70 71 72 73 74 75 76 77 78 79 80
81 82 83 84 85 86 87 88 89 90 91 92 93 94 95 96 97 98 99 100
z: xorg(0.0)
p: xfac[c2*0.05] form[c1/0.05] nosp afac[c5*0.625] ymin[c3] ymax[c4]
p: noxt noxn ytxt(-1) ynum(-1) xltd(-1) xstd(-1) itic(1) ylog
y: Relative Error
#------------------------------------------------------------------------------

wt: s[c5]
\vspace{-3}
  emin  &=&   0.0000E+00 [MeV]
  emax  &=&   1.0000E+03 [MeV]
  zmin  &=&   9.8513E+01 [cm]
  zmax  &=&   9.8522E+01 [cm]
  part. &=& proton  
e:

#------------------------------------------------------------------------------
z: xorg[-1.03/0.05]
p: form[c1] xfac[c2] afac[c5] nosp notf
p: xmin( -4.000000    ) xmax(  4.000000    )
p: ymin( -6.000000    ) ymax(  5.000000    )
 
# Information for Restart Calculation
# This calculation was newly started
# istdev =  2 # 1:Batch variance, 2:History variance
# resc2  = 8.84802248660947893E-03 # Total source weight or Total source weight / maxcas
# resc3  = 5.52250000000000000E+07 # Total history number or Total batch number
# maxcas =       25000 # History / Batch, only used for istdev=1
# bitrseed = 1000100011011110110101110101001001011101011110000000111110110100 # bit data of rseed
