1398 <--- number of remaining batches 

-------------------------------------------------------------------------------
 Local Batch = [   214 ] : Parallel Status:  0-> normal, 1-> abnormal stop
-------------------------------------------------------------------------------
 ip  status
    1    0
    2    0
    3    0
    4    0
    5    0
    6    0
    7    0
    8    0
    9    0
   10    0
   11    0
   12    0
   13    0
   14    0
   15    0
   16    0
   17    0
   18    0
   19    0
   20    0
   21    0
   22    0
   23    0
   24    0
   25    0
   26    0
   27    0
   28    0
   29    0
   30    0
   31    0

 total source  =              0.

 elapse time =      2823.27 sec.
 av cpu time =      2832.78 sec.

 date = 2026-09-28
 time = 07h 57m 30s

 Starting Random Number of each PE
  ip num      rijk
     1   1000111101010011001111100000101101111110000001100101101100010110
     2   0001101110010100101101011101001111101010011111111101100000001100
     3   1010100010101101010111000001000100011010110011101011111010011000
     4   1110101101011111011111010010010010101000110000011110011001101111
     5   0001010100001000101100101011011101111000000000010111000100100011
     6   1101101000101011010110101110111001001111100101010010011011101000
     7   1011000010100010001100011010111000001110000000001111010010010101
     8   1110111001100101001101110000010010001100001110110000111110100001
     9   0000010000101011100101101000111000000011110100001110100100110010
    10   1100010110001010101110101100000110010110000110010011110110111000
    11   0011100000000111111100101110011101100101101010000100110001101011
    12   0001110000110111010110110001000011101100101111010000100100110111
    13   0011101010101111010010010011101100000010101010111110000010110100
    14   1110111011111100000111011101101010011011001110000100001011011101
    15   1111100010011110000011110010110000100111110101001100111101101001
    16   0101010110000110101101111000000010101111110010101101111010110011
    17   0001110000010000101011100000000101000011001111110101111001011011
    18   1101011100010001111101010011101001001001000110001100100101101111
    19   0001010111011000000110101001011101100010111100101001001110010011
    20   1001010111110010101000110110011100110010001000011001110001011001
    21   0100010001101111001111000101110001100110101111111001010111011111
    22   1101111101011000111101100110110001111101100110100011010001111010
    23   1111111011100010010101110011100010001101001100100110001111001110
    24   1110110001001111011000100011111001010110111010100001000010101110
    25   1011000010111110011110101001011010110011101110000101001010110100
    26   0100011001010011110001110111101100000011000101100101010011101110
    27   0111010110100001010001111100000110011111110011000101011010101111
    28   0100111100011111100011101001100111110111110101101000000110110010
    29   0110100000111010110001011000101000001010001110011011010010110100
    30   1010101000110010111010001101001011101010000001011110100100010110
    31   0111001101101010011000001111101001001110011100011000101011001011
-------------------------------------------------------------------------------
next initial random seed:
 bitrseed = 0101101001011100001001111110111000111000010110110110000101110110
