[ T-Deposit ]
    title = Bragg peak column 2
     mesh =  xyz            # mesh type is xyz scoring mesh
   x-type =    2            # x-mesh is linear given by xmin, xmax and nx
     xmin = -0.2500000      # minimum value of x-mesh points
     xmax =  0.2500000      # maximum value of x-mesh points
#    xdel =  0.5000000      # mesh width of x-mesh points
       nx =      1          # number of x-mesh points
#    data = ( x(i), i = 1, nx + 1 )
#          -2.50000E-01  2.50000E-01
   y-type =    2            # y-mesh is linear given by ymin, ymax and ny
     ymin =  0.4815000      # minimum value of y-mesh points
     ymax =  0.8815000      # maximum value of y-mesh points
#    ydel =  0.4000000      # mesh width of y-mesh points
       ny =      1          # number of y-mesh points
#    data = ( y(i), i = 1, ny + 1 )
#           4.81500E-01  8.81500E-01
   z-type =    2            # z-mesh is linear given by zmin, zmax and nz
     zmin =   97.00000      # minimum value of z-mesh points
     zmax =   100.0000      # maximum value of z-mesh points
#    zdel =  1.0000000E-02  # mesh width of z-mesh points
       nz =    300          # number of z-mesh points
#    data = ( z(i), i = 1, nz + 1 )
#           9.70000E+01  9.70100E+01  9.70200E+01  9.70300E+01  9.70400E+01
#           9.70500E+01  9.70600E+01  9.70700E+01  9.70800E+01  9.70900E+01
#           9.71000E+01  9.71100E+01  9.71200E+01  9.71300E+01  9.71400E+01
#           9.71500E+01  9.71600E+01  9.71700E+01  9.71800E+01  9.71900E+01
#           9.72000E+01  9.72100E+01  9.72200E+01  9.72300E+01  9.72400E+01
#           9.72500E+01  9.72600E+01  9.72700E+01  9.72800E+01  9.72900E+01
#           9.73000E+01  9.73100E+01  9.73200E+01  9.73300E+01  9.73400E+01
#           9.73500E+01  9.73600E+01  9.73700E+01  9.73800E+01  9.73900E+01
#           9.74000E+01  9.74100E+01  9.74200E+01  9.74300E+01  9.74400E+01
#           9.74500E+01  9.74600E+01  9.74700E+01  9.74800E+01  9.74900E+01
#           9.75000E+01  9.75100E+01  9.75200E+01  9.75300E+01  9.75400E+01
#           9.75500E+01  9.75600E+01  9.75700E+01  9.75800E+01  9.75900E+01
#           9.76000E+01  9.76100E+01  9.76200E+01  9.76300E+01  9.76400E+01
#           9.76500E+01  9.76600E+01  9.76700E+01  9.76800E+01  9.76900E+01
#           9.77000E+01  9.77100E+01  9.77200E+01  9.77300E+01  9.77400E+01
#           9.77500E+01  9.77600E+01  9.77700E+01  9.77800E+01  9.77900E+01
#           9.78000E+01  9.78100E+01  9.78200E+01  9.78300E+01  9.78400E+01
#           9.78500E+01  9.78600E+01  9.78700E+01  9.78800E+01  9.78900E+01
#           9.79000E+01  9.79100E+01  9.79200E+01  9.79300E+01  9.79400E+01
#           9.79500E+01  9.79600E+01  9.79700E+01  9.79800E+01  9.79900E+01
#           9.80000E+01  9.80100E+01  9.80200E+01  9.80300E+01  9.80400E+01
#           9.80500E+01  9.80600E+01  9.80700E+01  9.80800E+01  9.80900E+01
#           9.81000E+01  9.81100E+01  9.81200E+01  9.81300E+01  9.81400E+01
#           9.81500E+01  9.81600E+01  9.81700E+01  9.81800E+01  9.81900E+01
#           9.82000E+01  9.82100E+01  9.82200E+01  9.82300E+01  9.82400E+01
#           9.82500E+01  9.82600E+01  9.82700E+01  9.82800E+01  9.82900E+01
#           9.83000E+01  9.83100E+01  9.83200E+01  9.83300E+01  9.83400E+01
#           9.83500E+01  9.83600E+01  9.83700E+01  9.83800E+01  9.83900E+01
#           9.84000E+01  9.84100E+01  9.84200E+01  9.84300E+01  9.84400E+01
#           9.84500E+01  9.84600E+01  9.84700E+01  9.84800E+01  9.84900E+01
#           9.85000E+01  9.85100E+01  9.85200E+01  9.85300E+01  9.85400E+01
#           9.85500E+01  9.85600E+01  9.85700E+01  9.85800E+01  9.85900E+01
#           9.86000E+01  9.86100E+01  9.86200E+01  9.86300E+01  9.86400E+01
#           9.86500E+01  9.86600E+01  9.86700E+01  9.86800E+01  9.86900E+01
#           9.87000E+01  9.87100E+01  9.87200E+01  9.87300E+01  9.87400E+01
#           9.87500E+01  9.87600E+01  9.87700E+01  9.87800E+01  9.87900E+01
#           9.88000E+01  9.88100E+01  9.88200E+01  9.88300E+01  9.88400E+01
#           9.88500E+01  9.88600E+01  9.88700E+01  9.88800E+01  9.88900E+01
#           9.89000E+01  9.89100E+01  9.89200E+01  9.89300E+01  9.89400E+01
#           9.89500E+01  9.89600E+01  9.89700E+01  9.89800E+01  9.89900E+01
#           9.90000E+01  9.90100E+01  9.90200E+01  9.90300E+01  9.90400E+01
#           9.90500E+01  9.90600E+01  9.90700E+01  9.90800E+01  9.90900E+01
#           9.91000E+01  9.91100E+01  9.91200E+01  9.91300E+01  9.91400E+01
#           9.91500E+01  9.91600E+01  9.91700E+01  9.91800E+01  9.91900E+01
#           9.92000E+01  9.92100E+01  9.92200E+01  9.92300E+01  9.92400E+01
#           9.92500E+01  9.92600E+01  9.92700E+01  9.92800E+01  9.92900E+01
#           9.93000E+01  9.93100E+01  9.93200E+01  9.93300E+01  9.93400E+01
#           9.93500E+01  9.93600E+01  9.93700E+01  9.93800E+01  9.93900E+01
#           9.94000E+01  9.94100E+01  9.94200E+01  9.94300E+01  9.94400E+01
#           9.94500E+01  9.94600E+01  9.94700E+01  9.94800E+01  9.94900E+01
#           9.95000E+01  9.95100E+01  9.95200E+01  9.95300E+01  9.95400E+01
#           9.95500E+01  9.95600E+01  9.95700E+01  9.95800E+01  9.95900E+01
#           9.96000E+01  9.96100E+01  9.96200E+01  9.96300E+01  9.96400E+01
#           9.96500E+01  9.96600E+01  9.96700E+01  9.96800E+01  9.96900E+01
#           9.97000E+01  9.97100E+01  9.97200E+01  9.97300E+01  9.97400E+01
#           9.97500E+01  9.97600E+01  9.97700E+01  9.97800E+01  9.97900E+01
#           9.98000E+01  9.98100E+01  9.98200E+01  9.98300E+01  9.98400E+01
#           9.98500E+01  9.98600E+01  9.98700E+01  9.98800E+01  9.98900E+01
#           9.99000E+01  9.99100E+01  9.99200E+01  9.99300E+01  9.99400E+01
#           9.99500E+01  9.99600E+01  9.99700E+01  9.99800E+01  9.99900E+01
#           1.00000E+02
     unit =    0            # unit is [Gy/source]
   letmat =    0            # (D=0) mat ID for LET, 0:real mat, <0: electron for H2O
  dedxfnc =    0            # (D=0) user defined multiplier, 0(no), 1, 2
 material =  all            # (D=all) number of specific material
   output =  dose           # total deposit energy
  deposit =    0            # (D=0) 0-> total deposit dist, 1-> each process
     axis =     z           # axis of output
     file = ./out/bragg_CR39_col2.out  # file name of output for the above axis
     part =  proton   
# kf/name :  2212     
   epsout =    1            # (D=0) generate eps file by ANGEL
   mother =  all            # (D=all) number of specific mother
#    used :        main (  %)        temp (  %)       total (  %)
#  memory :         308 (  0)           0 (  0)         308 (  0)

#------------------------------------------------------------------------------
#newpage:
#   no. =  1   ix  =  1   iy  =  1
#   x = (  -2.5000E-01  -   2.5000E-01  )
#   y = (   4.8150E-01  -   8.8150E-01  )

x: z[cm]
y: Dose [Gy/source]      
p: xlin ylog afac(0.8) form(0.9)
h: n            x            y(proton  ),hh0l n 
#  z-lower      z-upper        proton    r.err 
   9.7000E+01   9.7010E+01   2.3647E-01  0.0027
   9.7010E+01   9.7020E+01   2.3717E-01  0.0027
   9.7020E+01   9.7030E+01   2.3695E-01  0.0027
   9.7030E+01   9.7040E+01   2.3602E-01  0.0027
   9.7040E+01   9.7050E+01   2.3591E-01  0.0027
   9.7050E+01   9.7060E+01   2.3642E-01  0.0027
   9.7060E+01   9.7070E+01   2.3661E-01  0.0027
   9.7070E+01   9.7080E+01   2.3677E-01  0.0027
   9.7080E+01   9.7090E+01   2.3714E-01  0.0027
   9.7090E+01   9.7100E+01   2.3652E-01  0.0027
   9.7100E+01   9.7110E+01   2.3766E-01  0.0027
   9.7110E+01   9.7120E+01   2.3710E-01  0.0027
   9.7120E+01   9.7130E+01   2.3651E-01  0.0027
   9.7130E+01   9.7140E+01   2.3691E-01  0.0027
   9.7140E+01   9.7150E+01   2.3605E-01  0.0027
   9.7150E+01   9.7160E+01   2.3725E-01  0.0027
   9.7160E+01   9.7170E+01   2.3682E-01  0.0027
   9.7170E+01   9.7180E+01   2.3670E-01  0.0027
   9.7180E+01   9.7190E+01   2.3564E-01  0.0027
   9.7190E+01   9.7200E+01   2.3551E-01  0.0027
   9.7200E+01   9.7210E+01   2.3565E-01  0.0027
   9.7210E+01   9.7220E+01   2.3567E-01  0.0027
   9.7220E+01   9.7230E+01   2.3621E-01  0.0027
   9.7230E+01   9.7240E+01   2.3568E-01  0.0027
   9.7240E+01   9.7250E+01   2.3622E-01  0.0027
   9.7250E+01   9.7260E+01   2.3498E-01  0.0027
   9.7260E+01   9.7270E+01   2.3567E-01  0.0027
   9.7270E+01   9.7280E+01   2.3572E-01  0.0027
   9.7280E+01   9.7290E+01   2.3529E-01  0.0027
   9.7290E+01   9.7300E+01   2.3567E-01  0.0027
   9.7300E+01   9.7310E+01   2.3466E-01  0.0027
   9.7310E+01   9.7320E+01   2.3616E-01  0.0027
   9.7320E+01   9.7330E+01   2.3519E-01  0.0027
   9.7330E+01   9.7340E+01   2.3512E-01  0.0027
   9.7340E+01   9.7350E+01   2.3568E-01  0.0027
   9.7350E+01   9.7360E+01   2.3358E-01  0.0027
   9.7360E+01   9.7370E+01   2.3576E-01  0.0027
   9.7370E+01   9.7380E+01   2.3590E-01  0.0027
   9.7380E+01   9.7390E+01   2.3529E-01  0.0027
   9.7390E+01   9.7400E+01   2.3459E-01  0.0027
   9.7400E+01   9.7410E+01   2.3513E-01  0.0027
   9.7410E+01   9.7420E+01   2.3528E-01  0.0027
   9.7420E+01   9.7430E+01   2.3518E-01  0.0027
   9.7430E+01   9.7440E+01   2.3492E-01  0.0027
   9.7440E+01   9.7450E+01   2.3528E-01  0.0027
   9.7450E+01   9.7460E+01   2.3539E-01  0.0027
   9.7460E+01   9.7470E+01   2.3486E-01  0.0027
   9.7470E+01   9.7480E+01   2.3499E-01  0.0027
   9.7480E+01   9.7490E+01   2.3522E-01  0.0027
   9.7490E+01   9.7500E+01   2.3532E-01  0.0027
   9.7500E+01   9.7510E+01   2.3433E-01  0.0027
   9.7510E+01   9.7520E+01   2.3541E-01  0.0027
   9.7520E+01   9.7530E+01   2.3492E-01  0.0027
   9.7530E+01   9.7540E+01   2.3487E-01  0.0027
   9.7540E+01   9.7550E+01   2.3438E-01  0.0027
   9.7550E+01   9.7560E+01   2.3566E-01  0.0027
   9.7560E+01   9.7570E+01   2.3464E-01  0.0027
   9.7570E+01   9.7580E+01   2.3501E-01  0.0027
   9.7580E+01   9.7590E+01   2.3375E-01  0.0027
   9.7590E+01   9.7600E+01   2.3395E-01  0.0027
   9.7600E+01   9.7610E+01   2.3431E-01  0.0027
   9.7610E+01   9.7620E+01   2.3447E-01  0.0027
   9.7620E+01   9.7630E+01   2.3474E-01  0.0027
   9.7630E+01   9.7640E+01   2.3382E-01  0.0027
   9.7640E+01   9.7650E+01   2.3342E-01  0.0027
   9.7650E+01   9.7660E+01   2.3355E-01  0.0027
   9.7660E+01   9.7670E+01   2.3331E-01  0.0027
   9.7670E+01   9.7680E+01   2.3390E-01  0.0027
   9.7680E+01   9.7690E+01   2.3343E-01  0.0027
   9.7690E+01   9.7700E+01   2.3299E-01  0.0027
   9.7700E+01   9.7710E+01   2.3455E-01  0.0027
   9.7710E+01   9.7720E+01   2.3378E-01  0.0027
   9.7720E+01   9.7730E+01   2.3457E-01  0.0027
   9.7730E+01   9.7740E+01   2.3389E-01  0.0027
   9.7740E+01   9.7750E+01   2.3378E-01  0.0027
   9.7750E+01   9.7760E+01   2.3399E-01  0.0027
   9.7760E+01   9.7770E+01   2.3469E-01  0.0027
   9.7770E+01   9.7780E+01   2.3302E-01  0.0027
   9.7780E+01   9.7790E+01   2.3324E-01  0.0027
   9.7790E+01   9.7800E+01   2.3346E-01  0.0027
   9.7800E+01   9.7810E+01   2.3311E-01  0.0027
   9.7810E+01   9.7820E+01   2.3333E-01  0.0027
   9.7820E+01   9.7830E+01   2.3352E-01  0.0027
   9.7830E+01   9.7840E+01   2.3406E-01  0.0027
   9.7840E+01   9.7850E+01   2.3276E-01  0.0027
   9.7850E+01   9.7860E+01   2.3343E-01  0.0027
   9.7860E+01   9.7870E+01   2.3414E-01  0.0027
   9.7870E+01   9.7880E+01   2.3290E-01  0.0027
   9.7880E+01   9.7890E+01   2.3275E-01  0.0027
   9.7890E+01   9.7900E+01   2.3222E-01  0.0027
   9.7900E+01   9.7910E+01   2.3343E-01  0.0027
   9.7910E+01   9.7920E+01   2.3327E-01  0.0027
   9.7920E+01   9.7930E+01   2.3374E-01  0.0027
   9.7930E+01   9.7940E+01   2.3296E-01  0.0027
   9.7940E+01   9.7950E+01   2.3328E-01  0.0027
   9.7950E+01   9.7960E+01   2.3372E-01  0.0027
   9.7960E+01   9.7970E+01   2.3287E-01  0.0027
   9.7970E+01   9.7980E+01   2.3275E-01  0.0027
   9.7980E+01   9.7990E+01   2.3289E-01  0.0027
   9.7990E+01   9.8000E+01   2.3171E-01  0.0027
   9.8000E+01   9.8010E+01   2.3236E-01  0.0027
   9.8010E+01   9.8020E+01   2.3360E-01  0.0027
   9.8020E+01   9.8030E+01   2.3276E-01  0.0027
   9.8030E+01   9.8040E+01   2.3183E-01  0.0027
   9.8040E+01   9.8050E+01   2.3284E-01  0.0027
   9.8050E+01   9.8060E+01   2.3220E-01  0.0027
   9.8060E+01   9.8070E+01   2.3297E-01  0.0027
   9.8070E+01   9.8080E+01   2.3229E-01  0.0027
   9.8080E+01   9.8090E+01   2.3178E-01  0.0027
   9.8090E+01   9.8100E+01   2.3214E-01  0.0027
   9.8100E+01   9.8110E+01   2.3145E-01  0.0027
   9.8110E+01   9.8120E+01   2.3128E-01  0.0027
   9.8120E+01   9.8130E+01   2.3268E-01  0.0027
   9.8130E+01   9.8140E+01   2.3267E-01  0.0027
   9.8140E+01   9.8150E+01   2.3174E-01  0.0027
   9.8150E+01   9.8160E+01   2.3145E-01  0.0027
   9.8160E+01   9.8170E+01   2.3277E-01  0.0027
   9.8170E+01   9.8180E+01   2.3203E-01  0.0027
   9.8180E+01   9.8190E+01   2.3206E-01  0.0027
   9.8190E+01   9.8200E+01   2.3197E-01  0.0027
   9.8200E+01   9.8210E+01   2.3060E-01  0.0027
   9.8210E+01   9.8220E+01   2.3225E-01  0.0027
   9.8220E+01   9.8230E+01   2.3196E-01  0.0027
   9.8230E+01   9.8240E+01   2.3128E-01  0.0027
   9.8240E+01   9.8250E+01   2.3123E-01  0.0027
   9.8250E+01   9.8260E+01   2.3216E-01  0.0027
   9.8260E+01   9.8270E+01   2.3224E-01  0.0027
   9.8270E+01   9.8280E+01   2.3197E-01  0.0028
   9.8280E+01   9.8290E+01   2.3090E-01  0.0027
   9.8290E+01   9.8300E+01   2.3083E-01  0.0027
   9.8300E+01   9.8310E+01   2.2982E-01  0.0027
   9.8310E+01   9.8320E+01   2.3166E-01  0.0027
   9.8320E+01   9.8330E+01   2.3235E-01  0.0028
   9.8330E+01   9.8340E+01   2.7197E-01  0.0011
   9.8340E+01   9.8350E+01   2.8094E-01  0.0011
   9.8350E+01   9.8360E+01   2.9127E-01  0.0011
   9.8360E+01   9.8370E+01   3.0367E-01  0.0011
   9.8370E+01   9.8380E+01   3.1870E-01  0.0011
   9.8380E+01   9.8390E+01   3.3987E-01  0.0012
   9.8390E+01   9.8400E+01   3.6799E-01  0.0012
   9.8400E+01   9.8410E+01   3.5161E-01  0.0012
   9.8410E+01   9.8420E+01   3.6385E-01  0.0012
   9.8420E+01   9.8430E+01   3.6514E-01  0.0012
   9.8430E+01   9.8440E+01   3.5165E-01  0.0012
   9.8440E+01   9.8450E+01   3.4913E-01  0.0012
   9.8450E+01   9.8460E+01   3.5299E-01  0.0013
   9.8460E+01   9.8470E+01   3.3885E-01  0.0013
   9.8470E+01   9.8480E+01   3.5390E-01  0.0013
   9.8480E+01   9.8490E+01   3.3559E-01  0.0013
   9.8490E+01   9.8500E+01   3.5949E-01  0.0014
   9.8500E+01   9.8510E+01   3.3275E-01  0.0014
   9.8510E+01   9.8520E+01   3.5290E-01  0.0015
   9.8520E+01   9.8530E+01   3.3034E-01  0.0016
   9.8530E+01   9.8540E+01   3.3216E-01  0.0016
   9.8540E+01   9.8550E+01   3.1498E-01  0.0019
   9.8550E+01   9.8560E+01   1.8674E-01  0.0024
   9.8560E+01   9.8570E+01   4.4458E-03  0.0117
   9.8570E+01   9.8580E+01   4.4063E-07  1.0000
   9.8580E+01   9.8590E+01   0.0000E+00  0.0000
   9.8590E+01   9.8600E+01   0.0000E+00  0.0000
   9.8600E+01   9.8610E+01   0.0000E+00  0.0000
   9.8610E+01   9.8620E+01   0.0000E+00  0.0000
   9.8620E+01   9.8630E+01   0.0000E+00  0.0000
   9.8630E+01   9.8640E+01   0.0000E+00  0.0000
   9.8640E+01   9.8650E+01   0.0000E+00  0.0000
   9.8650E+01   9.8660E+01   0.0000E+00  0.0000
   9.8660E+01   9.8670E+01   0.0000E+00  0.0000
   9.8670E+01   9.8680E+01   0.0000E+00  0.0000
   9.8680E+01   9.8690E+01   0.0000E+00  0.0000
   9.8690E+01   9.8700E+01   0.0000E+00  0.0000
   9.8700E+01   9.8710E+01   0.0000E+00  0.0000
   9.8710E+01   9.8720E+01   0.0000E+00  0.0000
   9.8720E+01   9.8730E+01   0.0000E+00  0.0000
   9.8730E+01   9.8740E+01   0.0000E+00  0.0000
   9.8740E+01   9.8750E+01   0.0000E+00  0.0000
   9.8750E+01   9.8760E+01   0.0000E+00  0.0000
   9.8760E+01   9.8770E+01   0.0000E+00  0.0000
   9.8770E+01   9.8780E+01   0.0000E+00  0.0000
   9.8780E+01   9.8790E+01   0.0000E+00  0.0000
   9.8790E+01   9.8800E+01   0.0000E+00  0.0000
   9.8800E+01   9.8810E+01   0.0000E+00  0.0000
   9.8810E+01   9.8820E+01   0.0000E+00  0.0000
   9.8820E+01   9.8830E+01   0.0000E+00  0.0000
   9.8830E+01   9.8840E+01   0.0000E+00  0.0000
   9.8840E+01   9.8850E+01   0.0000E+00  0.0000
   9.8850E+01   9.8860E+01   0.0000E+00  0.0000
   9.8860E+01   9.8870E+01   0.0000E+00  0.0000
   9.8870E+01   9.8880E+01   0.0000E+00  0.0000
   9.8880E+01   9.8890E+01   0.0000E+00  0.0000
   9.8890E+01   9.8900E+01   0.0000E+00  0.0000
   9.8900E+01   9.8910E+01   0.0000E+00  0.0000
   9.8910E+01   9.8920E+01   0.0000E+00  0.0000
   9.8920E+01   9.8930E+01   0.0000E+00  0.0000
   9.8930E+01   9.8940E+01   0.0000E+00  0.0000
   9.8940E+01   9.8950E+01   0.0000E+00  0.0000
   9.8950E+01   9.8960E+01   0.0000E+00  0.0000
   9.8960E+01   9.8970E+01   0.0000E+00  0.0000
   9.8970E+01   9.8980E+01   0.0000E+00  0.0000
   9.8980E+01   9.8990E+01   0.0000E+00  0.0000
   9.8990E+01   9.9000E+01   0.0000E+00  0.0000
   9.9000E+01   9.9010E+01   0.0000E+00  0.0000
   9.9010E+01   9.9020E+01   0.0000E+00  0.0000
   9.9020E+01   9.9030E+01   0.0000E+00  0.0000
   9.9030E+01   9.9040E+01   0.0000E+00  0.0000
   9.9040E+01   9.9050E+01   0.0000E+00  0.0000
   9.9050E+01   9.9060E+01   0.0000E+00  0.0000
   9.9060E+01   9.9070E+01   0.0000E+00  0.0000
   9.9070E+01   9.9080E+01   0.0000E+00  0.0000
   9.9080E+01   9.9090E+01   0.0000E+00  0.0000
   9.9090E+01   9.9100E+01   0.0000E+00  0.0000
   9.9100E+01   9.9110E+01   0.0000E+00  0.0000
   9.9110E+01   9.9120E+01   0.0000E+00  0.0000
   9.9120E+01   9.9130E+01   0.0000E+00  0.0000
   9.9130E+01   9.9140E+01   1.2089E-07  1.0000
   9.9140E+01   9.9150E+01   1.5259E-06  1.0000
   9.9150E+01   9.9160E+01   9.3998E-07  0.8786
   9.9160E+01   9.9170E+01   1.4977E-06  0.7131
   9.9170E+01   9.9180E+01   1.2370E-06  0.7142
   9.9180E+01   9.9190E+01   3.4761E-06  0.7126
   9.9190E+01   9.9200E+01   2.4796E-06  0.6575
   9.9200E+01   9.9210E+01   3.6792E-06  0.5640
   9.9210E+01   9.9220E+01   6.9247E-06  0.6751
   9.9220E+01   9.9230E+01   8.4960E-06  0.8044
   9.9230E+01   9.9240E+01   9.9895E-06  0.7330
   9.9240E+01   9.9250E+01   6.6272E-06  0.5473
   9.9250E+01   9.9260E+01   5.3516E-06  0.5283
   9.9260E+01   9.9270E+01   5.3863E-06  0.4495
   9.9270E+01   9.9280E+01   5.9111E-06  0.5349
   9.9280E+01   9.9290E+01   4.8957E-06  0.4763
   9.9290E+01   9.9300E+01   9.5636E-06  0.5630
   9.9300E+01   9.9310E+01   1.6780E-05  0.6683
   9.9310E+01   9.9320E+01   4.0528E-06  0.4320
   9.9320E+01   9.9330E+01   6.6315E-06  0.4602
   9.9330E+01   9.9340E+01   8.7333E-06  0.5642
   9.9340E+01   9.9350E+01   9.6778E-06  0.5455
   9.9350E+01   9.9360E+01   1.1431E-05  0.5446
   9.9360E+01   9.9370E+01   1.4550E-05  0.6464
   9.9370E+01   9.9380E+01   1.2104E-05  0.4397
   9.9380E+01   9.9390E+01   7.2349E-06  0.5058
   9.9390E+01   9.9400E+01   1.8856E-05  0.4768
   9.9400E+01   9.9410E+01   3.9210E-05  0.6628
   9.9410E+01   9.9420E+01   1.7567E-05  0.5210
   9.9420E+01   9.9430E+01   1.6155E-05  0.5075
   9.9430E+01   9.9440E+01   2.5869E-05  0.4249
   9.9440E+01   9.9450E+01   1.7312E-05  0.4652
   9.9450E+01   9.9460E+01   1.9615E-05  0.5335
   9.9460E+01   9.9470E+01   1.5191E-05  0.4419
   9.9470E+01   9.9480E+01   1.3159E-05  0.5649
   9.9480E+01   9.9490E+01   1.0408E-05  0.5307
   9.9490E+01   9.9500E+01   1.0663E-05  0.5626
   9.9500E+01   9.9510E+01   1.3375E-05  0.4699
   9.9510E+01   9.9520E+01   8.4581E-06  0.5003
   9.9520E+01   9.9530E+01   1.0086E-05  0.6189
   9.9530E+01   9.9540E+01   8.4446E-06  0.6086
   9.9540E+01   9.9550E+01   7.7708E-06  0.6395
   9.9550E+01   9.9560E+01   6.4541E-06  0.7138
   9.9560E+01   9.9570E+01   8.1818E-06  0.6068
   9.9570E+01   9.9580E+01   1.3284E-05  0.6797
   9.9580E+01   9.9590E+01   1.4033E-05  0.6634
   9.9590E+01   9.9600E+01   1.5642E-05  0.5094
   9.9600E+01   9.9610E+01   2.3143E-05  0.4219
   9.9610E+01   9.9620E+01   2.2324E-05  0.4961
   9.9620E+01   9.9630E+01   2.1872E-05  0.4595
   9.9630E+01   9.9640E+01   2.1430E-05  0.4318
   9.9640E+01   9.9650E+01   2.6021E-05  0.4064
   9.9650E+01   9.9660E+01   1.9263E-05  0.4596
   9.9660E+01   9.9670E+01   1.7926E-05  0.5302
   9.9670E+01   9.9680E+01   1.5220E-05  0.5662
   9.9680E+01   9.9690E+01   1.5912E-05  0.5381
   9.9690E+01   9.9700E+01   1.5682E-05  0.4976
   9.9700E+01   9.9710E+01   2.9723E-05  0.4734
   9.9710E+01   9.9720E+01   2.8914E-05  0.4296
   9.9720E+01   9.9730E+01   2.0566E-05  0.4682
   9.9730E+01   9.9740E+01   3.1994E-05  0.3895
   9.9740E+01   9.9750E+01   4.3418E-05  0.5645
   9.9750E+01   9.9760E+01   3.9613E-05  0.6525
   9.9760E+01   9.9770E+01   3.5819E-05  0.4062
   9.9770E+01   9.9780E+01   1.2257E-05  0.5122
   9.9780E+01   9.9790E+01   7.5754E-06  0.6577
   9.9790E+01   9.9800E+01   6.1628E-06  0.4341
   9.9800E+01   9.9810E+01   1.0874E-05  0.4905
   9.9810E+01   9.9820E+01   7.1512E-06  0.4714
   9.9820E+01   9.9830E+01   1.0446E-05  0.4219
   9.9830E+01   9.9840E+01   1.2385E-05  0.6803
   9.9840E+01   9.9850E+01   8.1241E-06  0.4655
   9.9850E+01   9.9860E+01   8.7249E-06  0.4356
   9.9860E+01   9.9870E+01   1.1070E-05  0.4431
   9.9870E+01   9.9880E+01   9.4823E-06  0.4780
   9.9880E+01   9.9890E+01   7.9925E-06  0.5275
   9.9890E+01   9.9900E+01   7.3774E-06  0.5441
   9.9900E+01   9.9910E+01   1.4316E-05  0.6278
   9.9910E+01   9.9920E+01   1.1340E-05  0.4103
   9.9920E+01   9.9930E+01   2.0593E-05  0.4715
   9.9930E+01   9.9940E+01   9.2017E-06  0.3735
   9.9940E+01   9.9950E+01   1.9651E-05  0.4136
   9.9950E+01   9.9960E+01   3.8729E-05  0.5161
   9.9960E+01   9.9970E+01   2.2154E-05  0.4189
   9.9970E+01   9.9980E+01   2.0264E-05  0.4117
   9.9980E+01   9.9990E+01   7.6027E-06  0.4059
   9.9990E+01   1.0000E+02   7.1003E-06  0.4875

#   sum over    6.0000E-01   1.2895E-01  0.0010

'no. =  1,  ix =  1,  iy =  1'
msuc: {\huge Bragg peak column 2}
msdr: {\it plotted by \ANGEL \version}
msdl: {\it calculated by \PHITS  3.36}
wt: s(0.7)
\vspace{-3}
  xmin  &=&  -2.5000E-01 [cm]
  xmax  &=&   2.5000E-01 [cm]
  ymin  &=&   4.8150E-01 [cm]
  ymax  &=&   8.8150E-01 [cm]
e:
 
# Information for Restart Calculation
# This calculation was newly started
# istdev =  2 # 1:Batch variance, 2:History variance
# resc2  = 1.06347943635207276E-01 # Total source weight or Total source weight / maxcas
# resc3  = 6.63771504000000000E+08 # Total history number or Total batch number
# maxcas =      100056 # History / Batch, only used for istdev=1
# bitrseed = 0101101001011100001001111110111000111000010110110110000101110110 # bit data of rseed
