[ T-Deposit ]
    title = Bragg peak column 1
     mesh =  xyz            # mesh type is xyz scoring mesh
   x-type =    2            # x-mesh is linear given by xmin, xmax and nx
     xmin = -0.2500000      # minimum value of x-mesh points
     xmax =  0.2500000      # maximum value of x-mesh points
#    xdel =  0.5000000      # mesh width of x-mesh points
       nx =      1          # number of x-mesh points
#    data = ( x(i), i = 1, nx + 1 )
#          -2.50000E-01  2.50000E-01
   y-type =    2            # y-mesh is linear given by ymin, ymax and ny
     ymin =   1.281500      # minimum value of y-mesh points
     ymax =   1.681500      # maximum value of y-mesh points
#    ydel =  0.4000000      # mesh width of y-mesh points
       ny =      1          # number of y-mesh points
#    data = ( y(i), i = 1, ny + 1 )
#           1.28150E+00  1.68150E+00
   z-type =    2            # z-mesh is linear given by zmin, zmax and nz
     zmin =   97.00000      # minimum value of z-mesh points
     zmax =   100.0000      # maximum value of z-mesh points
#    zdel =  1.0000000E-02  # mesh width of z-mesh points
       nz =    300          # number of z-mesh points
#    data = ( z(i), i = 1, nz + 1 )
#           9.70000E+01  9.70100E+01  9.70200E+01  9.70300E+01  9.70400E+01
#           9.70500E+01  9.70600E+01  9.70700E+01  9.70800E+01  9.70900E+01
#           9.71000E+01  9.71100E+01  9.71200E+01  9.71300E+01  9.71400E+01
#           9.71500E+01  9.71600E+01  9.71700E+01  9.71800E+01  9.71900E+01
#           9.72000E+01  9.72100E+01  9.72200E+01  9.72300E+01  9.72400E+01
#           9.72500E+01  9.72600E+01  9.72700E+01  9.72800E+01  9.72900E+01
#           9.73000E+01  9.73100E+01  9.73200E+01  9.73300E+01  9.73400E+01
#           9.73500E+01  9.73600E+01  9.73700E+01  9.73800E+01  9.73900E+01
#           9.74000E+01  9.74100E+01  9.74200E+01  9.74300E+01  9.74400E+01
#           9.74500E+01  9.74600E+01  9.74700E+01  9.74800E+01  9.74900E+01
#           9.75000E+01  9.75100E+01  9.75200E+01  9.75300E+01  9.75400E+01
#           9.75500E+01  9.75600E+01  9.75700E+01  9.75800E+01  9.75900E+01
#           9.76000E+01  9.76100E+01  9.76200E+01  9.76300E+01  9.76400E+01
#           9.76500E+01  9.76600E+01  9.76700E+01  9.76800E+01  9.76900E+01
#           9.77000E+01  9.77100E+01  9.77200E+01  9.77300E+01  9.77400E+01
#           9.77500E+01  9.77600E+01  9.77700E+01  9.77800E+01  9.77900E+01
#           9.78000E+01  9.78100E+01  9.78200E+01  9.78300E+01  9.78400E+01
#           9.78500E+01  9.78600E+01  9.78700E+01  9.78800E+01  9.78900E+01
#           9.79000E+01  9.79100E+01  9.79200E+01  9.79300E+01  9.79400E+01
#           9.79500E+01  9.79600E+01  9.79700E+01  9.79800E+01  9.79900E+01
#           9.80000E+01  9.80100E+01  9.80200E+01  9.80300E+01  9.80400E+01
#           9.80500E+01  9.80600E+01  9.80700E+01  9.80800E+01  9.80900E+01
#           9.81000E+01  9.81100E+01  9.81200E+01  9.81300E+01  9.81400E+01
#           9.81500E+01  9.81600E+01  9.81700E+01  9.81800E+01  9.81900E+01
#           9.82000E+01  9.82100E+01  9.82200E+01  9.82300E+01  9.82400E+01
#           9.82500E+01  9.82600E+01  9.82700E+01  9.82800E+01  9.82900E+01
#           9.83000E+01  9.83100E+01  9.83200E+01  9.83300E+01  9.83400E+01
#           9.83500E+01  9.83600E+01  9.83700E+01  9.83800E+01  9.83900E+01
#           9.84000E+01  9.84100E+01  9.84200E+01  9.84300E+01  9.84400E+01
#           9.84500E+01  9.84600E+01  9.84700E+01  9.84800E+01  9.84900E+01
#           9.85000E+01  9.85100E+01  9.85200E+01  9.85300E+01  9.85400E+01
#           9.85500E+01  9.85600E+01  9.85700E+01  9.85800E+01  9.85900E+01
#           9.86000E+01  9.86100E+01  9.86200E+01  9.86300E+01  9.86400E+01
#           9.86500E+01  9.86600E+01  9.86700E+01  9.86800E+01  9.86900E+01
#           9.87000E+01  9.87100E+01  9.87200E+01  9.87300E+01  9.87400E+01
#           9.87500E+01  9.87600E+01  9.87700E+01  9.87800E+01  9.87900E+01
#           9.88000E+01  9.88100E+01  9.88200E+01  9.88300E+01  9.88400E+01
#           9.88500E+01  9.88600E+01  9.88700E+01  9.88800E+01  9.88900E+01
#           9.89000E+01  9.89100E+01  9.89200E+01  9.89300E+01  9.89400E+01
#           9.89500E+01  9.89600E+01  9.89700E+01  9.89800E+01  9.89900E+01
#           9.90000E+01  9.90100E+01  9.90200E+01  9.90300E+01  9.90400E+01
#           9.90500E+01  9.90600E+01  9.90700E+01  9.90800E+01  9.90900E+01
#           9.91000E+01  9.91100E+01  9.91200E+01  9.91300E+01  9.91400E+01
#           9.91500E+01  9.91600E+01  9.91700E+01  9.91800E+01  9.91900E+01
#           9.92000E+01  9.92100E+01  9.92200E+01  9.92300E+01  9.92400E+01
#           9.92500E+01  9.92600E+01  9.92700E+01  9.92800E+01  9.92900E+01
#           9.93000E+01  9.93100E+01  9.93200E+01  9.93300E+01  9.93400E+01
#           9.93500E+01  9.93600E+01  9.93700E+01  9.93800E+01  9.93900E+01
#           9.94000E+01  9.94100E+01  9.94200E+01  9.94300E+01  9.94400E+01
#           9.94500E+01  9.94600E+01  9.94700E+01  9.94800E+01  9.94900E+01
#           9.95000E+01  9.95100E+01  9.95200E+01  9.95300E+01  9.95400E+01
#           9.95500E+01  9.95600E+01  9.95700E+01  9.95800E+01  9.95900E+01
#           9.96000E+01  9.96100E+01  9.96200E+01  9.96300E+01  9.96400E+01
#           9.96500E+01  9.96600E+01  9.96700E+01  9.96800E+01  9.96900E+01
#           9.97000E+01  9.97100E+01  9.97200E+01  9.97300E+01  9.97400E+01
#           9.97500E+01  9.97600E+01  9.97700E+01  9.97800E+01  9.97900E+01
#           9.98000E+01  9.98100E+01  9.98200E+01  9.98300E+01  9.98400E+01
#           9.98500E+01  9.98600E+01  9.98700E+01  9.98800E+01  9.98900E+01
#           9.99000E+01  9.99100E+01  9.99200E+01  9.99300E+01  9.99400E+01
#           9.99500E+01  9.99600E+01  9.99700E+01  9.99800E+01  9.99900E+01
#           1.00000E+02
     unit =    0            # unit is [Gy/source]
   letmat =    0            # (D=0) mat ID for LET, 0:real mat, <0: electron for H2O
  dedxfnc =    0            # (D=0) user defined multiplier, 0(no), 1, 2
 material =  all            # (D=all) number of specific material
   output =  dose           # total deposit energy
  deposit =    0            # (D=0) 0-> total deposit dist, 1-> each process
     axis =     z           # axis of output
     file = ./out/bragg_CR39_col1.out  # file name of output for the above axis
     part =  proton   
# kf/name :  2212     
   epsout =    1            # (D=0) generate eps file by ANGEL
   mother =  all            # (D=all) number of specific mother
#    used :        main (  %)        temp (  %)       total (  %)
#  memory :         308 (  0)           0 (  0)         308 (  0)

#------------------------------------------------------------------------------
#newpage:
#   no. =  1   ix  =  1   iy  =  1
#   x = (  -2.5000E-01  -   2.5000E-01  )
#   y = (   1.2815E+00  -   1.6815E+00  )

x: z[cm]
y: Dose [Gy/source]      
p: xlin ylog afac(0.8) form(0.9)
h: n            x            y(proton  ),hh0l n 
#  z-lower      z-upper        proton    r.err 
   9.7000E+01   9.7010E+01   2.4207E-01  0.0040
   9.7010E+01   9.7020E+01   2.4127E-01  0.0040
   9.7020E+01   9.7030E+01   2.4211E-01  0.0040
   9.7030E+01   9.7040E+01   2.4275E-01  0.0040
   9.7040E+01   9.7050E+01   2.4178E-01  0.0041
   9.7050E+01   9.7060E+01   2.4346E-01  0.0041
   9.7060E+01   9.7070E+01   2.4286E-01  0.0041
   9.7070E+01   9.7080E+01   2.4242E-01  0.0040
   9.7080E+01   9.7090E+01   2.4237E-01  0.0040
   9.7090E+01   9.7100E+01   2.4138E-01  0.0040
   9.7100E+01   9.7110E+01   2.4320E-01  0.0041
   9.7110E+01   9.7120E+01   2.4173E-01  0.0040
   9.7120E+01   9.7130E+01   2.4186E-01  0.0041
   9.7130E+01   9.7140E+01   2.4265E-01  0.0040
   9.7140E+01   9.7150E+01   2.4249E-01  0.0041
   9.7150E+01   9.7160E+01   2.4047E-01  0.0040
   9.7160E+01   9.7170E+01   2.4217E-01  0.0040
   9.7170E+01   9.7180E+01   2.4305E-01  0.0041
   9.7180E+01   9.7190E+01   2.4064E-01  0.0040
   9.7190E+01   9.7200E+01   2.4306E-01  0.0041
   9.7200E+01   9.7210E+01   2.4121E-01  0.0041
   9.7210E+01   9.7220E+01   2.4058E-01  0.0040
   9.7220E+01   9.7230E+01   2.4121E-01  0.0041
   9.7230E+01   9.7240E+01   2.4178E-01  0.0040
   9.7240E+01   9.7250E+01   2.4060E-01  0.0040
   9.7250E+01   9.7260E+01   2.4230E-01  0.0041
   9.7260E+01   9.7270E+01   2.4293E-01  0.0041
   9.7270E+01   9.7280E+01   2.4166E-01  0.0041
   9.7280E+01   9.7290E+01   2.4142E-01  0.0041
   9.7290E+01   9.7300E+01   2.3995E-01  0.0040
   9.7300E+01   9.7310E+01   2.4108E-01  0.0041
   9.7310E+01   9.7320E+01   2.3993E-01  0.0040
   9.7320E+01   9.7330E+01   2.4038E-01  0.0041
   9.7330E+01   9.7340E+01   2.4063E-01  0.0041
   9.7340E+01   9.7350E+01   2.3895E-01  0.0040
   9.7350E+01   9.7360E+01   2.4149E-01  0.0041
   9.7360E+01   9.7370E+01   2.4250E-01  0.0041
   9.7370E+01   9.7380E+01   2.4003E-01  0.0040
   9.7380E+01   9.7390E+01   2.4084E-01  0.0041
   9.7390E+01   9.7400E+01   2.4290E-01  0.0041
   9.7400E+01   9.7410E+01   2.4191E-01  0.0041
   9.7410E+01   9.7420E+01   2.3916E-01  0.0040
   9.7420E+01   9.7430E+01   2.4140E-01  0.0041
   9.7430E+01   9.7440E+01   2.4104E-01  0.0041
   9.7440E+01   9.7450E+01   2.3917E-01  0.0040
   9.7450E+01   9.7460E+01   2.4135E-01  0.0041
   9.7460E+01   9.7470E+01   2.4180E-01  0.0041
   9.7470E+01   9.7480E+01   2.4065E-01  0.0041
   9.7480E+01   9.7490E+01   2.3959E-01  0.0040
   9.7490E+01   9.7500E+01   2.4147E-01  0.0041
   9.7500E+01   9.7510E+01   2.3941E-01  0.0041
   9.7510E+01   9.7520E+01   2.4058E-01  0.0040
   9.7520E+01   9.7530E+01   2.4116E-01  0.0041
   9.7530E+01   9.7540E+01   2.4034E-01  0.0041
   9.7540E+01   9.7550E+01   2.3871E-01  0.0040
   9.7550E+01   9.7560E+01   2.4119E-01  0.0041
   9.7560E+01   9.7570E+01   2.3905E-01  0.0041
   9.7570E+01   9.7580E+01   2.3949E-01  0.0040
   9.7580E+01   9.7590E+01   2.3993E-01  0.0040
   9.7590E+01   9.7600E+01   2.4097E-01  0.0041
   9.7600E+01   9.7610E+01   2.4026E-01  0.0041
   9.7610E+01   9.7620E+01   2.3899E-01  0.0041
   9.7620E+01   9.7630E+01   2.3791E-01  0.0040
   9.7630E+01   9.7640E+01   2.4113E-01  0.0041
   9.7640E+01   9.7650E+01   2.4010E-01  0.0041
   9.7650E+01   9.7660E+01   2.4076E-01  0.0041
   9.7660E+01   9.7670E+01   2.4192E-01  0.0042
   9.7670E+01   9.7680E+01   2.3971E-01  0.0041
   9.7680E+01   9.7690E+01   2.3868E-01  0.0040
   9.7690E+01   9.7700E+01   2.3854E-01  0.0040
   9.7700E+01   9.7710E+01   2.4064E-01  0.0041
   9.7710E+01   9.7720E+01   2.3882E-01  0.0041
   9.7720E+01   9.7730E+01   2.3959E-01  0.0041
   9.7730E+01   9.7740E+01   2.3934E-01  0.0041
   9.7740E+01   9.7750E+01   2.3849E-01  0.0040
   9.7750E+01   9.7760E+01   2.3908E-01  0.0041
   9.7760E+01   9.7770E+01   2.3979E-01  0.0041
   9.7770E+01   9.7780E+01   2.3852E-01  0.0041
   9.7780E+01   9.7790E+01   2.3898E-01  0.0040
   9.7790E+01   9.7800E+01   2.3859E-01  0.0041
   9.7800E+01   9.7810E+01   2.3810E-01  0.0041
   9.7810E+01   9.7820E+01   2.3853E-01  0.0041
   9.7820E+01   9.7830E+01   2.3797E-01  0.0041
   9.7830E+01   9.7840E+01   2.3794E-01  0.0040
   9.7840E+01   9.7850E+01   2.4006E-01  0.0041
   9.7850E+01   9.7860E+01   2.3762E-01  0.0040
   9.7860E+01   9.7870E+01   2.3912E-01  0.0041
   9.7870E+01   9.7880E+01   2.4009E-01  0.0042
   9.7880E+01   9.7890E+01   2.3821E-01  0.0041
   9.7890E+01   9.7900E+01   2.3740E-01  0.0040
   9.7900E+01   9.7910E+01   2.3782E-01  0.0041
   9.7910E+01   9.7920E+01   2.3867E-01  0.0041
   9.7920E+01   9.7930E+01   2.3810E-01  0.0041
   9.7930E+01   9.7940E+01   2.3883E-01  0.0041
   9.7940E+01   9.7950E+01   2.3845E-01  0.0041
   9.7950E+01   9.7960E+01   2.3936E-01  0.0041
   9.7960E+01   9.7970E+01   2.3791E-01  0.0041
   9.7970E+01   9.7980E+01   2.3671E-01  0.0041
   9.7980E+01   9.7990E+01   2.3859E-01  0.0041
   9.7990E+01   9.8000E+01   2.3679E-01  0.0041
   9.8000E+01   9.8010E+01   2.3807E-01  0.0041
   9.8010E+01   9.8020E+01   2.3803E-01  0.0041
   9.8020E+01   9.8030E+01   2.3759E-01  0.0041
   9.8030E+01   9.8040E+01   2.3744E-01  0.0041
   9.8040E+01   9.8050E+01   2.3909E-01  0.0042
   9.8050E+01   9.8060E+01   2.3677E-01  0.0041
   9.8060E+01   9.8070E+01   2.3695E-01  0.0041
   9.8070E+01   9.8080E+01   2.3867E-01  0.0041
   9.8080E+01   9.8090E+01   2.3747E-01  0.0040
   9.8090E+01   9.8100E+01   2.3572E-01  0.0040
   9.8100E+01   9.8110E+01   2.3710E-01  0.0041
   9.8110E+01   9.8120E+01   2.3796E-01  0.0041
   9.8120E+01   9.8130E+01   2.3681E-01  0.0040
   9.8130E+01   9.8140E+01   2.3720E-01  0.0041
   9.8140E+01   9.8150E+01   2.3532E-01  0.0040
   9.8150E+01   9.8160E+01   2.3696E-01  0.0041
   9.8160E+01   9.8170E+01   2.3673E-01  0.0041
   9.8170E+01   9.8180E+01   2.3646E-01  0.0041
   9.8180E+01   9.8190E+01   2.3734E-01  0.0041
   9.8190E+01   9.8200E+01   2.3671E-01  0.0041
   9.8200E+01   9.8210E+01   2.3686E-01  0.0041
   9.8210E+01   9.8220E+01   2.3678E-01  0.0042
   9.8220E+01   9.8230E+01   2.3968E-01  0.0042
   9.8230E+01   9.8240E+01   2.3622E-01  0.0041
   9.8240E+01   9.8250E+01   2.3625E-01  0.0041
   9.8250E+01   9.8260E+01   2.3654E-01  0.0041
   9.8260E+01   9.8270E+01   2.3695E-01  0.0041
   9.8270E+01   9.8280E+01   2.3470E-01  0.0040
   9.8280E+01   9.8290E+01   2.3659E-01  0.0041
   9.8290E+01   9.8300E+01   2.3628E-01  0.0041
   9.8300E+01   9.8310E+01   2.3667E-01  0.0041
   9.8310E+01   9.8320E+01   2.3719E-01  0.0041
   9.8320E+01   9.8330E+01   2.3786E-01  0.0041
   9.8330E+01   9.8340E+01   2.7773E-01  0.0016
   9.8340E+01   9.8350E+01   2.8673E-01  0.0016
   9.8350E+01   9.8360E+01   2.9730E-01  0.0016
   9.8360E+01   9.8370E+01   3.0969E-01  0.0016
   9.8370E+01   9.8380E+01   3.2449E-01  0.0017
   9.8380E+01   9.8390E+01   3.3501E-01  0.0017
   9.8390E+01   9.8400E+01   3.5562E-01  0.0018
   9.8400E+01   9.8410E+01   3.4749E-01  0.0018
   9.8410E+01   9.8420E+01   3.5778E-01  0.0018
   9.8420E+01   9.8430E+01   3.6142E-01  0.0019
   9.8430E+01   9.8440E+01   3.5630E-01  0.0018
   9.8440E+01   9.8450E+01   3.6290E-01  0.0019
   9.8450E+01   9.8460E+01   3.4853E-01  0.0019
   9.8460E+01   9.8470E+01   3.6638E-01  0.0020
   9.8470E+01   9.8480E+01   3.4742E-01  0.0020
   9.8480E+01   9.8490E+01   3.7184E-01  0.0021
   9.8490E+01   9.8500E+01   3.4744E-01  0.0021
   9.8500E+01   9.8510E+01   3.6628E-01  0.0022
   9.8510E+01   9.8520E+01   3.4713E-01  0.0024
   9.8520E+01   9.8530E+01   3.4239E-01  0.0024
   9.8530E+01   9.8540E+01   3.3463E-01  0.0028
   9.8540E+01   9.8550E+01   1.8310E-01  0.0036
   9.8550E+01   9.8560E+01   3.9384E-03  0.0191
   9.8560E+01   9.8570E+01   0.0000E+00  0.0000
   9.8570E+01   9.8580E+01   0.0000E+00  0.0000
   9.8580E+01   9.8590E+01   0.0000E+00  0.0000
   9.8590E+01   9.8600E+01   0.0000E+00  0.0000
   9.8600E+01   9.8610E+01   0.0000E+00  0.0000
   9.8610E+01   9.8620E+01   0.0000E+00  0.0000
   9.8620E+01   9.8630E+01   0.0000E+00  0.0000
   9.8630E+01   9.8640E+01   0.0000E+00  0.0000
   9.8640E+01   9.8650E+01   0.0000E+00  0.0000
   9.8650E+01   9.8660E+01   0.0000E+00  0.0000
   9.8660E+01   9.8670E+01   0.0000E+00  0.0000
   9.8670E+01   9.8680E+01   0.0000E+00  0.0000
   9.8680E+01   9.8690E+01   0.0000E+00  0.0000
   9.8690E+01   9.8700E+01   0.0000E+00  0.0000
   9.8700E+01   9.8710E+01   0.0000E+00  0.0000
   9.8710E+01   9.8720E+01   0.0000E+00  0.0000
   9.8720E+01   9.8730E+01   0.0000E+00  0.0000
   9.8730E+01   9.8740E+01   0.0000E+00  0.0000
   9.8740E+01   9.8750E+01   0.0000E+00  0.0000
   9.8750E+01   9.8760E+01   0.0000E+00  0.0000
   9.8760E+01   9.8770E+01   0.0000E+00  0.0000
   9.8770E+01   9.8780E+01   0.0000E+00  0.0000
   9.8780E+01   9.8790E+01   0.0000E+00  0.0000
   9.8790E+01   9.8800E+01   0.0000E+00  0.0000
   9.8800E+01   9.8810E+01   0.0000E+00  0.0000
   9.8810E+01   9.8820E+01   0.0000E+00  0.0000
   9.8820E+01   9.8830E+01   0.0000E+00  0.0000
   9.8830E+01   9.8840E+01   0.0000E+00  0.0000
   9.8840E+01   9.8850E+01   0.0000E+00  0.0000
   9.8850E+01   9.8860E+01   0.0000E+00  0.0000
   9.8860E+01   9.8870E+01   0.0000E+00  0.0000
   9.8870E+01   9.8880E+01   0.0000E+00  0.0000
   9.8880E+01   9.8890E+01   0.0000E+00  0.0000
   9.8890E+01   9.8900E+01   0.0000E+00  0.0000
   9.8900E+01   9.8910E+01   0.0000E+00  0.0000
   9.8910E+01   9.8920E+01   0.0000E+00  0.0000
   9.8920E+01   9.8930E+01   0.0000E+00  0.0000
   9.8930E+01   9.8940E+01   0.0000E+00  0.0000
   9.8940E+01   9.8950E+01   0.0000E+00  0.0000
   9.8950E+01   9.8960E+01   0.0000E+00  0.0000
   9.8960E+01   9.8970E+01   0.0000E+00  0.0000
   9.8970E+01   9.8980E+01   0.0000E+00  0.0000
   9.8980E+01   9.8990E+01   0.0000E+00  0.0000
   9.8990E+01   9.9000E+01   0.0000E+00  0.0000
   9.9000E+01   9.9010E+01   0.0000E+00  0.0000
   9.9010E+01   9.9020E+01   0.0000E+00  0.0000
   9.9020E+01   9.9030E+01   0.0000E+00  0.0000
   9.9030E+01   9.9040E+01   0.0000E+00  0.0000
   9.9040E+01   9.9050E+01   0.0000E+00  0.0000
   9.9050E+01   9.9060E+01   0.0000E+00  0.0000
   9.9060E+01   9.9070E+01   0.0000E+00  0.0000
   9.9070E+01   9.9080E+01   0.0000E+00  0.0000
   9.9080E+01   9.9090E+01   0.0000E+00  0.0000
   9.9090E+01   9.9100E+01   0.0000E+00  0.0000
   9.9100E+01   9.9110E+01   0.0000E+00  0.0000
   9.9110E+01   9.9120E+01   0.0000E+00  0.0000
   9.9120E+01   9.9130E+01   0.0000E+00  0.0000
   9.9130E+01   9.9140E+01   4.3238E-06  1.0000
   9.9140E+01   9.9150E+01   2.7694E-06  1.0000
   9.9150E+01   9.9160E+01   2.0874E-06  1.0000
   9.9160E+01   9.9170E+01   1.7294E-06  1.0000
   9.9170E+01   9.9180E+01   1.4551E-06  1.0000
   9.9180E+01   9.9190E+01   1.4453E-06  1.0000
   9.9190E+01   9.9200E+01   1.3337E-06  1.0000
   9.9200E+01   9.9210E+01   1.8577E-05  0.4679
   9.9210E+01   9.9220E+01   1.7428E-05  0.4513
   9.9220E+01   9.9230E+01   1.8318E-05  0.4870
   9.9230E+01   9.9240E+01   2.5436E-05  0.4843
   9.9240E+01   9.9250E+01   1.7504E-05  0.5063
   9.9250E+01   9.9260E+01   3.0378E-05  0.4800
   9.9260E+01   9.9270E+01   3.5127E-05  0.5345
   9.9270E+01   9.9280E+01   3.9409E-05  0.6088
   9.9280E+01   9.9290E+01   2.3955E-05  0.7075
   9.9290E+01   9.9300E+01   1.4171E-05  0.5807
   9.9300E+01   9.9310E+01   4.3711E-06  0.6829
   9.9310E+01   9.9320E+01   1.1864E-05  0.6043
   9.9320E+01   9.9330E+01   1.8868E-05  0.6448
   9.9330E+01   9.9340E+01   1.8651E-05  0.8710
   9.9340E+01   9.9350E+01   1.5589E-05  0.7454
   9.9350E+01   9.9360E+01   1.2205E-05  0.7055
   9.9360E+01   9.9370E+01   1.3542E-05  0.6981
   9.9370E+01   9.9380E+01   1.5249E-05  0.7240
   9.9380E+01   9.9390E+01   2.0252E-05  0.5990
   9.9390E+01   9.9400E+01   1.3158E-05  0.7219
   9.9400E+01   9.9410E+01   1.6210E-05  0.7224
   9.9410E+01   9.9420E+01   1.1551E-05  0.7140
   9.9420E+01   9.9430E+01   2.8335E-05  0.6432
   9.9430E+01   9.9440E+01   2.8150E-05  0.8146
   9.9440E+01   9.9450E+01   2.7681E-05  0.7930
   9.9450E+01   9.9460E+01   2.9351E-05  0.8681
   9.9460E+01   9.9470E+01   2.1880E-05  0.8041
   9.9470E+01   9.9480E+01   4.1652E-05  0.6328
   9.9480E+01   9.9490E+01   4.9690E-05  0.7039
   9.9490E+01   9.9500E+01   6.4163E-05  0.7703
   9.9500E+01   9.9510E+01   7.4745E-05  0.7624
   9.9510E+01   9.9520E+01   6.8764E-05  0.7593
   9.9520E+01   9.9530E+01   4.7924E-05  0.9854
   9.9530E+01   9.9540E+01   4.8500E-05  0.9811
   9.9540E+01   9.9550E+01   4.5092E-05  0.9243
   9.9550E+01   9.9560E+01   4.3492E-05  0.9817
   9.9560E+01   9.9570E+01   5.2077E-05  0.7868
   9.9570E+01   9.9580E+01   4.5511E-05  0.7176
   9.9580E+01   9.9590E+01   4.7521E-06  0.8285
   9.9590E+01   9.9600E+01   2.3039E-05  0.8530
   9.9600E+01   9.9610E+01   4.9873E-06  0.8471
   9.9610E+01   9.9620E+01   2.0943E-06  0.7098
   9.9620E+01   9.9630E+01   2.7088E-06  0.7182
   9.9630E+01   9.9640E+01   5.6072E-06  0.6486
   9.9640E+01   9.9650E+01   5.6363E-06  0.6808
   9.9650E+01   9.9660E+01   6.1263E-06  0.6737
   9.9660E+01   9.9670E+01   1.3412E-05  0.5294
   9.9670E+01   9.9680E+01   1.3354E-05  0.5269
   9.9680E+01   9.9690E+01   1.6819E-05  0.4667
   9.9690E+01   9.9700E+01   2.5011E-05  0.5412
   9.9700E+01   9.9710E+01   2.1435E-05  0.4668
   9.9710E+01   9.9720E+01   1.3873E-05  0.5378
   9.9720E+01   9.9730E+01   9.2155E-06  0.5820
   9.9730E+01   9.9740E+01   1.1090E-05  0.4742
   9.9740E+01   9.9750E+01   2.4397E-05  0.4442
   9.9750E+01   9.9760E+01   2.3974E-05  0.4822
   9.9760E+01   9.9770E+01   2.0342E-05  0.4884
   9.9770E+01   9.9780E+01   2.9876E-05  0.5488
   9.9780E+01   9.9790E+01   2.0439E-05  0.5582
   9.9790E+01   9.9800E+01   1.5255E-05  0.5425
   9.9800E+01   9.9810E+01   7.9595E-06  0.4999
   9.9810E+01   9.9820E+01   8.0254E-06  0.5486
   9.9820E+01   9.9830E+01   1.7268E-05  0.7111
   9.9830E+01   9.9840E+01   8.0057E-06  0.5813
   9.9840E+01   9.9850E+01   1.0889E-05  0.6016
   9.9850E+01   9.9860E+01   7.6848E-06  0.6435
   9.9860E+01   9.9870E+01   4.4745E-06  0.6024
   9.9870E+01   9.9880E+01   1.3564E-05  0.8202
   9.9880E+01   9.9890E+01   2.1363E-06  0.7111
   9.9890E+01   9.9900E+01   6.1090E-06  0.7558
   9.9900E+01   9.9910E+01   2.7258E-06  0.7075
   9.9910E+01   9.9920E+01   3.1299E-06  0.7389
   9.9920E+01   9.9930E+01   3.1214E-06  0.7977
   9.9930E+01   9.9940E+01   4.0154E-06  0.7379
   9.9940E+01   9.9950E+01   3.7422E-06  0.6109
   9.9950E+01   9.9960E+01   3.7442E-06  0.6027
   9.9960E+01   9.9970E+01   5.8452E-06  0.6485
   9.9970E+01   9.9980E+01   5.5356E-06  0.6503
   9.9980E+01   9.9990E+01   4.1551E-06  0.5838
   9.9990E+01   1.0000E+02   3.5196E-06  0.5950

#   sum over    6.0000E-01   1.3062E-01  0.0016

'no. =  1,  ix =  1,  iy =  1'
msuc: {\huge Bragg peak column 1}
msdr: {\it plotted by \ANGEL \version}
msdl: {\it calculated by \PHITS  3.36}
wt: s(0.7)
\vspace{-3}
  xmin  &=&  -2.5000E-01 [cm]
  xmax  &=&   2.5000E-01 [cm]
  ymin  &=&   1.2815E+00 [cm]
  ymax  &=&   1.6815E+00 [cm]
e:
 
# Information for Restart Calculation
# This calculation was newly started
# istdev =  2 # 1:Batch variance, 2:History variance
# resc2  = 4.62166297375636928E-02 # Total source weight or Total source weight / maxcas
# resc3  = 2.88461448000000000E+08 # Total history number or Total batch number
# maxcas =      100056 # History / Batch, only used for istdev=1
# bitrseed = 1100001000000111101101101100101001010110101110010111100100010110 # bit data of rseed
