[ T-Cross ]
    title = Proton current through CR39 interfaces
     mesh =  reg            # mesh type is region-wise
      reg =   24            # number of crossing regions
      non     r-from     r-to        area
      1       600        7011        1.000000    
      2       7011       7012        1.000000    
      3       7012       7013        1.000000    
      4       7013       7014        1.000000    
      5       7014       7015        1.000000    
      6       7015       7016        1.000000    
      7       7016       7017        1.000000    
      8       7017       7018        1.000000    
      9       7018       6003        1.000000    
     10       600        7021        1.000000    
     11       7021       7022        1.000000    
     12       7022       7023        1.000000    
     13       7023       7024        1.000000    
     14       7024       7025        1.000000    
     15       7025       7026        1.000000    
     16       7026       6003        1.000000    
     17       600        7031        1.000000    
     18       7031       7032        1.000000    
     19       7032       7033        1.000000    
     20       7033       7034        1.000000    
     21       7034       6003        1.000000    
     22       600        7041        1.000000    
     23       7041       7042        1.000000    
     24       7042       6003        1.000000    
  eng2let =    0            # (D=0) Flag to convert energy to LET, 0: not convert, 1: convert
     unit =    1            # unit is [1/cm^2/source]
     axis =  reg            # axis of output
     file = ./out/corriente_CR39.out  # file name of output for the above axis
   output = of-curr         # surface crossing omni forward current
     part =  proton   
# kf/name :  2212     
   epsout =    1            # (D=0) generate eps file by ANGEL
#    used :        main (  %)        temp (  %)       total (  %)
#  memory :          79 (  0)           0 (  0)          79 (  0)

#------------------------------------------------------------------------------
#newpage:
#   no. =  1

x: Serial Num. of Region
y: OF-Curr [1/cm^2/source]                 
p: xlin ylog afac(0.8) form(0.9)
h: x       n            y(proton  ),l3 n   
#  num     area         proton  
     1     1.0000E+00   9.4619E+07  0.0005
     2     1.0000E+00   8.9918E+07  0.0005
     3     1.0000E+00   8.3357E+07  0.0005
     4     1.0000E+00   7.3137E+07  0.0005
     5     1.0000E+00   6.4819E+07  0.0006
     6     1.0000E+00   5.1406E+07  0.0006
     7     1.0000E+00   3.1066E+07  0.0008
     8     1.0000E+00   4.9138E+04  0.0210
     9     1.0000E+00   0.0000E+00  0.0000
    10     1.0000E+00   8.3813E+07  0.0005
    11     1.0000E+00   7.6622E+07  0.0005
    12     1.0000E+00   6.6436E+07  0.0006
    13     1.0000E+00   5.5003E+07  0.0006
    14     1.0000E+00   4.1670E+07  0.0007
    15     1.0000E+00   8.5193E+06  0.0016
    16     1.0000E+00   0.0000E+00  0.0000
    17     1.0000E+00   6.9713E+07  0.0006
    18     1.0000E+00   6.0644E+07  0.0006
    19     1.0000E+00   4.5192E+07  0.0007
    20     1.0000E+00   2.7813E+07  0.0009
    21     1.0000E+00   1.1900E+03  0.1348
    22     1.0000E+00   5.4864E+07  0.0006
    23     1.0000E+00   3.6955E+07  0.0008
    24     1.0000E+00   1.2170E+06  0.0042

#   sum    4.6535E+07   2.9418E-04

'no. =  1'
msuc: {\huge Proton current through CR39 interfaces}
msdr: {\it plotted by \ANGEL \version}
msdl: {\it calculated by \PHITS  3.36}
wt: s(0.7)
\vspace{-3}
  region surface crossing
e:
 
# Information for Restart Calculation
# This calculation was newly started
# istdev =  2 # 1:Batch variance, 2:History variance
# resc2  = 4.62166297375636928E-02 # Total source weight or Total source weight / maxcas
# resc3  = 2.88461448000000000E+08 # Total history number or Total batch number
# maxcas =      100056 # History / Batch, only used for istdev=1
# bitrseed = 1100001000000111101101101100101001010110101110010111100100010110 # bit data of rseed
