[ T-Track ]
    title = Proton fluence vs depth column 1
     mesh =  xyz            # mesh type is xyz scoring mesh
   x-type =    2            # x-mesh is linear given by xmin, xmax and nx
     xmin = -0.2500000      # minimum value of x-mesh points
     xmax =  0.2500000      # maximum value of x-mesh points
#    xdel =  0.5000000      # mesh width of x-mesh points
       nx =      1          # number of x-mesh points
#    data = ( x(i), i = 1, nx + 1 )
#          -2.50000E-01  2.50000E-01
   y-type =    2            # y-mesh is linear given by ymin, ymax and ny
     ymin =   1.281500      # minimum value of y-mesh points
     ymax =   1.681500      # maximum value of y-mesh points
#    ydel =  0.4000000      # mesh width of y-mesh points
       ny =      1          # number of y-mesh points
#    data = ( y(i), i = 1, ny + 1 )
#           1.28150E+00  1.68150E+00
   z-type =    2            # z-mesh is linear given by zmin, zmax and nz
     zmin =   97.00000      # minimum value of z-mesh points
     zmax =   100.0000      # maximum value of z-mesh points
#    zdel =  1.0000000E-02  # mesh width of z-mesh points
       nz =    300          # number of z-mesh points
#    data = ( z(i), i = 1, nz + 1 )
#           9.70000E+01  9.70100E+01  9.70200E+01  9.70300E+01  9.70400E+01
#           9.70500E+01  9.70600E+01  9.70700E+01  9.70800E+01  9.70900E+01
#           9.71000E+01  9.71100E+01  9.71200E+01  9.71300E+01  9.71400E+01
#           9.71500E+01  9.71600E+01  9.71700E+01  9.71800E+01  9.71900E+01
#           9.72000E+01  9.72100E+01  9.72200E+01  9.72300E+01  9.72400E+01
#           9.72500E+01  9.72600E+01  9.72700E+01  9.72800E+01  9.72900E+01
#           9.73000E+01  9.73100E+01  9.73200E+01  9.73300E+01  9.73400E+01
#           9.73500E+01  9.73600E+01  9.73700E+01  9.73800E+01  9.73900E+01
#           9.74000E+01  9.74100E+01  9.74200E+01  9.74300E+01  9.74400E+01
#           9.74500E+01  9.74600E+01  9.74700E+01  9.74800E+01  9.74900E+01
#           9.75000E+01  9.75100E+01  9.75200E+01  9.75300E+01  9.75400E+01
#           9.75500E+01  9.75600E+01  9.75700E+01  9.75800E+01  9.75900E+01
#           9.76000E+01  9.76100E+01  9.76200E+01  9.76300E+01  9.76400E+01
#           9.76500E+01  9.76600E+01  9.76700E+01  9.76800E+01  9.76900E+01
#           9.77000E+01  9.77100E+01  9.77200E+01  9.77300E+01  9.77400E+01
#           9.77500E+01  9.77600E+01  9.77700E+01  9.77800E+01  9.77900E+01
#           9.78000E+01  9.78100E+01  9.78200E+01  9.78300E+01  9.78400E+01
#           9.78500E+01  9.78600E+01  9.78700E+01  9.78800E+01  9.78900E+01
#           9.79000E+01  9.79100E+01  9.79200E+01  9.79300E+01  9.79400E+01
#           9.79500E+01  9.79600E+01  9.79700E+01  9.79800E+01  9.79900E+01
#           9.80000E+01  9.80100E+01  9.80200E+01  9.80300E+01  9.80400E+01
#           9.80500E+01  9.80600E+01  9.80700E+01  9.80800E+01  9.80900E+01
#           9.81000E+01  9.81100E+01  9.81200E+01  9.81300E+01  9.81400E+01
#           9.81500E+01  9.81600E+01  9.81700E+01  9.81800E+01  9.81900E+01
#           9.82000E+01  9.82100E+01  9.82200E+01  9.82300E+01  9.82400E+01
#           9.82500E+01  9.82600E+01  9.82700E+01  9.82800E+01  9.82900E+01
#           9.83000E+01  9.83100E+01  9.83200E+01  9.83300E+01  9.83400E+01
#           9.83500E+01  9.83600E+01  9.83700E+01  9.83800E+01  9.83900E+01
#           9.84000E+01  9.84100E+01  9.84200E+01  9.84300E+01  9.84400E+01
#           9.84500E+01  9.84600E+01  9.84700E+01  9.84800E+01  9.84900E+01
#           9.85000E+01  9.85100E+01  9.85200E+01  9.85300E+01  9.85400E+01
#           9.85500E+01  9.85600E+01  9.85700E+01  9.85800E+01  9.85900E+01
#           9.86000E+01  9.86100E+01  9.86200E+01  9.86300E+01  9.86400E+01
#           9.86500E+01  9.86600E+01  9.86700E+01  9.86800E+01  9.86900E+01
#           9.87000E+01  9.87100E+01  9.87200E+01  9.87300E+01  9.87400E+01
#           9.87500E+01  9.87600E+01  9.87700E+01  9.87800E+01  9.87900E+01
#           9.88000E+01  9.88100E+01  9.88200E+01  9.88300E+01  9.88400E+01
#           9.88500E+01  9.88600E+01  9.88700E+01  9.88800E+01  9.88900E+01
#           9.89000E+01  9.89100E+01  9.89200E+01  9.89300E+01  9.89400E+01
#           9.89500E+01  9.89600E+01  9.89700E+01  9.89800E+01  9.89900E+01
#           9.90000E+01  9.90100E+01  9.90200E+01  9.90300E+01  9.90400E+01
#           9.90500E+01  9.90600E+01  9.90700E+01  9.90800E+01  9.90900E+01
#           9.91000E+01  9.91100E+01  9.91200E+01  9.91300E+01  9.91400E+01
#           9.91500E+01  9.91600E+01  9.91700E+01  9.91800E+01  9.91900E+01
#           9.92000E+01  9.92100E+01  9.92200E+01  9.92300E+01  9.92400E+01
#           9.92500E+01  9.92600E+01  9.92700E+01  9.92800E+01  9.92900E+01
#           9.93000E+01  9.93100E+01  9.93200E+01  9.93300E+01  9.93400E+01
#           9.93500E+01  9.93600E+01  9.93700E+01  9.93800E+01  9.93900E+01
#           9.94000E+01  9.94100E+01  9.94200E+01  9.94300E+01  9.94400E+01
#           9.94500E+01  9.94600E+01  9.94700E+01  9.94800E+01  9.94900E+01
#           9.95000E+01  9.95100E+01  9.95200E+01  9.95300E+01  9.95400E+01
#           9.95500E+01  9.95600E+01  9.95700E+01  9.95800E+01  9.95900E+01
#           9.96000E+01  9.96100E+01  9.96200E+01  9.96300E+01  9.96400E+01
#           9.96500E+01  9.96600E+01  9.96700E+01  9.96800E+01  9.96900E+01
#           9.97000E+01  9.97100E+01  9.97200E+01  9.97300E+01  9.97400E+01
#           9.97500E+01  9.97600E+01  9.97700E+01  9.97800E+01  9.97900E+01
#           9.98000E+01  9.98100E+01  9.98200E+01  9.98300E+01  9.98400E+01
#           9.98500E+01  9.98600E+01  9.98700E+01  9.98800E+01  9.98900E+01
#           9.99000E+01  9.99100E+01  9.99200E+01  9.99300E+01  9.99400E+01
#           9.99500E+01  9.99600E+01  9.99700E+01  9.99800E+01  9.99900E+01
#           1.00000E+02
   e-type =    2            # e-mesh is linear given by emin, emax and ne
     emin =  1.0000000E-03  # minimum value of e-mesh points
     emax =   25.00000      # maximum value of e-mesh points
#    edel =   24.99900      # mesh width of e-mesh points
       ne =      1          # number of e-mesh points
#    data = ( e(i), i = 1, ne + 1 )
#           1.00000E-03  2.50000E+01
     unit =    1            # unit is [1/cm^2/source]
 material =  all            # (D=all) number of specific material
     axis =       z            # axis of output
     file = ./out/flujo_z_col1.out  # file name of output for the above axis
     part =  proton   
# kf/name :  2212     
   epsout =    1            # (D=0) generate eps file by ANGEL
#    used :        main (  %)        temp (  %)       total (  %)
#  memory :         311 (  0)           0 (  0)         311 (  0)

#------------------------------------------------------------------------------
#newpage:
#   no. =  1   ie  =  1   ix  =  1   iy  =  1
#   e = (   1.0000E-03  -   2.5000E+01  )
#   x = (  -2.5000E-01  -   2.5000E-01  )
#   y = (   1.2815E+00  -   1.6815E+00  )

x: z[cm]
y: Flux [1/cm^2/source]              
p: xlin ylog afac(0.8) form(0.9)
h: n            x            y(proton  ),hh0l n 
#  z-lower      z-upper        proton    r.err 
   9.7000E+01   9.7010E+01   4.5359E+07  0.0010
   9.7010E+01   9.7020E+01   4.5348E+07  0.0010
   9.7020E+01   9.7030E+01   4.5340E+07  0.0010
   9.7030E+01   9.7040E+01   4.5331E+07  0.0010
   9.7040E+01   9.7050E+01   4.5321E+07  0.0010
   9.7050E+01   9.7060E+01   4.5311E+07  0.0010
   9.7060E+01   9.7070E+01   4.5299E+07  0.0010
   9.7070E+01   9.7080E+01   4.5286E+07  0.0010
   9.7080E+01   9.7090E+01   4.5276E+07  0.0010
   9.7090E+01   9.7100E+01   4.5264E+07  0.0010
   9.7100E+01   9.7110E+01   4.5253E+07  0.0010
   9.7110E+01   9.7120E+01   4.5241E+07  0.0010
   9.7120E+01   9.7130E+01   4.5228E+07  0.0010
   9.7130E+01   9.7140E+01   4.5216E+07  0.0010
   9.7140E+01   9.7150E+01   4.5203E+07  0.0010
   9.7150E+01   9.7160E+01   4.5196E+07  0.0010
   9.7160E+01   9.7170E+01   4.5188E+07  0.0010
   9.7170E+01   9.7180E+01   4.5180E+07  0.0010
   9.7180E+01   9.7190E+01   4.5170E+07  0.0010
   9.7190E+01   9.7200E+01   4.5161E+07  0.0010
   9.7200E+01   9.7210E+01   4.5150E+07  0.0010
   9.7210E+01   9.7220E+01   4.5139E+07  0.0010
   9.7220E+01   9.7230E+01   4.5129E+07  0.0010
   9.7230E+01   9.7240E+01   4.5117E+07  0.0010
   9.7240E+01   9.7250E+01   4.5108E+07  0.0010
   9.7250E+01   9.7260E+01   4.5099E+07  0.0010
   9.7260E+01   9.7270E+01   4.5091E+07  0.0010
   9.7270E+01   9.7280E+01   4.5081E+07  0.0010
   9.7280E+01   9.7290E+01   4.5069E+07  0.0010
   9.7290E+01   9.7300E+01   4.5060E+07  0.0010
   9.7300E+01   9.7310E+01   4.5050E+07  0.0010
   9.7310E+01   9.7320E+01   4.5040E+07  0.0010
   9.7320E+01   9.7330E+01   4.5026E+07  0.0010
   9.7330E+01   9.7340E+01   4.5016E+07  0.0010
   9.7340E+01   9.7350E+01   4.5005E+07  0.0010
   9.7350E+01   9.7360E+01   4.4996E+07  0.0010
   9.7360E+01   9.7370E+01   4.4985E+07  0.0010
   9.7370E+01   9.7380E+01   4.4974E+07  0.0010
   9.7380E+01   9.7390E+01   4.4961E+07  0.0010
   9.7390E+01   9.7400E+01   4.4950E+07  0.0010
   9.7400E+01   9.7410E+01   4.4938E+07  0.0010
   9.7410E+01   9.7420E+01   4.4927E+07  0.0010
   9.7420E+01   9.7430E+01   4.4916E+07  0.0010
   9.7430E+01   9.7440E+01   4.4903E+07  0.0010
   9.7440E+01   9.7450E+01   4.4890E+07  0.0010
   9.7450E+01   9.7460E+01   4.4879E+07  0.0010
   9.7460E+01   9.7470E+01   4.4867E+07  0.0010
   9.7470E+01   9.7480E+01   4.4858E+07  0.0010
   9.7480E+01   9.7490E+01   4.4849E+07  0.0010
   9.7490E+01   9.7500E+01   4.4839E+07  0.0010
   9.7500E+01   9.7510E+01   4.4829E+07  0.0010
   9.7510E+01   9.7520E+01   4.4820E+07  0.0010
   9.7520E+01   9.7530E+01   4.4812E+07  0.0010
   9.7530E+01   9.7540E+01   4.4802E+07  0.0010
   9.7540E+01   9.7550E+01   4.4795E+07  0.0010
   9.7550E+01   9.7560E+01   4.4783E+07  0.0010
   9.7560E+01   9.7570E+01   4.4774E+07  0.0010
   9.7570E+01   9.7580E+01   4.4762E+07  0.0010
   9.7580E+01   9.7590E+01   4.4752E+07  0.0010
   9.7590E+01   9.7600E+01   4.4744E+07  0.0010
   9.7600E+01   9.7610E+01   4.4734E+07  0.0010
   9.7610E+01   9.7620E+01   4.4725E+07  0.0010
   9.7620E+01   9.7630E+01   4.4714E+07  0.0010
   9.7630E+01   9.7640E+01   4.4703E+07  0.0010
   9.7640E+01   9.7650E+01   4.4692E+07  0.0010
   9.7650E+01   9.7660E+01   4.4681E+07  0.0010
   9.7660E+01   9.7670E+01   4.4672E+07  0.0010
   9.7670E+01   9.7680E+01   4.4661E+07  0.0010
   9.7680E+01   9.7690E+01   4.4654E+07  0.0010
   9.7690E+01   9.7700E+01   4.4643E+07  0.0010
   9.7700E+01   9.7710E+01   4.4632E+07  0.0010
   9.7710E+01   9.7720E+01   4.4625E+07  0.0010
   9.7720E+01   9.7730E+01   4.4614E+07  0.0010
   9.7730E+01   9.7740E+01   4.4603E+07  0.0010
   9.7740E+01   9.7750E+01   4.4592E+07  0.0010
   9.7750E+01   9.7760E+01   4.4581E+07  0.0010
   9.7760E+01   9.7770E+01   4.4572E+07  0.0010
   9.7770E+01   9.7780E+01   4.4561E+07  0.0010
   9.7780E+01   9.7790E+01   4.4553E+07  0.0010
   9.7790E+01   9.7800E+01   4.4543E+07  0.0010
   9.7800E+01   9.7810E+01   4.4532E+07  0.0010
   9.7810E+01   9.7820E+01   4.4523E+07  0.0010
   9.7820E+01   9.7830E+01   4.4511E+07  0.0010
   9.7830E+01   9.7840E+01   4.4500E+07  0.0010
   9.7840E+01   9.7850E+01   4.4489E+07  0.0010
   9.7850E+01   9.7860E+01   4.4482E+07  0.0010
   9.7860E+01   9.7870E+01   4.4473E+07  0.0010
   9.7870E+01   9.7880E+01   4.4461E+07  0.0010
   9.7880E+01   9.7890E+01   4.4453E+07  0.0010
   9.7890E+01   9.7900E+01   4.4444E+07  0.0010
   9.7900E+01   9.7910E+01   4.4433E+07  0.0010
   9.7910E+01   9.7920E+01   4.4423E+07  0.0010
   9.7920E+01   9.7930E+01   4.4411E+07  0.0010
   9.7930E+01   9.7940E+01   4.4398E+07  0.0010
   9.7940E+01   9.7950E+01   4.4391E+07  0.0010
   9.7950E+01   9.7960E+01   4.4380E+07  0.0010
   9.7960E+01   9.7970E+01   4.4371E+07  0.0010
   9.7970E+01   9.7980E+01   4.4362E+07  0.0010
   9.7980E+01   9.7990E+01   4.4354E+07  0.0010
   9.7990E+01   9.8000E+01   4.4343E+07  0.0010
   9.8000E+01   9.8010E+01   4.4333E+07  0.0010
   9.8010E+01   9.8020E+01   4.4325E+07  0.0010
   9.8020E+01   9.8030E+01   4.4318E+07  0.0010
   9.8030E+01   9.8040E+01   4.4309E+07  0.0010
   9.8040E+01   9.8050E+01   4.4300E+07  0.0010
   9.8050E+01   9.8060E+01   4.4290E+07  0.0010
   9.8060E+01   9.8070E+01   4.4275E+07  0.0010
   9.8070E+01   9.8080E+01   4.4262E+07  0.0010
   9.8080E+01   9.8090E+01   4.4252E+07  0.0010
   9.8090E+01   9.8100E+01   4.4240E+07  0.0010
   9.8100E+01   9.8110E+01   4.4232E+07  0.0010
   9.8110E+01   9.8120E+01   4.4224E+07  0.0010
   9.8120E+01   9.8130E+01   4.4213E+07  0.0010
   9.8130E+01   9.8140E+01   4.4203E+07  0.0010
   9.8140E+01   9.8150E+01   4.4193E+07  0.0010
   9.8150E+01   9.8160E+01   4.4180E+07  0.0010
   9.8160E+01   9.8170E+01   4.4170E+07  0.0010
   9.8170E+01   9.8180E+01   4.4161E+07  0.0010
   9.8180E+01   9.8190E+01   4.4152E+07  0.0010
   9.8190E+01   9.8200E+01   4.4141E+07  0.0010
   9.8200E+01   9.8210E+01   4.4130E+07  0.0010
   9.8210E+01   9.8220E+01   4.4121E+07  0.0010
   9.8220E+01   9.8230E+01   4.4111E+07  0.0010
   9.8230E+01   9.8240E+01   4.4099E+07  0.0010
   9.8240E+01   9.8250E+01   4.4087E+07  0.0010
   9.8250E+01   9.8260E+01   4.4076E+07  0.0010
   9.8260E+01   9.8270E+01   4.4067E+07  0.0010
   9.8270E+01   9.8280E+01   4.4055E+07  0.0010
   9.8280E+01   9.8290E+01   4.4046E+07  0.0010
   9.8290E+01   9.8300E+01   4.4038E+07  0.0010
   9.8300E+01   9.8310E+01   4.4030E+07  0.0010
   9.8310E+01   9.8320E+01   4.4020E+07  0.0010
   9.8320E+01   9.8330E+01   4.4009E+07  0.0010
   9.8330E+01   9.8340E+01   4.4006E+07  0.0010
   9.8340E+01   9.8350E+01   4.3996E+07  0.0010
   9.8350E+01   9.8360E+01   4.3982E+07  0.0010
   9.8360E+01   9.8370E+01   4.3968E+07  0.0010
   9.8370E+01   9.8380E+01   4.3933E+07  0.0010
   9.8380E+01   9.8390E+01   4.3869E+07  0.0010
   9.8390E+01   9.8400E+01   4.2968E+07  0.0010
   9.8400E+01   9.8410E+01   4.1746E+07  0.0011
   9.8410E+01   9.8420E+01   4.0483E+07  0.0011
   9.8420E+01   9.8430E+01   3.9319E+07  0.0011
   9.8430E+01   9.8440E+01   3.7466E+07  0.0011
   9.8440E+01   9.8450E+01   3.6190E+07  0.0011
   9.8450E+01   9.8460E+01   3.4124E+07  0.0012
   9.8460E+01   9.8470E+01   3.2802E+07  0.0012
   9.8470E+01   9.8480E+01   3.0594E+07  0.0012
   9.8480E+01   9.8490E+01   2.8860E+07  0.0013
   9.8490E+01   9.8500E+01   2.6320E+07  0.0013
   9.8500E+01   9.8510E+01   2.3830E+07  0.0014
   9.8510E+01   9.8520E+01   2.0954E+07  0.0015
   9.8520E+01   9.8530E+01   1.6921E+07  0.0016
   9.8530E+01   9.8540E+01   1.2982E+07  0.0019
   9.8540E+01   9.8550E+01   4.3005E+06  0.0026
   9.8550E+01   9.8560E+01   6.7785E+04  0.0139
   9.8560E+01   9.8570E+01   5.6448E+00  1.0000
   9.8570E+01   9.8580E+01   0.0000E+00  0.0000
   9.8580E+01   9.8590E+01   0.0000E+00  0.0000
   9.8590E+01   9.8600E+01   0.0000E+00  0.0000
   9.8600E+01   9.8610E+01   0.0000E+00  0.0000
   9.8610E+01   9.8620E+01   0.0000E+00  0.0000
   9.8620E+01   9.8630E+01   0.0000E+00  0.0000
   9.8630E+01   9.8640E+01   0.0000E+00  0.0000
   9.8640E+01   9.8650E+01   0.0000E+00  0.0000
   9.8650E+01   9.8660E+01   0.0000E+00  0.0000
   9.8660E+01   9.8670E+01   0.0000E+00  0.0000
   9.8670E+01   9.8680E+01   0.0000E+00  0.0000
   9.8680E+01   9.8690E+01   0.0000E+00  0.0000
   9.8690E+01   9.8700E+01   0.0000E+00  0.0000
   9.8700E+01   9.8710E+01   0.0000E+00  0.0000
   9.8710E+01   9.8720E+01   0.0000E+00  0.0000
   9.8720E+01   9.8730E+01   0.0000E+00  0.0000
   9.8730E+01   9.8740E+01   0.0000E+00  0.0000
   9.8740E+01   9.8750E+01   0.0000E+00  0.0000
   9.8750E+01   9.8760E+01   0.0000E+00  0.0000
   9.8760E+01   9.8770E+01   0.0000E+00  0.0000
   9.8770E+01   9.8780E+01   0.0000E+00  0.0000
   9.8780E+01   9.8790E+01   0.0000E+00  0.0000
   9.8790E+01   9.8800E+01   0.0000E+00  0.0000
   9.8800E+01   9.8810E+01   0.0000E+00  0.0000
   9.8810E+01   9.8820E+01   0.0000E+00  0.0000
   9.8820E+01   9.8830E+01   0.0000E+00  0.0000
   9.8830E+01   9.8840E+01   0.0000E+00  0.0000
   9.8840E+01   9.8850E+01   0.0000E+00  0.0000
   9.8850E+01   9.8860E+01   0.0000E+00  0.0000
   9.8860E+01   9.8870E+01   0.0000E+00  0.0000
   9.8870E+01   9.8880E+01   0.0000E+00  0.0000
   9.8880E+01   9.8890E+01   0.0000E+00  0.0000
   9.8890E+01   9.8900E+01   0.0000E+00  0.0000
   9.8900E+01   9.8910E+01   0.0000E+00  0.0000
   9.8910E+01   9.8920E+01   0.0000E+00  0.0000
   9.8920E+01   9.8930E+01   0.0000E+00  0.0000
   9.8930E+01   9.8940E+01   0.0000E+00  0.0000
   9.8940E+01   9.8950E+01   0.0000E+00  0.0000
   9.8950E+01   9.8960E+01   0.0000E+00  0.0000
   9.8960E+01   9.8970E+01   0.0000E+00  0.0000
   9.8970E+01   9.8980E+01   0.0000E+00  0.0000
   9.8980E+01   9.8990E+01   0.0000E+00  0.0000
   9.8990E+01   9.9000E+01   0.0000E+00  0.0000
   9.9000E+01   9.9010E+01   0.0000E+00  0.0000
   9.9010E+01   9.9020E+01   0.0000E+00  0.0000
   9.9020E+01   9.9030E+01   0.0000E+00  0.0000
   9.9030E+01   9.9040E+01   0.0000E+00  0.0000
   9.9040E+01   9.9050E+01   0.0000E+00  0.0000
   9.9050E+01   9.9060E+01   0.0000E+00  0.0000
   9.9060E+01   9.9070E+01   0.0000E+00  0.0000
   9.9070E+01   9.9080E+01   0.0000E+00  0.0000
   9.9080E+01   9.9090E+01   0.0000E+00  0.0000
   9.9090E+01   9.9100E+01   0.0000E+00  0.0000
   9.9100E+01   9.9110E+01   0.0000E+00  0.0000
   9.9110E+01   9.9120E+01   0.0000E+00  0.0000
   9.9120E+01   9.9130E+01   0.0000E+00  0.0000
   9.9130E+01   9.9140E+01   5.4511E+01  1.0000
   9.9140E+01   9.9150E+01   8.3281E+01  1.0000
   9.9150E+01   9.9160E+01   8.3281E+01  1.0000
   9.9160E+01   9.9170E+01   8.3281E+01  1.0000
   9.9170E+01   9.9180E+01   8.3281E+01  1.0000
   9.9180E+01   9.9190E+01   1.2987E+02  0.7348
   9.9190E+01   9.9200E+01   2.1057E+02  0.5852
   9.9200E+01   9.9210E+01   5.8228E+02  0.3544
   9.9210E+01   9.9220E+01   9.8793E+02  0.3352
   9.9220E+01   9.9230E+01   1.0023E+03  0.3326
   9.9230E+01   9.9240E+01   1.1779E+03  0.3230
   9.9240E+01   9.9250E+01   1.0961E+03  0.3373
   9.9250E+01   9.9260E+01   1.3122E+03  0.3318
   9.9260E+01   9.9270E+01   1.6554E+03  0.5282
   9.9270E+01   9.9280E+01   1.4800E+03  0.5817
   9.9280E+01   9.9290E+01   1.3614E+03  0.5259
   9.9290E+01   9.9300E+01   8.4821E+02  0.3508
   9.9300E+01   9.9310E+01   7.0820E+02  0.3597
   9.9310E+01   9.9320E+01   6.8486E+02  0.3539
   9.9320E+01   9.9330E+01   1.0104E+03  0.3752
   9.9330E+01   9.9340E+01   1.0104E+03  0.3752
   9.9340E+01   9.9350E+01   1.0104E+03  0.3752
   9.9350E+01   9.9360E+01   1.0104E+03  0.3752
   9.9360E+01   9.9370E+01   9.6967E+02  0.3874
   9.9370E+01   9.9380E+01   9.5794E+02  0.3919
   9.9380E+01   9.9390E+01   8.9855E+02  0.4086
   9.9390E+01   9.9400E+01   1.0362E+03  0.3858
   9.9400E+01   9.9410E+01   1.0536E+03  0.3863
   9.9410E+01   9.9420E+01   9.0175E+02  0.4122
   9.9420E+01   9.9430E+01   1.2349E+03  0.3647
   9.9430E+01   9.9440E+01   1.2956E+03  0.4181
   9.9440E+01   9.9450E+01   1.2027E+03  0.4268
   9.9450E+01   9.9460E+01   1.1095E+03  0.4514
   9.9460E+01   9.9470E+01   1.2420E+03  0.4215
   9.9470E+01   9.9480E+01   1.2363E+03  0.4217
   9.9480E+01   9.9490E+01   1.4052E+03  0.4036
   9.9490E+01   9.9500E+01   1.3613E+03  0.3963
   9.9500E+01   9.9510E+01   1.1183E+03  0.3907
   9.9510E+01   9.9520E+01   1.0064E+03  0.3782
   9.9520E+01   9.9530E+01   8.6684E+02  0.4056
   9.9530E+01   9.9540E+01   7.1334E+02  0.4435
   9.9540E+01   9.9550E+01   8.7332E+02  0.4059
   9.9550E+01   9.9560E+01   8.7592E+02  0.4061
   9.9560E+01   9.9570E+01   1.2661E+03  0.4170
   9.9570E+01   9.9580E+01   1.3224E+03  0.4570
   9.9580E+01   9.9590E+01   1.1318E+03  0.5084
   9.9590E+01   9.9600E+01   1.0092E+03  0.5571
   9.9600E+01   9.9610E+01   8.8243E+02  0.5043
   9.9610E+01   9.9620E+01   5.6328E+02  0.4191
   9.9620E+01   9.9630E+01   9.3578E+02  0.3517
   9.9630E+01   9.9640E+01   1.5532E+03  0.4023
   9.9640E+01   9.9650E+01   1.5532E+03  0.4023
   9.9650E+01   9.9660E+01   2.7584E+03  0.4922
   9.9660E+01   9.9670E+01   2.9650E+03  0.4379
   9.9670E+01   9.9680E+01   2.0284E+03  0.3370
   9.9680E+01   9.9690E+01   1.9868E+03  0.2968
   9.9690E+01   9.9700E+01   1.8487E+03  0.3102
   9.9700E+01   9.9710E+01   1.5665E+03  0.3350
   9.9710E+01   9.9720E+01   1.2969E+03  0.3267
   9.9720E+01   9.9730E+01   1.0920E+03  0.3394
   9.9730E+01   9.9740E+01   1.6597E+03  0.3964
   9.9740E+01   9.9750E+01   2.0018E+03  0.3761
   9.9750E+01   9.9760E+01   1.4449E+03  0.3384
   9.9760E+01   9.9770E+01   1.1779E+03  0.3741
   9.9770E+01   9.9780E+01   1.1646E+03  0.3724
   9.9780E+01   9.9790E+01   1.0447E+03  0.3960
   9.9790E+01   9.9800E+01   1.0455E+03  0.3537
   9.9800E+01   9.9810E+01   8.9196E+02  0.3073
   9.9810E+01   9.9820E+01   8.9838E+02  0.3070
   9.9820E+01   9.9830E+01   8.7723E+02  0.3120
   9.9830E+01   9.9840E+01   8.5848E+02  0.3179
   9.9840E+01   9.9850E+01   8.9196E+02  0.3079
   9.9850E+01   9.9860E+01   1.4370E+03  0.3923
   9.9860E+01   9.9870E+01   1.9682E+03  0.5048
   9.9870E+01   9.9880E+01   1.9733E+03  0.4970
   9.9880E+01   9.9890E+01   1.0073E+03  0.3007
   9.9890E+01   9.9900E+01   1.1050E+03  0.2940
   9.9900E+01   9.9910E+01   2.0726E+03  0.4880
   9.9910E+01   9.9920E+01   2.2292E+03  0.4875
   9.9920E+01   9.9930E+01   2.1673E+03  0.4215
   9.9930E+01   9.9940E+01   1.3423E+03  0.2922
   9.9940E+01   9.9950E+01   1.8107E+03  0.3102
   9.9950E+01   9.9960E+01   2.2863E+03  0.3892
   9.9960E+01   9.9970E+01   2.2459E+03  0.3581
   9.9970E+01   9.9980E+01   2.7166E+03  0.4839
   9.9980E+01   9.9990E+01   2.1233E+03  0.3309
   9.9990E+01   1.0000E+02   1.7109E+03  0.3106

#   sum over    6.0000E-01   2.2253E+07  0.0010

'no. =  1,  ie =  1,  ix =  1,  iy =  1'
msuc: {\huge Proton fluence vs depth column 1}
msdr: {\it plotted by \ANGEL \version}
msdl: {\it calculated by \PHITS  3.36}
wt: s(0.7)
\vspace{-3}
  emin  &=&   1.0000E-03 [MeV/n]
  emax  &=&   2.5000E+01 [MeV/n]
  xmin  &=&  -2.5000E-01 [cm]
  xmax  &=&   2.5000E-01 [cm]
  ymin  &=&   1.2815E+00 [cm]
  ymax  &=&   1.6815E+00 [cm]
e:
 
# Information for Restart Calculation
# This calculation was newly started
# istdev =  2 # 1:Batch variance, 2:History variance
# resc2  = 1.06347943635207276E-01 # Total source weight or Total source weight / maxcas
# resc3  = 6.63771504000000000E+08 # Total history number or Total batch number
# maxcas =      100056 # History / Batch, only used for istdev=1
# bitrseed = 0101101001011100001001111110111000111000010110110110000101110110 # bit data of rseed
