
Errors of cell definition in EPS Page No. =   1
Overlapped Cell IDs  x, y, z  coodinates
(Cells 0       0  indicate undefined region)
     600    7012    -1.302078E+00  1.111701E+00  9.841750E+01
     600    7012    -1.197911E+00  1.111701E+00  9.841750E+01
     600    7012    -1.093744E+00  1.111701E+00  9.841750E+01
     600    7012    -9.895775E-01  1.111701E+00  9.841750E+01
     600    7012    -8.854109E-01  1.111701E+00  9.841750E+01
     600    7012    -7.812442E-01  1.111701E+00  9.841750E+01
     600    7012    -6.770775E-01  1.111701E+00  9.841750E+01
     600    7012    -5.729109E-01  1.111701E+00  9.841750E+01
     600    7012    -4.687442E-01  1.111701E+00  9.841750E+01
     600    7012    -3.645775E-01  1.111701E+00  9.841750E+01
     600    7012    -2.604109E-01  1.111701E+00  9.841750E+01
     600    7012    -1.562442E-01  1.111701E+00  9.841750E+01
     600    7012    -5.207753E-02  1.111701E+00  9.841750E+01
     600    7012     5.208914E-02  1.111701E+00  9.841750E+01
     600    7012     1.562558E-01  1.111701E+00  9.841750E+01
     600    7012     2.604225E-01  1.111701E+00  9.841750E+01
     600    7012     3.645891E-01  1.111701E+00  9.841750E+01
     600    7012     4.687558E-01  1.111701E+00  9.841750E+01
     600    7012     5.729225E-01  1.111701E+00  9.841750E+01
     600    7012     6.770891E-01  1.111701E+00  9.841750E+01
     600    7012     7.812558E-01  1.111701E+00  9.841750E+01
     600    7012     8.854225E-01  1.111701E+00  9.841750E+01
     600    7012     9.895891E-01  1.111701E+00  9.841750E+01
     600    7012     1.093756E+00  1.111701E+00  9.841750E+01
     600    7012     1.197922E+00  1.111701E+00  9.841750E+01
     600    7012     1.302089E+00  1.111701E+00  9.841750E+01
     600    7012    -1.302078E+00  1.215474E+00  9.841750E+01
     600    7012    -1.197911E+00  1.215474E+00  9.841750E+01
     600    7012    -1.093744E+00  1.215474E+00  9.841750E+01
     600    7012    -9.895775E-01  1.215474E+00  9.841750E+01
     600    7012    -8.854109E-01  1.215474E+00  9.841750E+01
     600    7012    -7.812442E-01  1.215474E+00  9.841750E+01
     600    7012    -6.770775E-01  1.215474E+00  9.841750E+01
     600    7012    -5.729109E-01  1.215474E+00  9.841750E+01
     600    7012    -4.687442E-01  1.215474E+00  9.841750E+01
     600    7012    -3.645775E-01  1.215474E+00  9.841750E+01
     600    7012    -2.604109E-01  1.215474E+00  9.841750E+01
     600    7012    -1.562442E-01  1.215474E+00  9.841750E+01
     600    7012    -5.207753E-02  1.215474E+00  9.841750E+01
     600    7012     5.208914E-02  1.215474E+00  9.841750E+01
     600    7012     1.562558E-01  1.215474E+00  9.841750E+01
     600    7012     2.604225E-01  1.215474E+00  9.841750E+01
     600    7012     3.645891E-01  1.215474E+00  9.841750E+01
     600    7012     4.687558E-01  1.215474E+00  9.841750E+01
     600    7012     5.729225E-01  1.215474E+00  9.841750E+01
     600    7012     6.770891E-01  1.215474E+00  9.841750E+01
     600    7012     7.812558E-01  1.215474E+00  9.841750E+01
     600    7012     8.854225E-01  1.215474E+00  9.841750E+01
     600    7012     9.895891E-01  1.215474E+00  9.841750E+01
     600    7012     1.093756E+00  1.215474E+00  9.841750E+01
     600    7012     1.197922E+00  1.215474E+00  9.841750E+01
     600    7012     1.302089E+00  1.215474E+00  9.841750E+01
     600    7012    -1.302078E+00  1.319248E+00  9.841750E+01
     600    7012    -1.197911E+00  1.319248E+00  9.841750E+01
     600    7012    -1.093744E+00  1.319248E+00  9.841750E+01
     600    7012    -9.895775E-01  1.319248E+00  9.841750E+01
     600    7012    -8.854109E-01  1.319248E+00  9.841750E+01
     600    7012    -7.812442E-01  1.319248E+00  9.841750E+01
     600    7012    -6.770775E-01  1.319248E+00  9.841750E+01
     600    7012    -5.729109E-01  1.319248E+00  9.841750E+01
     600    7012    -4.687442E-01  1.319248E+00  9.841750E+01
     600    7012    -3.645775E-01  1.319248E+00  9.841750E+01
     600    7012    -2.604109E-01  1.319248E+00  9.841750E+01
     600    7012    -1.562442E-01  1.319248E+00  9.841750E+01
     600    7012    -5.207753E-02  1.319248E+00  9.841750E+01
     600    7012     5.208914E-02  1.319248E+00  9.841750E+01
     600    7012     1.562558E-01  1.319248E+00  9.841750E+01
     600    7012     2.604225E-01  1.319248E+00  9.841750E+01
     600    7012     3.645891E-01  1.319248E+00  9.841750E+01
     600    7012     4.687558E-01  1.319248E+00  9.841750E+01
     600    7012     5.729225E-01  1.319248E+00  9.841750E+01
     600    7012     6.770891E-01  1.319248E+00  9.841750E+01
     600    7012     7.812558E-01  1.319248E+00  9.841750E+01
     600    7012     8.854225E-01  1.319248E+00  9.841750E+01
     600    7012     9.895891E-01  1.319248E+00  9.841750E+01
     600    7012     1.093756E+00  1.319248E+00  9.841750E+01
     600    7012     1.197922E+00  1.319248E+00  9.841750E+01
     600    7012     1.302089E+00  1.319248E+00  9.841750E+01
     600    7012    -1.302078E+00  1.423022E+00  9.841750E+01
     600    7012    -1.197911E+00  1.423022E+00  9.841750E+01
     600    7012    -1.093744E+00  1.423022E+00  9.841750E+01
     600    7012    -9.895775E-01  1.423022E+00  9.841750E+01
     600    7012    -8.854109E-01  1.423022E+00  9.841750E+01
     600    7012    -7.812442E-01  1.423022E+00  9.841750E+01
     600    7012    -6.770775E-01  1.423022E+00  9.841750E+01
     600    7012    -5.729109E-01  1.423022E+00  9.841750E+01
     600    7012    -4.687442E-01  1.423022E+00  9.841750E+01
     600    7012    -3.645775E-01  1.423022E+00  9.841750E+01
     600    7012    -2.604109E-01  1.423022E+00  9.841750E+01
     600    7012    -1.562442E-01  1.423022E+00  9.841750E+01
     600    7012    -5.207753E-02  1.423022E+00  9.841750E+01
     600    7012     5.208914E-02  1.423022E+00  9.841750E+01
     600    7012     1.562558E-01  1.423022E+00  9.841750E+01
     600    7012     2.604225E-01  1.423022E+00  9.841750E+01
     600    7012     3.645891E-01  1.423022E+00  9.841750E+01
     600    7012     4.687558E-01  1.423022E+00  9.841750E+01
     600    7012     5.729225E-01  1.423022E+00  9.841750E+01
     600    7012     6.770891E-01  1.423022E+00  9.841750E+01
     600    7012     7.812558E-01  1.423022E+00  9.841750E+01
     600    7012     8.854225E-01  1.423022E+00  9.841750E+01
     600    7012     9.895891E-01  1.423022E+00  9.841750E+01
     600    7012     1.093756E+00  1.423022E+00  9.841750E+01
     600    7012     1.197922E+00  1.423022E+00  9.841750E+01
     600    7012     1.302089E+00  1.423022E+00  9.841750E+01
     600    7012    -1.302078E+00  1.526795E+00  9.841750E+01
     600    7012    -1.197911E+00  1.526795E+00  9.841750E+01
     600    7012    -1.093744E+00  1.526795E+00  9.841750E+01
     600    7012    -9.895775E-01  1.526795E+00  9.841750E+01
     600    7012    -8.854109E-01  1.526795E+00  9.841750E+01
     600    7012    -7.812442E-01  1.526795E+00  9.841750E+01
     600    7012    -6.770775E-01  1.526795E+00  9.841750E+01
     600    7012    -5.729109E-01  1.526795E+00  9.841750E+01
     600    7012    -4.687442E-01  1.526795E+00  9.841750E+01
     600    7012    -3.645775E-01  1.526795E+00  9.841750E+01
     600    7012    -2.604109E-01  1.526795E+00  9.841750E+01
     600    7012    -1.562442E-01  1.526795E+00  9.841750E+01
     600    7012    -5.207753E-02  1.526795E+00  9.841750E+01
     600    7012     5.208914E-02  1.526795E+00  9.841750E+01
     600    7012     1.562558E-01  1.526795E+00  9.841750E+01
     600    7012     2.604225E-01  1.526795E+00  9.841750E+01
     600    7012     3.645891E-01  1.526795E+00  9.841750E+01
     600    7012     4.687558E-01  1.526795E+00  9.841750E+01
     600    7012     5.729225E-01  1.526795E+00  9.841750E+01
     600    7012     6.770891E-01  1.526795E+00  9.841750E+01
     600    7012     7.812558E-01  1.526795E+00  9.841750E+01
     600    7012     8.854225E-01  1.526795E+00  9.841750E+01
     600    7012     9.895891E-01  1.526795E+00  9.841750E+01
     600    7012     1.093756E+00  1.526795E+00  9.841750E+01
     600    7012     1.197922E+00  1.526795E+00  9.841750E+01
     600    7012     1.302089E+00  1.526795E+00  9.841750E+01
     600    7012    -1.302078E+00  1.630569E+00  9.841750E+01
     600    7012    -1.197911E+00  1.630569E+00  9.841750E+01
     600    7012    -1.093744E+00  1.630569E+00  9.841750E+01
     600    7012    -9.895775E-01  1.630569E+00  9.841750E+01
     600    7012    -8.854109E-01  1.630569E+00  9.841750E+01
     600    7012    -7.812442E-01  1.630569E+00  9.841750E+01
     600    7012    -6.770775E-01  1.630569E+00  9.841750E+01
     600    7012    -5.729109E-01  1.630569E+00  9.841750E+01
     600    7012    -4.687442E-01  1.630569E+00  9.841750E+01
     600    7012    -3.645775E-01  1.630569E+00  9.841750E+01
     600    7012    -2.604109E-01  1.630569E+00  9.841750E+01
     600    7012    -1.562442E-01  1.630569E+00  9.841750E+01
     600    7012    -5.207753E-02  1.630569E+00  9.841750E+01
     600    7012     5.208914E-02  1.630569E+00  9.841750E+01
     600    7012     1.562558E-01  1.630569E+00  9.841750E+01
     600    7012     2.604225E-01  1.630569E+00  9.841750E+01
     600    7012     3.645891E-01  1.630569E+00  9.841750E+01
     600    7012     4.687558E-01  1.630569E+00  9.841750E+01
     600    7012     5.729225E-01  1.630569E+00  9.841750E+01
     600    7012     6.770891E-01  1.630569E+00  9.841750E+01
     600    7012     7.812558E-01  1.630569E+00  9.841750E+01
     600    7012     8.854225E-01  1.630569E+00  9.841750E+01
     600    7012     9.895891E-01  1.630569E+00  9.841750E+01
     600    7012     1.093756E+00  1.630569E+00  9.841750E+01
     600    7012     1.197922E+00  1.630569E+00  9.841750E+01
     600    7012     1.302089E+00  1.630569E+00  9.841750E+01
     600    7012    -1.302078E+00  1.734342E+00  9.841750E+01
     600    7012    -1.197911E+00  1.734342E+00  9.841750E+01
     600    7012    -1.093744E+00  1.734342E+00  9.841750E+01
     600    7012    -9.895775E-01  1.734342E+00  9.841750E+01
     600    7012    -8.854109E-01  1.734342E+00  9.841750E+01
     600    7012    -7.812442E-01  1.734342E+00  9.841750E+01
     600    7012    -6.770775E-01  1.734342E+00  9.841750E+01
     600    7012    -5.729109E-01  1.734342E+00  9.841750E+01
     600    7012    -4.687442E-01  1.734342E+00  9.841750E+01
     600    7012    -3.645775E-01  1.734342E+00  9.841750E+01
     600    7012    -2.604109E-01  1.734342E+00  9.841750E+01
     600    7012    -1.562442E-01  1.734342E+00  9.841750E+01
     600    7012    -5.207753E-02  1.734342E+00  9.841750E+01
     600    7012     5.208914E-02  1.734342E+00  9.841750E+01
     600    7012     1.562558E-01  1.734342E+00  9.841750E+01
     600    7012     2.604225E-01  1.734342E+00  9.841750E+01
     600    7012     3.645891E-01  1.734342E+00  9.841750E+01
     600    7012     4.687558E-01  1.734342E+00  9.841750E+01
     600    7012     5.729225E-01  1.734342E+00  9.841750E+01
     600    7012     6.770891E-01  1.734342E+00  9.841750E+01
     600    7012     7.812558E-01  1.734342E+00  9.841750E+01
     600    7012     8.854225E-01  1.734342E+00  9.841750E+01
     600    7012     9.895891E-01  1.734342E+00  9.841750E+01
     600    7012     1.093756E+00  1.734342E+00  9.841750E+01
     600    7012     1.197922E+00  1.734342E+00  9.841750E+01
     600    7012     1.302089E+00  1.734342E+00  9.841750E+01
     600    7012    -1.302078E+00  1.838116E+00  9.841750E+01
     600    7012    -1.197911E+00  1.838116E+00  9.841750E+01
     600    7012    -1.093744E+00  1.838116E+00  9.841750E+01
     600    7012    -9.895775E-01  1.838116E+00  9.841750E+01
     600    7012    -8.854109E-01  1.838116E+00  9.841750E+01
     600    7012    -7.812442E-01  1.838116E+00  9.841750E+01
     600    7012    -6.770775E-01  1.838116E+00  9.841750E+01
     600    7012    -5.729109E-01  1.838116E+00  9.841750E+01
     600    7012    -4.687442E-01  1.838116E+00  9.841750E+01
     600    7012    -3.645775E-01  1.838116E+00  9.841750E+01
     600    7012    -2.604109E-01  1.838116E+00  9.841750E+01
     600    7012    -1.562442E-01  1.838116E+00  9.841750E+01
     600    7012    -5.207753E-02  1.838116E+00  9.841750E+01
     600    7012     5.208914E-02  1.838116E+00  9.841750E+01
     600    7012     1.562558E-01  1.838116E+00  9.841750E+01
     600    7012     2.604225E-01  1.838116E+00  9.841750E+01
     600    7012     3.645891E-01  1.838116E+00  9.841750E+01
     600    7012     4.687558E-01  1.838116E+00  9.841750E+01
     600    7012     5.729225E-01  1.838116E+00  9.841750E+01
     600    7012     6.770891E-01  1.838116E+00  9.841750E+01
     600    7012     7.812558E-01  1.838116E+00  9.841750E+01
     600    7012     8.854225E-01  1.838116E+00  9.841750E+01
     600    7012     9.895891E-01  1.838116E+00  9.841750E+01
     600    7012     1.093756E+00  1.838116E+00  9.841750E+01
     600    7012     1.197922E+00  1.838116E+00  9.841750E+01
     600    7012     1.302089E+00  1.838116E+00  9.841750E+01

Errors of cell definition in EPS Page No. =   1
Overlapped Cell IDs  x, y, z  coodinates
(Cells 0       0  indicate undefined region)
     600    7012    -1.302078E+00  1.111701E+00  9.841750E+01
     600    7012    -1.197911E+00  1.111701E+00  9.841750E+01
     600    7012    -1.093744E+00  1.111701E+00  9.841750E+01
     600    7012    -9.895775E-01  1.111701E+00  9.841750E+01
     600    7012    -8.854109E-01  1.111701E+00  9.841750E+01
     600    7012    -7.812442E-01  1.111701E+00  9.841750E+01
     600    7012    -6.770775E-01  1.111701E+00  9.841750E+01
     600    7012    -5.729109E-01  1.111701E+00  9.841750E+01
     600    7012    -4.687442E-01  1.111701E+00  9.841750E+01
     600    7012    -3.645775E-01  1.111701E+00  9.841750E+01
     600    7012    -2.604109E-01  1.111701E+00  9.841750E+01
     600    7012    -1.562442E-01  1.111701E+00  9.841750E+01
     600    7012    -5.207753E-02  1.111701E+00  9.841750E+01
     600    7012     5.208914E-02  1.111701E+00  9.841750E+01
     600    7012     1.562558E-01  1.111701E+00  9.841750E+01
     600    7012     2.604225E-01  1.111701E+00  9.841750E+01
     600    7012     3.645891E-01  1.111701E+00  9.841750E+01
     600    7012     4.687558E-01  1.111701E+00  9.841750E+01
     600    7012     5.729225E-01  1.111701E+00  9.841750E+01
     600    7012     6.770891E-01  1.111701E+00  9.841750E+01
     600    7012     7.812558E-01  1.111701E+00  9.841750E+01
     600    7012     8.854225E-01  1.111701E+00  9.841750E+01
     600    7012     9.895891E-01  1.111701E+00  9.841750E+01
     600    7012     1.093756E+00  1.111701E+00  9.841750E+01
     600    7012     1.197922E+00  1.111701E+00  9.841750E+01
     600    7012     1.302089E+00  1.111701E+00  9.841750E+01
     600    7012    -1.302078E+00  1.215474E+00  9.841750E+01
     600    7012    -1.197911E+00  1.215474E+00  9.841750E+01
     600    7012    -1.093744E+00  1.215474E+00  9.841750E+01
     600    7012    -9.895775E-01  1.215474E+00  9.841750E+01
     600    7012    -8.854109E-01  1.215474E+00  9.841750E+01
     600    7012    -7.812442E-01  1.215474E+00  9.841750E+01
     600    7012    -6.770775E-01  1.215474E+00  9.841750E+01
     600    7012    -5.729109E-01  1.215474E+00  9.841750E+01
     600    7012    -4.687442E-01  1.215474E+00  9.841750E+01
     600    7012    -3.645775E-01  1.215474E+00  9.841750E+01
     600    7012    -2.604109E-01  1.215474E+00  9.841750E+01
     600    7012    -1.562442E-01  1.215474E+00  9.841750E+01
     600    7012    -5.207753E-02  1.215474E+00  9.841750E+01
     600    7012     5.208914E-02  1.215474E+00  9.841750E+01
     600    7012     1.562558E-01  1.215474E+00  9.841750E+01
     600    7012     2.604225E-01  1.215474E+00  9.841750E+01
     600    7012     3.645891E-01  1.215474E+00  9.841750E+01
     600    7012     4.687558E-01  1.215474E+00  9.841750E+01
     600    7012     5.729225E-01  1.215474E+00  9.841750E+01
     600    7012     6.770891E-01  1.215474E+00  9.841750E+01
     600    7012     7.812558E-01  1.215474E+00  9.841750E+01
     600    7012     8.854225E-01  1.215474E+00  9.841750E+01
     600    7012     9.895891E-01  1.215474E+00  9.841750E+01
     600    7012     1.093756E+00  1.215474E+00  9.841750E+01
     600    7012     1.197922E+00  1.215474E+00  9.841750E+01
     600    7012     1.302089E+00  1.215474E+00  9.841750E+01
     600    7012    -1.302078E+00  1.319248E+00  9.841750E+01
     600    7012    -1.197911E+00  1.319248E+00  9.841750E+01
     600    7012    -1.093744E+00  1.319248E+00  9.841750E+01
     600    7012    -9.895775E-01  1.319248E+00  9.841750E+01
     600    7012    -8.854109E-01  1.319248E+00  9.841750E+01
     600    7012    -7.812442E-01  1.319248E+00  9.841750E+01
     600    7012    -6.770775E-01  1.319248E+00  9.841750E+01
     600    7012    -5.729109E-01  1.319248E+00  9.841750E+01
     600    7012    -4.687442E-01  1.319248E+00  9.841750E+01
     600    7012    -3.645775E-01  1.319248E+00  9.841750E+01
     600    7012    -2.604109E-01  1.319248E+00  9.841750E+01
     600    7012    -1.562442E-01  1.319248E+00  9.841750E+01
     600    7012    -5.207753E-02  1.319248E+00  9.841750E+01
     600    7012     5.208914E-02  1.319248E+00  9.841750E+01
     600    7012     1.562558E-01  1.319248E+00  9.841750E+01
     600    7012     2.604225E-01  1.319248E+00  9.841750E+01
     600    7012     3.645891E-01  1.319248E+00  9.841750E+01
     600    7012     4.687558E-01  1.319248E+00  9.841750E+01
     600    7012     5.729225E-01  1.319248E+00  9.841750E+01
     600    7012     6.770891E-01  1.319248E+00  9.841750E+01
     600    7012     7.812558E-01  1.319248E+00  9.841750E+01
     600    7012     8.854225E-01  1.319248E+00  9.841750E+01
     600    7012     9.895891E-01  1.319248E+00  9.841750E+01
     600    7012     1.093756E+00  1.319248E+00  9.841750E+01
     600    7012     1.197922E+00  1.319248E+00  9.841750E+01
     600    7012     1.302089E+00  1.319248E+00  9.841750E+01
     600    7012    -1.302078E+00  1.423022E+00  9.841750E+01
     600    7012    -1.197911E+00  1.423022E+00  9.841750E+01
     600    7012    -1.093744E+00  1.423022E+00  9.841750E+01
     600    7012    -9.895775E-01  1.423022E+00  9.841750E+01
     600    7012    -8.854109E-01  1.423022E+00  9.841750E+01
     600    7012    -7.812442E-01  1.423022E+00  9.841750E+01
     600    7012    -6.770775E-01  1.423022E+00  9.841750E+01
     600    7012    -5.729109E-01  1.423022E+00  9.841750E+01
     600    7012    -4.687442E-01  1.423022E+00  9.841750E+01
     600    7012    -3.645775E-01  1.423022E+00  9.841750E+01
     600    7012    -2.604109E-01  1.423022E+00  9.841750E+01
     600    7012    -1.562442E-01  1.423022E+00  9.841750E+01
     600    7012    -5.207753E-02  1.423022E+00  9.841750E+01
     600    7012     5.208914E-02  1.423022E+00  9.841750E+01
     600    7012     1.562558E-01  1.423022E+00  9.841750E+01
     600    7012     2.604225E-01  1.423022E+00  9.841750E+01
     600    7012     3.645891E-01  1.423022E+00  9.841750E+01
     600    7012     4.687558E-01  1.423022E+00  9.841750E+01
     600    7012     5.729225E-01  1.423022E+00  9.841750E+01
     600    7012     6.770891E-01  1.423022E+00  9.841750E+01
     600    7012     7.812558E-01  1.423022E+00  9.841750E+01
     600    7012     8.854225E-01  1.423022E+00  9.841750E+01
     600    7012     9.895891E-01  1.423022E+00  9.841750E+01
     600    7012     1.093756E+00  1.423022E+00  9.841750E+01
     600    7012     1.197922E+00  1.423022E+00  9.841750E+01
     600    7012     1.302089E+00  1.423022E+00  9.841750E+01
     600    7012    -1.302078E+00  1.526795E+00  9.841750E+01
     600    7012    -1.197911E+00  1.526795E+00  9.841750E+01
     600    7012    -1.093744E+00  1.526795E+00  9.841750E+01
     600    7012    -9.895775E-01  1.526795E+00  9.841750E+01
     600    7012    -8.854109E-01  1.526795E+00  9.841750E+01
     600    7012    -7.812442E-01  1.526795E+00  9.841750E+01
     600    7012    -6.770775E-01  1.526795E+00  9.841750E+01
     600    7012    -5.729109E-01  1.526795E+00  9.841750E+01
     600    7012    -4.687442E-01  1.526795E+00  9.841750E+01
     600    7012    -3.645775E-01  1.526795E+00  9.841750E+01
     600    7012    -2.604109E-01  1.526795E+00  9.841750E+01
     600    7012    -1.562442E-01  1.526795E+00  9.841750E+01
     600    7012    -5.207753E-02  1.526795E+00  9.841750E+01
     600    7012     5.208914E-02  1.526795E+00  9.841750E+01
     600    7012     1.562558E-01  1.526795E+00  9.841750E+01
     600    7012     2.604225E-01  1.526795E+00  9.841750E+01
     600    7012     3.645891E-01  1.526795E+00  9.841750E+01
     600    7012     4.687558E-01  1.526795E+00  9.841750E+01
     600    7012     5.729225E-01  1.526795E+00  9.841750E+01
     600    7012     6.770891E-01  1.526795E+00  9.841750E+01
     600    7012     7.812558E-01  1.526795E+00  9.841750E+01
     600    7012     8.854225E-01  1.526795E+00  9.841750E+01
     600    7012     9.895891E-01  1.526795E+00  9.841750E+01
     600    7012     1.093756E+00  1.526795E+00  9.841750E+01
     600    7012     1.197922E+00  1.526795E+00  9.841750E+01
     600    7012     1.302089E+00  1.526795E+00  9.841750E+01
     600    7012    -1.302078E+00  1.630569E+00  9.841750E+01
     600    7012    -1.197911E+00  1.630569E+00  9.841750E+01
     600    7012    -1.093744E+00  1.630569E+00  9.841750E+01
     600    7012    -9.895775E-01  1.630569E+00  9.841750E+01
     600    7012    -8.854109E-01  1.630569E+00  9.841750E+01
     600    7012    -7.812442E-01  1.630569E+00  9.841750E+01
     600    7012    -6.770775E-01  1.630569E+00  9.841750E+01
     600    7012    -5.729109E-01  1.630569E+00  9.841750E+01
     600    7012    -4.687442E-01  1.630569E+00  9.841750E+01
     600    7012    -3.645775E-01  1.630569E+00  9.841750E+01
     600    7012    -2.604109E-01  1.630569E+00  9.841750E+01
     600    7012    -1.562442E-01  1.630569E+00  9.841750E+01
     600    7012    -5.207753E-02  1.630569E+00  9.841750E+01
     600    7012     5.208914E-02  1.630569E+00  9.841750E+01
     600    7012     1.562558E-01  1.630569E+00  9.841750E+01
     600    7012     2.604225E-01  1.630569E+00  9.841750E+01
     600    7012     3.645891E-01  1.630569E+00  9.841750E+01
     600    7012     4.687558E-01  1.630569E+00  9.841750E+01
     600    7012     5.729225E-01  1.630569E+00  9.841750E+01
     600    7012     6.770891E-01  1.630569E+00  9.841750E+01
     600    7012     7.812558E-01  1.630569E+00  9.841750E+01
     600    7012     8.854225E-01  1.630569E+00  9.841750E+01
     600    7012     9.895891E-01  1.630569E+00  9.841750E+01
     600    7012     1.093756E+00  1.630569E+00  9.841750E+01
     600    7012     1.197922E+00  1.630569E+00  9.841750E+01
     600    7012     1.302089E+00  1.630569E+00  9.841750E+01
     600    7012    -1.302078E+00  1.734342E+00  9.841750E+01
     600    7012    -1.197911E+00  1.734342E+00  9.841750E+01
     600    7012    -1.093744E+00  1.734342E+00  9.841750E+01
     600    7012    -9.895775E-01  1.734342E+00  9.841750E+01
     600    7012    -8.854109E-01  1.734342E+00  9.841750E+01
     600    7012    -7.812442E-01  1.734342E+00  9.841750E+01
     600    7012    -6.770775E-01  1.734342E+00  9.841750E+01
     600    7012    -5.729109E-01  1.734342E+00  9.841750E+01
     600    7012    -4.687442E-01  1.734342E+00  9.841750E+01
     600    7012    -3.645775E-01  1.734342E+00  9.841750E+01
     600    7012    -2.604109E-01  1.734342E+00  9.841750E+01
     600    7012    -1.562442E-01  1.734342E+00  9.841750E+01
     600    7012    -5.207753E-02  1.734342E+00  9.841750E+01
     600    7012     5.208914E-02  1.734342E+00  9.841750E+01
     600    7012     1.562558E-01  1.734342E+00  9.841750E+01
     600    7012     2.604225E-01  1.734342E+00  9.841750E+01
     600    7012     3.645891E-01  1.734342E+00  9.841750E+01
     600    7012     4.687558E-01  1.734342E+00  9.841750E+01
     600    7012     5.729225E-01  1.734342E+00  9.841750E+01
     600    7012     6.770891E-01  1.734342E+00  9.841750E+01
     600    7012     7.812558E-01  1.734342E+00  9.841750E+01
     600    7012     8.854225E-01  1.734342E+00  9.841750E+01
     600    7012     9.895891E-01  1.734342E+00  9.841750E+01
     600    7012     1.093756E+00  1.734342E+00  9.841750E+01
     600    7012     1.197922E+00  1.734342E+00  9.841750E+01
     600    7012     1.302089E+00  1.734342E+00  9.841750E+01
     600    7012    -1.302078E+00  1.838116E+00  9.841750E+01
     600    7012    -1.197911E+00  1.838116E+00  9.841750E+01
     600    7012    -1.093744E+00  1.838116E+00  9.841750E+01
     600    7012    -9.895775E-01  1.838116E+00  9.841750E+01
     600    7012    -8.854109E-01  1.838116E+00  9.841750E+01
     600    7012    -7.812442E-01  1.838116E+00  9.841750E+01
     600    7012    -6.770775E-01  1.838116E+00  9.841750E+01
     600    7012    -5.729109E-01  1.838116E+00  9.841750E+01
     600    7012    -4.687442E-01  1.838116E+00  9.841750E+01
     600    7012    -3.645775E-01  1.838116E+00  9.841750E+01
     600    7012    -2.604109E-01  1.838116E+00  9.841750E+01
     600    7012    -1.562442E-01  1.838116E+00  9.841750E+01
     600    7012    -5.207753E-02  1.838116E+00  9.841750E+01
     600    7012     5.208914E-02  1.838116E+00  9.841750E+01
     600    7012     1.562558E-01  1.838116E+00  9.841750E+01
     600    7012     2.604225E-01  1.838116E+00  9.841750E+01
     600    7012     3.645891E-01  1.838116E+00  9.841750E+01
     600    7012     4.687558E-01  1.838116E+00  9.841750E+01
     600    7012     5.729225E-01  1.838116E+00  9.841750E+01
     600    7012     6.770891E-01  1.838116E+00  9.841750E+01
     600    7012     7.812558E-01  1.838116E+00  9.841750E+01
     600    7012     8.854225E-01  1.838116E+00  9.841750E+01
     600    7012     9.895891E-01  1.838116E+00  9.841750E+01
     600    7012     1.093756E+00  1.838116E+00  9.841750E+01
     600    7012     1.197922E+00  1.838116E+00  9.841750E+01
     600    7012     1.302089E+00  1.838116E+00  9.841750E+01

Errors of cell definition in EPS Page No. =   1
Overlapped Cell IDs  x, y, z  coodinates
(Cells 0       0  indicate undefined region)
     600    7012    -1.302078E+00  1.111701E+00  9.841750E+01
     600    7012    -1.197911E+00  1.111701E+00  9.841750E+01
     600    7012    -1.093744E+00  1.111701E+00  9.841750E+01
     600    7012    -9.895775E-01  1.111701E+00  9.841750E+01
     600    7012    -8.854109E-01  1.111701E+00  9.841750E+01
     600    7012    -7.812442E-01  1.111701E+00  9.841750E+01
     600    7012    -6.770775E-01  1.111701E+00  9.841750E+01
     600    7012    -5.729109E-01  1.111701E+00  9.841750E+01
     600    7012    -4.687442E-01  1.111701E+00  9.841750E+01
     600    7012    -3.645775E-01  1.111701E+00  9.841750E+01
     600    7012    -2.604109E-01  1.111701E+00  9.841750E+01
     600    7012    -1.562442E-01  1.111701E+00  9.841750E+01
     600    7012    -5.207753E-02  1.111701E+00  9.841750E+01
     600    7012     5.208914E-02  1.111701E+00  9.841750E+01
     600    7012     1.562558E-01  1.111701E+00  9.841750E+01
     600    7012     2.604225E-01  1.111701E+00  9.841750E+01
     600    7012     3.645891E-01  1.111701E+00  9.841750E+01
     600    7012     4.687558E-01  1.111701E+00  9.841750E+01
     600    7012     5.729225E-01  1.111701E+00  9.841750E+01
     600    7012     6.770891E-01  1.111701E+00  9.841750E+01
     600    7012     7.812558E-01  1.111701E+00  9.841750E+01
     600    7012     8.854225E-01  1.111701E+00  9.841750E+01
     600    7012     9.895891E-01  1.111701E+00  9.841750E+01
     600    7012     1.093756E+00  1.111701E+00  9.841750E+01
     600    7012     1.197922E+00  1.111701E+00  9.841750E+01
     600    7012     1.302089E+00  1.111701E+00  9.841750E+01
     600    7012    -1.302078E+00  1.215474E+00  9.841750E+01
     600    7012    -1.197911E+00  1.215474E+00  9.841750E+01
     600    7012    -1.093744E+00  1.215474E+00  9.841750E+01
     600    7012    -9.895775E-01  1.215474E+00  9.841750E+01
     600    7012    -8.854109E-01  1.215474E+00  9.841750E+01
     600    7012    -7.812442E-01  1.215474E+00  9.841750E+01
     600    7012    -6.770775E-01  1.215474E+00  9.841750E+01
     600    7012    -5.729109E-01  1.215474E+00  9.841750E+01
     600    7012    -4.687442E-01  1.215474E+00  9.841750E+01
     600    7012    -3.645775E-01  1.215474E+00  9.841750E+01
     600    7012    -2.604109E-01  1.215474E+00  9.841750E+01
     600    7012    -1.562442E-01  1.215474E+00  9.841750E+01
     600    7012    -5.207753E-02  1.215474E+00  9.841750E+01
     600    7012     5.208914E-02  1.215474E+00  9.841750E+01
     600    7012     1.562558E-01  1.215474E+00  9.841750E+01
     600    7012     2.604225E-01  1.215474E+00  9.841750E+01
     600    7012     3.645891E-01  1.215474E+00  9.841750E+01
     600    7012     4.687558E-01  1.215474E+00  9.841750E+01
     600    7012     5.729225E-01  1.215474E+00  9.841750E+01
     600    7012     6.770891E-01  1.215474E+00  9.841750E+01
     600    7012     7.812558E-01  1.215474E+00  9.841750E+01
     600    7012     8.854225E-01  1.215474E+00  9.841750E+01
     600    7012     9.895891E-01  1.215474E+00  9.841750E+01
     600    7012     1.093756E+00  1.215474E+00  9.841750E+01
     600    7012     1.197922E+00  1.215474E+00  9.841750E+01
     600    7012     1.302089E+00  1.215474E+00  9.841750E+01
     600    7012    -1.302078E+00  1.319248E+00  9.841750E+01
     600    7012    -1.197911E+00  1.319248E+00  9.841750E+01
     600    7012    -1.093744E+00  1.319248E+00  9.841750E+01
     600    7012    -9.895775E-01  1.319248E+00  9.841750E+01
     600    7012    -8.854109E-01  1.319248E+00  9.841750E+01
     600    7012    -7.812442E-01  1.319248E+00  9.841750E+01
     600    7012    -6.770775E-01  1.319248E+00  9.841750E+01
     600    7012    -5.729109E-01  1.319248E+00  9.841750E+01
     600    7012    -4.687442E-01  1.319248E+00  9.841750E+01
     600    7012    -3.645775E-01  1.319248E+00  9.841750E+01
     600    7012    -2.604109E-01  1.319248E+00  9.841750E+01
     600    7012    -1.562442E-01  1.319248E+00  9.841750E+01
     600    7012    -5.207753E-02  1.319248E+00  9.841750E+01
     600    7012     5.208914E-02  1.319248E+00  9.841750E+01
     600    7012     1.562558E-01  1.319248E+00  9.841750E+01
     600    7012     2.604225E-01  1.319248E+00  9.841750E+01
     600    7012     3.645891E-01  1.319248E+00  9.841750E+01
     600    7012     4.687558E-01  1.319248E+00  9.841750E+01
     600    7012     5.729225E-01  1.319248E+00  9.841750E+01
     600    7012     6.770891E-01  1.319248E+00  9.841750E+01
     600    7012     7.812558E-01  1.319248E+00  9.841750E+01
     600    7012     8.854225E-01  1.319248E+00  9.841750E+01
     600    7012     9.895891E-01  1.319248E+00  9.841750E+01
     600    7012     1.093756E+00  1.319248E+00  9.841750E+01
     600    7012     1.197922E+00  1.319248E+00  9.841750E+01
     600    7012     1.302089E+00  1.319248E+00  9.841750E+01
     600    7012    -1.302078E+00  1.423022E+00  9.841750E+01
     600    7012    -1.197911E+00  1.423022E+00  9.841750E+01
     600    7012    -1.093744E+00  1.423022E+00  9.841750E+01
     600    7012    -9.895775E-01  1.423022E+00  9.841750E+01
     600    7012    -8.854109E-01  1.423022E+00  9.841750E+01
     600    7012    -7.812442E-01  1.423022E+00  9.841750E+01
     600    7012    -6.770775E-01  1.423022E+00  9.841750E+01
     600    7012    -5.729109E-01  1.423022E+00  9.841750E+01
     600    7012    -4.687442E-01  1.423022E+00  9.841750E+01
     600    7012    -3.645775E-01  1.423022E+00  9.841750E+01
     600    7012    -2.604109E-01  1.423022E+00  9.841750E+01
     600    7012    -1.562442E-01  1.423022E+00  9.841750E+01
     600    7012    -5.207753E-02  1.423022E+00  9.841750E+01
     600    7012     5.208914E-02  1.423022E+00  9.841750E+01
     600    7012     1.562558E-01  1.423022E+00  9.841750E+01
     600    7012     2.604225E-01  1.423022E+00  9.841750E+01
     600    7012     3.645891E-01  1.423022E+00  9.841750E+01
     600    7012     4.687558E-01  1.423022E+00  9.841750E+01
     600    7012     5.729225E-01  1.423022E+00  9.841750E+01
     600    7012     6.770891E-01  1.423022E+00  9.841750E+01
     600    7012     7.812558E-01  1.423022E+00  9.841750E+01
     600    7012     8.854225E-01  1.423022E+00  9.841750E+01
     600    7012     9.895891E-01  1.423022E+00  9.841750E+01
     600    7012     1.093756E+00  1.423022E+00  9.841750E+01
     600    7012     1.197922E+00  1.423022E+00  9.841750E+01
     600    7012     1.302089E+00  1.423022E+00  9.841750E+01
     600    7012    -1.302078E+00  1.526795E+00  9.841750E+01
     600    7012    -1.197911E+00  1.526795E+00  9.841750E+01
     600    7012    -1.093744E+00  1.526795E+00  9.841750E+01
     600    7012    -9.895775E-01  1.526795E+00  9.841750E+01
     600    7012    -8.854109E-01  1.526795E+00  9.841750E+01
     600    7012    -7.812442E-01  1.526795E+00  9.841750E+01
     600    7012    -6.770775E-01  1.526795E+00  9.841750E+01
     600    7012    -5.729109E-01  1.526795E+00  9.841750E+01
     600    7012    -4.687442E-01  1.526795E+00  9.841750E+01
     600    7012    -3.645775E-01  1.526795E+00  9.841750E+01
     600    7012    -2.604109E-01  1.526795E+00  9.841750E+01
     600    7012    -1.562442E-01  1.526795E+00  9.841750E+01
     600    7012    -5.207753E-02  1.526795E+00  9.841750E+01
     600    7012     5.208914E-02  1.526795E+00  9.841750E+01
     600    7012     1.562558E-01  1.526795E+00  9.841750E+01
     600    7012     2.604225E-01  1.526795E+00  9.841750E+01
     600    7012     3.645891E-01  1.526795E+00  9.841750E+01
     600    7012     4.687558E-01  1.526795E+00  9.841750E+01
     600    7012     5.729225E-01  1.526795E+00  9.841750E+01
     600    7012     6.770891E-01  1.526795E+00  9.841750E+01
     600    7012     7.812558E-01  1.526795E+00  9.841750E+01
     600    7012     8.854225E-01  1.526795E+00  9.841750E+01
     600    7012     9.895891E-01  1.526795E+00  9.841750E+01
     600    7012     1.093756E+00  1.526795E+00  9.841750E+01
     600    7012     1.197922E+00  1.526795E+00  9.841750E+01
     600    7012     1.302089E+00  1.526795E+00  9.841750E+01
     600    7012    -1.302078E+00  1.630569E+00  9.841750E+01
     600    7012    -1.197911E+00  1.630569E+00  9.841750E+01
     600    7012    -1.093744E+00  1.630569E+00  9.841750E+01
     600    7012    -9.895775E-01  1.630569E+00  9.841750E+01
     600    7012    -8.854109E-01  1.630569E+00  9.841750E+01
     600    7012    -7.812442E-01  1.630569E+00  9.841750E+01
     600    7012    -6.770775E-01  1.630569E+00  9.841750E+01
     600    7012    -5.729109E-01  1.630569E+00  9.841750E+01
     600    7012    -4.687442E-01  1.630569E+00  9.841750E+01
     600    7012    -3.645775E-01  1.630569E+00  9.841750E+01
     600    7012    -2.604109E-01  1.630569E+00  9.841750E+01
     600    7012    -1.562442E-01  1.630569E+00  9.841750E+01
     600    7012    -5.207753E-02  1.630569E+00  9.841750E+01
     600    7012     5.208914E-02  1.630569E+00  9.841750E+01
     600    7012     1.562558E-01  1.630569E+00  9.841750E+01
     600    7012     2.604225E-01  1.630569E+00  9.841750E+01
     600    7012     3.645891E-01  1.630569E+00  9.841750E+01
     600    7012     4.687558E-01  1.630569E+00  9.841750E+01
     600    7012     5.729225E-01  1.630569E+00  9.841750E+01
     600    7012     6.770891E-01  1.630569E+00  9.841750E+01
     600    7012     7.812558E-01  1.630569E+00  9.841750E+01
     600    7012     8.854225E-01  1.630569E+00  9.841750E+01
     600    7012     9.895891E-01  1.630569E+00  9.841750E+01
     600    7012     1.093756E+00  1.630569E+00  9.841750E+01
     600    7012     1.197922E+00  1.630569E+00  9.841750E+01
     600    7012     1.302089E+00  1.630569E+00  9.841750E+01
     600    7012    -1.302078E+00  1.734342E+00  9.841750E+01
     600    7012    -1.197911E+00  1.734342E+00  9.841750E+01
     600    7012    -1.093744E+00  1.734342E+00  9.841750E+01
     600    7012    -9.895775E-01  1.734342E+00  9.841750E+01
     600    7012    -8.854109E-01  1.734342E+00  9.841750E+01
     600    7012    -7.812442E-01  1.734342E+00  9.841750E+01
     600    7012    -6.770775E-01  1.734342E+00  9.841750E+01
     600    7012    -5.729109E-01  1.734342E+00  9.841750E+01
     600    7012    -4.687442E-01  1.734342E+00  9.841750E+01
     600    7012    -3.645775E-01  1.734342E+00  9.841750E+01
     600    7012    -2.604109E-01  1.734342E+00  9.841750E+01
     600    7012    -1.562442E-01  1.734342E+00  9.841750E+01
     600    7012    -5.207753E-02  1.734342E+00  9.841750E+01
     600    7012     5.208914E-02  1.734342E+00  9.841750E+01
     600    7012     1.562558E-01  1.734342E+00  9.841750E+01
     600    7012     2.604225E-01  1.734342E+00  9.841750E+01
     600    7012     3.645891E-01  1.734342E+00  9.841750E+01
     600    7012     4.687558E-01  1.734342E+00  9.841750E+01
     600    7012     5.729225E-01  1.734342E+00  9.841750E+01
     600    7012     6.770891E-01  1.734342E+00  9.841750E+01
     600    7012     7.812558E-01  1.734342E+00  9.841750E+01
     600    7012     8.854225E-01  1.734342E+00  9.841750E+01
     600    7012     9.895891E-01  1.734342E+00  9.841750E+01
     600    7012     1.093756E+00  1.734342E+00  9.841750E+01
     600    7012     1.197922E+00  1.734342E+00  9.841750E+01
     600    7012     1.302089E+00  1.734342E+00  9.841750E+01
     600    7012    -1.302078E+00  1.838116E+00  9.841750E+01
     600    7012    -1.197911E+00  1.838116E+00  9.841750E+01
     600    7012    -1.093744E+00  1.838116E+00  9.841750E+01
     600    7012    -9.895775E-01  1.838116E+00  9.841750E+01
     600    7012    -8.854109E-01  1.838116E+00  9.841750E+01
     600    7012    -7.812442E-01  1.838116E+00  9.841750E+01
     600    7012    -6.770775E-01  1.838116E+00  9.841750E+01
     600    7012    -5.729109E-01  1.838116E+00  9.841750E+01
     600    7012    -4.687442E-01  1.838116E+00  9.841750E+01
     600    7012    -3.645775E-01  1.838116E+00  9.841750E+01
     600    7012    -2.604109E-01  1.838116E+00  9.841750E+01
     600    7012    -1.562442E-01  1.838116E+00  9.841750E+01
     600    7012    -5.207753E-02  1.838116E+00  9.841750E+01
     600    7012     5.208914E-02  1.838116E+00  9.841750E+01
     600    7012     1.562558E-01  1.838116E+00  9.841750E+01
     600    7012     2.604225E-01  1.838116E+00  9.841750E+01
     600    7012     3.645891E-01  1.838116E+00  9.841750E+01
     600    7012     4.687558E-01  1.838116E+00  9.841750E+01
     600    7012     5.729225E-01  1.838116E+00  9.841750E+01
     600    7012     6.770891E-01  1.838116E+00  9.841750E+01
     600    7012     7.812558E-01  1.838116E+00  9.841750E+01
     600    7012     8.854225E-01  1.838116E+00  9.841750E+01
     600    7012     9.895891E-01  1.838116E+00  9.841750E+01
     600    7012     1.093756E+00  1.838116E+00  9.841750E+01
     600    7012     1.197922E+00  1.838116E+00  9.841750E+01
     600    7012     1.302089E+00  1.838116E+00  9.841750E+01

Errors of cell definition in EPS Page No. =   1
Overlapped Cell IDs  x, y, z  coodinates
(Cells 0       0  indicate undefined region)
     600    7012    -1.302078E+00  1.111701E+00  9.841750E+01
     600    7012    -1.197911E+00  1.111701E+00  9.841750E+01
     600    7012    -1.093744E+00  1.111701E+00  9.841750E+01
     600    7012    -9.895775E-01  1.111701E+00  9.841750E+01
     600    7012    -8.854109E-01  1.111701E+00  9.841750E+01
     600    7012    -7.812442E-01  1.111701E+00  9.841750E+01
     600    7012    -6.770775E-01  1.111701E+00  9.841750E+01
     600    7012    -5.729109E-01  1.111701E+00  9.841750E+01
     600    7012    -4.687442E-01  1.111701E+00  9.841750E+01
     600    7012    -3.645775E-01  1.111701E+00  9.841750E+01
     600    7012    -2.604109E-01  1.111701E+00  9.841750E+01
     600    7012    -1.562442E-01  1.111701E+00  9.841750E+01
     600    7012    -5.207753E-02  1.111701E+00  9.841750E+01
     600    7012     5.208914E-02  1.111701E+00  9.841750E+01
     600    7012     1.562558E-01  1.111701E+00  9.841750E+01
     600    7012     2.604225E-01  1.111701E+00  9.841750E+01
     600    7012     3.645891E-01  1.111701E+00  9.841750E+01
     600    7012     4.687558E-01  1.111701E+00  9.841750E+01
     600    7012     5.729225E-01  1.111701E+00  9.841750E+01
     600    7012     6.770891E-01  1.111701E+00  9.841750E+01
     600    7012     7.812558E-01  1.111701E+00  9.841750E+01
     600    7012     8.854225E-01  1.111701E+00  9.841750E+01
     600    7012     9.895891E-01  1.111701E+00  9.841750E+01
     600    7012     1.093756E+00  1.111701E+00  9.841750E+01
     600    7012     1.197922E+00  1.111701E+00  9.841750E+01
     600    7012     1.302089E+00  1.111701E+00  9.841750E+01
     600    7012    -1.302078E+00  1.215474E+00  9.841750E+01
     600    7012    -1.197911E+00  1.215474E+00  9.841750E+01
     600    7012    -1.093744E+00  1.215474E+00  9.841750E+01
     600    7012    -9.895775E-01  1.215474E+00  9.841750E+01
     600    7012    -8.854109E-01  1.215474E+00  9.841750E+01
     600    7012    -7.812442E-01  1.215474E+00  9.841750E+01
     600    7012    -6.770775E-01  1.215474E+00  9.841750E+01
     600    7012    -5.729109E-01  1.215474E+00  9.841750E+01
     600    7012    -4.687442E-01  1.215474E+00  9.841750E+01
     600    7012    -3.645775E-01  1.215474E+00  9.841750E+01
     600    7012    -2.604109E-01  1.215474E+00  9.841750E+01
     600    7012    -1.562442E-01  1.215474E+00  9.841750E+01
     600    7012    -5.207753E-02  1.215474E+00  9.841750E+01
     600    7012     5.208914E-02  1.215474E+00  9.841750E+01
     600    7012     1.562558E-01  1.215474E+00  9.841750E+01
     600    7012     2.604225E-01  1.215474E+00  9.841750E+01
     600    7012     3.645891E-01  1.215474E+00  9.841750E+01
     600    7012     4.687558E-01  1.215474E+00  9.841750E+01
     600    7012     5.729225E-01  1.215474E+00  9.841750E+01
     600    7012     6.770891E-01  1.215474E+00  9.841750E+01
     600    7012     7.812558E-01  1.215474E+00  9.841750E+01
     600    7012     8.854225E-01  1.215474E+00  9.841750E+01
     600    7012     9.895891E-01  1.215474E+00  9.841750E+01
     600    7012     1.093756E+00  1.215474E+00  9.841750E+01
     600    7012     1.197922E+00  1.215474E+00  9.841750E+01
     600    7012     1.302089E+00  1.215474E+00  9.841750E+01
     600    7012    -1.302078E+00  1.319248E+00  9.841750E+01
     600    7012    -1.197911E+00  1.319248E+00  9.841750E+01
     600    7012    -1.093744E+00  1.319248E+00  9.841750E+01
     600    7012    -9.895775E-01  1.319248E+00  9.841750E+01
     600    7012    -8.854109E-01  1.319248E+00  9.841750E+01
     600    7012    -7.812442E-01  1.319248E+00  9.841750E+01
     600    7012    -6.770775E-01  1.319248E+00  9.841750E+01
     600    7012    -5.729109E-01  1.319248E+00  9.841750E+01
     600    7012    -4.687442E-01  1.319248E+00  9.841750E+01
     600    7012    -3.645775E-01  1.319248E+00  9.841750E+01
     600    7012    -2.604109E-01  1.319248E+00  9.841750E+01
     600    7012    -1.562442E-01  1.319248E+00  9.841750E+01
     600    7012    -5.207753E-02  1.319248E+00  9.841750E+01
     600    7012     5.208914E-02  1.319248E+00  9.841750E+01
     600    7012     1.562558E-01  1.319248E+00  9.841750E+01
     600    7012     2.604225E-01  1.319248E+00  9.841750E+01
     600    7012     3.645891E-01  1.319248E+00  9.841750E+01
     600    7012     4.687558E-01  1.319248E+00  9.841750E+01
     600    7012     5.729225E-01  1.319248E+00  9.841750E+01
     600    7012     6.770891E-01  1.319248E+00  9.841750E+01
     600    7012     7.812558E-01  1.319248E+00  9.841750E+01
     600    7012     8.854225E-01  1.319248E+00  9.841750E+01
     600    7012     9.895891E-01  1.319248E+00  9.841750E+01
     600    7012     1.093756E+00  1.319248E+00  9.841750E+01
     600    7012     1.197922E+00  1.319248E+00  9.841750E+01
     600    7012     1.302089E+00  1.319248E+00  9.841750E+01
     600    7012    -1.302078E+00  1.423022E+00  9.841750E+01
     600    7012    -1.197911E+00  1.423022E+00  9.841750E+01
     600    7012    -1.093744E+00  1.423022E+00  9.841750E+01
     600    7012    -9.895775E-01  1.423022E+00  9.841750E+01
     600    7012    -8.854109E-01  1.423022E+00  9.841750E+01
     600    7012    -7.812442E-01  1.423022E+00  9.841750E+01
     600    7012    -6.770775E-01  1.423022E+00  9.841750E+01
     600    7012    -5.729109E-01  1.423022E+00  9.841750E+01
     600    7012    -4.687442E-01  1.423022E+00  9.841750E+01
     600    7012    -3.645775E-01  1.423022E+00  9.841750E+01
     600    7012    -2.604109E-01  1.423022E+00  9.841750E+01
     600    7012    -1.562442E-01  1.423022E+00  9.841750E+01
     600    7012    -5.207753E-02  1.423022E+00  9.841750E+01
     600    7012     5.208914E-02  1.423022E+00  9.841750E+01
     600    7012     1.562558E-01  1.423022E+00  9.841750E+01
     600    7012     2.604225E-01  1.423022E+00  9.841750E+01
     600    7012     3.645891E-01  1.423022E+00  9.841750E+01
     600    7012     4.687558E-01  1.423022E+00  9.841750E+01
     600    7012     5.729225E-01  1.423022E+00  9.841750E+01
     600    7012     6.770891E-01  1.423022E+00  9.841750E+01
     600    7012     7.812558E-01  1.423022E+00  9.841750E+01
     600    7012     8.854225E-01  1.423022E+00  9.841750E+01
     600    7012     9.895891E-01  1.423022E+00  9.841750E+01
     600    7012     1.093756E+00  1.423022E+00  9.841750E+01
     600    7012     1.197922E+00  1.423022E+00  9.841750E+01
     600    7012     1.302089E+00  1.423022E+00  9.841750E+01
     600    7012    -1.302078E+00  1.526795E+00  9.841750E+01
     600    7012    -1.197911E+00  1.526795E+00  9.841750E+01
     600    7012    -1.093744E+00  1.526795E+00  9.841750E+01
     600    7012    -9.895775E-01  1.526795E+00  9.841750E+01
     600    7012    -8.854109E-01  1.526795E+00  9.841750E+01
     600    7012    -7.812442E-01  1.526795E+00  9.841750E+01
     600    7012    -6.770775E-01  1.526795E+00  9.841750E+01
     600    7012    -5.729109E-01  1.526795E+00  9.841750E+01
     600    7012    -4.687442E-01  1.526795E+00  9.841750E+01
     600    7012    -3.645775E-01  1.526795E+00  9.841750E+01
     600    7012    -2.604109E-01  1.526795E+00  9.841750E+01
     600    7012    -1.562442E-01  1.526795E+00  9.841750E+01
     600    7012    -5.207753E-02  1.526795E+00  9.841750E+01
     600    7012     5.208914E-02  1.526795E+00  9.841750E+01
     600    7012     1.562558E-01  1.526795E+00  9.841750E+01
     600    7012     2.604225E-01  1.526795E+00  9.841750E+01
     600    7012     3.645891E-01  1.526795E+00  9.841750E+01
     600    7012     4.687558E-01  1.526795E+00  9.841750E+01
     600    7012     5.729225E-01  1.526795E+00  9.841750E+01
     600    7012     6.770891E-01  1.526795E+00  9.841750E+01
     600    7012     7.812558E-01  1.526795E+00  9.841750E+01
     600    7012     8.854225E-01  1.526795E+00  9.841750E+01
     600    7012     9.895891E-01  1.526795E+00  9.841750E+01
     600    7012     1.093756E+00  1.526795E+00  9.841750E+01
     600    7012     1.197922E+00  1.526795E+00  9.841750E+01
     600    7012     1.302089E+00  1.526795E+00  9.841750E+01
     600    7012    -1.302078E+00  1.630569E+00  9.841750E+01
     600    7012    -1.197911E+00  1.630569E+00  9.841750E+01
     600    7012    -1.093744E+00  1.630569E+00  9.841750E+01
     600    7012    -9.895775E-01  1.630569E+00  9.841750E+01
     600    7012    -8.854109E-01  1.630569E+00  9.841750E+01
     600    7012    -7.812442E-01  1.630569E+00  9.841750E+01
     600    7012    -6.770775E-01  1.630569E+00  9.841750E+01
     600    7012    -5.729109E-01  1.630569E+00  9.841750E+01
     600    7012    -4.687442E-01  1.630569E+00  9.841750E+01
     600    7012    -3.645775E-01  1.630569E+00  9.841750E+01
     600    7012    -2.604109E-01  1.630569E+00  9.841750E+01
     600    7012    -1.562442E-01  1.630569E+00  9.841750E+01
     600    7012    -5.207753E-02  1.630569E+00  9.841750E+01
     600    7012     5.208914E-02  1.630569E+00  9.841750E+01
     600    7012     1.562558E-01  1.630569E+00  9.841750E+01
     600    7012     2.604225E-01  1.630569E+00  9.841750E+01
     600    7012     3.645891E-01  1.630569E+00  9.841750E+01
     600    7012     4.687558E-01  1.630569E+00  9.841750E+01
     600    7012     5.729225E-01  1.630569E+00  9.841750E+01
     600    7012     6.770891E-01  1.630569E+00  9.841750E+01
     600    7012     7.812558E-01  1.630569E+00  9.841750E+01
     600    7012     8.854225E-01  1.630569E+00  9.841750E+01
     600    7012     9.895891E-01  1.630569E+00  9.841750E+01
     600    7012     1.093756E+00  1.630569E+00  9.841750E+01
     600    7012     1.197922E+00  1.630569E+00  9.841750E+01
     600    7012     1.302089E+00  1.630569E+00  9.841750E+01
     600    7012    -1.302078E+00  1.734342E+00  9.841750E+01
     600    7012    -1.197911E+00  1.734342E+00  9.841750E+01
     600    7012    -1.093744E+00  1.734342E+00  9.841750E+01
     600    7012    -9.895775E-01  1.734342E+00  9.841750E+01
     600    7012    -8.854109E-01  1.734342E+00  9.841750E+01
     600    7012    -7.812442E-01  1.734342E+00  9.841750E+01
     600    7012    -6.770775E-01  1.734342E+00  9.841750E+01
     600    7012    -5.729109E-01  1.734342E+00  9.841750E+01
     600    7012    -4.687442E-01  1.734342E+00  9.841750E+01
     600    7012    -3.645775E-01  1.734342E+00  9.841750E+01
     600    7012    -2.604109E-01  1.734342E+00  9.841750E+01
     600    7012    -1.562442E-01  1.734342E+00  9.841750E+01
     600    7012    -5.207753E-02  1.734342E+00  9.841750E+01
     600    7012     5.208914E-02  1.734342E+00  9.841750E+01
     600    7012     1.562558E-01  1.734342E+00  9.841750E+01
     600    7012     2.604225E-01  1.734342E+00  9.841750E+01
     600    7012     3.645891E-01  1.734342E+00  9.841750E+01
     600    7012     4.687558E-01  1.734342E+00  9.841750E+01
     600    7012     5.729225E-01  1.734342E+00  9.841750E+01
     600    7012     6.770891E-01  1.734342E+00  9.841750E+01
     600    7012     7.812558E-01  1.734342E+00  9.841750E+01
     600    7012     8.854225E-01  1.734342E+00  9.841750E+01
     600    7012     9.895891E-01  1.734342E+00  9.841750E+01
     600    7012     1.093756E+00  1.734342E+00  9.841750E+01
     600    7012     1.197922E+00  1.734342E+00  9.841750E+01
     600    7012     1.302089E+00  1.734342E+00  9.841750E+01
     600    7012    -1.302078E+00  1.838116E+00  9.841750E+01
     600    7012    -1.197911E+00  1.838116E+00  9.841750E+01
     600    7012    -1.093744E+00  1.838116E+00  9.841750E+01
     600    7012    -9.895775E-01  1.838116E+00  9.841750E+01
     600    7012    -8.854109E-01  1.838116E+00  9.841750E+01
     600    7012    -7.812442E-01  1.838116E+00  9.841750E+01
     600    7012    -6.770775E-01  1.838116E+00  9.841750E+01
     600    7012    -5.729109E-01  1.838116E+00  9.841750E+01
     600    7012    -4.687442E-01  1.838116E+00  9.841750E+01
     600    7012    -3.645775E-01  1.838116E+00  9.841750E+01
     600    7012    -2.604109E-01  1.838116E+00  9.841750E+01
     600    7012    -1.562442E-01  1.838116E+00  9.841750E+01
     600    7012    -5.207753E-02  1.838116E+00  9.841750E+01
     600    7012     5.208914E-02  1.838116E+00  9.841750E+01
     600    7012     1.562558E-01  1.838116E+00  9.841750E+01
     600    7012     2.604225E-01  1.838116E+00  9.841750E+01
     600    7012     3.645891E-01  1.838116E+00  9.841750E+01
     600    7012     4.687558E-01  1.838116E+00  9.841750E+01
     600    7012     5.729225E-01  1.838116E+00  9.841750E+01
     600    7012     6.770891E-01  1.838116E+00  9.841750E+01
     600    7012     7.812558E-01  1.838116E+00  9.841750E+01
     600    7012     8.854225E-01  1.838116E+00  9.841750E+01
     600    7012     9.895891E-01  1.838116E+00  9.841750E+01
     600    7012     1.093756E+00  1.838116E+00  9.841750E+01
     600    7012     1.197922E+00  1.838116E+00  9.841750E+01
     600    7012     1.302089E+00  1.838116E+00  9.841750E+01

Errors of cell definition in EPS Page No. =   1
Overlapped Cell IDs  x, y, z  coodinates
(Cells 0       0  indicate undefined region)
       2    7012    -1.302078E+00  1.111701E+00  9.841750E+01
       2    7012    -1.197911E+00  1.111701E+00  9.841750E+01
       2    7012    -1.093744E+00  1.111701E+00  9.841750E+01
       2    7012    -9.895775E-01  1.111701E+00  9.841750E+01
       2    7012    -8.854109E-01  1.111701E+00  9.841750E+01
       2    7012    -7.812442E-01  1.111701E+00  9.841750E+01
       2    7012    -6.770775E-01  1.111701E+00  9.841750E+01
       2    7012    -5.729109E-01  1.111701E+00  9.841750E+01
       2    7012    -4.687442E-01  1.111701E+00  9.841750E+01
       2    7012    -3.645775E-01  1.111701E+00  9.841750E+01
       2    7012    -2.604109E-01  1.111701E+00  9.841750E+01
       2    7012    -1.562442E-01  1.111701E+00  9.841750E+01
       2    7012    -5.207753E-02  1.111701E+00  9.841750E+01
       2    7012     5.208914E-02  1.111701E+00  9.841750E+01
       2    7012     1.562558E-01  1.111701E+00  9.841750E+01
       2    7012     2.604225E-01  1.111701E+00  9.841750E+01
       2    7012     3.645891E-01  1.111701E+00  9.841750E+01
       2    7012     4.687558E-01  1.111701E+00  9.841750E+01
       2    7012     5.729225E-01  1.111701E+00  9.841750E+01
       2    7012     6.770891E-01  1.111701E+00  9.841750E+01
       2    7012     7.812558E-01  1.111701E+00  9.841750E+01
       2    7012     8.854225E-01  1.111701E+00  9.841750E+01
       2    7012     9.895891E-01  1.111701E+00  9.841750E+01
       2    7012     1.093756E+00  1.111701E+00  9.841750E+01
       2    7012     1.197922E+00  1.111701E+00  9.841750E+01
       2    7012     1.302089E+00  1.111701E+00  9.841750E+01
       2    7012    -1.302078E+00  1.215474E+00  9.841750E+01
       2    7012    -1.197911E+00  1.215474E+00  9.841750E+01
       2    7012    -1.093744E+00  1.215474E+00  9.841750E+01
       2    7012    -9.895775E-01  1.215474E+00  9.841750E+01
       2    7012    -8.854109E-01  1.215474E+00  9.841750E+01
       2    7012    -7.812442E-01  1.215474E+00  9.841750E+01
       2    7012    -6.770775E-01  1.215474E+00  9.841750E+01
       2    7012    -5.729109E-01  1.215474E+00  9.841750E+01
       2    7012    -4.687442E-01  1.215474E+00  9.841750E+01
       2    7012    -3.645775E-01  1.215474E+00  9.841750E+01
       2    7012    -2.604109E-01  1.215474E+00  9.841750E+01
       2    7012    -1.562442E-01  1.215474E+00  9.841750E+01
       2    7012    -5.207753E-02  1.215474E+00  9.841750E+01
       2    7012     5.208914E-02  1.215474E+00  9.841750E+01
       2    7012     1.562558E-01  1.215474E+00  9.841750E+01
       2    7012     2.604225E-01  1.215474E+00  9.841750E+01
       2    7012     3.645891E-01  1.215474E+00  9.841750E+01
       2    7012     4.687558E-01  1.215474E+00  9.841750E+01
       2    7012     5.729225E-01  1.215474E+00  9.841750E+01
       2    7012     6.770891E-01  1.215474E+00  9.841750E+01
       2    7012     7.812558E-01  1.215474E+00  9.841750E+01
       2    7012     8.854225E-01  1.215474E+00  9.841750E+01
       2    7012     9.895891E-01  1.215474E+00  9.841750E+01
       2    7012     1.093756E+00  1.215474E+00  9.841750E+01
       2    7012     1.197922E+00  1.215474E+00  9.841750E+01
       2    7012     1.302089E+00  1.215474E+00  9.841750E+01
       2    7012    -1.302078E+00  1.319248E+00  9.841750E+01
       2    7012    -1.197911E+00  1.319248E+00  9.841750E+01
       2    7012    -1.093744E+00  1.319248E+00  9.841750E+01
       2    7012    -9.895775E-01  1.319248E+00  9.841750E+01
       2    7012    -8.854109E-01  1.319248E+00  9.841750E+01
       2    7012    -7.812442E-01  1.319248E+00  9.841750E+01
       2    7012    -6.770775E-01  1.319248E+00  9.841750E+01
       2    7012    -5.729109E-01  1.319248E+00  9.841750E+01
       2    7012    -4.687442E-01  1.319248E+00  9.841750E+01
       2    7012    -3.645775E-01  1.319248E+00  9.841750E+01
       2    7012    -2.604109E-01  1.319248E+00  9.841750E+01
       2    7012    -1.562442E-01  1.319248E+00  9.841750E+01
       2    7012    -5.207753E-02  1.319248E+00  9.841750E+01
       2    7012     5.208914E-02  1.319248E+00  9.841750E+01
       2    7012     1.562558E-01  1.319248E+00  9.841750E+01
       2    7012     2.604225E-01  1.319248E+00  9.841750E+01
       2    7012     3.645891E-01  1.319248E+00  9.841750E+01
       2    7012     4.687558E-01  1.319248E+00  9.841750E+01
       2    7012     5.729225E-01  1.319248E+00  9.841750E+01
       2    7012     6.770891E-01  1.319248E+00  9.841750E+01
       2    7012     7.812558E-01  1.319248E+00  9.841750E+01
       2    7012     8.854225E-01  1.319248E+00  9.841750E+01
       2    7012     9.895891E-01  1.319248E+00  9.841750E+01
       2    7012     1.093756E+00  1.319248E+00  9.841750E+01
       2    7012     1.197922E+00  1.319248E+00  9.841750E+01
       2    7012     1.302089E+00  1.319248E+00  9.841750E+01
       2    7012    -1.302078E+00  1.423022E+00  9.841750E+01
       2    7012    -1.197911E+00  1.423022E+00  9.841750E+01
       2    7012    -1.093744E+00  1.423022E+00  9.841750E+01
       2    7012    -9.895775E-01  1.423022E+00  9.841750E+01
       2    7012    -8.854109E-01  1.423022E+00  9.841750E+01
       2    7012    -7.812442E-01  1.423022E+00  9.841750E+01
       2    7012    -6.770775E-01  1.423022E+00  9.841750E+01
       2    7012    -5.729109E-01  1.423022E+00  9.841750E+01
       2    7012    -4.687442E-01  1.423022E+00  9.841750E+01
       2    7012    -3.645775E-01  1.423022E+00  9.841750E+01
       2    7012    -2.604109E-01  1.423022E+00  9.841750E+01
       2    7012    -1.562442E-01  1.423022E+00  9.841750E+01
       2    7012    -5.207753E-02  1.423022E+00  9.841750E+01
       2    7012     5.208914E-02  1.423022E+00  9.841750E+01
       2    7012     1.562558E-01  1.423022E+00  9.841750E+01
       2    7012     2.604225E-01  1.423022E+00  9.841750E+01
       2    7012     3.645891E-01  1.423022E+00  9.841750E+01
       2    7012     4.687558E-01  1.423022E+00  9.841750E+01
       2    7012     5.729225E-01  1.423022E+00  9.841750E+01
       2    7012     6.770891E-01  1.423022E+00  9.841750E+01
       2    7012     7.812558E-01  1.423022E+00  9.841750E+01
       2    7012     8.854225E-01  1.423022E+00  9.841750E+01
       2    7012     9.895891E-01  1.423022E+00  9.841750E+01
       2    7012     1.093756E+00  1.423022E+00  9.841750E+01
       2    7012     1.197922E+00  1.423022E+00  9.841750E+01
       2    7012     1.302089E+00  1.423022E+00  9.841750E+01
       2    7012    -1.302078E+00  1.526795E+00  9.841750E+01
       2    7012    -1.197911E+00  1.526795E+00  9.841750E+01
       2    7012    -1.093744E+00  1.526795E+00  9.841750E+01
       2    7012    -9.895775E-01  1.526795E+00  9.841750E+01
       2    7012    -8.854109E-01  1.526795E+00  9.841750E+01
       2    7012    -7.812442E-01  1.526795E+00  9.841750E+01
       2    7012    -6.770775E-01  1.526795E+00  9.841750E+01
       2    7012    -5.729109E-01  1.526795E+00  9.841750E+01
       2    7012    -4.687442E-01  1.526795E+00  9.841750E+01
       2    7012    -3.645775E-01  1.526795E+00  9.841750E+01
       2    7012    -2.604109E-01  1.526795E+00  9.841750E+01
       2    7012    -1.562442E-01  1.526795E+00  9.841750E+01
       2    7012    -5.207753E-02  1.526795E+00  9.841750E+01
       2    7012     5.208914E-02  1.526795E+00  9.841750E+01
       2    7012     1.562558E-01  1.526795E+00  9.841750E+01
       2    7012     2.604225E-01  1.526795E+00  9.841750E+01
       2    7012     3.645891E-01  1.526795E+00  9.841750E+01
       2    7012     4.687558E-01  1.526795E+00  9.841750E+01
       2    7012     5.729225E-01  1.526795E+00  9.841750E+01
       2    7012     6.770891E-01  1.526795E+00  9.841750E+01
       2    7012     7.812558E-01  1.526795E+00  9.841750E+01
       2    7012     8.854225E-01  1.526795E+00  9.841750E+01
       2    7012     9.895891E-01  1.526795E+00  9.841750E+01
       2    7012     1.093756E+00  1.526795E+00  9.841750E+01
       2    7012     1.197922E+00  1.526795E+00  9.841750E+01
       2    7012     1.302089E+00  1.526795E+00  9.841750E+01
       2    7012    -1.302078E+00  1.630569E+00  9.841750E+01
       2    7012    -1.197911E+00  1.630569E+00  9.841750E+01
       2    7012    -1.093744E+00  1.630569E+00  9.841750E+01
       2    7012    -9.895775E-01  1.630569E+00  9.841750E+01
       2    7012    -8.854109E-01  1.630569E+00  9.841750E+01
       2    7012    -7.812442E-01  1.630569E+00  9.841750E+01
       2    7012    -6.770775E-01  1.630569E+00  9.841750E+01
       2    7012    -5.729109E-01  1.630569E+00  9.841750E+01
       2    7012    -4.687442E-01  1.630569E+00  9.841750E+01
       2    7012    -3.645775E-01  1.630569E+00  9.841750E+01
       2    7012    -2.604109E-01  1.630569E+00  9.841750E+01
       2    7012    -1.562442E-01  1.630569E+00  9.841750E+01
       2    7012    -5.207753E-02  1.630569E+00  9.841750E+01
       2    7012     5.208914E-02  1.630569E+00  9.841750E+01
       2    7012     1.562558E-01  1.630569E+00  9.841750E+01
       2    7012     2.604225E-01  1.630569E+00  9.841750E+01
       2    7012     3.645891E-01  1.630569E+00  9.841750E+01
       2    7012     4.687558E-01  1.630569E+00  9.841750E+01
       2    7012     5.729225E-01  1.630569E+00  9.841750E+01
       2    7012     6.770891E-01  1.630569E+00  9.841750E+01
       2    7012     7.812558E-01  1.630569E+00  9.841750E+01
       2    7012     8.854225E-01  1.630569E+00  9.841750E+01
       2    7012     9.895891E-01  1.630569E+00  9.841750E+01
       2    7012     1.093756E+00  1.630569E+00  9.841750E+01
       2    7012     1.197922E+00  1.630569E+00  9.841750E+01
       2    7012     1.302089E+00  1.630569E+00  9.841750E+01
       2    7012    -1.302078E+00  1.734342E+00  9.841750E+01
       2    7012    -1.197911E+00  1.734342E+00  9.841750E+01
       2    7012    -1.093744E+00  1.734342E+00  9.841750E+01
       2    7012    -9.895775E-01  1.734342E+00  9.841750E+01
       2    7012    -8.854109E-01  1.734342E+00  9.841750E+01
       2    7012    -7.812442E-01  1.734342E+00  9.841750E+01
       2    7012    -6.770775E-01  1.734342E+00  9.841750E+01
       2    7012    -5.729109E-01  1.734342E+00  9.841750E+01
       2    7012    -4.687442E-01  1.734342E+00  9.841750E+01
       2    7012    -3.645775E-01  1.734342E+00  9.841750E+01
       2    7012    -2.604109E-01  1.734342E+00  9.841750E+01
       2    7012    -1.562442E-01  1.734342E+00  9.841750E+01
       2    7012    -5.207753E-02  1.734342E+00  9.841750E+01
       2    7012     5.208914E-02  1.734342E+00  9.841750E+01
       2    7012     1.562558E-01  1.734342E+00  9.841750E+01
       2    7012     2.604225E-01  1.734342E+00  9.841750E+01
       2    7012     3.645891E-01  1.734342E+00  9.841750E+01
       2    7012     4.687558E-01  1.734342E+00  9.841750E+01
       2    7012     5.729225E-01  1.734342E+00  9.841750E+01
       2    7012     6.770891E-01  1.734342E+00  9.841750E+01
       2    7012     7.812558E-01  1.734342E+00  9.841750E+01
       2    7012     8.854225E-01  1.734342E+00  9.841750E+01
       2    7012     9.895891E-01  1.734342E+00  9.841750E+01
       2    7012     1.093756E+00  1.734342E+00  9.841750E+01
       2    7012     1.197922E+00  1.734342E+00  9.841750E+01
       2    7012     1.302089E+00  1.734342E+00  9.841750E+01
       2    7012    -1.302078E+00  1.838116E+00  9.841750E+01
       2    7012    -1.197911E+00  1.838116E+00  9.841750E+01
       2    7012    -1.093744E+00  1.838116E+00  9.841750E+01
       2    7012    -9.895775E-01  1.838116E+00  9.841750E+01
       2    7012    -8.854109E-01  1.838116E+00  9.841750E+01
       2    7012    -7.812442E-01  1.838116E+00  9.841750E+01
       2    7012    -6.770775E-01  1.838116E+00  9.841750E+01
       2    7012    -5.729109E-01  1.838116E+00  9.841750E+01
       2    7012    -4.687442E-01  1.838116E+00  9.841750E+01
       2    7012    -3.645775E-01  1.838116E+00  9.841750E+01
       2    7012    -2.604109E-01  1.838116E+00  9.841750E+01
       2    7012    -1.562442E-01  1.838116E+00  9.841750E+01
       2    7012    -5.207753E-02  1.838116E+00  9.841750E+01
       2    7012     5.208914E-02  1.838116E+00  9.841750E+01
       2    7012     1.562558E-01  1.838116E+00  9.841750E+01
       2    7012     2.604225E-01  1.838116E+00  9.841750E+01
       2    7012     3.645891E-01  1.838116E+00  9.841750E+01
       2    7012     4.687558E-01  1.838116E+00  9.841750E+01
       2    7012     5.729225E-01  1.838116E+00  9.841750E+01
       2    7012     6.770891E-01  1.838116E+00  9.841750E+01
       2    7012     7.812558E-01  1.838116E+00  9.841750E+01
       2    7012     8.854225E-01  1.838116E+00  9.841750E+01
       2    7012     9.895891E-01  1.838116E+00  9.841750E+01
       2    7012     1.093756E+00  1.838116E+00  9.841750E+01
       2    7012     1.197922E+00  1.838116E+00  9.841750E+01
       2    7012     1.302089E+00  1.838116E+00  9.841750E+01

Errors of cell definition in EPS Page No. =   1
Overlapped Cell IDs  x, y, z  coodinates
(Cells 0       0  indicate undefined region)
       2    7012    -1.302078E+00  1.111701E+00  9.841750E+01
       2    7012    -1.197911E+00  1.111701E+00  9.841750E+01
       2    7012    -1.093744E+00  1.111701E+00  9.841750E+01
       2    7012    -9.895775E-01  1.111701E+00  9.841750E+01
       2    7012    -8.854109E-01  1.111701E+00  9.841750E+01
       2    7012    -7.812442E-01  1.111701E+00  9.841750E+01
       2    7012    -6.770775E-01  1.111701E+00  9.841750E+01
       2    7012    -5.729109E-01  1.111701E+00  9.841750E+01
       2    7012    -4.687442E-01  1.111701E+00  9.841750E+01
       2    7012    -3.645775E-01  1.111701E+00  9.841750E+01
       2    7012    -2.604109E-01  1.111701E+00  9.841750E+01
       2    7012    -1.562442E-01  1.111701E+00  9.841750E+01
       2    7012    -5.207753E-02  1.111701E+00  9.841750E+01
       2    7012     5.208914E-02  1.111701E+00  9.841750E+01
       2    7012     1.562558E-01  1.111701E+00  9.841750E+01
       2    7012     2.604225E-01  1.111701E+00  9.841750E+01
       2    7012     3.645891E-01  1.111701E+00  9.841750E+01
       2    7012     4.687558E-01  1.111701E+00  9.841750E+01
       2    7012     5.729225E-01  1.111701E+00  9.841750E+01
       2    7012     6.770891E-01  1.111701E+00  9.841750E+01
       2    7012     7.812558E-01  1.111701E+00  9.841750E+01
       2    7012     8.854225E-01  1.111701E+00  9.841750E+01
       2    7012     9.895891E-01  1.111701E+00  9.841750E+01
       2    7012     1.093756E+00  1.111701E+00  9.841750E+01
       2    7012     1.197922E+00  1.111701E+00  9.841750E+01
       2    7012     1.302089E+00  1.111701E+00  9.841750E+01
       2    7012    -1.302078E+00  1.215474E+00  9.841750E+01
       2    7012    -1.197911E+00  1.215474E+00  9.841750E+01
       2    7012    -1.093744E+00  1.215474E+00  9.841750E+01
       2    7012    -9.895775E-01  1.215474E+00  9.841750E+01
       2    7012    -8.854109E-01  1.215474E+00  9.841750E+01
       2    7012    -7.812442E-01  1.215474E+00  9.841750E+01
       2    7012    -6.770775E-01  1.215474E+00  9.841750E+01
       2    7012    -5.729109E-01  1.215474E+00  9.841750E+01
       2    7012    -4.687442E-01  1.215474E+00  9.841750E+01
       2    7012    -3.645775E-01  1.215474E+00  9.841750E+01
       2    7012    -2.604109E-01  1.215474E+00  9.841750E+01
       2    7012    -1.562442E-01  1.215474E+00  9.841750E+01
       2    7012    -5.207753E-02  1.215474E+00  9.841750E+01
       2    7012     5.208914E-02  1.215474E+00  9.841750E+01
       2    7012     1.562558E-01  1.215474E+00  9.841750E+01
       2    7012     2.604225E-01  1.215474E+00  9.841750E+01
       2    7012     3.645891E-01  1.215474E+00  9.841750E+01
       2    7012     4.687558E-01  1.215474E+00  9.841750E+01
       2    7012     5.729225E-01  1.215474E+00  9.841750E+01
       2    7012     6.770891E-01  1.215474E+00  9.841750E+01
       2    7012     7.812558E-01  1.215474E+00  9.841750E+01
       2    7012     8.854225E-01  1.215474E+00  9.841750E+01
       2    7012     9.895891E-01  1.215474E+00  9.841750E+01
       2    7012     1.093756E+00  1.215474E+00  9.841750E+01
       2    7012     1.197922E+00  1.215474E+00  9.841750E+01
       2    7012     1.302089E+00  1.215474E+00  9.841750E+01
       2    7012    -1.302078E+00  1.319248E+00  9.841750E+01
       2    7012    -1.197911E+00  1.319248E+00  9.841750E+01
       2    7012    -1.093744E+00  1.319248E+00  9.841750E+01
       2    7012    -9.895775E-01  1.319248E+00  9.841750E+01
       2    7012    -8.854109E-01  1.319248E+00  9.841750E+01
       2    7012    -7.812442E-01  1.319248E+00  9.841750E+01
       2    7012    -6.770775E-01  1.319248E+00  9.841750E+01
       2    7012    -5.729109E-01  1.319248E+00  9.841750E+01
       2    7012    -4.687442E-01  1.319248E+00  9.841750E+01
       2    7012    -3.645775E-01  1.319248E+00  9.841750E+01
       2    7012    -2.604109E-01  1.319248E+00  9.841750E+01
       2    7012    -1.562442E-01  1.319248E+00  9.841750E+01
       2    7012    -5.207753E-02  1.319248E+00  9.841750E+01
       2    7012     5.208914E-02  1.319248E+00  9.841750E+01
       2    7012     1.562558E-01  1.319248E+00  9.841750E+01
       2    7012     2.604225E-01  1.319248E+00  9.841750E+01
       2    7012     3.645891E-01  1.319248E+00  9.841750E+01
       2    7012     4.687558E-01  1.319248E+00  9.841750E+01
       2    7012     5.729225E-01  1.319248E+00  9.841750E+01
       2    7012     6.770891E-01  1.319248E+00  9.841750E+01
       2    7012     7.812558E-01  1.319248E+00  9.841750E+01
       2    7012     8.854225E-01  1.319248E+00  9.841750E+01
       2    7012     9.895891E-01  1.319248E+00  9.841750E+01
       2    7012     1.093756E+00  1.319248E+00  9.841750E+01
       2    7012     1.197922E+00  1.319248E+00  9.841750E+01
       2    7012     1.302089E+00  1.319248E+00  9.841750E+01
       2    7012    -1.302078E+00  1.423022E+00  9.841750E+01
       2    7012    -1.197911E+00  1.423022E+00  9.841750E+01
       2    7012    -1.093744E+00  1.423022E+00  9.841750E+01
       2    7012    -9.895775E-01  1.423022E+00  9.841750E+01
       2    7012    -8.854109E-01  1.423022E+00  9.841750E+01
       2    7012    -7.812442E-01  1.423022E+00  9.841750E+01
       2    7012    -6.770775E-01  1.423022E+00  9.841750E+01
       2    7012    -5.729109E-01  1.423022E+00  9.841750E+01
       2    7012    -4.687442E-01  1.423022E+00  9.841750E+01
       2    7012    -3.645775E-01  1.423022E+00  9.841750E+01
       2    7012    -2.604109E-01  1.423022E+00  9.841750E+01
       2    7012    -1.562442E-01  1.423022E+00  9.841750E+01
       2    7012    -5.207753E-02  1.423022E+00  9.841750E+01
       2    7012     5.208914E-02  1.423022E+00  9.841750E+01
       2    7012     1.562558E-01  1.423022E+00  9.841750E+01
       2    7012     2.604225E-01  1.423022E+00  9.841750E+01
       2    7012     3.645891E-01  1.423022E+00  9.841750E+01
       2    7012     4.687558E-01  1.423022E+00  9.841750E+01
       2    7012     5.729225E-01  1.423022E+00  9.841750E+01
       2    7012     6.770891E-01  1.423022E+00  9.841750E+01
       2    7012     7.812558E-01  1.423022E+00  9.841750E+01
       2    7012     8.854225E-01  1.423022E+00  9.841750E+01
       2    7012     9.895891E-01  1.423022E+00  9.841750E+01
       2    7012     1.093756E+00  1.423022E+00  9.841750E+01
       2    7012     1.197922E+00  1.423022E+00  9.841750E+01
       2    7012     1.302089E+00  1.423022E+00  9.841750E+01
       2    7012    -1.302078E+00  1.526795E+00  9.841750E+01
       2    7012    -1.197911E+00  1.526795E+00  9.841750E+01
       2    7012    -1.093744E+00  1.526795E+00  9.841750E+01
       2    7012    -9.895775E-01  1.526795E+00  9.841750E+01
       2    7012    -8.854109E-01  1.526795E+00  9.841750E+01
       2    7012    -7.812442E-01  1.526795E+00  9.841750E+01
       2    7012    -6.770775E-01  1.526795E+00  9.841750E+01
       2    7012    -5.729109E-01  1.526795E+00  9.841750E+01
       2    7012    -4.687442E-01  1.526795E+00  9.841750E+01
       2    7012    -3.645775E-01  1.526795E+00  9.841750E+01
       2    7012    -2.604109E-01  1.526795E+00  9.841750E+01
       2    7012    -1.562442E-01  1.526795E+00  9.841750E+01
       2    7012    -5.207753E-02  1.526795E+00  9.841750E+01
       2    7012     5.208914E-02  1.526795E+00  9.841750E+01
       2    7012     1.562558E-01  1.526795E+00  9.841750E+01
       2    7012     2.604225E-01  1.526795E+00  9.841750E+01
       2    7012     3.645891E-01  1.526795E+00  9.841750E+01
       2    7012     4.687558E-01  1.526795E+00  9.841750E+01
       2    7012     5.729225E-01  1.526795E+00  9.841750E+01
       2    7012     6.770891E-01  1.526795E+00  9.841750E+01
       2    7012     7.812558E-01  1.526795E+00  9.841750E+01
       2    7012     8.854225E-01  1.526795E+00  9.841750E+01
       2    7012     9.895891E-01  1.526795E+00  9.841750E+01
       2    7012     1.093756E+00  1.526795E+00  9.841750E+01
       2    7012     1.197922E+00  1.526795E+00  9.841750E+01
       2    7012     1.302089E+00  1.526795E+00  9.841750E+01
       2    7012    -1.302078E+00  1.630569E+00  9.841750E+01
       2    7012    -1.197911E+00  1.630569E+00  9.841750E+01
       2    7012    -1.093744E+00  1.630569E+00  9.841750E+01
       2    7012    -9.895775E-01  1.630569E+00  9.841750E+01
       2    7012    -8.854109E-01  1.630569E+00  9.841750E+01
       2    7012    -7.812442E-01  1.630569E+00  9.841750E+01
       2    7012    -6.770775E-01  1.630569E+00  9.841750E+01
       2    7012    -5.729109E-01  1.630569E+00  9.841750E+01
       2    7012    -4.687442E-01  1.630569E+00  9.841750E+01
       2    7012    -3.645775E-01  1.630569E+00  9.841750E+01
       2    7012    -2.604109E-01  1.630569E+00  9.841750E+01
       2    7012    -1.562442E-01  1.630569E+00  9.841750E+01
       2    7012    -5.207753E-02  1.630569E+00  9.841750E+01
       2    7012     5.208914E-02  1.630569E+00  9.841750E+01
       2    7012     1.562558E-01  1.630569E+00  9.841750E+01
       2    7012     2.604225E-01  1.630569E+00  9.841750E+01
       2    7012     3.645891E-01  1.630569E+00  9.841750E+01
       2    7012     4.687558E-01  1.630569E+00  9.841750E+01
       2    7012     5.729225E-01  1.630569E+00  9.841750E+01
       2    7012     6.770891E-01  1.630569E+00  9.841750E+01
       2    7012     7.812558E-01  1.630569E+00  9.841750E+01
       2    7012     8.854225E-01  1.630569E+00  9.841750E+01
       2    7012     9.895891E-01  1.630569E+00  9.841750E+01
       2    7012     1.093756E+00  1.630569E+00  9.841750E+01
       2    7012     1.197922E+00  1.630569E+00  9.841750E+01
       2    7012     1.302089E+00  1.630569E+00  9.841750E+01
       2    7012    -1.302078E+00  1.734342E+00  9.841750E+01
       2    7012    -1.197911E+00  1.734342E+00  9.841750E+01
       2    7012    -1.093744E+00  1.734342E+00  9.841750E+01
       2    7012    -9.895775E-01  1.734342E+00  9.841750E+01
       2    7012    -8.854109E-01  1.734342E+00  9.841750E+01
       2    7012    -7.812442E-01  1.734342E+00  9.841750E+01
       2    7012    -6.770775E-01  1.734342E+00  9.841750E+01
       2    7012    -5.729109E-01  1.734342E+00  9.841750E+01
       2    7012    -4.687442E-01  1.734342E+00  9.841750E+01
       2    7012    -3.645775E-01  1.734342E+00  9.841750E+01
       2    7012    -2.604109E-01  1.734342E+00  9.841750E+01
       2    7012    -1.562442E-01  1.734342E+00  9.841750E+01
       2    7012    -5.207753E-02  1.734342E+00  9.841750E+01
       2    7012     5.208914E-02  1.734342E+00  9.841750E+01
       2    7012     1.562558E-01  1.734342E+00  9.841750E+01
       2    7012     2.604225E-01  1.734342E+00  9.841750E+01
       2    7012     3.645891E-01  1.734342E+00  9.841750E+01
       2    7012     4.687558E-01  1.734342E+00  9.841750E+01
       2    7012     5.729225E-01  1.734342E+00  9.841750E+01
       2    7012     6.770891E-01  1.734342E+00  9.841750E+01
       2    7012     7.812558E-01  1.734342E+00  9.841750E+01
       2    7012     8.854225E-01  1.734342E+00  9.841750E+01
       2    7012     9.895891E-01  1.734342E+00  9.841750E+01
       2    7012     1.093756E+00  1.734342E+00  9.841750E+01
       2    7012     1.197922E+00  1.734342E+00  9.841750E+01
       2    7012     1.302089E+00  1.734342E+00  9.841750E+01
       2    7012    -1.302078E+00  1.838116E+00  9.841750E+01
       2    7012    -1.197911E+00  1.838116E+00  9.841750E+01
       2    7012    -1.093744E+00  1.838116E+00  9.841750E+01
       2    7012    -9.895775E-01  1.838116E+00  9.841750E+01
       2    7012    -8.854109E-01  1.838116E+00  9.841750E+01
       2    7012    -7.812442E-01  1.838116E+00  9.841750E+01
       2    7012    -6.770775E-01  1.838116E+00  9.841750E+01
       2    7012    -5.729109E-01  1.838116E+00  9.841750E+01
       2    7012    -4.687442E-01  1.838116E+00  9.841750E+01
       2    7012    -3.645775E-01  1.838116E+00  9.841750E+01
       2    7012    -2.604109E-01  1.838116E+00  9.841750E+01
       2    7012    -1.562442E-01  1.838116E+00  9.841750E+01
       2    7012    -5.207753E-02  1.838116E+00  9.841750E+01
       2    7012     5.208914E-02  1.838116E+00  9.841750E+01
       2    7012     1.562558E-01  1.838116E+00  9.841750E+01
       2    7012     2.604225E-01  1.838116E+00  9.841750E+01
       2    7012     3.645891E-01  1.838116E+00  9.841750E+01
       2    7012     4.687558E-01  1.838116E+00  9.841750E+01
       2    7012     5.729225E-01  1.838116E+00  9.841750E+01
       2    7012     6.770891E-01  1.838116E+00  9.841750E+01
       2    7012     7.812558E-01  1.838116E+00  9.841750E+01
       2    7012     8.854225E-01  1.838116E+00  9.841750E+01
       2    7012     9.895891E-01  1.838116E+00  9.841750E+01
       2    7012     1.093756E+00  1.838116E+00  9.841750E+01
       2    7012     1.197922E+00  1.838116E+00  9.841750E+01
       2    7012     1.302089E+00  1.838116E+00  9.841750E+01

Errors of cell definition in EPS Page No. =   1
Overlapped Cell IDs  x, y, z  coodinates
(Cells 0       0  indicate undefined region)
       2    7012    -1.302078E+00  1.111701E+00  9.841750E+01
       2    7012    -1.197911E+00  1.111701E+00  9.841750E+01
       2    7012    -1.093744E+00  1.111701E+00  9.841750E+01
       2    7012    -9.895775E-01  1.111701E+00  9.841750E+01
       2    7012    -8.854109E-01  1.111701E+00  9.841750E+01
       2    7012    -7.812442E-01  1.111701E+00  9.841750E+01
       2    7012    -6.770775E-01  1.111701E+00  9.841750E+01
       2    7012    -5.729109E-01  1.111701E+00  9.841750E+01
       2    7012    -4.687442E-01  1.111701E+00  9.841750E+01
       2    7012    -3.645775E-01  1.111701E+00  9.841750E+01
       2    7012    -2.604109E-01  1.111701E+00  9.841750E+01
       2    7012    -1.562442E-01  1.111701E+00  9.841750E+01
       2    7012    -5.207753E-02  1.111701E+00  9.841750E+01
       2    7012     5.208914E-02  1.111701E+00  9.841750E+01
       2    7012     1.562558E-01  1.111701E+00  9.841750E+01
       2    7012     2.604225E-01  1.111701E+00  9.841750E+01
       2    7012     3.645891E-01  1.111701E+00  9.841750E+01
       2    7012     4.687558E-01  1.111701E+00  9.841750E+01
       2    7012     5.729225E-01  1.111701E+00  9.841750E+01
       2    7012     6.770891E-01  1.111701E+00  9.841750E+01
       2    7012     7.812558E-01  1.111701E+00  9.841750E+01
       2    7012     8.854225E-01  1.111701E+00  9.841750E+01
       2    7012     9.895891E-01  1.111701E+00  9.841750E+01
       2    7012     1.093756E+00  1.111701E+00  9.841750E+01
       2    7012     1.197922E+00  1.111701E+00  9.841750E+01
       2    7012     1.302089E+00  1.111701E+00  9.841750E+01
       2    7012    -1.302078E+00  1.215474E+00  9.841750E+01
       2    7012    -1.197911E+00  1.215474E+00  9.841750E+01
       2    7012    -1.093744E+00  1.215474E+00  9.841750E+01
       2    7012    -9.895775E-01  1.215474E+00  9.841750E+01
       2    7012    -8.854109E-01  1.215474E+00  9.841750E+01
       2    7012    -7.812442E-01  1.215474E+00  9.841750E+01
       2    7012    -6.770775E-01  1.215474E+00  9.841750E+01
       2    7012    -5.729109E-01  1.215474E+00  9.841750E+01
       2    7012    -4.687442E-01  1.215474E+00  9.841750E+01
       2    7012    -3.645775E-01  1.215474E+00  9.841750E+01
       2    7012    -2.604109E-01  1.215474E+00  9.841750E+01
       2    7012    -1.562442E-01  1.215474E+00  9.841750E+01
       2    7012    -5.207753E-02  1.215474E+00  9.841750E+01
       2    7012     5.208914E-02  1.215474E+00  9.841750E+01
       2    7012     1.562558E-01  1.215474E+00  9.841750E+01
       2    7012     2.604225E-01  1.215474E+00  9.841750E+01
       2    7012     3.645891E-01  1.215474E+00  9.841750E+01
       2    7012     4.687558E-01  1.215474E+00  9.841750E+01
       2    7012     5.729225E-01  1.215474E+00  9.841750E+01
       2    7012     6.770891E-01  1.215474E+00  9.841750E+01
       2    7012     7.812558E-01  1.215474E+00  9.841750E+01
       2    7012     8.854225E-01  1.215474E+00  9.841750E+01
       2    7012     9.895891E-01  1.215474E+00  9.841750E+01
       2    7012     1.093756E+00  1.215474E+00  9.841750E+01
       2    7012     1.197922E+00  1.215474E+00  9.841750E+01
       2    7012     1.302089E+00  1.215474E+00  9.841750E+01
       2    7012    -1.302078E+00  1.319248E+00  9.841750E+01
       2    7012    -1.197911E+00  1.319248E+00  9.841750E+01
       2    7012    -1.093744E+00  1.319248E+00  9.841750E+01
       2    7012    -9.895775E-01  1.319248E+00  9.841750E+01
       2    7012    -8.854109E-01  1.319248E+00  9.841750E+01
       2    7012    -7.812442E-01  1.319248E+00  9.841750E+01
       2    7012    -6.770775E-01  1.319248E+00  9.841750E+01
       2    7012    -5.729109E-01  1.319248E+00  9.841750E+01
       2    7012    -4.687442E-01  1.319248E+00  9.841750E+01
       2    7012    -3.645775E-01  1.319248E+00  9.841750E+01
       2    7012    -2.604109E-01  1.319248E+00  9.841750E+01
       2    7012    -1.562442E-01  1.319248E+00  9.841750E+01
       2    7012    -5.207753E-02  1.319248E+00  9.841750E+01
       2    7012     5.208914E-02  1.319248E+00  9.841750E+01
       2    7012     1.562558E-01  1.319248E+00  9.841750E+01
       2    7012     2.604225E-01  1.319248E+00  9.841750E+01
       2    7012     3.645891E-01  1.319248E+00  9.841750E+01
       2    7012     4.687558E-01  1.319248E+00  9.841750E+01
       2    7012     5.729225E-01  1.319248E+00  9.841750E+01
       2    7012     6.770891E-01  1.319248E+00  9.841750E+01
       2    7012     7.812558E-01  1.319248E+00  9.841750E+01
       2    7012     8.854225E-01  1.319248E+00  9.841750E+01
       2    7012     9.895891E-01  1.319248E+00  9.841750E+01
       2    7012     1.093756E+00  1.319248E+00  9.841750E+01
       2    7012     1.197922E+00  1.319248E+00  9.841750E+01
       2    7012     1.302089E+00  1.319248E+00  9.841750E+01
       2    7012    -1.302078E+00  1.423022E+00  9.841750E+01
       2    7012    -1.197911E+00  1.423022E+00  9.841750E+01
       2    7012    -1.093744E+00  1.423022E+00  9.841750E+01
       2    7012    -9.895775E-01  1.423022E+00  9.841750E+01
       2    7012    -8.854109E-01  1.423022E+00  9.841750E+01
       2    7012    -7.812442E-01  1.423022E+00  9.841750E+01
       2    7012    -6.770775E-01  1.423022E+00  9.841750E+01
       2    7012    -5.729109E-01  1.423022E+00  9.841750E+01
       2    7012    -4.687442E-01  1.423022E+00  9.841750E+01
       2    7012    -3.645775E-01  1.423022E+00  9.841750E+01
       2    7012    -2.604109E-01  1.423022E+00  9.841750E+01
       2    7012    -1.562442E-01  1.423022E+00  9.841750E+01
       2    7012    -5.207753E-02  1.423022E+00  9.841750E+01
       2    7012     5.208914E-02  1.423022E+00  9.841750E+01
       2    7012     1.562558E-01  1.423022E+00  9.841750E+01
       2    7012     2.604225E-01  1.423022E+00  9.841750E+01
       2    7012     3.645891E-01  1.423022E+00  9.841750E+01
       2    7012     4.687558E-01  1.423022E+00  9.841750E+01
       2    7012     5.729225E-01  1.423022E+00  9.841750E+01
       2    7012     6.770891E-01  1.423022E+00  9.841750E+01
       2    7012     7.812558E-01  1.423022E+00  9.841750E+01
       2    7012     8.854225E-01  1.423022E+00  9.841750E+01
       2    7012     9.895891E-01  1.423022E+00  9.841750E+01
       2    7012     1.093756E+00  1.423022E+00  9.841750E+01
       2    7012     1.197922E+00  1.423022E+00  9.841750E+01
       2    7012     1.302089E+00  1.423022E+00  9.841750E+01
       2    7012    -1.302078E+00  1.526795E+00  9.841750E+01
       2    7012    -1.197911E+00  1.526795E+00  9.841750E+01
       2    7012    -1.093744E+00  1.526795E+00  9.841750E+01
       2    7012    -9.895775E-01  1.526795E+00  9.841750E+01
       2    7012    -8.854109E-01  1.526795E+00  9.841750E+01
       2    7012    -7.812442E-01  1.526795E+00  9.841750E+01
       2    7012    -6.770775E-01  1.526795E+00  9.841750E+01
       2    7012    -5.729109E-01  1.526795E+00  9.841750E+01
       2    7012    -4.687442E-01  1.526795E+00  9.841750E+01
       2    7012    -3.645775E-01  1.526795E+00  9.841750E+01
       2    7012    -2.604109E-01  1.526795E+00  9.841750E+01
       2    7012    -1.562442E-01  1.526795E+00  9.841750E+01
       2    7012    -5.207753E-02  1.526795E+00  9.841750E+01
       2    7012     5.208914E-02  1.526795E+00  9.841750E+01
       2    7012     1.562558E-01  1.526795E+00  9.841750E+01
       2    7012     2.604225E-01  1.526795E+00  9.841750E+01
       2    7012     3.645891E-01  1.526795E+00  9.841750E+01
       2    7012     4.687558E-01  1.526795E+00  9.841750E+01
       2    7012     5.729225E-01  1.526795E+00  9.841750E+01
       2    7012     6.770891E-01  1.526795E+00  9.841750E+01
       2    7012     7.812558E-01  1.526795E+00  9.841750E+01
       2    7012     8.854225E-01  1.526795E+00  9.841750E+01
       2    7012     9.895891E-01  1.526795E+00  9.841750E+01
       2    7012     1.093756E+00  1.526795E+00  9.841750E+01
       2    7012     1.197922E+00  1.526795E+00  9.841750E+01
       2    7012     1.302089E+00  1.526795E+00  9.841750E+01
       2    7012    -1.302078E+00  1.630569E+00  9.841750E+01
       2    7012    -1.197911E+00  1.630569E+00  9.841750E+01
       2    7012    -1.093744E+00  1.630569E+00  9.841750E+01
       2    7012    -9.895775E-01  1.630569E+00  9.841750E+01
       2    7012    -8.854109E-01  1.630569E+00  9.841750E+01
       2    7012    -7.812442E-01  1.630569E+00  9.841750E+01
       2    7012    -6.770775E-01  1.630569E+00  9.841750E+01
       2    7012    -5.729109E-01  1.630569E+00  9.841750E+01
       2    7012    -4.687442E-01  1.630569E+00  9.841750E+01
       2    7012    -3.645775E-01  1.630569E+00  9.841750E+01
       2    7012    -2.604109E-01  1.630569E+00  9.841750E+01
       2    7012    -1.562442E-01  1.630569E+00  9.841750E+01
       2    7012    -5.207753E-02  1.630569E+00  9.841750E+01
       2    7012     5.208914E-02  1.630569E+00  9.841750E+01
       2    7012     1.562558E-01  1.630569E+00  9.841750E+01
       2    7012     2.604225E-01  1.630569E+00  9.841750E+01
       2    7012     3.645891E-01  1.630569E+00  9.841750E+01
       2    7012     4.687558E-01  1.630569E+00  9.841750E+01
       2    7012     5.729225E-01  1.630569E+00  9.841750E+01
       2    7012     6.770891E-01  1.630569E+00  9.841750E+01
       2    7012     7.812558E-01  1.630569E+00  9.841750E+01
       2    7012     8.854225E-01  1.630569E+00  9.841750E+01
       2    7012     9.895891E-01  1.630569E+00  9.841750E+01
       2    7012     1.093756E+00  1.630569E+00  9.841750E+01
       2    7012     1.197922E+00  1.630569E+00  9.841750E+01
       2    7012     1.302089E+00  1.630569E+00  9.841750E+01
       2    7012    -1.302078E+00  1.734342E+00  9.841750E+01
       2    7012    -1.197911E+00  1.734342E+00  9.841750E+01
       2    7012    -1.093744E+00  1.734342E+00  9.841750E+01
       2    7012    -9.895775E-01  1.734342E+00  9.841750E+01
       2    7012    -8.854109E-01  1.734342E+00  9.841750E+01
       2    7012    -7.812442E-01  1.734342E+00  9.841750E+01
       2    7012    -6.770775E-01  1.734342E+00  9.841750E+01
       2    7012    -5.729109E-01  1.734342E+00  9.841750E+01
       2    7012    -4.687442E-01  1.734342E+00  9.841750E+01
       2    7012    -3.645775E-01  1.734342E+00  9.841750E+01
       2    7012    -2.604109E-01  1.734342E+00  9.841750E+01
       2    7012    -1.562442E-01  1.734342E+00  9.841750E+01
       2    7012    -5.207753E-02  1.734342E+00  9.841750E+01
       2    7012     5.208914E-02  1.734342E+00  9.841750E+01
       2    7012     1.562558E-01  1.734342E+00  9.841750E+01
       2    7012     2.604225E-01  1.734342E+00  9.841750E+01
       2    7012     3.645891E-01  1.734342E+00  9.841750E+01
       2    7012     4.687558E-01  1.734342E+00  9.841750E+01
       2    7012     5.729225E-01  1.734342E+00  9.841750E+01
       2    7012     6.770891E-01  1.734342E+00  9.841750E+01
       2    7012     7.812558E-01  1.734342E+00  9.841750E+01
       2    7012     8.854225E-01  1.734342E+00  9.841750E+01
       2    7012     9.895891E-01  1.734342E+00  9.841750E+01
       2    7012     1.093756E+00  1.734342E+00  9.841750E+01
       2    7012     1.197922E+00  1.734342E+00  9.841750E+01
       2    7012     1.302089E+00  1.734342E+00  9.841750E+01
       2    7012    -1.302078E+00  1.838116E+00  9.841750E+01
       2    7012    -1.197911E+00  1.838116E+00  9.841750E+01
       2    7012    -1.093744E+00  1.838116E+00  9.841750E+01
       2    7012    -9.895775E-01  1.838116E+00  9.841750E+01
       2    7012    -8.854109E-01  1.838116E+00  9.841750E+01
       2    7012    -7.812442E-01  1.838116E+00  9.841750E+01
       2    7012    -6.770775E-01  1.838116E+00  9.841750E+01
       2    7012    -5.729109E-01  1.838116E+00  9.841750E+01
       2    7012    -4.687442E-01  1.838116E+00  9.841750E+01
       2    7012    -3.645775E-01  1.838116E+00  9.841750E+01
       2    7012    -2.604109E-01  1.838116E+00  9.841750E+01
       2    7012    -1.562442E-01  1.838116E+00  9.841750E+01
       2    7012    -5.207753E-02  1.838116E+00  9.841750E+01
       2    7012     5.208914E-02  1.838116E+00  9.841750E+01
       2    7012     1.562558E-01  1.838116E+00  9.841750E+01
       2    7012     2.604225E-01  1.838116E+00  9.841750E+01
       2    7012     3.645891E-01  1.838116E+00  9.841750E+01
       2    7012     4.687558E-01  1.838116E+00  9.841750E+01
       2    7012     5.729225E-01  1.838116E+00  9.841750E+01
       2    7012     6.770891E-01  1.838116E+00  9.841750E+01
       2    7012     7.812558E-01  1.838116E+00  9.841750E+01
       2    7012     8.854225E-01  1.838116E+00  9.841750E+01
       2    7012     9.895891E-01  1.838116E+00  9.841750E+01
       2    7012     1.093756E+00  1.838116E+00  9.841750E+01
       2    7012     1.197922E+00  1.838116E+00  9.841750E+01
       2    7012     1.302089E+00  1.838116E+00  9.841750E+01
