[ T-Deposit ]
    title = Bragg peak in pouch, ahora con radio 1
     mesh =  r-z            # mesh type is r-z scoring mesh
       x0 =   0.000000      # center x-position of r-z mesh
       y0 =   0.000000      # center y-position of r-z mesh
   r-type =    2            # r-mesh is linear given by rmin, rmax and nr
     rmin =   0.000000      # minimum value of r-mesh points
     rmax =   1.700000      # maximum value of r-mesh points
#    rdel =  2.8333333E-02  # mesh width of r-mesh points
       nr =     60          # number of r-mesh points
#    data = ( r(i), i = 1, nr + 1 )
#           0.00000E+00  2.83333E-02  5.66667E-02  8.50000E-02  1.13333E-01
#           1.41667E-01  1.70000E-01  1.98333E-01  2.26667E-01  2.55000E-01
#           2.83333E-01  3.11667E-01  3.40000E-01  3.68333E-01  3.96667E-01
#           4.25000E-01  4.53333E-01  4.81667E-01  5.10000E-01  5.38333E-01
#           5.66667E-01  5.95000E-01  6.23333E-01  6.51667E-01  6.80000E-01
#           7.08333E-01  7.36667E-01  7.65000E-01  7.93333E-01  8.21667E-01
#           8.50000E-01  8.78333E-01  9.06667E-01  9.35000E-01  9.63333E-01
#           9.91667E-01  1.02000E+00  1.04833E+00  1.07667E+00  1.10500E+00
#           1.13333E+00  1.16167E+00  1.19000E+00  1.21833E+00  1.24667E+00
#           1.27500E+00  1.30333E+00  1.33167E+00  1.36000E+00  1.38833E+00
#           1.41667E+00  1.44500E+00  1.47333E+00  1.50167E+00  1.53000E+00
#           1.55833E+00  1.58667E+00  1.61500E+00  1.64333E+00  1.67167E+00
#           1.70000E+00
   z-type =    2            # z-mesh is linear given by zmin, zmax and nz
     zmin =   98.38000      # minimum value of z-mesh points
     zmax =   98.58000      # maximum value of z-mesh points
#    zdel =  0.2000000      # mesh width of z-mesh points
       nz =      1          # number of z-mesh points
#    data = ( z(i), i = 1, nz + 1 )
#           9.83800E+01  9.85800E+01
     unit =    0            # unit is [Gy/source]
   letmat =    0            # (D=0) mat ID for LET, 0:real mat, <0: electron for H2O
  dedxfnc =    0            # (D=0) user defined multiplier, 0(no), 1, 2
 material =  all            # (D=all) number of specific material
   output =  dose           # total deposit energy
  deposit =    0            # (D=0) 0-> total deposit dist, 1-> each process
     axis =     r           # axis of output
     file = bragg_pouch_rL.out  # file name of output for the above axis
     part =  proton   
# kf/name :  2212     
   epsout =    1            # (D=0) generate eps file by ANGEL
   mother =  all            # (D=all) number of specific mother
#    used :        main (  %)        temp (  %)       total (  %)
#  memory :          66 (  0)           0 (  0)          66 (  0)

#------------------------------------------------------------------------------
#newpage:
#   no. =  1   iz  =  1
#   z = (   9.8380E+01  -   9.8580E+01  )

x: r [cm]
y: Dose [Gy/source]      
p: xlin ylog afac(0.8) form(0.9)
h: n            x            y(proton  ),hh0l n 
#  r-lower      r-upper        proton    r.err 
   0.0000E+00   2.8333E-02   9.1547E-03  0.1331
   2.8333E-02   5.6667E-02   7.9194E-03  0.0823
   5.6667E-02   8.5000E-02   7.7944E-03  0.0641
   8.5000E-02   1.1333E-01   7.8667E-03  0.0536
   1.1333E-01   1.4167E-01   7.9628E-03  0.0477
   1.4167E-01   1.7000E-01   8.0447E-03  0.0425
   1.7000E-01   1.9833E-01   7.3533E-03  0.0407
   1.9833E-01   2.2667E-01   8.3046E-03  0.0359
   2.2667E-01   2.5500E-01   7.6513E-03  0.0352
   2.5500E-01   2.8333E-01   7.9122E-03  0.0327
   2.8333E-01   3.1167E-01   8.0014E-03  0.0309
   3.1167E-01   3.4000E-01   8.1733E-03  0.0291
   3.4000E-01   3.6833E-01   8.0448E-03  0.0283
   3.6833E-01   3.9667E-01   7.7321E-03  0.0277
   3.9667E-01   4.2500E-01   8.0918E-03  0.0261
   4.2500E-01   4.5333E-01   7.8488E-03  0.0255
   4.5333E-01   4.8167E-01   8.2034E-03  0.0243
   4.8167E-01   5.1000E-01   7.9982E-03  0.0239
   5.1000E-01   5.3833E-01   8.0616E-03  0.0232
   5.3833E-01   5.6667E-01   8.2506E-03  0.0223
   5.6667E-01   5.9500E-01   8.1943E-03  0.0218
   5.9500E-01   6.2333E-01   7.8257E-03  0.0217
   6.2333E-01   6.5167E-01   8.0999E-03  0.0208
   6.5167E-01   6.8000E-01   8.0722E-03  0.0205
   6.8000E-01   7.0833E-01   8.1582E-03  0.0200
   7.0833E-01   7.3667E-01   8.0770E-03  0.0197
   7.3667E-01   7.6500E-01   8.1164E-03  0.0193
   7.6500E-01   7.9333E-01   8.0420E-03  0.0190
   7.9333E-01   8.2167E-01   8.1044E-03  0.0186
   8.2167E-01   8.5000E-01   8.1326E-03  0.0183
   8.5000E-01   8.7833E-01   7.9434E-03  0.0182
   8.7833E-01   9.0667E-01   8.3020E-03  0.0175
   9.0667E-01   9.3500E-01   8.1713E-03  0.0173
   9.3500E-01   9.6333E-01   8.2405E-03  0.0170
   9.6333E-01   9.9167E-01   8.1863E-03  0.0169
   9.9167E-01   1.0200E+00   8.3760E-03  0.0165
   1.0200E+00   1.0483E+00   8.2997E-03  0.0163
   1.0483E+00   1.0767E+00   8.0699E-03  0.0163
   1.0767E+00   1.1050E+00   8.1876E-03  0.0160
   1.1050E+00   1.1333E+00   7.8919E-03  0.0160
   1.1333E+00   1.1617E+00   8.1918E-03  0.0156
   1.1617E+00   1.1900E+00   8.0295E-03  0.0155
   1.1900E+00   1.2183E+00   8.1342E-03  0.0153
   1.2183E+00   1.2467E+00   8.2479E-03  0.0149
   1.2467E+00   1.2750E+00   8.3495E-03  0.0147
   1.2750E+00   1.3033E+00   8.3115E-03  0.0146
   1.3033E+00   1.3317E+00   8.2622E-03  0.0144
   1.3317E+00   1.3600E+00   7.8903E-03  0.0146
   1.3600E+00   1.3883E+00   7.2974E-03  0.0150
   1.3883E+00   1.4167E+00   7.3165E-03  0.0148
   1.4167E+00   1.4450E+00   7.2703E-03  0.0147
   1.4450E+00   1.4733E+00   7.1426E-03  0.0146
   1.4733E+00   1.5017E+00   6.8187E-03  0.0148
   1.5017E+00   1.5300E+00   6.7912E-03  0.0147
   1.5300E+00   1.5583E+00   6.7356E-03  0.0145
   1.5583E+00   1.5867E+00   6.5545E-03  0.0146
   1.5867E+00   1.6150E+00   6.5063E-03  0.0145
   1.6150E+00   1.6433E+00   6.4702E-03  0.0144
   1.6433E+00   1.6717E+00   6.3115E-03  0.0144
   1.6717E+00   1.7000E+00   6.2750E-03  0.0144

#   sum over    1.8158E+00   7.6354E-03  0.0025

'no. =  1,  iz =  1'
msuc: {\huge Bragg peak in pouch, ahora con radio 1}
msdr: {\it plotted by \ANGEL \version}
msdl: {\it calculated by \PHITS  3.35}
wt: s(0.7)
\vspace{-3}
  zmin  &=&   9.8380E+01 [cm]
  zmax  &=&   9.8580E+01 [cm]
e:
 
# Information for Restart Calculation
# This calculation was newly started
# istdev =  2 # 1:Batch variance, 2:History variance
# resc2  = 2.00272125193213177E-02 # Total source weight or Total source weight / maxcas
# resc3  = 1.25000000000000000E+08 # Total history number or Total batch number
# maxcas =       25000 # History / Batch, only used for istdev=1
# bitrseed = 1011110110000000011000010101100001101110100111001100010100001110 # bit data of rseed
