           _________________________________________________________
          |                                                         |
          |       _/_/_/_/                                          |
          |      _/      _/                  _/_/_/_/_/_/           |
          |     _/      _/  _/      _/   _/      _/      _/_/_/_/_/ |
          |    _/_/_/_/    _/      _/   _/      _/      _/          |
          |   _/          _/_/_/_/_/   _/      _/       _/_/_/_/    |
          |  _/          _/      _/   _/      _/              _/    |
          | _/          _/      _/   _/      _/      _/_/_/_/_/     |
          |                                                         |
          |                                                         |
          |       Particle and Heavy Ion Transport code System      |
          |                      Version =  3.350                   |
          |                       developed by                      |
          |                                                         |
          |  Tatsuhiko SATO, Yosuke IWAMOTO, Shintaro HASHIMOTO,    |
          |    Tatsuhiko OGAWA, Takuya FURUTA, Shinichiro ABE,      |
          |    Takeshi KAI, Norihiro MATSUDA, Yusuke MATSUYA,       |
          |      Yuho HIRATA, Takuya SEKIKAWA, Pi-En TSAI,          |
          |                Hunter RATLIFF (JAEA),                   |
          |                                                         |
          |  Hiroshi IWASE, Yasuhito SAKAKI, Kenta SUGIHARA (KEK),  |
          |                                                         |
          |           Nobuhiro SHIGYO (Kyushu University),          |
          |                                                         |
          |      Lembit SIHVER (Technische Universitat Wien), and   |
          |                                                         |
          |                     Koji NIITA (RIST)                   |
          |                                                         |
          |                 Last Revised  2025-03-28                |
          |_________________________________________________________|

             __________________ [ Job Title ] ________________ 
            |                                                 |
            |  Vertical external proton beam - modular input  |
            |_________________________________________________|

                        Starting Date = 2026-08-24
                        Starting Time = 14h 22m 51

>>> Input Echo >>>=============================================================

[ Title ]
Vertical external proton beam - modular input

[ Parameters ]
 icntl    =           8     # (D=0) 3:ECH 5:NOR 6:SRC 7,8:GSH 11:DSH 12:DUMP
 maxcas   =       25000     # (D=10) number of particles per one batch
 maxbch   =        5000     # (D=10) number of batches
 istdev   =           2     # (D=0) 0:Auto, 1,2:Batch or History variance, <0:Restart mode
 nspred   =           2     # (D=0) 0:no, 1:original, 2:Lynch(Moliere), 10:ATIMA
 nedisp   =           1     # (D=0) 0: no, 1: with e straggling, 10: ATIMA
 istdcut  =           1     # (D=0) stdcut for each tally  0: off, 1: on
 delt0    = 4.000000000E-05 # (D=0.1) flight mesh for spread and magfield (cm)
 ireschk  =           1     # (D=1) Restart, 0:Check consistency, 1:No check
 nlost    =       10000     # (D=10) Lost part: allowance of CG and GG errors
 e-mode   =           0     # (D=0) 0: Normal, 1: Event generator mode Ver.1, 2: Ver.2
 file(6)  = phits_21MeV_dchain.out # (D=phits.out) general output file name

[ Source ]
  totfact =  6.24151E+09    # (D=1.0) global factor
   s-type =   1             # cylindrical source
     proj =  proton         # kind of incident particle         
       e0 =   20.000        # energy of beam [MeV/n]
       r0 =  0.50000        # radius [cm]
       r1 =   0.0000        # minimum radius [cm]
       x0 =   0.0000        # (D=0.0) center position of x-axis [cm]
       y0 =   0.0000        # (D=0.0) center position of y-axis [cm]
       z0 =  -3.0000        # minimum position of z-axis [cm]
       z1 =  -3.0000        # maximum position of z-axis [cm]
      dir =   1.0000        # z-direction of beam [cosine]

[ Material ]
MAT[ 1 ] 
            C        -1.2400000E-04
            N        -7.5526700E-01
            O        -2.3178100E-01
           Ar        -1.2827000E-02
MAT[ 2 ] 
           Al         1.0000000E+00
MAT[ 3 ] 
           Fe        -9.8500000E+01
            C        -2.5000000E-01
           Mn        -9.5000000E-01
           Si        -3.0000000E-01
MAT[ 4 ] 
           Fe        -6.9255000E+01
            C        -7.0000000E-02
           Mn        -2.0000000E+00
           Si        -7.5000000E-01
            P        -4.5000000E-02
            S        -3.0000000E-02
           Cr        -1.8500000E+01
           Ni        -9.2500000E+00
            N        -1.0000000E-01
MAT[ 5 ] 
           Cr        -2.2200000E-01
           Mg        -1.6000000E-02
           Fe        -1.8100000E-01
           Co        -4.1700000E-01
           Ni        -1.2800000E-01
           Mo        -1.4000000E-02
            W        -8.0000000E-03
MAT[ 6 ] 
           Pb         1.0000000E+00
MAT[ 7 ] 
            C         8.0000000E+00
            H         8.0000000E+00
MAT[ 8 ] 
            H         2.0000000E+00
            O         1.0000000E+00
MAT[ 9 ] 
            C         6.0000000E+00
            H         1.1000000E+01
            N         1.0000000E+00
            O         1.0000000E+00
MAT[ 10 ] 
            C         3.0000000E+00
            H         4.0000000E+00
            O         2.0000000E+00
MAT[ 11 ] 
            C        -3.6000000E+00
            H        -4.8000000E+00
            N        -4.0000000E-01
MAT[ 12 ] 
            O        -7.6200000E+01
            C        -1.1100000E+01
            H        -1.0100000E+01
            N        -2.6000000E+00
MAT[ 13 ] 
           Si         1.0000000E+00
MAT[ 14 ] 
            C         1.0000000E+01
            H         8.0000000E+00
            O         4.0000000E+00
MAT[ 15 ] 
            H        -1.0200000E-01
            C        -1.1000000E-01
            N        -3.3000000E-02
            O        -7.4500000E-01
           Na        -1.0000000E-03
            P        -1.0000000E-03
            S        -2.0000000E-03
           Cl        -3.0000000E-03
            K        -2.0000000E-03
           Fe        -1.0000000E-03
MAT[ 16 ] 
            H        -1.0058800E-01
            C        -2.2825000E-01
            N        -4.6420000E-02
            O        -6.1900200E-01
           Na        -7.0000000E-05
           Mg        -6.0000000E-05
            P        -3.3000000E-04
            S        -1.5900000E-03
           Cl        -2.6700000E-03
            K        -8.5000000E-04
           Ca        -1.5000000E-04
           Fe        -1.0000000E-05
           Zn        -1.0000000E-05
MAT[ 17 ] 
            C         5.0000000E+00
            H         8.0000000E+00
            O         2.0000000E+00
MAT[ 18 ] 
            H        -1.0447200E-01
            C        -2.3219000E-01
            N        -2.4880000E-02
            O        -6.3023800E-01
           Na        -1.1300000E-03
           Mg        -1.3000000E-04
            P        -1.3300000E-03
            S        -1.9900000E-03
           Cl        -1.3400000E-03
            K        -1.9900000E-03
           Ca        -2.3000000E-04
           Fe        -5.0000000E-05
           Zn        -3.0000000E-05
MAT[ 19 ] 
            C        -8.5630000E-01
            H        -1.4370000E-01
MAT[ 20 ] 
            C        -6.1700000E-01
            H        -8.5000000E-02
            O        -2.9800000E-01

[ Cell ]
 101         0                 -10 11 
 102         4 -8.0300000E+00  ( -12 : -13 )
                              10 11 
 103         3 -5.2000000E+00  ( ( 24 -25 ) ( ( 6 -7 ( 3 : 29 : 30 ) )
                              : ( 7 -23 22 ) ) : ( ( ( 26 -24 )
                              : ( 25 -27 ) ) 6 -23 ) )
                              28 31 -8 19 20 21
                              #( 14 -15 16 -17 18 -9 ) 
 104         5 -8.3000000E+00  -11 
 2001        2 -2.6989000E+00  -1006
                              : -1007
                              : -1008
                              : -1009
                              : -1010 : -1011 : -1012 : -1013 #700 
 2100        1 -1.2050000E-03  4 -5 6 -7 1104 -1105 #2101 #2102 #2106
                              #2107 #2108 #510 #700 #510 #600 #700 #800
                              #103 #6000 #6001 #6002 #6003 #2001 #6006
                              #6005 #6004 #6007 #6008 
 2101        2 -2.6989000E+00  1106 -1107 1108 -1109 1110 -1111 1112 
 2102        0                 1110 -1111 -1112 #2106  fill=1
 2103        0                 1113 -1114 1115 -1116  lat=1  u=1  fill=2
 2104        2 -2.6989000E+00  1117  u=2 
 2105        1 -1.2050000E-03  -1117  u=2 
 2106        4 -8.0300000E+00  ( -1118 : -1119 )
                              -1112 1110 -1111 
 2107       10 -1.2400000E+00  -1126
                              : ( 1121 -1122 1123 -1124 1110 -1125 )
                              1120 #2101 #2102 #2106 
 2108        2 -2.6989000E+00  1127 -1128 1129 -1130 1131 -1132 1120
                              #2107 
 2200        1 -1.2050000E-03  4 -5 6 -7 1204 -1205 #2201 #2202 #2203
                              #2204 #510 #600 #700 #800 #103 #6000
                              #6001 #6002 #6003 #2001 #6006 #6005 #6004
                              #6007 #6008 
 2201        6 -1.1350000E+01  1206 -1207 1208 -1209 1210 -1211  trcl=21 
 2202       11 -1.0000000E+00  -1212  trcl=21 
 2203        2 -2.6989000E+00  1213 -1214 1215 -1216 1217 -1219
                              #( 1218 -1211 )
                              1220  trcl=21 
 2204        2 -2.6989000E+00  1221 -1222 1223 -1224 1218 -1211
                              #( 1225 -1226 -1227 ) 
 2300        1 -1.2050000E-03  4 -5 6 -7 1304 -1305 #2301 #2302 #2303
                              #510 #600 #700 #800 #103 #6000 #6001
                              #6002 #6003 #2001 #6006 #6005 #6004 #6007
                              #6008 
 2301        6 -1.1350000E+01  1306 -1307 1308 -1309 1310 -1311  trcl=31 
 2302       11 -1.0000000E+00  -1312 
 2303        2 -2.6989000E+00  1313 -1314 1315 -1316 1317 -1319
                              #( 1318 -1311 )
                              1320  trcl=31 
 2400        1 -1.2050000E-03  4 -5 6 -7 1404 -1405 #2401 #2402 #2403
                              #510 #600 #700 #800 #103 #6000 #6001
                              #6002 #6003 #2001 #6006 #6005 #6004 #6007
                              #6008 
 2401        2 -2.6989000E+00  1407 ( ( -1406 -1408 ) : ( -1409 -1410 )
                              ) 
 2402        9 -1.1400000E+00  -1411 : -1412 : -1413 : -1414 
 2403        2 -2.6989000E+00  1415 -1416 1417 -1418 1419 -1420 1421 
 2600        1 -1.2050000E-03  4 -5 6 -7 1621 -1623 #2601 #2602 #2603
                              #2604 #510 #600 #700 #800 #103 #6000
                              #6001 #6002 #6003 #2001 #6006 #6005 #6004
                              #6007 #6008 
 2601       13 -2.3290000E+00  1604 -1605 ( -1607
                              : -1608 : -1609 : -1610 ) 
 2602        2 -2.6989000E+00  1611 -1612 1613 -1614 1604 -1605
                              #( 1615 -1616 1617 -1618 )
                              #2601 
 2603       10 -1.2400000E+00  1617 1624 ( ( 1615 -1616 -1618 1604 -1623
                              ) : ( ( ( 1619 -1622 ) : ( 1625 -1626 ) )
                              -1620 1621 -1604 )
                              ) 
 2604        0                 1627 -1629 -1624  fill=3
 2605        0                 1630 -1631  lat=1  u=3  fill=4
 2606       10 -1.2400000E+00  ( 1632 -1633 ) : ( 1634 1635 -1636 )
                              : ( 1637 1638 -1639 )
                              : ( 1640 1641 -1642 )
                              : ( 1643 1644 -1645 )
                              : ( 1646 1647 -1648 )
                              : ( 1649 1650 -1651 )
                              : ( 1652 1653 -1654 )  u=4 
 2607        1 -1.2050000E-03  #( ( 1632 -1633 ) : ( 1634 1635 -1636 )
                              : ( 1637 1638 -1639 )
                              : ( 1640 1641 -1642 )
                              : ( 1643 1644 -1645 )
                              : ( 1646 1647 -1648 )
                              : ( 1649 1650 -1651 )
                              : ( 1652 1653 -1654 )
                              )  u=4 
 510        16 -1.0000000E+00  -100 201 -202 #6006 #6005 #6004 #800 
 600         8 -1.0000000E+00  -4000 #510 #700 #800 #6006 #6005 #6004
                              #9000 #9001 #9002 #9003 
 800        20 -1.2000000E+00  -8000 #6006 #9000 #9001 #9002 #9003 
 6000       17 -1.1800000E+00  -3000 3100 3200 #6001 #6002 #6003 #510
                              #600 #700 #800 #6008 #9000 #9001 #9002
                              #9003 #9004 
 6001        1 -1.2050000E-03  -3100 #510 #600 #700 #800 #6008 
 6002        1 -1.2050000E-03  -3200 #510 #600 #700 #800 #6008 #9000
                              #9001 #9002 #9003 
 6003       17 -1.1800000E+00  -3300 #510 #600 #700 #6006 #6005 #6004 
 6004       10 -1.2400000E+00  -3400 
 6005       10 -1.2400000E+00  -3500 
 6006       10 -1.2400000E+00  -3600 
 9000       10 -1.2400000E+00  -9000 
 9001       10 -1.2400000E+00  -9001 
 9002       10 -1.2400000E+00  -9002 
 9003       10 -1.2400000E+00  -9003 
 9004       10 -1.2400000E+00  -9004 
 6007       19 -9.3000000E-01  -3700 #6008 
 6008       10 -1.2400000E+00  -3800 #9000 #9001 #9002 #9003 
 700        18 -1.1000000E+00  -5000 #510 
 1          -1                 1 
 2           1 -1.2050000E-03  -1
                              #( 4 -5 6 -7 ( ( 1104 -1105 )
                              : ( 1204 -1205 ) : ( 1304 -1305 )
                              : ( 1404 -1405 ) : ( 1621 -1623 ) ) )
                              #510 #600 #700 #800 #103 #6000 #6001
                              #6002 #6003 #2001 #6006 #6005 #6004 #6007
                              #6008 #9000 #9001 #9002 #9003 #9004 #101
                              #102 #103 #104 

[ Surface ]
 1             rcc   0.0000000E+00  0.0000000E+00 -5.0000000E+01
                     0.0000000E+00  0.0000000E+00  2.0000000E+02
                     2.0000000E+02
 2             pz    0.0000000E+00
 3             pz    6.3000000E+01
 4             px   -3.0000000E+01
 5             px    3.0000000E+01
 6             py   -1.9000000E+01
 7             py    1.9000000E+01
 8             pz    1.0250000E+02
 9             pz    1.0100000E+02
 10            rcc   0.0000000E+00  0.0000000E+00  0.0000000E+00
                     0.0000000E+00  0.0000000E+00 -2.5000000E+01
                     1.0000000E+00
 11            rcc   0.0000000E+00  0.0000000E+00  0.0000000E+00
                     0.0000000E+00  0.0000000E+00 -4.0000000E-04
                     1.5000000E+00
 12            rcc   0.0000000E+00  0.0000000E+00  0.0000000E+00
                     0.0000000E+00  0.0000000E+00 -2.5000000E+00
                     3.5000000E+00
 13            rcc   0.0000000E+00  0.0000000E+00  0.0000000E+00
                     0.0000000E+00  0.0000000E+00 -2.5000000E+01
                     1.6000000E+00
 14            px   -9.5000000E+00
 15            px    9.5000000E+00
 16            py   -1.7500000E+01
 17            py    1.7500000E+01
 18            pz    6.4500000E+01
 19            cz    5.0200000E+00
 20            rpp  -8.0000000E+00  8.0000000E+00 -2.2000000E+01
                    -1.6000000E+01  8.1000000E+01  9.7000000E+01
 21            cz    5.9280000E+00
 22            pz    2.7000000E+01
 23            py    3.4000000E+01
 24            px   -5.3500000E+01
 25            px    5.3500000E+01
 26            px   -7.4000000E+01
 27            px    7.4000000E+01
 28            pz   -1.7000000E+01
 29            p    -3.0000000E+01 -1.9000000E+01  6.3000000E+01
                    -3.0000000E+01  1.9000000E+01  6.3000000E+01
                    -5.3500000E+01  1.9000000E+01  3.9832000E+01
 30            p     3.0000000E+01 -1.9000000E+01  6.3000000E+01
                     3.0000000E+01  1.9000000E+01  6.3000000E+01
                     5.3500000E+01  1.9000000E+01  3.9832000E+01
 31            p    -7.4000000E+01 -1.9000000E+01  2.8332000E+01
                    -5.3500000E+01 -1.9000000E+01  2.8332000E+01
                    -5.3500000E+01  1.9000000E+01 -1.7000000E+01
 1000          px   -3.0000000E+01
 1001          px    3.0000000E+01
 1002          py   -1.9000000E+01
 1003          py    1.9000000E+01
 1004          pz   -2.4000000E+01
 1005          pz    6.3000000E+01
 1006          rpp  -1.4750000E+01 -1.0250000E+01 -1.4750000E+01
                    -1.0250000E+01 -2.3000000E+01  6.2000000E+01
 1007          rpp   1.0250000E+01  1.4750000E+01 -1.4750000E+01
                    -1.0250000E+01 -2.3000000E+01  6.2000000E+01
 1008          rpp  -1.4750000E+01 -1.0250000E+01  1.0250000E+01
                     1.4750000E+01  0.0000000E+00  6.2000000E+01
 1009          rpp   1.0250000E+01  1.4750000E+01  1.0250000E+01
                     1.4750000E+01  0.0000000E+00  6.2000000E+01
 1010          rpp  -1.0250000E+01  1.0250000E+01 -1.4750000E+01
                    -1.0250000E+01  4.7200000E+01  5.1700000E+01
 1011          rpp  -1.0250000E+01  1.0250000E+01 -1.4750000E+01
                    -1.0250000E+01 -1.7200000E+01 -1.2700000E+01
 1012          rpp  -1.0250000E+01  1.0250000E+01  1.0250000E+01
                     1.4750000E+01  4.8500000E+01  5.3000000E+01
 1013          rpp  -1.0250000E+01  1.0250000E+01  1.0250000E+01
                     1.4750000E+01  9.9000000E+00  1.4400000E+01
 1100          px   -3.0000000E+01
 1101          px    3.0000000E+01
 1102          py   -1.9000000E+01
 1103          py    1.9000000E+01
 1104       10 pz   -1.8700000E+00
 1105       10 pz    1.0300000E+00
 1106          px   -2.5000000E+00
 1107          px    2.5000000E+00
 1108          py   -2.5000000E+00
 1109          py    2.5000000E+00
 1110       10 pz    0.0000000E+00
 1111       10 pz    2.5000000E-01
 1112          cz    1.0000000E+00
 1113          px   -8.0000000E-02
 1114          px    8.0000000E-02
 1115          py   -8.0000000E-02
 1116          py    8.0000000E-02
 1117          cz    1.3750000E-02
 1118          c/z   1.6000000E-01  9.6000000E-01  1.5000000E-02
 1119          c/z   3.2000000E-01 -3.2000000E-01  1.5000000E-02
 1120          cz    1.5000000E+00
 1121          px   -3.4500000E+00
 1122          px    3.4500000E+00
 1123          py   -3.4500000E+00
 1124          py    3.4500000E+00
 1125       10 pz    8.0000000E-01
 1126       10 rpp  -1.0000000E+00  1.0000000E+00 -8.4500000E+00
                    -3.4400000E+00  0.0000000E+00  8.0000000E-01
 1127          px   -1.4750000E+01
 1128          px    1.4750000E+01
 1129          py   -4.5000000E+00
 1130          py    4.5000000E+00
 1131       10 pz    6.3000000E-01
 1132       10 pz    9.3000000E-01
 1200          px   -3.0000000E+01
 1201          px    3.0000000E+01
 1202          py   -1.9000000E+01
 1203          py    1.9000000E+01
 1204       20 pz   -1.6000000E+00
 1205       20 pz    1.3043300E+00
 1206          px   -2.0000000E+00
 1207          px    2.0000000E+00
 1208          py   -2.0000000E+00
 1209          py    2.0000000E+00
 1210       20 pz    0.0000000E+00
 1211       20 pz    4.3300000E-03
 1212       20 tz    0.0000000E+00  0.0000000E+00 -1.5000000E-01
                     1.8000000E+00  1.5000000E-01  1.5000000E-01
 1213          px   -3.2500000E+00
 1214          px    3.2500000E+00
 1215          py   -3.2500000E+00
 1216          py    3.2500000E+00
 1217       20 pz   -6.0000000E-01
 1218       20 pz   -3.0000000E-01
 1219       20 pz    3.0433000E-01
 1220          cz    1.5000000E+00
 1221          px   -1.4750000E+01
 1222          px    1.4750000E+01
 1223          py   -4.5000000E+00
 1224          py    4.5000000E+00
 1225          px   -2.5350000E+00
 1226          px    2.5350000E+00
 1227          py    2.2700000E+00
 1300          px   -3.0000000E+01
 1301          px    3.0000000E+01
 1302          py   -1.9000000E+01
 1303          py    1.9000000E+01
 1304       30 pz   -1.4900000E+00
 1305       30 pz    2.1000000E-01
 1306          px   -3.7000000E+00
 1307          px    3.7000000E+00
 1308          py   -3.7000000E+00
 1309          py    3.7000000E+00
 1310       30 pz    0.0000000E+00
 1311       30 pz    3.5000000E-03
 1312       30 tz    0.0000000E+00  0.0000000E+00 -1.7500000E-01
                     3.8500000E+00  1.7500000E-01  1.7500000E-01
 1313          px   -4.7500000E+00
 1314          px    4.7500000E+00
 1315          py   -6.0000000E+00
 1316          py    6.0000000E+00
 1317       30 pz   -4.9000000E-01
 1318       30 pz   -3.5000000E-01
 1319       30 pz    1.4350000E-01
 1320          cz    3.5000000E+00
 1400          px   -3.0000000E+01
 1401          px    3.0000000E+01
 1402          py   -1.9000000E+01
 1403          py    1.9000000E+01
 1404       40 pz   -5.6500000E-02
 1405       40 pz    1.4000000E+00
 1406          cz    6.2000000E-01
 1407       40 pz    0.0000000E+00
 1408       40 pz    2.0000000E-01
 1409          cz    3.3500000E-01
 1410       40 pz    4.0000000E-01
 1411       40 rcc  -4.9900000E+00  3.4675000E-01  2.1175000E-01
                     9.9800000E+00  0.0000000E+00  0.0000000E+00
                     1.1750000E-02
 1412       40 rcc  -4.9900000E+00 -3.4675000E-01  2.1175000E-01
                     9.9800000E+00  0.0000000E+00  0.0000000E+00
                     1.1750000E-02
 1413       40 rcc  -3.4675000E-01 -4.9900000E+00  2.1175000E-01
                     0.0000000E+00  9.9800000E+00  0.0000000E+00
                     1.1750000E-02
 1414       40 rcc   3.4675000E-01 -4.9900000E+00  2.1175000E-01
                     0.0000000E+00  9.9800000E+00  0.0000000E+00
                     1.1750000E-02
 1415          px   -1.4750000E+01
 1416          px    1.4750000E+01
 1417          py   -7.0000000E+00
 1418          py    7.0000000E+00
 1419       40 pz    2.2350000E-01
 1420       40 pz    4.2350000E-01
 1421          cz    4.0000000E+00
 1600          px   -3.0000000E+01
 1601          px    3.0000000E+01
 1602          py   -1.9000000E+01
 1603          py    1.9000000E+01
 1604       60 pz    0.0000000E+00
 1605       60 pz    4.3000000E-01
 1621       60 pz   -5.0000000E-01
 1623       60 pz    5.0000000E-01
 1607          c/z   4.5000000E+00  4.5000000E+00  1.4625500E-01
 1608          c/z   4.5000000E+00 -4.5000000E+00  1.4625500E-01
 1609          c/z  -4.5000000E+00  4.5000000E+00  1.4625500E-01
 1610          c/z  -4.5000000E+00 -4.5000000E+00  1.4625500E-01
 1611          px   -1.4750000E+01
 1612          px    1.4750000E+01
 1613          py   -9.5000000E+00
 1614          py    9.5000000E+00
 1615          px   -2.5000000E+00
 1616          px    2.5000000E+00
 1617          py   -2.5000000E+00
 1618          py    2.5000000E+00
 1619          px   -3.7500000E+00
 1620          px    3.7500000E+00
 1622          py    3.1000000E+00
 1624          cz    2.2500000E+00
 1625          px   -8.5000000E+00
 1626          py   -5.0000000E-01
 1627       60 pz   -8.0000000E-02
 1629       60 pz    8.0000000E-02
 1630          px   -3.1500000E-01
 1631          px    3.1500000E-01
 1632          px   -2.0000000E-02
 1633          px    2.0000000E-02
 1634       60 pz   -6.0000000E-02
 1635          px   -4.0000000E-02
 1636          px    4.0000000E-02
 1637       60 pz   -4.0000000E-02
 1638          px   -6.5000000E-02
 1639          px    6.5000000E-02
 1640       60 pz   -2.0000000E-02
 1641          px   -9.0000000E-02
 1642          px    9.0000000E-02
 1643       60 pz   -1.3877788E-17
 1644          px   -1.1500000E-01
 1645          px    1.1500000E-01
 1646       60 pz    2.0000000E-02
 1647          px   -1.4500000E-01
 1648          px    1.4500000E-01
 1649       60 pz    4.0000000E-02
 1650          px   -1.8000000E-01
 1651          px    1.8000000E-01
 1652       60 pz    6.0000000E-02
 1653          px   -2.2500000E-01
 1654          px    2.2500000E-01
 100        90 ell  -1.5000000E-01  0.0000000E+00  6.0480000E+01
                     1.6500000E+00  0.0000000E+00  0.0000000E+00
                    -8.0000000E-01
 202        90 pz    6.0580000E+01
 201        90 pz    6.0380000E+01
 4000       90 rpp  -1.4685000E+00  1.7315000E+00 -1.7500000E+00
                     1.7500000E+00  6.0330000E+01  6.0580000E+01
 8000       90 rpp  -1.4685000E+00  1.7315000E+00 -1.7500000E+00
                     1.7500000E+00  6.0375000E+01  6.0380000E+01
 3000       90 rpp  -1.4938500E+01 -1.4685000E+00 -2.6090000E+00
                     2.6210000E+00  5.8080000E+01  6.3000000E+01
 3100       90 rpp  -1.4688500E+01 -1.7185000E+00 -2.3590000E+00
                     2.3710000E+00  5.8080000E+01  6.2750000E+01
 3200       90 rpp  -1.7185000E+00 -1.4685000E+00 -1.7500000E+00
                     1.7500000E+00  6.0180000E+01  6.1010000E+01
 3300       90 rpp  -1.4685000E+00  1.7315000E+00 -1.7500000E+00
                     1.7500000E+00  6.0580000E+01  6.1010000E+01
 3400       90 rpp  -1.4685000E+00  1.7315000E+00  1.7500000E+00
                     2.0500000E+00  6.0580000E+01  6.1010000E+01
 3500       90 rpp  -1.4685000E+00  1.7315000E+00 -2.0500000E+00
                    -1.7500000E+00  6.0580000E+01  6.1010000E+01
 3600       90 rpp   1.7315000E+00  2.0315000E+00 -2.0500000E+00
                     2.0500000E+00  6.0330000E+01  6.1010000E+01
 9000       90 rpp  -1.4685000E+00  1.7315000E+00  1.7500000E+00
                     2.0500000E+00  6.0330000E+01  6.0380000E+01
 9001       90 rpp  -1.4685000E+00  1.7315000E+00 -2.0500000E+00
                    -1.7500000E+00  6.0330000E+01  6.0380000E+01
 9002       90 rpp  -1.4685000E+00  1.7315000E+00  1.3500000E+00
                     2.0500000E+00  6.0380000E+01  6.0580000E+01
 9003       90 rpp  -1.4685000E+00  1.7315000E+00 -2.0500000E+00
                    -1.3500000E+00  6.0380000E+01  6.0580000E+01
 9004       90 rpp  -1.4685000E+00  2.0500000E+00 -2.0500000E+00
                     2.0500000E+00  6.1010000E+01  6.1210000E+01
 3700       90 rpp  -1.4938500E+01 -1.4685000E+00 -2.6090000E+00
                     2.6210000E+00  5.7580000E+01  5.8080000E+01
 3800       90 rpp  -1.7185000E+00 -1.4685000E+00 -1.7500000E+00
                     1.7500000E+00  5.8080000E+01  6.0380000E+01
 5000       90 ell  -7.5000000E+00  6.0000000E-03  6.0750000E+01
                     6.0000000E+00  0.0000000E+00  0.0000000E+00
                    -2.0000000E+00

[ Transform ]
tr10           0.0000000E+00  0.0000000E+00  1.8700000E+00
               0.0000000E+00  0.0000000E+00  0.0000000E+00
               0.0000000E+00  0.0000000E+00  0.0000000E+00
               0.0000000E+00  0.0000000E+00  0.0000000E+00    3
tr20           0.0000000E+00  0.0000000E+00  7.6000000E+00
               0.0000000E+00  0.0000000E+00  0.0000000E+00
               0.0000000E+00  0.0000000E+00  0.0000000E+00
               0.0000000E+00  0.0000000E+00  0.0000000E+00    3
tr21           0.0000000E+00 -2.2510000E-01  0.0000000E+00
               0.0000000E+00  0.0000000E+00  0.0000000E+00
               0.0000000E+00  0.0000000E+00  0.0000000E+00
               0.0000000E+00  0.0000000E+00  0.0000000E+00    2
tr30           0.0000000E+00  0.0000000E+00  3.4580000E+01
               0.0000000E+00  0.0000000E+00  0.0000000E+00
               0.0000000E+00  0.0000000E+00  0.0000000E+00
               0.0000000E+00  0.0000000E+00  0.0000000E+00    3
*tr31          0.0000000E+00  0.0000000E+00  0.0000000E+00
               0.0000000E+00  0.0000000E+00  0.0000000E+00
               3.0000000E+00  2.1841000E+01  0.0000000E+00
               0.0000000E+00  0.0000000E+00  0.0000000E+00    3
tr40           0.0000000E+00  0.0000000E+00  3.4846500E+01
               0.0000000E+00  0.0000000E+00  0.0000000E+00
               0.0000000E+00  0.0000000E+00  0.0000000E+00
               0.0000000E+00  0.0000000E+00  0.0000000E+00    3
tr50           0.0000000E+00  0.0000000E+00  1.0100000E+02
               0.0000000E+00  0.0000000E+00  0.0000000E+00
               0.0000000E+00  0.0000000E+00  0.0000000E+00
               0.0000000E+00  0.0000000E+00  0.0000000E+00    3
tr60           0.0000000E+00  0.0000000E+00  1.9400000E+01
               0.0000000E+00  0.0000000E+00  0.0000000E+00
               0.0000000E+00  0.0000000E+00  0.0000000E+00
               0.0000000E+00  0.0000000E+00  0.0000000E+00    3
*tr90          0.0000000E+00  1.5000000E-01  3.8000000E+01
               0.0000000E+00  0.0000000E+00  0.0000000E+00
               3.0000000E+00  9.0000000E+01  0.0000000E+00
               0.0000000E+00  0.0000000E+00  0.0000000E+00    3

[ Volume ]
    reg        vol
    104     2.8274334E-03
   2101      5.464602    
   2104     0.7671331    
   2103     0.7671331    
   2102     0.7671331    
   2106     2.9697868E-04
   2107      35.96628    
   2201     6.9280000E-02
   2301     0.1916600    
   2401     0.3120387    
   2603      20.09568    
   2606     0.8856140    
   2605     0.8856140    
   2604     0.8856140    
    510      1.608000    

[ Mat Name Color ]
   mat                          name     size             color   # HSB color value
     0                          void     1.00         lightgray   # { -0.800  1.000  1.000 }
     1                           Air     1.00              cyan   # {  0.400  1.000  1.000 }
     2                            Al     1.00         lightgray   # { -0.800  1.000  1.000 }
     3           {Structure - steel}     1.00             brown   # {  0.900  1.000  0.500 }
     4             {Stainless steel}     1.00              gray   # { -0.600  1.000  1.000 }
     5                         Havar     1.00               rrr   # {  0.867  1.000  1.000 }
     6                            Pb     1.00          matblack   # { -0.200  1.000  1.000 }
     7    {Petri dish - polystyrene}     1.00     {0.7 0.3 1.0}   # {  0.700  0.300  1.000 }
     8                         Water     1.00               ccc   # {  0.267  1.000  1.000 }
     9                         Nylon     1.00                gg   # {  0.533  1.000  1.000 }
    10            {3D printer - PLA}     1.00            orange   # {  0.933  1.000  1.000 }
    11                        O-ring     1.00             black   # {  0.000  1.000  1.000 }
    12          {ICRU-4 soft tissue}     1.00           magenta   # {  0.067  1.000  1.000 }
    13                            Si     1.00            yellow   # {  0.800  1.000  1.000 }
    14                         Mylar     1.00        pastelpink   # {  0.900  0.500  1.000 }
    15                         Blood     1.00               red   # {  1.000  1.000  1.000 }
    16                         pouch     1.00              pink   # {  1.000  0.500  1.000 }
    17                      acrilico     1.00             white   # { -1.000  1.000  1.000 }
    18                          skin     1.00             brown   # {  0.900  1.000  0.500 }
    19                       plastic     1.00             black   # {  0.000  1.000  1.000 }
    20                        scotch     1.00               red   # {  1.000  1.000  1.000 }

[ T-Track ]
    title = [t-track] in xyz mesh
     mesh =  xyz            # mesh type is xyz scoring mesh
   x-type =    1            # x-mesh is given by the below data
       nx =      1          # number of x-mesh points
#    data = ( x(i), i = 1, nx + 1 )
            0.00000E+00  1.00000E-01
   y-type =    2            # y-mesh is linear given by ymin, ymax and ny
     ymin =  -10.00000      # minimum value of y-mesh points
     ymax =   10.00000      # maximum value of y-mesh points
#    ydel =  0.1333333      # mesh width of y-mesh points
       ny =    150          # number of y-mesh points
#    data = ( y(i), i = 1, ny + 1 )
#          -1.00000E+01 -9.86667E+00 -9.73333E+00 -9.60000E+00 -9.46667E+00
#          -9.33333E+00 -9.20000E+00 -9.06667E+00 -8.93333E+00 -8.80000E+00
#          -8.66667E+00 -8.53333E+00 -8.40000E+00 -8.26667E+00 -8.13333E+00
#          -8.00000E+00 -7.86667E+00 -7.73333E+00 -7.60000E+00 -7.46667E+00
#          -7.33333E+00 -7.20000E+00 -7.06667E+00 -6.93333E+00 -6.80000E+00
#          -6.66667E+00 -6.53333E+00 -6.40000E+00 -6.26667E+00 -6.13333E+00
#          -6.00000E+00 -5.86667E+00 -5.73333E+00 -5.60000E+00 -5.46667E+00
#          -5.33333E+00 -5.20000E+00 -5.06667E+00 -4.93333E+00 -4.80000E+00
#          -4.66667E+00 -4.53333E+00 -4.40000E+00 -4.26667E+00 -4.13333E+00
#          -4.00000E+00 -3.86667E+00 -3.73333E+00 -3.60000E+00 -3.46667E+00
#          -3.33333E+00 -3.20000E+00 -3.06667E+00 -2.93333E+00 -2.80000E+00
#          -2.66667E+00 -2.53333E+00 -2.40000E+00 -2.26667E+00 -2.13333E+00
#          -2.00000E+00 -1.86667E+00 -1.73333E+00 -1.60000E+00 -1.46667E+00
#          -1.33333E+00 -1.20000E+00 -1.06667E+00 -9.33333E-01 -8.00000E-01
#          -6.66667E-01 -5.33333E-01 -4.00000E-01 -2.66667E-01 -1.33333E-01
#           0.00000E+00  1.33333E-01  2.66667E-01  4.00000E-01  5.33333E-01
#           6.66667E-01  8.00000E-01  9.33333E-01  1.06667E+00  1.20000E+00
#           1.33333E+00  1.46667E+00  1.60000E+00  1.73333E+00  1.86667E+00
#           2.00000E+00  2.13333E+00  2.26667E+00  2.40000E+00  2.53333E+00
#           2.66667E+00  2.80000E+00  2.93333E+00  3.06667E+00  3.20000E+00
#           3.33333E+00  3.46667E+00  3.60000E+00  3.73333E+00  3.86667E+00
#           4.00000E+00  4.13333E+00  4.26667E+00  4.40000E+00  4.53333E+00
#           4.66667E+00  4.80000E+00  4.93333E+00  5.06667E+00  5.20000E+00
#           5.33333E+00  5.46667E+00  5.60000E+00  5.73333E+00  5.86667E+00
#           6.00000E+00  6.13333E+00  6.26667E+00  6.40000E+00  6.53333E+00
#           6.66667E+00  6.80000E+00  6.93333E+00  7.06667E+00  7.20000E+00
#           7.33333E+00  7.46667E+00  7.60000E+00  7.73333E+00  7.86667E+00
#           8.00000E+00  8.13333E+00  8.26667E+00  8.40000E+00  8.53333E+00
#           8.66667E+00  8.80000E+00  8.93333E+00  9.06667E+00  9.20000E+00
#           9.33333E+00  9.46667E+00  9.60000E+00  9.73333E+00  9.86667E+00
#           1.00000E+01
   z-type =    2            # z-mesh is linear given by zmin, zmax and nz
     zmin =  -10.00000      # minimum value of z-mesh points
     zmax =   110.0000      # maximum value of z-mesh points
#    zdel =  0.2400000      # mesh width of z-mesh points
       nz =    500          # number of z-mesh points
#    data = ( z(i), i = 1, nz + 1 )
#          -1.00000E+01 -9.76000E+00 -9.52000E+00 -9.28000E+00 -9.04000E+00
#          -8.80000E+00 -8.56000E+00 -8.32000E+00 -8.08000E+00 -7.84000E+00
#          -7.60000E+00 -7.36000E+00 -7.12000E+00 -6.88000E+00 -6.64000E+00
#          -6.40000E+00 -6.16000E+00 -5.92000E+00 -5.68000E+00 -5.44000E+00
#          -5.20000E+00 -4.96000E+00 -4.72000E+00 -4.48000E+00 -4.24000E+00
#          -4.00000E+00 -3.76000E+00 -3.52000E+00 -3.28000E+00 -3.04000E+00
#          -2.80000E+00 -2.56000E+00 -2.32000E+00 -2.08000E+00 -1.84000E+00
#          -1.60000E+00 -1.36000E+00 -1.12000E+00 -8.80000E-01 -6.40000E-01
#          -4.00000E-01 -1.60000E-01  8.00000E-02  3.20000E-01  5.60000E-01
#           8.00000E-01  1.04000E+00  1.28000E+00  1.52000E+00  1.76000E+00
#           2.00000E+00  2.24000E+00  2.48000E+00  2.72000E+00  2.96000E+00
#           3.20000E+00  3.44000E+00  3.68000E+00  3.92000E+00  4.16000E+00
#           4.40000E+00  4.64000E+00  4.88000E+00  5.12000E+00  5.36000E+00
#           5.60000E+00  5.84000E+00  6.08000E+00  6.32000E+00  6.56000E+00
#           6.80000E+00  7.04000E+00  7.28000E+00  7.52000E+00  7.76000E+00
#           8.00000E+00  8.24000E+00  8.48000E+00  8.72000E+00  8.96000E+00
#           9.20000E+00  9.44000E+00  9.68000E+00  9.92000E+00  1.01600E+01
#           1.04000E+01  1.06400E+01  1.08800E+01  1.11200E+01  1.13600E+01
#           1.16000E+01  1.18400E+01  1.20800E+01  1.23200E+01  1.25600E+01
#           1.28000E+01  1.30400E+01  1.32800E+01  1.35200E+01  1.37600E+01
#           1.40000E+01  1.42400E+01  1.44800E+01  1.47200E+01  1.49600E+01
#           1.52000E+01  1.54400E+01  1.56800E+01  1.59200E+01  1.61600E+01
#           1.64000E+01  1.66400E+01  1.68800E+01  1.71200E+01  1.73600E+01
#           1.76000E+01  1.78400E+01  1.80800E+01  1.83200E+01  1.85600E+01
#           1.88000E+01  1.90400E+01  1.92800E+01  1.95200E+01  1.97600E+01
#           2.00000E+01  2.02400E+01  2.04800E+01  2.07200E+01  2.09600E+01
#           2.12000E+01  2.14400E+01  2.16800E+01  2.19200E+01  2.21600E+01
#           2.24000E+01  2.26400E+01  2.28800E+01  2.31200E+01  2.33600E+01
#           2.36000E+01  2.38400E+01  2.40800E+01  2.43200E+01  2.45600E+01
#           2.48000E+01  2.50400E+01  2.52800E+01  2.55200E+01  2.57600E+01
#           2.60000E+01  2.62400E+01  2.64800E+01  2.67200E+01  2.69600E+01
#           2.72000E+01  2.74400E+01  2.76800E+01  2.79200E+01  2.81600E+01
#           2.84000E+01  2.86400E+01  2.88800E+01  2.91200E+01  2.93600E+01
#           2.96000E+01  2.98400E+01  3.00800E+01  3.03200E+01  3.05600E+01
#           3.08000E+01  3.10400E+01  3.12800E+01  3.15200E+01  3.17600E+01
#           3.20000E+01  3.22400E+01  3.24800E+01  3.27200E+01  3.29600E+01
#           3.32000E+01  3.34400E+01  3.36800E+01  3.39200E+01  3.41600E+01
#           3.44000E+01  3.46400E+01  3.48800E+01  3.51200E+01  3.53600E+01
#           3.56000E+01  3.58400E+01  3.60800E+01  3.63200E+01  3.65600E+01
#           3.68000E+01  3.70400E+01  3.72800E+01  3.75200E+01  3.77600E+01
#           3.80000E+01  3.82400E+01  3.84800E+01  3.87200E+01  3.89600E+01
#           3.92000E+01  3.94400E+01  3.96800E+01  3.99200E+01  4.01600E+01
#           4.04000E+01  4.06400E+01  4.08800E+01  4.11200E+01  4.13600E+01
#           4.16000E+01  4.18400E+01  4.20800E+01  4.23200E+01  4.25600E+01
#           4.28000E+01  4.30400E+01  4.32800E+01  4.35200E+01  4.37600E+01
#           4.40000E+01  4.42400E+01  4.44800E+01  4.47200E+01  4.49600E+01
#           4.52000E+01  4.54400E+01  4.56800E+01  4.59200E+01  4.61600E+01
#           4.64000E+01  4.66400E+01  4.68800E+01  4.71200E+01  4.73600E+01
#           4.76000E+01  4.78400E+01  4.80800E+01  4.83200E+01  4.85600E+01
#           4.88000E+01  4.90400E+01  4.92800E+01  4.95200E+01  4.97600E+01
#           5.00000E+01  5.02400E+01  5.04800E+01  5.07200E+01  5.09600E+01
#           5.12000E+01  5.14400E+01  5.16800E+01  5.19200E+01  5.21600E+01
#           5.24000E+01  5.26400E+01  5.28800E+01  5.31200E+01  5.33600E+01
#           5.36000E+01  5.38400E+01  5.40800E+01  5.43200E+01  5.45600E+01
#           5.48000E+01  5.50400E+01  5.52800E+01  5.55200E+01  5.57600E+01
#           5.60000E+01  5.62400E+01  5.64800E+01  5.67200E+01  5.69600E+01
#           5.72000E+01  5.74400E+01  5.76800E+01  5.79200E+01  5.81600E+01
#           5.84000E+01  5.86400E+01  5.88800E+01  5.91200E+01  5.93600E+01
#           5.96000E+01  5.98400E+01  6.00800E+01  6.03200E+01  6.05600E+01
#           6.08000E+01  6.10400E+01  6.12800E+01  6.15200E+01  6.17600E+01
#           6.20000E+01  6.22400E+01  6.24800E+01  6.27200E+01  6.29600E+01
#           6.32000E+01  6.34400E+01  6.36800E+01  6.39200E+01  6.41600E+01
#           6.44000E+01  6.46400E+01  6.48800E+01  6.51200E+01  6.53600E+01
#           6.56000E+01  6.58400E+01  6.60800E+01  6.63200E+01  6.65600E+01
#           6.68000E+01  6.70400E+01  6.72800E+01  6.75200E+01  6.77600E+01
#           6.80000E+01  6.82400E+01  6.84800E+01  6.87200E+01  6.89600E+01
#           6.92000E+01  6.94400E+01  6.96800E+01  6.99200E+01  7.01600E+01
#           7.04000E+01  7.06400E+01  7.08800E+01  7.11200E+01  7.13600E+01
#           7.16000E+01  7.18400E+01  7.20800E+01  7.23200E+01  7.25600E+01
#           7.28000E+01  7.30400E+01  7.32800E+01  7.35200E+01  7.37600E+01
#           7.40000E+01  7.42400E+01  7.44800E+01  7.47200E+01  7.49600E+01
#           7.52000E+01  7.54400E+01  7.56800E+01  7.59200E+01  7.61600E+01
#           7.64000E+01  7.66400E+01  7.68800E+01  7.71200E+01  7.73600E+01
#           7.76000E+01  7.78400E+01  7.80800E+01  7.83200E+01  7.85600E+01
#           7.88000E+01  7.90400E+01  7.92800E+01  7.95200E+01  7.97600E+01
#           8.00000E+01  8.02400E+01  8.04800E+01  8.07200E+01  8.09600E+01
#           8.12000E+01  8.14400E+01  8.16800E+01  8.19200E+01  8.21600E+01
#           8.24000E+01  8.26400E+01  8.28800E+01  8.31200E+01  8.33600E+01
#           8.36000E+01  8.38400E+01  8.40800E+01  8.43200E+01  8.45600E+01
#           8.48000E+01  8.50400E+01  8.52800E+01  8.55200E+01  8.57600E+01
#           8.60000E+01  8.62400E+01  8.64800E+01  8.67200E+01  8.69600E+01
#           8.72000E+01  8.74400E+01  8.76800E+01  8.79200E+01  8.81600E+01
#           8.84000E+01  8.86400E+01  8.88800E+01  8.91200E+01  8.93600E+01
#           8.96000E+01  8.98400E+01  9.00800E+01  9.03200E+01  9.05600E+01
#           9.08000E+01  9.10400E+01  9.12800E+01  9.15200E+01  9.17600E+01
#           9.20000E+01  9.22400E+01  9.24800E+01  9.27200E+01  9.29600E+01
#           9.32000E+01  9.34400E+01  9.36800E+01  9.39200E+01  9.41600E+01
#           9.44000E+01  9.46400E+01  9.48800E+01  9.51200E+01  9.53600E+01
#           9.56000E+01  9.58400E+01  9.60800E+01  9.63200E+01  9.65600E+01
#           9.68000E+01  9.70400E+01  9.72800E+01  9.75200E+01  9.77600E+01
#           9.80000E+01  9.82400E+01  9.84800E+01  9.87200E+01  9.89600E+01
#           9.92000E+01  9.94400E+01  9.96800E+01  9.99200E+01  1.00160E+02
#           1.00400E+02  1.00640E+02  1.00880E+02  1.01120E+02  1.01360E+02
#           1.01600E+02  1.01840E+02  1.02080E+02  1.02320E+02  1.02560E+02
#           1.02800E+02  1.03040E+02  1.03280E+02  1.03520E+02  1.03760E+02
#           1.04000E+02  1.04240E+02  1.04480E+02  1.04720E+02  1.04960E+02
#           1.05200E+02  1.05440E+02  1.05680E+02  1.05920E+02  1.06160E+02
#           1.06400E+02  1.06640E+02  1.06880E+02  1.07120E+02  1.07360E+02
#           1.07600E+02  1.07840E+02  1.08080E+02  1.08320E+02  1.08560E+02
#           1.08800E+02  1.09040E+02  1.09280E+02  1.09520E+02  1.09760E+02
#           1.10000E+02
   e-type =    1            # e-mesh is given by the below data
       ne =      1          # number of e-mesh points
#    data = ( e(i), i = 1, ne + 1 )
            0.00000E+00  1.00000E+03
     unit =    1            # unit is [1/cm^2/source]
 material =  all            # (D=all) number of specific material
  2D-type =    3            # 1:Cont, 2:Clust, 3:Color, 4:xyz, 5:mat, 6:Clust+Cont, 7:Col+Cont
     axis =      yz            # axis of output
     file = track_yz_gamma_L.out  # file name of output for the above axis
     part =  photon   
# kf/name :  22       
    gshow =    1            # 0: no 1:bnd, 2:bnd+mat, 3:bnd+reg 4:bnd+lat 5:bmp style
    resol =    1            # (D=1) resolution of gshow or rshow
    width = 0.5000000       # (D=0.5) width of lines for gshow or rshow
   epsout =    1            # (D=0) generate eps file by ANGEL
#    used :        main (  %)        temp (  %)       total (  %)
#  memory :         660 (  0)           0 (  0)         660 (  0)

[ T-Deposit ]
    title = Dosis depositada en el hamster de photones protones
     mesh =  reg            # mesh type is region-wise
      reg = 700
   volume                   # combined, lattice or level structure 
   non     reg      vol     # reg definition
    1      700   1.0000E+00 # 700
     unit =    0            # unit is [Gy/source]
   letmat =    0            # (D=0) mat ID for LET, 0:real mat, <0: electron for H2O
  dedxfnc =    0            # (D=0) user defined multiplier, 0(no), 1, 2
 material =  all            # (D=all) number of specific material
   output =  dose           # total deposit energy
  deposit =    0            # (D=0) 0-> total deposit dist, 1-> each process
     axis =   reg           # axis of output
     file = dosis_hamster_L.out  # file name of output for the above axis
     part =  proton     photon   
# kf/name :  2212       22       
   epsout =    1            # (D=0) generate eps file by ANGEL
   mother =  all            # (D=all) number of specific mother
#    used :        main (  %)        temp (  %)       total (  %)
#  memory :           5 (  0)           0 (  0)           5 (  0)

[END] of Input Echo <<<========================================================

<<< Report of real Geometry memory >>>
*           GG/CG memory =        2
*     total memory: mdas = 80000000
*                percent =     0.00 %

<<< Report of material memory for high energy>>>
*   high energy material =        1
*     total memory: mdas = 80000000
*                percent =     0.00 %

<<< Report of material memory for low energy>>>
*    low energy material =    22535
*     total memory: mdas = 80000000
*                percent =     0.03 %

<<< Report of real tally memory >>>
*      real tally memory =      665
*     total memory: mdas = 80000000
*                percent =     0.00 %

<<< Report of temporary tally memory >>>
* temporary tally memory =    22540
*     total memory: mdas = 80000000
*                percent =     0.03 %

<<< Report of total memory >>>
*      used total memory =    22541
*     total memory: mdas = 80000000
*                percent =     0.03 %
*                ---------------------

-------------------------------------------------------------------------------
 job termination date : 2026/08/24
                 time :   14:23:49

 END 
