[ T-Track ]
    title = [t-track] in xyz mesh
     mesh =  xyz            # mesh type is xyz scoring mesh
   x-type =    2            # x-mesh is linear given by xmin, xmax and nx
     xmin =  -4.000000      # minimum value of x-mesh points
     xmax =   4.000000      # maximum value of x-mesh points
#    xdel =  0.3200000      # mesh width of x-mesh points
       nx =     25          # number of x-mesh points
#    data = ( x(i), i = 1, nx + 1 )
#          -4.00000E+00 -3.68000E+00 -3.36000E+00 -3.04000E+00 -2.72000E+00
#          -2.40000E+00 -2.08000E+00 -1.76000E+00 -1.44000E+00 -1.12000E+00
#          -8.00000E-01 -4.80000E-01 -1.60000E-01  1.60000E-01  4.80000E-01
#           8.00000E-01  1.12000E+00  1.44000E+00  1.76000E+00  2.08000E+00
#           2.40000E+00  2.72000E+00  3.04000E+00  3.36000E+00  3.68000E+00
#           4.00000E+00
   y-type =    2            # y-mesh is linear given by ymin, ymax and ny
     ymin =  -6.000000      # minimum value of y-mesh points
     ymax =   6.000000      # maximum value of y-mesh points
#    ydel =  0.2000000      # mesh width of y-mesh points
       ny =     60          # number of y-mesh points
#    data = ( y(i), i = 1, ny + 1 )
#          -6.00000E+00 -5.80000E+00 -5.60000E+00 -5.40000E+00 -5.20000E+00
#          -5.00000E+00 -4.80000E+00 -4.60000E+00 -4.40000E+00 -4.20000E+00
#          -4.00000E+00 -3.80000E+00 -3.60000E+00 -3.40000E+00 -3.20000E+00
#          -3.00000E+00 -2.80000E+00 -2.60000E+00 -2.40000E+00 -2.20000E+00
#          -2.00000E+00 -1.80000E+00 -1.60000E+00 -1.40000E+00 -1.20000E+00
#          -1.00000E+00 -8.00000E-01 -6.00000E-01 -4.00000E-01 -2.00000E-01
#           0.00000E+00  2.00000E-01  4.00000E-01  6.00000E-01  8.00000E-01
#           1.00000E+00  1.20000E+00  1.40000E+00  1.60000E+00  1.80000E+00
#           2.00000E+00  2.20000E+00  2.40000E+00  2.60000E+00  2.80000E+00
#           3.00000E+00  3.20000E+00  3.40000E+00  3.60000E+00  3.80000E+00
#           4.00000E+00  4.20000E+00  4.40000E+00  4.60000E+00  4.80000E+00
#           5.00000E+00  5.20000E+00  5.40000E+00  5.60000E+00  5.80000E+00
#           6.00000E+00
   z-type =    1            # z-mesh is given by the below data
       nz =      1          # number of z-mesh points
#    data = ( z(i), i = 1, nz + 1 )
            9.84600E+01  9.84800E+01
   e-type =    1            # e-mesh is given by the below data
       ne =      1          # number of e-mesh points
#    data = ( e(i), i = 1, ne + 1 )
            0.00000E+00  1.00000E+03
     unit =    1            # unit is [1/cm^2/source]
 material =  all            # (D=all) number of specific material
  2D-type =    3            # 1:Cont, 2:Clust, 3:Color, 4:xyz, 5:mat, 6:Clust+Cont, 7:Col+Cont
     axis =      xy            # axis of output
     file = track_xy_M0.out  # file name of output for the above axis
     part =  proton   
# kf/name :  2212     
    gshow =    1            # 0: no 1:bnd, 2:bnd+mat, 3:bnd+reg 4:bnd+lat 5:bmp style
    resol =    1            # (D=1) resolution of gshow or rshow
    width = 0.5000000       # (D=0.5) width of lines for gshow or rshow
   epsout =    1            # (D=0) generate eps file by ANGEL
#    used :        main (  %)        temp (  %)       total (  %)
#  memory :          95 (  0)           0 (  0)          95 (  0)

#------------------------------------------------------------------------------
#newpage:
#   no. =  1   ie  =  1   iz  =  1   part. = proton  
#   e = (   0.0000E+00  -   1.0000E+03  )
#   z = (   9.8460E+01  -   9.8480E+01  )

'no. =  1,  ie =  1,  iz =  1'
msuc: {\huge [t-track] in xyz mesh}
msdr: {\it plotted by \ANGEL \version}
msdl: {\it calculated by \PHITS  3.35}

x: x [cm]
y: y [cm]
set: c1[ 1.500] c2[ 0.735] c5[ 0.800] c6[ 0.847] c7[ 0.333] c8[ 0.000]
p: h2fs form[c1] xfac[c2] afac[c5] scal[c6] xorg[c7] yorg[c8] nosp
p: xmin( -4.000000    ) xmax(  4.000000    )
p: ymin( -6.000000    ) ymax(  6.000000    )
#  ny =  60   nx =  25
# ( ( data(x,y), x = 1, nx ), y = ny, 1, -1 )

#------------------------------------------------------------------------------
# gshow
#------------------------------------------------------------------------------

p: legs[c5*0.875]

h: x ny1,0  y2=[y1](Air),ic[cyan]
 -1.000000E+00 -1.000000E+00

hb:   line clip z   cb(cyan)
frame:
 -3.9999905E+00 -5.9999723E+00
  4.0000095E+00 -5.9999723E+00
  4.0000095E+00  6.0000277E+00
 -3.9999905E+00  6.0000277E+00
clip:
 -4.30768243E+00 -6.19669316E+00
 -2.62100000E+00 -6.19669316E+00
 -2.62100000E+00 -6.01195011E+00
 -2.62100000E+00 -5.99013579E+00
 -2.62100000E+00 -5.80539273E+00
 -2.62100000E+00 -5.78357841E+00
 -2.62100000E+00 -5.59883535E+00
 -2.62100000E+00 -5.57702103E+00
 -2.62100000E+00 -5.39227798E+00
 -2.62100000E+00 -5.37046366E+00
 -2.62100000E+00 -5.18572060E+00
 -2.62100000E+00 -5.16390628E+00
 -2.62100000E+00 -4.97916322E+00
 -2.62100000E+00 -4.95734890E+00
 -2.62100000E+00 -4.77260585E+00
 -2.62100000E+00 -4.75079152E+00
 -2.62100000E+00 -4.56604847E+00
 -2.62100000E+00 -4.54423415E+00
 -2.62100000E+00 -4.35949109E+00
 -2.62100000E+00 -4.33767677E+00
 -2.62100000E+00 -4.15293371E+00
 -2.62100000E+00 -4.13111939E+00
 -2.62100000E+00 -3.94637634E+00
 -2.62100000E+00 -3.92456202E+00
 -2.62100000E+00 -3.73981896E+00
 -2.62100000E+00 -3.71800464E+00
 -2.62100000E+00 -3.53326158E+00
 -2.62100000E+00 -3.51144726E+00
 -2.62100000E+00 -3.32670421E+00
 -2.62100000E+00 -3.30488988E+00
 -2.62100000E+00 -3.12014683E+00
 -2.62100000E+00 -3.09833251E+00
 -2.62100000E+00 -2.91358945E+00
 -2.62100000E+00 -2.89177513E+00
 -2.62100000E+00 -2.70703207E+00
 -2.62100000E+00 -2.68521775E+00
 -2.62100000E+00 -2.50047470E+00
 -2.62100000E+00 -2.47866038E+00
 -2.62100000E+00 -2.29391732E+00
 -2.62100000E+00 -2.27210300E+00
 -2.62100000E+00 -2.08735994E+00
 -2.62100000E+00 -2.06554562E+00
 -2.62100000E+00 -1.88080257E+00
 -2.62100000E+00 -1.85898825E+00
 -2.62100000E+00 -1.67424519E+00
 -2.58460551E+00 -1.46850000E+00
 -2.54685598E+00 -1.46850000E+00
 -2.23999012E+00 -1.46850000E+00
 -2.20224060E+00 -1.46850000E+00
 -1.89537474E+00 -1.46850000E+00
 -1.58600000E+00 -1.44587349E+00
 -1.58600000E+00 -1.26043884E+00
 -1.58600000E+00  2.68527405E+00
 -1.55075935E+00  2.81850000E+00
 -1.42841496E+00  2.81850000E+00
 -1.20614397E+00  2.81850000E+00
 -1.08379957E+00  2.81850000E+00
 -8.61528585E-01  2.81850000E+00
 -7.39184187E-01  2.81850000E+00
 -5.16913200E-01  2.81850000E+00
 -3.94568803E-01  2.81850000E+00
 -1.72297816E-01  2.81850000E+00
 -4.99534182E-02  2.81850000E+00
  1.72317569E-01  2.81850000E+00
  2.94661966E-01  2.81850000E+00
  5.16932953E-01  2.81850000E+00
  6.39277351E-01  2.81850000E+00
  8.61548338E-01  2.81850000E+00
  9.83892736E-01  2.81850000E+00
  1.20616372E+00  2.81850000E+00
  1.32850812E+00  2.81850000E+00
  1.55077911E+00  2.81850000E+00
  1.58600000E+00  2.68527405E+00
  1.58600000E+00  2.49982756E+00
  1.58600000E+00  2.47871667E+00
  1.58600000E+00  2.29327018E+00
  1.58600000E+00  2.27215930E+00
  1.58600000E+00  2.08671280E+00
  1.58600000E+00  2.06560192E+00
  1.58600000E+00  1.88015543E+00
  1.58600000E+00  1.85904454E+00
  1.58600000E+00  1.67359805E+00
  1.58600000E+00  1.65248716E+00
  1.58600000E+00  1.46704067E+00
  1.58600000E+00  1.44592979E+00
  1.58600000E+00  1.26048329E+00
  1.58600000E+00  1.23937241E+00
  1.58600000E+00  1.05392592E+00
  1.58600000E+00  1.03281503E+00
  1.58600000E+00  8.47368540E-01
  1.58600000E+00  8.26257656E-01
  1.58600000E+00  6.40811163E-01
  1.58600000E+00  6.19700279E-01
  1.58600000E+00  4.34253786E-01
  1.58600000E+00  4.13142902E-01
  1.58600000E+00  2.27696409E-01
  1.58600000E+00  2.06585525E-01
  1.58600000E+00  2.11390316E-02
  1.58600000E+00  2.81481468E-05
  1.58600000E+00 -1.85418345E-01
  1.58600000E+00 -2.06529229E-01
  1.58600000E+00 -3.91975723E-01
  1.58600000E+00 -4.13086606E-01
  1.58600000E+00 -5.98533100E-01
  1.58600000E+00 -6.19643983E-01
  1.58600000E+00 -8.05090477E-01
  1.58600000E+00 -8.26201360E-01
  1.58600000E+00 -1.01164785E+00
  1.58600000E+00 -1.03275874E+00
  1.58600000E+00 -1.21820523E+00
  1.58600000E+00 -1.23931611E+00
  1.58600000E+00 -1.42476261E+00
  1.58600000E+00 -1.44587349E+00
  1.85764497E+00 -1.46850000E+00
  1.89539449E+00 -1.46850000E+00
  1.93314402E+00 -1.46850000E+00
  2.24000988E+00 -1.46850000E+00
  2.27775940E+00 -1.46850000E+00
  2.58462526E+00 -1.46850000E+00
  2.60900000E+00 -1.65243087E+00
  2.60900000E+00 -1.84437839E+00
  2.60900000E+00 -1.85898825E+00
  2.60900000E+00 -2.05093576E+00
  2.60900000E+00 -2.06554562E+00
  2.60900000E+00 -2.25749314E+00
  2.60900000E+00 -2.27210300E+00
  2.60900000E+00 -2.46405052E+00
  2.60900000E+00 -2.47866038E+00
  2.60900000E+00 -2.67060789E+00
  2.60900000E+00 -2.68521775E+00
  2.60900000E+00 -2.87716527E+00
  2.60900000E+00 -2.89177513E+00
  2.60900000E+00 -3.08372265E+00
  2.60900000E+00 -3.09833251E+00
  2.60900000E+00 -3.29028003E+00
  2.60900000E+00 -3.30488988E+00
  2.60900000E+00 -3.49683740E+00
  2.60900000E+00 -3.51144726E+00
  2.60900000E+00 -3.70339478E+00
  2.60900000E+00 -3.71800464E+00
  2.60900000E+00 -3.90995216E+00
  2.60900000E+00 -3.92456202E+00
  2.60900000E+00 -4.11650953E+00
  2.60900000E+00 -4.13111939E+00
  2.60900000E+00 -4.32306691E+00
  2.60900000E+00 -4.33767677E+00
  2.60900000E+00 -4.52962429E+00
  2.60900000E+00 -4.54423415E+00
  2.60900000E+00 -4.73618167E+00
  2.60900000E+00 -4.75079152E+00
  2.60900000E+00 -4.94273904E+00
  2.60900000E+00 -4.95734890E+00
  2.60900000E+00 -5.14929642E+00
  2.60900000E+00 -5.16390628E+00
  2.60900000E+00 -5.35585380E+00
  2.60900000E+00 -5.37046366E+00
  2.60900000E+00 -5.56241117E+00
  2.60900000E+00 -5.57702103E+00
  2.60900000E+00 -5.76896855E+00
  2.60900000E+00 -5.78357841E+00
  2.60900000E+00 -5.97552593E+00
  2.60900000E+00 -5.99013579E+00
  2.60900000E+00 -6.18208330E+00
  2.60900000E+00 -6.19669316E+00
  2.92924065E+00 -6.19669316E+00
  3.27385603E+00 -6.19669316E+00
  3.61847142E+00 -6.19669316E+00
  3.96308680E+00 -6.19669316E+00
  4.30770218E+00 -5.99013579E+00
  4.30770218E+00  6.19674946E+00
  3.96308680E+00  6.19674946E+00
  3.61847142E+00  6.19674946E+00
  3.27385603E+00  6.19674946E+00
  2.92924065E+00  6.19674946E+00
  2.58462526E+00  6.19674946E+00
  2.24000988E+00  6.19674946E+00
  1.89539449E+00  6.19674946E+00
  1.55077911E+00  6.19674946E+00
  1.20616372E+00  6.19674946E+00
  8.61548338E-01  6.19674946E+00
  5.16932953E-01  6.19674946E+00
  1.72317569E-01  6.19674946E+00
 -1.72297816E-01  6.19674946E+00
 -5.16913200E-01  6.19674946E+00
 -8.61528585E-01  6.19674946E+00
 -1.20614397E+00  6.19674946E+00
 -1.55075935E+00  6.19674946E+00
 -1.89537474E+00  6.19674946E+00
 -2.23999012E+00  6.19674946E+00
 -2.58460551E+00  6.19674946E+00
 -2.92922089E+00  6.19674946E+00
 -3.27383628E+00  6.19674946E+00
 -3.61845166E+00  6.19674946E+00
 -3.96306705E+00  6.19674946E+00
 -4.30768243E+00  6.19674946E+00
 -4.30768243E+00  5.99019208E+00
 -4.30768243E+00  5.78363471E+00
 -4.30768243E+00  5.57707733E+00
 -4.30768243E+00  5.37051995E+00
 -4.30768243E+00  5.16396257E+00
 -4.30768243E+00  4.95740520E+00
 -4.30768243E+00  4.75084782E+00
 -4.30768243E+00  4.54429044E+00
 -4.30768243E+00  4.33773307E+00
 -4.30768243E+00  4.13117569E+00
 -4.30768243E+00  3.92461831E+00
 -4.30768243E+00  3.71806094E+00
 -4.30768243E+00  3.51150356E+00
 -4.30768243E+00  3.30494618E+00
 -4.30768243E+00  3.09838880E+00
 -4.30768243E+00  2.89183143E+00
 -4.30768243E+00  2.68527405E+00
 -4.30768243E+00  2.47871667E+00
 -4.30768243E+00  2.27215930E+00
 -4.30768243E+00  2.06560192E+00
 -4.30768243E+00  1.85904454E+00
 -4.30768243E+00  1.65248716E+00
 -4.30768243E+00  1.44592979E+00
 -4.30768243E+00  1.23937241E+00
 -4.30768243E+00  1.03281503E+00
 -4.30768243E+00  8.26257656E-01
 -4.30768243E+00  6.19700279E-01
 -4.30768243E+00  4.13142902E-01
 -4.30768243E+00  2.06585525E-01
 -4.30768243E+00  2.81481468E-05
 -4.30768243E+00 -2.06529229E-01
 -4.30768243E+00 -4.13086606E-01
 -4.30768243E+00 -6.19643983E-01
 -4.30768243E+00 -8.26201360E-01
 -4.30768243E+00 -1.03275874E+00
 -4.30768243E+00 -1.23931611E+00
 -4.30768243E+00 -1.44587349E+00
 -4.30768243E+00 -1.65243087E+00
 -4.30768243E+00 -1.85898825E+00
 -4.30768243E+00 -2.06554562E+00
 -4.30768243E+00 -2.27210300E+00
 -4.30768243E+00 -2.47866038E+00
 -4.30768243E+00 -2.68521775E+00
 -4.30768243E+00 -2.89177513E+00
 -4.30768243E+00 -3.09833251E+00
 -4.30768243E+00 -3.30488988E+00
 -4.30768243E+00 -3.51144726E+00
 -4.30768243E+00 -3.71800464E+00
 -4.30768243E+00 -3.92456202E+00
 -4.30768243E+00 -4.13111939E+00
 -4.30768243E+00 -4.33767677E+00
 -4.30768243E+00 -4.54423415E+00
 -4.30768243E+00 -4.75079152E+00
 -4.30768243E+00 -4.95734890E+00
 -4.30768243E+00 -5.16390628E+00
 -4.30768243E+00 -5.37046366E+00
 -4.30768243E+00 -5.57702103E+00
 -4.30768243E+00 -5.78357841E+00
 -4.30768243E+00 -5.99013579E+00
 -4.30768243E+00 -6.19669316E+00

h: x ny1,0  y2=[y1](acrilico),ic[white]
 -1.000000E+00 -1.000000E+00

hb:   line clip z   cb(white)
frame:
 -3.9999905E+00 -5.9999723E+00
  4.0000095E+00 -5.9999723E+00
  4.0000095E+00  6.0000277E+00
 -3.9999905E+00  6.0000277E+00
clip:
 -2.58460551E+00 -6.19669316E+00
 -2.37100000E+00 -6.19669316E+00
 -2.37100000E+00 -6.06866117E+00
 -2.37100000E+00 -5.99013579E+00
 -2.37100000E+00 -5.86210380E+00
 -2.37100000E+00 -5.78357841E+00
 -2.37100000E+00 -5.65554642E+00
 -2.37100000E+00 -5.57702103E+00
 -2.37100000E+00 -5.44898904E+00
 -2.37100000E+00 -5.37046366E+00
 -2.37100000E+00 -5.24243167E+00
 -2.37100000E+00 -5.16390628E+00
 -2.37100000E+00 -5.03587429E+00
 -2.37100000E+00 -4.95734890E+00
 -2.37100000E+00 -4.82931691E+00
 -2.37100000E+00 -4.75079152E+00
 -2.37100000E+00 -4.62275953E+00
 -2.37100000E+00 -4.54423415E+00
 -2.37100000E+00 -4.41620216E+00
 -2.37100000E+00 -4.33767677E+00
 -2.37100000E+00 -4.20964478E+00
 -2.37100000E+00 -4.13111939E+00
 -2.37100000E+00 -4.00308740E+00
 -2.37100000E+00 -3.92456202E+00
 -2.37100000E+00 -3.79653003E+00
 -2.37100000E+00 -3.71800464E+00
 -2.37100000E+00 -3.58997265E+00
 -2.37100000E+00 -3.51144726E+00
 -2.37100000E+00 -3.38341527E+00
 -2.37100000E+00 -3.30488988E+00
 -2.37100000E+00 -3.17685789E+00
 -2.37100000E+00 -3.09833251E+00
 -2.37100000E+00 -2.97030052E+00
 -2.37100000E+00 -2.89177513E+00
 -2.37100000E+00 -2.76374314E+00
 -2.37100000E+00 -2.68521775E+00
 -2.37100000E+00 -2.55718576E+00
 -2.37100000E+00 -2.47866038E+00
 -2.37100000E+00 -2.35062839E+00
 -2.37100000E+00 -2.27210300E+00
 -2.37100000E+00 -2.14407101E+00
 -2.37100000E+00 -2.06554562E+00
 -2.37100000E+00 -1.93751363E+00
 -2.37100000E+00 -1.85898825E+00
 -2.23999012E+00 -1.71850000E+00
 -1.55075935E+00 -1.71850000E+00
 -1.48600000E+00 -1.69124667E+00
 -1.48600000E+00 -1.65243087E+00
 -1.48600000E+00 -1.61361507E+00
 -1.55075935E+00 -1.46850000E+00
 -1.85762521E+00 -1.46850000E+00
 -1.89537474E+00 -1.46850000E+00
 -2.20224060E+00 -1.46850000E+00
 -2.23999012E+00 -1.46850000E+00
 -2.54685598E+00 -1.46850000E+00
 -2.58460551E+00 -1.46850000E+00
 -2.62100000E+00 -1.63061655E+00
 -2.62100000E+00 -1.65243087E+00
 -2.62100000E+00 -1.67424519E+00
 -2.62100000E+00 -1.85898825E+00
 -2.62100000E+00 -1.88080257E+00
 -2.62100000E+00 -2.06554562E+00
 -2.62100000E+00 -2.08735994E+00
 -2.62100000E+00 -2.27210300E+00
 -2.62100000E+00 -2.29391732E+00
 -2.62100000E+00 -2.47866038E+00
 -2.62100000E+00 -2.50047470E+00
 -2.62100000E+00 -2.68521775E+00
 -2.62100000E+00 -2.70703207E+00
 -2.62100000E+00 -2.89177513E+00
 -2.62100000E+00 -2.91358945E+00
 -2.62100000E+00 -3.09833251E+00
 -2.62100000E+00 -3.12014683E+00
 -2.62100000E+00 -3.30488988E+00
 -2.62100000E+00 -3.32670421E+00
 -2.62100000E+00 -3.51144726E+00
 -2.62100000E+00 -3.53326158E+00
 -2.62100000E+00 -3.71800464E+00
 -2.62100000E+00 -3.73981896E+00
 -2.62100000E+00 -3.92456202E+00
 -2.62100000E+00 -3.94637634E+00
 -2.62100000E+00 -4.13111939E+00
 -2.62100000E+00 -4.15293371E+00
 -2.62100000E+00 -4.33767677E+00
 -2.62100000E+00 -4.35949109E+00
 -2.62100000E+00 -4.54423415E+00
 -2.62100000E+00 -4.56604847E+00
 -2.62100000E+00 -4.75079152E+00
 -2.62100000E+00 -4.77260585E+00
 -2.62100000E+00 -4.95734890E+00
 -2.62100000E+00 -4.97916322E+00
 -2.62100000E+00 -5.16390628E+00
 -2.62100000E+00 -5.18572060E+00
 -2.62100000E+00 -5.37046366E+00
 -2.62100000E+00 -5.39227798E+00
 -2.62100000E+00 -5.57702103E+00
 -2.62100000E+00 -5.59883535E+00
 -2.62100000E+00 -5.78357841E+00
 -2.62100000E+00 -5.80539273E+00
 -2.62100000E+00 -5.99013579E+00
 -2.62100000E+00 -6.01195011E+00
 -2.62100000E+00 -6.19669316E+00

hb:   line clip z   cb(cyan)
frame:
 -3.9999905E+00 -5.9999723E+00
  4.0000095E+00 -5.9999723E+00
  4.0000095E+00  6.0000277E+00
 -3.9999905E+00  6.0000277E+00
clip:
 -2.23999012E+00 -6.19669316E+00
 -1.93806255E+00 -6.19669316E+00
 -1.92270764E+00 -6.00651873E+00
 -1.87853962E+00 -5.56693031E+00
 -1.82677719E+00 -5.16390628E+00
 -1.78517135E+00 -4.89129462E+00
 -1.72381024E+00 -4.54423415E+00
 -1.68244173E+00 -4.33767677E+00
 -1.63712243E+00 -4.13111939E+00
 -1.58751275E+00 -3.92456202E+00
 -1.52971394E+00 -3.70539033E+00
 -1.45633136E+00 -3.45484852E+00
 -1.37155683E+00 -3.19747854E+00
 -1.27177489E+00 -2.93111334E+00
 -1.20614397E+00 -2.77440055E+00
 -1.15057238E+00 -2.65190896E+00
 -1.06432931E+00 -2.47866038E+00
 -9.94180581E-01 -2.35161265E+00
 -8.61528585E-01 -2.14210511E+00
 -8.06076780E-01 -2.06554562E+00
 -6.27234116E-01 -1.85898825E+00
 -6.27141359E-01 -1.71850000E+00
 -8.61528585E-01 -1.71850000E+00
 -1.09591581E+00 -1.71850000E+00
 -1.20614397E+00 -1.71850000E+00
 -1.44053120E+00 -1.71850000E+00
 -1.55075935E+00 -1.71850000E+00
 -1.78514658E+00 -1.71850000E+00
 -1.89537474E+00 -1.71850000E+00
 -2.12976197E+00 -1.71850000E+00
 -2.23999012E+00 -1.71850000E+00
 -2.37100000E+00 -1.78046286E+00
 -2.37100000E+00 -1.85898825E+00
 -2.37100000E+00 -1.93751363E+00
 -2.37100000E+00 -2.06554562E+00
 -2.37100000E+00 -2.14407101E+00
 -2.37100000E+00 -2.27210300E+00
 -2.37100000E+00 -2.35062839E+00
 -2.37100000E+00 -2.47866038E+00
 -2.37100000E+00 -2.55718576E+00
 -2.37100000E+00 -2.68521775E+00
 -2.37100000E+00 -2.76374314E+00
 -2.37100000E+00 -2.89177513E+00
 -2.37100000E+00 -2.97030052E+00
 -2.37100000E+00 -3.09833251E+00
 -2.37100000E+00 -3.17685789E+00
 -2.37100000E+00 -3.30488988E+00
 -2.37100000E+00 -3.38341527E+00
 -2.37100000E+00 -3.51144726E+00
 -2.37100000E+00 -3.58997265E+00
 -2.37100000E+00 -3.71800464E+00
 -2.37100000E+00 -3.79653003E+00
 -2.37100000E+00 -3.92456202E+00
 -2.37100000E+00 -4.00308740E+00
 -2.37100000E+00 -4.13111939E+00
 -2.37100000E+00 -4.20964478E+00
 -2.37100000E+00 -4.33767677E+00
 -2.37100000E+00 -4.41620216E+00
 -2.37100000E+00 -4.54423415E+00
 -2.37100000E+00 -4.62275953E+00
 -2.37100000E+00 -4.75079152E+00
 -2.37100000E+00 -4.82931691E+00
 -2.37100000E+00 -4.95734890E+00
 -2.37100000E+00 -5.03587429E+00
 -2.37100000E+00 -5.16390628E+00
 -2.37100000E+00 -5.24243167E+00
 -2.37100000E+00 -5.37046366E+00
 -2.37100000E+00 -5.44898904E+00
 -2.37100000E+00 -5.57702103E+00
 -2.37100000E+00 -5.65554642E+00
 -2.37100000E+00 -5.78357841E+00
 -2.37100000E+00 -5.86210380E+00
 -2.37100000E+00 -5.99013579E+00
 -2.37100000E+00 -6.06866117E+00
 -2.37100000E+00 -6.19669316E+00

h: x ny1,0  y2=[y1](skin),ic[brown]
 -1.000000E+00 -1.000000E+00

hb:   line clip z   cb(brown)
frame:
 -3.9999905E+00 -5.9999723E+00
  4.0000095E+00 -5.9999723E+00
  4.0000095E+00  6.0000277E+00
 -3.9999905E+00  6.0000277E+00
clip:
 -1.89537474E+00 -6.19669316E+00
  1.92606255E+00 -6.19669316E+00
  1.92473507E+00 -6.17910685E+00
  1.90928095E+00 -5.99013579E+00
  1.90858642E+00 -5.98222874E+00
  1.89539449E+00 -5.83967144E+00
  1.88985211E+00 -5.78357841E+00
  1.86945842E+00 -5.59256673E+00
  1.86769368E+00 -5.57702103E+00
  1.84643389E+00 -5.39980992E+00
  1.84270751E+00 -5.37046366E+00
  1.82105765E+00 -5.20846269E+00
  1.81477719E+00 -5.16390628E+00
  1.79328433E+00 -5.01855222E+00
  1.78376490E+00 -4.95734890E+00
  1.76305807E+00 -4.83011202E+00
  1.74950730E+00 -4.75079152E+00
  1.73031135E+00 -4.64318254E+00
  1.71181024E+00 -4.54423415E+00
  1.69496355E+00 -4.45781212E+00
  1.67044173E+00 -4.33767677E+00
  1.65691907E+00 -4.27405804E+00
  1.62512243E+00 -4.13111939E+00
  1.61606501E+00 -4.09198798E+00
  1.57551275E+00 -3.92456202E+00
  1.57226813E+00 -3.91168181E+00
  1.55077911E+00 -3.82816812E+00
  1.52119464E+00 -3.71800464E+00
  1.47518677E+00 -3.55675619E+00
  1.46164540E+00 -3.51144726E+00
  1.42149288E+00 -3.38238214E+00
  1.39619872E+00 -3.30488988E+00
  1.36402169E+00 -3.21027215E+00
  1.32398427E+00 -3.09833251E+00
  1.30244851E+00 -3.04062083E+00
  1.24382948E+00 -2.89177513E+00
  1.23637434E+00 -2.87366733E+00
  1.20616372E+00 -2.80209280E+00
  1.15408965E+00 -2.68521775E+00
  1.08859640E+00 -2.54912850E+00
  1.05232931E+00 -2.47866038E+00
  1.00543448E+00 -2.39241714E+00
  9.34655387E-01 -2.27210300E+00
  9.14707763E-01 -2.24024002E+00
  8.61548338E-01 -2.15952821E+00
  7.94076780E-01 -2.06554562E+00
  7.03637323E-01 -1.95363778E+00
  6.15234116E-01 -1.85898825E+00
  5.77398720E-01 -1.82274596E+00
  5.16932953E-01 -1.76996770E+00
  3.43656230E-01 -1.65243087E+00
  2.46891074E-01 -1.60773261E+00
  1.72317569E-01 -1.58322506E+00
  7.68209561E-02 -1.59519161E+00
 -1.72297816E-01 -1.58007556E+00
 -2.51539225E-01 -1.60493474E+00
 -3.55656230E-01 -1.65243087E+00
 -5.16913200E-01 -1.76021696E+00
 -5.84659320E-01 -1.81838222E+00
 -6.27234116E-01 -1.85898825E+00
 -7.57029261E-01 -2.00291027E+00
 -8.06076780E-01 -2.06554562E+00
 -8.61528585E-01 -2.14210511E+00
 -9.23389560E-01 -2.23502444E+00
 -9.46655387E-01 -2.27210300E+00
 -9.94180581E-01 -2.35161265E+00
 -1.06432931E+00 -2.47866038E+00
 -1.15057238E+00 -2.65190896E+00
 -1.16608965E+00 -2.68521775E+00
 -1.20614397E+00 -2.77440055E+00
 -1.24598278E+00 -2.86789633E+00
 -1.25582948E+00 -2.89177513E+00
 -1.27177489E+00 -2.93111334E+00
 -1.33598427E+00 -3.09833251E+00
 -1.37155683E+00 -3.19747854E+00
 -1.40819872E+00 -3.30488988E+00
 -1.45633136E+00 -3.45484852E+00
 -1.47364540E+00 -3.51144726E+00
 -1.52971394E+00 -3.70539033E+00
 -1.53319464E+00 -3.71800464E+00
 -1.55075935E+00 -3.78276085E+00
 -1.58268559E+00 -3.90542590E+00
 -1.58751275E+00 -3.92456202E+00
 -1.59398399E+00 -3.95047023E+00
 -1.63712243E+00 -4.13111939E+00
 -1.65068924E+00 -4.19101589E+00
 -1.68244173E+00 -4.33767677E+00
 -1.70093755E+00 -4.42769137E+00
 -1.72381024E+00 -4.54423415E+00
 -1.74555385E+00 -4.66099110E+00
 -1.76150730E+00 -4.75079152E+00
 -1.78517135E+00 -4.89129462E+00
 -1.79576490E+00 -4.95734890E+00
 -1.82028787E+00 -5.11890032E+00
 -1.82677719E+00 -5.16390628E+00
 -1.85130239E+00 -5.34404734E+00
 -1.85470751E+00 -5.37046366E+00
 -1.87853962E+00 -5.56693031E+00
 -1.87969368E+00 -5.57702103E+00
 -1.89537474E+00 -5.72045851E+00
 -1.90148336E+00 -5.77991699E+00
 -1.90185211E+00 -5.78357841E+00
 -1.90226714E+00 -5.78770961E+00
 -1.92128095E+00 -5.99013579E+00
 -1.92270764E+00 -6.00651873E+00
 -1.93806255E+00 -6.19669316E+00

hb:   line clip z   cb(cyan)
frame:
 -3.9999905E+00 -5.9999723E+00
  4.0000095E+00 -5.9999723E+00
  4.0000095E+00  6.0000277E+00
 -3.9999905E+00  6.0000277E+00
clip:
  2.24000988E+00 -6.19669316E+00
  2.35900000E+00 -6.19669316E+00
  2.35900000E+00 -6.12537224E+00
  2.35900000E+00 -5.99013579E+00
  2.35900000E+00 -5.91881486E+00
  2.35900000E+00 -5.78357841E+00
  2.35900000E+00 -5.71225748E+00
  2.35900000E+00 -5.57702103E+00
  2.35900000E+00 -5.50570011E+00
  2.35900000E+00 -5.37046366E+00
  2.35900000E+00 -5.29914273E+00
  2.35900000E+00 -5.16390628E+00
  2.35900000E+00 -5.09258535E+00
  2.35900000E+00 -4.95734890E+00
  2.35900000E+00 -4.88602798E+00
  2.35900000E+00 -4.75079152E+00
  2.35900000E+00 -4.67947060E+00
  2.35900000E+00 -4.54423415E+00
  2.35900000E+00 -4.47291322E+00
  2.35900000E+00 -4.33767677E+00
  2.35900000E+00 -4.26635585E+00
  2.35900000E+00 -4.13111939E+00
  2.35900000E+00 -4.05979847E+00
  2.35900000E+00 -3.92456202E+00
  2.35900000E+00 -3.85324109E+00
  2.35900000E+00 -3.71800464E+00
  2.35900000E+00 -3.64668371E+00
  2.35900000E+00 -3.51144726E+00
  2.35900000E+00 -3.44012634E+00
  2.35900000E+00 -3.30488988E+00
  2.35900000E+00 -3.23356896E+00
  2.35900000E+00 -3.09833251E+00
  2.35900000E+00 -3.02701158E+00
  2.35900000E+00 -2.89177513E+00
  2.35900000E+00 -2.82045421E+00
  2.35900000E+00 -2.68521775E+00
  2.35900000E+00 -2.61389683E+00
  2.35900000E+00 -2.47866038E+00
  2.35900000E+00 -2.40733945E+00
  2.35900000E+00 -2.27210300E+00
  2.35900000E+00 -2.20078207E+00
  2.35900000E+00 -2.06554562E+00
  2.35900000E+00 -1.99422470E+00
  2.35900000E+00 -1.85898825E+00
  2.35900000E+00 -1.78766732E+00
  2.24000988E+00 -1.71850000E+00
  2.00562265E+00 -1.71850000E+00
  1.89539449E+00 -1.71850000E+00
  1.66100727E+00 -1.71850000E+00
  1.55077911E+00 -1.71850000E+00
  1.31639188E+00 -1.71850000E+00
  1.20616372E+00 -1.71850000E+00
  9.71776496E-01 -1.71850000E+00
  8.61548338E-01 -1.71850000E+00
  6.27161112E-01 -1.71850000E+00
  6.15234116E-01 -1.85898825E+00
  7.03637323E-01 -1.95363778E+00
  7.94076780E-01 -2.06554562E+00
  8.61548338E-01 -2.15952821E+00
  9.34655387E-01 -2.27210300E+00
  1.00543448E+00 -2.39241714E+00
  1.08859640E+00 -2.54912850E+00
  1.16530137E+00 -2.70971004E+00
  1.24382948E+00 -2.89177513E+00
  1.32398427E+00 -3.09833251E+00
  1.39619872E+00 -3.30488988E+00
  1.46164540E+00 -3.51144726E+00
  1.52537096E+00 -3.73323391E+00
  1.57551275E+00 -3.92456202E+00
  1.62512243E+00 -4.13111939E+00
  1.67044173E+00 -4.33767677E+00
  1.73031135E+00 -4.64318254E+00
  1.78376490E+00 -4.95734890E+00
  1.82105765E+00 -5.20846269E+00
  1.86945842E+00 -5.59256673E+00
  1.90928095E+00 -5.99013579E+00
  1.92606255E+00 -6.19669316E+00

hb:   line clip z   cb(white)
frame:
 -3.9999905E+00 -5.9999723E+00
  4.0000095E+00 -5.9999723E+00
  4.0000095E+00  6.0000277E+00
 -3.9999905E+00  6.0000277E+00
clip:
  2.58462526E+00 -6.19669316E+00
  2.60900000E+00 -6.19669316E+00
  2.60900000E+00 -6.18208330E+00
  2.60900000E+00 -5.99013579E+00
  2.60900000E+00 -5.97552593E+00
  2.60900000E+00 -5.78357841E+00
  2.60900000E+00 -5.76896855E+00
  2.60900000E+00 -5.57702103E+00
  2.60900000E+00 -5.56241117E+00
  2.60900000E+00 -5.37046366E+00
  2.60900000E+00 -5.35585380E+00
  2.60900000E+00 -5.16390628E+00
  2.60900000E+00 -5.14929642E+00
  2.60900000E+00 -4.95734890E+00
  2.60900000E+00 -4.94273904E+00
  2.60900000E+00 -4.75079152E+00
  2.60900000E+00 -4.73618167E+00
  2.60900000E+00 -4.54423415E+00
  2.60900000E+00 -4.52962429E+00
  2.60900000E+00 -4.33767677E+00
  2.60900000E+00 -4.32306691E+00
  2.60900000E+00 -4.13111939E+00
  2.60900000E+00 -4.11650953E+00
  2.60900000E+00 -3.92456202E+00
  2.60900000E+00 -3.90995216E+00
  2.60900000E+00 -3.71800464E+00
  2.60900000E+00 -3.70339478E+00
  2.60900000E+00 -3.51144726E+00
  2.60900000E+00 -3.49683740E+00
  2.60900000E+00 -3.30488988E+00
  2.60900000E+00 -3.29028003E+00
  2.60900000E+00 -3.09833251E+00
  2.60900000E+00 -3.08372265E+00
  2.60900000E+00 -2.89177513E+00
  2.60900000E+00 -2.87716527E+00
  2.60900000E+00 -2.68521775E+00
  2.60900000E+00 -2.67060789E+00
  2.60900000E+00 -2.47866038E+00
  2.60900000E+00 -2.46405052E+00
  2.60900000E+00 -2.27210300E+00
  2.60900000E+00 -2.25749314E+00
  2.60900000E+00 -2.06554562E+00
  2.60900000E+00 -2.05093576E+00
  2.60900000E+00 -1.85898825E+00
  2.60900000E+00 -1.84437839E+00
  2.60900000E+00 -1.65243087E+00
  2.60900000E+00 -1.63782101E+00
  2.58462526E+00 -1.46850000E+00
  2.27775940E+00 -1.46850000E+00
  2.24000988E+00 -1.46850000E+00
  1.93314402E+00 -1.46850000E+00
  1.89539449E+00 -1.46850000E+00
  1.58852863E+00 -1.46850000E+00
  1.55077911E+00 -1.46850000E+00
  1.48600000E+00 -1.61360323E+00
  1.48600000E+00 -1.65243087E+00
  1.48600000E+00 -1.69125851E+00
  1.55077911E+00 -1.71850000E+00
  1.66100727E+00 -1.71850000E+00
  1.89539449E+00 -1.71850000E+00
  2.00562265E+00 -1.71850000E+00
  2.24000988E+00 -1.71850000E+00
  2.35023803E+00 -1.71850000E+00
  2.35900000E+00 -1.85898825E+00
  2.35900000E+00 -1.99422470E+00
  2.35900000E+00 -2.06554562E+00
  2.35900000E+00 -2.20078207E+00
  2.35900000E+00 -2.27210300E+00
  2.35900000E+00 -2.40733945E+00
  2.35900000E+00 -2.47866038E+00
  2.35900000E+00 -2.61389683E+00
  2.35900000E+00 -2.68521775E+00
  2.35900000E+00 -2.82045421E+00
  2.35900000E+00 -2.89177513E+00
  2.35900000E+00 -3.02701158E+00
  2.35900000E+00 -3.09833251E+00
  2.35900000E+00 -3.23356896E+00
  2.35900000E+00 -3.30488988E+00
  2.35900000E+00 -3.44012634E+00
  2.35900000E+00 -3.51144726E+00
  2.35900000E+00 -3.64668371E+00
  2.35900000E+00 -3.71800464E+00
  2.35900000E+00 -3.85324109E+00
  2.35900000E+00 -3.92456202E+00
  2.35900000E+00 -4.05979847E+00
  2.35900000E+00 -4.13111939E+00
  2.35900000E+00 -4.26635585E+00
  2.35900000E+00 -4.33767677E+00
  2.35900000E+00 -4.47291322E+00
  2.35900000E+00 -4.54423415E+00
  2.35900000E+00 -4.67947060E+00
  2.35900000E+00 -4.75079152E+00
  2.35900000E+00 -4.88602798E+00
  2.35900000E+00 -4.95734890E+00
  2.35900000E+00 -5.09258535E+00
  2.35900000E+00 -5.16390628E+00
  2.35900000E+00 -5.29914273E+00
  2.35900000E+00 -5.37046366E+00
  2.35900000E+00 -5.50570011E+00
  2.35900000E+00 -5.57702103E+00
  2.35900000E+00 -5.71225748E+00
  2.35900000E+00 -5.78357841E+00
  2.35900000E+00 -5.91881486E+00
  2.35900000E+00 -5.99013579E+00
  2.35900000E+00 -6.12537224E+00
  2.35900000E+00 -6.19669316E+00

hb:   line clip z   cb(cyan)
clip:
 -1.31637213E+00 -1.71850000E+00
 -5.16913200E-01 -1.71850000E+00
 -3.55656230E-01 -1.65243087E+00
 -3.03438859E-01 -1.52447750E+00
 -5.16913200E-01 -1.46850000E+00
 -8.23779059E-01 -1.46850000E+00
 -8.61528585E-01 -1.46850000E+00
 -1.16839444E+00 -1.46850000E+00
 -1.20614397E+00 -1.46850000E+00
 -1.48600000E+00 -1.48468929E+00
 -1.48600000E+00 -1.65243087E+00

hb:   line clip z   cb(cyan)
clip:
  4.29739537E-01 -1.70469332E+00
  5.16932953E-01 -1.71850000E+00
  6.27161112E-01 -1.71850000E+00
  8.61548338E-01 -1.71850000E+00
  9.71776496E-01 -1.71850000E+00
  1.20616372E+00 -1.71850000E+00
  1.31639188E+00 -1.71850000E+00
  1.48600000E+00 -1.65243087E+00
  1.48600000E+00 -1.48470113E+00
  1.20616372E+00 -1.46850000E+00
  8.99297864E-01 -1.46850000E+00
  8.61548338E-01 -1.46850000E+00
  5.54682479E-01 -1.46850000E+00
  5.16932953E-01 -1.46850000E+00
  3.03449535E-01 -1.52447206E+00
  3.43656230E-01 -1.65243087E+00

hb:   line clip z   cb(white)
clip:
 -1.58600000E+00 -1.46699621E+00
 -1.55075935E+00 -1.46850000E+00
 -1.51300983E+00 -1.46850000E+00
 -1.48600000E+00 -1.44587349E+00
 -1.48600000E+00 -1.40705769E+00
 -1.48600000E+00 -1.23931611E+00
 -1.48600000E+00 -1.20050031E+00
 -1.48600000E+00 -1.03275874E+00
 -1.48600000E+00 -9.93942936E-01
 -1.48600000E+00 -8.26201360E-01
 -1.48600000E+00 -7.87385559E-01
 -1.48600000E+00 -6.19643983E-01
 -1.48600000E+00 -5.80828182E-01
 -1.48600000E+00 -4.13086606E-01
 -1.48600000E+00 -3.74270804E-01
 -1.48600000E+00 -2.06529229E-01
 -1.48600000E+00 -1.67713427E-01
 -1.48600000E+00  2.81481468E-05
 -1.48600000E+00  3.88439496E-02
 -1.48600000E+00  2.06585525E-01
 -1.48600000E+00  2.45401327E-01
 -1.48600000E+00  4.13142902E-01
 -1.48600000E+00  4.51958704E-01
 -1.48600000E+00  6.19700279E-01
 -1.48600000E+00  6.58516081E-01
 -1.48600000E+00  8.26257656E-01
 -1.48600000E+00  8.65073458E-01
 -1.48600000E+00  1.03281503E+00
 -1.48600000E+00  1.07163083E+00
 -1.48600000E+00  1.23937241E+00
 -1.48600000E+00  1.27818821E+00
 -1.48600000E+00  1.44592979E+00
 -1.48600000E+00  1.48474559E+00
 -1.48600000E+00  1.65248716E+00
 -1.48600000E+00  1.69130297E+00
 -1.48600000E+00  1.85904454E+00
 -1.48600000E+00  1.89786034E+00
 -1.48600000E+00  2.06560192E+00
 -1.48600000E+00  2.10441772E+00
 -1.48600000E+00  2.27215930E+00
 -1.48600000E+00  2.31097510E+00
 -1.48600000E+00  2.47871667E+00
 -1.48600000E+00  2.51753247E+00
 -1.48600000E+00  2.68527405E+00
 -1.49532597E+00  2.71850000E+00
 -1.55075935E+00  2.71850000E+00
 -1.58600000E+00  2.70639677E+00
 -1.58600000E+00  2.68527405E+00
 -1.58600000E+00  2.66415133E+00
 -1.58600000E+00  2.47871667E+00
 -1.58600000E+00  2.45759395E+00
 -1.58600000E+00  2.27215930E+00
 -1.58600000E+00  2.25103657E+00
 -1.58600000E+00  2.06560192E+00
 -1.58600000E+00  2.04447920E+00
 -1.58600000E+00  1.85904454E+00
 -1.58600000E+00  1.83792182E+00
 -1.58600000E+00  1.65248716E+00
 -1.58600000E+00  1.63136444E+00
 -1.58600000E+00  1.44592979E+00
 -1.58600000E+00  1.42480706E+00
 -1.58600000E+00  1.23937241E+00
 -1.58600000E+00  1.21824969E+00
 -1.58600000E+00  1.03281503E+00
 -1.58600000E+00  1.01169231E+00
 -1.58600000E+00  8.26257656E-01
 -1.58600000E+00  8.05134933E-01
 -1.58600000E+00  6.19700279E-01
 -1.58600000E+00  5.98577556E-01
 -1.58600000E+00  4.13142902E-01
 -1.58600000E+00  3.92020179E-01
 -1.58600000E+00  2.06585525E-01
 -1.58600000E+00  1.85462802E-01
 -1.58600000E+00  2.81481468E-05
 -1.58600000E+00 -2.10945750E-02
 -1.58600000E+00 -2.06529229E-01
 -1.58600000E+00 -2.27651952E-01
 -1.58600000E+00 -4.13086606E-01
 -1.58600000E+00 -4.34209329E-01
 -1.58600000E+00 -6.19643983E-01
 -1.58600000E+00 -6.40766706E-01
 -1.58600000E+00 -8.26201360E-01
 -1.58600000E+00 -8.47324083E-01
 -1.58600000E+00 -1.03275874E+00
 -1.58600000E+00 -1.05388146E+00
 -1.58600000E+00 -1.23931611E+00
 -1.58600000E+00 -1.26043884E+00
 -1.58600000E+00 -1.44587349E+00

h: x ny1,0  y2=[y1](Water),ic[ccc]
 -1.000000E+00 -1.000000E+00

hb:   line clip z   cb(ccc)
clip:
 -1.24389350E+00 -1.46850000E+00
 -4.79163675E-01 -1.46850000E+00
 -4.28110788E-01 -1.44587349E+00
 -4.66144395E-01 -1.41544342E+00
 -5.16913200E-01 -1.36956705E+00
 -6.32405987E-01 -1.23931611E+00
 -7.00008422E-01 -1.14250331E+00
 -7.63716599E-01 -1.03275874E+00
 -7.86586137E-01 -9.87839339E-01
 -8.56303674E-01 -8.26201360E-01
 -8.61528585E-01 -8.12176923E-01
 -9.21908969E-01 -6.19643983E-01
 -9.55897217E-01 -4.69649772E-01
 -9.66045308E-01 -4.13086606E-01
 -9.84491905E-01 -2.80231629E-01
 -9.91583660E-01 -2.06529229E-01
 -9.98631004E-01 -8.21490191E-02
 -9.99949999E-01  2.81481468E-05
 -9.96870673E-01  1.25463474E-01
 -9.76533887E-01  3.44210421E-01
 -9.32638409E-01  5.77078100E-01
 -8.61528585E-01  8.12176923E-01
 -8.54744639E-01  8.30323853E-01
 -7.63686860E-01  1.03281503E+00
 -7.12909957E-01  1.12189485E+00
 -6.32362889E-01  1.23937241E+00
 -5.16913200E-01  1.36956705E+00
 -4.66105366E-01  1.41547632E+00
 -4.28036510E-01  1.44592979E+00
 -1.72297816E-01  1.57599063E+00
 -7.67266624E-02  1.59520323E+00
  1.72317569E-01  1.57598510E+00
  4.28036510E-01  1.44592979E+00
  4.66113575E-01  1.41546940E+00
  5.16932953E-01  1.36954796E+00
  6.32362889E-01  1.23937241E+00
  6.99987915E-01  1.14253548E+00
  7.63686860E-01  1.03281503E+00
  7.86569283E-01  9.87873694E-01
  8.56282455E-01  8.26257656E-01
  8.61548338E-01  8.12123280E-01
  9.21894187E-01  6.19700279E-01
  9.55889565E-01  4.69689642E-01
  9.66035904E-01  4.13142902E-01
  9.84487270E-01  2.80273307E-01
  9.91579079E-01  2.06585525E-01
  9.98629602E-01  8.21926354E-02
  9.99949999E-01  2.81481468E-05
  9.96872925E-01 -1.25417668E-01
  9.91583660E-01 -2.06529229E-01
  9.76540558E-01 -3.44161966E-01
  9.66045308E-01 -4.13086606E-01
  9.32650974E-01 -5.77026112E-01
  9.21908969E-01 -6.19643983E-01
  8.61548338E-01 -8.12123280E-01
  8.57268469E-01 -8.23636070E-01
  8.54766474E-01 -8.30266309E-01
  7.63716599E-01 -1.03275874E+00
  7.12953225E-01 -1.12182446E+00
  6.32405987E-01 -1.23931611E+00
  5.16932953E-01 -1.36954796E+00
  4.66152603E-01 -1.41543650E+00
  4.28110788E-01 -1.44587349E+00
  4.79183428E-01 -1.46850000E+00
  5.16932953E-01 -1.46850000E+00
  5.54682479E-01 -1.46850000E+00
  8.61548338E-01 -1.46850000E+00
  8.99297864E-01 -1.46850000E+00
  1.20616372E+00 -1.46850000E+00
  1.24391325E+00 -1.46850000E+00
  1.48600000E+00 -1.44587349E+00
  1.48600000E+00 -1.27814376E+00
  1.48600000E+00 -1.23931611E+00
  1.48600000E+00 -1.07158638E+00
  1.48600000E+00 -1.03275874E+00
  1.48600000E+00 -8.65029001E-01
  1.48600000E+00 -8.26201360E-01
  1.48600000E+00 -6.58471624E-01
  1.48600000E+00 -6.19643983E-01
  1.48600000E+00 -4.51914247E-01
  1.48600000E+00 -4.13086606E-01
  1.48600000E+00 -2.45356870E-01
  1.48600000E+00 -2.06529229E-01
  1.48600000E+00 -3.87994930E-02
  1.48600000E+00  2.81481468E-05
  1.48600000E+00  1.67757884E-01
  1.48600000E+00  2.06585525E-01
  1.48600000E+00  3.74315261E-01
  1.48600000E+00  4.13142902E-01
  1.48600000E+00  5.80872638E-01
  1.48600000E+00  6.19700279E-01
  1.48600000E+00  7.87430015E-01
  1.48600000E+00  8.26257656E-01
  1.48600000E+00  9.93987392E-01
  1.48600000E+00  1.03281503E+00
  1.48600000E+00  1.20054477E+00
  1.48600000E+00  1.23937241E+00
  1.48600000E+00  1.40710215E+00
  1.48600000E+00  1.44592979E+00
  1.48600000E+00  1.61365952E+00
  1.48600000E+00  1.65248716E+00
  1.48600000E+00  1.82021690E+00
  1.48600000E+00  1.85904454E+00
  1.48600000E+00  2.02677428E+00
  1.48600000E+00  2.06560192E+00
  1.48600000E+00  2.23333165E+00
  1.48600000E+00  2.27215930E+00
  1.48600000E+00  2.43988903E+00
  1.48600000E+00  2.47871667E+00
  1.48600000E+00  2.64644641E+00
  1.48600000E+00  2.68527405E+00
  1.26159710E+00  2.71850000E+00
  1.20616372E+00  2.71850000E+00
  1.15073034E+00  2.71850000E+00
  8.61548338E-01  2.71850000E+00
  8.06114958E-01  2.71850000E+00
  5.16932953E-01  2.71850000E+00
  4.61499573E-01  2.71850000E+00
  1.72317569E-01  2.71850000E+00
  1.16884189E-01  2.71850000E+00
 -1.72297816E-01  2.71850000E+00
 -2.27731196E-01  2.71850000E+00
 -5.16913200E-01  2.71850000E+00
 -5.72346581E-01  2.71850000E+00
 -8.61528585E-01  2.71850000E+00
 -9.16961965E-01  2.71850000E+00
 -1.20614397E+00  2.71850000E+00
 -1.26157735E+00  2.71850000E+00
 -1.48600000E+00  2.68527405E+00
 -1.48600000E+00  2.51753247E+00
 -1.48600000E+00  2.47871667E+00
 -1.48600000E+00  2.31097510E+00
 -1.48600000E+00  2.27215930E+00
 -1.48600000E+00  2.10441772E+00
 -1.48600000E+00  2.06560192E+00
 -1.48600000E+00  1.89786034E+00
 -1.48600000E+00  1.85904454E+00
 -1.48600000E+00  1.69130297E+00
 -1.48600000E+00  1.65248716E+00
 -1.48600000E+00  1.48474559E+00
 -1.48600000E+00  1.44592979E+00
 -1.48600000E+00  1.27818821E+00
 -1.48600000E+00  1.23937241E+00
 -1.48600000E+00  1.07163083E+00
 -1.48600000E+00  1.03281503E+00
 -1.48600000E+00  8.65073458E-01
 -1.48600000E+00  8.26257656E-01
 -1.48600000E+00  6.58516081E-01
 -1.48600000E+00  6.19700279E-01
 -1.48600000E+00  4.51958704E-01
 -1.48600000E+00  4.13142902E-01
 -1.48600000E+00  2.45401327E-01
 -1.48600000E+00  2.06585525E-01
 -1.48600000E+00  3.88439496E-02
 -1.48600000E+00  2.81481468E-05
 -1.48600000E+00 -1.67713427E-01
 -1.48600000E+00 -2.06529229E-01
 -1.48600000E+00 -3.74270804E-01
 -1.48600000E+00 -4.13086606E-01
 -1.48600000E+00 -5.80828182E-01
 -1.48600000E+00 -6.19643983E-01
 -1.48600000E+00 -7.87385559E-01
 -1.48600000E+00 -8.26201360E-01
 -1.48600000E+00 -9.93942936E-01
 -1.48600000E+00 -1.03275874E+00
 -1.48600000E+00 -1.20050031E+00
 -1.48600000E+00 -1.23931611E+00
 -1.48600000E+00 -1.40705769E+00
 -1.48600000E+00 -1.44587349E+00

h: x ny1,0  y2=[y1](pouch),ic[pink]
 -1.000000E+00 -1.000000E+00

hb:   line clip z   cb(pink)
clip:
 -3.03438859E-01 -1.52447750E+00
 -1.72297816E-01 -1.57599063E+00
  7.68209561E-02 -1.59519161E+00
  3.03449535E-01 -1.52447206E+00
  5.16932953E-01 -1.36954796E+00
  6.32405987E-01 -1.23931611E+00
  7.63716599E-01 -1.03275874E+00
  8.56303674E-01 -8.26201360E-01
  9.13490998E-01 -6.50777647E-01
  9.32650974E-01 -5.77026112E-01
  9.66045308E-01 -4.13086606E-01
  9.91583660E-01 -2.06529229E-01
  9.99949999E-01  2.81481468E-05
  9.91579079E-01  2.06585525E-01
  9.66035904E-01  4.13142902E-01
  9.21894187E-01  6.19700279E-01
  8.61548338E-01  8.12123280E-01
  7.86569283E-01  9.87873694E-01
  6.99987915E-01  1.14253548E+00
  5.94830091E-01  1.28606281E+00
  4.28036510E-01  1.44592979E+00
  1.72317569E-01  1.57598510E+00
 -7.67266624E-02  1.59520323E+00
 -3.03388090E-01  1.52450336E+00
 -5.16913200E-01  1.36956705E+00
 -6.32362889E-01  1.23937241E+00
 -7.63686860E-01  1.03281503E+00
 -8.56282455E-01  8.26257656E-01
 -9.13474746E-01  6.50836042E-01
 -9.32638409E-01  5.77078100E-01
 -9.66035904E-01  4.13142902E-01
 -9.91579079E-01  2.06585525E-01
 -9.99949999E-01  2.81481468E-05
 -9.91583660E-01 -2.06529229E-01
 -9.66045308E-01 -4.13086606E-01
 -9.21908969E-01 -6.19643983E-01
 -8.61528585E-01 -8.12176923E-01
 -7.86586137E-01 -9.87839339E-01
 -7.00008422E-01 -1.14250331E+00
 -5.94855018E-01 -1.28603329E+00
 -4.28110788E-01 -1.44587349E+00

hb:   line clip z   cb(white)
clip:
  1.51302958E+00 -1.46850000E+00
  1.55077911E+00 -1.46850000E+00
  1.58600000E+00 -1.46698437E+00
  1.58600000E+00 -1.44587349E+00
  1.58600000E+00 -1.42476261E+00
  1.58600000E+00 -1.23931611E+00
  1.58600000E+00 -1.21820523E+00
  1.58600000E+00 -1.03275874E+00
  1.58600000E+00 -1.01164785E+00
  1.58600000E+00 -8.26201360E-01
  1.58600000E+00 -8.05090477E-01
  1.58600000E+00 -6.19643983E-01
  1.58600000E+00 -5.98533100E-01
  1.58600000E+00 -4.13086606E-01
  1.58600000E+00 -3.91975723E-01
  1.58600000E+00 -2.06529229E-01
  1.58600000E+00 -1.85418345E-01
  1.58600000E+00  2.81481468E-05
  1.58600000E+00  2.11390316E-02
  1.58600000E+00  2.06585525E-01
  1.58600000E+00  2.27696409E-01
  1.58600000E+00  4.13142902E-01
  1.58600000E+00  4.34253786E-01
  1.58600000E+00  6.19700279E-01
  1.58600000E+00  6.40811163E-01
  1.58600000E+00  8.26257656E-01
  1.58600000E+00  8.47368540E-01
  1.58600000E+00  1.03281503E+00
  1.58600000E+00  1.05392592E+00
  1.58600000E+00  1.23937241E+00
  1.58600000E+00  1.26048329E+00
  1.58600000E+00  1.44592979E+00
  1.58600000E+00  1.46704067E+00
  1.58600000E+00  1.65248716E+00
  1.58600000E+00  1.67359805E+00
  1.58600000E+00  1.85904454E+00
  1.58600000E+00  1.88015543E+00
  1.58600000E+00  2.06560192E+00
  1.58600000E+00  2.08671280E+00
  1.58600000E+00  2.27215930E+00
  1.58600000E+00  2.29327018E+00
  1.58600000E+00  2.47871667E+00
  1.58600000E+00  2.49982756E+00
  1.58600000E+00  2.68527405E+00
  1.58600000E+00  2.70638493E+00
  1.55077911E+00  2.71850000E+00
  1.49534573E+00  2.71850000E+00
  1.48600000E+00  2.68527405E+00
  1.48600000E+00  2.64644641E+00
  1.48600000E+00  2.47871667E+00
  1.48600000E+00  2.43988903E+00
  1.48600000E+00  2.27215930E+00
  1.48600000E+00  2.23333165E+00
  1.48600000E+00  2.06560192E+00
  1.48600000E+00  2.02677428E+00
  1.48600000E+00  1.85904454E+00
  1.48600000E+00  1.82021690E+00
  1.48600000E+00  1.65248716E+00
  1.48600000E+00  1.61365952E+00
  1.48600000E+00  1.44592979E+00
  1.48600000E+00  1.40710215E+00
  1.48600000E+00  1.23937241E+00
  1.48600000E+00  1.20054477E+00
  1.48600000E+00  1.03281503E+00
  1.48600000E+00  9.93987392E-01
  1.48600000E+00  8.26257656E-01
  1.48600000E+00  7.87430015E-01
  1.48600000E+00  6.19700279E-01
  1.48600000E+00  5.80872638E-01
  1.48600000E+00  4.13142902E-01
  1.48600000E+00  3.74315261E-01
  1.48600000E+00  2.06585525E-01
  1.48600000E+00  1.67757884E-01
  1.48600000E+00  2.81481468E-05
  1.48600000E+00 -3.87994930E-02
  1.48600000E+00 -2.06529229E-01
  1.48600000E+00 -2.45356870E-01
  1.48600000E+00 -4.13086606E-01
  1.48600000E+00 -4.51914247E-01
  1.48600000E+00 -6.19643983E-01
  1.48600000E+00 -6.58471624E-01
  1.48600000E+00 -8.26201360E-01
  1.48600000E+00 -8.65029001E-01
  1.48600000E+00 -1.03275874E+00
  1.48600000E+00 -1.07158638E+00
  1.48600000E+00 -1.23931611E+00
  1.48600000E+00 -1.27814376E+00
  1.48600000E+00 -1.44587349E+00

wt: s[c5]
\vspace{-3}
  emin  &=&   0.0000E+00 [MeV]
  emax  &=&   1.0000E+03 [MeV]
  zmin  &=&   9.8460E+01 [cm]
  zmax  &=&   9.8480E+01 [cm]
  part. &=& proton  
e:
 
# Information for Restart Calculation
# This calculation was newly started
# istdev =  2 # 1:Batch variance, 2:History variance
# resc2  = 0.00000000000000000E+00 # Total source weight or Total source weight / maxcas
# resc3  = 0.00000000000000000E+00 # Total history number or Total batch number
# maxcas =      100000 # History / Batch, only used for istdev=1
# bitrseed = 0000000000000000000000000000000000000000000000000000000000000000 # bit data of rseed
