[ T-Track ]
    title = [t-track] in xyz mesh
     mesh =  xyz            # mesh type is xyz scoring mesh
   x-type =    2            # x-mesh is linear given by xmin, xmax and nx
     xmin =  -4.000000      # minimum value of x-mesh points
     xmax =   4.000000      # maximum value of x-mesh points
#    xdel =  0.1600000      # mesh width of x-mesh points
       nx =     50          # number of x-mesh points
#    data = ( x(i), i = 1, nx + 1 )
#          -4.00000E+00 -3.84000E+00 -3.68000E+00 -3.52000E+00 -3.36000E+00
#          -3.20000E+00 -3.04000E+00 -2.88000E+00 -2.72000E+00 -2.56000E+00
#          -2.40000E+00 -2.24000E+00 -2.08000E+00 -1.92000E+00 -1.76000E+00
#          -1.60000E+00 -1.44000E+00 -1.28000E+00 -1.12000E+00 -9.60000E-01
#          -8.00000E-01 -6.40000E-01 -4.80000E-01 -3.20000E-01 -1.60000E-01
#           0.00000E+00  1.60000E-01  3.20000E-01  4.80000E-01  6.40000E-01
#           8.00000E-01  9.60000E-01  1.12000E+00  1.28000E+00  1.44000E+00
#           1.60000E+00  1.76000E+00  1.92000E+00  2.08000E+00  2.24000E+00
#           2.40000E+00  2.56000E+00  2.72000E+00  2.88000E+00  3.04000E+00
#           3.20000E+00  3.36000E+00  3.52000E+00  3.68000E+00  3.84000E+00
#           4.00000E+00
   y-type =    1            # y-mesh is given by the below data
       ny =      1          # number of y-mesh points
#    data = ( y(i), i = 1, ny + 1 )
            0.00000E+00  1.00000E-01
   z-type =    2            # z-mesh is linear given by zmin, zmax and nz
     zmin =   95.00000      # minimum value of z-mesh points
     zmax =   105.0000      # maximum value of z-mesh points
#    zdel =  0.2000000      # mesh width of z-mesh points
       nz =     50          # number of z-mesh points
#    data = ( z(i), i = 1, nz + 1 )
#           9.50000E+01  9.52000E+01  9.54000E+01  9.56000E+01  9.58000E+01
#           9.60000E+01  9.62000E+01  9.64000E+01  9.66000E+01  9.68000E+01
#           9.70000E+01  9.72000E+01  9.74000E+01  9.76000E+01  9.78000E+01
#           9.80000E+01  9.82000E+01  9.84000E+01  9.86000E+01  9.88000E+01
#           9.90000E+01  9.92000E+01  9.94000E+01  9.96000E+01  9.98000E+01
#           1.00000E+02  1.00200E+02  1.00400E+02  1.00600E+02  1.00800E+02
#           1.01000E+02  1.01200E+02  1.01400E+02  1.01600E+02  1.01800E+02
#           1.02000E+02  1.02200E+02  1.02400E+02  1.02600E+02  1.02800E+02
#           1.03000E+02  1.03200E+02  1.03400E+02  1.03600E+02  1.03800E+02
#           1.04000E+02  1.04200E+02  1.04400E+02  1.04600E+02  1.04800E+02
#           1.05000E+02
   e-type =    1            # e-mesh is given by the below data
       ne =      1          # number of e-mesh points
#    data = ( e(i), i = 1, ne + 1 )
            0.00000E+00  1.00000E+03
     unit =    1            # unit is [1/cm^2/source]
 material =  all            # (D=all) number of specific material
  2D-type =    3            # 1:Cont, 2:Clust, 3:Color, 4:xyz, 5:mat, 6:Clust+Cont, 7:Col+Cont
     axis =      xz            # axis of output
     file = track_xz_L.out  # file name of output for the above axis
     part =  proton   
# kf/name :  2212     
    gshow =    1            # 0: no 1:bnd, 2:bnd+mat, 3:bnd+reg 4:bnd+lat 5:bmp style
    resol =    1            # (D=1) resolution of gshow or rshow
    width = 0.5000000       # (D=0.5) width of lines for gshow or rshow
   epsout =    1            # (D=0) generate eps file by ANGEL
#    used :        main (  %)        temp (  %)       total (  %)
#  memory :         110 (  0)           0 (  0)         110 (  0)

#------------------------------------------------------------------------------
#newpage:
#   no. =  1   ie  =  1   iy  =  1   part. = proton  
#   e = (   0.0000E+00  -   1.0000E+03  )
#   y = (   0.0000E+00  -   1.0000E-01  )

'no. =  1,  ie =  1,  iy =  1'
msuc: {\huge [t-track] in xyz mesh}
msdr: {\it plotted by \ANGEL \version}
msdl: {\it calculated by \PHITS  3.35}

x: z [cm]
y: x [cm]
set: c1[ 0.800] c2[ 1.006] c5[ 0.800] c6[ 0.925] c7[ 0.000] c8[ 0.100]
p: h2fs form[c1] xfac[c2] afac[c5] scal[c6] xorg[c7] yorg[c8] nosp
set: c3[1.0e-4] c4[1.0]
p: cmin[c3] cmax[c4]
p: dmin(1e-31)
p: zlog
p: xmin(  95.00000    ) xmax(  105.0000    )
p: ymin( -4.000000    ) ymax(  4.000000    )
#  nx =  50   nz =  50
# ( ( data(z,x), z = 1, nz ), x = nx, 1, -1 )

hc:  y =   3.920000     to  -3.920000     by  0.1600000     ; x =   95.10000     to   104.9000     by  0.2000000     ;
  0.000E+00  0.000E+00  0.000E+00  0.000E+00  0.000E+00  0.000E+00  0.000E+00  0.000E+00  0.000E+00  0.000E+00
  0.000E+00  0.000E+00  0.000E+00  0.000E+00  0.000E+00  0.000E+00  0.000E+00  0.000E+00  0.000E+00  0.000E+00
  0.000E+00  0.000E+00  0.000E+00  0.000E+00  0.000E+00  0.000E+00  0.000E+00  0.000E+00  0.000E+00  0.000E+00
  0.000E+00  0.000E+00  0.000E+00  0.000E+00  0.000E+00  0.000E+00  0.000E+00  1.000E+00  1.000E+00  1.000E+00
  1.000E+00  1.000E+00  1.000E+00  1.000E+00  1.000E+00  1.000E+00  1.000E+00  1.000E+00  1.000E+00  1.000E+00
  0.000E+00  0.000E+00  0.000E+00  0.000E+00  0.000E+00  0.000E+00  0.000E+00  0.000E+00  0.000E+00  0.000E+00
  0.000E+00  0.000E+00  0.000E+00  0.000E+00  0.000E+00  0.000E+00  0.000E+00  0.000E+00  0.000E+00  0.000E+00
  0.000E+00  0.000E+00  0.000E+00  0.000E+00  0.000E+00  0.000E+00  0.000E+00  1.000E+00  1.000E+00  1.000E+00
  1.000E+00  1.000E+00  1.000E+00  1.000E+00  1.000E+00  1.000E+00  1.000E+00  1.000E+00  0.000E+00  0.000E+00
  0.000E+00  0.000E+00  0.000E+00  0.000E+00  0.000E+00  0.000E+00  0.000E+00  0.000E+00  0.000E+00  0.000E+00
  0.000E+00  0.000E+00  0.000E+00  0.000E+00  0.000E+00  0.000E+00  0.000E+00  0.000E+00  0.000E+00  0.000E+00
  0.000E+00  0.000E+00  0.000E+00  0.000E+00  0.000E+00  0.000E+00  0.000E+00  0.000E+00  0.000E+00  0.000E+00
  0.000E+00  0.000E+00  0.000E+00  0.000E+00  0.000E+00  0.000E+00  0.000E+00  0.000E+00  0.000E+00  0.000E+00
  0.000E+00  0.000E+00  0.000E+00  0.000E+00  0.000E+00  0.000E+00  0.000E+00  0.000E+00  0.000E+00  0.000E+00
  0.000E+00  0.000E+00  0.000E+00  0.000E+00  0.000E+00  0.000E+00  0.000E+00  0.000E+00  0.000E+00  0.000E+00
  0.000E+00  0.000E+00  0.000E+00  0.000E+00  0.000E+00  0.000E+00  0.000E+00  0.000E+00  0.000E+00  0.000E+00
  0.000E+00  0.000E+00  0.000E+00  0.000E+00  0.000E+00  0.000E+00  0.000E+00  0.000E+00  0.000E+00  0.000E+00
  0.000E+00  0.000E+00  0.000E+00  0.000E+00  0.000E+00  0.000E+00  0.000E+00  0.000E+00  0.000E+00  0.000E+00
  0.000E+00  0.000E+00  0.000E+00  0.000E+00  0.000E+00  0.000E+00  0.000E+00  0.000E+00  0.000E+00  0.000E+00
  0.000E+00  0.000E+00  0.000E+00  0.000E+00  0.000E+00  0.000E+00  0.000E+00  0.000E+00  0.000E+00  0.000E+00
  0.000E+00  0.000E+00  0.000E+00  0.000E+00  0.000E+00  0.000E+00  0.000E+00  0.000E+00  0.000E+00  0.000E+00
  0.000E+00  0.000E+00  0.000E+00  0.000E+00  0.000E+00  0.000E+00  0.000E+00  0.000E+00  0.000E+00  0.000E+00
  0.000E+00  0.000E+00  0.000E+00  0.000E+00  0.000E+00  0.000E+00  0.000E+00  0.000E+00  0.000E+00  0.000E+00
  0.000E+00  0.000E+00  0.000E+00  0.000E+00  0.000E+00  0.000E+00  0.000E+00  0.000E+00  0.000E+00  0.000E+00
  0.000E+00  0.000E+00  0.000E+00  0.000E+00  0.000E+00  0.000E+00  0.000E+00  0.000E+00  0.000E+00  0.000E+00
  0.000E+00  0.000E+00  0.000E+00  0.000E+00  0.000E+00  0.000E+00  0.000E+00  0.000E+00  0.000E+00  0.000E+00
  0.000E+00  0.000E+00  0.000E+00  0.000E+00  0.000E+00  0.000E+00  0.000E+00  0.000E+00  0.000E+00  0.000E+00
  0.000E+00  0.000E+00  0.000E+00  0.000E+00  0.000E+00  0.000E+00  0.000E+00  0.000E+00  0.000E+00  0.000E+00
  0.000E+00  0.000E+00  0.000E+00  0.000E+00  0.000E+00  0.000E+00  0.000E+00  0.000E+00  0.000E+00  0.000E+00
  0.000E+00  0.000E+00  0.000E+00  0.000E+00  0.000E+00  0.000E+00  0.000E+00  0.000E+00  0.000E+00  0.000E+00
  0.000E+00  0.000E+00  0.000E+00  0.000E+00  0.000E+00  0.000E+00  0.000E+00  0.000E+00  0.000E+00  0.000E+00
  0.000E+00  0.000E+00  0.000E+00  0.000E+00  0.000E+00  0.000E+00  0.000E+00  0.000E+00  0.000E+00  0.000E+00
  0.000E+00  0.000E+00  0.000E+00  0.000E+00  0.000E+00  0.000E+00  0.000E+00  0.000E+00  0.000E+00  0.000E+00
  0.000E+00  0.000E+00  0.000E+00  0.000E+00  0.000E+00  0.000E+00  0.000E+00  0.000E+00  0.000E+00  0.000E+00
  0.000E+00  0.000E+00  0.000E+00  0.000E+00  0.000E+00  0.000E+00  0.000E+00  0.000E+00  0.000E+00  0.000E+00
  0.000E+00  0.000E+00  0.000E+00  0.000E+00  0.000E+00  0.000E+00  0.000E+00  0.000E+00  0.000E+00  0.000E+00
  0.000E+00  0.000E+00  0.000E+00  0.000E+00  0.000E+00  0.000E+00  0.000E+00  0.000E+00  0.000E+00  0.000E+00
  0.000E+00  0.000E+00  0.000E+00  0.000E+00  0.000E+00  0.000E+00  0.000E+00  0.000E+00  0.000E+00  0.000E+00
  0.000E+00  0.000E+00  0.000E+00  0.000E+00  0.000E+00  0.000E+00  0.000E+00  0.000E+00  0.000E+00  0.000E+00
  0.000E+00  0.000E+00  0.000E+00  0.000E+00  0.000E+00  0.000E+00  0.000E+00  0.000E+00  0.000E+00  0.000E+00
  0.000E+00  0.000E+00  0.000E+00  0.000E+00  0.000E+00  0.000E+00  0.000E+00  0.000E+00  0.000E+00  0.000E+00
  0.000E+00  0.000E+00  0.000E+00  0.000E+00  0.000E+00  0.000E+00  0.000E+00  0.000E+00  0.000E+00  0.000E+00
  0.000E+00  0.000E+00  0.000E+00  0.000E+00  0.000E+00  0.000E+00  0.000E+00  0.000E+00  0.000E+00  0.000E+00
  0.000E+00  0.000E+00  0.000E+00  0.000E+00  0.000E+00  0.000E+00  0.000E+00  0.000E+00  0.000E+00  0.000E+00
  0.000E+00  0.000E+00  0.000E+00  0.000E+00  0.000E+00  0.000E+00  0.000E+00  0.000E+00  0.000E+00  0.000E+00
  0.000E+00  0.000E+00  0.000E+00  0.000E+00  0.000E+00  0.000E+00  0.000E+00  0.000E+00  0.000E+00  0.000E+00
  0.000E+00  0.000E+00  0.000E+00  0.000E+00  0.000E+00  0.000E+00  0.000E+00  0.000E+00  0.000E+00  0.000E+00
  0.000E+00  0.000E+00  0.000E+00  0.000E+00  0.000E+00  0.000E+00  0.000E+00  0.000E+00  0.000E+00  0.000E+00
  0.000E+00  0.000E+00  0.000E+00  0.000E+00  0.000E+00  0.000E+00  0.000E+00  0.000E+00  0.000E+00  0.000E+00
  0.000E+00  0.000E+00  0.000E+00  0.000E+00  0.000E+00  0.000E+00  0.000E+00  0.000E+00  0.000E+00  0.000E+00
  0.000E+00  0.000E+00  0.000E+00  0.000E+00  0.000E+00  0.000E+00  0.000E+00  0.000E+00  0.000E+00  0.000E+00
  0.000E+00  0.000E+00  0.000E+00  0.000E+00  0.000E+00  0.000E+00  0.000E+00  0.000E+00  0.000E+00  0.000E+00
  0.000E+00  0.000E+00  0.000E+00  0.000E+00  0.000E+00  0.000E+00  0.000E+00  0.000E+00  0.000E+00  0.000E+00
  0.000E+00  0.000E+00  0.000E+00  0.000E+00  0.000E+00  0.000E+00  0.000E+00  0.000E+00  0.000E+00  0.000E+00
  0.000E+00  0.000E+00  0.000E+00  0.000E+00  0.000E+00  0.000E+00  0.000E+00  0.000E+00  0.000E+00  0.000E+00
  0.000E+00  0.000E+00  0.000E+00  0.000E+00  0.000E+00  0.000E+00  0.000E+00  0.000E+00  0.000E+00  0.000E+00
  0.000E+00  0.000E+00  0.000E+00  0.000E+00  0.000E+00  0.000E+00  0.000E+00  0.000E+00  0.000E+00  0.000E+00
  0.000E+00  0.000E+00  0.000E+00  0.000E+00  0.000E+00  0.000E+00  0.000E+00  0.000E+00  0.000E+00  0.000E+00
  0.000E+00  0.000E+00  0.000E+00  0.000E+00  0.000E+00  0.000E+00  0.000E+00  0.000E+00  0.000E+00  0.000E+00
  0.000E+00  0.000E+00  0.000E+00  0.000E+00  0.000E+00  0.000E+00  0.000E+00  0.000E+00  0.000E+00  0.000E+00
  0.000E+00  0.000E+00  0.000E+00  0.000E+00  0.000E+00  0.000E+00  0.000E+00  0.000E+00  0.000E+00  0.000E+00
  0.000E+00  0.000E+00  0.000E+00  0.000E+00  0.000E+00  0.000E+00  0.000E+00  0.000E+00  0.000E+00  0.000E+00
  0.000E+00  0.000E+00  0.000E+00  0.000E+00  0.000E+00  0.000E+00  0.000E+00  0.000E+00  0.000E+00  0.000E+00
  0.000E+00  0.000E+00  0.000E+00  0.000E+00  0.000E+00  0.000E+00  0.000E+00  0.000E+00  0.000E+00  0.000E+00
  0.000E+00  0.000E+00  0.000E+00  0.000E+00  0.000E+00  0.000E+00  0.000E+00  0.000E+00  0.000E+00  0.000E+00
  0.000E+00  0.000E+00  0.000E+00  0.000E+00  0.000E+00  0.000E+00  0.000E+00  0.000E+00  0.000E+00  0.000E+00
  0.000E+00  0.000E+00  0.000E+00  0.000E+00  0.000E+00  0.000E+00  0.000E+00  0.000E+00  0.000E+00  0.000E+00
  0.000E+00  0.000E+00  0.000E+00  0.000E+00  0.000E+00  0.000E+00  0.000E+00  0.000E+00  0.000E+00  0.000E+00
  0.000E+00  0.000E+00  0.000E+00  0.000E+00  0.000E+00  0.000E+00  0.000E+00  0.000E+00  0.000E+00  0.000E+00
  0.000E+00  0.000E+00  0.000E+00  0.000E+00  0.000E+00  0.000E+00  0.000E+00  0.000E+00  0.000E+00  0.000E+00
  0.000E+00  0.000E+00  0.000E+00  0.000E+00  0.000E+00  0.000E+00  0.000E+00  0.000E+00  0.000E+00  0.000E+00
  0.000E+00  0.000E+00  0.000E+00  0.000E+00  0.000E+00  0.000E+00  0.000E+00  0.000E+00  0.000E+00  0.000E+00
  0.000E+00  0.000E+00  0.000E+00  0.000E+00  0.000E+00  0.000E+00  0.000E+00  0.000E+00  0.000E+00  0.000E+00
  0.000E+00  0.000E+00  0.000E+00  0.000E+00  0.000E+00  0.000E+00  0.000E+00  0.000E+00  0.000E+00  0.000E+00
  0.000E+00  0.000E+00  0.000E+00  0.000E+00  0.000E+00  0.000E+00  0.000E+00  0.000E+00  0.000E+00  0.000E+00
  0.000E+00  0.000E+00  0.000E+00  0.000E+00  0.000E+00  0.000E+00  0.000E+00  0.000E+00  0.000E+00  0.000E+00
  0.000E+00  0.000E+00  0.000E+00  0.000E+00  0.000E+00  0.000E+00  0.000E+00  0.000E+00  0.000E+00  0.000E+00
  0.000E+00  0.000E+00  0.000E+00  0.000E+00  0.000E+00  0.000E+00  0.000E+00  0.000E+00  0.000E+00  0.000E+00
  0.000E+00  0.000E+00  0.000E+00  0.000E+00  0.000E+00  0.000E+00  0.000E+00  0.000E+00  0.000E+00  0.000E+00
  0.000E+00  0.000E+00  0.000E+00  0.000E+00  0.000E+00  0.000E+00  0.000E+00  0.000E+00  0.000E+00  0.000E+00
  0.000E+00  0.000E+00  0.000E+00  0.000E+00  0.000E+00  0.000E+00  0.000E+00  0.000E+00  0.000E+00  0.000E+00
  0.000E+00  0.000E+00  0.000E+00  0.000E+00  0.000E+00  0.000E+00  0.000E+00  0.000E+00  0.000E+00  0.000E+00
  0.000E+00  0.000E+00  0.000E+00  0.000E+00  0.000E+00  0.000E+00  0.000E+00  0.000E+00  0.000E+00  0.000E+00
  0.000E+00  0.000E+00  0.000E+00  0.000E+00  0.000E+00  0.000E+00  0.000E+00  0.000E+00  0.000E+00  0.000E+00
  0.000E+00  0.000E+00  0.000E+00  0.000E+00  0.000E+00  0.000E+00  0.000E+00  0.000E+00  0.000E+00  0.000E+00
  0.000E+00  0.000E+00  0.000E+00  0.000E+00  0.000E+00  0.000E+00  0.000E+00  0.000E+00  0.000E+00  0.000E+00
  0.000E+00  0.000E+00  0.000E+00  0.000E+00  0.000E+00  0.000E+00  0.000E+00  0.000E+00  0.000E+00  0.000E+00
  0.000E+00  0.000E+00  0.000E+00  0.000E+00  0.000E+00  0.000E+00  0.000E+00  0.000E+00  0.000E+00  0.000E+00
  0.000E+00  0.000E+00  0.000E+00  0.000E+00  0.000E+00  0.000E+00  0.000E+00  0.000E+00  0.000E+00  0.000E+00
  0.000E+00  0.000E+00  0.000E+00  0.000E+00  0.000E+00  0.000E+00  0.000E+00  0.000E+00  0.000E+00  0.000E+00
  0.000E+00  0.000E+00  0.000E+00  0.000E+00  0.000E+00  0.000E+00  0.000E+00  0.000E+00  0.000E+00  0.000E+00
  0.000E+00  0.000E+00  0.000E+00  1.000E+00  1.000E+00  1.000E+00  1.000E+00  1.000E+00  0.000E+00  0.000E+00
  0.000E+00  0.000E+00  0.000E+00  0.000E+00  0.000E+00  0.000E+00  0.000E+00  0.000E+00  0.000E+00  0.000E+00
  0.000E+00  0.000E+00  0.000E+00  0.000E+00  0.000E+00  0.000E+00  0.000E+00  0.000E+00  0.000E+00  0.000E+00
  0.000E+00  0.000E+00  0.000E+00  0.000E+00  0.000E+00  0.000E+00  0.000E+00  0.000E+00  0.000E+00  0.000E+00
  0.000E+00  0.000E+00  0.000E+00  0.000E+00  0.000E+00  0.000E+00  0.000E+00  0.000E+00  0.000E+00  0.000E+00
  0.000E+00  0.000E+00  0.000E+00  0.000E+00  0.000E+00  0.000E+00  0.000E+00  0.000E+00  0.000E+00  0.000E+00
  0.000E+00  0.000E+00  0.000E+00  0.000E+00  0.000E+00  0.000E+00  0.000E+00  0.000E+00  0.000E+00  0.000E+00
  0.000E+00  0.000E+00  0.000E+00  0.000E+00  0.000E+00  0.000E+00  0.000E+00  0.000E+00  0.000E+00  0.000E+00
  0.000E+00  0.000E+00  0.000E+00  0.000E+00  0.000E+00  0.000E+00  0.000E+00  0.000E+00  0.000E+00  0.000E+00
  0.000E+00  0.000E+00  0.000E+00  0.000E+00  0.000E+00  0.000E+00  0.000E+00  0.000E+00  0.000E+00  0.000E+00
  0.000E+00  0.000E+00  0.000E+00  0.000E+00  0.000E+00  0.000E+00  0.000E+00  0.000E+00  0.000E+00  0.000E+00
  0.000E+00  0.000E+00  0.000E+00  0.000E+00  0.000E+00  0.000E+00  0.000E+00  0.000E+00  0.000E+00  0.000E+00
  0.000E+00  0.000E+00  0.000E+00  0.000E+00  0.000E+00  0.000E+00  0.000E+00  0.000E+00  0.000E+00  0.000E+00
  0.000E+00  0.000E+00  0.000E+00  0.000E+00  0.000E+00  0.000E+00  0.000E+00  0.000E+00  0.000E+00  0.000E+00
  0.000E+00  0.000E+00  0.000E+00  0.000E+00  0.000E+00  0.000E+00  0.000E+00  0.000E+00  0.000E+00  0.000E+00
  0.000E+00  0.000E+00  0.000E+00  0.000E+00  0.000E+00  0.000E+00  0.000E+00  0.000E+00  0.000E+00  0.000E+00
  0.000E+00  0.000E+00  0.000E+00  0.000E+00  0.000E+00  0.000E+00  0.000E+00  0.000E+00  0.000E+00  0.000E+00
  0.000E+00  0.000E+00  0.000E+00  0.000E+00  0.000E+00  0.000E+00  0.000E+00  0.000E+00  0.000E+00  0.000E+00
  0.000E+00  0.000E+00  0.000E+00  0.000E+00  0.000E+00  0.000E+00  0.000E+00  0.000E+00  0.000E+00  0.000E+00
  0.000E+00  0.000E+00  0.000E+00  0.000E+00  0.000E+00  0.000E+00  0.000E+00  0.000E+00  0.000E+00  0.000E+00
  0.000E+00  0.000E+00  0.000E+00  0.000E+00  0.000E+00  0.000E+00  0.000E+00  0.000E+00  0.000E+00  0.000E+00
  0.000E+00  0.000E+00  0.000E+00  0.000E+00  0.000E+00  0.000E+00  0.000E+00  0.000E+00  0.000E+00  0.000E+00
  0.000E+00  0.000E+00  0.000E+00  0.000E+00  0.000E+00  0.000E+00  0.000E+00  0.000E+00  0.000E+00  0.000E+00
  0.000E+00  0.000E+00  0.000E+00  0.000E+00  0.000E+00  0.000E+00  0.000E+00  0.000E+00  0.000E+00  0.000E+00
  0.000E+00  0.000E+00  0.000E+00  0.000E+00  0.000E+00  0.000E+00  0.000E+00  0.000E+00  0.000E+00  0.000E+00
  0.000E+00  0.000E+00  0.000E+00  0.000E+00  0.000E+00  0.000E+00  0.000E+00  0.000E+00  0.000E+00  0.000E+00
  0.000E+00  0.000E+00  0.000E+00  0.000E+00  0.000E+00  0.000E+00  0.000E+00  0.000E+00  0.000E+00  0.000E+00
  0.000E+00  0.000E+00  0.000E+00  0.000E+00  0.000E+00  0.000E+00  0.000E+00  0.000E+00  0.000E+00  0.000E+00
  0.000E+00  0.000E+00  0.000E+00  0.000E+00  0.000E+00  0.000E+00  0.000E+00  0.000E+00  0.000E+00  0.000E+00
  0.000E+00  0.000E+00  0.000E+00  0.000E+00  0.000E+00  0.000E+00  0.000E+00  0.000E+00  0.000E+00  0.000E+00
  0.000E+00  0.000E+00  0.000E+00  0.000E+00  0.000E+00  0.000E+00  0.000E+00  0.000E+00  0.000E+00  0.000E+00
  0.000E+00  0.000E+00  0.000E+00  0.000E+00  0.000E+00  0.000E+00  0.000E+00  0.000E+00  0.000E+00  0.000E+00
  0.000E+00  0.000E+00  0.000E+00  0.000E+00  0.000E+00  0.000E+00  0.000E+00  0.000E+00  0.000E+00  0.000E+00
  0.000E+00  0.000E+00  0.000E+00  0.000E+00  0.000E+00  0.000E+00  0.000E+00  0.000E+00  0.000E+00  0.000E+00
  0.000E+00  0.000E+00  0.000E+00  0.000E+00  0.000E+00  0.000E+00  0.000E+00  0.000E+00  0.000E+00  0.000E+00
  0.000E+00  0.000E+00  0.000E+00  0.000E+00  0.000E+00  0.000E+00  0.000E+00  0.000E+00  0.000E+00  0.000E+00
  0.000E+00  0.000E+00  0.000E+00  0.000E+00  0.000E+00  0.000E+00  0.000E+00  0.000E+00  0.000E+00  0.000E+00
  0.000E+00  0.000E+00  0.000E+00  0.000E+00  0.000E+00  0.000E+00  0.000E+00  0.000E+00  0.000E+00  0.000E+00
  0.000E+00  0.000E+00  0.000E+00  0.000E+00  0.000E+00  0.000E+00  0.000E+00  0.000E+00  0.000E+00  0.000E+00
  0.000E+00  0.000E+00  0.000E+00  0.000E+00  0.000E+00  0.000E+00  0.000E+00  0.000E+00  0.000E+00  0.000E+00
  0.000E+00  0.000E+00  0.000E+00  0.000E+00  0.000E+00  0.000E+00  0.000E+00  0.000E+00  0.000E+00  0.000E+00
  0.000E+00  0.000E+00  0.000E+00  0.000E+00  0.000E+00  0.000E+00  0.000E+00  0.000E+00  0.000E+00  0.000E+00
  0.000E+00  0.000E+00  0.000E+00  0.000E+00  0.000E+00  0.000E+00  0.000E+00  0.000E+00  0.000E+00  0.000E+00
  0.000E+00  0.000E+00  0.000E+00  0.000E+00  0.000E+00  0.000E+00  0.000E+00  0.000E+00  0.000E+00  0.000E+00
  0.000E+00  0.000E+00  0.000E+00  0.000E+00  0.000E+00  0.000E+00  0.000E+00  0.000E+00  0.000E+00  0.000E+00
  0.000E+00  0.000E+00  0.000E+00  0.000E+00  0.000E+00  0.000E+00  0.000E+00  0.000E+00  0.000E+00  0.000E+00
  0.000E+00  0.000E+00  0.000E+00  0.000E+00  0.000E+00  0.000E+00  0.000E+00  0.000E+00  0.000E+00  0.000E+00
  0.000E+00  0.000E+00  0.000E+00  0.000E+00  0.000E+00  0.000E+00  0.000E+00  0.000E+00  0.000E+00  0.000E+00
  0.000E+00  0.000E+00  0.000E+00  0.000E+00  0.000E+00  0.000E+00  0.000E+00  0.000E+00  0.000E+00  0.000E+00
  0.000E+00  0.000E+00  0.000E+00  0.000E+00  0.000E+00  0.000E+00  0.000E+00  0.000E+00  0.000E+00  0.000E+00
  0.000E+00  0.000E+00  0.000E+00  0.000E+00  0.000E+00  0.000E+00  0.000E+00  0.000E+00  0.000E+00  0.000E+00
  0.000E+00  0.000E+00  0.000E+00  0.000E+00  0.000E+00  0.000E+00  0.000E+00  0.000E+00  0.000E+00  0.000E+00
  0.000E+00  0.000E+00  0.000E+00  0.000E+00  0.000E+00  0.000E+00  0.000E+00  0.000E+00  0.000E+00  0.000E+00
  0.000E+00  0.000E+00  0.000E+00  0.000E+00  0.000E+00  0.000E+00  0.000E+00  0.000E+00  0.000E+00  0.000E+00
  0.000E+00  0.000E+00  0.000E+00  0.000E+00  0.000E+00  0.000E+00  0.000E+00  0.000E+00  0.000E+00  0.000E+00
  0.000E+00  0.000E+00  0.000E+00  0.000E+00  0.000E+00  0.000E+00  0.000E+00  0.000E+00  0.000E+00  0.000E+00
  0.000E+00  0.000E+00  0.000E+00  0.000E+00  0.000E+00  0.000E+00  0.000E+00  0.000E+00  0.000E+00  0.000E+00
  0.000E+00  0.000E+00  0.000E+00  0.000E+00  0.000E+00  0.000E+00  0.000E+00  0.000E+00  0.000E+00  0.000E+00
  0.000E+00  0.000E+00  0.000E+00  0.000E+00  0.000E+00  0.000E+00  0.000E+00  0.000E+00  0.000E+00  0.000E+00
  0.000E+00  0.000E+00  0.000E+00  0.000E+00  0.000E+00  0.000E+00  0.000E+00  0.000E+00  0.000E+00  0.000E+00
  0.000E+00  0.000E+00  0.000E+00  0.000E+00  0.000E+00  0.000E+00  0.000E+00  0.000E+00  0.000E+00  0.000E+00
  0.000E+00  0.000E+00  0.000E+00  0.000E+00  0.000E+00  0.000E+00  0.000E+00  0.000E+00  0.000E+00  0.000E+00
  0.000E+00  0.000E+00  0.000E+00  0.000E+00  0.000E+00  0.000E+00  0.000E+00  0.000E+00  0.000E+00  0.000E+00
  0.000E+00  0.000E+00  0.000E+00  0.000E+00  0.000E+00  0.000E+00  0.000E+00  0.000E+00  0.000E+00  0.000E+00
  0.000E+00  0.000E+00  0.000E+00  0.000E+00  0.000E+00  0.000E+00  0.000E+00  0.000E+00  0.000E+00  0.000E+00
  0.000E+00  0.000E+00  0.000E+00  0.000E+00  0.000E+00  0.000E+00  0.000E+00  0.000E+00  0.000E+00  0.000E+00
  0.000E+00  0.000E+00  0.000E+00  0.000E+00  0.000E+00  0.000E+00  0.000E+00  0.000E+00  0.000E+00  0.000E+00
  0.000E+00  0.000E+00  0.000E+00  0.000E+00  0.000E+00  0.000E+00  0.000E+00  0.000E+00  0.000E+00  0.000E+00
  0.000E+00  0.000E+00  0.000E+00  0.000E+00  0.000E+00  0.000E+00  0.000E+00  0.000E+00  0.000E+00  0.000E+00
  0.000E+00  0.000E+00  0.000E+00  0.000E+00  0.000E+00  0.000E+00  0.000E+00  0.000E+00  0.000E+00  0.000E+00
  0.000E+00  0.000E+00  0.000E+00  0.000E+00  0.000E+00  0.000E+00  0.000E+00  0.000E+00  0.000E+00  0.000E+00
  0.000E+00  0.000E+00  0.000E+00  0.000E+00  0.000E+00  0.000E+00  0.000E+00  0.000E+00  0.000E+00  0.000E+00
  0.000E+00  0.000E+00  0.000E+00  0.000E+00  0.000E+00  0.000E+00  0.000E+00  0.000E+00  0.000E+00  0.000E+00
  0.000E+00  0.000E+00  0.000E+00  0.000E+00  0.000E+00  0.000E+00  0.000E+00  0.000E+00  0.000E+00  0.000E+00
  0.000E+00  0.000E+00  0.000E+00  0.000E+00  0.000E+00  0.000E+00  0.000E+00  0.000E+00  0.000E+00  0.000E+00
  0.000E+00  0.000E+00  0.000E+00  0.000E+00  0.000E+00  0.000E+00  0.000E+00  0.000E+00  0.000E+00  0.000E+00
  0.000E+00  0.000E+00  0.000E+00  0.000E+00  0.000E+00  0.000E+00  0.000E+00  0.000E+00  0.000E+00  0.000E+00
  0.000E+00  0.000E+00  0.000E+00  0.000E+00  0.000E+00  0.000E+00  0.000E+00  0.000E+00  0.000E+00  0.000E+00
  0.000E+00  0.000E+00  0.000E+00  0.000E+00  0.000E+00  0.000E+00  0.000E+00  0.000E+00  0.000E+00  0.000E+00
  0.000E+00  0.000E+00  0.000E+00  0.000E+00  0.000E+00  0.000E+00  0.000E+00  0.000E+00  0.000E+00  0.000E+00
  0.000E+00  0.000E+00  0.000E+00  0.000E+00  0.000E+00  0.000E+00  0.000E+00  0.000E+00  0.000E+00  0.000E+00
  0.000E+00  0.000E+00  0.000E+00  0.000E+00  0.000E+00  0.000E+00  0.000E+00  0.000E+00  0.000E+00  0.000E+00
  0.000E+00  0.000E+00  0.000E+00  0.000E+00  0.000E+00  0.000E+00  0.000E+00  0.000E+00  0.000E+00  0.000E+00
  0.000E+00  0.000E+00  0.000E+00  0.000E+00  0.000E+00  0.000E+00  0.000E+00  0.000E+00  0.000E+00  0.000E+00
  0.000E+00  0.000E+00  0.000E+00  0.000E+00  0.000E+00  0.000E+00  0.000E+00  0.000E+00  0.000E+00  0.000E+00
  0.000E+00  0.000E+00  0.000E+00  0.000E+00  0.000E+00  0.000E+00  0.000E+00  0.000E+00  0.000E+00  0.000E+00
  0.000E+00  0.000E+00  0.000E+00  0.000E+00  0.000E+00  0.000E+00  0.000E+00  0.000E+00  0.000E+00  0.000E+00
  0.000E+00  0.000E+00  0.000E+00  0.000E+00  0.000E+00  0.000E+00  0.000E+00  0.000E+00  0.000E+00  0.000E+00
  0.000E+00  0.000E+00  0.000E+00  0.000E+00  0.000E+00  0.000E+00  0.000E+00  0.000E+00  0.000E+00  0.000E+00
  0.000E+00  0.000E+00  0.000E+00  0.000E+00  0.000E+00  0.000E+00  0.000E+00  0.000E+00  0.000E+00  0.000E+00
  0.000E+00  0.000E+00  0.000E+00  0.000E+00  0.000E+00  0.000E+00  0.000E+00  0.000E+00  0.000E+00  0.000E+00
  0.000E+00  0.000E+00  0.000E+00  0.000E+00  0.000E+00  0.000E+00  0.000E+00  0.000E+00  0.000E+00  0.000E+00
  0.000E+00  0.000E+00  0.000E+00  0.000E+00  0.000E+00  0.000E+00  0.000E+00  0.000E+00  0.000E+00  0.000E+00
  0.000E+00  0.000E+00  0.000E+00  0.000E+00  0.000E+00  0.000E+00  0.000E+00  0.000E+00  0.000E+00  0.000E+00
  0.000E+00  0.000E+00  0.000E+00  0.000E+00  0.000E+00  0.000E+00  0.000E+00  0.000E+00  0.000E+00  0.000E+00
  0.000E+00  0.000E+00  0.000E+00  0.000E+00  0.000E+00  0.000E+00  0.000E+00  0.000E+00  0.000E+00  0.000E+00
  0.000E+00  0.000E+00  0.000E+00  0.000E+00  0.000E+00  0.000E+00  0.000E+00  0.000E+00  0.000E+00  0.000E+00
  0.000E+00  0.000E+00  0.000E+00  0.000E+00  0.000E+00  0.000E+00  0.000E+00  0.000E+00  0.000E+00  0.000E+00
  0.000E+00  0.000E+00  0.000E+00  0.000E+00  0.000E+00  0.000E+00  0.000E+00  0.000E+00  0.000E+00  0.000E+00
  0.000E+00  0.000E+00  0.000E+00  0.000E+00  0.000E+00  0.000E+00  0.000E+00  0.000E+00  0.000E+00  0.000E+00
  0.000E+00  0.000E+00  0.000E+00  0.000E+00  0.000E+00  0.000E+00  0.000E+00  0.000E+00  0.000E+00  0.000E+00
  0.000E+00  0.000E+00  0.000E+00  0.000E+00  0.000E+00  0.000E+00  0.000E+00  0.000E+00  0.000E+00  0.000E+00
  0.000E+00  0.000E+00  0.000E+00  0.000E+00  0.000E+00  0.000E+00  0.000E+00  0.000E+00  0.000E+00  0.000E+00
  0.000E+00  0.000E+00  0.000E+00  0.000E+00  0.000E+00  0.000E+00  0.000E+00  0.000E+00  0.000E+00  0.000E+00
  0.000E+00  0.000E+00  0.000E+00  0.000E+00  0.000E+00  0.000E+00  0.000E+00  0.000E+00  0.000E+00  0.000E+00
  0.000E+00  0.000E+00  0.000E+00  0.000E+00  0.000E+00  0.000E+00  0.000E+00  0.000E+00  0.000E+00  0.000E+00
  0.000E+00  0.000E+00  0.000E+00  0.000E+00  0.000E+00  0.000E+00  0.000E+00  0.000E+00  0.000E+00  0.000E+00
  0.000E+00  0.000E+00  0.000E+00  0.000E+00  0.000E+00  0.000E+00  0.000E+00  0.000E+00  0.000E+00  0.000E+00
  0.000E+00  0.000E+00  0.000E+00  0.000E+00  0.000E+00  0.000E+00  0.000E+00  0.000E+00  0.000E+00  0.000E+00
  0.000E+00  0.000E+00  0.000E+00  0.000E+00  0.000E+00  0.000E+00  0.000E+00  0.000E+00  0.000E+00  0.000E+00
  0.000E+00  0.000E+00  0.000E+00  0.000E+00  0.000E+00  0.000E+00  0.000E+00  0.000E+00  0.000E+00  0.000E+00
  0.000E+00  0.000E+00  0.000E+00  0.000E+00  0.000E+00  0.000E+00  0.000E+00  0.000E+00  0.000E+00  0.000E+00
  0.000E+00  0.000E+00  0.000E+00  0.000E+00  0.000E+00  0.000E+00  0.000E+00  0.000E+00  0.000E+00  0.000E+00
  0.000E+00  0.000E+00  0.000E+00  0.000E+00  0.000E+00  0.000E+00  0.000E+00  0.000E+00  0.000E+00  0.000E+00
  1.000E+00  1.000E+00  1.000E+00  1.000E+00  1.000E+00  1.000E+00  1.000E+00  1.000E+00  1.000E+00  1.000E+00
  0.000E+00  0.000E+00  0.000E+00  0.000E+00  0.000E+00  0.000E+00  0.000E+00  0.000E+00  0.000E+00  0.000E+00
  0.000E+00  0.000E+00  0.000E+00  0.000E+00  0.000E+00  0.000E+00  0.000E+00  0.000E+00  0.000E+00  0.000E+00
  0.000E+00  0.000E+00  0.000E+00  0.000E+00  0.000E+00  0.000E+00  0.000E+00  0.000E+00  0.000E+00  0.000E+00
  0.000E+00  0.000E+00  0.000E+00  0.000E+00  0.000E+00  0.000E+00  0.000E+00  0.000E+00  0.000E+00  0.000E+00
  0.000E+00  0.000E+00  0.000E+00  0.000E+00  0.000E+00  0.000E+00  0.000E+00  0.000E+00  0.000E+00  1.000E+00
  1.000E+00  1.000E+00  1.000E+00  1.000E+00  1.000E+00  1.000E+00  1.000E+00  1.000E+00  1.000E+00  1.000E+00
  1.000E+00  1.000E+00  1.000E+00  1.000E+00  1.000E+00  1.000E+00  1.000E+00  1.000E+00  1.000E+00  0.000E+00
  0.000E+00  0.000E+00  0.000E+00  0.000E+00  0.000E+00  0.000E+00  0.000E+00  0.000E+00  0.000E+00  0.000E+00
  0.000E+00  0.000E+00  0.000E+00  0.000E+00  0.000E+00  0.000E+00  0.000E+00  0.000E+00  0.000E+00  0.000E+00
  0.000E+00  0.000E+00  0.000E+00  0.000E+00  0.000E+00  0.000E+00  0.000E+00  0.000E+00  0.000E+00  0.000E+00
  0.000E+00  0.000E+00  0.000E+00  0.000E+00  0.000E+00  0.000E+00  0.000E+00  0.000E+00  0.000E+00  0.000E+00
  0.000E+00  0.000E+00  0.000E+00  0.000E+00  0.000E+00  0.000E+00  0.000E+00  0.000E+00  1.000E+00  1.000E+00
  0.000E+00  0.000E+00  0.000E+00  0.000E+00  0.000E+00  0.000E+00  0.000E+00  0.000E+00  0.000E+00  0.000E+00
  0.000E+00  0.000E+00  0.000E+00  0.000E+00  0.000E+00  0.000E+00  0.000E+00  0.000E+00  0.000E+00  0.000E+00
  0.000E+00  0.000E+00  0.000E+00  0.000E+00  0.000E+00  0.000E+00  0.000E+00  0.000E+00  0.000E+00  0.000E+00
  0.000E+00  0.000E+00  0.000E+00  0.000E+00  0.000E+00  0.000E+00  0.000E+00  0.000E+00  0.000E+00  0.000E+00
  0.000E+00  0.000E+00  0.000E+00  0.000E+00  0.000E+00  0.000E+00  0.000E+00  0.000E+00  0.000E+00  0.000E+00
  0.000E+00  0.000E+00  0.000E+00  0.000E+00  0.000E+00  0.000E+00  0.000E+00  0.000E+00  0.000E+00  0.000E+00
  0.000E+00  0.000E+00  0.000E+00  0.000E+00  0.000E+00  0.000E+00  0.000E+00  0.000E+00  0.000E+00  0.000E+00
  0.000E+00  0.000E+00  0.000E+00  0.000E+00  0.000E+00  0.000E+00  0.000E+00  0.000E+00  0.000E+00  0.000E+00
  0.000E+00  0.000E+00  0.000E+00  0.000E+00  0.000E+00  0.000E+00  0.000E+00  0.000E+00  0.000E+00  0.000E+00
  0.000E+00  0.000E+00  0.000E+00  0.000E+00  0.000E+00  0.000E+00  0.000E+00  0.000E+00  0.000E+00  0.000E+00
  0.000E+00  0.000E+00  0.000E+00  0.000E+00  0.000E+00  0.000E+00  0.000E+00  0.000E+00  0.000E+00  0.000E+00
  0.000E+00  0.000E+00  0.000E+00  0.000E+00  0.000E+00  0.000E+00  0.000E+00  0.000E+00  0.000E+00  0.000E+00
  0.000E+00  0.000E+00  0.000E+00  0.000E+00  0.000E+00  0.000E+00  0.000E+00  0.000E+00  0.000E+00  0.000E+00
  0.000E+00  0.000E+00  0.000E+00  0.000E+00  0.000E+00  0.000E+00  0.000E+00  0.000E+00  0.000E+00  0.000E+00
  0.000E+00  0.000E+00  0.000E+00  0.000E+00  0.000E+00  0.000E+00  0.000E+00  0.000E+00  0.000E+00  0.000E+00
  0.000E+00  0.000E+00  0.000E+00  0.000E+00  0.000E+00  0.000E+00  0.000E+00  0.000E+00  0.000E+00  0.000E+00
  0.000E+00  0.000E+00  0.000E+00  0.000E+00  0.000E+00  0.000E+00  0.000E+00  0.000E+00  0.000E+00  0.000E+00
  0.000E+00  0.000E+00  0.000E+00  0.000E+00  0.000E+00  0.000E+00  0.000E+00  0.000E+00  0.000E+00  0.000E+00
  0.000E+00  0.000E+00  0.000E+00  0.000E+00  0.000E+00  0.000E+00  0.000E+00  0.000E+00  0.000E+00  0.000E+00
  0.000E+00  0.000E+00  0.000E+00  0.000E+00  0.000E+00  0.000E+00  0.000E+00  0.000E+00  0.000E+00  0.000E+00
  0.000E+00  0.000E+00  0.000E+00  0.000E+00  0.000E+00  0.000E+00  0.000E+00  0.000E+00  0.000E+00  0.000E+00
  0.000E+00  0.000E+00  0.000E+00  0.000E+00  0.000E+00  0.000E+00  0.000E+00  0.000E+00  0.000E+00  0.000E+00
  0.000E+00  0.000E+00  0.000E+00  0.000E+00  0.000E+00  0.000E+00  0.000E+00  7.133E-01  7.071E-01  7.071E-01
  7.071E-01  7.276E-01  1.000E+00  1.000E+00  1.000E+00  1.000E+00  1.000E+00  1.000E+00  1.000E+00  1.000E+00
  1.000E+00  1.000E+00  1.000E+00  1.000E+00  1.000E+00  1.000E+00  0.000E+00  0.000E+00  0.000E+00  0.000E+00
  0.000E+00  0.000E+00  0.000E+00  0.000E+00  0.000E+00  0.000E+00  0.000E+00  0.000E+00  0.000E+00  0.000E+00
  0.000E+00  0.000E+00  0.000E+00  0.000E+00  0.000E+00  0.000E+00  0.000E+00  0.000E+00  0.000E+00  0.000E+00
  0.000E+00  0.000E+00  0.000E+00  0.000E+00  0.000E+00  0.000E+00  0.000E+00  0.000E+00  0.000E+00  0.000E+00
  0.000E+00  1.000E+00  1.000E+00  1.000E+00  1.000E+00  1.000E+00  1.000E+00  1.000E+00  1.000E+00  1.000E+00
  1.000E+00  1.000E+00  1.000E+00  1.000E+00  1.000E+00  7.131E-01  7.071E-01  7.071E-01  7.071E-01  7.071E-01
  7.071E-01  7.071E-01  7.071E-01  7.188E-01  1.000E+00  1.000E+00  1.000E+00  1.000E+00  0.000E+00  0.000E+00
  0.000E+00  0.000E+00  0.000E+00  0.000E+00  0.000E+00  0.000E+00  0.000E+00  0.000E+00  0.000E+00  0.000E+00

#------------------------------------------------------------------------------
# gshow
#------------------------------------------------------------------------------

p: legs[c5*0.875]

hb:   line clip z  
frame:
  9.5000012E+01 -3.9999816E+00
  1.0500001E+02 -3.9999816E+00
  1.0500001E+02  4.0000184E+00
  9.5000012E+01  4.0000184E+00
clip:
  9.48039339E+01 -4.15684398E+00
  1.05196091E+02 -4.15684398E+00
  1.05196091E+02 -3.99056947E+00
  1.05196091E+02 -3.82429496E+00
  1.05196091E+02 -3.65802045E+00
  1.05196091E+02 -3.49174594E+00
  1.05196091E+02 -3.32547143E+00
  1.05196091E+02 -3.15919692E+00
  1.05196091E+02 -2.99292241E+00
  1.05196091E+02 -2.82664790E+00
  1.05196091E+02 -2.66037339E+00
  1.05196091E+02 -2.49409888E+00
  1.05196091E+02 -2.32782437E+00
  1.05196091E+02 -2.16154986E+00
  1.05196091E+02 -1.99527535E+00
  1.05196091E+02 -1.82900084E+00
  1.05196091E+02 -1.66272633E+00
  1.05196091E+02 -1.49645182E+00
  1.05196091E+02 -1.33017731E+00
  1.05196091E+02 -1.16390280E+00
  1.05196091E+02 -9.97628293E-01
  1.05196091E+02 -8.31353784E-01
  1.05196091E+02 -6.65079274E-01
  1.05196091E+02 -4.98804764E-01
  1.05196091E+02 -3.32530254E-01
  1.05196091E+02 -1.66255744E-01
  1.05196091E+02  1.87654312E-05
  1.05196091E+02  1.66293275E-01
  1.05196091E+02  3.32567785E-01
  1.05196091E+02  4.98842295E-01
  1.05196091E+02  6.65116805E-01
  1.05196091E+02  8.31391314E-01
  1.05196091E+02  9.97665824E-01
  1.05196091E+02  1.16394033E+00
  1.05196091E+02  1.33021484E+00
  1.05196091E+02  1.49648935E+00
  1.05196091E+02  1.66276386E+00
  1.05196091E+02  1.82903837E+00
  1.05196091E+02  1.99531288E+00
  1.05196091E+02  2.16158739E+00
  1.05196091E+02  2.32786190E+00
  1.05196091E+02  2.49413641E+00
  1.05196091E+02  2.66041092E+00
  1.05196091E+02  2.82668543E+00
  1.05196091E+02  2.99295994E+00
  1.05196091E+02  3.15923445E+00
  1.05196091E+02  3.32550896E+00
  1.05196091E+02  3.49178347E+00
  1.05196091E+02  3.65805798E+00
  1.05196091E+02  3.82433249E+00
  1.05196091E+02  3.99060700E+00
  1.05196091E+02  4.15688151E+00
  1.04988248E+02  4.15688151E+00
  1.04780405E+02  4.15688151E+00
  1.04572561E+02  4.15688151E+00
  1.04364718E+02  4.15688151E+00
  1.04156875E+02  4.15688151E+00
  1.03949032E+02  4.15688151E+00
  1.03741189E+02  4.15688151E+00
  1.03533346E+02  4.15688151E+00
  1.03325503E+02  4.15688151E+00
  1.03117659E+02  4.15688151E+00
  1.02909816E+02  4.15688151E+00
  1.02701973E+02  4.15688151E+00
  1.02494130E+02  4.15688151E+00
  1.02286287E+02  4.15688151E+00
  1.02078444E+02  4.15688151E+00
  1.01870601E+02  4.15688151E+00
  1.01662757E+02  4.15688151E+00
  1.01454914E+02  4.15688151E+00
  1.01247071E+02  4.15688151E+00
  1.01039228E+02  4.15688151E+00
  1.00831385E+02  4.15688151E+00
  1.00623542E+02  4.15688151E+00
  1.00415699E+02  4.15688151E+00
  1.00207855E+02  4.15688151E+00
  1.00000012E+02  4.15688151E+00
  9.97921692E+01  4.15688151E+00
  9.95843261E+01  4.15688151E+00
  9.93764829E+01  4.15688151E+00
  9.91686398E+01  4.15688151E+00
  9.89607967E+01  4.15688151E+00
  9.87529535E+01  4.15688151E+00
  9.85451104E+01  4.15688151E+00
  9.83372672E+01  4.15688151E+00
  9.81294241E+01  4.15688151E+00
  9.79215810E+01  4.15688151E+00
  9.77137378E+01  4.15688151E+00
  9.75058947E+01  4.15688151E+00
  9.72980516E+01  4.15688151E+00
  9.70902084E+01  4.15688151E+00
  9.68823653E+01  4.15688151E+00
  9.66745221E+01  4.15688151E+00
  9.64666790E+01  4.15688151E+00
  9.62588359E+01  4.15688151E+00
  9.60509927E+01  4.15688151E+00
  9.58431496E+01  4.15688151E+00
  9.56353065E+01  4.15688151E+00
  9.54274633E+01  4.15688151E+00
  9.52196202E+01  4.15688151E+00
  9.50117771E+01  4.15688151E+00
  9.48039339E+01  4.15688151E+00
  9.48039339E+01  3.99060700E+00
  9.48039339E+01  3.82433249E+00
  9.48039339E+01  3.65805798E+00
  9.48039339E+01  3.49178347E+00
  9.48039339E+01  3.32550896E+00
  9.48039339E+01  3.15923445E+00
  9.48039339E+01  2.99295994E+00
  9.48039339E+01  2.82668543E+00
  9.48039339E+01  2.66041092E+00
  9.48039339E+01  2.49413641E+00
  9.48039339E+01  2.32786190E+00
  9.48039339E+01  2.16158739E+00
  9.48039339E+01  1.99531288E+00
  9.48039339E+01  1.82903837E+00
  9.48039339E+01  1.66276386E+00
  9.48039339E+01  1.49648935E+00
  9.48039339E+01  1.33021484E+00
  9.48039339E+01  1.16394033E+00
  9.48039339E+01  9.97665824E-01
  9.48039339E+01  8.31391314E-01
  9.48039339E+01  6.65116805E-01
  9.48039339E+01  4.98842295E-01
  9.48039339E+01  3.32567785E-01
  9.48039339E+01  1.66293275E-01
  9.48039339E+01  1.87654312E-05
  9.48039339E+01 -1.66255744E-01
  9.48039339E+01 -3.32530254E-01
  9.48039339E+01 -4.98804764E-01
  9.48039339E+01 -6.65079274E-01
  9.48039339E+01 -8.31353784E-01
  9.48039339E+01 -9.97628293E-01
  9.48039339E+01 -1.16390280E+00
  9.48039339E+01 -1.33017731E+00
  9.48039339E+01 -1.49645182E+00
  9.48039339E+01 -1.66272633E+00
  9.48039339E+01 -1.82900084E+00
  9.48039339E+01 -1.99527535E+00
  9.48039339E+01 -2.16154986E+00
  9.48039339E+01 -2.32782437E+00
  9.48039339E+01 -2.49409888E+00
  9.48039339E+01 -2.66037339E+00
  9.48039339E+01 -2.82664790E+00
  9.48039339E+01 -2.99292241E+00
  9.48039339E+01 -3.15919692E+00
  9.48039339E+01 -3.32547143E+00
  9.48039339E+01 -3.49174594E+00
  9.48039339E+01 -3.65802045E+00
  9.48039339E+01 -3.82429496E+00
  9.48039339E+01 -3.99056947E+00
  9.48039339E+01 -4.15684398E+00

hb:   line clip z  
clip:
  9.83300000E+01 -2.00108915E+00
  9.83372672E+01 -2.05000000E+00
  9.83800000E+01 -2.02946155E+00
  9.83800000E+01 -1.99527535E+00
  9.83800000E+01 -1.96108915E+00
  9.83800000E+01 -1.82900084E+00
  9.83800000E+01 -1.79481464E+00
  9.83372672E+01 -1.75000000E+00
  9.83300000E+01 -1.82318704E+00
  9.83300000E+01 -1.99527535E+00

hb:   line clip z  
clip:
  9.84767046E+01 -2.05000000E+00
  9.85451104E+01 -2.05000000E+00
  9.85800000E+01 -2.02318704E+00
  9.85800000E+01 -1.99527535E+00
  9.85800000E+01 -1.96736366E+00
  9.85800000E+01 -1.82900084E+00
  9.85800000E+01 -1.80108915E+00
  9.85800000E+01 -1.66272633E+00
  9.85800000E+01 -1.63481464E+00
  9.85800000E+01 -1.49645182E+00
  9.85800000E+01 -1.46854013E+00
  9.85451104E+01 -1.35000000E+00
  9.83800000E+01 -1.36436351E+00
  9.83800000E+01 -1.49645182E+00
  9.83800000E+01 -1.62854013E+00
  9.83800000E+01 -1.66272633E+00
  9.83800000E+01 -1.79481464E+00
  9.83800000E+01 -1.82900084E+00
  9.83800000E+01 -1.96108915E+00
  9.83800000E+01 -1.99527535E+00

hb:   line clip z  
clip:
  9.86845477E+01 -2.05000000E+00
  9.89607967E+01 -2.05000000E+00
  9.90100000E+01 -2.03463802E+00
  9.90100000E+01 -1.99527535E+00
  9.90100000E+01 -1.95591268E+00
  9.90100000E+01 -1.82900084E+00
  9.90100000E+01 -1.78963817E+00
  9.89607967E+01 -1.75000000E+00
  9.88620456E+01 -1.75000000E+00
  9.87529535E+01 -1.75000000E+00
  9.86542025E+01 -1.75000000E+00
  9.85800000E+01 -1.82900084E+00
  9.85800000E+01 -1.96736366E+00
  9.85800000E+01 -1.99527535E+00

hb:   line clip z  
clip:
  9.91002340E+01 -2.05000000E+00
  9.91686398E+01 -2.05000000E+00
  9.92100000E+01 -2.02836351E+00
  9.92100000E+01 -1.99527535E+00
  9.92100000E+01 -1.96218719E+00
  9.92100000E+01 -1.82900084E+00
  9.92100000E+01 -1.79591268E+00
  9.92100000E+01 -1.66272633E+00
  9.92100000E+01 -1.62963817E+00
  9.92100000E+01 -1.49645182E+00
  9.92100000E+01 -1.46336366E+00
  9.92100000E+01 -1.33017731E+00
  9.92100000E+01 -1.29708915E+00
  9.92100000E+01 -1.16390280E+00
  9.92100000E+01 -1.13081464E+00
  9.92100000E+01 -9.97628293E-01
  9.92100000E+01 -9.64540131E-01
  9.92100000E+01 -8.31353784E-01
  9.92100000E+01 -7.98265621E-01
  9.92100000E+01 -6.65079274E-01
  9.92100000E+01 -6.31991111E-01
  9.92100000E+01 -4.98804764E-01
  9.92100000E+01 -4.65716601E-01
  9.92100000E+01 -3.32530254E-01
  9.92100000E+01 -2.99442092E-01
  9.92100000E+01 -1.66255744E-01
  9.92100000E+01 -1.33167582E-01
  9.92100000E+01  1.87654312E-05
  9.92100000E+01  3.31069281E-02
  9.92100000E+01  1.66293275E-01
  9.92100000E+01  1.99381438E-01
  9.92100000E+01  3.32567785E-01
  9.92100000E+01  3.65655948E-01
  9.92100000E+01  4.98842295E-01
  9.92100000E+01  5.31930458E-01
  9.92100000E+01  6.65116805E-01
  9.92100000E+01  6.98204967E-01
  9.92100000E+01  8.31391314E-01
  9.92100000E+01  8.64479477E-01
  9.92100000E+01  9.97665824E-01
  9.92100000E+01  1.03075399E+00
  9.92100000E+01  1.16394033E+00
  9.92100000E+01  1.19702850E+00
  9.92100000E+01  1.33021484E+00
  9.92100000E+01  1.36330301E+00
  9.92100000E+01  1.49648935E+00
  9.92100000E+01  1.52957752E+00
  9.92100000E+01  1.66276386E+00
  9.92100000E+01  1.69585203E+00
  9.92100000E+01  1.82903837E+00
  9.92100000E+01  1.86212654E+00
  9.92100000E+01  1.99531288E+00
  9.92100000E+01  2.02840105E+00
  9.91686398E+01  2.05000000E+00
  9.91002809E+01  2.05000000E+00
  9.90100000E+01  1.99531288E+00
  9.90100000E+01  1.86840105E+00
  9.90100000E+01  1.82903837E+00
  9.90100000E+01  1.70212654E+00
  9.90100000E+01  1.66276386E+00
  9.90100000E+01  1.53585203E+00
  9.90100000E+01  1.49648935E+00
  9.90100000E+01  1.36957752E+00
  9.90100000E+01  1.33021484E+00
  9.90100000E+01  1.20330301E+00
  9.90100000E+01  1.16394033E+00
  9.90100000E+01  1.03702850E+00
  9.90100000E+01  9.97665824E-01
  9.90100000E+01  8.70753987E-01
  9.90100000E+01  8.31391314E-01
  9.90100000E+01  7.04479477E-01
  9.90100000E+01  6.65116805E-01
  9.90100000E+01  5.38204967E-01
  9.90100000E+01  4.98842295E-01
  9.90100000E+01  3.71930458E-01
  9.90100000E+01  3.32567785E-01
  9.90100000E+01  2.05655948E-01
  9.90100000E+01  1.66293275E-01
  9.90100000E+01  3.93814379E-02
  9.90100000E+01  1.87654312E-05
  9.90100000E+01 -1.26893072E-01
  9.90100000E+01 -1.66255744E-01
  9.90100000E+01 -2.93167582E-01
  9.90100000E+01 -3.32530254E-01
  9.90100000E+01 -4.59442092E-01
  9.90100000E+01 -4.98804764E-01
  9.90100000E+01 -6.25716601E-01
  9.90100000E+01 -6.65079274E-01
  9.90100000E+01 -7.91991111E-01
  9.90100000E+01 -8.31353784E-01
  9.90100000E+01 -9.58265621E-01
  9.90100000E+01 -9.97628293E-01
  9.90100000E+01 -1.12454013E+00
  9.90100000E+01 -1.16390280E+00
  9.90100000E+01 -1.29081464E+00
  9.90100000E+01 -1.33017731E+00
  9.90100000E+01 -1.45708915E+00
  9.90100000E+01 -1.49645182E+00
  9.90100000E+01 -1.62336366E+00
  9.90100000E+01 -1.66272633E+00
  9.90100000E+01 -1.78963817E+00
  9.90100000E+01 -1.82900084E+00
  9.90100000E+01 -1.95591268E+00
  9.90100000E+01 -1.99527535E+00

hb:   line clip z  
clip:
  9.83300000E+01 -1.66854013E+00
  9.83372672E+01 -1.75000000E+00
  9.83750000E+01 -1.69291253E+00
  9.83750000E+01 -1.66272633E+00
  9.83750000E+01 -1.63254013E+00
  9.83750000E+01 -1.49645182E+00
  9.83750000E+01 -1.46626562E+00
  9.83750000E+01 -1.33017731E+00
  9.83750000E+01 -1.29999111E+00
  9.83750000E+01 -1.16390280E+00
  9.83750000E+01 -1.13371660E+00
  9.83750000E+01 -9.97628293E-01
  9.83750000E+01 -9.67442092E-01
  9.83750000E+01 -8.31353784E-01
  9.83750000E+01 -8.01167582E-01
  9.83750000E+01 -6.65079274E-01
  9.83750000E+01 -6.34893072E-01
  9.83750000E+01 -4.98804764E-01
  9.83750000E+01 -4.68618562E-01
  9.83750000E+01 -3.32530254E-01
  9.83750000E+01 -3.02344052E-01
  9.83750000E+01 -1.66255744E-01
  9.83750000E+01 -1.36069542E-01
  9.83750000E+01  1.87654312E-05
  9.83750000E+01  3.02049673E-02
  9.83750000E+01  1.66293275E-01
  9.83750000E+01  1.96479477E-01
  9.83750000E+01  3.32567785E-01
  9.83750000E+01  3.62753987E-01
  9.83750000E+01  4.98842295E-01
  9.83750000E+01  5.29028497E-01
  9.83750000E+01  6.65116805E-01
  9.83750000E+01  6.95303007E-01
  9.83750000E+01  8.31391314E-01
  9.83750000E+01  8.61577516E-01
  9.83750000E+01  9.97665824E-01
  9.83750000E+01  1.02785203E+00
  9.83750000E+01  1.16394033E+00
  9.83750000E+01  1.19412654E+00
  9.83750000E+01  1.33021484E+00
  9.83750000E+01  1.36040105E+00
  9.83750000E+01  1.49648935E+00
  9.83750000E+01  1.52667556E+00
  9.83750000E+01  1.66276386E+00
  9.83750000E+01  1.69295007E+00
  9.83300000E+01  1.66857766E+00
  9.83300000E+01 -1.66272633E+00

hb:   line clip z  
clip:
  9.86438614E+01 -1.75000000E+00
  9.89607967E+01 -1.75000000E+00
  9.90100000E+01 -1.70208901E+00
  9.90100000E+01 -1.66272633E+00
  9.90100000E+01 -1.62336366E+00
  9.90100000E+01 -1.49645182E+00
  9.90100000E+01 -1.45708915E+00
  9.90100000E+01 -1.33017731E+00
  9.90100000E+01 -1.29081464E+00
  9.90100000E+01 -1.16390280E+00
  9.90100000E+01 -1.12454013E+00
  9.90100000E+01 -9.97628293E-01
  9.90100000E+01 -9.58265621E-01
  9.90100000E+01 -8.31353784E-01
  9.90100000E+01 -7.91991111E-01
  9.90100000E+01 -6.65079274E-01
  9.90100000E+01 -6.25716601E-01
  9.90100000E+01 -4.98804764E-01
  9.90100000E+01 -4.59442092E-01
  9.90100000E+01 -3.32530254E-01
  9.90100000E+01 -2.93167582E-01
  9.90100000E+01 -1.66255744E-01
  9.90100000E+01 -1.26893072E-01
  9.90100000E+01  1.87654312E-05
  9.90100000E+01  3.93814379E-02
  9.90100000E+01  1.66293275E-01
  9.90100000E+01  2.05655948E-01
  9.90100000E+01  3.32567785E-01
  9.90100000E+01  3.71930458E-01
  9.90100000E+01  4.98842295E-01
  9.90100000E+01  5.38204967E-01
  9.90100000E+01  6.65116805E-01
  9.90100000E+01  7.04479477E-01
  9.90100000E+01  8.31391314E-01
  9.90100000E+01  8.70753987E-01
  9.90100000E+01  9.97665824E-01
  9.90100000E+01  1.03702850E+00
  9.90100000E+01  1.16394033E+00
  9.90100000E+01  1.20330301E+00
  9.90100000E+01  1.33021484E+00
  9.90100000E+01  1.36957752E+00
  9.90100000E+01  1.49648935E+00
  9.90100000E+01  1.53585203E+00
  9.90100000E+01  1.66276386E+00
  9.90100000E+01  1.70212654E+00
  9.89607967E+01  1.75000000E+00
  9.88517515E+01  1.75000000E+00
  9.87529535E+01  1.75000000E+00
  9.86439084E+01  1.75000000E+00
  9.85800000E+01  1.66276386E+00
  9.85800000E+01  1.52440105E+00
  9.85800000E+01  1.49648935E+00
  9.85800000E+01  1.35812654E+00
  9.85800000E+01  1.33021484E+00
  9.85800000E+01  1.19185203E+00
  9.85800000E+01  1.16394033E+00
  9.85800000E+01  1.02557752E+00
  9.85800000E+01  9.97665824E-01
  9.85800000E+01  8.59303007E-01
  9.85800000E+01  8.31391314E-01
  9.85800000E+01  6.93028497E-01
  9.85800000E+01  6.65116805E-01
  9.85800000E+01  5.26753987E-01
  9.85800000E+01  4.98842295E-01
  9.85800000E+01  3.60479477E-01
  9.85800000E+01  3.32567785E-01
  9.85800000E+01  1.94204967E-01
  9.85800000E+01  1.66293275E-01
  9.85800000E+01  2.79304575E-02
  9.85800000E+01  1.87654312E-05
  9.85800000E+01 -1.38344052E-01
  9.85800000E+01 -1.66255744E-01
  9.85800000E+01 -3.04618562E-01
  9.85800000E+01 -3.32530254E-01
  9.85800000E+01 -4.70893072E-01
  9.85800000E+01 -4.98804764E-01
  9.85800000E+01 -6.37167582E-01
  9.85800000E+01 -6.65079274E-01
  9.85800000E+01 -8.03442092E-01
  9.85800000E+01 -8.31353784E-01
  9.85800000E+01 -9.69716601E-01
  9.85800000E+01 -9.97628293E-01
  9.85800000E+01 -1.13599111E+00
  9.85800000E+01 -1.16390280E+00
  9.85800000E+01 -1.30226562E+00
  9.85800000E+01 -1.33017731E+00
  9.85800000E+01 -1.46854013E+00
  9.85800000E+01 -1.49645182E+00
  9.85800000E+01 -1.63481464E+00
  9.85800000E+01 -1.66272633E+00

hb:   line clip z  
clip:
  9.85203320E+01 -1.35000000E+00
  9.85698887E+01 -1.35000000E+00
  9.85800000E+01 -1.33017731E+00
  9.85800000E+01 -1.30226562E+00
  9.85800000E+01 -1.16390280E+00
  9.85800000E+01 -1.13599111E+00
  9.85800000E+01 -9.97628293E-01
  9.85800000E+01 -9.69716601E-01
  9.85800000E+01 -8.31353784E-01
  9.85800000E+01 -8.03442092E-01
  9.85451104E+01 -7.96977379E-01
  9.85049714E+01 -7.99242600E-01
  9.83800000E+01 -8.31353784E-01
  9.83800000E+01 -9.63442092E-01
  9.83800000E+01 -9.97628293E-01
  9.83800000E+01 -1.12971660E+00
  9.83800000E+01 -1.16390280E+00
  9.83800000E+01 -1.29599111E+00
  9.83800000E+01 -1.33017731E+00

hb:   line clip z  
clip:
  9.83841287E+01 -7.93864600E-01
  9.85451104E+01 -7.96977379E-01
  9.85800000E+01 -6.92990966E-01
  9.85800000E+01 -6.65079274E-01
  9.85800000E+01 -6.37167582E-01
  9.85800000E+01 -4.98804764E-01
  9.85800000E+01 -4.70893072E-01
  9.85800000E+01 -3.32530254E-01
  9.85800000E+01 -3.04618562E-01
  9.85800000E+01 -1.66255744E-01
  9.85800000E+01 -1.38344052E-01
  9.85800000E+01  1.87654312E-05
  9.85800000E+01  2.79304575E-02
  9.85800000E+01  1.66293275E-01
  9.85800000E+01  1.94204967E-01
  9.85800000E+01  3.32567785E-01
  9.85800000E+01  3.60479477E-01
  9.85800000E+01  4.98842295E-01
  9.85800000E+01  5.26753987E-01
  9.85800000E+01  6.65116805E-01
  9.85800000E+01  6.93028497E-01
  9.85451104E+01  7.96977379E-01
  9.83841695E+01  7.93869522E-01
  9.83800000E+01  6.65116805E-01
  9.83800000E+01  5.33028497E-01
  9.83800000E+01  4.98842295E-01
  9.83800000E+01  3.66753987E-01
  9.83800000E+01  3.32567785E-01
  9.83800000E+01  2.00479477E-01
  9.83800000E+01  1.66293275E-01
  9.83800000E+01  3.42049673E-02
  9.83800000E+01  1.87654312E-05
  9.83800000E+01 -1.32069542E-01
  9.83800000E+01 -1.66255744E-01
  9.83800000E+01 -2.98344052E-01
  9.83800000E+01 -3.32530254E-01
  9.83800000E+01 -4.64618562E-01
  9.83800000E+01 -4.98804764E-01
  9.83800000E+01 -6.30893072E-01
  9.83800000E+01 -6.65079274E-01

hb:   line clip z  
clip:
  9.85049263E+01  7.99244009E-01
  9.85451104E+01  7.96977379E-01
  9.85800000E+01  8.03479622E-01
  9.85800000E+01  8.31391314E-01
  9.85800000E+01  8.59303007E-01
  9.85800000E+01  9.97665824E-01
  9.85800000E+01  1.02557752E+00
  9.85800000E+01  1.16394033E+00
  9.85800000E+01  1.19185203E+00
  9.85800000E+01  1.33021484E+00
  9.85698418E+01  1.35000000E+00
  9.85451104E+01  1.35000000E+00
  9.85203789E+01  1.35000000E+00
  9.83800000E+01  1.33021484E+00
  9.83800000E+01  1.19812654E+00
  9.83800000E+01  1.16394033E+00
  9.83800000E+01  1.03185203E+00
  9.83800000E+01  9.97665824E-01
  9.83800000E+01  8.65577516E-01
  9.83800000E+01  8.31391314E-01

hb:   line clip z  
clip:
  9.83800000E+01  1.36440105E+00
  9.85451104E+01  1.35000000E+00
  9.85800000E+01  1.46857766E+00
  9.85800000E+01  1.49648935E+00
  9.85800000E+01  1.52440105E+00
  9.85800000E+01  1.66276386E+00
  9.85800000E+01  1.69067556E+00
  9.85800000E+01  1.82903837E+00
  9.85800000E+01  1.85695007E+00
  9.85800000E+01  1.99531288E+00
  9.85800000E+01  2.02322458E+00
  9.85451104E+01  2.05000000E+00
  9.84767515E+01  2.05000000E+00
  9.83800000E+01  1.99531288E+00
  9.83800000E+01  1.86322458E+00
  9.83800000E+01  1.82903837E+00
  9.83800000E+01  1.69695007E+00
  9.83800000E+01  1.66276386E+00
  9.83800000E+01  1.53067556E+00
  9.83800000E+01  1.49648935E+00

hb:   line clip z  
clip:
  9.83300000E+01  1.82322458E+00
  9.83372672E+01  1.75000000E+00
  9.83800000E+01  1.79485217E+00
  9.83800000E+01  1.82903837E+00
  9.83800000E+01  1.86322458E+00
  9.83800000E+01  1.99531288E+00
  9.83800000E+01  2.02949908E+00
  9.83300000E+01  2.00112668E+00
  9.83300000E+01  1.82903837E+00

hb:   line clip z  
clip:
  9.86541556E+01  1.75000000E+00
  9.89607967E+01  1.75000000E+00
  9.90100000E+01  1.78967570E+00
  9.90100000E+01  1.82903837E+00
  9.90100000E+01  1.86840105E+00
  9.90100000E+01  1.99531288E+00
  9.90100000E+01  2.03467556E+00
  9.89607967E+01  2.05000000E+00
  9.88924378E+01  2.05000000E+00
  9.87529535E+01  2.05000000E+00
  9.86845946E+01  2.05000000E+00
  9.85800000E+01  1.99531288E+00
  9.85800000E+01  1.85695007E+00
  9.85800000E+01  1.82903837E+00

#------------------------------------------------------------------------------
z: xorg(1.03)
p: xfac[c2*0.05] form[c1/0.05] notc noxt noyt dmin(1)
p: ymin(0) ymax(1) xmin(0) xmax(1) cmin(1) cmax(100) nosp
hc: y= 0.005 to 0.995 by 0.01 ; x= 0.5 to 0.5 by 1 ;
 1  2  3  4  5  6  7  8  9 10 11 12 13 14 15 16 17 18 19 20
21 22 23 24 25 26 27 28 29 30 31 32 33 34 35 36 37 38 39 40
41 42 43 44 45 46 47 48 49 50 51 52 53 54 55 56 57 58 59 60
61 62 63 64 65 66 67 68 69 70 71 72 73 74 75 76 77 78 79 80
81 82 83 84 85 86 87 88 89 90 91 92 93 94 95 96 97 98 99 100
z: xorg(0.0)
p: xfac[c2*0.05] form[c1/0.05] nosp afac[c5*0.625] ymin[c3] ymax[c4]
p: noxt noxn ytxt(-1) ynum(-1) xltd(-1) xstd(-1) itic(1) ylog
y: Relative Error
#------------------------------------------------------------------------------

wt: s[c5]
\vspace{-3}
  emin  &=&   0.0000E+00 [MeV]
  emax  &=&   1.0000E+03 [MeV]
  ymin  &=&   0.0000E+00 [cm]
  ymax  &=&   1.0000E-01 [cm]
  part. &=& proton  
e:

#------------------------------------------------------------------------------
z: xorg[-1.03/0.05]
p: form[c1] xfac[c2] afac[c5] nosp notf
p: xmin(  95.00000    ) xmax(  105.0000    )
p: ymin( -4.000000    ) ymax(  4.000000    )
 
# Information for Restart Calculation
# This calculation was newly started
# istdev =  2 # 1:Batch variance, 2:History variance
# resc2  = 4.00544249999867124E-06 # Total source weight or Total source weight / maxcas
# resc3  = 2.50000000000000000E+04 # Total history number or Total batch number
# maxcas =       25000 # History / Batch, only used for istdev=1
# bitrseed = 0010111011011010101101101101010110110000111001100110110010111011 # bit data of rseed
