[ T-Track ]
    title = [t-track] in xyz mesh
     mesh =  xyz            # mesh type is xyz scoring mesh
   x-type =    2            # x-mesh is linear given by xmin, xmax and nx
     xmin =  -4.000000      # minimum value of x-mesh points
     xmax =   4.000000      # maximum value of x-mesh points
#    xdel =  0.3200000      # mesh width of x-mesh points
       nx =     25          # number of x-mesh points
#    data = ( x(i), i = 1, nx + 1 )
#          -4.00000E+00 -3.68000E+00 -3.36000E+00 -3.04000E+00 -2.72000E+00
#          -2.40000E+00 -2.08000E+00 -1.76000E+00 -1.44000E+00 -1.12000E+00
#          -8.00000E-01 -4.80000E-01 -1.60000E-01  1.60000E-01  4.80000E-01
#           8.00000E-01  1.12000E+00  1.44000E+00  1.76000E+00  2.08000E+00
#           2.40000E+00  2.72000E+00  3.04000E+00  3.36000E+00  3.68000E+00
#           4.00000E+00
   y-type =    2            # y-mesh is linear given by ymin, ymax and ny
     ymin =  -6.000000      # minimum value of y-mesh points
     ymax =   5.000000      # maximum value of y-mesh points
#    ydel =  0.1833333      # mesh width of y-mesh points
       ny =     60          # number of y-mesh points
#    data = ( y(i), i = 1, ny + 1 )
#          -6.00000E+00 -5.81667E+00 -5.63333E+00 -5.45000E+00 -5.26667E+00
#          -5.08333E+00 -4.90000E+00 -4.71667E+00 -4.53333E+00 -4.35000E+00
#          -4.16667E+00 -3.98333E+00 -3.80000E+00 -3.61667E+00 -3.43333E+00
#          -3.25000E+00 -3.06667E+00 -2.88333E+00 -2.70000E+00 -2.51667E+00
#          -2.33333E+00 -2.15000E+00 -1.96667E+00 -1.78333E+00 -1.60000E+00
#          -1.41667E+00 -1.23333E+00 -1.05000E+00 -8.66667E-01 -6.83333E-01
#          -5.00000E-01 -3.16667E-01 -1.33333E-01  5.00000E-02  2.33333E-01
#           4.16667E-01  6.00000E-01  7.83333E-01  9.66667E-01  1.15000E+00
#           1.33333E+00  1.51667E+00  1.70000E+00  1.88333E+00  2.06667E+00
#           2.25000E+00  2.43333E+00  2.61667E+00  2.80000E+00  2.98333E+00
#           3.16667E+00  3.35000E+00  3.53333E+00  3.71667E+00  3.90000E+00
#           4.08333E+00  4.26667E+00  4.45000E+00  4.63333E+00  4.81667E+00
#           5.00000E+00
   z-type =    1            # z-mesh is given by the below data
       nz =      1          # number of z-mesh points
#    data = ( z(i), i = 1, nz + 1 )
            9.84700E+01  9.84900E+01
   e-type =    1            # e-mesh is given by the below data
       ne =      1          # number of e-mesh points
#    data = ( e(i), i = 1, ne + 1 )
            0.00000E+00  1.00000E+03
     unit =    1            # unit is [1/cm^2/source]
 material =  all            # (D=all) number of specific material
  2D-type =    3            # 1:Cont, 2:Clust, 3:Color, 4:xyz, 5:mat, 6:Clust+Cont, 7:Col+Cont
     axis =      xy            # axis of output
     file = track_xy_L.out  # file name of output for the above axis
     part =  proton   
# kf/name :  2212     
    gshow =    1            # 0: no 1:bnd, 2:bnd+mat, 3:bnd+reg 4:bnd+lat 5:bmp style
    resol =    1            # (D=1) resolution of gshow or rshow
    width = 0.5000000       # (D=0.5) width of lines for gshow or rshow
   epsout =    1            # (D=0) generate eps file by ANGEL
#    used :        main (  %)        temp (  %)       total (  %)
#  memory :          95 (  0)           0 (  0)          95 (  0)

#------------------------------------------------------------------------------
#newpage:
#   no. =  1   ie  =  1   iz  =  1   part. = proton  
#   e = (   0.0000E+00  -   1.0000E+03  )
#   z = (   9.8470E+01  -   9.8490E+01  )

'no. =  1,  ie =  1,  iz =  1'
msuc: {\huge [t-track] in xyz mesh}
msdr: {\it plotted by \ANGEL \version}
msdl: {\it calculated by \PHITS  3.35}

x: x [cm]
y: y [cm]
set: c1[ 1.375] c2[ 0.768] c5[ 0.800] c6[ 0.878] c7[ 0.250] c8[ 0.000]
p: h2fs form[c1] xfac[c2] afac[c5] scal[c6] xorg[c7] yorg[c8] nosp
set: c3[   8.534772E+03] c4[   1.080697E+06]
p: cmin[c3] cmax[c4]
p: dmin(1e-31)
p: zlog
p: xmin( -4.000000    ) xmax(  4.000000    )
p: ymin( -6.000000    ) ymax(  5.000000    )
#  ny =  60   nx =  25
# ( ( data(x,y), x = 1, nx ), y = ny, 1, -1 )

hc:  y =   4.908333     to  -5.908333     by  0.1833333     ; x =  -3.840000     to   3.840000     by  0.3200000     ;
  3.139E+05  3.184E+05  3.870E+05  3.888E+05  4.552E+05  4.584E+05  5.122E+05  4.882E+05  5.599E+05  5.996E+05
  5.241E+05  5.686E+05  5.794E+05  5.768E+05  5.506E+05  5.290E+05  5.555E+05  5.182E+05  4.791E+05  4.647E+05
  4.203E+05  3.854E+05  3.640E+05  3.230E+05  3.018E+05  3.270E+05  3.712E+05  3.994E+05  4.295E+05  4.607E+05
  4.796E+05  5.367E+05  5.800E+05  6.355E+05  6.075E+05  6.385E+05  5.847E+05  5.959E+05  6.010E+05  6.222E+05
  6.107E+05  5.646E+05  5.156E+05  5.427E+05  5.123E+05  4.752E+05  4.398E+05  4.172E+05  3.712E+05  3.450E+05
  3.427E+05  3.860E+05  4.422E+05  4.922E+05  4.772E+05  5.580E+05  5.559E+05  5.943E+05  6.625E+05  6.426E+05
  6.317E+05  6.532E+05  6.846E+05  6.599E+05  6.222E+05  6.460E+05  6.263E+05  5.659E+05  5.810E+05  5.447E+05
  4.934E+05  5.176E+05  4.392E+05  3.776E+05  3.467E+05  4.055E+05  4.272E+05  4.477E+05  5.110E+05  5.525E+05
  5.713E+05  6.678E+05  6.207E+05  7.176E+05  6.250E+05  6.832E+05  7.185E+05  6.970E+05  7.381E+05  6.660E+05
  6.936E+05  6.664E+05  6.618E+05  5.793E+05  5.348E+05  5.419E+05  5.088E+05  5.086E+05  4.159E+05  3.847E+05
  3.719E+05  4.762E+05  4.697E+05  5.530E+05  5.718E+05  6.216E+05  6.241E+05  7.096E+05  7.188E+05  7.143E+05
  7.418E+05  7.653E+05  7.550E+05  7.677E+05  7.622E+05  7.477E+05  7.036E+05  6.686E+05  6.801E+05  6.417E+05
  6.584E+05  5.530E+05  4.967E+05  4.325E+05  4.027E+05  4.118E+05  4.550E+05  5.229E+05  5.565E+05  6.133E+05
  6.514E+05  7.026E+05  7.554E+05  7.433E+05  7.982E+05  7.470E+05  7.699E+05  7.915E+05  7.944E+05  8.316E+05
  7.959E+05  7.539E+05  7.297E+05  6.856E+05  6.417E+05  6.130E+05  5.772E+05  5.634E+05  5.006E+05  4.445E+05
  4.706E+05  5.058E+05  5.752E+05  5.961E+05  6.356E+05  7.163E+05  7.011E+05  7.515E+05  7.836E+05  7.630E+05
  7.823E+05  8.204E+05  8.733E+05  7.960E+05  8.236E+05  8.133E+05  7.711E+05  7.612E+05  7.103E+05  7.034E+05
  6.627E+05  6.120E+05  5.542E+05  5.366E+05  4.603E+05  5.132E+05  5.607E+05  5.766E+05  6.390E+05  6.544E+05
  7.402E+05  7.780E+05  7.925E+05  8.039E+05  8.516E+05  8.915E+05  8.756E+05  8.510E+05  8.462E+05  8.512E+05
  8.535E+05  8.242E+05  7.888E+05  7.646E+05  7.739E+05  7.310E+05  5.964E+05  5.472E+05  5.680E+05  4.968E+05
  5.037E+05  6.305E+05  6.354E+05  6.861E+05  6.902E+05  7.958E+05  8.019E+05  8.554E+05  8.427E+05  9.021E+05
  8.903E+05  8.925E+05  9.021E+05  9.282E+05  8.542E+05  9.069E+05  8.848E+05  8.019E+05  8.092E+05  7.494E+05
  7.330E+05  6.670E+05  6.304E+05  5.640E+05  5.274E+05  5.440E+05  5.926E+05  6.664E+05  6.885E+05  7.587E+05
  8.235E+05  8.113E+05  8.949E+05  9.035E+05  9.697E+05  9.478E+05  9.488E+05  8.821E+05  9.211E+05  9.413E+05
  8.536E+05  9.035E+05  8.747E+05  8.163E+05  8.111E+05  7.317E+05  6.933E+05  6.308E+05  5.772E+05  5.672E+05
  5.532E+05  6.145E+05  6.987E+05  7.039E+05  7.553E+05  8.190E+05  9.088E+05  8.780E+05  9.332E+05  9.632E+05
  9.167E+05  9.376E+05  9.403E+05  9.951E+05  9.406E+05  9.284E+05  9.101E+05  9.192E+05  8.962E+05  8.352E+05
  7.478E+05  7.576E+05  6.830E+05  6.213E+05  5.830E+05  5.840E+05  6.682E+05  7.201E+05  7.194E+05  8.161E+05
  8.890E+05  8.701E+05  9.045E+05  9.371E+05  1.004E+06  1.031E+06  9.917E+05  1.031E+06  9.682E+05  9.684E+05
  1.004E+06  9.630E+05  9.441E+05  9.102E+05  8.969E+05  8.337E+05  7.756E+05  7.096E+05  6.610E+05  5.808E+05
  6.293E+05  7.027E+05  7.348E+05  8.011E+05  8.849E+05  8.552E+05  9.424E+05  9.614E+05  9.903E+05  9.999E+05
  1.020E+06  1.007E+06  1.002E+06  9.768E+05  9.885E+05  9.901E+05  9.406E+05  1.019E+06  9.031E+05  8.881E+05
  8.614E+05  7.922E+05  7.453E+05  6.927E+05  6.414E+05  6.530E+05  6.877E+05  7.808E+05  8.025E+05  9.000E+05
  9.189E+05  9.292E+05  9.886E+05  1.037E+06  1.028E+06  1.015E+06  9.798E+05  1.023E+06  9.817E+05  1.068E+06
  9.720E+05  9.728E+05  9.778E+05  9.876E+05  9.171E+05  9.131E+05  7.954E+05  7.658E+05  6.564E+05  6.368E+05
  6.916E+05  7.377E+05  8.152E+05  8.389E+05  9.108E+05  1.001E+06  9.277E+05  9.971E+05  1.011E+06  1.047E+06
  1.047E+06  1.077E+06  1.017E+06  1.027E+06  1.022E+06  9.891E+05  1.041E+06  9.979E+05  9.669E+05  9.621E+05
  9.148E+05  8.170E+05  7.995E+05  7.361E+05  6.368E+05  7.228E+05  7.065E+05  8.351E+05  8.913E+05  9.044E+05
  9.624E+05  9.107E+05  8.120E+05  8.870E+05  8.692E+05  8.422E+05  8.760E+05  8.786E+05  8.467E+05  8.579E+05
  8.468E+05  8.596E+05  8.730E+05  8.502E+05  9.480E+05  8.885E+05  8.841E+05  8.022E+05  7.667E+05  6.848E+05
  7.240E+05  7.825E+05  8.652E+05  8.941E+05  9.386E+05  9.923E+05  7.319E+05  7.195E+05  7.709E+05  7.621E+05
  7.773E+05  7.758E+05  7.593E+05  7.590E+05  7.490E+05  6.887E+05  7.443E+05  7.283E+05  7.759E+05  9.815E+05
  9.311E+05  8.766E+05  8.521E+05  7.601E+05  7.061E+05  7.724E+05  7.957E+05  8.657E+05  9.682E+05  9.842E+05
  9.999E+05  7.527E+05  7.648E+05  7.455E+05  8.231E+05  8.248E+05  8.134E+05  8.397E+05  8.512E+05  8.473E+05
  8.299E+05  8.102E+05  7.702E+05  7.740E+05  9.846E+05  9.595E+05  8.706E+05  8.267E+05  7.768E+05  6.880E+05
  7.746E+05  7.886E+05  8.657E+05  9.692E+05  9.771E+05  9.992E+05  8.043E+05  7.826E+05  7.953E+05  8.031E+05
  7.928E+05  8.090E+05  8.195E+05  8.164E+05  7.840E+05  8.501E+05  8.295E+05  7.524E+05  7.794E+05  9.587E+05
  9.369E+05  9.504E+05  8.885E+05  8.259E+05  7.656E+05  7.471E+05  8.094E+05  9.112E+05  9.141E+05  1.002E+06
  1.021E+06  7.339E+05  8.047E+05  8.409E+05  8.516E+05  8.062E+05  7.847E+05  8.174E+05  8.148E+05  7.967E+05
  8.187E+05  8.114E+05  7.798E+05  7.324E+05  9.877E+05  1.024E+06  9.672E+05  8.561E+05  8.241E+05  7.228E+05
  7.280E+05  8.252E+05  9.543E+05  9.457E+05  1.012E+06  1.024E+06  7.641E+05  7.500E+05  8.674E+05  8.134E+05
  8.009E+05  8.055E+05  8.649E+05  7.746E+05  7.853E+05  7.492E+05  8.036E+05  7.982E+05  7.520E+05  9.886E+05
  9.635E+05  9.157E+05  8.668E+05  8.265E+05  7.777E+05  7.968E+05  8.408E+05  9.036E+05  9.120E+05  9.293E+05
  1.007E+06  7.968E+05  7.658E+05  8.156E+05  8.161E+05  8.002E+05  7.790E+05  8.055E+05  8.005E+05  7.968E+05
  8.222E+05  8.190E+05  7.508E+05  7.784E+05  1.055E+06  9.779E+05  9.441E+05  9.392E+05  8.491E+05  8.018E+05
  8.823E+05  8.756E+05  9.173E+05  9.621E+05  1.013E+06  9.846E+05  7.997E+05  7.941E+05  8.152E+05  8.232E+05
  7.688E+05  7.585E+05  7.774E+05  8.026E+05  8.463E+05  8.245E+05  8.449E+05  7.700E+05  7.915E+05  1.001E+06
  9.746E+05  9.772E+05  9.264E+05  8.830E+05  8.024E+05  8.205E+05  8.961E+05  9.679E+05  1.018E+06  9.880E+05
  1.031E+06  7.922E+05  7.410E+05  7.722E+05  7.681E+05  8.251E+05  7.752E+05  8.361E+05  8.010E+05  7.734E+05
  7.800E+05  8.438E+05  7.578E+05  7.559E+05  1.007E+06  1.023E+06  9.018E+05  8.828E+05  8.531E+05  7.780E+05
  7.721E+05  9.236E+05  9.304E+05  9.714E+05  1.019E+06  1.047E+06  7.795E+05  7.781E+05  8.166E+05  7.893E+05
  7.866E+05  7.932E+05  7.921E+05  7.895E+05  8.199E+05  7.704E+05  8.259E+05  7.444E+05  8.002E+05  9.688E+05
  9.809E+05  9.935E+05  9.202E+05  8.260E+05  7.686E+05  7.836E+05  8.781E+05  9.272E+05  1.049E+06  1.015E+06
  9.980E+05  8.304E+05  7.646E+05  8.154E+05  7.643E+05  8.301E+05  7.748E+05  7.700E+05  7.750E+05  8.134E+05
  7.571E+05  7.681E+05  7.812E+05  7.868E+05  1.027E+06  1.011E+06  9.562E+05  9.267E+05  8.736E+05  8.001E+05
  8.066E+05  8.983E+05  9.426E+05  9.995E+05  1.016E+06  1.022E+06  7.648E+05  7.821E+05  7.779E+05  7.769E+05
  7.746E+05  8.080E+05  7.846E+05  7.708E+05  7.540E+05  7.850E+05  8.119E+05  7.465E+05  7.766E+05  1.052E+06
  9.955E+05  9.753E+05  8.986E+05  8.485E+05  8.207E+05  8.161E+05  8.878E+05  9.624E+05  9.849E+05  9.665E+05
  1.002E+06  7.448E+05  7.480E+05  7.704E+05  8.046E+05  7.885E+05  7.460E+05  7.887E+05  7.436E+05  7.576E+05
  7.949E+05  8.050E+05  7.669E+05  7.428E+05  9.959E+05  1.003E+06  9.814E+05  8.842E+05  8.908E+05  8.139E+05
  8.429E+05  8.482E+05  9.427E+05  1.019E+06  1.003E+06  1.081E+06  7.793E+05  7.588E+05  8.012E+05  7.588E+05
  7.971E+05  7.687E+05  7.553E+05  7.664E+05  7.927E+05  7.952E+05  7.780E+05  7.202E+05  7.417E+05  1.021E+06
  9.954E+05  1.066E+06  9.044E+05  8.725E+05  8.389E+05  7.941E+05  8.631E+05  9.464E+05  9.945E+05  1.053E+06
  1.048E+06  7.833E+05  7.921E+05  7.746E+05  7.809E+05  7.949E+05  7.430E+05  7.979E+05  7.932E+05  7.821E+05
  7.481E+05  7.489E+05  7.060E+05  7.382E+05  1.033E+06  1.001E+06  9.720E+05  9.770E+05  9.150E+05  7.596E+05
  8.099E+05  8.628E+05  9.390E+05  9.924E+05  9.925E+05  1.034E+06  7.705E+05  7.740E+05  7.851E+05  7.678E+05
  8.190E+05  8.103E+05  7.239E+05  7.890E+05  7.429E+05  7.992E+05  8.039E+05  7.934E+05  7.496E+05  1.013E+06
  9.833E+05  8.881E+05  9.539E+05  8.646E+05  7.850E+05  7.879E+05  8.002E+05  9.483E+05  9.491E+05  9.661E+05
  1.012E+06  7.404E+05  8.033E+05  7.853E+05  8.182E+05  7.963E+05  7.785E+05  7.624E+05  7.957E+05  8.087E+05
  7.816E+05  7.645E+05  8.276E+05  7.806E+05  9.693E+05  9.659E+05  9.585E+05  9.088E+05  8.487E+05  8.264E+05
  7.708E+05  8.714E+05  9.106E+05  9.587E+05  1.017E+06  1.005E+06  7.734E+05  7.170E+05  7.648E+05  7.735E+05
  7.716E+05  8.079E+05  8.057E+05  8.042E+05  7.900E+05  7.865E+05  7.582E+05  7.285E+05  7.802E+05  1.015E+06
  9.828E+05  9.751E+05  9.087E+05  8.735E+05  7.829E+05  7.947E+05  8.368E+05  9.209E+05  9.695E+05  1.010E+06
  1.080E+06  7.891E+05  8.028E+05  7.814E+05  7.987E+05  8.257E+05  7.829E+05  7.545E+05  7.821E+05  7.647E+05
  8.383E+05  8.166E+05  7.431E+05  7.713E+05  1.023E+06  9.261E+05  9.584E+05  8.970E+05  8.000E+05  8.440E+05
  7.680E+05  8.070E+05  9.219E+05  9.837E+05  5.700E+05  4.904E+05  3.504E+05  3.553E+05  4.304E+05  3.963E+05
  3.787E+05  3.946E+05  3.971E+05  3.902E+05  3.938E+05  4.154E+05  4.221E+05  3.566E+05  3.738E+05  4.902E+05
  5.246E+05  9.425E+05  9.054E+05  7.898E+05  7.529E+05  7.580E+05  8.159E+05  9.013E+05  9.091E+05  5.535E+04
  0.000E+00  0.000E+00  0.000E+00  0.000E+00  0.000E+00  0.000E+00  0.000E+00  0.000E+00  0.000E+00  0.000E+00
  0.000E+00  0.000E+00  0.000E+00  0.000E+00  0.000E+00  8.094E+04  9.060E+05  8.467E+05  8.009E+05  7.843E+05
  7.392E+05  8.075E+05  8.605E+05  8.472E+05  5.485E+04  0.000E+00  0.000E+00  0.000E+00  0.000E+00  0.000E+00
  0.000E+00  0.000E+00  0.000E+00  0.000E+00  0.000E+00  0.000E+00  0.000E+00  0.000E+00  0.000E+00  0.000E+00
  7.839E+04  8.479E+05  8.615E+05  8.022E+05  7.253E+05  7.345E+05  8.116E+05  8.284E+05  8.663E+05  5.500E+04
  0.000E+00  0.000E+00  0.000E+00  0.000E+00  0.000E+00  0.000E+00  0.000E+00  0.000E+00  0.000E+00  0.000E+00
  0.000E+00  0.000E+00  0.000E+00  0.000E+00  0.000E+00  8.078E+04  9.020E+05  8.212E+05  8.232E+05  7.236E+05
  6.917E+05  7.520E+05  8.050E+05  8.385E+05  5.621E+04  0.000E+00  0.000E+00  0.000E+00  0.000E+00  0.000E+00
  0.000E+00  0.000E+00  0.000E+00  0.000E+00  0.000E+00  0.000E+00  0.000E+00  0.000E+00  0.000E+00  0.000E+00
  7.753E+04  8.575E+05  8.318E+05  7.322E+05  6.903E+05  6.697E+05  7.484E+05  8.520E+05  7.905E+05  4.940E+04
  0.000E+00  0.000E+00  0.000E+00  0.000E+00  0.000E+00  0.000E+00  0.000E+00  0.000E+00  0.000E+00  0.000E+00
  0.000E+00  0.000E+00  0.000E+00  0.000E+00  0.000E+00  5.920E+04  8.430E+05  7.879E+05  7.494E+05  6.586E+05
  6.543E+05  7.162E+05  7.723E+05  7.676E+05  5.415E+04  0.000E+00  0.000E+00  0.000E+00  0.000E+00  0.000E+00
  0.000E+00  0.000E+00  0.000E+00  0.000E+00  0.000E+00  0.000E+00  0.000E+00  0.000E+00  0.000E+00  0.000E+00
  6.903E+04  8.095E+05  7.587E+05  6.862E+05  6.498E+05  6.425E+05  7.217E+05  7.079E+05  8.182E+05  4.461E+04
  0.000E+00  0.000E+00  0.000E+00  0.000E+00  0.000E+00  0.000E+00  0.000E+00  0.000E+00  0.000E+00  0.000E+00
  0.000E+00  0.000E+00  0.000E+00  0.000E+00  0.000E+00  5.608E+04  8.033E+05  7.630E+05  7.165E+05  6.263E+05
  5.921E+05  6.371E+05  7.356E+05  7.931E+05  3.626E+04  0.000E+00  0.000E+00  0.000E+00  0.000E+00  0.000E+00
  0.000E+00  0.000E+00  0.000E+00  0.000E+00  0.000E+00  0.000E+00  0.000E+00  0.000E+00  0.000E+00  0.000E+00
  5.026E+04  7.313E+05  7.114E+05  6.958E+05  5.848E+05  5.885E+05  5.986E+05  7.105E+05  7.354E+05  4.653E+04
  0.000E+00  0.000E+00  0.000E+00  0.000E+00  0.000E+00  0.000E+00  0.000E+00  0.000E+00  0.000E+00  0.000E+00
  0.000E+00  0.000E+00  0.000E+00  0.000E+00  0.000E+00  6.332E+04  7.097E+05  6.886E+05  6.519E+05  5.837E+05
  5.782E+05  6.068E+05  6.828E+05  6.363E+05  4.037E+04  0.000E+00  0.000E+00  0.000E+00  0.000E+00  0.000E+00
  0.000E+00  0.000E+00  0.000E+00  0.000E+00  0.000E+00  0.000E+00  0.000E+00  0.000E+00  0.000E+00  0.000E+00
  5.240E+04  7.214E+05  6.990E+05  6.377E+05  5.341E+05  5.398E+05  6.055E+05  6.151E+05  6.737E+05  3.238E+04
  0.000E+00  0.000E+00  0.000E+00  0.000E+00  0.000E+00  0.000E+00  0.000E+00  0.000E+00  0.000E+00  0.000E+00
  0.000E+00  0.000E+00  0.000E+00  0.000E+00  0.000E+00  5.584E+04  7.087E+05  6.361E+05  5.651E+05  5.250E+05
  4.758E+05  5.397E+05  6.440E+05  6.355E+05  3.354E+04  0.000E+00  0.000E+00  0.000E+00  0.000E+00  0.000E+00
  0.000E+00  0.000E+00  0.000E+00  0.000E+00  0.000E+00  0.000E+00  0.000E+00  0.000E+00  0.000E+00  0.000E+00
  4.406E+04  6.174E+05  6.031E+05  5.447E+05  4.935E+05  4.732E+05  5.376E+05  5.461E+05  6.096E+05  4.262E+04
  0.000E+00  0.000E+00  0.000E+00  0.000E+00  0.000E+00  0.000E+00  0.000E+00  0.000E+00  0.000E+00  0.000E+00
  0.000E+00  0.000E+00  0.000E+00  0.000E+00  0.000E+00  4.177E+04  5.935E+05  5.567E+05  5.132E+05  4.820E+05
  4.557E+05  5.284E+05  5.223E+05  5.510E+05  3.922E+04  0.000E+00  0.000E+00  0.000E+00  0.000E+00  0.000E+00
  0.000E+00  0.000E+00  0.000E+00  0.000E+00  0.000E+00  0.000E+00  0.000E+00  0.000E+00  0.000E+00  0.000E+00
  4.348E+04  5.583E+05  5.319E+05  5.163E+05  4.423E+05  4.503E+05  4.469E+05  5.233E+05  5.562E+05  2.806E+04
  0.000E+00  0.000E+00  0.000E+00  0.000E+00  0.000E+00  0.000E+00  0.000E+00  0.000E+00  0.000E+00  0.000E+00
  0.000E+00  0.000E+00  0.000E+00  0.000E+00  0.000E+00  4.999E+04  5.964E+05  4.969E+05  4.901E+05  4.316E+05
  4.129E+05  4.520E+05  4.847E+05  5.309E+05  3.184E+04  0.000E+00  0.000E+00  0.000E+00  0.000E+00  0.000E+00
  0.000E+00  0.000E+00  0.000E+00  0.000E+00  0.000E+00  0.000E+00  0.000E+00  0.000E+00  0.000E+00  0.000E+00
  4.775E+04  5.038E+05  4.318E+05  4.247E+05  4.051E+05  3.756E+05  3.898E+05  4.663E+05  4.958E+05  3.109E+04
  0.000E+00  0.000E+00  0.000E+00  0.000E+00  0.000E+00  0.000E+00  0.000E+00  0.000E+00  0.000E+00  0.000E+00
  0.000E+00  0.000E+00  0.000E+00  0.000E+00  0.000E+00  4.453E+04  4.193E+05  4.193E+05  4.143E+05  3.363E+05
  3.370E+05  3.387E+05  4.231E+05  4.244E+05  1.962E+04  0.000E+00  0.000E+00  0.000E+00  0.000E+00  0.000E+00
  0.000E+00  0.000E+00  0.000E+00  0.000E+00  0.000E+00  0.000E+00  0.000E+00  0.000E+00  0.000E+00  0.000E+00
  2.625E+04  4.172E+05  4.241E+05  3.742E+05  3.453E+05  3.443E+05  3.232E+05  3.774E+05  3.992E+05  2.389E+04
  0.000E+00  0.000E+00  0.000E+00  0.000E+00  0.000E+00  0.000E+00  0.000E+00  0.000E+00  0.000E+00  0.000E+00
  0.000E+00  0.000E+00  0.000E+00  0.000E+00  0.000E+00  2.986E+04  3.845E+05  3.414E+05  3.348E+05  3.140E+05
  3.054E+05  3.087E+05  3.796E+05  3.851E+05  1.962E+04  0.000E+00  0.000E+00  0.000E+00  0.000E+00  0.000E+00
  0.000E+00  0.000E+00  0.000E+00  0.000E+00  0.000E+00  0.000E+00  0.000E+00  0.000E+00  0.000E+00  0.000E+00
  2.725E+04  3.556E+05  3.606E+05  3.570E+05  2.753E+05  2.622E+05  2.680E+05  3.586E+05  3.201E+05  1.518E+04
  0.000E+00  0.000E+00  0.000E+00  0.000E+00  0.000E+00  0.000E+00  0.000E+00  0.000E+00  0.000E+00  0.000E+00
  0.000E+00  0.000E+00  0.000E+00  0.000E+00  0.000E+00  2.335E+04  3.490E+05  3.556E+05  3.100E+05  2.831E+05
  2.515E+05  2.559E+05  3.109E+05  3.247E+05  8.535E+03  0.000E+00  0.000E+00  0.000E+00  0.000E+00  0.000E+00
  0.000E+00  0.000E+00  0.000E+00  0.000E+00  0.000E+00  0.000E+00  0.000E+00  0.000E+00  0.000E+00  0.000E+00
  2.133E+04  3.463E+05  3.123E+05  2.755E+05  2.558E+05  2.293E+05  2.418E+05  2.670E+05  2.904E+05  1.623E+04
  0.000E+00  0.000E+00  0.000E+00  0.000E+00  0.000E+00  0.000E+00  0.000E+00  0.000E+00  0.000E+00  0.000E+00
  0.000E+00  0.000E+00  0.000E+00  0.000E+00  0.000E+00  2.475E+04  2.835E+05  2.728E+05  2.192E+05  2.207E+05
  1.961E+05  2.190E+05  2.594E+05  2.766E+05  1.792E+04  0.000E+00  0.000E+00  0.000E+00  0.000E+00  0.000E+00
  0.000E+00  0.000E+00  0.000E+00  0.000E+00  0.000E+00  0.000E+00  0.000E+00  0.000E+00  0.000E+00  0.000E+00
  2.305E+04  2.704E+05  2.370E+05  2.168E+05  2.081E+05  1.732E+05  1.831E+05  2.321E+05  2.309E+05  1.196E+04
  0.000E+00  0.000E+00  0.000E+00  0.000E+00  0.000E+00  0.000E+00  0.000E+00  0.000E+00  0.000E+00  0.000E+00
  0.000E+00  0.000E+00  0.000E+00  0.000E+00  0.000E+00  2.135E+04  2.412E+05  2.395E+05  2.093E+05  2.063E+05

#------------------------------------------------------------------------------
# gshow
#------------------------------------------------------------------------------

p: legs[c5*0.875]

hb:   line clip z  
frame:
 -3.9999905E+00 -5.9999746E+00
  4.0000095E+00 -5.9999746E+00
  4.0000095E+00  5.0000254E+00
 -3.9999905E+00  5.0000254E+00
clip:
 -4.30768243E+00 -6.18030207E+00
 -2.62100000E+00 -6.18030207E+00
 -2.62100000E+00 -6.01095427E+00
 -2.62100000E+00 -5.99095780E+00
 -2.62100000E+00 -5.82161000E+00
 -2.62100000E+00 -5.80161354E+00
 -2.62100000E+00 -5.63226574E+00
 -2.62100000E+00 -5.61226928E+00
 -2.62100000E+00 -5.44292148E+00
 -2.62100000E+00 -5.42292502E+00
 -2.62100000E+00 -5.25357722E+00
 -2.62100000E+00 -5.23358075E+00
 -2.62100000E+00 -5.06423295E+00
 -2.62100000E+00 -5.04423649E+00
 -2.62100000E+00 -4.87488869E+00
 -2.62100000E+00 -4.85489223E+00
 -2.62100000E+00 -4.68554443E+00
 -2.62100000E+00 -4.66554797E+00
 -2.62100000E+00 -4.49620017E+00
 -2.62100000E+00 -4.47620371E+00
 -2.62100000E+00 -4.30685590E+00
 -2.62100000E+00 -4.28685944E+00
 -2.62100000E+00 -4.11751164E+00
 -2.62100000E+00 -4.09751518E+00
 -2.62100000E+00 -3.92816738E+00
 -2.62100000E+00 -3.90817092E+00
 -2.62100000E+00 -3.73882312E+00
 -2.62100000E+00 -3.71882666E+00
 -2.62100000E+00 -3.54947886E+00
 -2.62100000E+00 -3.52948239E+00
 -2.62100000E+00 -3.36013459E+00
 -2.62100000E+00 -3.34013813E+00
 -2.62100000E+00 -3.17079033E+00
 -2.62100000E+00 -3.15079387E+00
 -2.62100000E+00 -2.98144607E+00
 -2.62100000E+00 -2.96144961E+00
 -2.62100000E+00 -2.79210181E+00
 -2.62100000E+00 -2.77210535E+00
 -2.62100000E+00 -2.60275754E+00
 -2.62100000E+00 -2.58276108E+00
 -2.62100000E+00 -2.41341328E+00
 -2.62100000E+00 -2.39341682E+00
 -2.62100000E+00 -2.22406902E+00
 -2.62100000E+00 -2.20407256E+00
 -2.62100000E+00 -2.03472476E+00
 -2.62100000E+00 -2.01472830E+00
 -2.62100000E+00 -1.84538049E+00
 -2.62100000E+00 -1.82538403E+00
 -2.62100000E+00 -1.65603623E+00
 -2.62100000E+00 -1.63603977E+00
 -2.62100000E+00 -1.46669197E+00
 -2.58460551E+00 -1.31850000E+00
 -2.47331193E+00 -1.31850000E+00
 -2.23999012E+00 -1.31850000E+00
 -2.05000000E+00 -1.25735125E+00
 -2.05000000E+00 -1.15296374E+00
 -2.05000000E+00 -1.06800698E+00
 -2.05000000E+00 -9.63619481E-01
 -2.05000000E+00 -8.78662722E-01
 -2.05000000E+00 -7.74275218E-01
 -2.05000000E+00 -6.89318460E-01
 -2.05000000E+00 -5.84930956E-01
 -2.05000000E+00 -4.99974198E-01
 -2.05000000E+00 -3.95586694E-01
 -2.05000000E+00 -3.10629935E-01
 -2.05000000E+00 -2.06242431E-01
 -2.05000000E+00 -1.21285673E-01
 -2.05000000E+00 -1.68981691E-02
 -2.05000000E+00  6.80585894E-02
 -2.05000000E+00  1.72446093E-01
 -2.05000000E+00  2.57402852E-01
 -2.05000000E+00  3.61790355E-01
 -2.05000000E+00  4.46747114E-01
 -2.05000000E+00  5.51134618E-01
 -2.05000000E+00  6.36091376E-01
 -2.05000000E+00  7.40478880E-01
 -2.05000000E+00  8.25435639E-01
 -2.05000000E+00  9.29823142E-01
 -2.05000000E+00  1.01477990E+00
 -2.05000000E+00  1.11916740E+00
 -2.05000000E+00  1.20412416E+00
 -2.05000000E+00  1.30851167E+00
 -2.05000000E+00  1.39346843E+00
 -2.05000000E+00  1.49785593E+00
 -2.05000000E+00  1.58281269E+00
 -2.05000000E+00  1.68720019E+00
 -2.05000000E+00  1.77215695E+00
 -2.05000000E+00  1.87654445E+00
 -2.05000000E+00  1.96150121E+00
 -2.05000000E+00  2.06588872E+00
 -1.89537474E+00  2.18150000E+00
 -1.60655202E+00  2.18150000E+00
  1.89539449E+00  2.18150000E+00
  2.05000000E+00  2.15084547E+00
  2.05000000E+00  2.04644712E+00
  2.05000000E+00  1.96150121E+00
  2.05000000E+00  1.85710286E+00
  2.05000000E+00  1.77215695E+00
  2.05000000E+00  1.66775859E+00
  2.05000000E+00  1.58281269E+00
  2.05000000E+00  1.47841433E+00
  2.05000000E+00  1.39346843E+00
  2.05000000E+00  1.28907007E+00
  2.05000000E+00  1.20412416E+00
  2.05000000E+00  1.09972581E+00
  2.05000000E+00  1.01477990E+00
  2.05000000E+00  9.10381544E-01
  2.05000000E+00  8.25435639E-01
  2.05000000E+00  7.21037282E-01
  2.05000000E+00  6.36091376E-01
  2.05000000E+00  5.31693019E-01
  2.05000000E+00  4.46747114E-01
  2.05000000E+00  3.42348757E-01
  2.05000000E+00  2.57402852E-01
  2.05000000E+00  1.53004495E-01
  2.05000000E+00  6.80585894E-02
  2.05000000E+00 -3.63397675E-02
  2.05000000E+00 -1.21285673E-01
  2.05000000E+00 -2.25684030E-01
  2.05000000E+00 -3.10629935E-01
  2.05000000E+00 -4.15028292E-01
  2.05000000E+00 -4.99974198E-01
  2.05000000E+00 -6.04372554E-01
  2.05000000E+00 -6.89318460E-01
  2.05000000E+00 -7.93716817E-01
  2.05000000E+00 -8.78662722E-01
  2.05000000E+00 -9.83061079E-01
  2.05000000E+00 -1.06800698E+00
  2.05000000E+00 -1.17240534E+00
  2.12871629E+00 -1.31850000E+00
  2.24000988E+00 -1.31850000E+00
  2.35130346E+00 -1.31850000E+00
  2.58462526E+00 -1.31850000E+00
  2.60900000E+00 -1.62264740E+00
  2.60900000E+00 -6.18030207E+00
  2.92924065E+00 -6.18030207E+00
  3.27385603E+00 -6.18030207E+00
  3.61847142E+00 -6.18030207E+00
  3.96308680E+00 -6.18030207E+00
  4.30770218E+00 -6.18030207E+00
  4.30770218E+00 -5.99095780E+00
  4.30770218E+00 -5.80161354E+00
  4.30770218E+00 -5.61226928E+00
  4.30770218E+00 -5.42292502E+00
  4.30770218E+00 -5.23358075E+00
  4.30770218E+00 -5.04423649E+00
  4.30770218E+00 -4.85489223E+00
  4.30770218E+00 -4.66554797E+00
  4.30770218E+00 -4.47620371E+00
  4.30770218E+00 -4.28685944E+00
  4.30770218E+00 -4.09751518E+00
  4.30770218E+00 -3.90817092E+00
  4.30770218E+00 -3.71882666E+00
  4.30770218E+00 -3.52948239E+00
  4.30770218E+00 -3.34013813E+00
  4.30770218E+00 -3.15079387E+00
  4.30770218E+00 -2.96144961E+00
  4.30770218E+00 -2.77210535E+00
  4.30770218E+00 -2.58276108E+00
  4.30770218E+00 -2.39341682E+00
  4.30770218E+00 -2.20407256E+00
  4.30770218E+00 -2.01472830E+00
  4.30770218E+00 -1.82538403E+00
  4.30770218E+00 -1.63603977E+00
  4.30770218E+00 -1.44669551E+00
  4.30770218E+00 -1.25735125E+00
  4.30770218E+00 -1.06800698E+00
  4.30770218E+00 -8.78662722E-01
  4.30770218E+00 -6.89318460E-01
  4.30770218E+00 -4.99974198E-01
  4.30770218E+00 -3.10629935E-01
  4.30770218E+00 -1.21285673E-01
  4.30770218E+00  6.80585894E-02
  4.30770218E+00  2.57402852E-01
  4.30770218E+00  4.46747114E-01
  4.30770218E+00  6.36091376E-01
  4.30770218E+00  8.25435639E-01
  4.30770218E+00  1.01477990E+00
  4.30770218E+00  1.20412416E+00
  4.30770218E+00  1.39346843E+00
  4.30770218E+00  1.58281269E+00
  4.30770218E+00  1.77215695E+00
  4.30770218E+00  1.96150121E+00
  4.30770218E+00  2.15084547E+00
  4.30770218E+00  2.34018974E+00
  4.30770218E+00  2.52953400E+00
  4.30770218E+00  2.71887826E+00
  4.30770218E+00  2.90822252E+00
  4.30770218E+00  3.09756679E+00
  4.30770218E+00  3.28691105E+00
  4.30770218E+00  3.47625531E+00
  4.30770218E+00  3.66559957E+00
  4.30770218E+00  3.85494384E+00
  4.30770218E+00  4.04428810E+00
  4.30770218E+00  4.23363236E+00
  4.30770218E+00  4.42297662E+00
  4.30770218E+00  4.61232088E+00
  4.30770218E+00  4.80166515E+00
  4.30770218E+00  4.99100941E+00
  4.30770218E+00  5.18035367E+00
  3.96308680E+00  5.18035367E+00
  3.61847142E+00  5.18035367E+00
  3.27385603E+00  5.18035367E+00
  2.92924065E+00  5.18035367E+00
  2.58462526E+00  5.18035367E+00
  2.24000988E+00  5.18035367E+00
  1.89539449E+00  5.18035367E+00
  1.55077911E+00  5.18035367E+00
  1.20616372E+00  5.18035367E+00
  8.61548338E-01  5.18035367E+00
  5.16932953E-01  5.18035367E+00
  1.72317569E-01  5.18035367E+00
 -1.72297816E-01  5.18035367E+00
 -5.16913200E-01  5.18035367E+00
 -8.61528585E-01  5.18035367E+00
 -1.20614397E+00  5.18035367E+00
 -1.55075935E+00  5.18035367E+00
 -1.89537474E+00  5.18035367E+00
 -2.23999012E+00  5.18035367E+00
 -2.58460551E+00  5.18035367E+00
 -2.92922089E+00  5.18035367E+00
 -3.27383628E+00  5.18035367E+00
 -3.61845166E+00  5.18035367E+00
 -3.96306705E+00  5.18035367E+00
 -4.30768243E+00  4.99100941E+00
 -4.30768243E+00 -6.18030207E+00

hb:   line clip z  
frame:
 -3.9999905E+00 -5.9999746E+00
  4.0000095E+00 -5.9999746E+00
  4.0000095E+00  5.0000254E+00
 -3.9999905E+00  5.0000254E+00
clip:
 -2.58460551E+00 -6.18030207E+00
 -2.37100000E+00 -6.18030207E+00
 -2.37100000E+00 -6.06293941E+00
 -2.37100000E+00 -5.99095780E+00
 -2.37100000E+00 -5.87359515E+00
 -2.37100000E+00 -5.80161354E+00
 -2.37100000E+00 -5.68425088E+00
 -2.37100000E+00 -5.61226928E+00
 -2.37100000E+00 -5.49490662E+00
 -2.37100000E+00 -5.42292502E+00
 -2.37100000E+00 -5.30556236E+00
 -2.37100000E+00 -5.23358075E+00
 -2.37100000E+00 -5.11621810E+00
 -2.37100000E+00 -5.04423649E+00
 -2.37100000E+00 -4.92687384E+00
 -2.37100000E+00 -4.85489223E+00
 -2.37100000E+00 -4.73752957E+00
 -2.37100000E+00 -4.66554797E+00
 -2.37100000E+00 -4.54818531E+00
 -2.37100000E+00 -4.47620371E+00
 -2.37100000E+00 -4.35884105E+00
 -2.37100000E+00 -4.28685944E+00
 -2.37100000E+00 -4.16949679E+00
 -2.37100000E+00 -4.09751518E+00
 -2.37100000E+00 -3.98015252E+00
 -2.37100000E+00 -3.90817092E+00
 -2.37100000E+00 -3.79080826E+00
 -2.37100000E+00 -3.71882666E+00
 -2.37100000E+00 -3.60146400E+00
 -2.37100000E+00 -3.52948239E+00
 -2.37100000E+00 -3.41211974E+00
 -2.37100000E+00 -3.34013813E+00
 -2.37100000E+00 -3.22277547E+00
 -2.37100000E+00 -3.15079387E+00
 -2.37100000E+00 -3.03343121E+00
 -2.37100000E+00 -2.96144961E+00
 -2.37100000E+00 -2.84408695E+00
 -2.37100000E+00 -2.77210535E+00
 -2.37100000E+00 -2.65474269E+00
 -2.37100000E+00 -2.58276108E+00
 -2.37100000E+00 -2.46539843E+00
 -2.37100000E+00 -2.39341682E+00
 -2.37100000E+00 -2.27605416E+00
 -2.37100000E+00 -2.20407256E+00
 -2.37100000E+00 -2.08670990E+00
 -2.37100000E+00 -2.01472830E+00
 -2.37100000E+00 -1.89736564E+00
 -2.37100000E+00 -1.82538403E+00
 -2.37100000E+00 -1.70802138E+00
 -2.23999012E+00 -1.56850000E+00
 -2.01830027E+00 -1.56850000E+00
 -1.75000000E+00 -1.52656969E+00
 -1.75000000E+00 -1.44669551E+00
 -1.75000000E+00 -1.36682132E+00
 -1.89537474E+00 -1.31850000E+00
 -2.12869654E+00 -1.31850000E+00
 -2.23999012E+00 -1.31850000E+00
 -2.47331193E+00 -1.31850000E+00
 -2.58460551E+00 -1.31850000E+00
 -2.62100000E+00 -1.42669905E+00
 -2.62100000E+00 -1.44669551E+00
 -2.62100000E+00 -1.46669197E+00
 -2.62100000E+00 -1.63603977E+00
 -2.62100000E+00 -1.65603623E+00
 -2.62100000E+00 -1.82538403E+00
 -2.62100000E+00 -1.84538049E+00
 -2.62100000E+00 -2.01472830E+00
 -2.62100000E+00 -2.03472476E+00
 -2.62100000E+00 -2.20407256E+00
 -2.62100000E+00 -2.22406902E+00
 -2.62100000E+00 -2.39341682E+00
 -2.62100000E+00 -2.41341328E+00
 -2.62100000E+00 -2.58276108E+00
 -2.62100000E+00 -2.60275754E+00
 -2.62100000E+00 -2.77210535E+00
 -2.62100000E+00 -2.79210181E+00
 -2.62100000E+00 -2.96144961E+00
 -2.62100000E+00 -2.98144607E+00
 -2.62100000E+00 -3.15079387E+00
 -2.62100000E+00 -3.17079033E+00
 -2.62100000E+00 -3.34013813E+00
 -2.62100000E+00 -3.36013459E+00
 -2.62100000E+00 -3.52948239E+00
 -2.62100000E+00 -3.54947886E+00
 -2.62100000E+00 -3.71882666E+00
 -2.62100000E+00 -3.73882312E+00
 -2.62100000E+00 -3.90817092E+00
 -2.62100000E+00 -3.92816738E+00
 -2.62100000E+00 -4.09751518E+00
 -2.62100000E+00 -4.11751164E+00
 -2.62100000E+00 -4.28685944E+00
 -2.62100000E+00 -4.30685590E+00
 -2.62100000E+00 -4.47620371E+00
 -2.62100000E+00 -4.49620017E+00
 -2.62100000E+00 -4.66554797E+00
 -2.62100000E+00 -4.68554443E+00
 -2.62100000E+00 -4.85489223E+00
 -2.62100000E+00 -4.87488869E+00
 -2.62100000E+00 -5.04423649E+00
 -2.62100000E+00 -5.06423295E+00
 -2.62100000E+00 -5.23358075E+00
 -2.62100000E+00 -5.25357722E+00
 -2.62100000E+00 -5.42292502E+00
 -2.62100000E+00 -5.44292148E+00
 -2.62100000E+00 -5.61226928E+00
 -2.62100000E+00 -5.63226574E+00
 -2.62100000E+00 -5.80161354E+00
 -2.62100000E+00 -5.82161000E+00
 -2.62100000E+00 -5.99095780E+00
 -2.62100000E+00 -6.01095427E+00
 -2.62100000E+00 -6.18030207E+00

hb:   line clip z  
frame:
 -3.9999905E+00 -5.9999746E+00
  4.0000095E+00 -5.9999746E+00
  4.0000095E+00  5.0000254E+00
 -3.9999905E+00  5.0000254E+00
clip:
 -2.23999012E+00 -6.18030207E+00
 -1.94895613E+00 -6.18030207E+00
 -1.93699087E+00 -6.01382322E+00
 -1.90114561E+00 -5.61226928E+00
 -1.85503459E+00 -5.21141641E+00
 -1.80471365E+00 -4.85489223E+00
 -1.76154450E+00 -4.59201675E+00
 -1.70440023E+00 -4.28685944E+00
 -1.66482296E+00 -4.09751518E+00
 -1.62181464E+00 -3.90817092E+00
 -1.57509316E+00 -3.71882666E+00
 -1.51949457E+00 -3.51230438E+00
 -1.45239662E+00 -3.28609406E+00
 -1.37614240E+00 -3.05485295E+00
 -1.28826637E+00 -2.81722639E+00
 -1.20614397E+00 -2.61916602E+00
 -1.18475355E+00 -2.57100841E+00
 -1.10023658E+00 -2.39341682E+00
 -1.05817407E+00 -2.31211676E+00
 -9.98378222E-01 -2.20407256E+00
 -8.91225366E-01 -2.03104479E+00
 -8.61528585E-01 -1.98748775E+00
 -7.76173106E-01 -1.87228145E+00
 -7.38007778E-01 -1.82538403E+00
 -6.08507779E-01 -1.68636517E+00
 -5.53170354E-01 -1.63603977E+00
 -7.38603053E-01 -1.56850000E+00
 -8.61528585E-01 -1.56850000E+00
 -9.84454117E-01 -1.56850000E+00
 -1.20614397E+00 -1.56850000E+00
 -1.32906950E+00 -1.56850000E+00
 -1.55075935E+00 -1.56850000E+00
 -1.67368489E+00 -1.56850000E+00
 -1.89537474E+00 -1.56850000E+00
 -2.01830027E+00 -1.56850000E+00
 -2.23999012E+00 -1.56850000E+00
 -2.36291566E+00 -1.56850000E+00
 -2.37100000E+00 -1.63603977E+00
 -2.37100000E+00 -1.70802138E+00
 -2.37100000E+00 -1.82538403E+00
 -2.37100000E+00 -1.89736564E+00
 -2.37100000E+00 -2.01472830E+00
 -2.37100000E+00 -2.08670990E+00
 -2.37100000E+00 -2.20407256E+00
 -2.37100000E+00 -2.27605416E+00
 -2.37100000E+00 -2.39341682E+00
 -2.37100000E+00 -2.46539843E+00
 -2.37100000E+00 -2.58276108E+00
 -2.37100000E+00 -2.65474269E+00
 -2.37100000E+00 -2.77210535E+00
 -2.37100000E+00 -2.84408695E+00
 -2.37100000E+00 -2.96144961E+00
 -2.37100000E+00 -3.03343121E+00
 -2.37100000E+00 -3.15079387E+00
 -2.37100000E+00 -3.22277547E+00
 -2.37100000E+00 -3.34013813E+00
 -2.37100000E+00 -3.41211974E+00
 -2.37100000E+00 -3.52948239E+00
 -2.37100000E+00 -3.60146400E+00
 -2.37100000E+00 -3.71882666E+00
 -2.37100000E+00 -3.79080826E+00
 -2.37100000E+00 -3.90817092E+00
 -2.37100000E+00 -3.98015252E+00
 -2.37100000E+00 -4.09751518E+00
 -2.37100000E+00 -4.16949679E+00
 -2.37100000E+00 -4.28685944E+00
 -2.37100000E+00 -4.35884105E+00
 -2.37100000E+00 -4.47620371E+00
 -2.37100000E+00 -4.54818531E+00
 -2.37100000E+00 -4.66554797E+00
 -2.37100000E+00 -4.73752957E+00
 -2.37100000E+00 -4.85489223E+00
 -2.37100000E+00 -4.92687384E+00
 -2.37100000E+00 -5.04423649E+00
 -2.37100000E+00 -5.11621810E+00
 -2.37100000E+00 -5.23358075E+00
 -2.37100000E+00 -5.30556236E+00
 -2.37100000E+00 -5.42292502E+00
 -2.37100000E+00 -5.49490662E+00
 -2.37100000E+00 -5.61226928E+00
 -2.37100000E+00 -5.68425088E+00
 -2.37100000E+00 -5.80161354E+00
 -2.37100000E+00 -5.87359515E+00
 -2.37100000E+00 -5.99095780E+00
 -2.37100000E+00 -6.06293941E+00
 -2.37100000E+00 -6.18030207E+00

hb:   line clip z  
frame:
 -3.9999905E+00 -5.9999746E+00
  4.0000095E+00 -5.9999746E+00
  4.0000095E+00  5.0000254E+00
 -3.9999905E+00  5.0000254E+00
clip:
 -1.89537474E+00 -6.18030207E+00
  1.93695613E+00 -6.18030207E+00
  1.93546887E+00 -6.15828374E+00
  1.92321701E+00 -5.99095780E+00
  1.92206356E+00 -5.97630485E+00
  1.90729847E+00 -5.80161354E+00
  1.90673689E+00 -5.79538161E+00
  1.89539449E+00 -5.67483107E+00
  1.88914561E+00 -5.61226928E+00
  1.87026424E+00 -5.43673249E+00
  1.86869352E+00 -5.42292502E+00
  1.84907547E+00 -5.25903011E+00
  1.84586602E+00 -5.23358075E+00
  1.82587912E+00 -5.08243078E+00
  1.82057405E+00 -5.04423649E+00
  1.80063695E+00 -4.90695548E+00
  1.79271365E+00 -4.85489223E+00
  1.77330298E+00 -4.73262950E+00
  1.76216343E+00 -4.66554797E+00
  1.74382265E+00 -4.55948280E+00
  1.72878128E+00 -4.47620371E+00
  1.71213186E+00 -4.38755062E+00
  1.69240023E+00 -4.28685944E+00
  1.67815565E+00 -4.21687412E+00
  1.65282296E+00 -4.09751518E+00
  1.64180670E+00 -4.04750130E+00
  1.60981464E+00 -3.90817092E+00
  1.60298334E+00 -3.87948801E+00
  1.56309316E+00 -3.71882666E+00
  1.56156708E+00 -3.71289935E+00
  1.55077911E+00 -3.67143379E+00
  1.51231578E+00 -3.52948239E+00
  1.47037807E+00 -3.38431340E+00
  1.45706026E+00 -3.34013813E+00
  1.42025118E+00 -3.22251067E+00
  1.39679752E+00 -3.15079387E+00
  1.36681090E+00 -3.06252845E+00
  1.33085059E+00 -2.96144961E+00
  1.30978371E+00 -2.90451701E+00
  1.25833033E+00 -2.77210535E+00
  1.24883768E+00 -2.74865872E+00
  1.20616372E+00 -2.64682745E+00
  1.17802952E+00 -2.58276108E+00
  1.11345209E+00 -2.44435598E+00
  1.08823658E+00 -2.39341682E+00
  1.03784755E+00 -2.29655160E+00
  9.86378222E-01 -2.20407256E+00
  9.55893340E-01 -2.15223597E+00
  8.68247353E-01 -2.01472830E+00
  8.66427294E-01 -2.01204762E+00
  8.61548338E-01 -2.00489579E+00
  7.26007778E-01 -1.82538403E+00
  6.57560872E-01 -1.74811793E+00
  5.41170354E-01 -1.63603977E+00
  5.31679962E-01 -1.62793723E+00
  5.16932953E-01 -1.61564998E+00
  3.09110734E-01 -1.52185466E+00
  1.72317569E-01 -1.61126885E+00
  1.46760437E-01 -1.62199775E+00
  1.03845748E-01 -1.63603977E+00
 -1.03845748E-01 -1.63603977E+00
 -1.46748821E-01 -1.62200222E+00
 -1.72297816E-01 -1.61127783E+00
 -3.88964402E-01 -1.51699525E+00
 -5.16913200E-01 -1.60590657E+00
 -5.38932589E-01 -1.62394152E+00
 -5.53170354E-01 -1.63603977E+00
 -6.08507779E-01 -1.68636517E+00
 -7.38007778E-01 -1.82538403E+00
 -8.61528585E-01 -1.98748775E+00
 -8.75153019E-01 -2.00724254E+00
 -8.80247353E-01 -2.01472830E+00
 -8.91225366E-01 -2.03104479E+00
 -9.98378222E-01 -2.20407256E+00
 -1.05817407E+00 -2.31211676E+00
 -1.10023658E+00 -2.39341682E+00
 -1.18475355E+00 -2.57100841E+00
 -1.19002952E+00 -2.58276108E+00
 -1.20614397E+00 -2.61916602E+00
 -1.25863650E+00 -2.74326403E+00
 -1.27033033E+00 -2.77210535E+00
 -1.28826637E+00 -2.81722639E+00
 -1.34285059E+00 -2.96144961E+00
 -1.37614240E+00 -3.05485295E+00
 -1.40879752E+00 -3.15079387E+00
 -1.45239662E+00 -3.28609406E+00
 -1.46906026E+00 -3.34013813E+00
 -1.51949457E+00 -3.51230438E+00
 -1.52431578E+00 -3.52948239E+00
 -1.55075935E+00 -3.62610864E+00
 -1.57207411E+00 -3.70711555E+00
 -1.57509316E+00 -3.71882666E+00
 -1.57908069E+00 -3.73438743E+00
 -1.62181464E+00 -3.90817092E+00
 -1.63231714E+00 -3.95298174E+00
 -1.66482296E+00 -4.09751518E+00
 -1.68006123E+00 -4.16855835E+00
 -1.70440023E+00 -4.28685944E+00
 -1.72296656E+00 -4.38147636E+00
 -1.74078128E+00 -4.47620371E+00
 -1.76154450E+00 -4.59201675E+00
 -1.77416343E+00 -4.66554797E+00
 -1.79620360E+00 -4.80040399E+00
 -1.80471365E+00 -4.85489223E+00
 -1.82727579E+00 -5.00682045E+00
 -1.83257405E+00 -5.04423649E+00
 -1.85503459E+00 -5.21141641E+00
 -1.85786602E+00 -5.23358075E+00
 -1.87970790E+00 -5.41431709E+00
 -1.88069352E+00 -5.42292502E+00
 -1.89537474E+00 -5.55660436E+00
 -1.90083942E+00 -5.60926678E+00
 -1.90148742E+00 -5.61562781E+00
 -1.91929847E+00 -5.80161354E+00
 -1.92053560E+00 -5.81543784E+00
 -1.93521701E+00 -5.99095780E+00
 -1.93699087E+00 -6.01382322E+00
 -1.94895613E+00 -6.18030207E+00

hb:   line clip z  
frame:
 -3.9999905E+00 -5.9999746E+00
  4.0000095E+00 -5.9999746E+00
  4.0000095E+00  5.0000254E+00
 -3.9999905E+00  5.0000254E+00
clip:
  2.24000988E+00 -6.18030207E+00
  2.35900000E+00 -6.18030207E+00
  2.35900000E+00 -6.11492455E+00
  2.35900000E+00 -5.99095780E+00
  2.35900000E+00 -5.92558029E+00
  2.35900000E+00 -5.80161354E+00
  2.35900000E+00 -5.73623603E+00
  2.35900000E+00 -5.61226928E+00
  2.35900000E+00 -5.54689177E+00
  2.35900000E+00 -5.42292502E+00
  2.35900000E+00 -5.35754750E+00
  2.35900000E+00 -5.23358075E+00
  2.35900000E+00 -5.16820324E+00
  2.35900000E+00 -5.04423649E+00
  2.35900000E+00 -4.97885898E+00
  2.35900000E+00 -4.85489223E+00
  2.35900000E+00 -4.78951472E+00
  2.35900000E+00 -4.66554797E+00
  2.35900000E+00 -4.60017045E+00
  2.35900000E+00 -4.47620371E+00
  2.35900000E+00 -4.41082619E+00
  2.35900000E+00 -4.28685944E+00
  2.35900000E+00 -4.22148193E+00
  2.35900000E+00 -4.09751518E+00
  2.35900000E+00 -4.03213767E+00
  2.35900000E+00 -3.90817092E+00
  2.35900000E+00 -3.84279340E+00
  2.35900000E+00 -3.71882666E+00
  2.35900000E+00 -3.65344914E+00
  2.35900000E+00 -3.52948239E+00
  2.35900000E+00 -3.46410488E+00
  2.35900000E+00 -3.34013813E+00
  2.35900000E+00 -3.27476062E+00
  2.35900000E+00 -3.15079387E+00
  2.35900000E+00 -3.08541636E+00
  2.35900000E+00 -2.96144961E+00
  2.35900000E+00 -2.89607209E+00
  2.35900000E+00 -2.77210535E+00
  2.35900000E+00 -2.70672783E+00
  2.35900000E+00 -2.58276108E+00
  2.35900000E+00 -2.51738357E+00
  2.35900000E+00 -2.39341682E+00
  2.35900000E+00 -2.32803931E+00
  2.35900000E+00 -2.20407256E+00
  2.35900000E+00 -2.13869504E+00
  2.35900000E+00 -2.01472830E+00
  2.35900000E+00 -1.94935078E+00
  2.35900000E+00 -1.82538403E+00
  2.35900000E+00 -1.76000652E+00
  2.35900000E+00 -1.63603977E+00
  2.35900000E+00 -1.57066226E+00
  2.24000988E+00 -1.56850000E+00
  2.11708434E+00 -1.56850000E+00
  1.89539449E+00 -1.56850000E+00
  1.77246896E+00 -1.56850000E+00
  1.55077911E+00 -1.56850000E+00
  1.42785357E+00 -1.56850000E+00
  1.20616372E+00 -1.56850000E+00
  1.08323819E+00 -1.56850000E+00
  8.61548338E-01 -1.56850000E+00
  7.38622806E-01 -1.56850000E+00
  5.41170354E-01 -1.63603977E+00
  6.57560872E-01 -1.74811793E+00
  7.26007778E-01 -1.82538403E+00
  8.61548338E-01 -2.00489579E+00
  9.55893340E-01 -2.15223597E+00
  1.03784755E+00 -2.29655160E+00
  1.11345209E+00 -2.44435598E+00
  1.18356427E+00 -2.59517805E+00
  1.25833033E+00 -2.77210535E+00
  1.33085059E+00 -2.96144961E+00
  1.39679752E+00 -3.15079387E+00
  1.45706026E+00 -3.34013813E+00
  1.51741947E+00 -3.54781140E+00
  1.56309316E+00 -3.71882666E+00
  1.60981464E+00 -3.90817092E+00
  1.65282296E+00 -4.09751518E+00
  1.71213186E+00 -4.38755062E+00
  1.77330298E+00 -4.73262950E+00
  1.82587912E+00 -5.08243078E+00
  1.87026424E+00 -5.43673249E+00
  1.90729847E+00 -5.80161354E+00
  1.93695613E+00 -6.18030207E+00

hb:   line clip z  
frame:
 -3.9999905E+00 -5.9999746E+00
  4.0000095E+00 -5.9999746E+00
  4.0000095E+00  5.0000254E+00
 -3.9999905E+00  5.0000254E+00
clip:
  2.58462526E+00 -6.18030207E+00
  2.60900000E+00 -6.18030207E+00
  2.60900000E+00 -6.16690970E+00
  2.60900000E+00 -5.99095780E+00
  2.60900000E+00 -5.97756543E+00
  2.60900000E+00 -5.80161354E+00
  2.60900000E+00 -5.78822117E+00
  2.60900000E+00 -5.61226928E+00
  2.60900000E+00 -5.59887691E+00
  2.60900000E+00 -5.42292502E+00
  2.60900000E+00 -5.40953265E+00
  2.60900000E+00 -5.23358075E+00
  2.60900000E+00 -5.22018838E+00
  2.60900000E+00 -5.04423649E+00
  2.60900000E+00 -5.03084412E+00
  2.60900000E+00 -4.85489223E+00
  2.60900000E+00 -4.84149986E+00
  2.60900000E+00 -4.66554797E+00
  2.60900000E+00 -4.65215560E+00
  2.60900000E+00 -4.47620371E+00
  2.60900000E+00 -4.46281134E+00
  2.60900000E+00 -4.28685944E+00
  2.60900000E+00 -4.27346707E+00
  2.60900000E+00 -4.09751518E+00
  2.60900000E+00 -4.08412281E+00
  2.60900000E+00 -3.90817092E+00
  2.60900000E+00 -3.89477855E+00
  2.60900000E+00 -3.71882666E+00
  2.60900000E+00 -3.70543429E+00
  2.60900000E+00 -3.52948239E+00
  2.60900000E+00 -3.51609002E+00
  2.60900000E+00 -3.34013813E+00
  2.60900000E+00 -3.32674576E+00
  2.60900000E+00 -3.15079387E+00
  2.60900000E+00 -3.13740150E+00
  2.60900000E+00 -2.96144961E+00
  2.60900000E+00 -2.94805724E+00
  2.60900000E+00 -2.77210535E+00
  2.60900000E+00 -2.75871297E+00
  2.60900000E+00 -2.58276108E+00
  2.60900000E+00 -2.56936871E+00
  2.60900000E+00 -2.39341682E+00
  2.60900000E+00 -2.38002445E+00
  2.60900000E+00 -2.20407256E+00
  2.60900000E+00 -2.19068019E+00
  2.60900000E+00 -2.01472830E+00
  2.60900000E+00 -2.00133593E+00
  2.60900000E+00 -1.82538403E+00
  2.60900000E+00 -1.81199166E+00
  2.60900000E+00 -1.63603977E+00
  2.60900000E+00 -1.62264740E+00
  2.60900000E+00 -1.44669551E+00
  2.60900000E+00 -1.43330314E+00
  2.58462526E+00 -1.31850000E+00
  2.35130346E+00 -1.31850000E+00
  2.24000988E+00 -1.31850000E+00
  2.00668807E+00 -1.31850000E+00
  1.89539449E+00 -1.31850000E+00
  1.75000000E+00 -1.36681047E+00
  1.75000000E+00 -1.44669551E+00
  1.75000000E+00 -1.52658055E+00
  1.89539449E+00 -1.56850000E+00
  2.11708434E+00 -1.56850000E+00
  2.24000988E+00 -1.56850000E+00
  2.35900000E+00 -1.63603977E+00
  2.35900000E+00 -1.76000652E+00
  2.35900000E+00 -1.82538403E+00
  2.35900000E+00 -1.94935078E+00
  2.35900000E+00 -2.01472830E+00
  2.35900000E+00 -2.13869504E+00
  2.35900000E+00 -2.20407256E+00
  2.35900000E+00 -2.32803931E+00
  2.35900000E+00 -2.39341682E+00
  2.35900000E+00 -2.51738357E+00
  2.35900000E+00 -2.58276108E+00
  2.35900000E+00 -2.70672783E+00
  2.35900000E+00 -2.77210535E+00
  2.35900000E+00 -2.89607209E+00
  2.35900000E+00 -2.96144961E+00
  2.35900000E+00 -3.08541636E+00
  2.35900000E+00 -3.15079387E+00
  2.35900000E+00 -3.27476062E+00
  2.35900000E+00 -3.34013813E+00
  2.35900000E+00 -3.46410488E+00
  2.35900000E+00 -3.52948239E+00
  2.35900000E+00 -3.65344914E+00
  2.35900000E+00 -3.71882666E+00
  2.35900000E+00 -3.84279340E+00
  2.35900000E+00 -3.90817092E+00
  2.35900000E+00 -4.03213767E+00
  2.35900000E+00 -4.09751518E+00
  2.35900000E+00 -4.22148193E+00
  2.35900000E+00 -4.28685944E+00
  2.35900000E+00 -4.41082619E+00
  2.35900000E+00 -4.47620371E+00
  2.35900000E+00 -4.60017045E+00
  2.35900000E+00 -4.66554797E+00
  2.35900000E+00 -4.78951472E+00
  2.35900000E+00 -4.85489223E+00
  2.35900000E+00 -4.97885898E+00
  2.35900000E+00 -5.04423649E+00
  2.35900000E+00 -5.16820324E+00
  2.35900000E+00 -5.23358075E+00
  2.35900000E+00 -5.35754750E+00
  2.35900000E+00 -5.42292502E+00
  2.35900000E+00 -5.54689177E+00
  2.35900000E+00 -5.61226928E+00
  2.35900000E+00 -5.73623603E+00
  2.35900000E+00 -5.80161354E+00
  2.35900000E+00 -5.92558029E+00
  2.35900000E+00 -5.99095780E+00
  2.35900000E+00 -6.11492455E+00
  2.35900000E+00 -6.18030207E+00

hb:   line clip z  
clip:
 -1.75000000E+00 -1.55616559E+00
 -1.55075935E+00 -1.56850000E+00
 -1.32906950E+00 -1.56850000E+00
 -5.16913200E-01 -1.56850000E+00
 -3.88964402E-01 -1.51699525E+00
 -3.84705842E-01 -1.44669551E+00
 -4.25926915E-01 -1.39670432E+00
 -5.16913200E-01 -1.31850000E+00
 -7.50235003E-01 -1.31850000E+00
 -8.61528585E-01 -1.31850000E+00
 -1.09485039E+00 -1.31850000E+00
 -1.20614397E+00 -1.31850000E+00
 -1.43946577E+00 -1.31850000E+00
 -1.55075935E+00 -1.31850000E+00
 -1.75000000E+00 -1.33722543E+00
 -1.75000000E+00 -1.44669551E+00

hb:   line clip z  
clip:
 -3.09103055E-01 -1.52186130E+00
 -1.72297816E-01 -1.61127783E+00
  1.46760437E-01 -1.62199775E+00
  3.09110734E-01 -1.52185466E+00
  5.16932953E-01 -1.25927461E+00
  6.09803922E-01 -1.06800698E+00
  6.77132496E-01 -8.78662722E-01
  7.26842711E-01 -6.89318460E-01
  7.62388715E-01 -4.99974198E-01
  7.85695293E-01 -3.10629935E-01
  7.97835792E-01 -1.21285673E-01
  7.99319163E-01  6.80585894E-02
  7.90205426E-01  2.57402852E-01
  7.70118446E-01  4.46747114E-01
  7.38162951E-01  6.36091376E-01
  6.92698333E-01  8.25435639E-01
  6.30810379E-01  1.01477990E+00
  5.46952287E-01  1.20412416E+00
  5.16932953E-01  1.25927461E+00
  4.28411240E-01  1.39346843E+00
  3.45219535E-01  1.48846707E+00
  2.25964361E-01  1.58281269E+00
  1.72317569E-01  1.61126885E+00
  5.79125414E-02  1.64567098E+00
 -1.72297816E-01  1.61127783E+00
 -2.25964361E-01  1.58281269E+00
 -3.46728970E-01  1.48697385E+00
 -4.28411240E-01  1.39346843E+00
 -5.16913200E-01  1.25930910E+00
 -5.46952287E-01  1.20412416E+00
 -6.30810379E-01  1.01477990E+00
 -6.92698333E-01  8.25435639E-01
 -7.38162951E-01  6.36091376E-01
 -7.70118446E-01  4.46747114E-01
 -7.90205426E-01  2.57402852E-01
 -7.99319163E-01  6.80585894E-02
 -7.97835792E-01 -1.21285673E-01
 -7.85695293E-01 -3.10629935E-01
 -7.62388715E-01 -4.99974198E-01
 -7.26842711E-01 -6.89318460E-01
 -6.77132496E-01 -8.78662722E-01
 -6.09803922E-01 -1.06800698E+00
 -5.18032379E-01 -1.25735125E+00
 -3.84705842E-01 -1.44669551E+00

hb:   line clip z  
clip:
  3.82732397E-01 -1.52043019E+00
  5.16932953E-01 -1.56850000E+00
  7.38622806E-01 -1.56850000E+00
  1.55077911E+00 -1.56850000E+00
  1.75000000E+00 -1.55615473E+00
  1.75000000E+00 -1.44669551E+00
  1.75000000E+00 -1.33723628E+00
  1.55077911E+00 -1.31850000E+00
  1.31745730E+00 -1.31850000E+00
  1.20616372E+00 -1.31850000E+00
  9.72841920E-01 -1.31850000E+00
  8.61548338E-01 -1.31850000E+00
  6.28226535E-01 -1.31850000E+00
  5.16932953E-01 -1.31850000E+00
  4.25932792E-01 -1.39669670E+00
  3.84705842E-01 -1.44669551E+00

hb:   line clip z  
clip:
 -2.00666832E+00 -1.31850000E+00
 -1.43946577E+00 -1.31850000E+00
 -1.35000000E+00 -1.25735125E+00
 -1.35000000E+00 -1.14704673E+00
 -1.35000000E+00 -1.06800698E+00
 -1.35000000E+00 -9.57702472E-01
 -1.35000000E+00 -8.78662722E-01
 -1.35000000E+00 -7.68358210E-01
 -1.35000000E+00 -6.89318460E-01
 -1.35000000E+00 -5.79013948E-01
 -1.35000000E+00 -4.99974198E-01
 -1.35000000E+00 -3.89669686E-01
 -1.35000000E+00 -3.10629935E-01
 -1.35000000E+00 -2.00325423E-01
 -1.35000000E+00 -1.21285673E-01
 -1.35000000E+00 -1.09811609E-02
 -1.35000000E+00  6.80585894E-02
 -1.35000000E+00  1.78363101E-01
 -1.35000000E+00  2.57402852E-01
 -1.35000000E+00  3.67707364E-01
 -1.35000000E+00  4.46747114E-01
 -1.35000000E+00  5.57051626E-01
 -1.35000000E+00  6.36091376E-01
 -1.35000000E+00  7.46395888E-01
 -1.35000000E+00  8.25435639E-01
 -1.35000000E+00  9.35740151E-01
 -1.35000000E+00  1.01477990E+00
 -1.35000000E+00  1.12508441E+00
 -1.35000000E+00  1.20412416E+00
 -1.35000000E+00  1.31442868E+00
 -1.35000000E+00  1.39346843E+00
 -1.35000000E+00  1.50377294E+00
 -1.35000000E+00  1.58281269E+00
 -1.35000000E+00  1.69311720E+00
 -1.35000000E+00  1.77215695E+00
 -1.35174991E+00  1.88150000E+00
 -1.55075935E+00  1.88150000E+00
 -1.74976880E+00  1.88150000E+00
 -1.89537474E+00  1.88150000E+00
 -2.05000000E+00  1.85711371E+00
 -2.05000000E+00  1.77215695E+00
 -2.05000000E+00  1.68720019E+00
 -2.05000000E+00  1.58281269E+00
 -2.05000000E+00  1.49785593E+00
 -2.05000000E+00  1.39346843E+00
 -2.05000000E+00  1.30851167E+00
 -2.05000000E+00  1.20412416E+00
 -2.05000000E+00  1.11916740E+00
 -2.05000000E+00  1.01477990E+00
 -2.05000000E+00  9.29823142E-01
 -2.05000000E+00  8.25435639E-01
 -2.05000000E+00  7.40478880E-01
 -2.05000000E+00  6.36091376E-01
 -2.05000000E+00  5.51134618E-01
 -2.05000000E+00  4.46747114E-01
 -2.05000000E+00  3.61790355E-01
 -2.05000000E+00  2.57402852E-01
 -2.05000000E+00  1.72446093E-01
 -2.05000000E+00  6.80585894E-02
 -2.05000000E+00 -1.68981691E-02
 -2.05000000E+00 -1.21285673E-01
 -2.05000000E+00 -2.06242431E-01
 -2.05000000E+00 -3.10629935E-01
 -2.05000000E+00 -3.95586694E-01
 -2.05000000E+00 -4.99974198E-01
 -2.05000000E+00 -5.84930956E-01
 -2.05000000E+00 -6.89318460E-01
 -2.05000000E+00 -7.74275218E-01
 -2.05000000E+00 -8.78662722E-01
 -2.05000000E+00 -9.63619481E-01
 -2.05000000E+00 -1.06800698E+00
 -2.05000000E+00 -1.15296374E+00
 -2.05000000E+00 -1.25735125E+00

hb:   line clip z  
clip:
 -1.31743755E+00 -1.31850000E+00
 -7.50235003E-01 -1.31850000E+00
 -5.18032379E-01 -1.25735125E+00
 -5.92191148E-01 -1.10936743E+00
 -6.09803922E-01 -1.06800698E+00
 -6.52933383E-01 -9.53397172E-01
 -6.77132496E-01 -8.78662722E-01
 -7.02066963E-01 -7.91048690E-01
 -7.26842711E-01 -6.89318460E-01
 -7.40787165E-01 -6.22978719E-01
 -7.62388715E-01 -4.99974198E-01
 -7.69736276E-01 -4.49540155E-01
 -7.85695293E-01 -3.10629935E-01
 -7.89147224E-01 -2.70860976E-01
 -7.97835792E-01 -1.21285673E-01
 -7.98890485E-01 -8.68700161E-02
 -7.99319163E-01  6.80585894E-02
 -7.98448329E-01  1.02717183E-01
 -7.90205426E-01  2.57402852E-01
 -7.70118446E-01  4.46747114E-01
 -7.38162951E-01  6.36091376E-01
 -6.92698333E-01  8.25435639E-01
 -6.30810379E-01  1.01477990E+00
 -5.46952287E-01  1.20412416E+00
 -4.53829740E-01  1.35880807E+00
 -3.46728970E-01  1.48697385E+00
 -1.72297816E-01  1.61127783E+00
  5.79125414E-02  1.64567098E+00
  1.72317569E-01  1.61126885E+00
  2.25964361E-01  1.58281269E+00
  3.45219535E-01  1.48846707E+00
  4.28411240E-01  1.39346843E+00
  4.53835248E-01  1.35880024E+00
  5.16932953E-01  1.25927461E+00
  5.46952287E-01  1.20412416E+00
  6.10541856E-01  1.06621205E+00
  6.30810379E-01  1.01477990E+00
  6.67857272E-01  9.08358964E-01
  6.92698333E-01  8.25435639E-01
  7.13969979E-01  7.44350705E-01
  7.38162951E-01  6.36091376E-01
  7.49897269E-01  5.74746206E-01
  7.70118446E-01  4.46747114E-01
  7.76156871E-01  3.99829927E-01
  7.90205426E-01  2.57402852E-01
  7.92878311E-01  2.19673034E-01
  7.99319163E-01  6.80585894E-02
  7.99828660E-01  3.41475472E-02
  7.97835792E-01 -1.21285673E-01
  7.96365632E-01 -1.57099429E-01
  7.85695293E-01 -3.10629935E-01
  7.81293947E-01 -3.54724625E-01
  7.62388715E-01 -4.99974198E-01
  7.52538523E-01 -5.59868166E-01
  7.26842711E-01 -6.89318460E-01
  7.06370816E-01 -7.74578650E-01
  6.77132496E-01 -8.78662722E-01
  6.35217508E-01 -1.00301714E+00
  6.09803922E-01 -1.06800698E+00
  5.18533825E-01 -1.25647167E+00
  7.50254756E-01 -1.31850000E+00
  1.31745730E+00 -1.31850000E+00
  1.35000000E+00 -1.25735125E+00
  1.35000000E+00 -1.17832235E+00
  1.35000000E+00 -1.06800698E+00
  1.35000000E+00 -9.88978087E-01
  1.35000000E+00 -8.78662722E-01
  1.35000000E+00 -7.99633825E-01
  1.35000000E+00 -6.89318460E-01
  1.35000000E+00 -6.10289563E-01
  1.35000000E+00 -4.99974198E-01
  1.35000000E+00 -4.20945300E-01
  1.35000000E+00 -3.10629935E-01
  1.35000000E+00 -2.31601038E-01
  1.35000000E+00 -1.21285673E-01
  1.35000000E+00 -4.22567757E-02
  1.35000000E+00  6.80585894E-02
  1.35000000E+00  1.47087487E-01
  1.35000000E+00  2.57402852E-01
  1.35000000E+00  3.36431749E-01
  1.35000000E+00  4.46747114E-01
  1.35000000E+00  5.25776011E-01
  1.35000000E+00  6.36091376E-01
  1.35000000E+00  7.15120273E-01
  1.35000000E+00  8.25435639E-01
  1.35000000E+00  9.04464536E-01
  1.35000000E+00  1.01477990E+00
  1.35000000E+00  1.09380880E+00
  1.35000000E+00  1.20412416E+00
  1.35000000E+00  1.28315306E+00
  1.35000000E+00  1.39346843E+00
  1.35000000E+00  1.47249732E+00
  1.35000000E+00  1.58281269E+00
  1.35000000E+00  1.66184158E+00
  1.35000000E+00  1.77215695E+00
  1.35000000E+00  1.85118585E+00
  1.20616372E+00  1.88150000E+00
  1.00715427E+00  1.88150000E+00
  8.61548338E-01  1.88150000E+00
  6.62538890E-01  1.88150000E+00
  5.16932953E-01  1.88150000E+00
  3.17923505E-01  1.88150000E+00
  1.72317569E-01  1.88150000E+00
 -2.66918797E-02  1.88150000E+00
 -1.72297816E-01  1.88150000E+00
 -3.71307264E-01  1.88150000E+00
 -5.16913200E-01  1.88150000E+00
 -7.15922649E-01  1.88150000E+00
 -8.61528585E-01  1.88150000E+00
 -1.06053803E+00  1.88150000E+00
 -1.20614397E+00  1.88150000E+00
 -1.35000000E+00  1.85119670E+00
 -1.35000000E+00  1.77215695E+00
 -1.35000000E+00  1.69311720E+00
 -1.35000000E+00  1.58281269E+00
 -1.35000000E+00  1.50377294E+00
 -1.35000000E+00  1.39346843E+00
 -1.35000000E+00  1.31442868E+00
 -1.35000000E+00  1.20412416E+00
 -1.35000000E+00  1.12508441E+00
 -1.35000000E+00  1.01477990E+00
 -1.35000000E+00  9.35740151E-01
 -1.35000000E+00  8.25435639E-01
 -1.35000000E+00  7.46395888E-01
 -1.35000000E+00  6.36091376E-01
 -1.35000000E+00  5.57051626E-01
 -1.35000000E+00  4.46747114E-01
 -1.35000000E+00  3.67707364E-01
 -1.35000000E+00  2.57402852E-01
 -1.35000000E+00  1.78363101E-01
 -1.35000000E+00  6.80585894E-02
 -1.35000000E+00 -1.09811609E-02
 -1.35000000E+00 -1.21285673E-01
 -1.35000000E+00 -2.00325423E-01
 -1.35000000E+00 -3.10629935E-01
 -1.35000000E+00 -3.89669686E-01
 -1.35000000E+00 -4.99974198E-01
 -1.35000000E+00 -5.79013948E-01
 -1.35000000E+00 -6.89318460E-01
 -1.35000000E+00 -7.68358210E-01
 -1.35000000E+00 -8.78662722E-01
 -1.35000000E+00 -9.57702472E-01
 -1.35000000E+00 -1.06800698E+00
 -1.35000000E+00 -1.14704673E+00
 -1.35000000E+00 -1.25735125E+00

hb:   line clip z  
clip:
  1.43948553E+00 -1.31850000E+00
  2.00668807E+00 -1.31850000E+00
  2.05000000E+00 -1.25735125E+00
  2.05000000E+00 -1.17240534E+00
  2.05000000E+00 -1.06800698E+00
  2.05000000E+00 -9.83061079E-01
  2.05000000E+00 -8.78662722E-01
  2.05000000E+00 -7.93716817E-01
  2.05000000E+00 -6.89318460E-01
  2.05000000E+00 -6.04372554E-01
  2.05000000E+00 -4.99974198E-01
  2.05000000E+00 -4.15028292E-01
  2.05000000E+00 -3.10629935E-01
  2.05000000E+00 -2.25684030E-01
  2.05000000E+00 -1.21285673E-01
  2.05000000E+00 -3.63397675E-02
  2.05000000E+00  6.80585894E-02
  2.05000000E+00  1.53004495E-01
  2.05000000E+00  2.57402852E-01
  2.05000000E+00  3.42348757E-01
  2.05000000E+00  4.46747114E-01
  2.05000000E+00  5.31693019E-01
  2.05000000E+00  6.36091376E-01
  2.05000000E+00  7.21037282E-01
  2.05000000E+00  8.25435639E-01
  2.05000000E+00  9.10381544E-01
  2.05000000E+00  1.01477990E+00
  2.05000000E+00  1.09972581E+00
  2.05000000E+00  1.20412416E+00
  2.05000000E+00  1.28907007E+00
  2.05000000E+00  1.39346843E+00
  2.05000000E+00  1.47841433E+00
  2.05000000E+00  1.58281269E+00
  2.05000000E+00  1.66775859E+00
  2.05000000E+00  1.77215695E+00
  2.05000000E+00  1.85710286E+00
  1.89539449E+00  1.88150000E+00
  1.69638504E+00  1.88150000E+00
  1.55077911E+00  1.88150000E+00
  1.35176966E+00  1.88150000E+00
  1.35000000E+00  1.77215695E+00
  1.35000000E+00  1.66184158E+00
  1.35000000E+00  1.58281269E+00
  1.35000000E+00  1.47249732E+00
  1.35000000E+00  1.39346843E+00
  1.35000000E+00  1.28315306E+00
  1.35000000E+00  1.20412416E+00
  1.35000000E+00  1.09380880E+00
  1.35000000E+00  1.01477990E+00
  1.35000000E+00  9.04464536E-01
  1.35000000E+00  8.25435639E-01
  1.35000000E+00  7.15120273E-01
  1.35000000E+00  6.36091376E-01
  1.35000000E+00  5.25776011E-01
  1.35000000E+00  4.46747114E-01
  1.35000000E+00  3.36431749E-01
  1.35000000E+00  2.57402852E-01
  1.35000000E+00  1.47087487E-01
  1.35000000E+00  6.80585894E-02
  1.35000000E+00 -4.22567757E-02
  1.35000000E+00 -1.21285673E-01
  1.35000000E+00 -2.31601038E-01
  1.35000000E+00 -3.10629935E-01
  1.35000000E+00 -4.20945300E-01
  1.35000000E+00 -4.99974198E-01
  1.35000000E+00 -6.10289563E-01
  1.35000000E+00 -6.89318460E-01
  1.35000000E+00 -7.99633825E-01
  1.35000000E+00 -8.78662722E-01
  1.35000000E+00 -9.88978087E-01
  1.35000000E+00 -1.06800698E+00
  1.35000000E+00 -1.17832235E+00
  1.35000000E+00 -1.25735125E+00

hb:   line clip z  
clip:
 -2.04098067E+00  1.88150000E+00
  2.04100043E+00  1.88150000E+00
  2.05000000E+00  1.96150121E+00
  2.05000000E+00  2.04644712E+00
  2.05000000E+00  2.15084547E+00
  1.95118716E+00  2.18150000E+00
  1.89539449E+00  2.18150000E+00
  1.83960183E+00  2.18150000E+00
  1.55077911E+00  2.18150000E+00
  1.49498644E+00  2.18150000E+00
  1.20616372E+00  2.18150000E+00
  1.15037106E+00  2.18150000E+00
  8.61548338E-01  2.18150000E+00
  8.05755673E-01  2.18150000E+00
  5.16932953E-01  2.18150000E+00
  4.61140288E-01  2.18150000E+00
  1.72317569E-01  2.18150000E+00
  1.16524904E-01  2.18150000E+00
 -1.72297816E-01  2.18150000E+00
 -2.28090481E-01  2.18150000E+00
 -5.16913200E-01  2.18150000E+00
 -5.72705866E-01  2.18150000E+00
 -8.61528585E-01  2.18150000E+00
 -9.17321250E-01  2.18150000E+00
 -1.20614397E+00  2.18150000E+00
 -1.26193663E+00  2.18150000E+00
 -1.55075935E+00  2.18150000E+00
 -1.60655202E+00  2.18150000E+00
 -1.89537474E+00  2.18150000E+00
 -1.95116740E+00  2.18150000E+00
 -2.05000000E+00  2.15084547E+00
 -2.05000000E+00  2.06588872E+00
 -2.05000000E+00  1.96150121E+00

#------------------------------------------------------------------------------
z: xorg(1.03)
p: xfac[c2*0.05] form[c1/0.05] notc noxt noyt dmin(1)
p: ymin(0) ymax(1) xmin(0) xmax(1) cmin(1) cmax(100) nosp
hc: y= 0.005 to 0.995 by 0.01 ; x= 0.5 to 0.5 by 1 ;
 1  2  3  4  5  6  7  8  9 10 11 12 13 14 15 16 17 18 19 20
21 22 23 24 25 26 27 28 29 30 31 32 33 34 35 36 37 38 39 40
41 42 43 44 45 46 47 48 49 50 51 52 53 54 55 56 57 58 59 60
61 62 63 64 65 66 67 68 69 70 71 72 73 74 75 76 77 78 79 80
81 82 83 84 85 86 87 88 89 90 91 92 93 94 95 96 97 98 99 100
z: xorg(0.0)
p: xfac[c2*0.05] form[c1/0.05] nosp afac[c5*0.625] ymin[c3] ymax[c4]
p: noxt noxn ytxt(-1) ynum(-1) xltd(-1) xstd(-1) itic(1) ylog
y: Flux [1/cm^2/source]              
#------------------------------------------------------------------------------

wt: s[c5]
\vspace{-3}
  emin  &=&   0.0000E+00 [MeV]
  emax  &=&   1.0000E+03 [MeV]
  zmin  &=&   9.8470E+01 [cm]
  zmax  &=&   9.8490E+01 [cm]
  part. &=& proton  
e:

#------------------------------------------------------------------------------
z: xorg[-1.03/0.05]
p: form[c1] xfac[c2] afac[c5] nosp notf
p: xmin( -4.000000    ) xmax(  4.000000    )
p: ymin( -6.000000    ) ymax(  5.000000    )
 
# Information for Restart Calculation
# This calculation was newly started
# istdev =  2 # 1:Batch variance, 2:History variance
# resc2  = 2.00272125193213177E-02 # Total source weight or Total source weight / maxcas
# resc3  = 1.25000000000000000E+08 # Total history number or Total batch number
# maxcas =       25000 # History / Batch, only used for istdev=1
# bitrseed = 1011110110000000011000010101100001101110100111001100010100001110 # bit data of rseed
