
Errors of cell definition in EPS Page No. =   1
Overlapped Cell IDs  x, y, z  coodinates
(Cells 0       0  indicate undefined region)
       2    6009    -1.579598E+00  5.000001E-02  9.843765E+01
       2    6009    -1.579598E+00  5.000001E-02  9.850000E+01
       2    6009    -1.579598E+00  5.000001E-02  9.856236E+01
       2    6009    -1.496461E+00  5.000001E-02  9.843765E+01
       2    6009    -1.496461E+00  5.000001E-02  9.850000E+01
       2    6009    -1.496461E+00  5.000001E-02  9.856236E+01
       2    6009    -1.413324E+00  5.000001E-02  9.843765E+01
       2    6009    -1.413324E+00  5.000001E-02  9.850000E+01
       2    6009    -1.413324E+00  5.000001E-02  9.856236E+01
       2    6009    -1.330187E+00  5.000001E-02  9.843765E+01
       2    6009    -1.330187E+00  5.000001E-02  9.850000E+01
       2    6009    -1.330187E+00  5.000001E-02  9.856236E+01
       2    6009    -1.247049E+00  5.000001E-02  9.843765E+01
       2    6009    -1.247049E+00  5.000001E-02  9.850000E+01
       2    6009    -1.247049E+00  5.000001E-02  9.856236E+01
       2    6009    -1.163912E+00  5.000001E-02  9.843765E+01
       2    6009    -1.163912E+00  5.000001E-02  9.850000E+01
       2    6009    -1.163912E+00  5.000001E-02  9.856236E+01
       2    6009    -1.080775E+00  5.000001E-02  9.843765E+01
       2    6009    -1.080775E+00  5.000001E-02  9.850000E+01
       2    6009    -1.080775E+00  5.000001E-02  9.856236E+01
       2    6009    -9.976377E-01  5.000001E-02  9.843765E+01
       2    6009    -9.976377E-01  5.000001E-02  9.850000E+01
       2    6009    -9.976377E-01  5.000001E-02  9.856236E+01
       2    6009    -9.145004E-01  5.000001E-02  9.843765E+01
       2    6009    -9.145004E-01  5.000001E-02  9.850000E+01
       2    6009    -9.145004E-01  5.000001E-02  9.856236E+01
