0 <--- number of remaining batches 

-------------------------------------------------------------------------------
 Local Batch = [   322 ] : Parallel Status:  0-> normal, 1-> abnormal stop
-------------------------------------------------------------------------------
 ip  status
    1    0
    2    0
    3    0
    4    0
    5    0
    6    0
    7    0
    8    0
    9    0
   10    0
   11    0
   12    0
   13    0
   14    0
   15    0
   16    0
   17    0
   18    0
   19    0
   20    0
   21    0
   22    0
   23    0
   24    0
   25    0
   26    0
   27    0
   28    0
   29    0
   30    0
   31    0

 total source  =              0.

 elapse time =        24.28 sec.
 av cpu time =        24.24 sec.

 date = 2026-10-06
 time = 16h 18m 18s

 Starting Random Number of each PE
  ip num      rijk
     1   0101010001001110101110001110001001010011100100011100000000010111
     2   1101100010001000101110101101010001110111001000011101010001011100
     3   0100011011101000111110001111110001001100011110010001000100100000
     4   1010111100100101111011110010010010110110101110010000101000101111
     5   1000000000101000001101100000001000000101110110011001010010111111
     6   1001010000010111101101000011111000000010111000100011010001100101
     7   0110110111110101101001111010110101000010111111000010011000110010
     8   0111100100001010001110000111111101111010010000010111010000000001
     9   1001101010010011000001101110011000011011101101111100010011101101
    10   0000010100000001011111100011110001111111000111001111000011001001
    11   0011001011100010000000010000001001010110100000110011111110100101
    12   0110100010110111001110010111000011000110000011010010011111100011
    13   0111101111101000110100011111010001100101100101011010110101011010
    14   0011000000110011001001010100011011101010011010111001001010011110
    15   1010011000111001011001100100111111101010000100011000001010110101
    16   0001111110110101110011100110101101010101001000001011100101001110
    17   1110000111010000110011001100100000001110000010110100111110011110
    18   0111001111001001111111000000110001100011100111000010001001110110
    19   0011100011100000101100101111010011111110101001001100100110110001
    20   0000110110011001101011011001100010100010000010010011101110001000
    21   1010101010010011101100100011011011111100111111001101111011110101
    22   0010111100010100101001111011111001011111010101100111011101110110
    23   1101010110110010010001111011101110111111100111100111000111111001
    24   0010101111100010010101010011001010001011001000110101000101011010
    25   0101111111110001011010100110101101110101110000000001001011110011
    26   0010100001110001011010101010110101100101011100001010111100000101
    27   0111011010100101111110100101010100101111010000110001000110000100
    28   0000000010100010001000010110010111101011010011001000100110101011
    29   1000001111110100101100001101001110101101000101111100000011010001
    30   0010001010111010011110011001010011111001010011011111111000100100
    31   1100110101110101001101000010110010110011011111011100011010110011
-------------------------------------------------------------------------------
next initial random seed:
 bitrseed = 1010100011101000001110100101101100110101110010110011101101001001
