[ T-Deposit ]
    title = Bragg peak in pouch, ahora con radio 1
     mesh =  r-z            # mesh type is r-z scoring mesh
       x0 =   0.000000      # center x-position of r-z mesh
       y0 =   0.000000      # center y-position of r-z mesh
   r-type =    2            # r-mesh is linear given by rmin, rmax and nr
     rmin =   0.000000      # minimum value of r-mesh points
     rmax =   1.700000      # maximum value of r-mesh points
#    rdel =  2.8333333E-02  # mesh width of r-mesh points
       nr =     60          # number of r-mesh points
#    data = ( r(i), i = 1, nr + 1 )
#           0.00000E+00  2.83333E-02  5.66667E-02  8.50000E-02  1.13333E-01
#           1.41667E-01  1.70000E-01  1.98333E-01  2.26667E-01  2.55000E-01
#           2.83333E-01  3.11667E-01  3.40000E-01  3.68333E-01  3.96667E-01
#           4.25000E-01  4.53333E-01  4.81667E-01  5.10000E-01  5.38333E-01
#           5.66667E-01  5.95000E-01  6.23333E-01  6.51667E-01  6.80000E-01
#           7.08333E-01  7.36667E-01  7.65000E-01  7.93333E-01  8.21667E-01
#           8.50000E-01  8.78333E-01  9.06667E-01  9.35000E-01  9.63333E-01
#           9.91667E-01  1.02000E+00  1.04833E+00  1.07667E+00  1.10500E+00
#           1.13333E+00  1.16167E+00  1.19000E+00  1.21833E+00  1.24667E+00
#           1.27500E+00  1.30333E+00  1.33167E+00  1.36000E+00  1.38833E+00
#           1.41667E+00  1.44500E+00  1.47333E+00  1.50167E+00  1.53000E+00
#           1.55833E+00  1.58667E+00  1.61500E+00  1.64333E+00  1.67167E+00
#           1.70000E+00
   z-type =    2            # z-mesh is linear given by zmin, zmax and nz
     zmin =   98.38000      # minimum value of z-mesh points
     zmax =   98.58000      # maximum value of z-mesh points
#    zdel =  0.2000000      # mesh width of z-mesh points
       nz =      1          # number of z-mesh points
#    data = ( z(i), i = 1, nz + 1 )
#           9.83800E+01  9.85800E+01
     unit =    0            # unit is [Gy/source]
   letmat =    0            # (D=0) mat ID for LET, 0:real mat, <0: electron for H2O
  dedxfnc =    0            # (D=0) user defined multiplier, 0(no), 1, 2
 material =  all            # (D=all) number of specific material
   output =  dose           # total deposit energy
  deposit =    0            # (D=0) 0-> total deposit dist, 1-> each process
     axis =     r           # axis of output
     file = ./out/bragg_pouch_rL.out  # file name of output for the above axis
     part =  proton   
# kf/name :  2212     
   epsout =    1            # (D=0) generate eps file by ANGEL
   mother =  all            # (D=all) number of specific mother
#    used :        main (  %)        temp (  %)       total (  %)
#  memory :          66 (  0)           0 (  0)          66 (  0)

#------------------------------------------------------------------------------
#newpage:
#   no. =  1   iz  =  1
#   z = (   9.8380E+01  -   9.8580E+01  )

x: r [cm]
y: Dose [Gy/source]      
p: xlin ylog afac(0.8) form(0.9)
h: n            x            y(proton  ),hh0l n 
#  r-lower      r-upper        proton    r.err 
   0.0000E+00   2.8333E-02   2.3147E-01  0.0253
   2.8333E-02   5.6667E-02   1.4177E-01  0.0187
   5.6667E-02   8.5000E-02   4.2796E-02  0.0271
   8.5000E-02   1.1333E-01   6.4444E-03  0.0594
   1.1333E-01   1.4167E-01   1.0392E-03  0.1665
   1.4167E-01   1.7000E-01   2.0603E-04  0.2843
   1.7000E-01   1.9833E-01   7.4173E-05  0.3807
   1.9833E-01   2.2667E-01   5.1973E-05  0.3392
   2.2667E-01   2.5500E-01   2.9051E-05  0.3067
   2.5500E-01   2.8333E-01   2.2214E-05  0.3078
   2.8333E-01   3.1167E-01   1.8940E-05  0.3361
   3.1167E-01   3.4000E-01   4.7602E-05  0.4763
   3.4000E-01   3.6833E-01   2.9607E-05  0.3438
   3.6833E-01   3.9667E-01   2.3088E-05  0.3352
   3.9667E-01   4.2500E-01   2.5743E-05  0.3308
   4.2500E-01   4.5333E-01   3.4777E-05  0.3314
   4.5333E-01   4.8167E-01   2.7770E-05  0.3412
   4.8167E-01   5.1000E-01   2.8951E-05  0.3192
   5.1000E-01   5.3833E-01   2.0676E-05  0.2830
   5.3833E-01   5.6667E-01   1.6564E-05  0.3283
   5.6667E-01   5.9500E-01   1.4470E-05  0.2759
   5.9500E-01   6.2333E-01   1.6789E-05  0.2882
   6.2333E-01   6.5167E-01   1.9434E-05  0.2954
   6.5167E-01   6.8000E-01   2.2954E-05  0.2691
   6.8000E-01   7.0833E-01   1.7090E-05  0.2724
   7.0833E-01   7.3667E-01   1.8275E-05  0.2763
   7.3667E-01   7.6500E-01   1.8384E-05  0.2590
   7.6500E-01   7.9333E-01   2.0053E-05  0.2834
   7.9333E-01   8.2167E-01   2.2074E-05  0.2956
   8.2167E-01   8.5000E-01   1.9173E-05  0.2933
   8.5000E-01   8.7833E-01   1.8027E-05  0.2642
   8.7833E-01   9.0667E-01   2.3537E-05  0.3276
   9.0667E-01   9.3500E-01   2.7037E-05  0.2755
   9.3500E-01   9.6333E-01   4.5332E-05  0.3207
   9.6333E-01   9.9167E-01   3.2594E-05  0.2461
   9.9167E-01   1.0200E+00   3.3887E-05  0.2269
   1.0200E+00   1.0483E+00   3.5251E-05  0.2400
   1.0483E+00   1.0767E+00   2.9056E-05  0.2311
   1.0767E+00   1.1050E+00   2.4920E-05  0.2372
   1.1050E+00   1.1333E+00   1.4947E-05  0.2186
   1.1333E+00   1.1617E+00   2.0678E-05  0.2169
   1.1617E+00   1.1900E+00   2.1670E-05  0.2369
   1.1900E+00   1.2183E+00   2.0991E-05  0.2035
   1.2183E+00   1.2467E+00   2.4471E-05  0.1960
   1.2467E+00   1.2750E+00   4.3132E-05  0.2332
   1.2750E+00   1.3033E+00   2.6298E-05  0.2201
   1.3033E+00   1.3317E+00   2.7449E-05  0.1874
   1.3317E+00   1.3600E+00   2.8411E-05  0.2017
   1.3600E+00   1.3883E+00   2.6495E-05  0.1984
   1.3883E+00   1.4167E+00   2.3871E-05  0.1914
   1.4167E+00   1.4450E+00   2.3918E-05  0.1847
   1.4450E+00   1.4733E+00   2.5810E-05  0.1937
   1.4733E+00   1.5017E+00   2.9829E-05  0.1998
   1.5017E+00   1.5300E+00   2.1246E-05  0.1830
   1.5300E+00   1.5583E+00   2.8319E-05  0.2446
   1.5583E+00   1.5867E+00   3.5840E-05  0.2454
   1.5867E+00   1.6150E+00   3.1423E-05  0.2033
   1.6150E+00   1.6433E+00   4.4641E-05  0.2437
   1.6433E+00   1.6717E+00   4.8292E-05  0.2889
   1.6717E+00   1.7000E+00   4.8156E-05  0.1955

#   sum over    1.8158E+00   2.8582E-04  0.0155

'no. =  1,  iz =  1'
msuc: {\huge Bragg peak in pouch, ahora con radio 1}
msdr: {\it plotted by \ANGEL \version}
msdl: {\it calculated by \PHITS  3.36}
wt: s(0.7)
\vspace{-3}
  zmin  &=&   9.8380E+01 [cm]
  zmax  &=&   9.8580E+01 [cm]
e:
 
# Information for Restart Calculation
# This calculation was newly started
# istdev =  2 # 1:Batch variance, 2:History variance
# resc2  = 3.20404958639304016E-02 # Total source weight or Total source weight / maxcas
# resc3  = 1.99981000000000000E+08 # Total history number or Total batch number
# maxcas =        1000 # History / Batch, only used for istdev=1
# bitrseed = 0001010110011101111001010011000010110000011010111001001010111000 # bit data of rseed
