[ T-Track ]
    title = [t-track] in xyz mesh
     mesh =  xyz            # mesh type is xyz scoring mesh
   x-type =    2            # x-mesh is linear given by xmin, xmax and nx
     xmin =  -10.00000      # minimum value of x-mesh points
     xmax =   10.00000      # maximum value of x-mesh points
#    xdel =  0.2000000      # mesh width of x-mesh points
       nx =    100          # number of x-mesh points
#    data = ( x(i), i = 1, nx + 1 )
#          -1.00000E+01 -9.80000E+00 -9.60000E+00 -9.40000E+00 -9.20000E+00
#          -9.00000E+00 -8.80000E+00 -8.60000E+00 -8.40000E+00 -8.20000E+00
#          -8.00000E+00 -7.80000E+00 -7.60000E+00 -7.40000E+00 -7.20000E+00
#          -7.00000E+00 -6.80000E+00 -6.60000E+00 -6.40000E+00 -6.20000E+00
#          -6.00000E+00 -5.80000E+00 -5.60000E+00 -5.40000E+00 -5.20000E+00
#          -5.00000E+00 -4.80000E+00 -4.60000E+00 -4.40000E+00 -4.20000E+00
#          -4.00000E+00 -3.80000E+00 -3.60000E+00 -3.40000E+00 -3.20000E+00
#          -3.00000E+00 -2.80000E+00 -2.60000E+00 -2.40000E+00 -2.20000E+00
#          -2.00000E+00 -1.80000E+00 -1.60000E+00 -1.40000E+00 -1.20000E+00
#          -1.00000E+00 -8.00000E-01 -6.00000E-01 -4.00000E-01 -2.00000E-01
#           0.00000E+00  2.00000E-01  4.00000E-01  6.00000E-01  8.00000E-01
#           1.00000E+00  1.20000E+00  1.40000E+00  1.60000E+00  1.80000E+00
#           2.00000E+00  2.20000E+00  2.40000E+00  2.60000E+00  2.80000E+00
#           3.00000E+00  3.20000E+00  3.40000E+00  3.60000E+00  3.80000E+00
#           4.00000E+00  4.20000E+00  4.40000E+00  4.60000E+00  4.80000E+00
#           5.00000E+00  5.20000E+00  5.40000E+00  5.60000E+00  5.80000E+00
#           6.00000E+00  6.20000E+00  6.40000E+00  6.60000E+00  6.80000E+00
#           7.00000E+00  7.20000E+00  7.40000E+00  7.60000E+00  7.80000E+00
#           8.00000E+00  8.20000E+00  8.40000E+00  8.60000E+00  8.80000E+00
#           9.00000E+00  9.20000E+00  9.40000E+00  9.60000E+00  9.80000E+00
#           1.00000E+01
   y-type =    4            # y-mesh is linear given by ymin, ymax and ydel
     ymin = -1.0000000E-02  # minimum value of y-mesh points
     ymax =  1.0000000E-02  # maximum value of y-mesh points
     ydel =  0.1000000      # mesh width of y-mesh points
#      ny =    1            # number of y-mesh points
#    data = ( y(i), i = 1, ny + 1 )
#          -1.00000E-02  9.00000E-02
   z-type =    4            # z-mesh is linear given by zmin, zmax and zdel
     zmin =   95.00000      # minimum value of z-mesh points
     zmax =   100.0000      # maximum value of z-mesh points
     zdel =  0.1000000      # mesh width of z-mesh points
#      nz =   50            # number of z-mesh points
#    data = ( z(i), i = 1, nz + 1 )
#           9.50000E+01  9.51000E+01  9.52000E+01  9.53000E+01  9.54000E+01
#           9.55000E+01  9.56000E+01  9.57000E+01  9.58000E+01  9.59000E+01
#           9.60000E+01  9.61000E+01  9.62000E+01  9.63000E+01  9.64000E+01
#           9.65000E+01  9.66000E+01  9.67000E+01  9.68000E+01  9.69000E+01
#           9.70000E+01  9.71000E+01  9.72000E+01  9.73000E+01  9.74000E+01
#           9.75000E+01  9.76000E+01  9.77000E+01  9.78000E+01  9.79000E+01
#           9.80000E+01  9.81000E+01  9.82000E+01  9.83000E+01  9.84000E+01
#           9.85000E+01  9.86000E+01  9.87000E+01  9.88000E+01  9.89000E+01
#           9.90000E+01  9.91000E+01  9.92000E+01  9.93000E+01  9.94000E+01
#           9.95000E+01  9.96000E+01  9.97000E+01  9.98000E+01  9.99000E+01
#           1.00000E+02
   e-type =    1            # e-mesh is given by the below data
       ne =      1          # number of e-mesh points
#    data = ( e(i), i = 1, ne + 1 )
            0.00000E+00  1.00000E+03
     unit =    1            # unit is [1/cm^2/source]
 material =  all            # (D=all) number of specific material
  2D-type =    3            # 1:Cont, 2:Clust, 3:Color, 4:xyz, 5:mat, 6:Clust+Cont, 7:Col+Cont
     axis =      xz            # axis of output
     file = ./out/detectores-2.out  # file name of output for the above axis
     part =  proton   
# kf/name :  2212     
    gshow =    1            # 0: no 1:bnd, 2:bnd+mat, 3:bnd+reg 4:bnd+lat 5:bmp style
    resol =    1            # (D=1) resolution of gshow or rshow
    width = 0.5000000       # (D=0.5) width of lines for gshow or rshow
   epsout =    1            # (D=0) generate eps file by ANGEL
#    used :        main (  %)        temp (  %)       total (  %)
#  memory :         160 (  0)           0 (  0)         160 (  0)

#------------------------------------------------------------------------------
#newpage:
#   no. =  1   ie  =  1   iy  =  1   part. = proton  
#   e = (   0.0000E+00  -   1.0000E+03  )
#   y = (  -1.0000E-02  -   9.0000E-02  )

'no. =  1,  ie =  1,  iy =  1'
msuc: {\huge [t-track] in xyz mesh}
msdr: {\it plotted by \ANGEL \version}
msdl: {\it calculated by \PHITS  3.36}

x: z [cm]
y: x [cm]
set: c1[ 4.000] c2[ 0.450] c5[ 0.800] c6[ 0.566] c7[ 2.000] c8[ 0.000]
p: h2fs form[c1] xfac[c2] afac[c5] scal[c6] xorg[c7] yorg[c8] nosp
set: c3[   1.991332E+01] c4[   4.765733E+07]
p: cmin[c3] cmax[c4]
p: dmin(1e-31)
p: zlog
p: xmin(  95.00000    ) xmax(  100.0000    )
p: ymin( -10.00000    ) ymax(  10.00000    )
#  nx = 100   nz =  50
# ( ( data(z,x), z = 1, nz ), x = nx, 1, -1 )

hc:  y =   9.900000     to  -9.900000     by  0.2000000     ; x =   95.05000     to   99.95000     by  0.1000000     ;
  0.000E+00  0.000E+00  0.000E+00  0.000E+00  0.000E+00  0.000E+00  0.000E+00  0.000E+00  0.000E+00  0.000E+00
  0.000E+00  0.000E+00  0.000E+00  0.000E+00  0.000E+00  0.000E+00  0.000E+00  0.000E+00  0.000E+00  0.000E+00
  0.000E+00  0.000E+00  0.000E+00  0.000E+00  0.000E+00  0.000E+00  0.000E+00  0.000E+00  0.000E+00  0.000E+00
  0.000E+00  0.000E+00  0.000E+00  0.000E+00  0.000E+00  0.000E+00  0.000E+00  0.000E+00  0.000E+00  0.000E+00
  0.000E+00  0.000E+00  0.000E+00  0.000E+00  0.000E+00  0.000E+00  0.000E+00  0.000E+00  0.000E+00  0.000E+00
  0.000E+00  0.000E+00  0.000E+00  0.000E+00  0.000E+00  0.000E+00  0.000E+00  0.000E+00  0.000E+00  0.000E+00
  0.000E+00  0.000E+00  0.000E+00  0.000E+00  0.000E+00  0.000E+00  0.000E+00  0.000E+00  0.000E+00  0.000E+00
  0.000E+00  0.000E+00  0.000E+00  0.000E+00  0.000E+00  0.000E+00  0.000E+00  0.000E+00  0.000E+00  0.000E+00
  0.000E+00  0.000E+00  0.000E+00  0.000E+00  0.000E+00  0.000E+00  0.000E+00  0.000E+00  0.000E+00  0.000E+00
  0.000E+00  0.000E+00  0.000E+00  0.000E+00  0.000E+00  0.000E+00  0.000E+00  0.000E+00  0.000E+00  0.000E+00
  5.103E+05  5.183E+05  5.280E+05  5.216E+05  5.177E+05  5.517E+05  5.789E+05  5.802E+05  5.920E+05  6.170E+05
  6.235E+05  6.435E+05  6.710E+05  6.703E+05  6.629E+05  6.482E+05  6.522E+05  6.653E+05  6.558E+05  6.522E+05
  6.663E+05  6.671E+05  6.632E+05  6.547E+05  6.771E+05  6.995E+05  6.984E+05  7.069E+05  7.104E+05  6.887E+05
  6.705E+05  6.623E+05  6.839E+05  7.044E+05  6.938E+05  6.993E+05  7.273E+05  7.255E+05  7.104E+05  7.282E+05
  7.497E+05  7.594E+05  7.609E+05  7.760E+05  7.913E+05  8.149E+05  8.259E+05  8.663E+05  8.902E+05  8.933E+05
  1.183E+06  1.197E+06  1.236E+06  1.266E+06  1.280E+06  1.289E+06  1.286E+06  1.301E+06  1.321E+06  1.329E+06
  1.320E+06  1.311E+06  1.299E+06  1.303E+06  1.303E+06  1.317E+06  1.337E+06  1.341E+06  1.348E+06  1.357E+06
  1.348E+06  1.367E+06  1.353E+06  1.371E+06  1.376E+06  1.388E+06  1.397E+06  1.414E+06  1.455E+06  1.489E+06
  1.523E+06  1.541E+06  1.566E+06  1.594E+06  1.630E+06  1.644E+06  1.657E+06  1.680E+06  1.713E+06  1.723E+06
  1.746E+06  1.742E+06  1.748E+06  1.770E+06  1.760E+06  1.775E+06  1.806E+06  1.804E+06  1.791E+06  1.804E+06
  1.434E+06  1.443E+06  1.417E+06  1.414E+06  1.430E+06  1.449E+06  1.463E+06  1.456E+06  1.448E+06  1.446E+06
  1.470E+06  1.495E+06  1.545E+06  1.598E+06  1.637E+06  1.663E+06  1.661E+06  1.678E+06  1.711E+06  1.709E+06
  1.711E+06  1.702E+06  1.738E+06  1.766E+06  1.769E+06  1.761E+06  1.781E+06  1.779E+06  1.800E+06  1.803E+06
  1.819E+06  1.813E+06  1.832E+06  1.876E+06  1.911E+06  1.926E+06  1.916E+06  1.916E+06  1.926E+06  1.913E+06
  1.892E+06  1.904E+06  1.928E+06  1.934E+06  1.980E+06  1.971E+06  1.980E+06  2.006E+06  2.052E+06  2.086E+06
  1.789E+06  1.818E+06  1.847E+06  1.865E+06  1.863E+06  1.840E+06  1.885E+06  1.893E+06  1.896E+06  1.923E+06
  1.934E+06  1.924E+06  1.892E+06  1.871E+06  1.856E+06  1.856E+06  1.899E+06  1.937E+06  1.954E+06  1.963E+06
  1.957E+06  1.968E+06  1.996E+06  2.002E+06  2.009E+06  2.023E+06  2.023E+06  2.044E+06  2.083E+06  2.127E+06
  2.138E+06  2.190E+06  2.215E+06  2.193E+06  2.176E+06  2.198E+06  2.239E+06  2.239E+06  2.243E+06  2.274E+06
  2.300E+06  2.332E+06  2.358E+06  2.360E+06  2.386E+06  2.428E+06  2.400E+06  2.390E+06  2.389E+06  2.370E+06
  2.079E+06  2.073E+06  2.072E+06  2.060E+06  2.063E+06  2.082E+06  2.073E+06  2.079E+06  2.106E+06  2.118E+06
  2.149E+06  2.188E+06  2.225E+06  2.256E+06  2.272E+06  2.291E+06  2.309E+06  2.305E+06  2.343E+06  2.359E+06
  2.369E+06  2.389E+06  2.379E+06  2.398E+06  2.445E+06  2.478E+06  2.533E+06  2.557E+06  2.547E+06  2.549E+06
  2.567E+06  2.575E+06  2.554E+06  2.558E+06  2.587E+06  2.575E+06  2.585E+06  2.608E+06  2.623E+06  2.656E+06
  2.679E+06  2.662E+06  2.663E+06  2.681E+06  2.675E+06  2.686E+06  2.769E+06  2.789E+06  2.773E+06  2.777E+06
  2.407E+06  2.420E+06  2.441E+06  2.463E+06  2.475E+06  2.522E+06  2.551E+06  2.555E+06  2.535E+06  2.555E+06
  2.541E+06  2.560E+06  2.573E+06  2.609E+06  2.620E+06  2.614E+06  2.619E+06  2.617E+06  2.604E+06  2.629E+06
  2.679E+06  2.705E+06  2.748E+06  2.782E+06  2.805E+06  2.797E+06  2.811E+06  2.839E+06  2.855E+06  2.887E+06
  2.881E+06  2.895E+06  2.937E+06  2.991E+06  3.005E+06  3.030E+06  3.015E+06  3.028E+06  3.002E+06  3.016E+06
  3.033E+06  3.060E+06  3.093E+06  3.123E+06  3.150E+06  3.138E+06  3.142E+06  3.170E+06  3.220E+06  3.241E+06
  2.859E+06  2.847E+06  2.834E+06  2.871E+06  2.921E+06  2.932E+06  2.930E+06  2.946E+06  2.974E+06  2.998E+06
  3.040E+06  3.070E+06  3.061E+06  3.041E+06  3.077E+06  3.111E+06  3.132E+06  3.141E+06  3.169E+06  3.188E+06
  3.184E+06  3.217E+06  3.194E+06  3.221E+06  3.263E+06  3.287E+06  3.319E+06  3.335E+06  3.341E+06  3.336E+06
  3.399E+06  3.439E+06  3.466E+06  3.527E+06  3.534E+06  3.542E+06  3.603E+06  3.629E+06  3.689E+06  3.680E+06
  3.682E+06  3.712E+06  3.729E+06  3.721E+06  3.720E+06  3.719E+06  3.738E+06  3.765E+06  3.773E+06  3.788E+06
  3.343E+06  3.359E+06  3.385E+06  3.405E+06  3.395E+06  3.409E+06  3.458E+06  3.467E+06  3.484E+06  3.524E+06
  3.559E+06  3.602E+06  3.634E+06  3.688E+06  3.696E+06  3.704E+06  3.728E+06  3.772E+06  3.807E+06  3.867E+06
  3.907E+06  3.936E+06  3.977E+06  3.979E+06  4.003E+06  4.026E+06  4.004E+06  4.000E+06  4.028E+06  4.020E+06
  4.023E+06  4.018E+06  4.039E+06  4.023E+06  4.051E+06  4.124E+06  4.117E+06  4.110E+06  4.146E+06  4.217E+06
  4.276E+06  4.297E+06  4.293E+06  4.275E+06  4.289E+06  4.361E+06  4.366E+06  4.367E+06  4.394E+06  4.439E+06
  3.981E+06  4.014E+06  4.058E+06  4.075E+06  4.142E+06  4.183E+06  4.189E+06  4.232E+06  4.253E+06  4.236E+06
  4.235E+06  4.217E+06  4.226E+06  4.223E+06  4.264E+06  4.301E+06  4.329E+06  4.349E+06  4.363E+06  4.357E+06
  4.411E+06  4.434E+06  4.451E+06  4.494E+06  4.524E+06  4.549E+06  4.570E+06  4.612E+06  4.636E+06  4.661E+06
  4.668E+06  4.750E+06  4.772E+06  4.784E+06  4.768E+06  4.756E+06  4.806E+06  4.877E+06  4.901E+06  4.890E+06
  4.864E+06  4.883E+06  4.915E+06  4.911E+06  4.932E+06  4.951E+06  4.950E+06  5.005E+06  5.050E+06  5.068E+06
  4.618E+06  4.637E+06  4.653E+06  4.675E+06  4.695E+06  4.708E+06  4.744E+06  4.718E+06  4.759E+06  4.808E+06
  4.877E+06  4.904E+06  4.905E+06  4.913E+06  4.913E+06  4.927E+06  5.001E+06  5.038E+06  5.042E+06  5.048E+06
  5.044E+06  5.081E+06  5.133E+06  5.187E+06  5.232E+06  5.249E+06  5.280E+06  5.264E+06  5.260E+06  5.262E+06
  5.289E+06  5.260E+06  5.306E+06  5.350E+06  5.366E+06  5.397E+06  5.409E+06  5.434E+06  5.442E+06  5.485E+06
  5.536E+06  5.563E+06  5.598E+06  5.669E+06  5.709E+06  5.753E+06  5.799E+06  5.834E+06  5.827E+06  5.805E+06
  5.374E+06  5.419E+06  5.464E+06  5.475E+06  5.476E+06  5.489E+06  5.508E+06  5.590E+06  5.634E+06  5.645E+06
  5.670E+06  5.694E+06  5.708E+06  5.705E+06  5.724E+06  5.734E+06  5.744E+06  5.777E+06  5.832E+06  5.868E+06
  5.858E+06  5.897E+06  5.954E+06  6.001E+06  5.996E+06  6.077E+06  6.121E+06  6.182E+06  6.224E+06  6.251E+06
  6.249E+06  6.283E+06  6.282E+06  6.282E+06  6.319E+06  6.331E+06  6.296E+06  6.298E+06  6.325E+06  6.326E+06
  6.290E+06  6.319E+06  6.333E+06  6.363E+06  6.370E+06  6.370E+06  6.389E+06  6.365E+06  6.364E+06  6.365E+06
  6.165E+06  6.173E+06  6.167E+06  6.222E+06  6.258E+06  6.321E+06  6.427E+06  6.448E+06  6.475E+06  6.490E+06
  6.536E+06  6.518E+06  6.500E+06  6.571E+06  6.626E+06  6.670E+06  6.739E+06  6.720E+06  6.729E+06  6.758E+06
  6.796E+06  6.791E+06  6.752E+06  6.733E+06  6.731E+06  6.725E+06  6.719E+06  6.722E+06  6.760E+06  6.789E+06
  6.830E+06  6.849E+06  6.881E+06  6.877E+06  6.889E+06  6.881E+06  6.972E+06  7.025E+06  7.031E+06  7.039E+06
  7.077E+06  7.133E+06  7.136E+06  7.190E+06  7.240E+06  7.244E+06  7.263E+06  7.314E+06  7.345E+06  7.388E+06
  7.214E+06  7.224E+06  7.242E+06  7.217E+06  7.185E+06  7.192E+06  7.180E+06  7.213E+06  7.276E+06  7.306E+06
  7.322E+06  7.362E+06  7.385E+06  7.418E+06  7.449E+06  7.470E+06  7.504E+06  7.537E+06  7.526E+06  7.560E+06
  7.566E+06  7.636E+06  7.686E+06  7.685E+06  7.699E+06  7.708E+06  7.776E+06  7.812E+06  7.830E+06  7.866E+06
  7.940E+06  8.013E+06  8.037E+06  8.104E+06  8.170E+06  8.255E+06  8.260E+06  8.258E+06  8.260E+06  8.332E+06
  8.397E+06  8.311E+06  8.313E+06  8.300E+06  8.338E+06  8.390E+06  8.407E+06  8.429E+06  8.462E+06  8.465E+06
  8.055E+06  8.128E+06  8.177E+06  8.264E+06  8.312E+06  8.365E+06  8.425E+06  8.459E+06  8.497E+06  8.546E+06
  8.610E+06  8.678E+06  8.746E+06  8.770E+06  8.853E+06  8.899E+06  8.878E+06  8.904E+06  8.944E+06  8.960E+06
  8.997E+06  9.000E+06  9.012E+06  9.008E+06  9.055E+06  9.048E+06  8.990E+06  9.017E+06  9.046E+06  9.028E+06
  9.036E+06  9.071E+06  9.116E+06  9.106E+06  9.068E+06  9.046E+06  9.054E+06  9.083E+06  9.128E+06  9.122E+06
  9.113E+06  9.127E+06  9.138E+06  9.157E+06  9.176E+06  9.187E+06  9.250E+06  9.263E+06  9.220E+06  9.232E+06
  9.545E+06  9.542E+06  9.572E+06  9.568E+06  9.595E+06  9.600E+06  9.572E+06  9.553E+06  9.563E+06  9.575E+06
  9.643E+06  9.667E+06  9.648E+06  9.638E+06  9.624E+06  9.620E+06  9.613E+06  9.633E+06  9.660E+06  9.662E+06
  9.645E+06  9.680E+06  9.673E+06  9.747E+06  9.793E+06  9.801E+06  9.861E+06  9.908E+06  9.884E+06  9.869E+06
  9.792E+06  9.816E+06  9.864E+06  9.904E+06  9.961E+06  1.000E+07  1.010E+07  1.011E+07  1.016E+07  1.016E+07
  1.016E+07  1.024E+07  1.029E+07  1.034E+07  1.036E+07  1.038E+07  1.041E+07  1.046E+07  1.054E+07  1.065E+07
  1.044E+07  1.047E+07  1.050E+07  1.056E+07  1.060E+07  1.057E+07  1.058E+07  1.057E+07  1.060E+07  1.061E+07
  1.058E+07  1.062E+07  1.065E+07  1.068E+07  1.067E+07  1.069E+07  1.073E+07  1.080E+07  1.080E+07  1.085E+07
  1.089E+07  1.089E+07  1.099E+07  1.103E+07  1.103E+07  1.106E+07  1.112E+07  1.117E+07  1.126E+07  1.132E+07
  1.141E+07  1.145E+07  1.150E+07  1.158E+07  1.156E+07  1.163E+07  1.167E+07  1.164E+07  1.163E+07  1.165E+07
  1.168E+07  1.172E+07  1.180E+07  1.185E+07  1.188E+07  1.187E+07  1.192E+07  1.198E+07  1.201E+07  1.202E+07
  1.181E+07  1.179E+07  1.175E+07  1.178E+07  1.182E+07  1.197E+07  1.203E+07  1.215E+07  1.222E+07  1.224E+07
  1.224E+07  1.226E+07  1.227E+07  1.229E+07  1.236E+07  1.241E+07  1.246E+07  1.248E+07  1.254E+07  1.258E+07
  1.260E+07  1.265E+07  1.272E+07  1.274E+07  1.283E+07  1.291E+07  1.294E+07  1.300E+07  1.301E+07  1.303E+07
  1.302E+07  1.298E+07  1.295E+07  1.298E+07  1.301E+07  1.293E+07  1.291E+07  1.294E+07  1.296E+07  1.301E+07
  1.310E+07  1.317E+07  1.318E+07  1.323E+07  1.320E+07  1.323E+07  1.323E+07  1.321E+07  1.324E+07  1.322E+07
  1.343E+07  1.351E+07  1.355E+07  1.358E+07  1.359E+07  1.359E+07  1.369E+07  1.378E+07  1.378E+07  1.383E+07
  1.387E+07  1.390E+07  1.386E+07  1.389E+07  1.395E+07  1.397E+07  1.400E+07  1.403E+07  1.410E+07  1.414E+07
  1.416E+07  1.419E+07  1.423E+07  1.425E+07  1.426E+07  1.430E+07  1.436E+07  1.433E+07  1.433E+07  1.432E+07
  1.431E+07  1.435E+07  1.438E+07  1.438E+07  1.441E+07  1.448E+07  1.447E+07  1.449E+07  1.447E+07  1.448E+07
  1.450E+07  1.451E+07  1.450E+07  1.446E+07  1.451E+07  1.454E+07  1.453E+07  1.449E+07  1.439E+07  1.446E+07
  1.532E+07  1.532E+07  1.532E+07  1.541E+07  1.548E+07  1.547E+07  1.551E+07  1.550E+07  1.548E+07  1.550E+07
  1.552E+07  1.556E+07  1.561E+07  1.562E+07  1.560E+07  1.561E+07  1.558E+07  1.559E+07  1.553E+07  1.552E+07
  1.547E+07  1.550E+07  1.549E+07  1.548E+07  1.550E+07  1.551E+07  1.555E+07  1.560E+07  1.564E+07  1.567E+07
  1.576E+07  1.582E+07  1.583E+07  1.585E+07  1.589E+07  1.594E+07  1.601E+07  1.601E+07  1.606E+07  1.609E+07
  1.609E+07  1.614E+07  1.613E+07  1.611E+07  1.613E+07  1.616E+07  1.620E+07  1.624E+07  1.631E+07  1.634E+07
  1.715E+07  1.720E+07  1.719E+07  1.713E+07  1.712E+07  1.718E+07  1.718E+07  1.726E+07  1.734E+07  1.729E+07
  1.726E+07  1.724E+07  1.729E+07  1.735E+07  1.736E+07  1.740E+07  1.744E+07  1.739E+07  1.742E+07  1.745E+07
  1.753E+07  1.754E+07  1.761E+07  1.765E+07  1.766E+07  1.764E+07  1.760E+07  1.759E+07  1.758E+07  1.762E+07
  1.759E+07  1.750E+07  1.744E+07  1.749E+07  1.758E+07  1.758E+07  1.757E+07  1.758E+07  1.764E+07  1.766E+07
  1.770E+07  1.774E+07  1.780E+07  1.780E+07  1.775E+07  1.776E+07  1.775E+07  1.773E+07  1.776E+07  1.775E+07
  1.880E+07  1.871E+07  1.870E+07  1.879E+07  1.880E+07  1.880E+07  1.888E+07  1.885E+07  1.881E+07  1.885E+07
  1.890E+07  1.896E+07  1.900E+07  1.904E+07  1.914E+07  1.912E+07  1.910E+07  1.924E+07  1.934E+07  1.939E+07
  1.935E+07  1.940E+07  1.939E+07  1.940E+07  1.943E+07  1.944E+07  1.942E+07  1.946E+07  1.950E+07  1.952E+07
  1.951E+07  1.950E+07  1.952E+07  1.948E+07  1.947E+07  1.943E+07  1.937E+07  1.941E+07  1.931E+07  1.929E+07
  1.926E+07  1.921E+07  1.918E+07  1.924E+07  1.931E+07  1.925E+07  1.925E+07  1.929E+07  1.928E+07  1.924E+07
  2.092E+07  2.100E+07  2.105E+07  2.101E+07  2.095E+07  2.091E+07  2.088E+07  2.093E+07  2.102E+07  2.099E+07
  2.101E+07  2.102E+07  2.100E+07  2.089E+07  2.085E+07  2.085E+07  2.088E+07  2.077E+07  2.070E+07  2.070E+07
  2.072E+07  2.071E+07  2.069E+07  2.072E+07  2.069E+07  2.073E+07  2.083E+07  2.089E+07  2.086E+07  2.082E+07
  2.083E+07  2.085E+07  2.088E+07  2.093E+07  2.090E+07  2.089E+07  2.093E+07  2.099E+07  2.110E+07  2.114E+07
  2.123E+07  2.129E+07  2.135E+07  2.134E+07  2.132E+07  2.133E+07  2.134E+07  2.134E+07  2.137E+07  2.140E+07
  2.274E+07  2.273E+07  2.273E+07  2.277E+07  2.281E+07  2.282E+07  2.287E+07  2.289E+07  2.285E+07  2.278E+07
  2.277E+07  2.269E+07  2.268E+07  2.279E+07  2.289E+07  2.293E+07  2.292E+07  2.288E+07  2.290E+07  2.297E+07
  2.299E+07  2.295E+07  2.299E+07  2.294E+07  2.294E+07  2.302E+07  2.303E+07  2.303E+07  2.307E+07  2.308E+07
  2.304E+07  2.310E+07  2.309E+07  2.309E+07  2.313E+07  2.311E+07  2.303E+07  2.296E+07  2.297E+07  2.300E+07
  2.302E+07  2.302E+07  2.293E+07  2.287E+07  2.283E+07  2.290E+07  2.290E+07  2.288E+07  2.287E+07  2.291E+07
  2.502E+07  2.501E+07  2.501E+07  2.501E+07  2.507E+07  2.509E+07  2.507E+07  2.503E+07  2.504E+07  2.509E+07
  2.506E+07  2.507E+07  2.512E+07  2.515E+07  2.506E+07  2.507E+07  2.504E+07  2.505E+07  2.508E+07  2.503E+07
  2.501E+07  2.497E+07  2.494E+07  2.498E+07  2.500E+07  2.494E+07  2.497E+07  2.495E+07  2.499E+07  2.503E+07
  2.504E+07  2.505E+07  2.508E+07  2.505E+07  2.503E+07  2.515E+07  2.519E+07  2.518E+07  2.514E+07  2.507E+07
  2.504E+07  2.511E+07  2.516E+07  2.513E+07  2.514E+07  2.506E+07  2.499E+07  2.499E+07  2.501E+07  2.507E+07
  2.743E+07  2.744E+07  2.749E+07  2.748E+07  2.751E+07  2.744E+07  2.737E+07  2.733E+07  2.729E+07  2.735E+07
  2.732E+07  2.731E+07  2.734E+07  2.735E+07  2.736E+07  2.733E+07  2.734E+07  2.738E+07  2.736E+07  2.734E+07
  2.734E+07  2.742E+07  2.742E+07  2.741E+07  2.740E+07  2.737E+07  2.732E+07  2.729E+07  2.724E+07  2.710E+07
  2.707E+07  2.710E+07  2.707E+07  2.702E+07  2.692E+07  2.685E+07  2.685E+07  2.682E+07  2.685E+07  2.689E+07
  2.682E+07  2.673E+07  2.666E+07  2.672E+07  2.668E+07  2.670E+07  2.668E+07  2.666E+07  2.657E+07  2.643E+07
  2.948E+07  2.938E+07  2.937E+07  2.937E+07  2.935E+07  2.935E+07  2.932E+07  2.929E+07  2.931E+07  2.926E+07
  2.927E+07  2.927E+07  2.923E+07  2.916E+07  2.913E+07  2.908E+07  2.903E+07  2.902E+07  2.895E+07  2.902E+07
  2.900E+07  2.900E+07  2.892E+07  2.887E+07  2.883E+07  2.879E+07  2.885E+07  2.889E+07  2.892E+07  2.897E+07
  2.896E+07  2.888E+07  2.885E+07  2.877E+07  2.879E+07  2.873E+07  2.876E+07  2.870E+07  2.863E+07  2.855E+07
  2.853E+07  2.852E+07  2.848E+07  2.846E+07  2.855E+07  2.854E+07  2.849E+07  2.845E+07  2.842E+07  2.844E+07
  3.148E+07  3.152E+07  3.151E+07  3.147E+07  3.133E+07  3.130E+07  3.125E+07  3.126E+07  3.119E+07  3.108E+07
  3.104E+07  3.099E+07  3.096E+07  3.093E+07  3.089E+07  3.084E+07  3.081E+07  3.083E+07  3.094E+07  3.084E+07
  3.076E+07  3.079E+07  3.087E+07  3.083E+07  3.077E+07  3.083E+07  3.076E+07  3.073E+07  3.073E+07  3.072E+07
  3.075E+07  3.078E+07  3.076E+07  3.071E+07  3.055E+07  3.051E+07  3.046E+07  3.048E+07  3.050E+07  3.055E+07
  3.048E+07  3.046E+07  3.042E+07  3.040E+07  3.033E+07  3.032E+07  3.037E+07  3.039E+07  3.041E+07  3.039E+07
  3.384E+07  3.389E+07  3.381E+07  3.379E+07  3.380E+07  3.377E+07  3.373E+07  3.372E+07  3.369E+07  3.370E+07
  3.367E+07  3.364E+07  3.357E+07  3.357E+07  3.356E+07  3.351E+07  3.346E+07  3.346E+07  3.329E+07  3.324E+07
  3.329E+07  3.327E+07  3.321E+07  3.314E+07  3.315E+07  3.314E+07  3.319E+07  3.314E+07  3.307E+07  3.295E+07
  3.285E+07  3.286E+07  3.276E+07  3.274E+07  3.280E+07  3.274E+07  3.263E+07  3.245E+07  3.230E+07  3.223E+07
  3.225E+07  3.216E+07  3.217E+07  3.215E+07  3.216E+07  3.211E+07  3.201E+07  3.194E+07  3.186E+07  3.186E+07
  3.581E+07  3.574E+07  3.565E+07  3.558E+07  3.550E+07  3.541E+07  3.540E+07  3.530E+07  3.525E+07  3.514E+07
  3.506E+07  3.503E+07  3.505E+07  3.499E+07  3.487E+07  3.482E+07  3.479E+07  3.471E+07  3.471E+07  3.472E+07
  3.459E+07  3.449E+07  3.444E+07  3.449E+07  3.442E+07  3.438E+07  3.428E+07  3.424E+07  3.416E+07  3.412E+07
  3.415E+07  3.411E+07  3.411E+07  3.404E+07  3.399E+07  3.399E+07  3.400E+07  3.404E+07  3.395E+07  3.385E+07
  3.380E+07  3.376E+07  3.369E+07  3.367E+07  3.353E+07  3.346E+07  3.341E+07  3.337E+07  3.332E+07  3.326E+07
  3.788E+07  3.782E+07  3.778E+07  3.780E+07  3.772E+07  3.770E+07  3.758E+07  3.747E+07  3.742E+07  3.736E+07
  3.738E+07  3.733E+07  3.720E+07  3.720E+07  3.722E+07  3.721E+07  3.713E+07  3.708E+07  3.705E+07  3.692E+07
  3.690E+07  3.684E+07  3.687E+07  3.676E+07  3.675E+07  3.666E+07  3.659E+07  3.644E+07  3.642E+07  3.636E+07
  3.621E+07  3.606E+07  3.599E+07  3.590E+07  3.583E+07  3.573E+07  3.564E+07  3.554E+07  3.553E+07  3.554E+07
  3.549E+07  3.553E+07  3.553E+07  3.549E+07  3.545E+07  3.535E+07  3.522E+07  3.519E+07  3.516E+07  3.510E+07
  3.994E+07  3.983E+07  3.971E+07  3.961E+07  3.957E+07  3.952E+07  3.950E+07  3.945E+07  3.934E+07  3.927E+07
  3.914E+07  3.902E+07  3.895E+07  3.889E+07  3.881E+07  3.871E+07  3.866E+07  3.862E+07  3.853E+07  3.843E+07
  3.837E+07  3.833E+07  3.823E+07  3.816E+07  3.810E+07  3.804E+07  3.793E+07  3.786E+07  3.773E+07  3.761E+07
  3.747E+07  3.747E+07  3.742E+07  3.740E+07  3.741E+07  3.736E+07  3.728E+07  3.720E+07  3.711E+07  3.696E+07
  3.689E+07  3.673E+07  3.658E+07  3.643E+07  3.634E+07  3.625E+07  3.615E+07  3.616E+07  3.620E+07  3.617E+07
  4.149E+07  4.136E+07  4.125E+07  4.111E+07  4.097E+07  4.087E+07  4.067E+07  4.060E+07  4.061E+07  4.052E+07
  4.047E+07  4.038E+07  4.027E+07  4.018E+07  4.018E+07  4.015E+07  4.003E+07  3.992E+07  3.985E+07  3.977E+07
  3.973E+07  3.956E+07  3.941E+07  3.935E+07  3.928E+07  3.918E+07  3.913E+07  3.913E+07  3.907E+07  3.902E+07
  3.893E+07  3.880E+07  3.868E+07  3.853E+07  3.838E+07  3.829E+07  3.833E+07  3.832E+07  3.834E+07  3.838E+07
  3.834E+07  3.834E+07  3.822E+07  3.814E+07  3.807E+07  3.812E+07  3.814E+07  3.800E+07  3.791E+07  3.784E+07
  4.294E+07  4.286E+07  4.280E+07  4.278E+07  4.270E+07  4.262E+07  4.252E+07  4.243E+07  4.222E+07  4.201E+07
  4.192E+07  4.180E+07  4.172E+07  4.169E+07  4.155E+07  4.149E+07  4.137E+07  4.128E+07  4.115E+07  4.113E+07
  4.113E+07  4.101E+07  4.102E+07  4.094E+07  4.085E+07  4.072E+07  4.068E+07  4.063E+07  4.055E+07  4.054E+07
  4.058E+07  4.054E+07  4.037E+07  4.025E+07  4.014E+07  4.014E+07  4.003E+07  3.997E+07  3.988E+07  3.973E+07
  3.964E+07  3.953E+07  3.943E+07  3.939E+07  3.931E+07  3.922E+07  3.904E+07  3.898E+07  3.890E+07  3.873E+07
  4.435E+07  4.420E+07  4.411E+07  4.393E+07  4.388E+07  4.385E+07  4.375E+07  4.362E+07  4.359E+07  4.363E+07
  4.362E+07  4.352E+07  4.350E+07  4.340E+07  4.326E+07  4.311E+07  4.300E+07  4.291E+07  4.279E+07  4.260E+07
  4.242E+07  4.231E+07  4.227E+07  4.219E+07  4.204E+07  4.190E+07  4.185E+07  4.182E+07  4.171E+07  4.152E+07
  4.140E+07  4.130E+07  4.121E+07  4.117E+07  4.107E+07  4.098E+07  4.091E+07  4.078E+07  4.060E+07  4.052E+07
  4.040E+07  4.035E+07  4.034E+07  4.027E+07  4.014E+07  4.005E+07  3.998E+07  3.991E+07  3.986E+07  3.984E+07
  4.518E+07  4.501E+07  4.481E+07  4.472E+07  4.465E+07  4.455E+07  4.451E+07  4.442E+07  4.431E+07  4.419E+07
  4.402E+07  4.393E+07  4.382E+07  4.375E+07  4.378E+07  4.373E+07  4.357E+07  4.351E+07  4.339E+07  4.333E+07
  4.321E+07  4.317E+07  4.310E+07  4.301E+07  4.296E+07  4.287E+07  4.276E+07  4.265E+07  4.258E+07  4.254E+07
  4.243E+07  4.239E+07  4.229E+07  4.217E+07  4.206E+07  4.190E+07  4.177E+07  4.167E+07  4.158E+07  4.149E+07
  4.136E+07  4.138E+07  4.132E+07  4.119E+07  4.111E+07  4.098E+07  4.091E+07  4.086E+07  4.071E+07  4.065E+07
  4.569E+07  4.564E+07  4.553E+07  4.542E+07  4.540E+07  4.532E+07  4.518E+07  4.505E+07  4.489E+07  4.477E+07
  4.469E+07  4.462E+07  4.455E+07  4.447E+07  4.436E+07  4.435E+07  4.428E+07  4.425E+07  4.424E+07  4.413E+07
  4.399E+07  4.389E+07  4.380E+07  4.377E+07  4.365E+07  4.357E+07  4.342E+07  4.331E+07  4.320E+07  4.308E+07
  4.293E+07  4.290E+07  4.283E+07  4.277E+07  4.260E+07  4.250E+07  4.246E+07  4.245E+07  4.240E+07  4.225E+07
  4.209E+07  4.195E+07  4.186E+07  4.178E+07  4.171E+07  4.158E+07  4.143E+07  4.122E+07  4.118E+07  4.113E+07
  4.674E+07  4.655E+07  4.645E+07  4.635E+07  4.609E+07  4.599E+07  4.593E+07  4.593E+07  4.582E+07  4.567E+07
  4.556E+07  4.552E+07  4.541E+07  4.526E+07  4.510E+07  4.499E+07  4.487E+07  4.481E+07  4.473E+07  4.466E+07
  4.464E+07  4.453E+07  4.438E+07  4.424E+07  4.410E+07  4.398E+07  4.386E+07  4.376E+07  4.374E+07  4.373E+07
  4.367E+07  4.357E+07  4.339E+07  4.327E+07  4.322E+07  4.316E+07  4.301E+07  4.288E+07  4.272E+07  4.255E+07
  4.252E+07  4.240E+07  4.230E+07  4.224E+07  4.216E+07  4.210E+07  4.207E+07  4.198E+07  4.188E+07  4.177E+07
  4.718E+07  4.714E+07  4.696E+07  4.684E+07  4.680E+07  4.667E+07  4.645E+07  4.632E+07  4.622E+07  4.608E+07
  4.590E+07  4.572E+07  4.564E+07  4.552E+07  4.542E+07  4.531E+07  4.520E+07  4.503E+07  4.487E+07  4.479E+07
  4.472E+07  4.463E+07  4.455E+07  4.448E+07  4.439E+07  4.430E+07  4.418E+07  4.413E+07  4.388E+07  4.332E+07
  4.276E+07  4.222E+07  4.164E+07  4.098E+07  4.037E+07  3.982E+07  3.925E+07  3.864E+07  3.808E+07  3.757E+07
  3.705E+07  3.654E+07  3.603E+07  3.551E+07  3.496E+07  3.440E+07  3.384E+07  3.325E+07  3.269E+07  3.214E+07
  4.722E+07  4.711E+07  4.705E+07  4.691E+07  4.676E+07  4.660E+07  4.658E+07  4.647E+07  4.636E+07  4.624E+07
  4.618E+07  4.614E+07  4.605E+07  4.600E+07  4.594E+07  4.584E+07  4.571E+07  4.559E+07  4.552E+07  4.544E+07
  4.532E+07  4.531E+07  4.526E+07  4.512E+07  4.496E+07  4.480E+07  4.468E+07  4.425E+07  2.440E+07  2.190E+04
  2.356E+04  2.312E+04  2.707E+04  2.698E+04  3.389E+04  3.866E+04  4.224E+04  3.959E+04  3.788E+04  3.905E+04
  3.262E+04  3.562E+04  4.763E+04  5.430E+04  5.582E+04  6.141E+04  6.821E+04  7.619E+04  8.190E+04  8.290E+04
  4.729E+07  4.722E+07  4.708E+07  4.691E+07  4.675E+07  4.661E+07  4.647E+07  4.638E+07  4.628E+07  4.616E+07
  4.604E+07  4.586E+07  4.576E+07  4.561E+07  4.549E+07  4.543E+07  4.534E+07  4.524E+07  4.517E+07  4.509E+07
  4.493E+07  4.476E+07  4.465E+07  4.460E+07  4.454E+07  4.441E+07  4.427E+07  4.389E+07  2.407E+07  1.508E+03
  3.102E+02  0.000E+00  3.397E+03  3.741E+03  2.809E+03  2.808E+03  4.742E+03  1.084E+04  5.044E+03  2.941E+03
  9.339E+03  9.001E+03  1.074E+04  5.295E+03  5.489E+03  1.093E+04  8.075E+03  7.309E+03  4.098E+03  5.932E+03
  4.722E+07  4.710E+07  4.700E+07  4.684E+07  4.668E+07  4.660E+07  4.661E+07  4.649E+07  4.638E+07  4.629E+07
  4.621E+07  4.604E+07  4.590E+07  4.577E+07  4.573E+07  4.562E+07  4.547E+07  4.538E+07  4.533E+07  4.526E+07
  4.520E+07  4.512E+07  4.500E+07  4.489E+07  4.481E+07  4.479E+07  4.470E+07  4.437E+07  2.421E+07  0.000E+00
  1.524E+03  5.997E+03  2.023E+03  1.697E+03  1.421E+03  1.112E+03  6.306E+03  5.299E+03  6.392E+03  1.821E+03
  1.836E+03  5.988E+03  5.404E+03  7.849E+03  2.196E+03  3.086E+02  3.299E+02  4.940E+03  7.096E+03  7.284E+03
  4.683E+07  4.673E+07  4.656E+07  4.645E+07  4.631E+07  4.630E+07  4.616E+07  4.609E+07  4.596E+07  4.587E+07
  4.578E+07  4.565E+07  4.558E+07  4.551E+07  4.538E+07  4.531E+07  4.524E+07  4.517E+07  4.499E+07  4.490E+07
  4.487E+07  4.472E+07  4.451E+07  4.442E+07  4.432E+07  4.423E+07  4.411E+07  4.379E+07  2.384E+07  0.000E+00
  1.263E+02  1.540E+03  4.523E+03  4.629E+03  1.595E+03  9.373E+02  5.452E+02  1.597E+03  2.288E+03  3.270E+03
  2.297E+03  4.869E+01  1.380E+03  2.036E+03  3.357E+03  3.804E+03  1.812E+03  2.025E+03  1.618E+03  3.533E+03
  4.664E+07  4.646E+07  4.630E+07  4.626E+07  4.621E+07  4.606E+07  4.589E+07  4.575E+07  4.568E+07  4.563E+07
  4.553E+07  4.544E+07  4.531E+07  4.522E+07  4.515E+07  4.510E+07  4.500E+07  4.489E+07  4.477E+07  4.468E+07
  4.462E+07  4.461E+07  4.454E+07  4.451E+07  4.439E+07  4.430E+07  4.420E+07  4.379E+07  2.374E+07  0.000E+00
  0.000E+00  1.116E+03  1.868E+03  5.588E+03  3.970E+03  1.429E+02  5.499E+03  3.000E+03  1.779E+03  0.000E+00
  6.402E+01  0.000E+00  2.581E+03  1.338E+03  3.186E+03  5.576E+03  1.521E+03  3.514E+02  2.774E+03  0.000E+00
  4.611E+07  4.602E+07  4.589E+07  4.579E+07  4.570E+07  4.562E+07  4.555E+07  4.550E+07  4.544E+07  4.533E+07
  4.524E+07  4.517E+07  4.512E+07  4.506E+07  4.500E+07  4.489E+07  4.479E+07  4.470E+07  4.457E+07  4.444E+07
  4.435E+07  4.421E+07  4.415E+07  4.409E+07  4.397E+07  4.390E+07  4.384E+07  4.353E+07  2.370E+07  0.000E+00
  0.000E+00  1.477E+03  0.000E+00  3.275E+03  3.895E+03  2.493E+03  2.631E+03  0.000E+00  0.000E+00  0.000E+00
  0.000E+00  1.709E+03  0.000E+00  6.760E+03  5.783E+03  2.070E+03  2.306E+03  1.845E+03  2.771E+03  2.024E+03
  4.532E+07  4.527E+07  4.517E+07  4.504E+07  4.494E+07  4.484E+07  4.476E+07  4.468E+07  4.457E+07  4.450E+07
  4.445E+07  4.436E+07  4.433E+07  4.426E+07  4.415E+07  4.406E+07  4.399E+07  4.392E+07  4.380E+07  4.376E+07
  4.361E+07  4.352E+07  4.343E+07  4.334E+07  4.325E+07  4.319E+07  4.313E+07  4.282E+07  2.334E+07  0.000E+00
  1.425E+03  3.672E+02  1.624E+03  3.518E+03  3.857E+03  1.754E+03  1.731E+03  2.280E+03  0.000E+00  1.874E+03
  1.711E+03  1.825E+03  6.693E+02  4.806E+03  4.751E+03  1.783E+03  2.130E+03  1.107E+03  3.561E+03  2.532E+03
  4.562E+07  4.558E+07  4.544E+07  4.533E+07  4.522E+07  4.512E+07  4.502E+07  4.494E+07  4.485E+07  4.474E+07
  4.467E+07  4.456E+07  4.448E+07  4.434E+07  4.426E+07  4.413E+07  4.403E+07  4.393E+07  4.388E+07  4.375E+07
  4.364E+07  4.351E+07  4.342E+07  4.325E+07  4.315E+07  4.301E+07  4.289E+07  4.254E+07  2.307E+07  0.000E+00
  0.000E+00  8.346E+02  0.000E+00  0.000E+00  3.138E+03  2.010E+03  0.000E+00  8.154E+02  4.350E+03  0.000E+00
  1.218E+03  0.000E+00  5.213E+03  7.097E+03  5.189E+03  1.037E+03  4.761E+03  3.876E+03  9.767E+02  2.432E+03
  4.545E+07  4.532E+07  4.519E+07  4.511E+07  4.498E+07  4.488E+07  4.478E+07  4.463E+07  4.460E+07  4.461E+07
  4.454E+07  4.445E+07  4.441E+07  4.435E+07  4.421E+07  4.410E+07  4.396E+07  4.385E+07  4.382E+07  4.367E+07
  4.359E+07  4.356E+07  4.343E+07  4.334E+07  4.323E+07  4.315E+07  4.305E+07  4.267E+07  2.311E+07  0.000E+00
  0.000E+00  0.000E+00  1.314E+03  1.584E+03  3.138E+03  0.000E+00  2.163E+03  2.593E+03  4.920E+03  4.827E+03
  7.663E+03  9.460E+03  1.316E+04  1.777E+04  2.490E+04  2.920E+04  4.083E+04  5.105E+04  7.131E+04  8.331E+04
  4.530E+07  4.522E+07  4.510E+07  4.502E+07  4.491E+07  4.475E+07  4.463E+07  4.452E+07  4.445E+07  4.435E+07
  4.427E+07  4.422E+07  4.412E+07  4.403E+07  4.407E+07  4.402E+07  4.390E+07  4.380E+07  4.369E+07  4.359E+07
  4.343E+07  4.337E+07  4.336E+07  4.322E+07  4.316E+07  4.305E+07  4.297E+07  4.263E+07  2.538E+07  5.120E+06
  3.848E+06  3.495E+06  3.439E+06  3.364E+06  3.290E+06  3.222E+06  3.150E+06  3.073E+06  2.981E+06  2.868E+06
  2.757E+06  2.667E+06  2.564E+06  2.466E+06  2.351E+06  2.252E+06  2.155E+06  2.080E+06  1.984E+06  1.904E+06
  4.527E+07  4.513E+07  4.502E+07  4.494E+07  4.489E+07  4.488E+07  4.485E+07  4.478E+07  4.466E+07  4.452E+07
  4.444E+07  4.435E+07  4.426E+07  4.421E+07  4.407E+07  4.400E+07  4.393E+07  4.382E+07  4.366E+07  4.361E+07
  4.347E+07  4.333E+07  4.318E+07  4.305E+07  4.292E+07  4.284E+07  4.271E+07  4.244E+07  2.538E+07  5.218E+06
  3.860E+06  3.426E+06  3.384E+06  3.332E+06  3.302E+06  3.223E+06  3.134E+06  3.032E+06  2.924E+06  2.852E+06
  2.768E+06  2.700E+06  2.603E+06  2.506E+06  2.411E+06  2.309E+06  2.210E+06  2.101E+06  1.992E+06  1.909E+06
  4.509E+07  4.493E+07  4.481E+07  4.474E+07  4.473E+07  4.470E+07  4.465E+07  4.455E+07  4.451E+07  4.442E+07
  4.431E+07  4.421E+07  4.412E+07  4.403E+07  4.401E+07  4.391E+07  4.382E+07  4.372E+07  4.364E+07  4.358E+07
  4.356E+07  4.354E+07  4.347E+07  4.344E+07  4.346E+07  4.338E+07  4.331E+07  4.298E+07  2.317E+07  0.000E+00
  0.000E+00  1.841E+03  9.985E+02  1.024E+03  7.716E+02  3.617E+03  1.992E+03  2.611E+03  7.980E+02  4.636E+03
  2.065E+03  7.018E+03  1.915E+04  2.024E+04  2.492E+04  3.204E+04  4.587E+04  6.139E+04  8.001E+04  9.331E+04
  4.586E+07  4.587E+07  4.584E+07  4.576E+07  4.560E+07  4.546E+07  4.541E+07  4.531E+07  4.515E+07  4.500E+07
  4.492E+07  4.480E+07  4.467E+07  4.463E+07  4.455E+07  4.435E+07  4.415E+07  4.406E+07  4.394E+07  4.382E+07
  4.377E+07  4.372E+07  4.368E+07  4.363E+07  4.353E+07  4.345E+07  4.336E+07  4.296E+07  2.313E+07  0.000E+00
  1.037E+03  1.699E+03  5.575E+02  4.688E+03  2.380E+03  1.615E+02  9.265E+02  2.081E+03  1.992E+03  2.146E+03
  1.842E+03  2.075E+03  1.080E+03  5.175E+03  4.817E+03  3.011E+03  3.111E+02  1.998E+03  4.197E+03  3.957E+03
  4.575E+07  4.563E+07  4.557E+07  4.551E+07  4.538E+07  4.523E+07  4.515E+07  4.501E+07  4.490E+07  4.486E+07
  4.480E+07  4.475E+07  4.465E+07  4.452E+07  4.445E+07  4.444E+07  4.434E+07  4.415E+07  4.412E+07  4.407E+07
  4.397E+07  4.388E+07  4.379E+07  4.370E+07  4.358E+07  4.345E+07  4.334E+07  4.298E+07  2.324E+07  0.000E+00
  0.000E+00  1.296E+03  3.676E+03  6.995E+02  0.000E+00  0.000E+00  1.641E+03  2.589E+03  1.330E+03  1.991E+01
  3.598E+03  3.128E+03  5.307E+03  6.322E+03  5.501E+03  1.004E+03  3.488E+03  1.074E+03  1.573E+03  6.560E+03
  4.570E+07  4.559E+07  4.549E+07  4.543E+07  4.537E+07  4.534E+07  4.529E+07  4.524E+07  4.515E+07  4.508E+07
  4.494E+07  4.486E+07  4.476E+07  4.469E+07  4.461E+07  4.445E+07  4.439E+07  4.433E+07  4.422E+07  4.409E+07
  4.398E+07  4.388E+07  4.378E+07  4.373E+07  4.364E+07  4.355E+07  4.346E+07  4.308E+07  2.339E+07  3.552E+02
  4.144E+02  0.000E+00  0.000E+00  1.911E+03  3.127E+03  1.871E+03  0.000E+00  0.000E+00  5.741E+02  3.223E+03
  3.107E+03  5.630E+03  4.275E+03  4.090E+03  7.030E+03  1.893E+03  3.631E+03  3.776E+03  7.894E+03  4.235E+03
  4.662E+07  4.648E+07  4.636E+07  4.627E+07  4.618E+07  4.612E+07  4.603E+07  4.597E+07  4.584E+07  4.569E+07
  4.567E+07  4.558E+07  4.548E+07  4.539E+07  4.529E+07  4.519E+07  4.505E+07  4.491E+07  4.486E+07  4.484E+07
  4.474E+07  4.466E+07  4.456E+07  4.443E+07  4.436E+07  4.427E+07  4.413E+07  4.377E+07  2.375E+07  0.000E+00
  0.000E+00  1.030E+03  2.192E+03  0.000E+00  3.338E+03  0.000E+00  2.283E+03  0.000E+00  2.004E+03  0.000E+00
  6.323E+03  6.387E+03  3.911E+03  7.253E+02  5.779E+03  2.940E+03  2.893E+03  5.282E+03  1.062E+04  5.810E+03
  4.703E+07  4.693E+07  4.680E+07  4.666E+07  4.655E+07  4.649E+07  4.629E+07  4.604E+07  4.595E+07  4.582E+07
  4.564E+07  4.554E+07  4.552E+07  4.545E+07  4.538E+07  4.532E+07  4.525E+07  4.518E+07  4.499E+07  4.482E+07
  4.462E+07  4.452E+07  4.440E+07  4.429E+07  4.421E+07  4.412E+07  4.401E+07  4.374E+07  2.396E+07  0.000E+00
  2.595E+02  6.539E+02  2.904E+03  0.000E+00  3.034E+02  4.469E+02  1.592E+03  0.000E+00  1.525E+02  3.290E+03
  8.128E+03  2.177E+03  3.792E+03  3.351E+03  9.473E+03  3.528E+03  3.272E+03  4.613E+03  6.168E+03  8.451E+03
  4.710E+07  4.702E+07  4.691E+07  4.684E+07  4.677E+07  4.666E+07  4.657E+07  4.649E+07  4.637E+07  4.618E+07
  4.602E+07  4.591E+07  4.579E+07  4.566E+07  4.547E+07  4.529E+07  4.517E+07  4.503E+07  4.494E+07  4.487E+07
  4.476E+07  4.464E+07  4.458E+07  4.453E+07  4.449E+07  4.445E+07  4.436E+07  4.395E+07  2.409E+07  0.000E+00
  2.212E+03  0.000E+00  1.606E+03  1.657E+03  3.882E+03  3.864E+03  3.468E+03  1.695E+03  1.842E+03  2.818E+02
  2.783E+03  8.503E+02  3.249E+03  4.563E+03  2.224E+03  9.298E+03  9.719E+03  1.082E+04  7.714E+03  5.796E+03
  4.748E+07  4.730E+07  4.717E+07  4.707E+07  4.692E+07  4.678E+07  4.669E+07  4.664E+07  4.650E+07  4.639E+07
  4.630E+07  4.622E+07  4.614E+07  4.606E+07  4.595E+07  4.579E+07  4.569E+07  4.555E+07  4.548E+07  4.531E+07
  4.517E+07  4.510E+07  4.499E+07  4.485E+07  4.466E+07  4.456E+07  4.437E+07  4.398E+07  2.412E+07  0.000E+00
  1.475E+03  5.728E+02  3.749E+02  2.218E+03  1.005E+03  0.000E+00  0.000E+00  1.547E+03  3.713E+02  1.313E+03
  2.046E+03  3.543E+03  1.800E+03  1.745E+03  1.602E+03  6.935E+03  6.230E+03  7.519E+03  7.170E+03  9.794E+03
  4.728E+07  4.721E+07  4.704E+07  4.698E+07  4.688E+07  4.677E+07  4.667E+07  4.655E+07  4.646E+07  4.636E+07
  4.622E+07  4.605E+07  4.592E+07  4.587E+07  4.573E+07  4.554E+07  4.543E+07  4.532E+07  4.521E+07  4.513E+07
  4.513E+07  4.507E+07  4.497E+07  4.490E+07  4.475E+07  4.458E+07  4.444E+07  4.408E+07  2.447E+07  1.930E+04
  1.767E+04  1.735E+04  2.186E+04  2.400E+04  2.565E+04  2.843E+04  3.773E+04  3.679E+04  3.836E+04  3.841E+04
  4.217E+04  4.402E+04  5.481E+04  5.367E+04  5.769E+04  6.135E+04  6.705E+04  7.012E+04  7.092E+04  7.049E+04
  4.766E+07  4.751E+07  4.737E+07  4.717E+07  4.703E+07  4.695E+07  4.677E+07  4.669E+07  4.664E+07  4.655E+07
  4.642E+07  4.623E+07  4.600E+07  4.586E+07  4.577E+07  4.574E+07  4.573E+07  4.568E+07  4.554E+07  4.542E+07
  4.534E+07  4.521E+07  4.509E+07  4.499E+07  4.494E+07  4.480E+07  4.463E+07  4.449E+07  4.421E+07  4.367E+07
  4.301E+07  4.235E+07  4.173E+07  4.117E+07  4.058E+07  3.998E+07  3.938E+07  3.883E+07  3.825E+07  3.768E+07
  3.707E+07  3.642E+07  3.584E+07  3.532E+07  3.478E+07  3.428E+07  3.370E+07  3.312E+07  3.258E+07  3.196E+07
  4.715E+07  4.707E+07  4.701E+07  4.688E+07  4.681E+07  4.672E+07  4.655E+07  4.645E+07  4.631E+07  4.623E+07
  4.611E+07  4.606E+07  4.600E+07  4.589E+07  4.577E+07  4.568E+07  4.558E+07  4.544E+07  4.531E+07  4.517E+07
  4.502E+07  4.490E+07  4.473E+07  4.460E+07  4.451E+07  4.443E+07  4.438E+07  4.425E+07  4.416E+07  4.405E+07
  4.400E+07  4.393E+07  4.380E+07  4.367E+07  4.363E+07  4.350E+07  4.339E+07  4.321E+07  4.315E+07  4.308E+07
  4.292E+07  4.281E+07  4.276E+07  4.271E+07  4.256E+07  4.240E+07  4.226E+07  4.211E+07  4.200E+07  4.193E+07
  4.639E+07  4.631E+07  4.621E+07  4.600E+07  4.577E+07  4.566E+07  4.557E+07  4.546E+07  4.535E+07  4.512E+07
  4.490E+07  4.485E+07  4.469E+07  4.457E+07  4.450E+07  4.431E+07  4.418E+07  4.407E+07  4.404E+07  4.396E+07
  4.381E+07  4.368E+07  4.363E+07  4.359E+07  4.349E+07  4.338E+07  4.334E+07  4.323E+07  4.315E+07  4.303E+07
  4.292E+07  4.278E+07  4.267E+07  4.250E+07  4.242E+07  4.237E+07  4.227E+07  4.222E+07  4.213E+07  4.212E+07
  4.214E+07  4.202E+07  4.188E+07  4.168E+07  4.157E+07  4.154E+07  4.146E+07  4.138E+07  4.130E+07  4.122E+07
  4.560E+07  4.547E+07  4.528E+07  4.519E+07  4.515E+07  4.508E+07  4.498E+07  4.483E+07  4.473E+07  4.464E+07
  4.467E+07  4.452E+07  4.443E+07  4.432E+07  4.425E+07  4.417E+07  4.413E+07  4.399E+07  4.390E+07  4.369E+07
  4.359E+07  4.352E+07  4.343E+07  4.338E+07  4.327E+07  4.318E+07  4.310E+07  4.305E+07  4.287E+07  4.275E+07
  4.260E+07  4.245E+07  4.233E+07  4.223E+07  4.204E+07  4.190E+07  4.182E+07  4.173E+07  4.167E+07  4.165E+07
  4.158E+07  4.156E+07  4.144E+07  4.133E+07  4.121E+07  4.112E+07  4.098E+07  4.088E+07  4.079E+07  4.068E+07
  4.453E+07  4.438E+07  4.425E+07  4.414E+07  4.403E+07  4.401E+07  4.382E+07  4.377E+07  4.369E+07  4.360E+07
  4.352E+07  4.349E+07  4.341E+07  4.333E+07  4.316E+07  4.312E+07  4.300E+07  4.297E+07  4.287E+07  4.284E+07
  4.267E+07  4.254E+07  4.246E+07  4.234E+07  4.227E+07  4.214E+07  4.202E+07  4.188E+07  4.190E+07  4.182E+07
  4.173E+07  4.161E+07  4.159E+07  4.154E+07  4.147E+07  4.132E+07  4.126E+07  4.118E+07  4.101E+07  4.085E+07
  4.074E+07  4.068E+07  4.060E+07  4.053E+07  4.049E+07  4.050E+07  4.046E+07  4.039E+07  4.027E+07  4.016E+07
  4.284E+07  4.270E+07  4.260E+07  4.252E+07  4.249E+07  4.233E+07  4.223E+07  4.211E+07  4.203E+07  4.195E+07
  4.194E+07  4.185E+07  4.172E+07  4.160E+07  4.155E+07  4.145E+07  4.140E+07  4.126E+07  4.115E+07  4.112E+07
  4.102E+07  4.098E+07  4.094E+07  4.085E+07  4.083E+07  4.083E+07  4.080E+07  4.074E+07  4.068E+07  4.057E+07
  4.045E+07  4.040E+07  4.033E+07  4.028E+07  4.022E+07  4.016E+07  4.007E+07  3.996E+07  3.992E+07  3.988E+07
  3.977E+07  3.972E+07  3.970E+07  3.966E+07  3.958E+07  3.954E+07  3.939E+07  3.933E+07  3.928E+07  3.919E+07
  4.127E+07  4.115E+07  4.101E+07  4.092E+07  4.080E+07  4.069E+07  4.063E+07  4.056E+07  4.046E+07  4.040E+07
  4.027E+07  4.016E+07  4.007E+07  4.001E+07  3.995E+07  3.989E+07  3.982E+07  3.979E+07  3.978E+07  3.974E+07
  3.970E+07  3.962E+07  3.949E+07  3.939E+07  3.937E+07  3.932E+07  3.927E+07  3.928E+07  3.929E+07  3.934E+07
  3.930E+07  3.925E+07  3.909E+07  3.896E+07  3.889E+07  3.877E+07  3.859E+07  3.849E+07  3.846E+07  3.846E+07
  3.847E+07  3.839E+07  3.819E+07  3.809E+07  3.798E+07  3.782E+07  3.779E+07  3.771E+07  3.773E+07  3.765E+07
  4.026E+07  4.026E+07  4.018E+07  4.010E+07  4.001E+07  3.992E+07  3.981E+07  3.970E+07  3.974E+07  3.970E+07
  3.961E+07  3.958E+07  3.963E+07  3.955E+07  3.935E+07  3.927E+07  3.919E+07  3.906E+07  3.892E+07  3.892E+07
  3.889E+07  3.872E+07  3.863E+07  3.853E+07  3.835E+07  3.820E+07  3.811E+07  3.806E+07  3.793E+07  3.776E+07
  3.768E+07  3.766E+07  3.768E+07  3.764E+07  3.757E+07  3.751E+07  3.749E+07  3.745E+07  3.741E+07  3.726E+07
  3.706E+07  3.696E+07  3.698E+07  3.697E+07  3.694E+07  3.693E+07  3.686E+07  3.682E+07  3.669E+07  3.664E+07
  3.784E+07  3.781E+07  3.780E+07  3.769E+07  3.765E+07  3.767E+07  3.761E+07  3.761E+07  3.744E+07  3.733E+07
  3.735E+07  3.723E+07  3.713E+07  3.706E+07  3.707E+07  3.700E+07  3.693E+07  3.689E+07  3.691E+07  3.688E+07
  3.677E+07  3.678E+07  3.677E+07  3.682E+07  3.682E+07  3.680E+07  3.674E+07  3.667E+07  3.666E+07  3.668E+07
  3.666E+07  3.661E+07  3.656E+07  3.650E+07  3.646E+07  3.637E+07  3.629E+07  3.627E+07  3.617E+07  3.614E+07
  3.608E+07  3.598E+07  3.597E+07  3.590E+07  3.587E+07  3.584E+07  3.582E+07  3.575E+07  3.571E+07  3.566E+07
  3.589E+07  3.589E+07  3.579E+07  3.582E+07  3.574E+07  3.570E+07  3.560E+07  3.559E+07  3.556E+07  3.549E+07
  3.531E+07  3.536E+07  3.528E+07  3.523E+07  3.519E+07  3.518E+07  3.512E+07  3.506E+07  3.501E+07  3.495E+07
  3.487E+07  3.477E+07  3.474E+07  3.472E+07  3.470E+07  3.469E+07  3.468E+07  3.468E+07  3.458E+07  3.449E+07
  3.450E+07  3.443E+07  3.440E+07  3.436E+07  3.431E+07  3.429E+07  3.423E+07  3.420E+07  3.420E+07  3.411E+07
  3.404E+07  3.397E+07  3.390E+07  3.384E+07  3.384E+07  3.382E+07  3.374E+07  3.364E+07  3.354E+07  3.345E+07
  3.381E+07  3.380E+07  3.385E+07  3.385E+07  3.390E+07  3.380E+07  3.371E+07  3.367E+07  3.366E+07  3.360E+07
  3.371E+07  3.362E+07  3.353E+07  3.351E+07  3.349E+07  3.347E+07  3.344E+07  3.334E+07  3.325E+07  3.328E+07
  3.326E+07  3.320E+07  3.319E+07  3.325E+07  3.323E+07  3.311E+07  3.300E+07  3.297E+07  3.297E+07  3.293E+07
  3.290E+07  3.280E+07  3.276E+07  3.267E+07  3.256E+07  3.246E+07  3.244E+07  3.239E+07  3.228E+07  3.216E+07
  3.210E+07  3.211E+07  3.207E+07  3.208E+07  3.204E+07  3.203E+07  3.197E+07  3.201E+07  3.195E+07  3.186E+07
  3.223E+07  3.220E+07  3.216E+07  3.216E+07  3.208E+07  3.199E+07  3.195E+07  3.187E+07  3.186E+07  3.192E+07
  3.179E+07  3.171E+07  3.159E+07  3.149E+07  3.147E+07  3.143E+07  3.139E+07  3.135E+07  3.131E+07  3.126E+07
  3.128E+07  3.126E+07  3.118E+07  3.118E+07  3.112E+07  3.108E+07  3.106E+07  3.109E+07  3.107E+07  3.097E+07
  3.087E+07  3.090E+07  3.081E+07  3.079E+07  3.085E+07  3.079E+07  3.074E+07  3.074E+07  3.072E+07  3.072E+07
  3.067E+07  3.057E+07  3.057E+07  3.059E+07  3.058E+07  3.051E+07  3.051E+07  3.049E+07  3.048E+07  3.051E+07
  2.916E+07  2.911E+07  2.910E+07  2.896E+07  2.892E+07  2.898E+07  2.905E+07  2.900E+07  2.903E+07  2.906E+07
  2.913E+07  2.922E+07  2.933E+07  2.932E+07  2.930E+07  2.924E+07  2.921E+07  2.913E+07  2.916E+07  2.916E+07
  2.912E+07  2.910E+07  2.917E+07  2.912E+07  2.918E+07  2.915E+07  2.918E+07  2.919E+07  2.918E+07  2.923E+07
  2.926E+07  2.925E+07  2.929E+07  2.934E+07  2.928E+07  2.920E+07  2.925E+07  2.924E+07  2.923E+07  2.916E+07
  2.911E+07  2.914E+07  2.912E+07  2.894E+07  2.881E+07  2.883E+07  2.882E+07  2.876E+07  2.875E+07  2.863E+07
  2.707E+07  2.712E+07  2.707E+07  2.708E+07  2.705E+07  2.697E+07  2.699E+07  2.708E+07  2.697E+07  2.690E+07
  2.687E+07  2.686E+07  2.687E+07  2.691E+07  2.689E+07  2.689E+07  2.689E+07  2.692E+07  2.689E+07  2.679E+07
  2.679E+07  2.673E+07  2.664E+07  2.667E+07  2.665E+07  2.668E+07  2.669E+07  2.669E+07  2.666E+07  2.664E+07
  2.662E+07  2.663E+07  2.664E+07  2.669E+07  2.668E+07  2.664E+07  2.660E+07  2.664E+07  2.664E+07  2.665E+07
  2.661E+07  2.658E+07  2.665E+07  2.665E+07  2.666E+07  2.656E+07  2.652E+07  2.646E+07  2.644E+07  2.657E+07
  2.496E+07  2.498E+07  2.499E+07  2.505E+07  2.509E+07  2.504E+07  2.502E+07  2.502E+07  2.508E+07  2.509E+07
  2.503E+07  2.499E+07  2.503E+07  2.497E+07  2.494E+07  2.493E+07  2.489E+07  2.491E+07  2.490E+07  2.495E+07
  2.494E+07  2.491E+07  2.503E+07  2.500E+07  2.498E+07  2.501E+07  2.506E+07  2.505E+07  2.501E+07  2.499E+07
  2.498E+07  2.496E+07  2.493E+07  2.492E+07  2.494E+07  2.493E+07  2.488E+07  2.483E+07  2.478E+07  2.477E+07
  2.481E+07  2.482E+07  2.467E+07  2.465E+07  2.465E+07  2.469E+07  2.469E+07  2.466E+07  2.455E+07  2.447E+07
  2.304E+07  2.302E+07  2.299E+07  2.297E+07  2.301E+07  2.307E+07  2.307E+07  2.306E+07  2.306E+07  2.311E+07
  2.312E+07  2.314E+07  2.314E+07  2.323E+07  2.326E+07  2.330E+07  2.333E+07  2.329E+07  2.329E+07  2.326E+07
  2.324E+07  2.312E+07  2.306E+07  2.305E+07  2.303E+07  2.295E+07  2.283E+07  2.287E+07  2.289E+07  2.292E+07
  2.285E+07  2.282E+07  2.284E+07  2.279E+07  2.277E+07  2.284E+07  2.286E+07  2.282E+07  2.285E+07  2.284E+07
  2.284E+07  2.282E+07  2.286E+07  2.290E+07  2.294E+07  2.292E+07  2.298E+07  2.301E+07  2.303E+07  2.301E+07
  2.090E+07  2.094E+07  2.101E+07  2.097E+07  2.089E+07  2.087E+07  2.090E+07  2.090E+07  2.086E+07  2.087E+07
  2.093E+07  2.097E+07  2.093E+07  2.088E+07  2.088E+07  2.094E+07  2.095E+07  2.106E+07  2.112E+07  2.113E+07
  2.111E+07  2.117E+07  2.119E+07  2.123E+07  2.123E+07  2.125E+07  2.132E+07  2.131E+07  2.128E+07  2.120E+07
  2.125E+07  2.127E+07  2.133E+07  2.134E+07  2.136E+07  2.131E+07  2.135E+07  2.139E+07  2.136E+07  2.134E+07
  2.138E+07  2.138E+07  2.139E+07  2.141E+07  2.142E+07  2.143E+07  2.134E+07  2.136E+07  2.143E+07  2.138E+07
  1.893E+07  1.890E+07  1.888E+07  1.891E+07  1.899E+07  1.899E+07  1.899E+07  1.903E+07  1.907E+07  1.910E+07
  1.909E+07  1.911E+07  1.910E+07  1.908E+07  1.913E+07  1.913E+07  1.913E+07  1.911E+07  1.907E+07  1.914E+07
  1.926E+07  1.930E+07  1.934E+07  1.938E+07  1.942E+07  1.944E+07  1.948E+07  1.949E+07  1.949E+07  1.951E+07
  1.956E+07  1.955E+07  1.952E+07  1.955E+07  1.956E+07  1.965E+07  1.967E+07  1.968E+07  1.965E+07  1.966E+07
  1.962E+07  1.962E+07  1.964E+07  1.962E+07  1.964E+07  1.961E+07  1.960E+07  1.952E+07  1.956E+07  1.966E+07
  1.698E+07  1.698E+07  1.700E+07  1.696E+07  1.696E+07  1.702E+07  1.703E+07  1.705E+07  1.711E+07  1.711E+07
  1.719E+07  1.718E+07  1.723E+07  1.727E+07  1.726E+07  1.731E+07  1.732E+07  1.738E+07  1.737E+07  1.740E+07
  1.740E+07  1.739E+07  1.743E+07  1.745E+07  1.745E+07  1.754E+07  1.753E+07  1.752E+07  1.756E+07  1.753E+07
  1.752E+07  1.756E+07  1.761E+07  1.761E+07  1.763E+07  1.766E+07  1.772E+07  1.779E+07  1.791E+07  1.801E+07
  1.806E+07  1.803E+07  1.804E+07  1.804E+07  1.803E+07  1.803E+07  1.805E+07  1.807E+07  1.813E+07  1.818E+07
  1.517E+07  1.523E+07  1.528E+07  1.537E+07  1.543E+07  1.542E+07  1.545E+07  1.549E+07  1.548E+07  1.551E+07
  1.551E+07  1.556E+07  1.549E+07  1.552E+07  1.555E+07  1.555E+07  1.554E+07  1.551E+07  1.554E+07  1.554E+07
  1.554E+07  1.562E+07  1.564E+07  1.571E+07  1.572E+07  1.563E+07  1.560E+07  1.568E+07  1.572E+07  1.574E+07
  1.576E+07  1.580E+07  1.577E+07  1.582E+07  1.583E+07  1.587E+07  1.586E+07  1.590E+07  1.594E+07  1.589E+07
  1.593E+07  1.595E+07  1.596E+07  1.597E+07  1.600E+07  1.609E+07  1.609E+07  1.612E+07  1.616E+07  1.615E+07
  1.367E+07  1.371E+07  1.371E+07  1.376E+07  1.384E+07  1.385E+07  1.387E+07  1.391E+07  1.394E+07  1.398E+07
  1.403E+07  1.401E+07  1.402E+07  1.403E+07  1.399E+07  1.398E+07  1.402E+07  1.406E+07  1.409E+07  1.408E+07
  1.413E+07  1.416E+07  1.416E+07  1.418E+07  1.421E+07  1.430E+07  1.435E+07  1.434E+07  1.432E+07  1.436E+07
  1.441E+07  1.439E+07  1.441E+07  1.446E+07  1.450E+07  1.453E+07  1.454E+07  1.454E+07  1.456E+07  1.458E+07
  1.459E+07  1.462E+07  1.464E+07  1.465E+07  1.465E+07  1.460E+07  1.463E+07  1.462E+07  1.459E+07  1.461E+07
  1.173E+07  1.171E+07  1.176E+07  1.179E+07  1.182E+07  1.183E+07  1.189E+07  1.191E+07  1.196E+07  1.208E+07
  1.212E+07  1.219E+07  1.227E+07  1.233E+07  1.244E+07  1.246E+07  1.254E+07  1.256E+07  1.261E+07  1.265E+07
  1.265E+07  1.272E+07  1.275E+07  1.280E+07  1.288E+07  1.293E+07  1.290E+07  1.290E+07  1.297E+07  1.298E+07
  1.298E+07  1.305E+07  1.305E+07  1.308E+07  1.310E+07  1.314E+07  1.315E+07  1.312E+07  1.311E+07  1.313E+07
  1.314E+07  1.315E+07  1.321E+07  1.325E+07  1.326E+07  1.330E+07  1.331E+07  1.334E+07  1.338E+07  1.337E+07
  1.045E+07  1.050E+07  1.049E+07  1.052E+07  1.056E+07  1.059E+07  1.064E+07  1.070E+07  1.068E+07  1.064E+07
  1.069E+07  1.072E+07  1.069E+07  1.075E+07  1.080E+07  1.085E+07  1.084E+07  1.086E+07  1.091E+07  1.093E+07
  1.098E+07  1.099E+07  1.104E+07  1.107E+07  1.106E+07  1.104E+07  1.109E+07  1.113E+07  1.118E+07  1.122E+07
  1.134E+07  1.137E+07  1.142E+07  1.142E+07  1.146E+07  1.146E+07  1.155E+07  1.166E+07  1.167E+07  1.170E+07
  1.172E+07  1.181E+07  1.186E+07  1.188E+07  1.187E+07  1.189E+07  1.192E+07  1.194E+07  1.196E+07  1.202E+07
  9.302E+06  9.269E+06  9.353E+06  9.438E+06  9.443E+06  9.426E+06  9.442E+06  9.458E+06  9.500E+06  9.500E+06
  9.512E+06  9.537E+06  9.611E+06  9.622E+06  9.659E+06  9.677E+06  9.690E+06  9.698E+06  9.685E+06  9.716E+06
  9.734E+06  9.778E+06  9.783E+06  9.772E+06  9.831E+06  9.863E+06  9.865E+06  9.923E+06  9.996E+06  1.007E+07
  1.009E+07  1.011E+07  1.014E+07  1.018E+07  1.017E+07  1.014E+07  1.010E+07  1.012E+07  1.020E+07  1.021E+07
  1.027E+07  1.037E+07  1.036E+07  1.032E+07  1.038E+07  1.045E+07  1.051E+07  1.054E+07  1.056E+07  1.054E+07
  8.046E+06  8.109E+06  8.099E+06  8.075E+06  8.097E+06  8.142E+06  8.139E+06  8.170E+06  8.180E+06  8.228E+06
  8.245E+06  8.263E+06  8.279E+06  8.325E+06  8.395E+06  8.409E+06  8.461E+06  8.489E+06  8.530E+06  8.564E+06
  8.651E+06  8.699E+06  8.749E+06  8.790E+06  8.822E+06  8.876E+06  8.924E+06  8.913E+06  8.857E+06  8.851E+06
  8.882E+06  8.903E+06  8.872E+06  8.910E+06  8.925E+06  8.922E+06  8.967E+06  8.983E+06  8.980E+06  9.068E+06
  9.106E+06  9.097E+06  9.105E+06  9.124E+06  9.181E+06  9.238E+06  9.215E+06  9.232E+06  9.311E+06  9.357E+06
  7.123E+06  7.135E+06  7.161E+06  7.168E+06  7.162E+06  7.200E+06  7.242E+06  7.253E+06  7.260E+06  7.269E+06
  7.333E+06  7.310E+06  7.307E+06  7.339E+06  7.308E+06  7.344E+06  7.354E+06  7.382E+06  7.409E+06  7.477E+06
  7.474E+06  7.492E+06  7.506E+06  7.484E+06  7.492E+06  7.494E+06  7.512E+06  7.552E+06  7.590E+06  7.685E+06
  7.683E+06  7.704E+06  7.764E+06  7.800E+06  7.837E+06  7.875E+06  7.864E+06  7.918E+06  7.969E+06  8.008E+06
  8.023E+06  7.984E+06  8.036E+06  8.118E+06  8.139E+06  8.173E+06  8.211E+06  8.237E+06  8.278E+06  8.296E+06
  6.174E+06  6.215E+06  6.258E+06  6.291E+06  6.348E+06  6.383E+06  6.389E+06  6.449E+06  6.475E+06  6.502E+06
  6.525E+06  6.613E+06  6.631E+06  6.631E+06  6.626E+06  6.639E+06  6.697E+06  6.745E+06  6.792E+06  6.805E+06
  6.807E+06  6.776E+06  6.806E+06  6.873E+06  6.893E+06  6.940E+06  6.953E+06  6.933E+06  6.948E+06  6.922E+06
  6.918E+06  6.943E+06  6.959E+06  6.931E+06  6.928E+06  6.927E+06  6.931E+06  6.905E+06  6.905E+06  6.904E+06
  6.950E+06  7.052E+06  7.039E+06  7.058E+06  7.053E+06  7.069E+06  7.088E+06  7.135E+06  7.122E+06  7.167E+06
  5.347E+06  5.335E+06  5.330E+06  5.344E+06  5.384E+06  5.395E+06  5.426E+06  5.425E+06  5.453E+06  5.508E+06
  5.521E+06  5.523E+06  5.555E+06  5.571E+06  5.629E+06  5.663E+06  5.676E+06  5.691E+06  5.721E+06  5.741E+06
  5.783E+06  5.829E+06  5.879E+06  5.887E+06  5.965E+06  6.013E+06  6.037E+06  6.069E+06  6.099E+06  6.122E+06
  6.152E+06  6.170E+06  6.145E+06  6.151E+06  6.180E+06  6.221E+06  6.240E+06  6.270E+06  6.291E+06  6.318E+06
  6.326E+06  6.368E+06  6.386E+06  6.377E+06  6.419E+06  6.452E+06  6.480E+06  6.496E+06  6.509E+06  6.496E+06
  4.571E+06  4.601E+06  4.638E+06  4.696E+06  4.710E+06  4.698E+06  4.744E+06  4.796E+06  4.778E+06  4.747E+06
  4.765E+06  4.809E+06  4.839E+06  4.879E+06  4.913E+06  4.937E+06  4.955E+06  4.973E+06  5.011E+06  5.052E+06
  5.082E+06  5.094E+06  5.076E+06  5.092E+06  5.061E+06  5.051E+06  5.047E+06  5.078E+06  5.104E+06  5.139E+06
  5.174E+06  5.164E+06  5.204E+06  5.263E+06  5.304E+06  5.347E+06  5.372E+06  5.354E+06  5.377E+06  5.400E+06
  5.462E+06  5.440E+06  5.479E+06  5.520E+06  5.573E+06  5.591E+06  5.612E+06  5.626E+06  5.667E+06  5.720E+06
  3.813E+06  3.886E+06  3.912E+06  3.923E+06  3.951E+06  4.017E+06  4.011E+06  4.024E+06  4.068E+06  4.101E+06
  4.144E+06  4.152E+06  4.150E+06  4.197E+06  4.240E+06  4.263E+06  4.267E+06  4.263E+06  4.269E+06  4.270E+06
  4.289E+06  4.324E+06  4.367E+06  4.391E+06  4.423E+06  4.472E+06  4.535E+06  4.515E+06  4.548E+06  4.571E+06
  4.586E+06  4.603E+06  4.596E+06  4.621E+06  4.666E+06  4.676E+06  4.687E+06  4.754E+06  4.807E+06  4.818E+06
  4.805E+06  4.810E+06  4.821E+06  4.829E+06  4.840E+06  4.854E+06  4.867E+06  4.835E+06  4.859E+06  4.911E+06
  3.319E+06  3.307E+06  3.313E+06  3.348E+06  3.360E+06  3.377E+06  3.380E+06  3.383E+06  3.393E+06  3.378E+06
  3.405E+06  3.433E+06  3.436E+06  3.475E+06  3.485E+06  3.524E+06  3.555E+06  3.614E+06  3.660E+06  3.686E+06
  3.706E+06  3.720E+06  3.737E+06  3.790E+06  3.813E+06  3.829E+06  3.838E+06  3.865E+06  3.879E+06  3.927E+06
  3.933E+06  3.958E+06  3.987E+06  3.963E+06  3.962E+06  3.984E+06  4.025E+06  4.033E+06  4.009E+06  4.031E+06
  4.079E+06  4.142E+06  4.187E+06  4.201E+06  4.208E+06  4.211E+06  4.237E+06  4.291E+06  4.322E+06  4.321E+06
  2.882E+06  2.917E+06  2.946E+06  2.973E+06  2.973E+06  2.968E+06  2.980E+06  3.013E+06  3.045E+06  3.056E+06
  3.029E+06  3.040E+06  3.099E+06  3.072E+06  3.073E+06  3.084E+06  3.107E+06  3.127E+06  3.099E+06  3.119E+06
  3.160E+06  3.177E+06  3.223E+06  3.230E+06  3.267E+06  3.287E+06  3.307E+06  3.355E+06  3.333E+06  3.313E+06
  3.289E+06  3.311E+06  3.359E+06  3.404E+06  3.428E+06  3.464E+06  3.476E+06  3.514E+06  3.566E+06  3.580E+06
  3.605E+06  3.638E+06  3.660E+06  3.720E+06  3.746E+06  3.784E+06  3.769E+06  3.781E+06  3.772E+06  3.786E+06
  2.410E+06  2.431E+06  2.445E+06  2.450E+06  2.481E+06  2.502E+06  2.549E+06  2.552E+06  2.550E+06  2.573E+06
  2.620E+06  2.643E+06  2.651E+06  2.682E+06  2.699E+06  2.707E+06  2.727E+06  2.710E+06  2.739E+06  2.770E+06
  2.798E+06  2.804E+06  2.796E+06  2.811E+06  2.829E+06  2.880E+06  2.908E+06  2.885E+06  2.926E+06  2.949E+06
  2.982E+06  3.045E+06  3.049E+06  3.016E+06  3.026E+06  3.002E+06  3.007E+06  3.008E+06  3.035E+06  3.040E+06
  3.077E+06  3.109E+06  3.135E+06  3.140E+06  3.170E+06  3.174E+06  3.169E+06  3.186E+06  3.202E+06  3.226E+06
  2.017E+06  2.010E+06  2.023E+06  2.035E+06  2.072E+06  2.080E+06  2.070E+06  2.096E+06  2.123E+06  2.154E+06
  2.191E+06  2.222E+06  2.216E+06  2.221E+06  2.238E+06  2.276E+06  2.286E+06  2.326E+06  2.352E+06  2.364E+06
  2.371E+06  2.404E+06  2.418E+06  2.421E+06  2.427E+06  2.433E+06  2.442E+06  2.469E+06  2.508E+06  2.524E+06
  2.541E+06  2.538E+06  2.535E+06  2.558E+06  2.554E+06  2.580E+06  2.595E+06  2.598E+06  2.589E+06  2.627E+06
  2.646E+06  2.677E+06  2.661E+06  2.704E+06  2.715E+06  2.752E+06  2.799E+06  2.809E+06  2.852E+06  2.845E+06
  1.691E+06  1.700E+06  1.709E+06  1.710E+06  1.711E+06  1.724E+06  1.764E+06  1.760E+06  1.791E+06  1.817E+06
  1.808E+06  1.825E+06  1.833E+06  1.858E+06  1.878E+06  1.865E+06  1.896E+06  1.902E+06  1.903E+06  1.902E+06
  1.917E+06  1.940E+06  1.958E+06  1.979E+06  1.992E+06  2.015E+06  2.027E+06  2.059E+06  2.083E+06  2.107E+06
  2.137E+06  2.157E+06  2.204E+06  2.239E+06  2.260E+06  2.277E+06  2.335E+06  2.386E+06  2.379E+06  2.373E+06
  2.378E+06  2.375E+06  2.385E+06  2.384E+06  2.384E+06  2.380E+06  2.392E+06  2.426E+06  2.419E+06  2.441E+06
  1.449E+06  1.469E+06  1.478E+06  1.511E+06  1.542E+06  1.543E+06  1.553E+06  1.560E+06  1.554E+06  1.539E+06
  1.550E+06  1.550E+06  1.576E+06  1.586E+06  1.601E+06  1.622E+06  1.630E+06  1.661E+06  1.671E+06  1.672E+06
  1.697E+06  1.687E+06  1.686E+06  1.703E+06  1.712E+06  1.716E+06  1.726E+06  1.731E+06  1.744E+06  1.753E+06
  1.733E+06  1.713E+06  1.710E+06  1.720E+06  1.728E+06  1.747E+06  1.777E+06  1.800E+06  1.842E+06  1.880E+06
  1.911E+06  1.936E+06  1.981E+06  1.988E+06  2.015E+06  2.036E+06  2.025E+06  2.044E+06  2.056E+06  2.068E+06
  1.136E+06  1.126E+06  1.126E+06  1.149E+06  1.141E+06  1.172E+06  1.199E+06  1.244E+06  1.275E+06  1.309E+06
  1.323E+06  1.362E+06  1.384E+06  1.391E+06  1.375E+06  1.358E+06  1.374E+06  1.392E+06  1.425E+06  1.458E+06
  1.467E+06  1.492E+06  1.512E+06  1.502E+06  1.515E+06  1.526E+06  1.503E+06  1.507E+06  1.513E+06  1.520E+06
  1.580E+06  1.623E+06  1.646E+06  1.656E+06  1.646E+06  1.646E+06  1.636E+06  1.631E+06  1.627E+06  1.646E+06
  1.663E+06  1.681E+06  1.675E+06  1.692E+06  1.691E+06  1.674E+06  1.665E+06  1.647E+06  1.670E+06  1.691E+06
  5.319E+05  5.576E+05  5.693E+05  5.680E+05  5.700E+05  5.680E+05  5.613E+05  5.418E+05  5.215E+05  5.128E+05
  5.194E+05  5.065E+05  5.172E+05  5.191E+05  5.482E+05  5.676E+05  5.937E+05  6.342E+05  6.355E+05  6.486E+05
  6.551E+05  6.659E+05  6.699E+05  6.930E+05  6.891E+05  6.885E+05  7.125E+05  7.085E+05  6.923E+05  6.910E+05
  6.792E+05  6.720E+05  6.593E+05  6.692E+05  7.159E+05  7.483E+05  7.750E+05  7.863E+05  7.963E+05  8.096E+05
  8.190E+05  8.301E+05  8.169E+05  7.980E+05  7.963E+05  7.932E+05  8.322E+05  8.493E+05  8.520E+05  8.518E+05
  0.000E+00  0.000E+00  0.000E+00  0.000E+00  0.000E+00  0.000E+00  0.000E+00  0.000E+00  0.000E+00  0.000E+00
  0.000E+00  0.000E+00  0.000E+00  0.000E+00  0.000E+00  0.000E+00  0.000E+00  0.000E+00  0.000E+00  0.000E+00
  0.000E+00  0.000E+00  0.000E+00  0.000E+00  0.000E+00  0.000E+00  0.000E+00  0.000E+00  0.000E+00  0.000E+00
  0.000E+00  0.000E+00  0.000E+00  0.000E+00  0.000E+00  0.000E+00  0.000E+00  0.000E+00  0.000E+00  0.000E+00
  0.000E+00  0.000E+00  0.000E+00  0.000E+00  0.000E+00  0.000E+00  0.000E+00  0.000E+00  0.000E+00  0.000E+00
  0.000E+00  0.000E+00  0.000E+00  0.000E+00  0.000E+00  0.000E+00  0.000E+00  0.000E+00  0.000E+00  0.000E+00
  0.000E+00  0.000E+00  0.000E+00  0.000E+00  0.000E+00  0.000E+00  0.000E+00  0.000E+00  0.000E+00  0.000E+00
  0.000E+00  0.000E+00  0.000E+00  0.000E+00  0.000E+00  0.000E+00  0.000E+00  0.000E+00  0.000E+00  0.000E+00
  0.000E+00  0.000E+00  0.000E+00  0.000E+00  0.000E+00  0.000E+00  0.000E+00  0.000E+00  0.000E+00  0.000E+00
  0.000E+00  0.000E+00  0.000E+00  0.000E+00  0.000E+00  0.000E+00  0.000E+00  0.000E+00  0.000E+00  0.000E+00

#------------------------------------------------------------------------------
# gshow
#------------------------------------------------------------------------------

p: legs[c5*0.875]

hb:   line clip z  
frame:
  9.5000006E+01 -9.9999536E+00
  1.0000001E+02 -9.9999536E+00
  1.0000001E+02  1.0000046E+01
  9.5000006E+01  1.0000046E+01
clip:
  9.49019670E+01 -1.01979729E+01
  1.00098045E+02 -1.01979729E+01
  1.00098045E+02 -9.99401249E+00
  1.00098045E+02 -9.79005210E+00
  1.00098045E+02 -9.58609170E+00
  1.00098045E+02 -9.50000000E+00
  1.00054180E+02 -9.50000000E+00
  9.99941238E+01 -9.50000000E+00
  9.99502585E+01 -9.50000000E+00
  9.98902023E+01 -9.50000000E+00
  9.98463369E+01 -9.50000000E+00
  9.97862807E+01 -9.50000000E+00
  9.97424154E+01 -9.50000000E+00
  9.96823591E+01 -9.50000000E+00
  9.96384938E+01 -9.50000000E+00
  9.95784375E+01 -9.50000000E+00
  9.95345722E+01 -9.50000000E+00
  9.94745160E+01 -9.50000000E+00
  9.94306507E+01 -9.50000000E+00
  9.93705944E+01 -9.50000000E+00
  9.93267291E+01 -9.50000000E+00
  9.92666728E+01 -9.50000000E+00
  9.92228075E+01 -9.50000000E+00
  9.91627513E+01 -9.50000000E+00
  9.91188860E+01 -9.50000000E+00
  9.90588297E+01 -9.50000000E+00
  9.90149644E+01 -9.50000000E+00
  9.89549081E+01 -9.50000000E+00
  9.89110428E+01 -9.50000000E+00
  9.88509866E+01 -9.50000000E+00
  9.88071213E+01 -9.50000000E+00
  9.87470650E+01 -9.50000000E+00
  9.87031997E+01 -9.50000000E+00
  9.86431434E+01 -9.50000000E+00
  9.85992781E+01 -9.50000000E+00
  9.85392219E+01 -9.50000000E+00
  9.84953566E+01 -9.50000000E+00
  9.84353003E+01 -9.50000000E+00
  9.83914350E+01 -9.50000000E+00
  9.83313787E+01 -9.50000000E+00
  9.82875134E+01 -9.50000000E+00
  9.82274572E+01 -9.50000000E+00
  9.81835919E+01 -9.50000000E+00
  9.81235356E+01 -9.50000000E+00
  9.80796703E+01 -9.50000000E+00
  9.80196140E+01 -9.50000000E+00
  9.79757487E+01 -9.50000000E+00
  9.79156924E+01 -9.50000000E+00
  9.78718271E+01 -9.50000000E+00
  9.78117709E+01 -9.50000000E+00
  9.77679056E+01 -9.50000000E+00
  9.77078493E+01 -9.50000000E+00
  9.76639840E+01 -9.50000000E+00
  9.76039277E+01 -9.50000000E+00
  9.75600624E+01 -9.50000000E+00
  9.75000062E+01 -9.50000000E+00
  9.74561409E+01 -9.50000000E+00
  9.73960846E+01 -9.50000000E+00
  9.73522193E+01 -9.50000000E+00
  9.72921630E+01 -9.50000000E+00
  9.72482977E+01 -9.50000000E+00
  9.71882415E+01 -9.50000000E+00
  9.71443762E+01 -9.50000000E+00
  9.70843199E+01 -9.50000000E+00
  9.70404546E+01 -9.50000000E+00
  9.69803983E+01 -9.50000000E+00
  9.69365330E+01 -9.50000000E+00
  9.68764768E+01 -9.50000000E+00
  9.68326115E+01 -9.50000000E+00
  9.67725552E+01 -9.50000000E+00
  9.67286899E+01 -9.50000000E+00
  9.66686336E+01 -9.50000000E+00
  9.66247683E+01 -9.50000000E+00
  9.65647121E+01 -9.50000000E+00
  9.65208468E+01 -9.50000000E+00
  9.64607905E+01 -9.50000000E+00
  9.64169252E+01 -9.50000000E+00
  9.63568689E+01 -9.50000000E+00
  9.63130036E+01 -9.50000000E+00
  9.62529473E+01 -9.50000000E+00
  9.62090820E+01 -9.50000000E+00
  9.61490258E+01 -9.50000000E+00
  9.61051605E+01 -9.50000000E+00
  9.60451042E+01 -9.50000000E+00
  9.60012389E+01 -9.50000000E+00
  9.59411826E+01 -9.50000000E+00
  9.58973173E+01 -9.50000000E+00
  9.58372611E+01 -9.50000000E+00
  9.57933958E+01 -9.50000000E+00
  9.57333395E+01 -9.50000000E+00
  9.56894742E+01 -9.50000000E+00
  9.56294179E+01 -9.50000000E+00
  9.55855526E+01 -9.50000000E+00
  9.55254964E+01 -9.50000000E+00
  9.54816311E+01 -9.50000000E+00
  9.54215748E+01 -9.50000000E+00
  9.53777095E+01 -9.50000000E+00
  9.53176532E+01 -9.50000000E+00
  9.52737879E+01 -9.50000000E+00
  9.52137317E+01 -9.50000000E+00
  9.51698664E+01 -9.50000000E+00
  9.51098101E+01 -9.50000000E+00
  9.50659448E+01 -9.50000000E+00
  9.50058885E+01 -9.50000000E+00
  9.49620232E+01 -9.50000000E+00
  9.49019670E+01 -9.50000000E+00
  9.49019670E+01 -9.58609170E+00
  9.49019670E+01 -9.79005210E+00
  9.49019670E+01 -9.99401249E+00
  9.49019670E+01 -1.01979729E+01

hb:   line clip z  
frame:
  9.5000006E+01 -9.9999536E+00
  1.0000001E+02 -9.9999536E+00
  1.0000001E+02  1.0000046E+01
  9.5000006E+01  1.0000046E+01
clip:
  9.49019670E+01 -9.50000000E+00
  1.00098045E+02 -9.50000000E+00
  1.00098045E+02 -9.38213130E+00
  1.00098045E+02 -9.17817091E+00
  1.00098045E+02 -8.97421051E+00
  1.00098045E+02 -8.77025012E+00
  1.00098045E+02 -8.56628972E+00
  1.00098045E+02 -8.36232932E+00
  1.00098045E+02 -8.15836893E+00
  1.00098045E+02 -7.95440853E+00
  1.00098045E+02 -7.75044814E+00
  1.00098045E+02 -7.54648774E+00
  1.00098045E+02 -7.34252734E+00
  1.00098045E+02 -7.13856695E+00
  1.00098045E+02 -6.93460655E+00
  1.00098045E+02 -6.73064616E+00
  1.00098045E+02 -6.52668576E+00
  1.00098045E+02 -6.32272536E+00
  1.00098045E+02 -6.11876497E+00
  1.00098045E+02 -5.91480457E+00
  1.00098045E+02 -5.71084418E+00
  1.00098045E+02 -5.50688378E+00
  1.00098045E+02 -5.30292338E+00
  1.00098045E+02 -5.09896299E+00
  1.00098045E+02 -4.89500259E+00
  1.00098045E+02 -4.69104220E+00
  1.00098045E+02 -4.48708180E+00
  1.00098045E+02 -4.28312140E+00
  1.00098045E+02 -4.07916101E+00
  1.00098045E+02 -3.87520061E+00
  1.00098045E+02 -3.67124022E+00
  1.00098045E+02 -3.46727982E+00
  1.00098045E+02 -3.26331942E+00
  1.00098045E+02 -3.05935903E+00
  1.00098045E+02 -2.85539863E+00
  1.00098045E+02 -2.65143823E+00
  1.00098045E+02 -2.44747784E+00
  1.00098045E+02 -2.24351744E+00
  1.00098045E+02 -2.03955705E+00
  1.00098045E+02 -1.83559665E+00
  1.00098045E+02 -1.63163625E+00
  1.00098045E+02 -1.42767586E+00
  1.00098045E+02 -1.22371546E+00
  1.00098045E+02 -1.01975507E+00
  1.00098045E+02 -8.15794671E-01
  1.00098045E+02 -6.11834275E-01
  1.00098045E+02 -4.07873879E-01
  1.00098045E+02 -2.03913482E-01
  1.00098045E+02  4.69135780E-05
  1.00098045E+02  2.04007310E-01
  1.00098045E+02  4.07967706E-01
  1.00098045E+02  6.11928102E-01
  1.00098045E+02  8.15888498E-01
  1.00098045E+02  1.01984889E+00
  1.00098045E+02  1.22380929E+00
  1.00098045E+02  1.42776969E+00
  1.00098045E+02  1.63173008E+00
  1.00098045E+02  1.83569048E+00
  1.00098045E+02  2.03965087E+00
  1.00098045E+02  2.24361127E+00
  1.00098045E+02  2.44757167E+00
  1.00098045E+02  2.65153206E+00
  1.00098045E+02  2.85549246E+00
  1.00098045E+02  3.05945285E+00
  1.00098045E+02  3.26341325E+00
  1.00098045E+02  3.46737365E+00
  1.00098045E+02  3.67133404E+00
  1.00098045E+02  3.87529444E+00
  1.00098045E+02  4.07925483E+00
  1.00098045E+02  4.28321523E+00
  1.00098045E+02  4.48717563E+00
  1.00098045E+02  4.69113602E+00
  1.00098045E+02  4.89509642E+00
  1.00098045E+02  5.09905681E+00
  1.00098045E+02  5.30301721E+00
  1.00098045E+02  5.50697761E+00
  1.00098045E+02  5.71093800E+00
  1.00098045E+02  5.91489840E+00
  1.00098045E+02  6.11885879E+00
  1.00098045E+02  6.32281919E+00
  1.00098045E+02  6.52677959E+00
  1.00098045E+02  6.73073998E+00
  1.00098045E+02  6.93470038E+00
  1.00098045E+02  7.13866077E+00
  1.00098045E+02  7.34262117E+00
  1.00098045E+02  7.54658157E+00
  1.00098045E+02  7.75054196E+00
  1.00098045E+02  7.95450236E+00
  1.00098045E+02  8.15846276E+00
  1.00098045E+02  8.36242315E+00
  1.00098045E+02  8.56638355E+00
  1.00098045E+02  8.77034394E+00
  1.00098045E+02  8.97430434E+00
  1.00098045E+02  9.17826474E+00
  1.00098045E+02  9.38222513E+00
  1.00098045E+02  9.50000000E+00
  1.00038037E+02  9.50000000E+00
  9.99941238E+01  9.50000000E+00
  9.99341154E+01  9.50000000E+00
  9.98902023E+01  9.50000000E+00
  9.98301938E+01  9.50000000E+00
  9.97862807E+01  9.50000000E+00
  9.97262722E+01  9.50000000E+00
  9.96823591E+01  9.50000000E+00
  9.96223507E+01  9.50000000E+00
  9.95784375E+01  9.50000000E+00
  9.95184291E+01  9.50000000E+00
  9.94745160E+01  9.50000000E+00
  9.94145075E+01  9.50000000E+00
  9.93705944E+01  9.50000000E+00
  9.93105859E+01  9.50000000E+00
  9.92666728E+01  9.50000000E+00
  9.92066644E+01  9.50000000E+00
  9.91627513E+01  9.50000000E+00
  9.91027428E+01  9.50000000E+00
  9.90588297E+01  9.50000000E+00
  9.89988212E+01  9.50000000E+00
  9.89549081E+01  9.50000000E+00
  9.88948997E+01  9.50000000E+00
  9.88509866E+01  9.50000000E+00
  9.87909781E+01  9.50000000E+00
  9.87470650E+01  9.50000000E+00
  9.86870565E+01  9.50000000E+00
  9.86431434E+01  9.50000000E+00
  9.85831350E+01  9.50000000E+00
  9.85392219E+01  9.50000000E+00
  9.84792134E+01  9.50000000E+00
  9.84353003E+01  9.50000000E+00
  9.83752918E+01  9.50000000E+00
  9.83313787E+01  9.50000000E+00
  9.82713703E+01  9.50000000E+00
  9.82274572E+01  9.50000000E+00
  9.81674487E+01  9.50000000E+00
  9.81235356E+01  9.50000000E+00
  9.80635271E+01  9.50000000E+00
  9.80196140E+01  9.50000000E+00
  9.79596056E+01  9.50000000E+00
  9.79156924E+01  9.50000000E+00
  9.78556840E+01  9.50000000E+00
  9.78117709E+01  9.50000000E+00
  9.77517624E+01  9.50000000E+00
  9.77078493E+01  9.50000000E+00
  9.76478409E+01  9.50000000E+00
  9.76039277E+01  9.50000000E+00
  9.75439193E+01  9.50000000E+00
  9.75000062E+01  9.50000000E+00
  9.74399977E+01  9.50000000E+00
  9.73960846E+01  9.50000000E+00
  9.73360761E+01  9.50000000E+00
  9.72921630E+01  9.50000000E+00
  9.72321546E+01  9.50000000E+00
  9.71882415E+01  9.50000000E+00
  9.71282330E+01  9.50000000E+00
  9.70843199E+01  9.50000000E+00
  9.70243114E+01  9.50000000E+00
  9.69803983E+01  9.50000000E+00
  9.69203899E+01  9.50000000E+00
  9.68764768E+01  9.50000000E+00
  9.68164683E+01  9.50000000E+00
  9.67725552E+01  9.50000000E+00
  9.67125467E+01  9.50000000E+00
  9.66686336E+01  9.50000000E+00
  9.66086252E+01  9.50000000E+00
  9.65647121E+01  9.50000000E+00
  9.65047036E+01  9.50000000E+00
  9.64607905E+01  9.50000000E+00
  9.64007820E+01  9.50000000E+00
  9.63568689E+01  9.50000000E+00
  9.62968605E+01  9.50000000E+00
  9.62529473E+01  9.50000000E+00
  9.61929389E+01  9.50000000E+00
  9.61490258E+01  9.50000000E+00
  9.60890173E+01  9.50000000E+00
  9.60451042E+01  9.50000000E+00
  9.59850958E+01  9.50000000E+00
  9.59411826E+01  9.50000000E+00
  9.58811742E+01  9.50000000E+00
  9.58372611E+01  9.50000000E+00
  9.57772526E+01  9.50000000E+00
  9.57333395E+01  9.50000000E+00
  9.56733310E+01  9.50000000E+00
  9.56294179E+01  9.50000000E+00
  9.55694095E+01  9.50000000E+00
  9.55254964E+01  9.50000000E+00
  9.54654879E+01  9.50000000E+00
  9.54215748E+01  9.50000000E+00
  9.53615663E+01  9.50000000E+00
  9.53176532E+01  9.50000000E+00
  9.52576448E+01  9.50000000E+00
  9.52137317E+01  9.50000000E+00
  9.51537232E+01  9.50000000E+00
  9.51098101E+01  9.50000000E+00
  9.50498016E+01  9.50000000E+00
  9.50058885E+01  9.50000000E+00
  9.49458801E+01  9.50000000E+00
  9.49019670E+01  9.50000000E+00
  9.49019670E+01  9.38222513E+00
  9.49019670E+01  9.17826474E+00
  9.49019670E+01  8.97430434E+00
  9.49019670E+01  8.77034394E+00
  9.49019670E+01  8.56638355E+00
  9.49019670E+01  8.36242315E+00
  9.49019670E+01  8.15846276E+00
  9.49019670E+01  7.95450236E+00
  9.49019670E+01  7.75054196E+00
  9.49019670E+01  7.54658157E+00
  9.49019670E+01  7.34262117E+00
  9.49019670E+01  7.13866077E+00
  9.49019670E+01  6.93470038E+00
  9.49019670E+01  6.73073998E+00
  9.49019670E+01  6.52677959E+00
  9.49019670E+01  6.32281919E+00
  9.49019670E+01  6.11885879E+00
  9.49019670E+01  5.91489840E+00
  9.49019670E+01  5.71093800E+00
  9.49019670E+01  5.50697761E+00
  9.49019670E+01  5.30301721E+00
  9.49019670E+01  5.09905681E+00
  9.49019670E+01  4.89509642E+00
  9.49019670E+01  4.69113602E+00
  9.49019670E+01  4.48717563E+00
  9.49019670E+01  4.28321523E+00
  9.49019670E+01  4.07925483E+00
  9.49019670E+01  3.87529444E+00
  9.49019670E+01  3.67133404E+00
  9.49019670E+01  3.46737365E+00
  9.49019670E+01  3.26341325E+00
  9.49019670E+01  3.05945285E+00
  9.49019670E+01  2.85549246E+00
  9.49019670E+01  2.65153206E+00
  9.49019670E+01  2.44757167E+00
  9.49019670E+01  2.24361127E+00
  9.49019670E+01  2.03965087E+00
  9.49019670E+01  1.83569048E+00
  9.49019670E+01  1.63173008E+00
  9.49019670E+01  1.42776969E+00
  9.49019670E+01  1.22380929E+00
  9.49019670E+01  1.01984889E+00
  9.49019670E+01  8.15888498E-01
  9.49019670E+01  6.11928102E-01
  9.49019670E+01  4.07967706E-01
  9.49019670E+01  2.04007310E-01
  9.49019670E+01  4.69135780E-05
  9.49019670E+01 -2.03913482E-01
  9.49019670E+01 -4.07873879E-01
  9.49019670E+01 -6.11834275E-01
  9.49019670E+01 -8.15794671E-01
  9.49019670E+01 -1.01975507E+00
  9.49019670E+01 -1.22371546E+00
  9.49019670E+01 -1.42767586E+00
  9.49019670E+01 -1.63163625E+00
  9.49019670E+01 -1.83559665E+00
  9.49019670E+01 -2.03955705E+00
  9.49019670E+01 -2.24351744E+00
  9.49019670E+01 -2.44747784E+00
  9.49019670E+01 -2.65143823E+00
  9.49019670E+01 -2.85539863E+00
  9.49019670E+01 -3.05935903E+00
  9.49019670E+01 -3.26331942E+00
  9.49019670E+01 -3.46727982E+00
  9.49019670E+01 -3.67124022E+00
  9.49019670E+01 -3.87520061E+00
  9.49019670E+01 -4.07916101E+00
  9.49019670E+01 -4.28312140E+00
  9.49019670E+01 -4.48708180E+00
  9.49019670E+01 -4.69104220E+00
  9.49019670E+01 -4.89500259E+00
  9.49019670E+01 -5.09896299E+00
  9.49019670E+01 -5.30292338E+00
  9.49019670E+01 -5.50688378E+00
  9.49019670E+01 -5.71084418E+00
  9.49019670E+01 -5.91480457E+00
  9.49019670E+01 -6.11876497E+00
  9.49019670E+01 -6.32272536E+00
  9.49019670E+01 -6.52668576E+00
  9.49019670E+01 -6.73064616E+00
  9.49019670E+01 -6.93460655E+00
  9.49019670E+01 -7.13856695E+00
  9.49019670E+01 -7.34252734E+00
  9.49019670E+01 -7.54648774E+00
  9.49019670E+01 -7.75044814E+00
  9.49019670E+01 -7.95440853E+00
  9.49019670E+01 -8.15836893E+00
  9.49019670E+01 -8.36232932E+00
  9.49019670E+01 -8.56628972E+00
  9.49019670E+01 -8.77025012E+00
  9.49019670E+01 -8.97421051E+00
  9.49019670E+01 -9.17817091E+00
  9.49019670E+01 -9.38213130E+00

hb:   line clip z  
clip:
  9.77811682E+01 -2.09961901E+00
  9.87470650E+01 -2.09961901E+00
  9.87500000E+01 -2.04531740E+00
  9.87500000E+01 -2.03955705E+00
  9.87500000E+01 -2.03379670E+00
  9.87500000E+01 -1.83559665E+00
  9.87500000E+01 -1.82983630E+00
  9.87500000E+01 -1.63163625E+00
  9.87500000E+01 -1.62587591E+00
  9.87500000E+01 -1.42767586E+00
  9.87500000E+01 -1.42191551E+00
  9.87500000E+01 -1.22371546E+00
  9.87500000E+01 -1.21795511E+00
  9.87500000E+01 -1.01975507E+00
  9.87500000E+01 -1.01399472E+00
  9.87500000E+01 -8.15794671E-01
  9.87500000E+01 -8.10034322E-01
  9.87500000E+01 -6.11834275E-01
  9.87500000E+01 -6.06073926E-01
  9.87500000E+01 -4.07873879E-01
  9.87500000E+01 -4.02113530E-01
  9.87500000E+01 -2.03913482E-01
  9.87500000E+01 -1.98153133E-01
  9.87500000E+01  4.69135780E-05
  9.87500000E+01  5.80726257E-03
  9.87500000E+01  2.04007310E-01
  9.87500000E+01  2.09767659E-01
  9.87500000E+01  4.07967706E-01
  9.87500000E+01  4.13728055E-01
  9.87500000E+01  6.11928102E-01
  9.87500000E+01  6.17688451E-01
  9.87500000E+01  8.15888498E-01
  9.87500000E+01  8.21648847E-01
  9.87500000E+01  1.01984889E+00
  9.87500000E+01  1.02560924E+00
  9.87500000E+01  1.22380929E+00
  9.87500000E+01  1.22956964E+00
  9.87500000E+01  1.42776969E+00
  9.87500000E+01  1.43353003E+00
  9.87500000E+01  1.63173008E+00
  9.87500000E+01  1.63749043E+00
  9.87500000E+01  1.83569048E+00
  9.87500000E+01  1.84145083E+00
  9.87500000E+01  2.03965087E+00
  9.87500000E+01  2.04541122E+00
  9.87470650E+01  2.09961901E+00
  9.87165101E+01  2.09961901E+00
  9.86431434E+01  2.09961901E+00
  9.86125886E+01  2.09961901E+00
  9.85392219E+01  2.09961901E+00
  9.85086670E+01  2.09961901E+00
  9.84353003E+01  2.09961901E+00
  9.84047454E+01  2.09961901E+00
  9.83313787E+01  2.09961901E+00
  9.83008239E+01  2.09961901E+00
  9.82274572E+01  2.09961901E+00
  9.81969023E+01  2.09961901E+00
  9.81235356E+01  2.09961901E+00
  9.80929807E+01  2.09961901E+00
  9.80196140E+01  2.09961901E+00
  9.79890591E+01  2.09961901E+00
  9.79156924E+01  2.09961901E+00
  9.78851376E+01  2.09961901E+00
  9.78117709E+01  2.09961901E+00
  9.77812160E+01  2.09961901E+00
  9.77913642E+01  1.99959996E+00
  9.78117709E+01  1.99959996E+00
  9.78321776E+01  1.99959996E+00
  9.79156924E+01  1.99959996E+00
  9.79500000E+01  1.83569048E+00
  9.79500000E+01  1.63173008E+00
  9.79522233E+01  1.49946657E+00
  9.80500000E+01  1.42776969E+00
  9.80500000E+01  1.28344597E+00
  9.80500000E+01 -1.42767586E+00
  9.80196140E+01 -1.49946657E+00
  9.79500000E+01 -1.63163625E+00
  9.79500000E+01 -1.76826335E+00
  9.79500000E+01 -1.97222375E+00
  9.79156924E+01 -1.99959996E+00
  9.78953336E+01 -1.99959996E+00
  9.78117709E+01 -1.99959996E+00
  9.77500000E+01 -2.03955705E+00

hb:   line clip z  
clip:
  9.77500000E+01 -1.95683051E+00
  9.78117709E+01 -1.99959996E+00
  9.78953336E+01 -1.99959996E+00
  9.79156924E+01 -1.99959996E+00
  9.79500000E+01 -1.90292995E+00
  9.79500000E+01 -1.83559665E+00
  9.79500000E+01 -1.76826335E+00
  9.79500000E+01 -1.63163625E+00
  9.79500000E+01 -1.56430296E+00
  9.79500000E+01 -1.42767586E+00
  9.79500000E+01 -1.36034256E+00
  9.79500000E+01 -1.22371546E+00
  9.79500000E+01 -1.15638216E+00
  9.79500000E+01 -1.01975507E+00
  9.79500000E+01 -9.52421768E-01
  9.79500000E+01 -8.15794671E-01
  9.79500000E+01 -7.48461372E-01
  9.79500000E+01 -6.11834275E-01
  9.79500000E+01 -5.44500976E-01
  9.79500000E+01 -4.07873879E-01
  9.79500000E+01 -3.40540580E-01
  9.79500000E+01 -2.03913482E-01
  9.79500000E+01 -1.36580184E-01
  9.79156924E+01 -2.99999835E-02
  9.78270803E+01 -2.99999835E-02
  9.78117709E+01 -2.99999835E-02
  9.77500000E+01 -8.26796226E-02
  9.77500000E+01 -2.03913482E-01
  9.77500000E+01 -3.25147342E-01
  9.77500000E+01 -4.07873879E-01
  9.77500000E+01 -5.29107738E-01
  9.77500000E+01 -6.11834275E-01
  9.77500000E+01 -7.33068134E-01
  9.77500000E+01 -8.15794671E-01
  9.77500000E+01 -9.37028530E-01
  9.77500000E+01 -1.01975507E+00
  9.77500000E+01 -1.14098893E+00
  9.77500000E+01 -1.22371546E+00
  9.77500000E+01 -1.34494932E+00
  9.77500000E+01 -1.42767586E+00
  9.77500000E+01 -1.54890972E+00
  9.77500000E+01 -1.63163625E+00
  9.77500000E+01 -1.75287011E+00
  9.77500000E+01 -1.83559665E+00

hb:   line clip z  
clip:
  9.79830353E+01 -1.49946657E+00
  9.80196140E+01 -1.49946657E+00
  9.80500000E+01 -1.48731254E+00
  9.80500000E+01 -1.42767586E+00
  9.80500000E+01 -1.36803918E+00
  9.80500000E+01 -1.22371546E+00
  9.80500000E+01 -1.16407878E+00
  9.80500000E+01 -1.01975507E+00
  9.80500000E+01 -9.60118387E-01
  9.80500000E+01 -8.15794671E-01
  9.80500000E+01 -7.56157991E-01
  9.80500000E+01 -6.11834275E-01
  9.80500000E+01 -5.52197595E-01
  9.80500000E+01 -4.07873879E-01
  9.80500000E+01 -3.48237198E-01
  9.80500000E+01 -2.03913482E-01
  9.80500000E+01 -1.44276802E-01
  9.80500000E+01  4.69135780E-05
  9.80500000E+01  5.96835936E-02
  9.80500000E+01  2.04007310E-01
  9.80500000E+01  2.63643990E-01
  9.80500000E+01  4.07967706E-01
  9.80500000E+01  4.67604386E-01
  9.80500000E+01  6.11928102E-01
  9.80500000E+01  6.71564782E-01
  9.80500000E+01  8.15888498E-01
  9.80500000E+01  8.75525178E-01
  9.80500000E+01  1.01984889E+00
  9.80500000E+01  1.07948557E+00
  9.80500000E+01  1.22380929E+00
  9.80500000E+01  1.28344597E+00
  9.80500000E+01  1.42776969E+00
  9.80500000E+01  1.48740637E+00
  9.80196140E+01  1.49946657E+00
  9.79830831E+01  1.49946657E+00
  9.79500000E+01  1.42776969E+00
  9.79500000E+01  1.29114259E+00
  9.79500000E+01  1.22380929E+00
  9.79500000E+01  1.08718219E+00
  9.79500000E+01  1.01984889E+00
  9.79500000E+01  8.83221796E-01
  9.79500000E+01  8.15888498E-01
  9.79500000E+01  6.79261400E-01
  9.79500000E+01  6.11928102E-01
  9.79500000E+01  4.75301004E-01
  9.79500000E+01  4.07967706E-01
  9.79500000E+01  2.71340608E-01
  9.79500000E+01  2.04007310E-01
  9.79500000E+01  6.73802123E-02
  9.79500000E+01  4.69135780E-05
  9.79500000E+01 -1.36580184E-01
  9.79500000E+01 -2.03913482E-01
  9.79500000E+01 -3.40540580E-01
  9.79500000E+01 -4.07873879E-01
  9.79500000E+01 -5.44500976E-01
  9.79500000E+01 -6.11834275E-01
  9.79500000E+01 -7.48461372E-01
  9.79500000E+01 -8.15794671E-01
  9.79500000E+01 -9.52421768E-01
  9.79500000E+01 -1.01975507E+00
  9.79500000E+01 -1.15638216E+00
  9.79500000E+01 -1.22371546E+00
  9.79500000E+01 -1.36034256E+00
  9.79500000E+01 -1.42767586E+00

hb:   line clip z  
clip:
  9.77964614E+01 -2.99999835E-02
  9.79310019E+01 -2.99999835E-02
  9.79500000E+01  4.69135780E-05
  9.79309541E+01  2.99999835E-02
  9.79156924E+01  2.99999835E-02
  9.79004308E+01  2.99999835E-02
  9.78117709E+01  2.99999835E-02
  9.77965092E+01  2.99999835E-02
  9.77500000E+01  4.69135780E-05

hb:   line clip z  
clip:
  9.77500000E+01  8.27734498E-02
  9.78117709E+01  2.99999835E-02
  9.79004308E+01  2.99999835E-02
  9.79156924E+01  2.99999835E-02
  9.79500000E+01  1.36674011E-01
  9.79500000E+01  2.04007310E-01
  9.79500000E+01  2.71340608E-01
  9.79500000E+01  4.07967706E-01
  9.79500000E+01  4.75301004E-01
  9.79500000E+01  6.11928102E-01
  9.79500000E+01  6.79261400E-01
  9.79500000E+01  8.15888498E-01
  9.79500000E+01  8.83221796E-01
  9.79500000E+01  1.01984889E+00
  9.79500000E+01  1.08718219E+00
  9.79500000E+01  1.22380929E+00
  9.79500000E+01  1.29114259E+00
  9.79500000E+01  1.42776969E+00
  9.79500000E+01  1.49510298E+00
  9.79500000E+01  1.63173008E+00
  9.79500000E+01  1.69906338E+00
  9.79500000E+01  1.83569048E+00
  9.79500000E+01  1.90302378E+00
  9.79156924E+01  1.99959996E+00
  9.78321776E+01  1.99959996E+00
  9.78117709E+01  1.99959996E+00
  9.77500000E+01  1.95692434E+00
  9.77500000E+01  1.83569048E+00
  9.77500000E+01  1.71445662E+00
  9.77500000E+01  1.63173008E+00
  9.77500000E+01  1.51049622E+00
  9.77500000E+01  1.42776969E+00
  9.77500000E+01  1.30653583E+00
  9.77500000E+01  1.22380929E+00
  9.77500000E+01  1.10257543E+00
  9.77500000E+01  1.01984889E+00
  9.77500000E+01  8.98615034E-01
  9.77500000E+01  8.15888498E-01
  9.77500000E+01  6.94654638E-01
  9.77500000E+01  6.11928102E-01
  9.77500000E+01  4.90694242E-01
  9.77500000E+01  4.07967706E-01
  9.77500000E+01  2.86733846E-01
  9.77500000E+01  2.04007310E-01

hb:   line clip z  
frame:
  9.5000006E+01 -9.9999536E+00
  1.0000001E+02 -9.9999536E+00
  1.0000001E+02  1.0000046E+01
  9.5000006E+01  1.0000046E+01
clip:
  9.49019670E+01  9.50000000E+00
  1.00098045E+02  9.50000000E+00
  1.00098045E+02  9.58618553E+00
  1.00098045E+02  9.79014592E+00
  1.00098045E+02  9.99410632E+00
  1.00098045E+02  1.01980667E+01
  9.99941238E+01  1.01980667E+01
  9.98902023E+01  1.01980667E+01
  9.97862807E+01  1.01980667E+01
  9.96823591E+01  1.01980667E+01
  9.95784375E+01  1.01980667E+01
  9.94745160E+01  1.01980667E+01
  9.93705944E+01  1.01980667E+01
  9.92666728E+01  1.01980667E+01
  9.91627513E+01  1.01980667E+01
  9.90588297E+01  1.01980667E+01
  9.89549081E+01  1.01980667E+01
  9.88509866E+01  1.01980667E+01
  9.87470650E+01  1.01980667E+01
  9.86431434E+01  1.01980667E+01
  9.85392219E+01  1.01980667E+01
  9.84353003E+01  1.01980667E+01
  9.83313787E+01  1.01980667E+01
  9.82274572E+01  1.01980667E+01
  9.81235356E+01  1.01980667E+01
  9.80196140E+01  1.01980667E+01
  9.79156924E+01  1.01980667E+01
  9.78117709E+01  1.01980667E+01
  9.77078493E+01  1.01980667E+01
  9.76039277E+01  1.01980667E+01
  9.75000062E+01  1.01980667E+01
  9.73960846E+01  1.01980667E+01
  9.72921630E+01  1.01980667E+01
  9.71882415E+01  1.01980667E+01
  9.70843199E+01  1.01980667E+01
  9.69803983E+01  1.01980667E+01
  9.68764768E+01  1.01980667E+01
  9.67725552E+01  1.01980667E+01
  9.66686336E+01  1.01980667E+01
  9.65647121E+01  1.01980667E+01
  9.64607905E+01  1.01980667E+01
  9.63568689E+01  1.01980667E+01
  9.62529473E+01  1.01980667E+01
  9.61490258E+01  1.01980667E+01
  9.60451042E+01  1.01980667E+01
  9.59411826E+01  1.01980667E+01
  9.58372611E+01  1.01980667E+01
  9.57333395E+01  1.01980667E+01
  9.56294179E+01  1.01980667E+01
  9.55254964E+01  1.01980667E+01
  9.54215748E+01  1.01980667E+01
  9.53176532E+01  1.01980667E+01
  9.52137317E+01  1.01980667E+01
  9.51098101E+01  1.01980667E+01
  9.50058885E+01  1.01980667E+01
  9.49019670E+01  1.01980667E+01
  9.49019670E+01  9.99410632E+00
  9.49019670E+01  9.79014592E+00
  9.49019670E+01  9.58618553E+00

#------------------------------------------------------------------------------
z: xorg(1.03)
p: xfac[c2*0.05] form[c1/0.05] notc noxt noyt dmin(1)
p: ymin(0) ymax(1) xmin(0) xmax(1) cmin(1) cmax(100) nosp
hc: y= 0.005 to 0.995 by 0.01 ; x= 0.5 to 0.5 by 1 ;
 1  2  3  4  5  6  7  8  9 10 11 12 13 14 15 16 17 18 19 20
21 22 23 24 25 26 27 28 29 30 31 32 33 34 35 36 37 38 39 40
41 42 43 44 45 46 47 48 49 50 51 52 53 54 55 56 57 58 59 60
61 62 63 64 65 66 67 68 69 70 71 72 73 74 75 76 77 78 79 80
81 82 83 84 85 86 87 88 89 90 91 92 93 94 95 96 97 98 99 100
z: xorg(0.0)
p: xfac[c2*0.05] form[c1/0.05] nosp afac[c5*0.625] ymin[c3] ymax[c4]
p: noxt noxn ytxt(-1) ynum(-1) xltd(-1) xstd(-1) itic(1) ylog
y: Flux [1/cm^2/source]              
#------------------------------------------------------------------------------

wt: s[c5]
\vspace{-3}
  emin  &=&   0.0000E+00 [MeV/n]
  emax  &=&   1.0000E+03 [MeV/n]
  ymin  &=&  -1.0000E-02 [cm]
  ymax  &=&   9.0000E-02 [cm]
  part. &=& proton  
e:

#------------------------------------------------------------------------------
z: xorg[-1.03/0.05]
p: form[c1] xfac[c2] afac[c5] nosp notf
p: xmin(  95.00000    ) xmax(  100.0000    )
p: ymin( -10.00000    ) ymax(  10.00000    )
 
# Information for Restart Calculation
# This calculation was newly started
# istdev =  2 # 1:Batch variance, 2:History variance
# resc2  = 3.20404958639304016E-02 # Total source weight or Total source weight / maxcas
# resc3  = 1.99981000000000000E+08 # Total history number or Total batch number
# maxcas =        1000 # History / Batch, only used for istdev=1
# bitrseed = 0001010110011101111001010011000010110000011010111001001010111000 # bit data of rseed
