[ T-Deposit ]
    title = Dosis xy
     mesh =  xyz            # mesh type is xyz scoring mesh
   x-type =    2            # x-mesh is linear given by xmin, xmax and nx
     xmin = -0.8000000      # minimum value of x-mesh points
     xmax =  0.8000000      # maximum value of x-mesh points
#    xdel =  0.1000000      # mesh width of x-mesh points
       nx =     16          # number of x-mesh points
#    data = ( x(i), i = 1, nx + 1 )
#          -8.00000E-01 -7.00000E-01 -6.00000E-01 -5.00000E-01 -4.00000E-01
#          -3.00000E-01 -2.00000E-01 -1.00000E-01  0.00000E+00  1.00000E-01
#           2.00000E-01  3.00000E-01  4.00000E-01  5.00000E-01  6.00000E-01
#           7.00000E-01  8.00000E-01
   y-type =    2            # y-mesh is linear given by ymin, ymax and ny
     ymin =  -1.650000      # minimum value of y-mesh points
     ymax =   1.650000      # maximum value of y-mesh points
#    ydel =  0.1000000      # mesh width of y-mesh points
       ny =     33          # number of y-mesh points
#    data = ( y(i), i = 1, ny + 1 )
#          -1.65000E+00 -1.55000E+00 -1.45000E+00 -1.35000E+00 -1.25000E+00
#          -1.15000E+00 -1.05000E+00 -9.50000E-01 -8.50000E-01 -7.50000E-01
#          -6.50000E-01 -5.50000E-01 -4.50000E-01 -3.50000E-01 -2.50000E-01
#          -1.50000E-01 -5.00000E-02  5.00000E-02  1.50000E-01  2.50000E-01
#           3.50000E-01  4.50000E-01  5.50000E-01  6.50000E-01  7.50000E-01
#           8.50000E-01  9.50000E-01  1.05000E+00  1.15000E+00  1.25000E+00
#           1.35000E+00  1.45000E+00  1.55000E+00  1.65000E+00
   z-type =    2            # z-mesh is linear given by zmin, zmax and nz
     zmin =   98.38000      # minimum value of z-mesh points
     zmax =   98.58000      # maximum value of z-mesh points
#    zdel =  5.0000000E-02  # mesh width of z-mesh points
       nz =      4          # number of z-mesh points
#    data = ( z(i), i = 1, nz + 1 )
#           9.83800E+01  9.84300E+01  9.84800E+01  9.85300E+01  9.85800E+01
     unit =    0            # unit is [Gy/source]
   letmat =    0            # (D=0) mat ID for LET, 0:real mat, <0: electron for H2O
  dedxfnc =    0            # (D=0) user defined multiplier, 0(no), 1, 2
 material =  all            # (D=all) number of specific material
   output =  dose           # total deposit energy
  deposit =    0            # (D=0) 0-> total deposit dist, 1-> each process
  2D-type =    3            # 1:Cont, 2:Clust, 3:Color, 4:xyz, 5:mat, 6:Clust+Cont, 7:Col+Cont
     axis =    xy           # axis of output
     file = ./out/dosis_pauch_L.out  # file name of output for the above axis
     part =  proton     photon   
# kf/name :  2212       22       
    gshow =    1            # 0: no 1:bnd, 2:bnd+mat, 3:bnd+reg 4:bnd+lat 5:bmp style
    resol =    1            # (D=1) resolution of gshow or rshow
    width = 0.5000000       # (D=0.5) width of lines for gshow or rshow
   epsout =    1            # (D=0) generate eps file by ANGEL
   mother =  all            # (D=all) number of specific mother
#    used :        main (  %)        temp (  %)       total (  %)
#  memory :          59 (  0)           0 (  0)          59 (  0)

#------------------------------------------------------------------------------
#newpage:
#   no. =  1   iz  =  1   part. = proton  
#   z = (   9.8380E+01  -   9.8430E+01  )

'no. =  1,  iz =  1'
msuc: {\huge Dosis xy}
msdr: {\it plotted by \ANGEL \version}
msdl: {\it calculated by \PHITS  3.36}

x: x [cm]
y: y [cm]
set: c1[ 2.062] c2[ 0.627] c5[ 0.800] c6[ 0.743] c7[ 0.708] c8[ 0.000]
p: h2fs form[c1] xfac[c2] afac[c5] scal[c6] xorg[c7] yorg[c8] nosp
set: c3[1.0e-4] c4[1.0]
p: cmin[c3] cmax[c4]
p: dmin(1e-31)
p: zlog
p: xmin(-0.8000000    ) xmax( 0.8000000    )
p: ymin( -1.650000    ) ymax(  1.650000    )
#  ny =  33   nx =  16
# ( ( data(x,y), x = 1, nx ), y = ny, 1, -1 )

hc:  y =   1.600000     to  -1.600000     by  0.1000000     ; x = -0.7500000     to  0.7500000     by  0.1000000     ;
  1.000E+00  7.078E-01  0.000E+00  7.074E-01  1.000E+00  0.000E+00  0.000E+00  0.000E+00  1.000E+00  0.000E+00
  0.000E+00  0.000E+00  0.000E+00  0.000E+00  0.000E+00  0.000E+00  6.533E-01  5.868E-01  1.000E+00  1.000E+00
  0.000E+00  1.000E+00  1.000E+00  1.000E+00  0.000E+00  0.000E+00  0.000E+00  1.000E+00  0.000E+00  1.000E+00
  0.000E+00  1.000E+00  7.107E-01  5.421E-01  7.177E-01  9.228E-01  0.000E+00  1.000E+00  1.000E+00  1.000E+00
  0.000E+00  0.000E+00  0.000E+00  0.000E+00  1.000E+00  0.000E+00  0.000E+00  1.000E+00  1.000E+00  7.082E-01
  0.000E+00  7.205E-01  0.000E+00  0.000E+00  0.000E+00  0.000E+00  0.000E+00  0.000E+00  0.000E+00  1.000E+00
  1.000E+00  8.898E-01  1.000E+00  6.557E-01  1.000E+00  9.277E-01  1.000E+00  1.000E+00  1.000E+00  0.000E+00
  1.000E+00  0.000E+00  0.000E+00  0.000E+00  0.000E+00  1.000E+00  1.000E+00  1.000E+00  0.000E+00  8.124E-01
  9.004E-01  1.000E+00  7.721E-01  0.000E+00  1.000E+00  1.000E+00  1.000E+00  0.000E+00  0.000E+00  0.000E+00
  0.000E+00  0.000E+00  0.000E+00  1.000E+00  0.000E+00  1.000E+00  1.000E+00  0.000E+00  0.000E+00  0.000E+00
  0.000E+00  7.083E-01  8.416E-01  1.000E+00  0.000E+00  0.000E+00  0.000E+00  0.000E+00  0.000E+00  1.000E+00
  1.000E+00  7.116E-01  1.000E+00  0.000E+00  0.000E+00  1.000E+00  0.000E+00  0.000E+00  1.000E+00  1.000E+00
  0.000E+00  0.000E+00  1.000E+00  1.000E+00  0.000E+00  1.000E+00  0.000E+00  1.000E+00  0.000E+00  0.000E+00
  0.000E+00  1.000E+00  0.000E+00  0.000E+00  0.000E+00  0.000E+00  0.000E+00  1.000E+00  1.000E+00  0.000E+00
  0.000E+00  1.000E+00  7.125E-01  0.000E+00  1.000E+00  0.000E+00  0.000E+00  0.000E+00  0.000E+00  7.147E-01
  1.000E+00  1.000E+00  0.000E+00  7.088E-01  0.000E+00  0.000E+00  0.000E+00  1.000E+00  7.077E-01  0.000E+00
  0.000E+00  0.000E+00  0.000E+00  0.000E+00  0.000E+00  0.000E+00  0.000E+00  0.000E+00  0.000E+00  0.000E+00
  0.000E+00  0.000E+00  0.000E+00  1.000E+00  8.019E-01  0.000E+00  0.000E+00  0.000E+00  0.000E+00  0.000E+00
  0.000E+00  0.000E+00  0.000E+00  0.000E+00  0.000E+00  0.000E+00  0.000E+00  0.000E+00  0.000E+00  0.000E+00
  9.690E-01  1.000E+00  0.000E+00  0.000E+00  0.000E+00  1.000E+00  0.000E+00  0.000E+00  0.000E+00  1.000E+00
  0.000E+00  0.000E+00  0.000E+00  0.000E+00  0.000E+00  0.000E+00  6.232E-01  1.000E+00  1.000E+00  0.000E+00
  0.000E+00  0.000E+00  1.000E+00  0.000E+00  1.000E+00  1.000E+00  0.000E+00  1.000E+00  1.000E+00  0.000E+00
  0.000E+00  1.000E+00  6.621E-01  1.000E+00  0.000E+00  0.000E+00  0.000E+00  0.000E+00  1.000E+00  0.000E+00
  0.000E+00  0.000E+00  7.101E-01  7.685E-01  7.077E-01  0.000E+00  1.000E+00  0.000E+00  1.000E+00  7.990E-01
  0.000E+00  1.000E+00  0.000E+00  0.000E+00  0.000E+00  1.000E+00  5.755E-01  8.615E-02  8.456E-02  7.570E-01
  0.000E+00  0.000E+00  0.000E+00  0.000E+00  1.000E+00  7.501E-01  0.000E+00  0.000E+00  7.144E-01  0.000E+00
  0.000E+00  1.000E+00  3.795E-01  2.223E-02  2.227E-02  5.050E-01  1.000E+00  0.000E+00  0.000E+00  0.000E+00
  1.000E+00  7.081E-01  0.000E+00  1.000E+00  1.000E+00  1.000E+00  1.000E+00  8.664E-01  1.000E+00  9.554E-02
  8.818E-02  1.000E+00  0.000E+00  0.000E+00  0.000E+00  0.000E+00  1.000E+00  1.000E+00  0.000E+00  0.000E+00
  0.000E+00  0.000E+00  0.000E+00  1.000E+00  7.309E-01  1.000E+00  7.878E-01  9.053E-01  1.000E+00  0.000E+00
  0.000E+00  0.000E+00  0.000E+00  1.000E+00  0.000E+00  0.000E+00  0.000E+00  0.000E+00  0.000E+00  0.000E+00
  1.000E+00  0.000E+00  0.000E+00  0.000E+00  0.000E+00  0.000E+00  0.000E+00  0.000E+00  0.000E+00  0.000E+00
  1.000E+00  1.000E+00  0.000E+00  0.000E+00  1.000E+00  1.000E+00  1.000E+00  0.000E+00  0.000E+00  0.000E+00
  0.000E+00  0.000E+00  0.000E+00  1.000E+00  0.000E+00  0.000E+00  9.295E-01  0.000E+00  0.000E+00  0.000E+00
  7.585E-01  7.972E-01  1.000E+00  0.000E+00  1.000E+00  0.000E+00  0.000E+00  0.000E+00  0.000E+00  0.000E+00
  0.000E+00  0.000E+00  1.000E+00  1.000E+00  1.000E+00  1.000E+00  1.000E+00  7.132E-01  0.000E+00  0.000E+00
  0.000E+00  0.000E+00  0.000E+00  0.000E+00  0.000E+00  1.000E+00  0.000E+00  0.000E+00  1.000E+00  0.000E+00
  7.676E-01  0.000E+00  0.000E+00  0.000E+00  0.000E+00  0.000E+00  1.000E+00  0.000E+00  0.000E+00  0.000E+00
  7.098E-01  1.000E+00  0.000E+00  0.000E+00  1.000E+00  0.000E+00  0.000E+00  0.000E+00  0.000E+00  0.000E+00
  0.000E+00  0.000E+00  1.000E+00  0.000E+00  1.000E+00  0.000E+00  1.000E+00  0.000E+00  0.000E+00  1.000E+00
  0.000E+00  1.000E+00  0.000E+00  1.000E+00  0.000E+00  0.000E+00  0.000E+00  0.000E+00  1.000E+00  0.000E+00
  7.505E-01  7.206E-01  1.000E+00  0.000E+00  0.000E+00  1.000E+00  0.000E+00  0.000E+00  1.000E+00  7.358E-01
  0.000E+00  1.000E+00  0.000E+00  0.000E+00  0.000E+00  1.000E+00  7.159E-01  1.000E+00  0.000E+00  0.000E+00
  1.000E+00  1.000E+00  1.000E+00  7.266E-01  1.000E+00  0.000E+00  0.000E+00  8.695E-01  7.138E-01  8.356E-01
  0.000E+00  0.000E+00  0.000E+00  0.000E+00  0.000E+00  0.000E+00  0.000E+00  1.000E+00  7.071E-01  1.000E+00
  1.000E+00  0.000E+00  1.000E+00  8.963E-01  1.000E+00  8.489E-01  1.000E+00  0.000E+00  0.000E+00  0.000E+00
  0.000E+00  0.000E+00  0.000E+00  1.000E+00  0.000E+00  0.000E+00  0.000E+00  0.000E+00  0.000E+00  1.000E+00
  0.000E+00  1.000E+00  7.422E-01  0.000E+00  0.000E+00  0.000E+00  0.000E+00  0.000E+00  0.000E+00  0.000E+00
  0.000E+00  1.000E+00  0.000E+00  6.978E-01  7.880E-01  1.000E+00  1.000E+00  0.000E+00  0.000E+00  0.000E+00
  0.000E+00  0.000E+00  0.000E+00  1.000E+00  0.000E+00  9.269E-01  1.000E+00  8.029E-01  0.000E+00  1.000E+00
  0.000E+00  0.000E+00  1.000E+00  0.000E+00  1.000E+00  1.000E+00  0.000E+00  0.000E+00  0.000E+00  7.859E-01
  1.000E+00  1.000E+00  0.000E+00  0.000E+00  9.987E-01  0.000E+00  0.000E+00  0.000E+00  7.797E-01  0.000E+00
  0.000E+00  0.000E+00  0.000E+00  0.000E+00  0.000E+00  1.000E+00  1.000E+00  0.000E+00

#------------------------------------------------------------------------------
# gshow
#------------------------------------------------------------------------------

p: legs[c5*0.875]

hb:   line clip z  
frame:
 -7.9999814E-01 -1.6499925E+00
  8.0000186E-01 -1.6499925E+00
  8.0000186E-01  1.6500075E+00
 -7.9999814E-01  1.6500075E+00
clip:
 -8.94115672E-01 -1.74705108E+00
  8.94119622E-01 -1.74705108E+00
  8.94119622E-01 -1.64116873E+00
  8.94119622E-01 -1.53528638E+00
  8.94119622E-01 -1.42940402E+00
  8.94119622E-01 -1.32352167E+00
  8.94119622E-01 -1.21763932E+00
  8.94119622E-01 -1.11175697E+00
  8.94119622E-01 -1.00587461E+00
  8.94119622E-01 -8.99992259E-01
  8.94119622E-01 -7.94109906E-01
  8.94119622E-01 -6.88227553E-01
  8.94119622E-01 -5.82345200E-01
  8.94119622E-01 -4.76462847E-01
  8.94119622E-01 -3.70580495E-01
  8.94119622E-01 -2.64698142E-01
  8.94119622E-01 -1.58815789E-01
  8.94119622E-01 -5.29334357E-02
  8.94119622E-01  5.29489172E-02
  8.94119622E-01  1.58831270E-01
  8.94119622E-01  2.64713623E-01
  8.94119622E-01  3.70595976E-01
  8.94119622E-01  4.76478329E-01
  8.94119622E-01  5.82360682E-01
  8.94119622E-01  6.88243035E-01
  8.94119622E-01  7.94125388E-01
  8.94119622E-01  9.00007741E-01
  8.94119622E-01  1.00589009E+00
  8.94119622E-01  1.11177245E+00
  8.94119622E-01  1.21765480E+00
  8.94119622E-01  1.32353715E+00
  8.94119622E-01  1.42941951E+00
  8.94119622E-01  1.53530186E+00
  8.94119622E-01  1.64118421E+00
  8.94119622E-01  1.74706656E+00
  7.82354916E-01  1.74706656E+00
  6.70590211E-01  1.74706656E+00
  5.58825505E-01  1.74706656E+00
  4.47060799E-01  1.74706656E+00
  3.35296093E-01  1.74706656E+00
  2.23531387E-01  1.74706656E+00
  1.11766681E-01  1.74706656E+00
  1.97530848E-06  1.74706656E+00
 -1.11762731E-01  1.74706656E+00
 -2.23527436E-01  1.74706656E+00
 -3.35292142E-01  1.74706656E+00
 -4.47056848E-01  1.74706656E+00
 -5.58821554E-01  1.74706656E+00
 -6.70586260E-01  1.74706656E+00
 -7.82350966E-01  1.74706656E+00
 -8.94115672E-01  1.74706656E+00
 -8.94115672E-01  1.64118421E+00
 -8.94115672E-01  1.53530186E+00
 -8.94115672E-01  1.42941951E+00
 -8.94115672E-01  1.32353715E+00
 -8.94115672E-01  1.21765480E+00
 -8.94115672E-01  1.11177245E+00
 -8.94115672E-01  1.00589009E+00
 -8.94115672E-01  9.00007741E-01
 -8.94115672E-01  7.94125388E-01
 -8.94115672E-01  6.88243035E-01
 -8.94115672E-01  5.82360682E-01
 -8.94115672E-01  4.76478329E-01
 -8.94115672E-01  3.70595976E-01
 -8.94115672E-01  2.64713623E-01
 -8.94115672E-01  1.58831270E-01
 -8.94115672E-01  5.29489172E-02
 -8.94115672E-01 -5.29334357E-02
 -8.94115672E-01 -1.58815789E-01
 -8.94115672E-01 -2.64698142E-01
 -8.94115672E-01 -3.70580495E-01
 -8.94115672E-01 -4.76462847E-01
 -8.94115672E-01 -5.82345200E-01
 -8.94115672E-01 -6.88227553E-01
 -8.94115672E-01 -7.94109906E-01
 -8.94115672E-01 -8.99992259E-01
 -8.94115672E-01 -1.00587461E+00
 -8.94115672E-01 -1.11175697E+00
 -8.94115672E-01 -1.21763932E+00
 -8.94115672E-01 -1.32352167E+00
 -8.94115672E-01 -1.42940402E+00
 -8.94115672E-01 -1.53528638E+00
 -8.94115672E-01 -1.64116873E+00
 -8.94115672E-01 -1.74705108E+00

#------------------------------------------------------------------------------
z: xorg(1.03)
p: xfac[c2*0.05] form[c1/0.05] notc noxt noyt dmin(1)
p: ymin(0) ymax(1) xmin(0) xmax(1) cmin(1) cmax(100) nosp
hc: y= 0.005 to 0.995 by 0.01 ; x= 0.5 to 0.5 by 1 ;
 1  2  3  4  5  6  7  8  9 10 11 12 13 14 15 16 17 18 19 20
21 22 23 24 25 26 27 28 29 30 31 32 33 34 35 36 37 38 39 40
41 42 43 44 45 46 47 48 49 50 51 52 53 54 55 56 57 58 59 60
61 62 63 64 65 66 67 68 69 70 71 72 73 74 75 76 77 78 79 80
81 82 83 84 85 86 87 88 89 90 91 92 93 94 95 96 97 98 99 100
z: xorg(0.0)
p: xfac[c2*0.05] form[c1/0.05] nosp afac[c5*0.625] ymin[c3] ymax[c4]
p: noxt noxn ytxt(-1) ynum(-1) xltd(-1) xstd(-1) itic(1) ylog
y: Relative Error
#------------------------------------------------------------------------------

wt: s[c5]
\vspace{-3}
  zmin  &=&   9.8380E+01 [cm]
  zmax  &=&   9.8430E+01 [cm]
  part. &=& proton  
e:

#------------------------------------------------------------------------------
z: xorg[-1.03/0.05]
p: form[c1] xfac[c2] afac[c5] nosp notf
p: xmin(-0.8000000    ) xmax( 0.8000000    )
p: ymin( -1.650000    ) ymax(  1.650000    )

#------------------------------------------------------------------------------
 newpage:
#   no. =  2   iz  =  1   part. = photon  
#   z = (   9.8380E+01  -   9.8430E+01  )

'no. =  2,  iz =  1'
msuc: {\huge Dosis xy}
msdr: {\it plotted by \ANGEL \version}
msdl: {\it calculated by \PHITS  3.36}

x: x [cm]
y: y [cm]
set: c1[ 2.062] c2[ 0.627] c5[ 0.800] c6[ 0.743] c7[ 0.708] c8[ 0.000]
p: h2fs form[c1] xfac[c2] afac[c5] scal[c6] xorg[c7] yorg[c8] nosp
set: c3[1.0e-4] c4[1.0]
p: cmin[c3] cmax[c4]
p: dmin(1e-31)
p: zlog
p: xmin(-0.8000000    ) xmax( 0.8000000    )
p: ymin( -1.650000    ) ymax(  1.650000    )
#  ny =  33   nx =  16
# ( ( data(x,y), x = 1, nx ), y = ny, 1, -1 )

hc:  y =   1.600000     to  -1.600000     by  0.1000000     ; x = -0.7500000     to  0.7500000     by  0.1000000     ;
  2.055E-01  2.257E-01  2.034E-01  2.139E-01  1.630E-01  1.789E-01  1.813E-01  1.761E-01  1.880E-01  2.173E-01
  2.335E-01  1.875E-01  2.036E-01  2.108E-01  1.949E-01  2.450E-01  1.961E-01  1.808E-01  2.063E-01  2.106E-01
  1.950E-01  1.835E-01  2.017E-01  2.034E-01  1.976E-01  1.919E-01  1.857E-01  1.955E-01  2.451E-01  1.839E-01
  2.094E-01  2.078E-01  1.941E-01  1.982E-01  1.733E-01  1.934E-01  1.907E-01  2.097E-01  1.939E-01  1.856E-01
  1.802E-01  2.282E-01  1.788E-01  2.035E-01  1.980E-01  2.160E-01  2.344E-01  2.203E-01  1.712E-01  1.761E-01
  1.965E-01  1.976E-01  2.186E-01  2.526E-01  1.932E-01  2.178E-01  2.257E-01  1.940E-01  2.111E-01  1.640E-01
  2.192E-01  2.013E-01  2.172E-01  2.479E-01  1.811E-01  1.751E-01  2.059E-01  2.084E-01  1.854E-01  2.088E-01
  1.853E-01  2.116E-01  2.025E-01  1.881E-01  1.940E-01  1.846E-01  1.742E-01  1.998E-01  2.273E-01  1.906E-01
  1.995E-01  1.829E-01  2.022E-01  2.028E-01  1.852E-01  1.725E-01  1.872E-01  1.745E-01  2.013E-01  2.064E-01
  1.874E-01  1.557E-01  1.893E-01  1.966E-01  1.868E-01  2.356E-01  1.840E-01  1.898E-01  1.856E-01  1.627E-01
  1.791E-01  1.832E-01  1.904E-01  2.050E-01  1.735E-01  1.706E-01  2.184E-01  1.676E-01  1.532E-01  1.989E-01
  1.807E-01  1.790E-01  2.258E-01  1.858E-01  2.060E-01  1.879E-01  1.864E-01  2.008E-01  2.033E-01  1.772E-01
  1.882E-01  1.882E-01  1.898E-01  1.696E-01  1.992E-01  2.023E-01  1.879E-01  1.825E-01  1.763E-01  1.894E-01
  1.764E-01  1.642E-01  1.987E-01  1.775E-01  1.819E-01  1.746E-01  1.534E-01  1.929E-01  2.116E-01  2.436E-01
  1.879E-01  1.830E-01  1.773E-01  1.767E-01  2.033E-01  1.970E-01  1.768E-01  1.814E-01  1.502E-01  1.591E-01
  1.846E-01  1.668E-01  1.654E-01  1.647E-01  1.879E-01  2.093E-01  2.043E-01  2.138E-01  1.863E-01  1.964E-01
  1.704E-01  1.823E-01  1.728E-01  1.866E-01  1.504E-01  1.557E-01  1.812E-01  1.841E-01  1.907E-01  1.528E-01
  1.971E-01  1.929E-01  1.938E-01  1.753E-01  1.772E-01  1.681E-01  2.047E-01  1.905E-01  1.653E-01  1.695E-01
  1.616E-01  1.746E-01  1.788E-01  2.086E-01  2.331E-01  1.719E-01  2.135E-01  1.888E-01  2.002E-01  1.825E-01
  1.602E-01  1.811E-01  1.933E-01  1.709E-01  1.803E-01  1.906E-01  1.815E-01  1.795E-01  1.675E-01  1.913E-01
  1.836E-01  1.814E-01  1.960E-01  1.947E-01  1.956E-01  1.724E-01  1.844E-01  1.670E-01  1.903E-01  1.778E-01
  1.862E-01  2.308E-01  1.718E-01  1.951E-01  1.941E-01  2.050E-01  1.887E-01  1.857E-01  1.801E-01  1.893E-01
  1.785E-01  1.571E-01  1.648E-01  1.762E-01  1.828E-01  1.700E-01  1.706E-01  1.800E-01  1.786E-01  1.677E-01
  1.936E-01  1.701E-01  1.710E-01  1.746E-01  2.057E-01  1.851E-01  1.842E-01  1.998E-01  1.709E-01  1.639E-01
  1.793E-01  1.836E-01  1.880E-01  1.834E-01  1.846E-01  1.964E-01  1.686E-01  1.617E-01  1.628E-01  1.916E-01
  1.973E-01  1.618E-01  1.791E-01  1.730E-01  1.951E-01  1.825E-01  1.558E-01  1.610E-01  1.898E-01  1.911E-01
  1.846E-01  1.898E-01  1.621E-01  1.991E-01  1.661E-01  1.690E-01  1.683E-01  1.766E-01  1.782E-01  1.986E-01
  1.879E-01  1.771E-01  1.904E-01  1.736E-01  2.018E-01  1.772E-01  1.653E-01  1.580E-01  1.768E-01  1.975E-01
  1.616E-01  1.670E-01  1.579E-01  1.810E-01  1.792E-01  1.564E-01  1.920E-01  1.815E-01  1.763E-01  1.925E-01
  1.791E-01  1.723E-01  1.680E-01  1.610E-01  1.772E-01  1.847E-01  1.778E-01  1.687E-01  1.609E-01  1.628E-01
  1.793E-01  1.777E-01  1.945E-01  1.844E-01  1.874E-01  1.772E-01  1.745E-01  1.951E-01  1.732E-01  1.705E-01
  1.711E-01  1.679E-01  1.831E-01  1.689E-01  1.754E-01  1.808E-01  1.747E-01  1.906E-01  1.449E-01  1.644E-01
  1.921E-01  1.771E-01  1.664E-01  1.833E-01  1.666E-01  1.797E-01  1.944E-01  1.679E-01  1.798E-01  1.640E-01
  1.986E-01  1.698E-01  1.862E-01  1.684E-01  1.677E-01  2.011E-01  1.854E-01  1.994E-01  1.950E-01  1.960E-01
  2.087E-01  1.841E-01  2.100E-01  1.879E-01  1.796E-01  1.940E-01  1.941E-01  1.880E-01  1.986E-01  1.752E-01
  1.745E-01  1.699E-01  2.002E-01  1.930E-01  1.886E-01  1.774E-01  1.741E-01  1.640E-01  2.361E-01  1.833E-01
  1.727E-01  1.686E-01  1.722E-01  1.796E-01  1.672E-01  1.918E-01  1.718E-01  1.606E-01  1.792E-01  1.804E-01
  1.672E-01  1.841E-01  2.044E-01  1.808E-01  1.634E-01  1.735E-01  1.694E-01  1.791E-01  1.759E-01  1.983E-01
  1.973E-01  1.977E-01  1.903E-01  1.676E-01  1.975E-01  2.004E-01  1.960E-01  1.852E-01  2.038E-01  1.626E-01
  1.595E-01  1.758E-01  1.809E-01  1.640E-01  1.704E-01  1.792E-01  1.812E-01  1.666E-01  2.050E-01  2.307E-01
  1.705E-01  2.080E-01  1.803E-01  2.100E-01  1.809E-01  1.711E-01  1.788E-01  1.966E-01  1.944E-01  1.852E-01
  1.851E-01  1.490E-01  1.765E-01  1.811E-01  1.665E-01  1.835E-01  1.818E-01  1.885E-01  1.845E-01  2.197E-01
  2.009E-01  1.754E-01  1.527E-01  1.828E-01  1.720E-01  1.624E-01  1.956E-01  1.699E-01  1.832E-01  1.668E-01
  2.000E-01  1.796E-01  2.027E-01  2.182E-01  2.053E-01  1.906E-01  2.165E-01  2.020E-01  1.473E-01  1.816E-01
  1.990E-01  1.870E-01  1.972E-01  2.012E-01  1.851E-01  1.752E-01  2.194E-01  2.438E-01  1.738E-01  2.010E-01
  1.844E-01  1.944E-01  1.782E-01  1.784E-01  1.815E-01  2.161E-01  2.114E-01  1.873E-01  1.753E-01  1.880E-01
  1.933E-01  2.006E-01  2.215E-01  1.957E-01  1.938E-01  1.878E-01  2.393E-01  2.198E-01  1.949E-01  1.711E-01
  1.871E-01  2.236E-01  1.869E-01  1.793E-01  1.927E-01  1.828E-01  1.826E-01  1.973E-01  2.029E-01  1.944E-01
  2.112E-01  2.096E-01  1.928E-01  1.928E-01  2.025E-01  2.111E-01  1.768E-01  2.206E-01  1.971E-01  2.190E-01
  1.805E-01  1.773E-01  2.188E-01  1.981E-01  1.864E-01  1.925E-01  2.010E-01  1.904E-01  1.821E-01  2.207E-01
  1.829E-01  2.184E-01  2.213E-01  1.890E-01  1.912E-01  1.767E-01  2.008E-01  1.940E-01  1.733E-01  1.908E-01
  2.113E-01  1.914E-01  1.985E-01  1.911E-01  1.971E-01  1.913E-01  1.895E-01  2.348E-01  2.112E-01  2.159E-01
  2.466E-01  1.941E-01  1.919E-01  2.014E-01  1.838E-01  1.927E-01  2.517E-01  2.148E-01

#------------------------------------------------------------------------------
# gshow
#------------------------------------------------------------------------------

p: legs[c5*0.875]

hb:   line clip z  
frame:
 -7.9999814E-01 -1.6499925E+00
  8.0000186E-01 -1.6499925E+00
  8.0000186E-01  1.6500075E+00
 -7.9999814E-01  1.6500075E+00
clip:
 -8.94115672E-01 -1.74705108E+00
  8.94119622E-01 -1.74705108E+00
  8.94119622E-01 -1.64116873E+00
  8.94119622E-01 -1.53528638E+00
  8.94119622E-01 -1.42940402E+00
  8.94119622E-01 -1.32352167E+00
  8.94119622E-01 -1.21763932E+00
  8.94119622E-01 -1.11175697E+00
  8.94119622E-01 -1.00587461E+00
  8.94119622E-01 -8.99992259E-01
  8.94119622E-01 -7.94109906E-01
  8.94119622E-01 -6.88227553E-01
  8.94119622E-01 -5.82345200E-01
  8.94119622E-01 -4.76462847E-01
  8.94119622E-01 -3.70580495E-01
  8.94119622E-01 -2.64698142E-01
  8.94119622E-01 -1.58815789E-01
  8.94119622E-01 -5.29334357E-02
  8.94119622E-01  5.29489172E-02
  8.94119622E-01  1.58831270E-01
  8.94119622E-01  2.64713623E-01
  8.94119622E-01  3.70595976E-01
  8.94119622E-01  4.76478329E-01
  8.94119622E-01  5.82360682E-01
  8.94119622E-01  6.88243035E-01
  8.94119622E-01  7.94125388E-01
  8.94119622E-01  9.00007741E-01
  8.94119622E-01  1.00589009E+00
  8.94119622E-01  1.11177245E+00
  8.94119622E-01  1.21765480E+00
  8.94119622E-01  1.32353715E+00
  8.94119622E-01  1.42941951E+00
  8.94119622E-01  1.53530186E+00
  8.94119622E-01  1.64118421E+00
  8.94119622E-01  1.74706656E+00
  7.82354916E-01  1.74706656E+00
  6.70590211E-01  1.74706656E+00
  5.58825505E-01  1.74706656E+00
  4.47060799E-01  1.74706656E+00
  3.35296093E-01  1.74706656E+00
  2.23531387E-01  1.74706656E+00
  1.11766681E-01  1.74706656E+00
  1.97530848E-06  1.74706656E+00
 -1.11762731E-01  1.74706656E+00
 -2.23527436E-01  1.74706656E+00
 -3.35292142E-01  1.74706656E+00
 -4.47056848E-01  1.74706656E+00
 -5.58821554E-01  1.74706656E+00
 -6.70586260E-01  1.74706656E+00
 -7.82350966E-01  1.74706656E+00
 -8.94115672E-01  1.74706656E+00
 -8.94115672E-01  1.64118421E+00
 -8.94115672E-01  1.53530186E+00
 -8.94115672E-01  1.42941951E+00
 -8.94115672E-01  1.32353715E+00
 -8.94115672E-01  1.21765480E+00
 -8.94115672E-01  1.11177245E+00
 -8.94115672E-01  1.00589009E+00
 -8.94115672E-01  9.00007741E-01
 -8.94115672E-01  7.94125388E-01
 -8.94115672E-01  6.88243035E-01
 -8.94115672E-01  5.82360682E-01
 -8.94115672E-01  4.76478329E-01
 -8.94115672E-01  3.70595976E-01
 -8.94115672E-01  2.64713623E-01
 -8.94115672E-01  1.58831270E-01
 -8.94115672E-01  5.29489172E-02
 -8.94115672E-01 -5.29334357E-02
 -8.94115672E-01 -1.58815789E-01
 -8.94115672E-01 -2.64698142E-01
 -8.94115672E-01 -3.70580495E-01
 -8.94115672E-01 -4.76462847E-01
 -8.94115672E-01 -5.82345200E-01
 -8.94115672E-01 -6.88227553E-01
 -8.94115672E-01 -7.94109906E-01
 -8.94115672E-01 -8.99992259E-01
 -8.94115672E-01 -1.00587461E+00
 -8.94115672E-01 -1.11175697E+00
 -8.94115672E-01 -1.21763932E+00
 -8.94115672E-01 -1.32352167E+00
 -8.94115672E-01 -1.42940402E+00
 -8.94115672E-01 -1.53528638E+00
 -8.94115672E-01 -1.64116873E+00
 -8.94115672E-01 -1.74705108E+00

#------------------------------------------------------------------------------
z: xorg(1.03)
p: xfac[c2*0.05] form[c1/0.05] notc noxt noyt dmin(1)
p: ymin(0) ymax(1) xmin(0) xmax(1) cmin(1) cmax(100) nosp
hc: y= 0.005 to 0.995 by 0.01 ; x= 0.5 to 0.5 by 1 ;
 1  2  3  4  5  6  7  8  9 10 11 12 13 14 15 16 17 18 19 20
21 22 23 24 25 26 27 28 29 30 31 32 33 34 35 36 37 38 39 40
41 42 43 44 45 46 47 48 49 50 51 52 53 54 55 56 57 58 59 60
61 62 63 64 65 66 67 68 69 70 71 72 73 74 75 76 77 78 79 80
81 82 83 84 85 86 87 88 89 90 91 92 93 94 95 96 97 98 99 100
z: xorg(0.0)
p: xfac[c2*0.05] form[c1/0.05] nosp afac[c5*0.625] ymin[c3] ymax[c4]
p: noxt noxn ytxt(-1) ynum(-1) xltd(-1) xstd(-1) itic(1) ylog
y: Relative Error
#------------------------------------------------------------------------------

wt: s[c5]
\vspace{-3}
  zmin  &=&   9.8380E+01 [cm]
  zmax  &=&   9.8430E+01 [cm]
  part. &=& photon  
e:

#------------------------------------------------------------------------------
z: xorg[-1.03/0.05]
p: form[c1] xfac[c2] afac[c5] nosp notf
p: xmin(-0.8000000    ) xmax( 0.8000000    )
p: ymin( -1.650000    ) ymax(  1.650000    )

#------------------------------------------------------------------------------
 newpage:
#   no. =  3   iz  =  2   part. = proton  
#   z = (   9.8430E+01  -   9.8480E+01  )

'no. =  3,  iz =  2'
msuc: {\huge Dosis xy}
msdr: {\it plotted by \ANGEL \version}
msdl: {\it calculated by \PHITS  3.36}

x: x [cm]
y: y [cm]
set: c1[ 2.062] c2[ 0.627] c5[ 0.800] c6[ 0.743] c7[ 0.708] c8[ 0.000]
p: h2fs form[c1] xfac[c2] afac[c5] scal[c6] xorg[c7] yorg[c8] nosp
set: c3[1.0e-4] c4[1.0]
p: cmin[c3] cmax[c4]
p: dmin(1e-31)
p: zlog
p: xmin(-0.8000000    ) xmax( 0.8000000    )
p: ymin( -1.650000    ) ymax(  1.650000    )
#  ny =  33   nx =  16
# ( ( data(x,y), x = 1, nx ), y = ny, 1, -1 )

hc:  y =   1.600000     to  -1.600000     by  0.1000000     ; x = -0.7500000     to  0.7500000     by  0.1000000     ;
  1.000E+00  7.835E-01  0.000E+00  1.000E+00  7.153E-01  0.000E+00  0.000E+00  1.000E+00  1.000E+00  0.000E+00
  0.000E+00  0.000E+00  1.000E+00  1.000E+00  1.000E+00  0.000E+00  7.259E-01  7.726E-01  1.000E+00  1.000E+00
  7.958E-01  1.000E+00  0.000E+00  1.000E+00  0.000E+00  0.000E+00  0.000E+00  1.000E+00  9.109E-01  1.000E+00
  1.000E+00  1.000E+00  0.000E+00  1.000E+00  0.000E+00  0.000E+00  0.000E+00  1.000E+00  1.000E+00  0.000E+00
  0.000E+00  0.000E+00  0.000E+00  0.000E+00  1.000E+00  1.000E+00  0.000E+00  1.000E+00  1.000E+00  1.000E+00
  0.000E+00  1.000E+00  0.000E+00  0.000E+00  0.000E+00  0.000E+00  0.000E+00  0.000E+00  1.000E+00  1.000E+00
  0.000E+00  1.000E+00  1.000E+00  9.027E-01  1.000E+00  1.000E+00  0.000E+00  1.000E+00  0.000E+00  0.000E+00
  1.000E+00  1.000E+00  0.000E+00  0.000E+00  0.000E+00  0.000E+00  0.000E+00  0.000E+00  1.000E+00  7.128E-01
  1.000E+00  0.000E+00  1.000E+00  0.000E+00  0.000E+00  0.000E+00  0.000E+00  0.000E+00  0.000E+00  0.000E+00
  0.000E+00  0.000E+00  0.000E+00  0.000E+00  0.000E+00  1.000E+00  0.000E+00  0.000E+00  1.000E+00  1.000E+00
  0.000E+00  1.000E+00  0.000E+00  1.000E+00  1.000E+00  0.000E+00  0.000E+00  1.000E+00  0.000E+00  1.000E+00
  1.000E+00  6.715E-01  0.000E+00  0.000E+00  0.000E+00  1.000E+00  0.000E+00  0.000E+00  1.000E+00  9.171E-01
  0.000E+00  0.000E+00  0.000E+00  7.935E-01  1.000E+00  1.000E+00  0.000E+00  0.000E+00  0.000E+00  0.000E+00
  0.000E+00  0.000E+00  0.000E+00  0.000E+00  0.000E+00  1.000E+00  0.000E+00  0.000E+00  1.000E+00  1.000E+00
  0.000E+00  0.000E+00  1.000E+00  0.000E+00  1.000E+00  0.000E+00  0.000E+00  0.000E+00  0.000E+00  1.000E+00
  0.000E+00  8.308E-01  9.689E-01  9.428E-01  1.000E+00  0.000E+00  0.000E+00  0.000E+00  0.000E+00  0.000E+00
  0.000E+00  0.000E+00  0.000E+00  0.000E+00  0.000E+00  0.000E+00  0.000E+00  0.000E+00  7.075E-01  8.666E-01
  1.000E+00  0.000E+00  0.000E+00  1.000E+00  1.000E+00  0.000E+00  0.000E+00  0.000E+00  0.000E+00  0.000E+00
  0.000E+00  0.000E+00  0.000E+00  0.000E+00  0.000E+00  1.000E+00  7.149E-01  0.000E+00  0.000E+00  0.000E+00
  1.000E+00  0.000E+00  0.000E+00  0.000E+00  0.000E+00  1.000E+00  0.000E+00  0.000E+00  0.000E+00  1.000E+00
  0.000E+00  0.000E+00  7.074E-01  0.000E+00  0.000E+00  0.000E+00  7.139E-01  0.000E+00  1.000E+00  0.000E+00
  0.000E+00  1.000E+00  1.000E+00  0.000E+00  1.000E+00  1.000E+00  0.000E+00  1.000E+00  7.518E-01  0.000E+00
  0.000E+00  1.000E+00  1.000E+00  1.000E+00  1.000E+00  1.000E+00  0.000E+00  0.000E+00  0.000E+00  0.000E+00
  1.000E+00  0.000E+00  7.191E-01  1.000E+00  1.000E+00  0.000E+00  1.000E+00  9.997E-01  7.596E-01  1.000E+00
  1.000E+00  1.000E+00  1.000E+00  1.000E+00  0.000E+00  9.994E-01  4.586E-01  7.992E-02  7.457E-02  5.622E-01
  1.000E+00  1.000E+00  1.000E+00  0.000E+00  7.127E-01  1.000E+00  0.000E+00  0.000E+00  1.000E+00  0.000E+00
  0.000E+00  0.000E+00  3.444E-01  2.216E-02  2.240E-02  4.157E-01  0.000E+00  0.000E+00  1.000E+00  1.000E+00
  1.000E+00  1.000E+00  1.000E+00  1.000E+00  0.000E+00  1.000E+00  1.000E+00  1.000E+00  0.000E+00  8.614E-02
  8.307E-02  1.000E+00  0.000E+00  0.000E+00  0.000E+00  1.000E+00  1.000E+00  0.000E+00  0.000E+00  0.000E+00
  0.000E+00  1.000E+00  1.000E+00  1.000E+00  1.000E+00  1.000E+00  7.162E-01  7.225E-01  1.000E+00  0.000E+00
  1.000E+00  1.000E+00  0.000E+00  0.000E+00  0.000E+00  0.000E+00  0.000E+00  1.000E+00  1.000E+00  0.000E+00
  0.000E+00  0.000E+00  0.000E+00  1.000E+00  0.000E+00  1.000E+00  1.000E+00  0.000E+00  0.000E+00  0.000E+00
  0.000E+00  1.000E+00  1.000E+00  1.000E+00  1.000E+00  1.000E+00  0.000E+00  0.000E+00  0.000E+00  0.000E+00
  0.000E+00  0.000E+00  1.000E+00  1.000E+00  0.000E+00  0.000E+00  0.000E+00  0.000E+00  0.000E+00  0.000E+00
  9.627E-01  0.000E+00  1.000E+00  1.000E+00  9.977E-01  0.000E+00  0.000E+00  0.000E+00  0.000E+00  0.000E+00
  0.000E+00  0.000E+00  1.000E+00  1.000E+00  0.000E+00  8.062E-01  7.074E-01  0.000E+00  0.000E+00  0.000E+00
  0.000E+00  0.000E+00  0.000E+00  0.000E+00  0.000E+00  1.000E+00  1.000E+00  1.000E+00  1.000E+00  1.000E+00
  1.000E+00  1.000E+00  0.000E+00  0.000E+00  0.000E+00  0.000E+00  1.000E+00  0.000E+00  1.000E+00  0.000E+00
  0.000E+00  0.000E+00  0.000E+00  0.000E+00  0.000E+00  0.000E+00  0.000E+00  1.000E+00  0.000E+00  0.000E+00
  1.000E+00  1.000E+00  0.000E+00  0.000E+00  7.500E-01  0.000E+00  1.000E+00  1.000E+00  0.000E+00  0.000E+00
  0.000E+00  1.000E+00  0.000E+00  1.000E+00  1.000E+00  8.673E-01  1.000E+00  0.000E+00  1.000E+00  0.000E+00
  7.456E-01  8.694E-01  0.000E+00  0.000E+00  1.000E+00  1.000E+00  0.000E+00  1.000E+00  0.000E+00  7.787E-01
  7.794E-01  8.888E-01  1.000E+00  1.000E+00  1.000E+00  9.719E-01  1.000E+00  0.000E+00  0.000E+00  0.000E+00
  1.000E+00  0.000E+00  1.000E+00  1.000E+00  0.000E+00  1.000E+00  0.000E+00  8.396E-01  9.359E-01  0.000E+00
  1.000E+00  1.000E+00  0.000E+00  0.000E+00  0.000E+00  0.000E+00  0.000E+00  0.000E+00  1.000E+00  1.000E+00
  0.000E+00  0.000E+00  0.000E+00  1.000E+00  0.000E+00  0.000E+00  0.000E+00  0.000E+00  0.000E+00  0.000E+00
  0.000E+00  0.000E+00  0.000E+00  0.000E+00  0.000E+00  0.000E+00  0.000E+00  0.000E+00  0.000E+00  1.000E+00
  0.000E+00  0.000E+00  9.163E-01  1.000E+00  1.000E+00  0.000E+00  0.000E+00  0.000E+00  0.000E+00  0.000E+00
  0.000E+00  1.000E+00  0.000E+00  7.086E-01  0.000E+00  1.000E+00  0.000E+00  0.000E+00  1.000E+00  0.000E+00
  0.000E+00  0.000E+00  0.000E+00  1.000E+00  0.000E+00  1.000E+00  1.000E+00  0.000E+00  0.000E+00  7.262E-01
  0.000E+00  1.000E+00  0.000E+00  0.000E+00  1.000E+00  0.000E+00  0.000E+00  0.000E+00  0.000E+00  7.519E-01
  1.000E+00  0.000E+00  0.000E+00  0.000E+00  1.000E+00  0.000E+00  1.000E+00  0.000E+00  8.677E-01  0.000E+00
  0.000E+00  0.000E+00  0.000E+00  0.000E+00  1.000E+00  1.000E+00  0.000E+00  8.735E-01

#------------------------------------------------------------------------------
# gshow
#------------------------------------------------------------------------------

p: legs[c5*0.875]

hb:   line clip z  
frame:
 -7.9999814E-01 -1.6499925E+00
  8.0000186E-01 -1.6499925E+00
  8.0000186E-01  1.6500075E+00
 -7.9999814E-01  1.6500075E+00
clip:
 -8.94115672E-01 -1.74705108E+00
  8.94119622E-01 -1.74705108E+00
  8.94119622E-01 -1.64116873E+00
  8.94119622E-01 -1.53528638E+00
  8.94119622E-01 -1.42940402E+00
  8.94119622E-01 -1.32352167E+00
  8.94119622E-01 -1.21763932E+00
  8.94119622E-01 -1.11175697E+00
  8.94119622E-01 -1.00587461E+00
  8.94119622E-01 -8.99992259E-01
  8.94119622E-01 -7.94109906E-01
  8.94119622E-01 -6.88227553E-01
  8.94119622E-01 -5.82345200E-01
  8.94119622E-01 -4.76462847E-01
  8.94119622E-01 -3.70580495E-01
  8.94119622E-01 -2.64698142E-01
  8.94119622E-01 -1.58815789E-01
  8.94119622E-01 -5.29334357E-02
  8.94119622E-01  5.29489172E-02
  8.94119622E-01  1.58831270E-01
  8.94119622E-01  2.64713623E-01
  8.94119622E-01  3.70595976E-01
  8.94119622E-01  4.76478329E-01
  8.94119622E-01  5.82360682E-01
  8.94119622E-01  6.88243035E-01
  8.94119622E-01  7.94125388E-01
  8.94119622E-01  9.00007741E-01
  8.94119622E-01  1.00589009E+00
  8.94119622E-01  1.11177245E+00
  8.94119622E-01  1.21765480E+00
  8.94119622E-01  1.32353715E+00
  8.94119622E-01  1.42941951E+00
  8.94119622E-01  1.53530186E+00
  8.94119622E-01  1.64118421E+00
  8.94119622E-01  1.74706656E+00
  7.82354916E-01  1.74706656E+00
  6.70590211E-01  1.74706656E+00
  5.58825505E-01  1.74706656E+00
  4.47060799E-01  1.74706656E+00
  3.35296093E-01  1.74706656E+00
  2.23531387E-01  1.74706656E+00
  1.11766681E-01  1.74706656E+00
  1.97530848E-06  1.74706656E+00
 -1.11762731E-01  1.74706656E+00
 -2.23527436E-01  1.74706656E+00
 -3.35292142E-01  1.74706656E+00
 -4.47056848E-01  1.74706656E+00
 -5.58821554E-01  1.74706656E+00
 -6.70586260E-01  1.74706656E+00
 -7.82350966E-01  1.74706656E+00
 -8.94115672E-01  1.74706656E+00
 -8.94115672E-01  1.64118421E+00
 -8.94115672E-01  1.53530186E+00
 -8.94115672E-01  1.42941951E+00
 -8.94115672E-01  1.32353715E+00
 -8.94115672E-01  1.21765480E+00
 -8.94115672E-01  1.11177245E+00
 -8.94115672E-01  1.00589009E+00
 -8.94115672E-01  9.00007741E-01
 -8.94115672E-01  7.94125388E-01
 -8.94115672E-01  6.88243035E-01
 -8.94115672E-01  5.82360682E-01
 -8.94115672E-01  4.76478329E-01
 -8.94115672E-01  3.70595976E-01
 -8.94115672E-01  2.64713623E-01
 -8.94115672E-01  1.58831270E-01
 -8.94115672E-01  5.29489172E-02
 -8.94115672E-01 -5.29334357E-02
 -8.94115672E-01 -1.58815789E-01
 -8.94115672E-01 -2.64698142E-01
 -8.94115672E-01 -3.70580495E-01
 -8.94115672E-01 -4.76462847E-01
 -8.94115672E-01 -5.82345200E-01
 -8.94115672E-01 -6.88227553E-01
 -8.94115672E-01 -7.94109906E-01
 -8.94115672E-01 -8.99992259E-01
 -8.94115672E-01 -1.00587461E+00
 -8.94115672E-01 -1.11175697E+00
 -8.94115672E-01 -1.21763932E+00
 -8.94115672E-01 -1.32352167E+00
 -8.94115672E-01 -1.42940402E+00
 -8.94115672E-01 -1.53528638E+00
 -8.94115672E-01 -1.64116873E+00
 -8.94115672E-01 -1.74705108E+00

#------------------------------------------------------------------------------
z: xorg(1.03)
p: xfac[c2*0.05] form[c1/0.05] notc noxt noyt dmin(1)
p: ymin(0) ymax(1) xmin(0) xmax(1) cmin(1) cmax(100) nosp
hc: y= 0.005 to 0.995 by 0.01 ; x= 0.5 to 0.5 by 1 ;
 1  2  3  4  5  6  7  8  9 10 11 12 13 14 15 16 17 18 19 20
21 22 23 24 25 26 27 28 29 30 31 32 33 34 35 36 37 38 39 40
41 42 43 44 45 46 47 48 49 50 51 52 53 54 55 56 57 58 59 60
61 62 63 64 65 66 67 68 69 70 71 72 73 74 75 76 77 78 79 80
81 82 83 84 85 86 87 88 89 90 91 92 93 94 95 96 97 98 99 100
z: xorg(0.0)
p: xfac[c2*0.05] form[c1/0.05] nosp afac[c5*0.625] ymin[c3] ymax[c4]
p: noxt noxn ytxt(-1) ynum(-1) xltd(-1) xstd(-1) itic(1) ylog
y: Relative Error
#------------------------------------------------------------------------------

wt: s[c5]
\vspace{-3}
  zmin  &=&   9.8430E+01 [cm]
  zmax  &=&   9.8480E+01 [cm]
  part. &=& proton  
e:

#------------------------------------------------------------------------------
z: xorg[-1.03/0.05]
p: form[c1] xfac[c2] afac[c5] nosp notf
p: xmin(-0.8000000    ) xmax( 0.8000000    )
p: ymin( -1.650000    ) ymax(  1.650000    )

#------------------------------------------------------------------------------
 newpage:
#   no. =  4   iz  =  2   part. = photon  
#   z = (   9.8430E+01  -   9.8480E+01  )

'no. =  4,  iz =  2'
msuc: {\huge Dosis xy}
msdr: {\it plotted by \ANGEL \version}
msdl: {\it calculated by \PHITS  3.36}

x: x [cm]
y: y [cm]
set: c1[ 2.062] c2[ 0.627] c5[ 0.800] c6[ 0.743] c7[ 0.708] c8[ 0.000]
p: h2fs form[c1] xfac[c2] afac[c5] scal[c6] xorg[c7] yorg[c8] nosp
set: c3[1.0e-4] c4[1.0]
p: cmin[c3] cmax[c4]
p: dmin(1e-31)
p: zlog
p: xmin(-0.8000000    ) xmax( 0.8000000    )
p: ymin( -1.650000    ) ymax(  1.650000    )
#  ny =  33   nx =  16
# ( ( data(x,y), x = 1, nx ), y = ny, 1, -1 )

hc:  y =   1.600000     to  -1.600000     by  0.1000000     ; x = -0.7500000     to  0.7500000     by  0.1000000     ;
  2.243E-01  1.977E-01  2.020E-01  2.025E-01  1.899E-01  2.120E-01  1.860E-01  1.670E-01  2.037E-01  1.990E-01
  2.348E-01  1.925E-01  2.163E-01  2.341E-01  2.248E-01  2.165E-01  2.000E-01  2.078E-01  1.993E-01  2.018E-01
  1.898E-01  2.136E-01  1.941E-01  1.988E-01  1.923E-01  1.865E-01  1.765E-01  1.850E-01  2.319E-01  1.917E-01
  2.070E-01  2.105E-01  1.987E-01  1.853E-01  2.015E-01  2.013E-01  2.294E-01  2.170E-01  2.234E-01  1.658E-01
  2.048E-01  2.293E-01  1.810E-01  1.861E-01  1.956E-01  2.093E-01  2.657E-01  2.110E-01  1.652E-01  2.168E-01
  1.817E-01  2.096E-01  2.158E-01  2.143E-01  2.118E-01  2.039E-01  1.756E-01  2.065E-01  1.968E-01  1.748E-01
  1.857E-01  2.144E-01  2.006E-01  2.133E-01  1.973E-01  1.922E-01  2.098E-01  2.012E-01  1.957E-01  2.115E-01
  2.020E-01  2.138E-01  2.154E-01  2.086E-01  2.077E-01  1.780E-01  1.844E-01  1.673E-01  2.180E-01  2.024E-01
  2.003E-01  1.783E-01  1.832E-01  1.766E-01  2.264E-01  1.568E-01  1.756E-01  1.711E-01  2.248E-01  2.262E-01
  2.132E-01  1.682E-01  1.900E-01  1.911E-01  2.055E-01  2.490E-01  2.061E-01  2.059E-01  1.795E-01  1.937E-01
  1.964E-01  1.698E-01  2.230E-01  1.753E-01  1.601E-01  1.619E-01  1.956E-01  2.121E-01  1.771E-01  1.787E-01
  1.866E-01  1.850E-01  1.938E-01  2.447E-01  1.805E-01  1.832E-01  1.976E-01  1.704E-01  1.946E-01  2.195E-01
  1.890E-01  2.052E-01  1.859E-01  2.010E-01  1.724E-01  1.754E-01  1.778E-01  1.901E-01  2.004E-01  1.973E-01
  2.062E-01  1.645E-01  1.922E-01  1.979E-01  1.913E-01  1.982E-01  1.698E-01  1.694E-01  2.213E-01  2.255E-01
  2.005E-01  1.754E-01  1.878E-01  1.737E-01  1.617E-01  2.023E-01  2.229E-01  1.881E-01  1.715E-01  1.849E-01
  1.607E-01  1.801E-01  1.680E-01  1.978E-01  1.846E-01  1.768E-01  2.074E-01  1.806E-01  2.002E-01  1.824E-01
  1.805E-01  2.022E-01  1.704E-01  1.943E-01  1.515E-01  1.701E-01  2.019E-01  1.900E-01  1.718E-01  1.998E-01
  1.998E-01  1.993E-01  2.214E-01  1.757E-01  2.136E-01  2.127E-01  1.815E-01  1.760E-01  1.661E-01  1.737E-01
  1.658E-01  1.643E-01  1.720E-01  1.891E-01  1.877E-01  1.862E-01  2.212E-01  1.991E-01  2.248E-01  2.109E-01
  1.706E-01  1.904E-01  1.928E-01  1.751E-01  1.817E-01  1.836E-01  1.822E-01  1.978E-01  1.836E-01  1.929E-01
  1.997E-01  1.971E-01  1.921E-01  1.784E-01  1.700E-01  1.629E-01  1.692E-01  1.586E-01  1.840E-01  1.967E-01
  1.829E-01  2.065E-01  1.920E-01  1.821E-01  1.833E-01  2.049E-01  2.040E-01  1.929E-01  1.945E-01  1.717E-01
  1.802E-01  1.686E-01  1.770E-01  1.783E-01  1.852E-01  1.637E-01  1.735E-01  1.852E-01  1.927E-01  1.765E-01
  1.789E-01  1.840E-01  1.793E-01  1.792E-01  1.935E-01  1.771E-01  1.672E-01  1.939E-01  1.798E-01  1.593E-01
  2.031E-01  1.849E-01  1.981E-01  1.924E-01  1.827E-01  1.753E-01  1.726E-01  1.904E-01  1.868E-01  1.726E-01
  1.752E-01  2.090E-01  1.796E-01  1.664E-01  1.743E-01  1.787E-01  1.710E-01  1.849E-01  2.164E-01  2.153E-01
  1.866E-01  2.123E-01  1.747E-01  1.658E-01  1.804E-01  1.480E-01  1.633E-01  1.771E-01  1.832E-01  1.837E-01
  1.782E-01  2.009E-01  1.894E-01  1.982E-01  1.903E-01  1.790E-01  1.708E-01  1.574E-01  1.911E-01  1.741E-01
  1.628E-01  1.847E-01  1.708E-01  1.679E-01  1.873E-01  1.703E-01  1.989E-01  1.621E-01  1.827E-01  2.116E-01
  2.113E-01  1.716E-01  1.876E-01  1.715E-01  1.739E-01  1.968E-01  1.846E-01  1.692E-01  1.748E-01  1.993E-01
  1.547E-01  1.851E-01  1.804E-01  1.915E-01  1.635E-01  1.654E-01  1.935E-01  1.769E-01  1.617E-01  1.642E-01
  1.948E-01  1.821E-01  1.841E-01  1.787E-01  1.962E-01  1.619E-01  1.804E-01  1.938E-01  1.493E-01  1.765E-01
  1.864E-01  1.629E-01  1.684E-01  1.800E-01  1.721E-01  1.972E-01  2.036E-01  1.846E-01  1.813E-01  1.696E-01
  2.116E-01  1.807E-01  1.938E-01  1.764E-01  1.601E-01  1.693E-01  1.730E-01  1.783E-01  2.298E-01  2.072E-01
  2.169E-01  1.741E-01  1.990E-01  1.710E-01  1.852E-01  1.797E-01  2.201E-01  1.786E-01  2.003E-01  1.843E-01
  1.773E-01  2.101E-01  2.087E-01  1.818E-01  1.661E-01  1.699E-01  1.967E-01  1.863E-01  1.922E-01  1.989E-01
  1.834E-01  1.895E-01  1.851E-01  2.033E-01  1.730E-01  1.935E-01  1.876E-01  1.737E-01  1.696E-01  2.012E-01
  1.811E-01  1.777E-01  2.094E-01  1.655E-01  1.808E-01  1.814E-01  1.670E-01  1.692E-01  1.767E-01  1.993E-01
  1.714E-01  1.768E-01  2.017E-01  2.010E-01  2.122E-01  1.995E-01  1.916E-01  1.855E-01  1.994E-01  1.848E-01
  1.708E-01  1.833E-01  1.696E-01  1.827E-01  1.805E-01  1.696E-01  1.756E-01  1.939E-01  1.914E-01  2.074E-01
  2.128E-01  1.782E-01  2.098E-01  2.109E-01  2.050E-01  1.827E-01  1.853E-01  1.729E-01  1.899E-01  1.938E-01
  1.536E-01  1.650E-01  1.914E-01  1.923E-01  1.807E-01  1.828E-01  1.826E-01  2.201E-01  1.728E-01  1.993E-01
  2.126E-01  1.647E-01  1.563E-01  1.778E-01  1.946E-01  1.796E-01  1.655E-01  1.779E-01  1.743E-01  1.718E-01
  1.625E-01  1.741E-01  2.106E-01  1.917E-01  2.019E-01  1.943E-01  2.121E-01  2.078E-01  1.767E-01  1.757E-01
  1.881E-01  1.932E-01  1.951E-01  1.674E-01  1.885E-01  1.976E-01  2.160E-01  2.328E-01  1.894E-01  2.091E-01
  1.816E-01  2.119E-01  1.720E-01  1.951E-01  1.966E-01  1.888E-01  2.280E-01  1.878E-01  1.808E-01  1.990E-01
  1.718E-01  2.108E-01  1.794E-01  1.909E-01  2.429E-01  2.173E-01  1.910E-01  1.893E-01  2.100E-01  1.978E-01
  2.025E-01  2.660E-01  1.926E-01  1.959E-01  1.827E-01  2.016E-01  2.348E-01  2.185E-01  2.446E-01  2.094E-01
  2.295E-01  1.950E-01  1.914E-01  2.193E-01  2.183E-01  2.066E-01  2.050E-01  2.188E-01  1.868E-01  2.022E-01
  1.858E-01  1.588E-01  2.251E-01  2.164E-01  2.104E-01  1.987E-01  1.967E-01  2.079E-01  2.305E-01  2.168E-01
  2.198E-01  2.312E-01  2.159E-01  1.724E-01  1.717E-01  1.867E-01  1.971E-01  2.132E-01  1.905E-01  1.997E-01
  2.000E-01  2.047E-01  1.879E-01  1.855E-01  1.927E-01  2.063E-01  2.030E-01  2.334E-01  2.069E-01  2.569E-01
  2.094E-01  2.006E-01  1.924E-01  1.949E-01  2.073E-01  2.109E-01  2.170E-01  2.107E-01

#------------------------------------------------------------------------------
# gshow
#------------------------------------------------------------------------------

p: legs[c5*0.875]

hb:   line clip z  
frame:
 -7.9999814E-01 -1.6499925E+00
  8.0000186E-01 -1.6499925E+00
  8.0000186E-01  1.6500075E+00
 -7.9999814E-01  1.6500075E+00
clip:
 -8.94115672E-01 -1.74705108E+00
  8.94119622E-01 -1.74705108E+00
  8.94119622E-01 -1.64116873E+00
  8.94119622E-01 -1.53528638E+00
  8.94119622E-01 -1.42940402E+00
  8.94119622E-01 -1.32352167E+00
  8.94119622E-01 -1.21763932E+00
  8.94119622E-01 -1.11175697E+00
  8.94119622E-01 -1.00587461E+00
  8.94119622E-01 -8.99992259E-01
  8.94119622E-01 -7.94109906E-01
  8.94119622E-01 -6.88227553E-01
  8.94119622E-01 -5.82345200E-01
  8.94119622E-01 -4.76462847E-01
  8.94119622E-01 -3.70580495E-01
  8.94119622E-01 -2.64698142E-01
  8.94119622E-01 -1.58815789E-01
  8.94119622E-01 -5.29334357E-02
  8.94119622E-01  5.29489172E-02
  8.94119622E-01  1.58831270E-01
  8.94119622E-01  2.64713623E-01
  8.94119622E-01  3.70595976E-01
  8.94119622E-01  4.76478329E-01
  8.94119622E-01  5.82360682E-01
  8.94119622E-01  6.88243035E-01
  8.94119622E-01  7.94125388E-01
  8.94119622E-01  9.00007741E-01
  8.94119622E-01  1.00589009E+00
  8.94119622E-01  1.11177245E+00
  8.94119622E-01  1.21765480E+00
  8.94119622E-01  1.32353715E+00
  8.94119622E-01  1.42941951E+00
  8.94119622E-01  1.53530186E+00
  8.94119622E-01  1.64118421E+00
  8.94119622E-01  1.74706656E+00
  7.82354916E-01  1.74706656E+00
  6.70590211E-01  1.74706656E+00
  5.58825505E-01  1.74706656E+00
  4.47060799E-01  1.74706656E+00
  3.35296093E-01  1.74706656E+00
  2.23531387E-01  1.74706656E+00
  1.11766681E-01  1.74706656E+00
  1.97530848E-06  1.74706656E+00
 -1.11762731E-01  1.74706656E+00
 -2.23527436E-01  1.74706656E+00
 -3.35292142E-01  1.74706656E+00
 -4.47056848E-01  1.74706656E+00
 -5.58821554E-01  1.74706656E+00
 -6.70586260E-01  1.74706656E+00
 -7.82350966E-01  1.74706656E+00
 -8.94115672E-01  1.74706656E+00
 -8.94115672E-01  1.64118421E+00
 -8.94115672E-01  1.53530186E+00
 -8.94115672E-01  1.42941951E+00
 -8.94115672E-01  1.32353715E+00
 -8.94115672E-01  1.21765480E+00
 -8.94115672E-01  1.11177245E+00
 -8.94115672E-01  1.00589009E+00
 -8.94115672E-01  9.00007741E-01
 -8.94115672E-01  7.94125388E-01
 -8.94115672E-01  6.88243035E-01
 -8.94115672E-01  5.82360682E-01
 -8.94115672E-01  4.76478329E-01
 -8.94115672E-01  3.70595976E-01
 -8.94115672E-01  2.64713623E-01
 -8.94115672E-01  1.58831270E-01
 -8.94115672E-01  5.29489172E-02
 -8.94115672E-01 -5.29334357E-02
 -8.94115672E-01 -1.58815789E-01
 -8.94115672E-01 -2.64698142E-01
 -8.94115672E-01 -3.70580495E-01
 -8.94115672E-01 -4.76462847E-01
 -8.94115672E-01 -5.82345200E-01
 -8.94115672E-01 -6.88227553E-01
 -8.94115672E-01 -7.94109906E-01
 -8.94115672E-01 -8.99992259E-01
 -8.94115672E-01 -1.00587461E+00
 -8.94115672E-01 -1.11175697E+00
 -8.94115672E-01 -1.21763932E+00
 -8.94115672E-01 -1.32352167E+00
 -8.94115672E-01 -1.42940402E+00
 -8.94115672E-01 -1.53528638E+00
 -8.94115672E-01 -1.64116873E+00
 -8.94115672E-01 -1.74705108E+00

#------------------------------------------------------------------------------
z: xorg(1.03)
p: xfac[c2*0.05] form[c1/0.05] notc noxt noyt dmin(1)
p: ymin(0) ymax(1) xmin(0) xmax(1) cmin(1) cmax(100) nosp
hc: y= 0.005 to 0.995 by 0.01 ; x= 0.5 to 0.5 by 1 ;
 1  2  3  4  5  6  7  8  9 10 11 12 13 14 15 16 17 18 19 20
21 22 23 24 25 26 27 28 29 30 31 32 33 34 35 36 37 38 39 40
41 42 43 44 45 46 47 48 49 50 51 52 53 54 55 56 57 58 59 60
61 62 63 64 65 66 67 68 69 70 71 72 73 74 75 76 77 78 79 80
81 82 83 84 85 86 87 88 89 90 91 92 93 94 95 96 97 98 99 100
z: xorg(0.0)
p: xfac[c2*0.05] form[c1/0.05] nosp afac[c5*0.625] ymin[c3] ymax[c4]
p: noxt noxn ytxt(-1) ynum(-1) xltd(-1) xstd(-1) itic(1) ylog
y: Relative Error
#------------------------------------------------------------------------------

wt: s[c5]
\vspace{-3}
  zmin  &=&   9.8430E+01 [cm]
  zmax  &=&   9.8480E+01 [cm]
  part. &=& photon  
e:

#------------------------------------------------------------------------------
z: xorg[-1.03/0.05]
p: form[c1] xfac[c2] afac[c5] nosp notf
p: xmin(-0.8000000    ) xmax( 0.8000000    )
p: ymin( -1.650000    ) ymax(  1.650000    )

#------------------------------------------------------------------------------
 newpage:
#   no. =  5   iz  =  3   part. = proton  
#   z = (   9.8480E+01  -   9.8530E+01  )

'no. =  5,  iz =  3'
msuc: {\huge Dosis xy}
msdr: {\it plotted by \ANGEL \version}
msdl: {\it calculated by \PHITS  3.36}

x: x [cm]
y: y [cm]
set: c1[ 2.062] c2[ 0.627] c5[ 0.800] c6[ 0.743] c7[ 0.708] c8[ 0.000]
p: h2fs form[c1] xfac[c2] afac[c5] scal[c6] xorg[c7] yorg[c8] nosp
set: c3[1.0e-4] c4[1.0]
p: cmin[c3] cmax[c4]
p: dmin(1e-31)
p: zlog
p: xmin(-0.8000000    ) xmax( 0.8000000    )
p: ymin( -1.650000    ) ymax(  1.650000    )
#  ny =  33   nx =  16
# ( ( data(x,y), x = 1, nx ), y = ny, 1, -1 )

hc:  y =   1.600000     to  -1.600000     by  0.1000000     ; x = -0.7500000     to  0.7500000     by  0.1000000     ;
  7.557E-01  7.024E-01  0.000E+00  0.000E+00  0.000E+00  1.000E+00  0.000E+00  1.000E+00  0.000E+00  0.000E+00
  0.000E+00  0.000E+00  1.000E+00  0.000E+00  0.000E+00  0.000E+00  8.989E-01  1.000E+00  7.189E-01  1.000E+00
  1.000E+00  1.000E+00  0.000E+00  1.000E+00  0.000E+00  0.000E+00  0.000E+00  0.000E+00  1.000E+00  7.574E-01
  1.000E+00  0.000E+00  1.000E+00  1.000E+00  0.000E+00  0.000E+00  1.000E+00  9.001E-01  1.000E+00  0.000E+00
  0.000E+00  1.000E+00  1.000E+00  0.000E+00  0.000E+00  0.000E+00  1.000E+00  0.000E+00  9.187E-01  1.000E+00
  0.000E+00  0.000E+00  7.659E-01  9.819E-01  7.666E-01  0.000E+00  0.000E+00  0.000E+00  1.000E+00  0.000E+00
  0.000E+00  0.000E+00  1.000E+00  0.000E+00  1.000E+00  0.000E+00  0.000E+00  1.000E+00  1.000E+00  0.000E+00
  0.000E+00  1.000E+00  0.000E+00  0.000E+00  0.000E+00  0.000E+00  0.000E+00  0.000E+00  1.000E+00  1.000E+00
  1.000E+00  0.000E+00  0.000E+00  1.000E+00  0.000E+00  0.000E+00  0.000E+00  0.000E+00  0.000E+00  1.000E+00
  0.000E+00  0.000E+00  0.000E+00  0.000E+00  0.000E+00  0.000E+00  0.000E+00  0.000E+00  0.000E+00  9.114E-01
  1.000E+00  1.000E+00  0.000E+00  0.000E+00  1.000E+00  1.000E+00  0.000E+00  1.000E+00  0.000E+00  0.000E+00
  1.000E+00  7.700E-01  0.000E+00  0.000E+00  0.000E+00  1.000E+00  0.000E+00  0.000E+00  1.000E+00  1.000E+00
  0.000E+00  1.000E+00  1.000E+00  1.000E+00  0.000E+00  0.000E+00  0.000E+00  0.000E+00  0.000E+00  0.000E+00
  0.000E+00  0.000E+00  0.000E+00  0.000E+00  0.000E+00  1.000E+00  1.000E+00  1.000E+00  0.000E+00  1.000E+00
  1.000E+00  0.000E+00  1.000E+00  0.000E+00  1.000E+00  0.000E+00  0.000E+00  0.000E+00  0.000E+00  1.000E+00
  0.000E+00  0.000E+00  0.000E+00  1.000E+00  0.000E+00  0.000E+00  0.000E+00  0.000E+00  0.000E+00  0.000E+00
  1.000E+00  0.000E+00  0.000E+00  0.000E+00  0.000E+00  0.000E+00  0.000E+00  0.000E+00  1.000E+00  9.214E-01
  1.000E+00  1.000E+00  0.000E+00  1.000E+00  0.000E+00  0.000E+00  1.000E+00  0.000E+00  0.000E+00  0.000E+00
  0.000E+00  0.000E+00  0.000E+00  0.000E+00  0.000E+00  0.000E+00  8.125E-01  0.000E+00  0.000E+00  1.000E+00
  1.000E+00  0.000E+00  1.000E+00  0.000E+00  0.000E+00  0.000E+00  0.000E+00  0.000E+00  0.000E+00  1.000E+00
  0.000E+00  0.000E+00  6.346E-01  1.000E+00  0.000E+00  0.000E+00  8.187E-01  1.000E+00  1.000E+00  1.000E+00
  0.000E+00  1.000E+00  1.000E+00  0.000E+00  1.000E+00  9.647E-01  0.000E+00  0.000E+00  1.000E+00  8.246E-01
  0.000E+00  0.000E+00  0.000E+00  1.000E+00  7.205E-01  1.000E+00  0.000E+00  0.000E+00  0.000E+00  0.000E+00
  8.632E-01  0.000E+00  6.279E-01  1.000E+00  8.065E-01  8.682E-01  5.980E-01  8.938E-01  7.203E-01  1.000E+00
  9.050E-01  1.000E+00  1.000E+00  7.160E-01  1.000E+00  6.318E-01  5.060E-01  7.415E-02  7.160E-02  6.803E-01
  0.000E+00  0.000E+00  1.000E+00  1.000E+00  9.956E-01  0.000E+00  0.000E+00  0.000E+00  0.000E+00  0.000E+00
  1.000E+00  1.000E+00  3.427E-01  2.261E-02  2.264E-02  2.975E-01  0.000E+00  0.000E+00  0.000E+00  1.000E+00
  1.000E+00  0.000E+00  1.000E+00  0.000E+00  0.000E+00  0.000E+00  7.203E-01  0.000E+00  1.000E+00  7.833E-02
  7.558E-02  1.000E+00  0.000E+00  0.000E+00  0.000E+00  0.000E+00  1.000E+00  0.000E+00  0.000E+00  0.000E+00
  0.000E+00  0.000E+00  7.961E-01  1.000E+00  1.000E+00  8.150E-01  1.000E+00  1.000E+00  1.000E+00  0.000E+00
  0.000E+00  0.000E+00  0.000E+00  0.000E+00  0.000E+00  0.000E+00  0.000E+00  1.000E+00  0.000E+00  0.000E+00
  0.000E+00  0.000E+00  0.000E+00  7.319E-01  1.000E+00  1.000E+00  0.000E+00  0.000E+00  0.000E+00  0.000E+00
  0.000E+00  0.000E+00  0.000E+00  7.114E-01  9.512E-01  7.964E-01  0.000E+00  0.000E+00  8.335E-01  1.000E+00
  1.000E+00  1.000E+00  1.000E+00  0.000E+00  0.000E+00  0.000E+00  0.000E+00  0.000E+00  0.000E+00  0.000E+00
  7.387E-01  7.470E-01  0.000E+00  0.000E+00  9.068E-01  1.000E+00  1.000E+00  1.000E+00  1.000E+00  0.000E+00
  0.000E+00  1.000E+00  7.965E-01  7.743E-01  1.000E+00  1.000E+00  0.000E+00  0.000E+00  0.000E+00  0.000E+00
  0.000E+00  1.000E+00  7.766E-01  1.000E+00  0.000E+00  0.000E+00  0.000E+00  1.000E+00  1.000E+00  1.000E+00
  0.000E+00  1.000E+00  0.000E+00  0.000E+00  0.000E+00  0.000E+00  7.861E-01  8.955E-01  9.129E-01  0.000E+00
  0.000E+00  0.000E+00  1.000E+00  0.000E+00  0.000E+00  0.000E+00  0.000E+00  1.000E+00  1.000E+00  1.000E+00
  0.000E+00  1.000E+00  1.000E+00  0.000E+00  8.486E-01  0.000E+00  0.000E+00  1.000E+00  1.000E+00  0.000E+00
  0.000E+00  0.000E+00  1.000E+00  9.400E-01  9.648E-01  1.000E+00  0.000E+00  0.000E+00  0.000E+00  0.000E+00
  0.000E+00  1.000E+00  0.000E+00  0.000E+00  1.000E+00  1.000E+00  0.000E+00  1.000E+00  1.000E+00  0.000E+00
  8.032E-01  1.000E+00  0.000E+00  1.000E+00  0.000E+00  1.000E+00  0.000E+00  0.000E+00  0.000E+00  0.000E+00
  0.000E+00  0.000E+00  1.000E+00  7.153E-01  0.000E+00  1.000E+00  0.000E+00  1.000E+00  0.000E+00  1.000E+00
  1.000E+00  1.000E+00  0.000E+00  0.000E+00  0.000E+00  0.000E+00  0.000E+00  0.000E+00  0.000E+00  1.000E+00
  0.000E+00  0.000E+00  0.000E+00  1.000E+00  0.000E+00  1.000E+00  1.000E+00  0.000E+00  1.000E+00  1.000E+00
  0.000E+00  0.000E+00  0.000E+00  0.000E+00  0.000E+00  0.000E+00  0.000E+00  1.000E+00  0.000E+00  1.000E+00
  0.000E+00  0.000E+00  0.000E+00  0.000E+00  1.000E+00  0.000E+00  0.000E+00  1.000E+00  0.000E+00  1.000E+00
  0.000E+00  1.000E+00  0.000E+00  1.000E+00  0.000E+00  1.000E+00  1.000E+00  0.000E+00  1.000E+00  0.000E+00
  0.000E+00  0.000E+00  0.000E+00  1.000E+00  1.000E+00  7.435E-01  1.000E+00  0.000E+00  7.416E-01  7.869E-01
  7.481E-01  9.319E-01  0.000E+00  0.000E+00  7.261E-01  0.000E+00  0.000E+00  0.000E+00  0.000E+00  6.821E-01
  1.000E+00  0.000E+00  0.000E+00  1.000E+00  1.000E+00  0.000E+00  7.140E-01  9.358E-01  7.404E-01  0.000E+00
  1.000E+00  0.000E+00  0.000E+00  1.000E+00  1.000E+00  0.000E+00  0.000E+00  0.000E+00

#------------------------------------------------------------------------------
# gshow
#------------------------------------------------------------------------------

p: legs[c5*0.875]

hb:   line clip z  
frame:
 -7.9999814E-01 -1.6499925E+00
  8.0000186E-01 -1.6499925E+00
  8.0000186E-01  1.6500075E+00
 -7.9999814E-01  1.6500075E+00
clip:
 -8.94115672E-01 -1.74705108E+00
  8.94119622E-01 -1.74705108E+00
  8.94119622E-01 -1.64116873E+00
  8.94119622E-01 -1.53528638E+00
  8.94119622E-01 -1.42940402E+00
  8.94119622E-01 -1.32352167E+00
  8.94119622E-01 -1.21763932E+00
  8.94119622E-01 -1.11175697E+00
  8.94119622E-01 -1.00587461E+00
  8.94119622E-01 -8.99992259E-01
  8.94119622E-01 -7.94109906E-01
  8.94119622E-01 -6.88227553E-01
  8.94119622E-01 -5.82345200E-01
  8.94119622E-01 -4.76462847E-01
  8.94119622E-01 -3.70580495E-01
  8.94119622E-01 -2.64698142E-01
  8.94119622E-01 -1.58815789E-01
  8.94119622E-01 -5.29334357E-02
  8.94119622E-01  5.29489172E-02
  8.94119622E-01  1.58831270E-01
  8.94119622E-01  2.64713623E-01
  8.94119622E-01  3.70595976E-01
  8.94119622E-01  4.76478329E-01
  8.94119622E-01  5.82360682E-01
  8.94119622E-01  6.88243035E-01
  8.94119622E-01  7.94125388E-01
  8.94119622E-01  9.00007741E-01
  8.94119622E-01  1.00589009E+00
  8.94119622E-01  1.11177245E+00
  8.94119622E-01  1.21765480E+00
  8.94119622E-01  1.32353715E+00
  8.94119622E-01  1.42941951E+00
  8.94119622E-01  1.53530186E+00
  8.94119622E-01  1.64118421E+00
  8.94119622E-01  1.74706656E+00
  7.82354916E-01  1.74706656E+00
  6.70590211E-01  1.74706656E+00
  5.58825505E-01  1.74706656E+00
  4.47060799E-01  1.74706656E+00
  3.35296093E-01  1.74706656E+00
  2.23531387E-01  1.74706656E+00
  1.11766681E-01  1.74706656E+00
  1.97530848E-06  1.74706656E+00
 -1.11762731E-01  1.74706656E+00
 -2.23527436E-01  1.74706656E+00
 -3.35292142E-01  1.74706656E+00
 -4.47056848E-01  1.74706656E+00
 -5.58821554E-01  1.74706656E+00
 -6.70586260E-01  1.74706656E+00
 -7.82350966E-01  1.74706656E+00
 -8.94115672E-01  1.74706656E+00
 -8.94115672E-01  1.64118421E+00
 -8.94115672E-01  1.53530186E+00
 -8.94115672E-01  1.42941951E+00
 -8.94115672E-01  1.32353715E+00
 -8.94115672E-01  1.21765480E+00
 -8.94115672E-01  1.11177245E+00
 -8.94115672E-01  1.00589009E+00
 -8.94115672E-01  9.00007741E-01
 -8.94115672E-01  7.94125388E-01
 -8.94115672E-01  6.88243035E-01
 -8.94115672E-01  5.82360682E-01
 -8.94115672E-01  4.76478329E-01
 -8.94115672E-01  3.70595976E-01
 -8.94115672E-01  2.64713623E-01
 -8.94115672E-01  1.58831270E-01
 -8.94115672E-01  5.29489172E-02
 -8.94115672E-01 -5.29334357E-02
 -8.94115672E-01 -1.58815789E-01
 -8.94115672E-01 -2.64698142E-01
 -8.94115672E-01 -3.70580495E-01
 -8.94115672E-01 -4.76462847E-01
 -8.94115672E-01 -5.82345200E-01
 -8.94115672E-01 -6.88227553E-01
 -8.94115672E-01 -7.94109906E-01
 -8.94115672E-01 -8.99992259E-01
 -8.94115672E-01 -1.00587461E+00
 -8.94115672E-01 -1.11175697E+00
 -8.94115672E-01 -1.21763932E+00
 -8.94115672E-01 -1.32352167E+00
 -8.94115672E-01 -1.42940402E+00
 -8.94115672E-01 -1.53528638E+00
 -8.94115672E-01 -1.64116873E+00
 -8.94115672E-01 -1.74705108E+00

#------------------------------------------------------------------------------
z: xorg(1.03)
p: xfac[c2*0.05] form[c1/0.05] notc noxt noyt dmin(1)
p: ymin(0) ymax(1) xmin(0) xmax(1) cmin(1) cmax(100) nosp
hc: y= 0.005 to 0.995 by 0.01 ; x= 0.5 to 0.5 by 1 ;
 1  2  3  4  5  6  7  8  9 10 11 12 13 14 15 16 17 18 19 20
21 22 23 24 25 26 27 28 29 30 31 32 33 34 35 36 37 38 39 40
41 42 43 44 45 46 47 48 49 50 51 52 53 54 55 56 57 58 59 60
61 62 63 64 65 66 67 68 69 70 71 72 73 74 75 76 77 78 79 80
81 82 83 84 85 86 87 88 89 90 91 92 93 94 95 96 97 98 99 100
z: xorg(0.0)
p: xfac[c2*0.05] form[c1/0.05] nosp afac[c5*0.625] ymin[c3] ymax[c4]
p: noxt noxn ytxt(-1) ynum(-1) xltd(-1) xstd(-1) itic(1) ylog
y: Relative Error
#------------------------------------------------------------------------------

wt: s[c5]
\vspace{-3}
  zmin  &=&   9.8480E+01 [cm]
  zmax  &=&   9.8530E+01 [cm]
  part. &=& proton  
e:

#------------------------------------------------------------------------------
z: xorg[-1.03/0.05]
p: form[c1] xfac[c2] afac[c5] nosp notf
p: xmin(-0.8000000    ) xmax( 0.8000000    )
p: ymin( -1.650000    ) ymax(  1.650000    )

#------------------------------------------------------------------------------
 newpage:
#   no. =  6   iz  =  3   part. = photon  
#   z = (   9.8480E+01  -   9.8530E+01  )

'no. =  6,  iz =  3'
msuc: {\huge Dosis xy}
msdr: {\it plotted by \ANGEL \version}
msdl: {\it calculated by \PHITS  3.36}

x: x [cm]
y: y [cm]
set: c1[ 2.062] c2[ 0.627] c5[ 0.800] c6[ 0.743] c7[ 0.708] c8[ 0.000]
p: h2fs form[c1] xfac[c2] afac[c5] scal[c6] xorg[c7] yorg[c8] nosp
set: c3[1.0e-4] c4[1.0]
p: cmin[c3] cmax[c4]
p: dmin(1e-31)
p: zlog
p: xmin(-0.8000000    ) xmax( 0.8000000    )
p: ymin( -1.650000    ) ymax(  1.650000    )
#  ny =  33   nx =  16
# ( ( data(x,y), x = 1, nx ), y = ny, 1, -1 )

hc:  y =   1.600000     to  -1.600000     by  0.1000000     ; x = -0.7500000     to  0.7500000     by  0.1000000     ;
  2.574E-01  2.212E-01  2.329E-01  2.003E-01  1.741E-01  1.990E-01  1.849E-01  2.060E-01  2.007E-01  1.792E-01
  2.133E-01  2.050E-01  2.400E-01  2.286E-01  2.080E-01  2.541E-01  2.088E-01  1.922E-01  1.883E-01  1.983E-01
  2.245E-01  2.186E-01  2.395E-01  2.041E-01  2.400E-01  1.870E-01  2.201E-01  2.253E-01  2.222E-01  2.156E-01
  2.192E-01  2.222E-01  1.919E-01  2.062E-01  1.988E-01  2.223E-01  2.261E-01  2.313E-01  2.004E-01  1.706E-01
  2.103E-01  2.273E-01  2.280E-01  2.026E-01  2.109E-01  2.118E-01  2.103E-01  2.056E-01  1.752E-01  2.280E-01
  2.069E-01  1.788E-01  1.972E-01  2.068E-01  2.048E-01  1.900E-01  2.046E-01  2.926E-01  1.968E-01  1.869E-01
  2.096E-01  2.103E-01  2.002E-01  1.973E-01  2.140E-01  1.835E-01  2.012E-01  2.169E-01  2.020E-01  2.018E-01
  1.903E-01  1.999E-01  1.945E-01  1.833E-01  2.215E-01  1.983E-01  1.953E-01  1.814E-01  2.418E-01  2.273E-01
  1.801E-01  1.812E-01  1.905E-01  1.928E-01  1.868E-01  1.841E-01  1.623E-01  2.083E-01  2.130E-01  2.090E-01
  2.097E-01  1.822E-01  1.775E-01  1.737E-01  2.120E-01  2.156E-01  1.913E-01  2.401E-01  2.045E-01  1.900E-01
  1.943E-01  2.121E-01  1.865E-01  1.695E-01  1.857E-01  1.673E-01  1.656E-01  2.184E-01  1.906E-01  1.862E-01
  1.759E-01  1.834E-01  2.183E-01  2.503E-01  1.852E-01  1.776E-01  1.849E-01  1.630E-01  2.012E-01  1.817E-01
  2.049E-01  2.011E-01  1.937E-01  2.026E-01  1.924E-01  1.802E-01  1.862E-01  2.046E-01  1.934E-01  2.306E-01
  2.046E-01  1.901E-01  1.834E-01  1.773E-01  2.226E-01  1.900E-01  1.749E-01  1.915E-01  2.103E-01  1.886E-01
  2.208E-01  1.980E-01  1.807E-01  1.799E-01  1.748E-01  1.919E-01  2.244E-01  1.972E-01  2.050E-01  1.880E-01
  1.804E-01  2.041E-01  1.587E-01  1.779E-01  2.083E-01  2.116E-01  1.967E-01  1.898E-01  2.030E-01  1.838E-01
  1.887E-01  2.167E-01  1.812E-01  1.983E-01  1.650E-01  1.776E-01  1.699E-01  1.884E-01  2.043E-01  2.050E-01
  2.062E-01  2.093E-01  2.177E-01  1.957E-01  2.215E-01  2.141E-01  1.917E-01  1.992E-01  1.626E-01  1.637E-01
  1.665E-01  1.919E-01  1.695E-01  1.661E-01  1.630E-01  2.108E-01  2.199E-01  2.279E-01  1.975E-01  1.983E-01
  1.945E-01  1.731E-01  1.866E-01  1.905E-01  1.752E-01  1.758E-01  2.013E-01  1.993E-01  1.650E-01  2.061E-01
  2.173E-01  1.929E-01  1.836E-01  1.932E-01  1.699E-01  1.755E-01  1.668E-01  2.056E-01  1.858E-01  1.919E-01
  1.929E-01  1.944E-01  2.229E-01  1.900E-01  1.670E-01  1.950E-01  1.685E-01  2.019E-01  2.043E-01  1.805E-01
  1.678E-01  1.667E-01  1.796E-01  1.676E-01  2.149E-01  1.835E-01  1.647E-01  1.817E-01  1.753E-01  1.750E-01
  1.862E-01  1.782E-01  1.742E-01  1.800E-01  1.759E-01  1.559E-01  1.688E-01  1.815E-01  1.815E-01  1.838E-01
  1.711E-01  2.404E-01  2.013E-01  1.966E-01  1.946E-01  2.048E-01  1.952E-01  1.828E-01  2.022E-01  1.785E-01
  1.783E-01  1.796E-01  2.004E-01  1.771E-01  1.775E-01  1.700E-01  1.714E-01  2.028E-01  1.822E-01  2.016E-01
  1.995E-01  2.215E-01  1.725E-01  1.922E-01  1.694E-01  1.726E-01  1.617E-01  1.758E-01  1.820E-01  1.825E-01
  1.957E-01  2.009E-01  1.750E-01  2.281E-01  1.863E-01  1.959E-01  1.757E-01  1.783E-01  1.704E-01  1.819E-01
  1.753E-01  1.703E-01  1.702E-01  1.586E-01  1.947E-01  1.680E-01  2.093E-01  1.749E-01  1.873E-01  1.985E-01
  1.730E-01  1.786E-01  1.874E-01  1.651E-01  1.993E-01  2.017E-01  1.741E-01  1.889E-01  1.756E-01  1.770E-01
  1.654E-01  1.747E-01  1.961E-01  1.744E-01  1.761E-01  1.626E-01  1.757E-01  1.860E-01  1.705E-01  1.680E-01
  2.104E-01  1.824E-01  1.846E-01  1.836E-01  1.727E-01  1.542E-01  1.711E-01  1.820E-01  1.888E-01  1.624E-01
  1.974E-01  1.680E-01  1.761E-01  1.884E-01  2.066E-01  1.849E-01  1.877E-01  2.015E-01  1.874E-01  1.780E-01
  2.197E-01  2.106E-01  1.948E-01  1.773E-01  1.710E-01  1.740E-01  1.728E-01  1.873E-01  1.939E-01  2.146E-01
  1.860E-01  1.712E-01  1.778E-01  1.975E-01  1.873E-01  2.063E-01  1.953E-01  1.679E-01  1.860E-01  1.937E-01
  1.768E-01  1.886E-01  2.153E-01  1.802E-01  1.794E-01  1.969E-01  2.072E-01  1.910E-01  2.117E-01  1.921E-01
  1.832E-01  1.775E-01  1.966E-01  1.900E-01  1.882E-01  1.972E-01  1.815E-01  1.912E-01  2.116E-01  2.075E-01
  2.090E-01  2.036E-01  1.971E-01  1.851E-01  1.982E-01  1.842E-01  1.673E-01  1.907E-01  1.711E-01  2.042E-01
  2.060E-01  1.900E-01  1.958E-01  2.193E-01  2.168E-01  2.515E-01  2.099E-01  1.778E-01  1.945E-01  1.857E-01
  2.044E-01  2.198E-01  1.787E-01  1.917E-01  1.764E-01  1.910E-01  1.691E-01  1.847E-01  2.136E-01  2.060E-01
  2.357E-01  1.919E-01  2.035E-01  1.828E-01  2.090E-01  2.149E-01  1.793E-01  1.899E-01  1.822E-01  1.986E-01
  1.900E-01  1.829E-01  1.865E-01  2.036E-01  1.901E-01  1.975E-01  2.023E-01  2.176E-01  2.288E-01  1.972E-01
  1.987E-01  1.665E-01  1.885E-01  1.773E-01  2.048E-01  1.757E-01  1.715E-01  1.779E-01  1.796E-01  1.854E-01
  1.719E-01  1.900E-01  2.655E-01  1.997E-01  1.899E-01  2.139E-01  1.848E-01  2.306E-01  1.826E-01  1.902E-01
  2.325E-01  1.957E-01  2.097E-01  1.773E-01  1.850E-01  1.978E-01  2.161E-01  2.215E-01  2.002E-01  2.053E-01
  1.924E-01  2.133E-01  1.874E-01  1.843E-01  1.715E-01  1.998E-01  2.063E-01  1.882E-01  1.905E-01  1.822E-01
  1.745E-01  2.199E-01  2.091E-01  1.945E-01  2.432E-01  2.498E-01  2.090E-01  1.796E-01  2.067E-01  1.931E-01
  2.301E-01  2.036E-01  1.880E-01  1.848E-01  1.833E-01  2.070E-01  1.913E-01  2.346E-01  2.494E-01  2.446E-01
  2.352E-01  2.090E-01  2.031E-01  2.038E-01  2.540E-01  2.268E-01  2.146E-01  2.579E-01  1.940E-01  2.096E-01
  2.256E-01  1.796E-01  2.168E-01  2.310E-01  2.832E-01  1.950E-01  1.946E-01  2.298E-01  2.138E-01  2.296E-01
  1.976E-01  2.353E-01  2.135E-01  1.787E-01  1.783E-01  2.003E-01  1.868E-01  2.026E-01  2.134E-01  2.312E-01
  2.426E-01  2.474E-01  2.116E-01  1.965E-01  1.952E-01  2.149E-01  1.886E-01  2.545E-01  1.979E-01  2.257E-01
  2.079E-01  2.141E-01  1.830E-01  1.766E-01  2.007E-01  2.232E-01  2.300E-01  2.192E-01

#------------------------------------------------------------------------------
# gshow
#------------------------------------------------------------------------------

p: legs[c5*0.875]

hb:   line clip z  
frame:
 -7.9999814E-01 -1.6499925E+00
  8.0000186E-01 -1.6499925E+00
  8.0000186E-01  1.6500075E+00
 -7.9999814E-01  1.6500075E+00
clip:
 -8.94115672E-01 -1.74705108E+00
  8.94119622E-01 -1.74705108E+00
  8.94119622E-01 -1.64116873E+00
  8.94119622E-01 -1.53528638E+00
  8.94119622E-01 -1.42940402E+00
  8.94119622E-01 -1.32352167E+00
  8.94119622E-01 -1.21763932E+00
  8.94119622E-01 -1.11175697E+00
  8.94119622E-01 -1.00587461E+00
  8.94119622E-01 -8.99992259E-01
  8.94119622E-01 -7.94109906E-01
  8.94119622E-01 -6.88227553E-01
  8.94119622E-01 -5.82345200E-01
  8.94119622E-01 -4.76462847E-01
  8.94119622E-01 -3.70580495E-01
  8.94119622E-01 -2.64698142E-01
  8.94119622E-01 -1.58815789E-01
  8.94119622E-01 -5.29334357E-02
  8.94119622E-01  5.29489172E-02
  8.94119622E-01  1.58831270E-01
  8.94119622E-01  2.64713623E-01
  8.94119622E-01  3.70595976E-01
  8.94119622E-01  4.76478329E-01
  8.94119622E-01  5.82360682E-01
  8.94119622E-01  6.88243035E-01
  8.94119622E-01  7.94125388E-01
  8.94119622E-01  9.00007741E-01
  8.94119622E-01  1.00589009E+00
  8.94119622E-01  1.11177245E+00
  8.94119622E-01  1.21765480E+00
  8.94119622E-01  1.32353715E+00
  8.94119622E-01  1.42941951E+00
  8.94119622E-01  1.53530186E+00
  8.94119622E-01  1.64118421E+00
  8.94119622E-01  1.74706656E+00
  7.82354916E-01  1.74706656E+00
  6.70590211E-01  1.74706656E+00
  5.58825505E-01  1.74706656E+00
  4.47060799E-01  1.74706656E+00
  3.35296093E-01  1.74706656E+00
  2.23531387E-01  1.74706656E+00
  1.11766681E-01  1.74706656E+00
  1.97530848E-06  1.74706656E+00
 -1.11762731E-01  1.74706656E+00
 -2.23527436E-01  1.74706656E+00
 -3.35292142E-01  1.74706656E+00
 -4.47056848E-01  1.74706656E+00
 -5.58821554E-01  1.74706656E+00
 -6.70586260E-01  1.74706656E+00
 -7.82350966E-01  1.74706656E+00
 -8.94115672E-01  1.74706656E+00
 -8.94115672E-01  1.64118421E+00
 -8.94115672E-01  1.53530186E+00
 -8.94115672E-01  1.42941951E+00
 -8.94115672E-01  1.32353715E+00
 -8.94115672E-01  1.21765480E+00
 -8.94115672E-01  1.11177245E+00
 -8.94115672E-01  1.00589009E+00
 -8.94115672E-01  9.00007741E-01
 -8.94115672E-01  7.94125388E-01
 -8.94115672E-01  6.88243035E-01
 -8.94115672E-01  5.82360682E-01
 -8.94115672E-01  4.76478329E-01
 -8.94115672E-01  3.70595976E-01
 -8.94115672E-01  2.64713623E-01
 -8.94115672E-01  1.58831270E-01
 -8.94115672E-01  5.29489172E-02
 -8.94115672E-01 -5.29334357E-02
 -8.94115672E-01 -1.58815789E-01
 -8.94115672E-01 -2.64698142E-01
 -8.94115672E-01 -3.70580495E-01
 -8.94115672E-01 -4.76462847E-01
 -8.94115672E-01 -5.82345200E-01
 -8.94115672E-01 -6.88227553E-01
 -8.94115672E-01 -7.94109906E-01
 -8.94115672E-01 -8.99992259E-01
 -8.94115672E-01 -1.00587461E+00
 -8.94115672E-01 -1.11175697E+00
 -8.94115672E-01 -1.21763932E+00
 -8.94115672E-01 -1.32352167E+00
 -8.94115672E-01 -1.42940402E+00
 -8.94115672E-01 -1.53528638E+00
 -8.94115672E-01 -1.64116873E+00
 -8.94115672E-01 -1.74705108E+00

#------------------------------------------------------------------------------
z: xorg(1.03)
p: xfac[c2*0.05] form[c1/0.05] notc noxt noyt dmin(1)
p: ymin(0) ymax(1) xmin(0) xmax(1) cmin(1) cmax(100) nosp
hc: y= 0.005 to 0.995 by 0.01 ; x= 0.5 to 0.5 by 1 ;
 1  2  3  4  5  6  7  8  9 10 11 12 13 14 15 16 17 18 19 20
21 22 23 24 25 26 27 28 29 30 31 32 33 34 35 36 37 38 39 40
41 42 43 44 45 46 47 48 49 50 51 52 53 54 55 56 57 58 59 60
61 62 63 64 65 66 67 68 69 70 71 72 73 74 75 76 77 78 79 80
81 82 83 84 85 86 87 88 89 90 91 92 93 94 95 96 97 98 99 100
z: xorg(0.0)
p: xfac[c2*0.05] form[c1/0.05] nosp afac[c5*0.625] ymin[c3] ymax[c4]
p: noxt noxn ytxt(-1) ynum(-1) xltd(-1) xstd(-1) itic(1) ylog
y: Relative Error
#------------------------------------------------------------------------------

wt: s[c5]
\vspace{-3}
  zmin  &=&   9.8480E+01 [cm]
  zmax  &=&   9.8530E+01 [cm]
  part. &=& photon  
e:

#------------------------------------------------------------------------------
z: xorg[-1.03/0.05]
p: form[c1] xfac[c2] afac[c5] nosp notf
p: xmin(-0.8000000    ) xmax( 0.8000000    )
p: ymin( -1.650000    ) ymax(  1.650000    )

#------------------------------------------------------------------------------
 newpage:
#   no. =  7   iz  =  4   part. = proton  
#   z = (   9.8530E+01  -   9.8580E+01  )

'no. =  7,  iz =  4'
msuc: {\huge Dosis xy}
msdr: {\it plotted by \ANGEL \version}
msdl: {\it calculated by \PHITS  3.36}

x: x [cm]
y: y [cm]
set: c1[ 2.062] c2[ 0.627] c5[ 0.800] c6[ 0.743] c7[ 0.708] c8[ 0.000]
p: h2fs form[c1] xfac[c2] afac[c5] scal[c6] xorg[c7] yorg[c8] nosp
set: c3[1.0e-4] c4[1.0]
p: cmin[c3] cmax[c4]
p: dmin(1e-31)
p: zlog
p: xmin(-0.8000000    ) xmax( 0.8000000    )
p: ymin( -1.650000    ) ymax(  1.650000    )
#  ny =  33   nx =  16
# ( ( data(x,y), x = 1, nx ), y = ny, 1, -1 )

hc:  y =   1.600000     to  -1.600000     by  0.1000000     ; x = -0.7500000     to  0.7500000     by  0.1000000     ;
  7.072E-01  6.811E-01  0.000E+00  1.000E+00  1.000E+00  1.000E+00  0.000E+00  7.767E-01  1.000E+00  0.000E+00
  0.000E+00  0.000E+00  1.000E+00  5.115E-01  7.896E-01  1.000E+00  0.000E+00  0.000E+00  7.072E-01  1.000E+00
  1.000E+00  1.000E+00  0.000E+00  9.500E-01  0.000E+00  0.000E+00  0.000E+00  0.000E+00  0.000E+00  9.187E-01
  0.000E+00  1.000E+00  1.000E+00  0.000E+00  1.000E+00  0.000E+00  1.000E+00  0.000E+00  0.000E+00  0.000E+00
  1.000E+00  1.000E+00  0.000E+00  0.000E+00  0.000E+00  0.000E+00  0.000E+00  0.000E+00  8.740E-01  1.000E+00
  0.000E+00  0.000E+00  1.000E+00  1.000E+00  9.572E-01  0.000E+00  1.000E+00  0.000E+00  0.000E+00  0.000E+00
  0.000E+00  0.000E+00  0.000E+00  0.000E+00  0.000E+00  0.000E+00  0.000E+00  0.000E+00  8.104E-01  1.000E+00
  1.000E+00  8.968E-01  1.000E+00  0.000E+00  0.000E+00  0.000E+00  0.000E+00  1.000E+00  1.000E+00  0.000E+00
  1.000E+00  0.000E+00  0.000E+00  1.000E+00  0.000E+00  1.000E+00  0.000E+00  1.000E+00  0.000E+00  1.000E+00
  1.000E+00  1.000E+00  0.000E+00  0.000E+00  0.000E+00  1.000E+00  0.000E+00  0.000E+00  0.000E+00  7.625E-01
  1.000E+00  9.392E-01  1.000E+00  0.000E+00  0.000E+00  0.000E+00  0.000E+00  1.000E+00  0.000E+00  0.000E+00
  1.000E+00  1.000E+00  0.000E+00  0.000E+00  0.000E+00  0.000E+00  1.000E+00  1.000E+00  1.000E+00  0.000E+00
  0.000E+00  0.000E+00  0.000E+00  0.000E+00  0.000E+00  0.000E+00  0.000E+00  0.000E+00  0.000E+00  0.000E+00
  0.000E+00  0.000E+00  0.000E+00  0.000E+00  1.000E+00  1.000E+00  0.000E+00  0.000E+00  0.000E+00  0.000E+00
  1.000E+00  0.000E+00  1.000E+00  0.000E+00  0.000E+00  0.000E+00  0.000E+00  0.000E+00  1.000E+00  9.127E-01
  1.000E+00  0.000E+00  0.000E+00  0.000E+00  0.000E+00  0.000E+00  1.000E+00  0.000E+00  0.000E+00  0.000E+00
  1.000E+00  1.000E+00  0.000E+00  0.000E+00  0.000E+00  0.000E+00  0.000E+00  0.000E+00  1.000E+00  0.000E+00
  0.000E+00  9.377E-01  1.000E+00  1.000E+00  0.000E+00  0.000E+00  1.000E+00  1.000E+00  0.000E+00  0.000E+00
  0.000E+00  0.000E+00  0.000E+00  8.802E-01  0.000E+00  0.000E+00  1.000E+00  1.000E+00  1.000E+00  1.000E+00
  1.000E+00  0.000E+00  1.000E+00  1.000E+00  0.000E+00  0.000E+00  0.000E+00  0.000E+00  0.000E+00  8.282E-01
  0.000E+00  0.000E+00  1.000E+00  0.000E+00  0.000E+00  0.000E+00  0.000E+00  0.000E+00  0.000E+00  1.000E+00
  0.000E+00  1.000E+00  1.000E+00  0.000E+00  0.000E+00  9.680E-01  7.116E-01  1.000E+00  8.709E-01  1.000E+00
  0.000E+00  0.000E+00  0.000E+00  1.000E+00  7.232E-01  1.000E+00  0.000E+00  9.473E-01  0.000E+00  0.000E+00
  1.000E+00  0.000E+00  5.597E-01  0.000E+00  6.189E-01  7.206E-01  1.000E+00  1.000E+00  0.000E+00  7.314E-01
  8.359E-01  0.000E+00  0.000E+00  8.222E-01  9.121E-01  7.451E-01  5.287E-01  7.166E-02  6.681E-02  4.302E-01
  9.390E-01  1.000E+00  0.000E+00  0.000E+00  1.000E+00  0.000E+00  0.000E+00  0.000E+00  0.000E+00  0.000E+00
  1.000E+00  1.000E+00  3.295E-01  2.278E-02  2.320E-02  2.739E-01  0.000E+00  0.000E+00  0.000E+00  0.000E+00
  1.000E+00  0.000E+00  1.000E+00  0.000E+00  0.000E+00  0.000E+00  0.000E+00  0.000E+00  7.194E-01  7.699E-02
  6.762E-02  6.593E-01  0.000E+00  0.000E+00  0.000E+00  0.000E+00  1.000E+00  1.000E+00  0.000E+00  0.000E+00
  0.000E+00  1.000E+00  8.764E-01  7.341E-01  1.000E+00  7.096E-01  0.000E+00  0.000E+00  1.000E+00  1.000E+00
  0.000E+00  0.000E+00  0.000E+00  1.000E+00  0.000E+00  0.000E+00  0.000E+00  0.000E+00  0.000E+00  1.000E+00
  0.000E+00  1.000E+00  0.000E+00  1.000E+00  7.083E-01  1.000E+00  0.000E+00  0.000E+00  0.000E+00  9.435E-01
  0.000E+00  0.000E+00  0.000E+00  0.000E+00  0.000E+00  7.103E-01  1.000E+00  0.000E+00  1.000E+00  7.071E-01
  1.000E+00  0.000E+00  1.000E+00  1.000E+00  1.000E+00  1.000E+00  1.000E+00  0.000E+00  1.000E+00  0.000E+00
  9.168E-01  8.790E-01  0.000E+00  0.000E+00  0.000E+00  7.078E-01  1.000E+00  0.000E+00  1.000E+00  1.000E+00
  0.000E+00  0.000E+00  1.000E+00  0.000E+00  1.000E+00  0.000E+00  9.405E-01  0.000E+00  0.000E+00  1.000E+00
  1.000E+00  1.000E+00  1.000E+00  0.000E+00  0.000E+00  0.000E+00  1.000E+00  0.000E+00  0.000E+00  0.000E+00
  1.000E+00  1.000E+00  9.076E-01  0.000E+00  0.000E+00  1.000E+00  0.000E+00  1.000E+00  1.000E+00  1.000E+00
  0.000E+00  0.000E+00  1.000E+00  0.000E+00  0.000E+00  1.000E+00  1.000E+00  0.000E+00  1.000E+00  1.000E+00
  0.000E+00  0.000E+00  0.000E+00  1.000E+00  1.000E+00  0.000E+00  0.000E+00  1.000E+00  0.000E+00  0.000E+00
  0.000E+00  0.000E+00  7.908E-01  1.000E+00  8.050E-01  1.000E+00  0.000E+00  0.000E+00  0.000E+00  0.000E+00
  1.000E+00  1.000E+00  0.000E+00  0.000E+00  0.000E+00  0.000E+00  1.000E+00  1.000E+00  1.000E+00  0.000E+00
  1.000E+00  0.000E+00  0.000E+00  0.000E+00  0.000E+00  0.000E+00  0.000E+00  0.000E+00  0.000E+00  0.000E+00
  0.000E+00  0.000E+00  1.000E+00  8.561E-01  1.000E+00  1.000E+00  0.000E+00  0.000E+00  0.000E+00  1.000E+00
  1.000E+00  1.000E+00  0.000E+00  0.000E+00  0.000E+00  0.000E+00  0.000E+00  0.000E+00  1.000E+00  1.000E+00
  0.000E+00  0.000E+00  0.000E+00  1.000E+00  1.000E+00  7.483E-01  0.000E+00  0.000E+00  0.000E+00  1.000E+00
  1.000E+00  1.000E+00  0.000E+00  0.000E+00  0.000E+00  1.000E+00  0.000E+00  1.000E+00  1.000E+00  1.000E+00
  0.000E+00  1.000E+00  0.000E+00  0.000E+00  0.000E+00  0.000E+00  0.000E+00  1.000E+00  0.000E+00  7.117E-01
  0.000E+00  1.000E+00  0.000E+00  0.000E+00  1.000E+00  0.000E+00  1.000E+00  0.000E+00  0.000E+00  0.000E+00
  0.000E+00  0.000E+00  0.000E+00  0.000E+00  0.000E+00  9.414E-01  1.000E+00  9.762E-01  6.466E-01  8.362E-01
  7.332E-01  1.000E+00  1.000E+00  1.000E+00  7.819E-01  0.000E+00  1.000E+00  1.000E+00  7.394E-01  6.619E-01
  1.000E+00  1.000E+00  1.000E+00  7.321E-01  1.000E+00  1.000E+00  7.096E-01  1.000E+00  0.000E+00  0.000E+00
  8.354E-01  0.000E+00  0.000E+00  1.000E+00  7.338E-01  1.000E+00  7.073E-01  1.000E+00

#------------------------------------------------------------------------------
# gshow
#------------------------------------------------------------------------------

p: legs[c5*0.875]

hb:   line clip z  
frame:
 -7.9999814E-01 -1.6499925E+00
  8.0000186E-01 -1.6499925E+00
  8.0000186E-01  1.6500075E+00
 -7.9999814E-01  1.6500075E+00
clip:
 -8.94115672E-01 -1.74705108E+00
  8.94119622E-01 -1.74705108E+00
  8.94119622E-01 -1.64116873E+00
  8.94119622E-01 -1.53528638E+00
  8.94119622E-01 -1.42940402E+00
  8.94119622E-01 -1.32352167E+00
  8.94119622E-01 -1.21763932E+00
  8.94119622E-01 -1.11175697E+00
  8.94119622E-01 -1.00587461E+00
  8.94119622E-01 -8.99992259E-01
  8.94119622E-01 -7.94109906E-01
  8.94119622E-01 -6.88227553E-01
  8.94119622E-01 -5.82345200E-01
  8.94119622E-01 -4.76462847E-01
  8.94119622E-01 -3.70580495E-01
  8.94119622E-01 -2.64698142E-01
  8.94119622E-01 -1.58815789E-01
  8.94119622E-01 -5.29334357E-02
  8.94119622E-01  5.29489172E-02
  8.94119622E-01  1.58831270E-01
  8.94119622E-01  2.64713623E-01
  8.94119622E-01  3.70595976E-01
  8.94119622E-01  4.76478329E-01
  8.94119622E-01  5.82360682E-01
  8.94119622E-01  6.88243035E-01
  8.94119622E-01  7.94125388E-01
  8.94119622E-01  9.00007741E-01
  8.94119622E-01  1.00589009E+00
  8.94119622E-01  1.11177245E+00
  8.94119622E-01  1.21765480E+00
  8.94119622E-01  1.32353715E+00
  8.94119622E-01  1.42941951E+00
  8.94119622E-01  1.53530186E+00
  8.94119622E-01  1.64118421E+00
  8.94119622E-01  1.74706656E+00
  7.82354916E-01  1.74706656E+00
  6.70590211E-01  1.74706656E+00
  5.58825505E-01  1.74706656E+00
  4.47060799E-01  1.74706656E+00
  3.35296093E-01  1.74706656E+00
  2.23531387E-01  1.74706656E+00
  1.11766681E-01  1.74706656E+00
  1.97530848E-06  1.74706656E+00
 -1.11762731E-01  1.74706656E+00
 -2.23527436E-01  1.74706656E+00
 -3.35292142E-01  1.74706656E+00
 -4.47056848E-01  1.74706656E+00
 -5.58821554E-01  1.74706656E+00
 -6.70586260E-01  1.74706656E+00
 -7.82350966E-01  1.74706656E+00
 -8.94115672E-01  1.74706656E+00
 -8.94115672E-01  1.64118421E+00
 -8.94115672E-01  1.53530186E+00
 -8.94115672E-01  1.42941951E+00
 -8.94115672E-01  1.32353715E+00
 -8.94115672E-01  1.21765480E+00
 -8.94115672E-01  1.11177245E+00
 -8.94115672E-01  1.00589009E+00
 -8.94115672E-01  9.00007741E-01
 -8.94115672E-01  7.94125388E-01
 -8.94115672E-01  6.88243035E-01
 -8.94115672E-01  5.82360682E-01
 -8.94115672E-01  4.76478329E-01
 -8.94115672E-01  3.70595976E-01
 -8.94115672E-01  2.64713623E-01
 -8.94115672E-01  1.58831270E-01
 -8.94115672E-01  5.29489172E-02
 -8.94115672E-01 -5.29334357E-02
 -8.94115672E-01 -1.58815789E-01
 -8.94115672E-01 -2.64698142E-01
 -8.94115672E-01 -3.70580495E-01
 -8.94115672E-01 -4.76462847E-01
 -8.94115672E-01 -5.82345200E-01
 -8.94115672E-01 -6.88227553E-01
 -8.94115672E-01 -7.94109906E-01
 -8.94115672E-01 -8.99992259E-01
 -8.94115672E-01 -1.00587461E+00
 -8.94115672E-01 -1.11175697E+00
 -8.94115672E-01 -1.21763932E+00
 -8.94115672E-01 -1.32352167E+00
 -8.94115672E-01 -1.42940402E+00
 -8.94115672E-01 -1.53528638E+00
 -8.94115672E-01 -1.64116873E+00
 -8.94115672E-01 -1.74705108E+00

#------------------------------------------------------------------------------
z: xorg(1.03)
p: xfac[c2*0.05] form[c1/0.05] notc noxt noyt dmin(1)
p: ymin(0) ymax(1) xmin(0) xmax(1) cmin(1) cmax(100) nosp
hc: y= 0.005 to 0.995 by 0.01 ; x= 0.5 to 0.5 by 1 ;
 1  2  3  4  5  6  7  8  9 10 11 12 13 14 15 16 17 18 19 20
21 22 23 24 25 26 27 28 29 30 31 32 33 34 35 36 37 38 39 40
41 42 43 44 45 46 47 48 49 50 51 52 53 54 55 56 57 58 59 60
61 62 63 64 65 66 67 68 69 70 71 72 73 74 75 76 77 78 79 80
81 82 83 84 85 86 87 88 89 90 91 92 93 94 95 96 97 98 99 100
z: xorg(0.0)
p: xfac[c2*0.05] form[c1/0.05] nosp afac[c5*0.625] ymin[c3] ymax[c4]
p: noxt noxn ytxt(-1) ynum(-1) xltd(-1) xstd(-1) itic(1) ylog
y: Relative Error
#------------------------------------------------------------------------------

wt: s[c5]
\vspace{-3}
  zmin  &=&   9.8530E+01 [cm]
  zmax  &=&   9.8580E+01 [cm]
  part. &=& proton  
e:

#------------------------------------------------------------------------------
z: xorg[-1.03/0.05]
p: form[c1] xfac[c2] afac[c5] nosp notf
p: xmin(-0.8000000    ) xmax( 0.8000000    )
p: ymin( -1.650000    ) ymax(  1.650000    )

#------------------------------------------------------------------------------
 newpage:
#   no. =  8   iz  =  4   part. = photon  
#   z = (   9.8530E+01  -   9.8580E+01  )

'no. =  8,  iz =  4'
msuc: {\huge Dosis xy}
msdr: {\it plotted by \ANGEL \version}
msdl: {\it calculated by \PHITS  3.36}

x: x [cm]
y: y [cm]
set: c1[ 2.062] c2[ 0.627] c5[ 0.800] c6[ 0.743] c7[ 0.708] c8[ 0.000]
p: h2fs form[c1] xfac[c2] afac[c5] scal[c6] xorg[c7] yorg[c8] nosp
set: c3[1.0e-4] c4[1.0]
p: cmin[c3] cmax[c4]
p: dmin(1e-31)
p: zlog
p: xmin(-0.8000000    ) xmax( 0.8000000    )
p: ymin( -1.650000    ) ymax(  1.650000    )
#  ny =  33   nx =  16
# ( ( data(x,y), x = 1, nx ), y = ny, 1, -1 )

hc:  y =   1.600000     to  -1.600000     by  0.1000000     ; x = -0.7500000     to  0.7500000     by  0.1000000     ;
  2.326E-01  2.414E-01  2.402E-01  2.309E-01  1.786E-01  2.239E-01  2.238E-01  2.219E-01  2.045E-01  2.068E-01
  1.927E-01  1.886E-01  2.383E-01  2.175E-01  2.036E-01  2.596E-01  2.034E-01  1.996E-01  1.855E-01  1.939E-01
  2.196E-01  2.357E-01  1.954E-01  2.039E-01  2.550E-01  2.274E-01  2.399E-01  2.473E-01  2.244E-01  2.258E-01
  2.301E-01  2.103E-01  2.282E-01  1.962E-01  1.875E-01  2.278E-01  2.427E-01  2.223E-01  1.866E-01  2.290E-01
  2.558E-01  2.200E-01  2.023E-01  2.006E-01  2.275E-01  2.215E-01  2.030E-01  2.057E-01  2.002E-01  2.554E-01
  1.996E-01  2.105E-01  2.276E-01  2.073E-01  1.909E-01  2.151E-01  2.118E-01  2.443E-01  2.421E-01  1.984E-01
  1.946E-01  2.088E-01  1.952E-01  2.061E-01  2.038E-01  1.836E-01  2.093E-01  2.238E-01  2.096E-01  2.069E-01
  1.824E-01  1.928E-01  2.010E-01  2.230E-01  2.084E-01  2.212E-01  1.938E-01  2.149E-01  1.924E-01  2.354E-01
  1.743E-01  1.905E-01  1.874E-01  2.052E-01  1.888E-01  1.951E-01  1.735E-01  2.043E-01  1.919E-01  1.868E-01
  1.971E-01  1.844E-01  1.918E-01  2.047E-01  1.969E-01  1.932E-01  2.004E-01  2.632E-01  2.315E-01  1.922E-01
  2.146E-01  2.097E-01  1.811E-01  1.731E-01  1.774E-01  2.040E-01  2.021E-01  2.060E-01  2.041E-01  1.854E-01
  1.809E-01  1.943E-01  2.460E-01  2.588E-01  1.845E-01  2.170E-01  1.777E-01  1.786E-01  2.403E-01  1.742E-01
  2.195E-01  2.004E-01  1.806E-01  2.342E-01  2.084E-01  1.963E-01  2.043E-01  1.997E-01  1.728E-01  2.009E-01
  1.954E-01  1.941E-01  1.921E-01  1.901E-01  1.852E-01  1.927E-01  1.663E-01  1.966E-01  2.283E-01  2.167E-01
  2.103E-01  1.894E-01  2.073E-01  2.036E-01  1.789E-01  2.176E-01  1.932E-01  1.895E-01  2.106E-01  1.969E-01
  1.922E-01  2.019E-01  2.064E-01  1.809E-01  1.903E-01  2.130E-01  1.947E-01  2.117E-01  2.059E-01  2.225E-01
  1.886E-01  2.063E-01  1.948E-01  1.720E-01  1.925E-01  1.821E-01  1.677E-01  1.908E-01  2.085E-01  1.744E-01
  1.996E-01  2.156E-01  2.134E-01  2.167E-01  2.223E-01  1.995E-01  1.866E-01  2.075E-01  1.830E-01  1.861E-01
  1.785E-01  1.851E-01  1.767E-01  1.588E-01  1.789E-01  2.026E-01  2.154E-01  2.159E-01  1.982E-01  2.025E-01
  1.726E-01  1.711E-01  2.037E-01  2.081E-01  1.873E-01  1.759E-01  1.887E-01  2.083E-01  1.875E-01  2.170E-01
  2.051E-01  1.918E-01  1.940E-01  1.753E-01  1.940E-01  1.942E-01  1.890E-01  2.035E-01  2.014E-01  1.933E-01
  1.922E-01  1.873E-01  2.054E-01  2.039E-01  1.931E-01  2.050E-01  1.943E-01  1.947E-01  1.759E-01  1.882E-01
  1.737E-01  1.790E-01  1.635E-01  1.766E-01  1.927E-01  1.906E-01  1.732E-01  2.007E-01  1.929E-01  1.946E-01
  1.882E-01  1.861E-01  1.949E-01  1.966E-01  1.811E-01  1.904E-01  1.807E-01  1.681E-01  1.890E-01  1.773E-01
  2.049E-01  1.991E-01  1.686E-01  2.406E-01  1.807E-01  1.764E-01  1.832E-01  1.767E-01  1.922E-01  1.867E-01
  1.740E-01  1.829E-01  1.886E-01  1.913E-01  1.835E-01  1.726E-01  1.808E-01  2.188E-01  2.032E-01  1.871E-01
  2.118E-01  1.997E-01  2.019E-01  2.100E-01  1.676E-01  1.944E-01  1.797E-01  1.740E-01  1.869E-01  2.016E-01
  1.828E-01  2.027E-01  1.834E-01  1.806E-01  2.072E-01  1.954E-01  1.711E-01  1.907E-01  1.938E-01  2.097E-01
  1.748E-01  1.682E-01  1.864E-01  1.691E-01  1.906E-01  2.258E-01  1.920E-01  2.043E-01  2.016E-01  1.846E-01
  1.712E-01  1.920E-01  1.704E-01  1.699E-01  2.203E-01  2.021E-01  1.824E-01  1.717E-01  2.203E-01  1.785E-01
  1.751E-01  2.031E-01  2.164E-01  1.784E-01  1.932E-01  1.891E-01  1.639E-01  1.766E-01  1.719E-01  1.723E-01
  1.952E-01  1.815E-01  1.969E-01  2.091E-01  1.795E-01  1.746E-01  1.670E-01  1.830E-01  2.101E-01  1.794E-01
  2.146E-01  1.613E-01  1.936E-01  2.165E-01  1.961E-01  1.922E-01  2.314E-01  2.180E-01  2.225E-01  1.934E-01
  1.842E-01  1.915E-01  1.619E-01  1.691E-01  1.993E-01  1.813E-01  2.024E-01  1.836E-01  2.249E-01  1.958E-01
  1.833E-01  1.894E-01  1.724E-01  1.963E-01  1.935E-01  1.965E-01  1.936E-01  1.846E-01  1.889E-01  2.026E-01
  1.639E-01  2.021E-01  2.085E-01  2.175E-01  2.080E-01  1.796E-01  2.004E-01  1.750E-01  1.977E-01  1.799E-01
  1.963E-01  1.794E-01  2.041E-01  1.727E-01  1.917E-01  1.868E-01  1.996E-01  1.976E-01  2.022E-01  1.910E-01
  2.565E-01  1.795E-01  1.774E-01  1.709E-01  1.986E-01  2.227E-01  1.638E-01  2.021E-01  1.972E-01  2.021E-01
  2.038E-01  2.192E-01  2.101E-01  2.215E-01  2.118E-01  2.272E-01  2.235E-01  1.711E-01  1.884E-01  2.105E-01
  1.824E-01  2.164E-01  2.038E-01  1.757E-01  1.825E-01  1.748E-01  1.726E-01  1.933E-01  2.264E-01  2.297E-01
  2.371E-01  2.022E-01  1.944E-01  1.792E-01  2.058E-01  2.064E-01  1.881E-01  2.498E-01  1.973E-01  1.923E-01
  1.986E-01  1.702E-01  1.679E-01  2.268E-01  2.088E-01  2.194E-01  2.207E-01  1.956E-01  2.052E-01  1.949E-01
  1.850E-01  1.829E-01  1.833E-01  1.728E-01  1.819E-01  1.749E-01  1.845E-01  2.051E-01  1.908E-01  1.979E-01
  1.950E-01  1.818E-01  3.011E-01  2.062E-01  2.212E-01  2.133E-01  1.897E-01  2.070E-01  1.987E-01  2.107E-01
  2.133E-01  1.890E-01  2.060E-01  1.956E-01  1.897E-01  1.946E-01  2.332E-01  2.052E-01  2.009E-01  1.874E-01
  2.143E-01  2.055E-01  2.147E-01  1.912E-01  1.913E-01  2.348E-01  1.925E-01  2.124E-01  2.044E-01  1.892E-01
  1.725E-01  2.291E-01  1.856E-01  2.362E-01  2.691E-01  2.174E-01  1.802E-01  1.933E-01  2.099E-01  2.020E-01
  2.200E-01  2.127E-01  2.118E-01  1.769E-01  2.049E-01  1.847E-01  2.258E-01  2.444E-01  2.107E-01  2.826E-01
  2.379E-01  2.206E-01  1.817E-01  2.040E-01  2.366E-01  2.376E-01  2.089E-01  1.977E-01  1.830E-01  2.053E-01
  2.132E-01  2.160E-01  1.988E-01  2.329E-01  2.554E-01  2.139E-01  2.074E-01  2.525E-01  2.335E-01  2.310E-01
  2.319E-01  2.112E-01  2.039E-01  2.250E-01  1.778E-01  2.175E-01  1.845E-01  1.946E-01  1.851E-01  2.312E-01
  2.414E-01  2.557E-01  2.283E-01  1.850E-01  2.031E-01  2.463E-01  1.917E-01  2.549E-01  2.130E-01  1.984E-01
  2.462E-01  2.127E-01  2.054E-01  2.088E-01  2.026E-01  2.212E-01  2.459E-01  2.862E-01

#------------------------------------------------------------------------------
# gshow
#------------------------------------------------------------------------------

p: legs[c5*0.875]

hb:   line clip z  
frame:
 -7.9999814E-01 -1.6499925E+00
  8.0000186E-01 -1.6499925E+00
  8.0000186E-01  1.6500075E+00
 -7.9999814E-01  1.6500075E+00
clip:
 -8.94115672E-01 -1.74705108E+00
  8.94119622E-01 -1.74705108E+00
  8.94119622E-01 -1.64116873E+00
  8.94119622E-01 -1.53528638E+00
  8.94119622E-01 -1.42940402E+00
  8.94119622E-01 -1.32352167E+00
  8.94119622E-01 -1.21763932E+00
  8.94119622E-01 -1.11175697E+00
  8.94119622E-01 -1.00587461E+00
  8.94119622E-01 -8.99992259E-01
  8.94119622E-01 -7.94109906E-01
  8.94119622E-01 -6.88227553E-01
  8.94119622E-01 -5.82345200E-01
  8.94119622E-01 -4.76462847E-01
  8.94119622E-01 -3.70580495E-01
  8.94119622E-01 -2.64698142E-01
  8.94119622E-01 -1.58815789E-01
  8.94119622E-01 -5.29334357E-02
  8.94119622E-01  5.29489172E-02
  8.94119622E-01  1.58831270E-01
  8.94119622E-01  2.64713623E-01
  8.94119622E-01  3.70595976E-01
  8.94119622E-01  4.76478329E-01
  8.94119622E-01  5.82360682E-01
  8.94119622E-01  6.88243035E-01
  8.94119622E-01  7.94125388E-01
  8.94119622E-01  9.00007741E-01
  8.94119622E-01  1.00589009E+00
  8.94119622E-01  1.11177245E+00
  8.94119622E-01  1.21765480E+00
  8.94119622E-01  1.32353715E+00
  8.94119622E-01  1.42941951E+00
  8.94119622E-01  1.53530186E+00
  8.94119622E-01  1.64118421E+00
  8.94119622E-01  1.74706656E+00
  7.82354916E-01  1.74706656E+00
  6.70590211E-01  1.74706656E+00
  5.58825505E-01  1.74706656E+00
  4.47060799E-01  1.74706656E+00
  3.35296093E-01  1.74706656E+00
  2.23531387E-01  1.74706656E+00
  1.11766681E-01  1.74706656E+00
  1.97530848E-06  1.74706656E+00
 -1.11762731E-01  1.74706656E+00
 -2.23527436E-01  1.74706656E+00
 -3.35292142E-01  1.74706656E+00
 -4.47056848E-01  1.74706656E+00
 -5.58821554E-01  1.74706656E+00
 -6.70586260E-01  1.74706656E+00
 -7.82350966E-01  1.74706656E+00
 -8.94115672E-01  1.74706656E+00
 -8.94115672E-01  1.64118421E+00
 -8.94115672E-01  1.53530186E+00
 -8.94115672E-01  1.42941951E+00
 -8.94115672E-01  1.32353715E+00
 -8.94115672E-01  1.21765480E+00
 -8.94115672E-01  1.11177245E+00
 -8.94115672E-01  1.00589009E+00
 -8.94115672E-01  9.00007741E-01
 -8.94115672E-01  7.94125388E-01
 -8.94115672E-01  6.88243035E-01
 -8.94115672E-01  5.82360682E-01
 -8.94115672E-01  4.76478329E-01
 -8.94115672E-01  3.70595976E-01
 -8.94115672E-01  2.64713623E-01
 -8.94115672E-01  1.58831270E-01
 -8.94115672E-01  5.29489172E-02
 -8.94115672E-01 -5.29334357E-02
 -8.94115672E-01 -1.58815789E-01
 -8.94115672E-01 -2.64698142E-01
 -8.94115672E-01 -3.70580495E-01
 -8.94115672E-01 -4.76462847E-01
 -8.94115672E-01 -5.82345200E-01
 -8.94115672E-01 -6.88227553E-01
 -8.94115672E-01 -7.94109906E-01
 -8.94115672E-01 -8.99992259E-01
 -8.94115672E-01 -1.00587461E+00
 -8.94115672E-01 -1.11175697E+00
 -8.94115672E-01 -1.21763932E+00
 -8.94115672E-01 -1.32352167E+00
 -8.94115672E-01 -1.42940402E+00
 -8.94115672E-01 -1.53528638E+00
 -8.94115672E-01 -1.64116873E+00
 -8.94115672E-01 -1.74705108E+00

#------------------------------------------------------------------------------
z: xorg(1.03)
p: xfac[c2*0.05] form[c1/0.05] notc noxt noyt dmin(1)
p: ymin(0) ymax(1) xmin(0) xmax(1) cmin(1) cmax(100) nosp
hc: y= 0.005 to 0.995 by 0.01 ; x= 0.5 to 0.5 by 1 ;
 1  2  3  4  5  6  7  8  9 10 11 12 13 14 15 16 17 18 19 20
21 22 23 24 25 26 27 28 29 30 31 32 33 34 35 36 37 38 39 40
41 42 43 44 45 46 47 48 49 50 51 52 53 54 55 56 57 58 59 60
61 62 63 64 65 66 67 68 69 70 71 72 73 74 75 76 77 78 79 80
81 82 83 84 85 86 87 88 89 90 91 92 93 94 95 96 97 98 99 100
z: xorg(0.0)
p: xfac[c2*0.05] form[c1/0.05] nosp afac[c5*0.625] ymin[c3] ymax[c4]
p: noxt noxn ytxt(-1) ynum(-1) xltd(-1) xstd(-1) itic(1) ylog
y: Relative Error
#------------------------------------------------------------------------------

wt: s[c5]
\vspace{-3}
  zmin  &=&   9.8530E+01 [cm]
  zmax  &=&   9.8580E+01 [cm]
  part. &=& photon  
e:

#------------------------------------------------------------------------------
z: xorg[-1.03/0.05]
p: form[c1] xfac[c2] afac[c5] nosp notf
p: xmin(-0.8000000    ) xmax( 0.8000000    )
p: ymin( -1.650000    ) ymax(  1.650000    )
 
# Information for Restart Calculation
# This calculation was newly started
# istdev =  2 # 1:Batch variance, 2:History variance
# resc2  = 3.20404958639304016E-02 # Total source weight or Total source weight / maxcas
# resc3  = 1.99981000000000000E+08 # Total history number or Total batch number
# maxcas =        1000 # History / Batch, only used for istdev=1
# bitrseed = 0001010110011101111001010011000010110000011010111001001010111000 # bit data of rseed
