[ T-Track ]
    title = [t-track] in xyz mesh
     mesh =  xyz            # mesh type is xyz scoring mesh
   x-type =    2            # x-mesh is linear given by xmin, xmax and nx
     xmin =  -4.000000      # minimum value of x-mesh points
     xmax =   4.000000      # maximum value of x-mesh points
#    xdel =  0.3200000      # mesh width of x-mesh points
       nx =     25          # number of x-mesh points
#    data = ( x(i), i = 1, nx + 1 )
#          -4.00000E+00 -3.68000E+00 -3.36000E+00 -3.04000E+00 -2.72000E+00
#          -2.40000E+00 -2.08000E+00 -1.76000E+00 -1.44000E+00 -1.12000E+00
#          -8.00000E-01 -4.80000E-01 -1.60000E-01  1.60000E-01  4.80000E-01
#           8.00000E-01  1.12000E+00  1.44000E+00  1.76000E+00  2.08000E+00
#           2.40000E+00  2.72000E+00  3.04000E+00  3.36000E+00  3.68000E+00
#           4.00000E+00
   y-type =    2            # y-mesh is linear given by ymin, ymax and ny
     ymin =  -6.000000      # minimum value of y-mesh points
     ymax =   5.000000      # maximum value of y-mesh points
#    ydel =  0.1833333      # mesh width of y-mesh points
       ny =     60          # number of y-mesh points
#    data = ( y(i), i = 1, ny + 1 )
#          -6.00000E+00 -5.81667E+00 -5.63333E+00 -5.45000E+00 -5.26667E+00
#          -5.08333E+00 -4.90000E+00 -4.71667E+00 -4.53333E+00 -4.35000E+00
#          -4.16667E+00 -3.98333E+00 -3.80000E+00 -3.61667E+00 -3.43333E+00
#          -3.25000E+00 -3.06667E+00 -2.88333E+00 -2.70000E+00 -2.51667E+00
#          -2.33333E+00 -2.15000E+00 -1.96667E+00 -1.78333E+00 -1.60000E+00
#          -1.41667E+00 -1.23333E+00 -1.05000E+00 -8.66667E-01 -6.83333E-01
#          -5.00000E-01 -3.16667E-01 -1.33333E-01  5.00000E-02  2.33333E-01
#           4.16667E-01  6.00000E-01  7.83333E-01  9.66667E-01  1.15000E+00
#           1.33333E+00  1.51667E+00  1.70000E+00  1.88333E+00  2.06667E+00
#           2.25000E+00  2.43333E+00  2.61667E+00  2.80000E+00  2.98333E+00
#           3.16667E+00  3.35000E+00  3.53333E+00  3.71667E+00  3.90000E+00
#           4.08333E+00  4.26667E+00  4.45000E+00  4.63333E+00  4.81667E+00
#           5.00000E+00
   z-type =    1            # z-mesh is given by the below data
       nz =      1          # number of z-mesh points
#    data = ( z(i), i = 1, nz + 1 )
            9.83400E+01  9.83500E+01
   e-type =    1            # e-mesh is given by the below data
       ne =      1          # number of e-mesh points
#    data = ( e(i), i = 1, ne + 1 )
            0.00000E+00  1.00000E+03
     unit =    1            # unit is [1/cm^2/source]
 material =  all            # (D=all) number of specific material
  2D-type =    3            # 1:Cont, 2:Clust, 3:Color, 4:xyz, 5:mat, 6:Clust+Cont, 7:Col+Cont
     axis =      xy            # axis of output
     file = track_xy_L.out  # file name of output for the above axis
     part =  proton   
# kf/name :  2212     
    gshow =    1            # 0: no 1:bnd, 2:bnd+mat, 3:bnd+reg 4:bnd+lat 5:bmp style
    resol =    1            # (D=1) resolution of gshow or rshow
    width = 0.5000000       # (D=0.5) width of lines for gshow or rshow
   epsout =    1            # (D=0) generate eps file by ANGEL
#    used :        main (  %)        temp (  %)       total (  %)
#  memory :          95 (  0)           0 (  0)          95 (  0)

#------------------------------------------------------------------------------
#newpage:
#   no. =  1   ie  =  1   iz  =  1   part. = proton  
#   e = (   0.0000E+00  -   1.0000E+03  )
#   z = (   9.8340E+01  -   9.8350E+01  )

'no. =  1,  ie =  1,  iz =  1'
msuc: {\huge [t-track] in xyz mesh}
msdr: {\it plotted by \ANGEL \version}
msdl: {\it calculated by \PHITS  3.35}

x: x [cm]
y: y [cm]
set: c1[ 1.375] c2[ 0.768] c5[ 0.800] c6[ 0.878] c7[ 0.250] c8[ 0.000]
p: h2fs form[c1] xfac[c2] afac[c5] scal[c6] xorg[c7] yorg[c8] nosp
set: c3[   4.470971E+03] c4[   4.425927E+07]
p: cmin[c3] cmax[c4]
p: dmin(1e-31)
p: zlog
p: xmin( -4.000000    ) xmax(  4.000000    )
p: ymin( -6.000000    ) ymax(  5.000000    )
#  ny =  60   nx =  25
# ( ( data(x,y), x = 1, nx ), y = ny, 1, -1 )

hc:  y =   4.908333     to  -5.908333     by  0.1833333     ; x =  -3.840000     to   3.840000     by  0.3200000     ;
  1.314E+07  1.454E+07  1.586E+07  1.727E+07  1.884E+07  1.997E+07  2.129E+07  2.258E+07  2.334E+07  2.407E+07
  2.464E+07  2.516E+07  2.494E+07  2.495E+07  2.458E+07  2.388E+07  2.333E+07  2.225E+07  2.120E+07  1.997E+07
  1.890E+07  1.732E+07  1.594E+07  1.473E+07  1.328E+07  1.416E+07  1.560E+07  1.725E+07  1.879E+07  2.029E+07
  2.139E+07  2.283E+07  2.404E+07  2.488E+07  2.591E+07  2.613E+07  2.671E+07  2.672E+07  2.681E+07  2.628E+07
  2.593E+07  2.479E+07  2.425E+07  2.289E+07  2.171E+07  2.028E+07  1.878E+07  1.733E+07  1.584E+07  1.436E+07
  1.540E+07  1.677E+07  1.839E+07  2.035E+07  2.185E+07  2.319E+07  2.481E+07  2.610E+07  2.687E+07  2.749E+07
  2.822E+07  2.853E+07  2.873E+07  2.863E+07  2.819E+07  2.748E+07  2.708E+07  2.586E+07  2.448E+07  2.320E+07
  2.174E+07  2.019E+07  1.852E+07  1.708E+07  1.536E+07  1.634E+07  1.816E+07  1.989E+07  2.157E+07  2.321E+07
  2.471E+07  2.632E+07  2.731E+07  2.841E+07  2.922E+07  3.005E+07  3.015E+07  3.032E+07  3.047E+07  2.994E+07
  2.920E+07  2.844E+07  2.756E+07  2.600E+07  2.455E+07  2.348E+07  2.179E+07  1.984E+07  1.805E+07  1.649E+07
  1.760E+07  1.949E+07  2.139E+07  2.303E+07  2.479E+07  2.661E+07  2.780E+07  2.934E+07  3.009E+07  3.097E+07
  3.209E+07  3.186E+07  3.206E+07  3.260E+07  3.170E+07  3.141E+07  2.983E+07  2.906E+07  2.810E+07  2.667E+07
  2.460E+07  2.297E+07  2.109E+07  1.925E+07  1.761E+07  1.869E+07  2.064E+07  2.279E+07  2.457E+07  2.635E+07
  2.808E+07  2.945E+07  3.080E+07  3.181E+07  3.286E+07  3.336E+07  3.349E+07  3.387E+07  3.394E+07  3.358E+07
  3.285E+07  3.228E+07  3.086E+07  2.949E+07  2.825E+07  2.627E+07  2.457E+07  2.285E+07  2.064E+07  1.873E+07
  1.971E+07  2.189E+07  2.419E+07  2.570E+07  2.763E+07  2.939E+07  3.117E+07  3.277E+07  3.345E+07  3.467E+07
  3.491E+07  3.532E+07  3.544E+07  3.562E+07  3.532E+07  3.486E+07  3.366E+07  3.235E+07  3.087E+07  2.971E+07
  2.773E+07  2.613E+07  2.394E+07  2.197E+07  2.005E+07  2.110E+07  2.317E+07  2.548E+07  2.746E+07  2.916E+07
  3.112E+07  3.271E+07  3.401E+07  3.510E+07  3.606E+07  3.667E+07  3.691E+07  3.701E+07  3.711E+07  3.673E+07
  3.586E+07  3.528E+07  3.391E+07  3.249E+07  3.098E+07  2.933E+07  2.742E+07  2.551E+07  2.331E+07  2.132E+07
  2.221E+07  2.449E+07  2.669E+07  2.882E+07  3.107E+07  3.265E+07  3.414E+07  3.539E+07  3.634E+07  3.734E+07
  3.788E+07  3.834E+07  3.862E+07  3.857E+07  3.776E+07  3.735E+07  3.640E+07  3.559E+07  3.384E+07  3.245E+07
  3.069E+07  2.881E+07  2.658E+07  2.425E+07  2.210E+07  2.335E+07  2.553E+07  2.778E+07  3.009E+07  3.181E+07
  3.366E+07  3.551E+07  3.666E+07  3.767E+07  3.893E+07  3.939E+07  3.998E+07  3.971E+07  3.972E+07  3.941E+07
  3.861E+07  3.801E+07  3.642E+07  3.543E+07  3.384E+07  3.234E+07  3.020E+07  2.822E+07  2.572E+07  2.332E+07
  2.441E+07  2.710E+07  2.910E+07  3.141E+07  3.330E+07  3.515E+07  3.683E+07  3.799E+07  3.903E+07  4.006E+07
  4.009E+07  4.074E+07  4.072E+07  4.072E+07  4.052E+07  3.981E+07  3.911E+07  3.794E+07  3.659E+07  3.506E+07
  3.303E+07  3.131E+07  2.908E+07  2.686E+07  2.444E+07  2.575E+07  2.830E+07  3.042E+07  3.264E+07  3.478E+07
  3.659E+07  3.779E+07  3.893E+07  4.005E+07  4.077E+07  4.161E+07  4.183E+07  4.144E+07  4.208E+07  4.133E+07
  4.134E+07  4.015E+07  3.898E+07  3.801E+07  3.620E+07  3.492E+07  3.249E+07  3.049E+07  2.783E+07  2.560E+07
  2.682E+07  2.907E+07  3.162E+07  3.357E+07  3.606E+07  3.727E+07  3.908E+07  4.039E+07  4.107E+07  4.165E+07
  4.209E+07  4.250E+07  4.248E+07  4.265E+07  4.260E+07  4.191E+07  4.120E+07  3.994E+07  3.931E+07  3.730E+07
  3.592E+07  3.371E+07  3.155E+07  2.930E+07  2.674E+07  2.753E+07  3.027E+07  3.249E+07  3.496E+07  3.645E+07
  3.841E+07  3.970E+07  4.124E+07  4.199E+07  4.238E+07  4.242E+07  4.320E+07  4.303E+07  4.326E+07  4.310E+07
  4.221E+07  4.167E+07  4.099E+07  4.007E+07  3.875E+07  3.677E+07  3.500E+07  3.288E+07  3.021E+07  2.773E+07
  2.859E+07  3.117E+07  3.361E+07  3.573E+07  3.775E+07  3.933E+07  4.055E+07  4.181E+07  4.258E+07  4.299E+07
  4.338E+07  4.382E+07  4.355E+07  4.367E+07  4.334E+07  4.292E+07  4.258E+07  4.187E+07  4.065E+07  3.924E+07
  3.775E+07  3.578E+07  3.342E+07  3.105E+07  2.882E+07  2.968E+07  3.231E+07  3.488E+07  3.667E+07  3.888E+07
  4.019E+07  4.146E+07  4.241E+07  4.328E+07  4.313E+07  4.398E+07  4.372E+07  4.426E+07  4.361E+07  4.402E+07
  4.346E+07  4.303E+07  4.208E+07  4.151E+07  4.046E+07  3.884E+07  3.670E+07  3.455E+07  3.208E+07  2.929E+07
  3.062E+07  3.289E+07  3.516E+07  3.757E+07  3.959E+07  4.104E+07  4.213E+07  4.309E+07  4.330E+07  4.378E+07
  4.405E+07  4.402E+07  4.419E+07  4.406E+07  4.413E+07  4.367E+07  4.354E+07  4.327E+07  4.209E+07  4.092E+07
  3.942E+07  3.746E+07  3.551E+07  3.305E+07  3.043E+07  3.107E+07  3.358E+07  3.620E+07  3.825E+07  4.050E+07
  4.153E+07  4.244E+07  4.256E+07  4.318E+07  4.327E+07  4.345E+07  4.351E+07  4.349E+07  4.370E+07  4.343E+07
  4.337E+07  4.301E+07  4.286E+07  4.255E+07  4.149E+07  3.981E+07  3.785E+07  3.621E+07  3.365E+07  3.122E+07
  3.166E+07  3.454E+07  3.675E+07  3.910E+07  4.050E+07  4.206E+07  4.319E+07  4.298E+07  4.360E+07  4.342E+07
  4.338E+07  4.349E+07  4.348E+07  4.353E+07  4.346E+07  4.372E+07  4.340E+07  4.289E+07  4.287E+07  4.168E+07
  4.059E+07  3.896E+07  3.694E+07  3.464E+07  3.220E+07  3.239E+07  3.527E+07  3.749E+07  3.981E+07  4.144E+07
  4.242E+07  4.338E+07  4.316E+07  4.354E+07  4.356E+07  4.346E+07  4.364E+07  4.359E+07  4.329E+07  4.359E+07
  4.343E+07  4.326E+07  4.302E+07  4.296E+07  4.262E+07  4.139E+07  3.966E+07  3.719E+07  3.515E+07  3.234E+07
  3.307E+07  3.591E+07  3.788E+07  3.995E+07  4.123E+07  4.248E+07  4.335E+07  4.326E+07  4.363E+07  4.352E+07
  4.332E+07  4.301E+07  4.334E+07  4.325E+07  4.360E+07  4.329E+07  4.361E+07  4.351E+07  4.315E+07  4.285E+07
  4.188E+07  3.989E+07  3.805E+07  3.598E+07  3.311E+07  3.380E+07  3.618E+07  3.816E+07  4.026E+07  4.167E+07
  4.330E+07  4.349E+07  4.349E+07  4.338E+07  4.316E+07  4.309E+07  4.312E+07  4.266E+07  4.303E+07  4.318E+07
  4.333E+07  4.316E+07  4.372E+07  4.353E+07  4.268E+07  4.202E+07  4.015E+07  3.842E+07  3.626E+07  3.373E+07
  3.419E+07  3.665E+07  3.873E+07  4.034E+07  4.178E+07  4.286E+07  4.380E+07  4.328E+07  4.366E+07  4.289E+07
  4.300E+07  4.279E+07  4.247E+07  4.240E+07  4.281E+07  4.312E+07  4.336E+07  4.335E+07  4.377E+07  4.297E+07
  4.218E+07  4.070E+07  3.889E+07  3.701E+07  3.394E+07  3.435E+07  3.703E+07  3.922E+07  4.101E+07  4.219E+07
  4.303E+07  4.376E+07  4.350E+07  4.336E+07  4.294E+07  4.257E+07  4.247E+07  4.239E+07  4.230E+07  4.219E+07
  4.259E+07  4.293E+07  4.301E+07  4.377E+07  4.317E+07  4.201E+07  4.096E+07  3.899E+07  3.686E+07  3.398E+07
  3.481E+07  3.747E+07  3.930E+07  4.090E+07  4.241E+07  4.299E+07  4.395E+07  4.325E+07  4.316E+07  4.278E+07
  4.195E+07  4.224E+07  4.242E+07  4.184E+07  4.263E+07  4.306E+07  4.318E+07  4.364E+07  4.332E+07  4.323E+07
  4.236E+07  4.083E+07  3.933E+07  3.736E+07  3.444E+07  3.457E+07  3.721E+07  3.940E+07  4.117E+07  4.241E+07
  4.306E+07  4.360E+07  4.362E+07  4.329E+07  4.255E+07  4.250E+07  4.214E+07  4.194E+07  4.212E+07  4.208E+07
  4.276E+07  4.304E+07  4.306E+07  4.377E+07  4.324E+07  4.284E+07  4.152E+07  3.914E+07  3.737E+07  3.467E+07
  3.466E+07  3.738E+07  3.958E+07  4.119E+07  4.222E+07  4.352E+07  4.376E+07  4.343E+07  4.271E+07  4.295E+07
  4.219E+07  4.212E+07  4.195E+07  4.214E+07  4.204E+07  4.231E+07  4.289E+07  4.347E+07  4.361E+07  4.321E+07
  4.233E+07  4.148E+07  3.944E+07  3.753E+07  3.495E+07  3.467E+07  3.745E+07  3.926E+07  4.107E+07  4.270E+07
  4.336E+07  4.350E+07  4.318E+07  4.310E+07  4.275E+07  4.231E+07  4.172E+07  4.177E+07  4.165E+07  4.248E+07
  4.282E+07  4.288E+07  4.335E+07  4.389E+07  4.328E+07  4.223E+07  4.141E+07  3.970E+07  3.797E+07  3.498E+07
  3.500E+07  3.756E+07  3.997E+07  4.110E+07  4.253E+07  4.330E+07  4.394E+07  4.333E+07  4.325E+07  4.290E+07
  4.250E+07  4.180E+07  4.170E+07  4.207E+07  4.230E+07  4.244E+07  4.307E+07  4.310E+07  4.402E+07  4.301E+07
  4.300E+07  4.150E+07  3.961E+07  3.749E+07  3.463E+07  3.464E+07  3.711E+07  3.962E+07  4.130E+07  4.246E+07
  4.300E+07  4.356E+07  4.337E+07  4.301E+07  4.289E+07  4.264E+07  4.220E+07  4.173E+07  4.207E+07  4.226E+07
  4.251E+07  4.306E+07  4.329E+07  4.358E+07  4.324E+07  4.243E+07  4.113E+07  3.966E+07  3.727E+07  3.483E+07
  3.445E+07  3.710E+07  3.914E+07  4.106E+07  4.274E+07  4.332E+07  4.355E+07  4.328E+07  4.312E+07  4.239E+07
  4.251E+07  4.229E+07  4.235E+07  4.267E+07  4.260E+07  4.313E+07  4.282E+07  4.324E+07  4.381E+07  4.345E+07
  4.276E+07  4.104E+07  3.944E+07  3.679E+07  3.406E+07  3.426E+07  3.658E+07  3.926E+07  4.048E+07  4.244E+07
  4.353E+07  4.387E+07  4.329E+07  4.344E+07  4.319E+07  4.267E+07  4.259E+07  4.247E+07  4.262E+07  4.281E+07
  4.287E+07  4.344E+07  4.327E+07  4.352E+07  4.340E+07  4.213E+07  4.090E+07  3.910E+07  3.657E+07  3.423E+07
  3.407E+07  3.632E+07  3.852E+07  4.051E+07  4.213E+07  4.305E+07  4.382E+07  4.330E+07  4.332E+07  4.297E+07
  4.291E+07  4.260E+07  4.284E+07  4.255E+07  4.287E+07  4.293E+07  4.373E+07  4.394E+07  4.362E+07  4.300E+07
  4.179E+07  4.041E+07  3.858E+07  3.638E+07  3.400E+07  3.317E+07  3.586E+07  3.846E+07  4.011E+07  4.214E+07
  4.283E+07  4.333E+07  4.308E+07  4.348E+07  4.337E+07  4.321E+07  4.330E+07  4.310E+07  4.301E+07  4.335E+07
  4.333E+07  4.308E+07  4.349E+07  4.341E+07  4.267E+07  4.194E+07  4.030E+07  3.801E+07  3.593E+07  3.342E+07
  3.254E+07  3.523E+07  3.786E+07  3.967E+07  2.242E+07  2.058E+07  2.089E+07  2.053E+07  2.094E+07  2.071E+07
  2.067E+07  2.053E+07  2.051E+07  2.045E+07  2.046E+07  2.075E+07  2.043E+07  2.070E+07  2.082E+07  2.043E+07
  2.302E+07  3.950E+07  3.778E+07  3.520E+07  3.311E+07  3.215E+07  3.456E+07  3.752E+07  3.873E+07  2.693E+06
  0.000E+00  0.000E+00  0.000E+00  0.000E+00  0.000E+00  0.000E+00  0.000E+00  0.000E+00  0.000E+00  0.000E+00
  0.000E+00  0.000E+00  0.000E+00  0.000E+00  0.000E+00  3.809E+06  3.896E+07  3.672E+07  3.492E+07  3.223E+07
  3.171E+07  3.424E+07  3.626E+07  3.833E+07  2.512E+06  0.000E+00  0.000E+00  0.000E+00  0.000E+00  0.000E+00
  0.000E+00  0.000E+00  0.000E+00  0.000E+00  0.000E+00  0.000E+00  0.000E+00  0.000E+00  0.000E+00  0.000E+00
  3.830E+06  3.837E+07  3.654E+07  3.426E+07  3.156E+07  3.097E+07  3.332E+07  3.603E+07  3.732E+07  2.506E+06
  0.000E+00  0.000E+00  0.000E+00  0.000E+00  0.000E+00  0.000E+00  0.000E+00  0.000E+00  0.000E+00  0.000E+00
  0.000E+00  0.000E+00  0.000E+00  0.000E+00  0.000E+00  3.595E+06  3.771E+07  3.585E+07  3.338E+07  3.114E+07
  2.974E+07  3.289E+07  3.496E+07  3.622E+07  2.436E+06  0.000E+00  0.000E+00  4.471E+03  0.000E+00  0.000E+00
  0.000E+00  0.000E+00  0.000E+00  0.000E+00  0.000E+00  0.000E+00  0.000E+00  0.000E+00  0.000E+00  0.000E+00
  3.583E+06  3.680E+07  3.523E+07  3.265E+07  3.011E+07  2.914E+07  3.172E+07  3.385E+07  3.557E+07  2.353E+06
  0.000E+00  0.000E+00  1.202E+04  0.000E+00  0.000E+00  0.000E+00  0.000E+00  0.000E+00  0.000E+00  0.000E+00
  0.000E+00  0.000E+00  0.000E+00  0.000E+00  0.000E+00  3.478E+06  3.626E+07  3.409E+07  3.173E+07  2.925E+07
  2.824E+07  3.086E+07  3.350E+07  3.451E+07  2.276E+06  0.000E+00  0.000E+00  0.000E+00  0.000E+00  0.000E+00
  0.000E+00  0.000E+00  0.000E+00  0.000E+00  0.000E+00  0.000E+00  0.000E+00  0.000E+00  0.000E+00  0.000E+00
  3.328E+06  3.512E+07  3.306E+07  3.062E+07  2.815E+07  2.708E+07  2.959E+07  3.185E+07  3.352E+07  2.168E+06
  0.000E+00  0.000E+00  0.000E+00  0.000E+00  0.000E+00  0.000E+00  0.000E+00  0.000E+00  0.000E+00  0.000E+00
  0.000E+00  0.000E+00  0.000E+00  0.000E+00  0.000E+00  3.217E+06  3.393E+07  3.211E+07  2.970E+07  2.721E+07
  2.627E+07  2.877E+07  3.123E+07  3.258E+07  2.071E+06  0.000E+00  0.000E+00  0.000E+00  0.000E+00  0.000E+00
  0.000E+00  0.000E+00  0.000E+00  0.000E+00  0.000E+00  0.000E+00  0.000E+00  0.000E+00  0.000E+00  0.000E+00
  3.061E+06  3.297E+07  3.092E+07  2.856E+07  2.624E+07  2.529E+07  2.776E+07  2.987E+07  3.114E+07  2.032E+06
  0.000E+00  0.000E+00  0.000E+00  0.000E+00  0.000E+00  0.000E+00  0.000E+00  0.000E+00  0.000E+00  0.000E+00
  0.000E+00  0.000E+00  0.000E+00  0.000E+00  0.000E+00  2.953E+06  3.159E+07  3.014E+07  2.751E+07  2.513E+07
  2.401E+07  2.616E+07  2.852E+07  3.002E+07  1.916E+06  0.000E+00  0.000E+00  0.000E+00  0.000E+00  0.000E+00
  0.000E+00  0.000E+00  0.000E+00  0.000E+00  0.000E+00  0.000E+00  0.000E+00  0.000E+00  0.000E+00  0.000E+00
  2.865E+06  3.009E+07  2.825E+07  2.612E+07  2.389E+07  2.283E+07  2.528E+07  2.724E+07  2.883E+07  1.787E+06
  0.000E+00  0.000E+00  0.000E+00  0.000E+00  0.000E+00  0.000E+00  0.000E+00  0.000E+00  0.000E+00  0.000E+00
  0.000E+00  0.000E+00  0.000E+00  0.000E+00  0.000E+00  2.617E+06  2.895E+07  2.712E+07  2.502E+07  2.281E+07
  2.158E+07  2.384E+07  2.628E+07  2.761E+07  1.686E+06  0.000E+00  0.000E+00  0.000E+00  0.000E+00  0.000E+00
  0.000E+00  0.000E+00  0.000E+00  0.000E+00  0.000E+00  0.000E+00  0.000E+00  0.000E+00  0.000E+00  0.000E+00
  2.540E+06  2.747E+07  2.597E+07  2.385E+07  2.170E+07  2.065E+07  2.253E+07  2.490E+07  2.610E+07  1.550E+06
  0.000E+00  0.000E+00  0.000E+00  0.000E+00  0.000E+00  0.000E+00  0.000E+00  0.000E+00  0.000E+00  0.000E+00
  0.000E+00  0.000E+00  0.000E+00  0.000E+00  0.000E+00  2.377E+06  2.636E+07  2.444E+07  2.264E+07  2.063E+07
  1.915E+07  2.159E+07  2.331E+07  2.456E+07  1.509E+06  0.000E+00  0.000E+00  0.000E+00  0.000E+00  0.000E+00
  0.000E+00  0.000E+00  0.000E+00  0.000E+00  0.000E+00  0.000E+00  0.000E+00  0.000E+00  0.000E+00  0.000E+00
  2.207E+06  2.490E+07  2.343E+07  2.152E+07  1.938E+07  1.827E+07  2.002E+07  2.214E+07  2.334E+07  1.393E+06
  0.000E+00  0.000E+00  0.000E+00  0.000E+00  0.000E+00  0.000E+00  0.000E+00  0.000E+00  0.000E+00  0.000E+00
  0.000E+00  0.000E+00  0.000E+00  0.000E+00  0.000E+00  2.086E+06  2.342E+07  2.190E+07  2.030E+07  1.811E+07
  1.715E+07  1.874E+07  2.077E+07  2.174E+07  1.260E+06  0.000E+00  0.000E+00  0.000E+00  0.000E+00  0.000E+00
  0.000E+00  0.000E+00  0.000E+00  0.000E+00  0.000E+00  0.000E+00  0.000E+00  0.000E+00  0.000E+00  0.000E+00
  1.935E+06  2.196E+07  2.051E+07  1.898E+07  1.710E+07  1.584E+07  1.757E+07  1.920E+07  2.052E+07  1.231E+06
  0.000E+00  0.000E+00  0.000E+00  0.000E+00  0.000E+00  0.000E+00  0.000E+00  0.000E+00  0.000E+00  0.000E+00
  0.000E+00  0.000E+00  0.000E+00  0.000E+00  0.000E+00  1.867E+06  2.067E+07  1.909E+07  1.754E+07  1.592E+07
  1.475E+07  1.655E+07  1.791E+07  1.890E+07  1.193E+06  0.000E+00  0.000E+00  0.000E+00  0.000E+00  0.000E+00
  0.000E+00  0.000E+00  0.000E+00  0.000E+00  0.000E+00  0.000E+00  0.000E+00  0.000E+00  0.000E+00  0.000E+00
  1.670E+06  1.921E+07  1.787E+07  1.620E+07  1.469E+07  1.358E+07  1.518E+07  1.686E+07  1.761E+07  1.082E+06
  0.000E+00  0.000E+00  0.000E+00  0.000E+00  0.000E+00  0.000E+00  0.000E+00  0.000E+00  0.000E+00  0.000E+00
  0.000E+00  0.000E+00  0.000E+00  0.000E+00  0.000E+00  1.543E+06  1.790E+07  1.687E+07  1.512E+07  1.363E+07
  1.257E+07  1.402E+07  1.564E+07  1.609E+07  9.682E+05  0.000E+00  0.000E+00  0.000E+00  0.000E+00  0.000E+00
  0.000E+00  0.000E+00  0.000E+00  0.000E+00  0.000E+00  0.000E+00  0.000E+00  0.000E+00  0.000E+00  0.000E+00
  1.480E+06  1.673E+07  1.537E+07  1.405E+07  1.266E+07  1.173E+07  1.291E+07  1.417E+07  1.500E+07  9.246E+05
  0.000E+00  0.000E+00  0.000E+00  0.000E+00  0.000E+00  0.000E+00  0.000E+00  0.000E+00  0.000E+00  0.000E+00
  0.000E+00  0.000E+00  0.000E+00  0.000E+00  0.000E+00  1.308E+06  1.531E+07  1.429E+07  1.281E+07  1.155E+07
  1.071E+07  1.177E+07  1.303E+07  1.380E+07  8.133E+05  0.000E+00  0.000E+00  0.000E+00  0.000E+00  0.000E+00
  0.000E+00  0.000E+00  0.000E+00  0.000E+00  0.000E+00  0.000E+00  0.000E+00  0.000E+00  0.000E+00  0.000E+00
  1.128E+06  1.419E+07  1.309E+07  1.192E+07  1.079E+07  9.636E+06  1.086E+07  1.203E+07  1.269E+07  7.464E+05
  0.000E+00  0.000E+00  0.000E+00  0.000E+00  0.000E+00  0.000E+00  0.000E+00  0.000E+00  0.000E+00  0.000E+00
  0.000E+00  0.000E+00  0.000E+00  0.000E+00  0.000E+00  1.128E+06  1.283E+07  1.190E+07  1.097E+07  9.782E+06
  8.856E+06  9.763E+06  1.088E+07  1.147E+07  6.360E+05  0.000E+00  0.000E+00  0.000E+00  0.000E+00  0.000E+00
  0.000E+00  0.000E+00  0.000E+00  0.000E+00  0.000E+00  0.000E+00  0.000E+00  0.000E+00  0.000E+00  0.000E+00
  1.031E+06  1.171E+07  1.088E+07  9.839E+06  8.887E+06  8.230E+06  8.922E+06  9.957E+06  1.042E+07  6.258E+05
  0.000E+00  0.000E+00  0.000E+00  0.000E+00  0.000E+00  0.000E+00  0.000E+00  0.000E+00  0.000E+00  0.000E+00
  0.000E+00  0.000E+00  0.000E+00  0.000E+00  0.000E+00  8.984E+05  1.059E+07  9.933E+06  9.009E+06  8.021E+06

#------------------------------------------------------------------------------
# gshow
#------------------------------------------------------------------------------

p: legs[c5*0.875]

hb:   line clip z  
frame:
 -3.9999905E+00 -5.9999746E+00
  4.0000095E+00 -5.9999746E+00
  4.0000095E+00  5.0000254E+00
 -3.9999905E+00  5.0000254E+00
clip:
 -4.30768243E+00 -6.18030207E+00
 -2.62100000E+00 -6.18030207E+00
 -2.62100000E+00 -6.01095427E+00
 -2.62100000E+00 -5.99095780E+00
 -2.62100000E+00 -5.82161000E+00
 -2.62100000E+00 -5.80161354E+00
 -2.62100000E+00 -5.63226574E+00
 -2.62100000E+00 -5.61226928E+00
 -2.62100000E+00 -5.44292148E+00
 -2.62100000E+00 -5.42292502E+00
 -2.62100000E+00 -5.25357722E+00
 -2.62100000E+00 -5.23358075E+00
 -2.62100000E+00 -5.06423295E+00
 -2.62100000E+00 -5.04423649E+00
 -2.62100000E+00 -4.87488869E+00
 -2.62100000E+00 -4.85489223E+00
 -2.62100000E+00 -4.68554443E+00
 -2.62100000E+00 -4.66554797E+00
 -2.62100000E+00 -4.49620017E+00
 -2.62100000E+00 -4.47620371E+00
 -2.62100000E+00 -4.30685590E+00
 -2.62100000E+00 -4.28685944E+00
 -2.62100000E+00 -4.11751164E+00
 -2.62100000E+00 -4.09751518E+00
 -2.62100000E+00 -3.92816738E+00
 -2.62100000E+00 -3.90817092E+00
 -2.62100000E+00 -3.73882312E+00
 -2.62100000E+00 -3.71882666E+00
 -2.62100000E+00 -3.54947886E+00
 -2.62100000E+00 -3.52948239E+00
 -2.62100000E+00 -3.36013459E+00
 -2.62100000E+00 -3.34013813E+00
 -2.62100000E+00 -3.17079033E+00
 -2.62100000E+00 -3.15079387E+00
 -2.62100000E+00 -2.98144607E+00
 -2.62100000E+00 -2.96144961E+00
 -2.62100000E+00 -2.79210181E+00
 -2.62100000E+00 -2.77210535E+00
 -2.62100000E+00 -2.60275754E+00
 -2.62100000E+00 -2.58276108E+00
 -2.62100000E+00 -2.41341328E+00
 -2.62100000E+00 -2.39341682E+00
 -2.62100000E+00 -2.22406902E+00
 -2.62100000E+00 -2.20407256E+00
 -2.62100000E+00 -2.03472476E+00
 -2.62100000E+00 -2.01472830E+00
 -2.62100000E+00 -1.84538049E+00
 -2.62100000E+00 -1.82538403E+00
 -2.62100000E+00 -1.65603623E+00
 -2.62100000E+00 -1.63603977E+00
 -2.62100000E+00 -1.46669197E+00
 -2.58460551E+00 -1.31850000E+00
 -2.47331193E+00 -1.31850000E+00
 -2.23999012E+00 -1.31850000E+00
 -2.05000000E+00 -1.25735125E+00
 -2.05000000E+00 -1.15296374E+00
 -2.05000000E+00 -1.06800698E+00
 -2.05000000E+00 -9.63619481E-01
 -2.05000000E+00 -8.78662722E-01
 -2.05000000E+00 -7.74275218E-01
 -2.05000000E+00 -6.89318460E-01
 -2.05000000E+00 -5.84930956E-01
 -2.05000000E+00 -4.99974198E-01
 -2.05000000E+00 -3.95586694E-01
 -2.05000000E+00 -3.10629935E-01
 -2.05000000E+00 -2.06242431E-01
 -2.05000000E+00 -1.21285673E-01
 -2.05000000E+00 -1.68981691E-02
 -2.05000000E+00  6.80585894E-02
 -2.05000000E+00  1.72446093E-01
 -2.05000000E+00  2.57402852E-01
 -2.05000000E+00  3.61790355E-01
 -2.05000000E+00  4.46747114E-01
 -2.05000000E+00  5.51134618E-01
 -2.05000000E+00  6.36091376E-01
 -2.05000000E+00  7.40478880E-01
 -2.05000000E+00  8.25435639E-01
 -2.05000000E+00  9.29823142E-01
 -2.05000000E+00  1.01477990E+00
 -2.05000000E+00  1.11916740E+00
 -2.05000000E+00  1.20412416E+00
 -2.05000000E+00  1.30851167E+00
 -2.05000000E+00  1.39346843E+00
 -2.05000000E+00  1.49785593E+00
 -2.05000000E+00  1.58281269E+00
 -2.05000000E+00  1.68720019E+00
 -2.05000000E+00  1.77215695E+00
 -2.05000000E+00  1.87654445E+00
 -2.05000000E+00  1.96150121E+00
 -2.05000000E+00  2.06588872E+00
 -1.89537474E+00  2.18150000E+00
 -1.60655202E+00  2.18150000E+00
  1.89539449E+00  2.18150000E+00
  2.05000000E+00  2.15084547E+00
  2.05000000E+00  2.04644712E+00
  2.05000000E+00  1.96150121E+00
  2.05000000E+00  1.85710286E+00
  2.05000000E+00  1.77215695E+00
  2.05000000E+00  1.66775859E+00
  2.05000000E+00  1.58281269E+00
  2.05000000E+00  1.47841433E+00
  2.05000000E+00  1.39346843E+00
  2.05000000E+00  1.28907007E+00
  2.05000000E+00  1.20412416E+00
  2.05000000E+00  1.09972581E+00
  2.05000000E+00  1.01477990E+00
  2.05000000E+00  9.10381544E-01
  2.05000000E+00  8.25435639E-01
  2.05000000E+00  7.21037282E-01
  2.05000000E+00  6.36091376E-01
  2.05000000E+00  5.31693019E-01
  2.05000000E+00  4.46747114E-01
  2.05000000E+00  3.42348757E-01
  2.05000000E+00  2.57402852E-01
  2.05000000E+00  1.53004495E-01
  2.05000000E+00  6.80585894E-02
  2.05000000E+00 -3.63397675E-02
  2.05000000E+00 -1.21285673E-01
  2.05000000E+00 -2.25684030E-01
  2.05000000E+00 -3.10629935E-01
  2.05000000E+00 -4.15028292E-01
  2.05000000E+00 -4.99974198E-01
  2.05000000E+00 -6.04372554E-01
  2.05000000E+00 -6.89318460E-01
  2.05000000E+00 -7.93716817E-01
  2.05000000E+00 -8.78662722E-01
  2.05000000E+00 -9.83061079E-01
  2.05000000E+00 -1.06800698E+00
  2.05000000E+00 -1.17240534E+00
  2.12871629E+00 -1.31850000E+00
  2.24000988E+00 -1.31850000E+00
  2.35130346E+00 -1.31850000E+00
  2.58462526E+00 -1.31850000E+00
  2.60900000E+00 -1.62264740E+00
  2.60900000E+00 -6.18030207E+00
  2.92924065E+00 -6.18030207E+00
  3.27385603E+00 -6.18030207E+00
  3.61847142E+00 -6.18030207E+00
  3.96308680E+00 -6.18030207E+00
  4.30770218E+00 -6.18030207E+00
  4.30770218E+00 -5.99095780E+00
  4.30770218E+00 -5.80161354E+00
  4.30770218E+00 -5.61226928E+00
  4.30770218E+00 -5.42292502E+00
  4.30770218E+00 -5.23358075E+00
  4.30770218E+00 -5.04423649E+00
  4.30770218E+00 -4.85489223E+00
  4.30770218E+00 -4.66554797E+00
  4.30770218E+00 -4.47620371E+00
  4.30770218E+00 -4.28685944E+00
  4.30770218E+00 -4.09751518E+00
  4.30770218E+00 -3.90817092E+00
  4.30770218E+00 -3.71882666E+00
  4.30770218E+00 -3.52948239E+00
  4.30770218E+00 -3.34013813E+00
  4.30770218E+00 -3.15079387E+00
  4.30770218E+00 -2.96144961E+00
  4.30770218E+00 -2.77210535E+00
  4.30770218E+00 -2.58276108E+00
  4.30770218E+00 -2.39341682E+00
  4.30770218E+00 -2.20407256E+00
  4.30770218E+00 -2.01472830E+00
  4.30770218E+00 -1.82538403E+00
  4.30770218E+00 -1.63603977E+00
  4.30770218E+00 -1.44669551E+00
  4.30770218E+00 -1.25735125E+00
  4.30770218E+00 -1.06800698E+00
  4.30770218E+00 -8.78662722E-01
  4.30770218E+00 -6.89318460E-01
  4.30770218E+00 -4.99974198E-01
  4.30770218E+00 -3.10629935E-01
  4.30770218E+00 -1.21285673E-01
  4.30770218E+00  6.80585894E-02
  4.30770218E+00  2.57402852E-01
  4.30770218E+00  4.46747114E-01
  4.30770218E+00  6.36091376E-01
  4.30770218E+00  8.25435639E-01
  4.30770218E+00  1.01477990E+00
  4.30770218E+00  1.20412416E+00
  4.30770218E+00  1.39346843E+00
  4.30770218E+00  1.58281269E+00
  4.30770218E+00  1.77215695E+00
  4.30770218E+00  1.96150121E+00
  4.30770218E+00  2.15084547E+00
  4.30770218E+00  2.34018974E+00
  4.30770218E+00  2.52953400E+00
  4.30770218E+00  2.71887826E+00
  4.30770218E+00  2.90822252E+00
  4.30770218E+00  3.09756679E+00
  4.30770218E+00  3.28691105E+00
  4.30770218E+00  3.47625531E+00
  4.30770218E+00  3.66559957E+00
  4.30770218E+00  3.85494384E+00
  4.30770218E+00  4.04428810E+00
  4.30770218E+00  4.23363236E+00
  4.30770218E+00  4.42297662E+00
  4.30770218E+00  4.61232088E+00
  4.30770218E+00  4.80166515E+00
  4.30770218E+00  4.99100941E+00
  4.30770218E+00  5.18035367E+00
  3.96308680E+00  5.18035367E+00
  3.61847142E+00  5.18035367E+00
  3.27385603E+00  5.18035367E+00
  2.92924065E+00  5.18035367E+00
  2.58462526E+00  5.18035367E+00
  2.24000988E+00  5.18035367E+00
  1.89539449E+00  5.18035367E+00
  1.55077911E+00  5.18035367E+00
  1.20616372E+00  5.18035367E+00
  8.61548338E-01  5.18035367E+00
  5.16932953E-01  5.18035367E+00
  1.72317569E-01  5.18035367E+00
 -1.72297816E-01  5.18035367E+00
 -5.16913200E-01  5.18035367E+00
 -8.61528585E-01  5.18035367E+00
 -1.20614397E+00  5.18035367E+00
 -1.55075935E+00  5.18035367E+00
 -1.89537474E+00  5.18035367E+00
 -2.23999012E+00  5.18035367E+00
 -2.58460551E+00  5.18035367E+00
 -2.92922089E+00  5.18035367E+00
 -3.27383628E+00  5.18035367E+00
 -3.61845166E+00  5.18035367E+00
 -3.96306705E+00  5.18035367E+00
 -4.30768243E+00  4.99100941E+00
 -4.30768243E+00 -6.18030207E+00

hb:   line clip z  
frame:
 -3.9999905E+00 -5.9999746E+00
  4.0000095E+00 -5.9999746E+00
  4.0000095E+00  5.0000254E+00
 -3.9999905E+00  5.0000254E+00
clip:
 -2.58460551E+00 -6.18030207E+00
 -2.37100000E+00 -6.18030207E+00
 -2.37100000E+00 -6.06293941E+00
 -2.37100000E+00 -5.99095780E+00
 -2.37100000E+00 -5.87359515E+00
 -2.37100000E+00 -5.80161354E+00
 -2.37100000E+00 -5.68425088E+00
 -2.37100000E+00 -5.61226928E+00
 -2.37100000E+00 -5.49490662E+00
 -2.37100000E+00 -5.42292502E+00
 -2.37100000E+00 -5.30556236E+00
 -2.37100000E+00 -5.23358075E+00
 -2.37100000E+00 -5.11621810E+00
 -2.37100000E+00 -5.04423649E+00
 -2.37100000E+00 -4.92687384E+00
 -2.37100000E+00 -4.85489223E+00
 -2.37100000E+00 -4.73752957E+00
 -2.37100000E+00 -4.66554797E+00
 -2.37100000E+00 -4.54818531E+00
 -2.37100000E+00 -4.47620371E+00
 -2.37100000E+00 -4.35884105E+00
 -2.37100000E+00 -4.28685944E+00
 -2.37100000E+00 -4.16949679E+00
 -2.37100000E+00 -4.09751518E+00
 -2.37100000E+00 -3.98015252E+00
 -2.37100000E+00 -3.90817092E+00
 -2.37100000E+00 -3.79080826E+00
 -2.37100000E+00 -3.71882666E+00
 -2.37100000E+00 -3.60146400E+00
 -2.37100000E+00 -3.52948239E+00
 -2.37100000E+00 -3.41211974E+00
 -2.37100000E+00 -3.34013813E+00
 -2.37100000E+00 -3.22277547E+00
 -2.37100000E+00 -3.15079387E+00
 -2.37100000E+00 -3.03343121E+00
 -2.37100000E+00 -2.96144961E+00
 -2.37100000E+00 -2.84408695E+00
 -2.37100000E+00 -2.77210535E+00
 -2.37100000E+00 -2.65474269E+00
 -2.37100000E+00 -2.58276108E+00
 -2.37100000E+00 -2.46539843E+00
 -2.37100000E+00 -2.39341682E+00
 -2.37100000E+00 -2.27605416E+00
 -2.37100000E+00 -2.20407256E+00
 -2.37100000E+00 -2.08670990E+00
 -2.37100000E+00 -2.01472830E+00
 -2.37100000E+00 -1.89736564E+00
 -2.37100000E+00 -1.82538403E+00
 -2.37100000E+00 -1.70802138E+00
 -2.23999012E+00 -1.56850000E+00
 -2.01830027E+00 -1.56850000E+00
 -1.75000000E+00 -1.52656969E+00
 -1.75000000E+00 -1.44669551E+00
 -1.75000000E+00 -1.36682132E+00
 -1.89537474E+00 -1.31850000E+00
 -2.12869654E+00 -1.31850000E+00
 -2.23999012E+00 -1.31850000E+00
 -2.47331193E+00 -1.31850000E+00
 -2.58460551E+00 -1.31850000E+00
 -2.62100000E+00 -1.42669905E+00
 -2.62100000E+00 -1.44669551E+00
 -2.62100000E+00 -1.46669197E+00
 -2.62100000E+00 -1.63603977E+00
 -2.62100000E+00 -1.65603623E+00
 -2.62100000E+00 -1.82538403E+00
 -2.62100000E+00 -1.84538049E+00
 -2.62100000E+00 -2.01472830E+00
 -2.62100000E+00 -2.03472476E+00
 -2.62100000E+00 -2.20407256E+00
 -2.62100000E+00 -2.22406902E+00
 -2.62100000E+00 -2.39341682E+00
 -2.62100000E+00 -2.41341328E+00
 -2.62100000E+00 -2.58276108E+00
 -2.62100000E+00 -2.60275754E+00
 -2.62100000E+00 -2.77210535E+00
 -2.62100000E+00 -2.79210181E+00
 -2.62100000E+00 -2.96144961E+00
 -2.62100000E+00 -2.98144607E+00
 -2.62100000E+00 -3.15079387E+00
 -2.62100000E+00 -3.17079033E+00
 -2.62100000E+00 -3.34013813E+00
 -2.62100000E+00 -3.36013459E+00
 -2.62100000E+00 -3.52948239E+00
 -2.62100000E+00 -3.54947886E+00
 -2.62100000E+00 -3.71882666E+00
 -2.62100000E+00 -3.73882312E+00
 -2.62100000E+00 -3.90817092E+00
 -2.62100000E+00 -3.92816738E+00
 -2.62100000E+00 -4.09751518E+00
 -2.62100000E+00 -4.11751164E+00
 -2.62100000E+00 -4.28685944E+00
 -2.62100000E+00 -4.30685590E+00
 -2.62100000E+00 -4.47620371E+00
 -2.62100000E+00 -4.49620017E+00
 -2.62100000E+00 -4.66554797E+00
 -2.62100000E+00 -4.68554443E+00
 -2.62100000E+00 -4.85489223E+00
 -2.62100000E+00 -4.87488869E+00
 -2.62100000E+00 -5.04423649E+00
 -2.62100000E+00 -5.06423295E+00
 -2.62100000E+00 -5.23358075E+00
 -2.62100000E+00 -5.25357722E+00
 -2.62100000E+00 -5.42292502E+00
 -2.62100000E+00 -5.44292148E+00
 -2.62100000E+00 -5.61226928E+00
 -2.62100000E+00 -5.63226574E+00
 -2.62100000E+00 -5.80161354E+00
 -2.62100000E+00 -5.82161000E+00
 -2.62100000E+00 -5.99095780E+00
 -2.62100000E+00 -6.01095427E+00
 -2.62100000E+00 -6.18030207E+00

hb:   line clip z  
frame:
 -3.9999905E+00 -5.9999746E+00
  4.0000095E+00 -5.9999746E+00
  4.0000095E+00  5.0000254E+00
 -3.9999905E+00  5.0000254E+00
clip:
 -2.23999012E+00 -6.18030207E+00
 -1.92536279E+00 -6.18030207E+00
 -1.91218279E+00 -6.00019276E+00
 -1.87583794E+00 -5.60153505E+00
 -1.82830647E+00 -5.19673100E+00
 -1.77920214E+00 -4.85489223E+00
 -1.73256437E+00 -4.57609401E+00
 -1.67735823E+00 -4.28685944E+00
 -1.63712496E+00 -4.09751518E+00
 -1.59336636E+00 -3.90817092E+00
 -1.54494412E+00 -3.71563156E+00
 -1.48334907E+00 -3.49244472E+00
 -1.41372925E+00 -3.26484879E+00
 -1.33419781E+00 -3.03180706E+00
 -1.24184790E+00 -2.79172239E+00
 -1.20614397E+00 -2.70665367E+00
 -1.16203259E+00 -2.60699748E+00
 -1.13175003E+00 -2.54188634E+00
 -1.05777407E+00 -2.39341682E+00
 -9.94139312E-01 -2.27693373E+00
 -9.51351543E-01 -2.20407256E+00
 -8.61528585E-01 -2.06450923E+00
 -8.26477566E-01 -2.01472830E+00
 -6.72866096E-01 -1.82538403E+00
 -4.85640631E-01 -1.65322206E+00
 -3.93987668E-01 -1.56850000E+00
 -5.16913200E-01 -1.56850000E+00
 -6.39838733E-01 -1.56850000E+00
 -8.61528585E-01 -1.56850000E+00
 -9.84454117E-01 -1.56850000E+00
 -1.20614397E+00 -1.56850000E+00
 -1.32906950E+00 -1.56850000E+00
 -1.55075935E+00 -1.56850000E+00
 -1.67368489E+00 -1.56850000E+00
 -1.89537474E+00 -1.56850000E+00
 -2.01830027E+00 -1.56850000E+00
 -2.23999012E+00 -1.56850000E+00
 -2.36291566E+00 -1.56850000E+00
 -2.37100000E+00 -1.63603977E+00
 -2.37100000E+00 -1.70802138E+00
 -2.37100000E+00 -1.82538403E+00
 -2.37100000E+00 -1.89736564E+00
 -2.37100000E+00 -2.01472830E+00
 -2.37100000E+00 -2.08670990E+00
 -2.37100000E+00 -2.20407256E+00
 -2.37100000E+00 -2.27605416E+00
 -2.37100000E+00 -2.39341682E+00
 -2.37100000E+00 -2.46539843E+00
 -2.37100000E+00 -2.58276108E+00
 -2.37100000E+00 -2.65474269E+00
 -2.37100000E+00 -2.77210535E+00
 -2.37100000E+00 -2.84408695E+00
 -2.37100000E+00 -2.96144961E+00
 -2.37100000E+00 -3.03343121E+00
 -2.37100000E+00 -3.15079387E+00
 -2.37100000E+00 -3.22277547E+00
 -2.37100000E+00 -3.34013813E+00
 -2.37100000E+00 -3.41211974E+00
 -2.37100000E+00 -3.52948239E+00
 -2.37100000E+00 -3.60146400E+00
 -2.37100000E+00 -3.71882666E+00
 -2.37100000E+00 -3.79080826E+00
 -2.37100000E+00 -3.90817092E+00
 -2.37100000E+00 -3.98015252E+00
 -2.37100000E+00 -4.09751518E+00
 -2.37100000E+00 -4.16949679E+00
 -2.37100000E+00 -4.28685944E+00
 -2.37100000E+00 -4.35884105E+00
 -2.37100000E+00 -4.47620371E+00
 -2.37100000E+00 -4.54818531E+00
 -2.37100000E+00 -4.66554797E+00
 -2.37100000E+00 -4.73752957E+00
 -2.37100000E+00 -4.85489223E+00
 -2.37100000E+00 -4.92687384E+00
 -2.37100000E+00 -5.04423649E+00
 -2.37100000E+00 -5.11621810E+00
 -2.37100000E+00 -5.23358075E+00
 -2.37100000E+00 -5.30556236E+00
 -2.37100000E+00 -5.42292502E+00
 -2.37100000E+00 -5.49490662E+00
 -2.37100000E+00 -5.61226928E+00
 -2.37100000E+00 -5.68425088E+00
 -2.37100000E+00 -5.80161354E+00
 -2.37100000E+00 -5.87359515E+00
 -2.37100000E+00 -5.99095780E+00
 -2.37100000E+00 -6.06293941E+00
 -2.37100000E+00 -6.18030207E+00

hb:   line clip z  
frame:
 -3.9999905E+00 -5.9999746E+00
  4.0000095E+00 -5.9999746E+00
  4.0000095E+00  5.0000254E+00
 -3.9999905E+00  5.0000254E+00
clip:
 -1.89537474E+00 -6.18030207E+00
  1.91336279E+00 -6.18030207E+00
  1.91271564E+00 -6.17078519E+00
  1.89945356E+00 -5.99095780E+00
  1.89539449E+00 -5.94072147E+00
  1.88333482E+00 -5.80161354E+00
  1.86657540E+00 -5.62810354E+00
  1.86494946E+00 -5.61226928E+00
  1.84726660E+00 -5.44936823E+00
  1.84422993E+00 -5.42292502E+00
  1.82595644E+00 -5.27173255E+00
  1.82109681E+00 -5.23358075E+00
  1.80261261E+00 -5.09521424E+00
  1.79545712E+00 -5.04423649E+00
  1.77719544E+00 -4.91983510E+00
  1.76720214E+00 -4.85489223E+00
  1.74965712E+00 -4.74562140E+00
  1.73620462E+00 -4.66554797E+00
  1.71994091E+00 -4.57260430E+00
  1.70231528E+00 -4.47620371E+00
  1.68798004E+00 -4.40082051E+00
  1.66535823E+00 -4.28685944E+00
  1.65369635E+00 -4.23031296E+00
  1.62512496E+00 -4.09751518E+00
  1.61699862E+00 -4.06113176E+00
  1.58136636E+00 -3.90817092E+00
  1.57778046E+00 -3.89333539E+00
  1.55077911E+00 -3.78464947E+00
  1.53378192E+00 -3.71882666E+00
  1.49126451E+00 -3.56218189E+00
  1.48200464E+00 -3.52948239E+00
  1.44364994E+00 -3.39899880E+00
  1.42557966E+00 -3.34013813E+00
  1.39287117E+00 -3.23755425E+00
  1.36393280E+00 -3.15079387E+00
  1.33868625E+00 -3.07798116E+00
  1.29632273E+00 -2.96144961E+00
  1.28080358E+00 -2.92043975E+00
  1.22176471E+00 -2.77210535E+00
  1.21886738E+00 -2.76512549E+00
  1.20616372E+00 -2.73483943E+00
  1.13890214E+00 -2.58276108E+00
  1.08095716E+00 -2.46220987E+00
  1.04577407E+00 -2.39341682E+00
  1.00371098E+00 -2.31530748E+00
  9.39351543E-01 -2.20407256E+00
  9.19747833E-01 -2.17209563E+00
  8.61548338E-01 -2.08217179E+00
  8.14477566E-01 -2.01472830E+00
  7.25860399E-01 -1.89993594E+00
  6.60866096E-01 -1.82538403E+00
  6.11142400E-01 -1.77362193E+00
  5.16932953E-01 -1.68761135E+00
  4.50366519E-01 -1.63603977E+00
  3.18697634E-01 -1.55561322E+00
  1.72317569E-01 -1.49870948E+00
 -1.07636011E-01 -1.48222306E+00
 -1.72297816E-01 -1.49552475E+00
 -3.24400466E-01 -1.55246903E+00
 -4.62366519E-01 -1.63603977E+00
 -5.16913200E-01 -1.67774433E+00
 -6.18858589E-01 -1.76937152E+00
 -6.72866096E-01 -1.82538403E+00
 -8.02715254E-01 -1.98241411E+00
 -8.26477566E-01 -2.01472830E+00
 -8.61528585E-01 -2.06450923E+00
 -9.28683437E-01 -2.16717523E+00
 -9.51351543E-01 -2.20407256E+00
 -9.94139312E-01 -2.27693373E+00
 -1.05777407E+00 -2.39341682E+00
 -1.13175003E+00 -2.54188634E+00
 -1.15090214E+00 -2.58276108E+00
 -1.20614397E+00 -2.70665367E+00
 -1.22862887E+00 -2.75975132E+00
 -1.23376471E+00 -2.77210535E+00
 -1.24184790E+00 -2.79172239E+00
 -1.30832273E+00 -2.96144961E+00
 -1.33419781E+00 -3.03180706E+00
 -1.37593280E+00 -3.15079387E+00
 -1.41372925E+00 -3.26484879E+00
 -1.43757966E+00 -3.34013813E+00
 -1.48334907E+00 -3.49244472E+00
 -1.49400464E+00 -3.52948239E+00
 -1.54494412E+00 -3.71563156E+00
 -1.54578192E+00 -3.71882666E+00
 -1.55075935E+00 -3.73790339E+00
 -1.58836563E+00 -3.88750866E+00
 -1.59336636E+00 -3.90817092E+00
 -1.59982221E+00 -3.93512784E+00
 -1.63712496E+00 -4.09751518E+00
 -1.64893406E+00 -4.15145595E+00
 -1.67735823E+00 -4.28685944E+00
 -1.69299626E+00 -4.36500959E+00
 -1.71431528E+00 -4.47620371E+00
 -1.73256437E+00 -4.57609401E+00
 -1.74820462E+00 -4.66554797E+00
 -1.76807895E+00 -4.78495128E+00
 -1.77920214E+00 -4.85489223E+00
 -1.79989578E+00 -4.99177687E+00
 -1.80745712E+00 -5.04423649E+00
 -1.82830647E+00 -5.19673100E+00
 -1.83309681E+00 -5.23358075E+00
 -1.85355294E+00 -5.39994660E+00
 -1.85622993E+00 -5.42292502E+00
 -1.87583794E+00 -5.60153505E+00
 -1.87694946E+00 -5.61226928E+00
 -1.89533271E+00 -5.80159045E+00
 -1.91078055E+00 -5.98249329E+00
 -1.91145356E+00 -5.99095780E+00
 -1.91218279E+00 -6.00019276E+00
 -1.92536279E+00 -6.18030207E+00

hb:   line clip z  
frame:
 -3.9999905E+00 -5.9999746E+00
  4.0000095E+00 -5.9999746E+00
  4.0000095E+00  5.0000254E+00
 -3.9999905E+00  5.0000254E+00
clip:
  2.24000988E+00 -6.18030207E+00
  2.35900000E+00 -6.18030207E+00
  2.35900000E+00 -6.11492455E+00
  2.35900000E+00 -5.99095780E+00
  2.35900000E+00 -5.92558029E+00
  2.35900000E+00 -5.80161354E+00
  2.35900000E+00 -5.73623603E+00
  2.35900000E+00 -5.61226928E+00
  2.35900000E+00 -5.54689177E+00
  2.35900000E+00 -5.42292502E+00
  2.35900000E+00 -5.35754750E+00
  2.35900000E+00 -5.23358075E+00
  2.35900000E+00 -5.16820324E+00
  2.35900000E+00 -5.04423649E+00
  2.35900000E+00 -4.97885898E+00
  2.35900000E+00 -4.85489223E+00
  2.35900000E+00 -4.78951472E+00
  2.35900000E+00 -4.66554797E+00
  2.35900000E+00 -4.60017045E+00
  2.35900000E+00 -4.47620371E+00
  2.35900000E+00 -4.41082619E+00
  2.35900000E+00 -4.28685944E+00
  2.35900000E+00 -4.22148193E+00
  2.35900000E+00 -4.09751518E+00
  2.35900000E+00 -4.03213767E+00
  2.35900000E+00 -3.90817092E+00
  2.35900000E+00 -3.84279340E+00
  2.35900000E+00 -3.71882666E+00
  2.35900000E+00 -3.65344914E+00
  2.35900000E+00 -3.52948239E+00
  2.35900000E+00 -3.46410488E+00
  2.35900000E+00 -3.34013813E+00
  2.35900000E+00 -3.27476062E+00
  2.35900000E+00 -3.15079387E+00
  2.35900000E+00 -3.08541636E+00
  2.35900000E+00 -2.96144961E+00
  2.35900000E+00 -2.89607209E+00
  2.35900000E+00 -2.77210535E+00
  2.35900000E+00 -2.70672783E+00
  2.35900000E+00 -2.58276108E+00
  2.35900000E+00 -2.51738357E+00
  2.35900000E+00 -2.39341682E+00
  2.35900000E+00 -2.32803931E+00
  2.35900000E+00 -2.20407256E+00
  2.35900000E+00 -2.13869504E+00
  2.35900000E+00 -2.01472830E+00
  2.35900000E+00 -1.94935078E+00
  2.35900000E+00 -1.82538403E+00
  2.35900000E+00 -1.76000652E+00
  2.35900000E+00 -1.63603977E+00
  2.35900000E+00 -1.57066226E+00
  2.24000988E+00 -1.56850000E+00
  2.11708434E+00 -1.56850000E+00
  1.89539449E+00 -1.56850000E+00
  1.77246896E+00 -1.56850000E+00
  1.55077911E+00 -1.56850000E+00
  1.42785357E+00 -1.56850000E+00
  1.20616372E+00 -1.56850000E+00
  1.08323819E+00 -1.56850000E+00
  8.61548338E-01 -1.56850000E+00
  7.38622806E-01 -1.56850000E+00
  5.16932953E-01 -1.56850000E+00
  3.94007421E-01 -1.56850000E+00
  4.78676437E-01 -1.65705930E+00
  6.60866096E-01 -1.82538403E+00
  8.14477566E-01 -2.01472830E+00
  8.61548338E-01 -2.08217179E+00
  9.39351543E-01 -2.20407256E+00
  1.00371098E+00 -2.31530748E+00
  1.04577407E+00 -2.39341682E+00
  1.13890214E+00 -2.58276108E+00
  1.20616372E+00 -2.73483943E+00
  1.28080358E+00 -2.92043975E+00
  1.33868625E+00 -3.07798116E+00
  1.39287117E+00 -3.23755425E+00
  1.44364994E+00 -3.39899880E+00
  1.49126451E+00 -3.56218189E+00
  1.55077911E+00 -3.78464947E+00
  1.61699862E+00 -4.06113176E+00
  1.66535823E+00 -4.28685944E+00
  1.71994091E+00 -4.57260430E+00
  1.77719544E+00 -4.91983510E+00
  1.82595644E+00 -5.27173255E+00
  1.86657540E+00 -5.62810354E+00
  1.89945356E+00 -5.99095780E+00
  1.91336279E+00 -6.18030207E+00

hb:   line clip z  
frame:
 -3.9999905E+00 -5.9999746E+00
  4.0000095E+00 -5.9999746E+00
  4.0000095E+00  5.0000254E+00
 -3.9999905E+00  5.0000254E+00
clip:
  2.58462526E+00 -6.18030207E+00
  2.60900000E+00 -6.18030207E+00
  2.60900000E+00 -6.16690970E+00
  2.60900000E+00 -5.99095780E+00
  2.60900000E+00 -5.97756543E+00
  2.60900000E+00 -5.80161354E+00
  2.60900000E+00 -5.78822117E+00
  2.60900000E+00 -5.61226928E+00
  2.60900000E+00 -5.59887691E+00
  2.60900000E+00 -5.42292502E+00
  2.60900000E+00 -5.40953265E+00
  2.60900000E+00 -5.23358075E+00
  2.60900000E+00 -5.22018838E+00
  2.60900000E+00 -5.04423649E+00
  2.60900000E+00 -5.03084412E+00
  2.60900000E+00 -4.85489223E+00
  2.60900000E+00 -4.84149986E+00
  2.60900000E+00 -4.66554797E+00
  2.60900000E+00 -4.65215560E+00
  2.60900000E+00 -4.47620371E+00
  2.60900000E+00 -4.46281134E+00
  2.60900000E+00 -4.28685944E+00
  2.60900000E+00 -4.27346707E+00
  2.60900000E+00 -4.09751518E+00
  2.60900000E+00 -4.08412281E+00
  2.60900000E+00 -3.90817092E+00
  2.60900000E+00 -3.89477855E+00
  2.60900000E+00 -3.71882666E+00
  2.60900000E+00 -3.70543429E+00
  2.60900000E+00 -3.52948239E+00
  2.60900000E+00 -3.51609002E+00
  2.60900000E+00 -3.34013813E+00
  2.60900000E+00 -3.32674576E+00
  2.60900000E+00 -3.15079387E+00
  2.60900000E+00 -3.13740150E+00
  2.60900000E+00 -2.96144961E+00
  2.60900000E+00 -2.94805724E+00
  2.60900000E+00 -2.77210535E+00
  2.60900000E+00 -2.75871297E+00
  2.60900000E+00 -2.58276108E+00
  2.60900000E+00 -2.56936871E+00
  2.60900000E+00 -2.39341682E+00
  2.60900000E+00 -2.38002445E+00
  2.60900000E+00 -2.20407256E+00
  2.60900000E+00 -2.19068019E+00
  2.60900000E+00 -2.01472830E+00
  2.60900000E+00 -2.00133593E+00
  2.60900000E+00 -1.82538403E+00
  2.60900000E+00 -1.81199166E+00
  2.60900000E+00 -1.63603977E+00
  2.60900000E+00 -1.62264740E+00
  2.60900000E+00 -1.44669551E+00
  2.60900000E+00 -1.43330314E+00
  2.58462526E+00 -1.31850000E+00
  2.35130346E+00 -1.31850000E+00
  2.24000988E+00 -1.31850000E+00
  2.00668807E+00 -1.31850000E+00
  1.89539449E+00 -1.31850000E+00
  1.75000000E+00 -1.36681047E+00
  1.75000000E+00 -1.44669551E+00
  1.75000000E+00 -1.52658055E+00
  1.89539449E+00 -1.56850000E+00
  2.11708434E+00 -1.56850000E+00
  2.24000988E+00 -1.56850000E+00
  2.35900000E+00 -1.63603977E+00
  2.35900000E+00 -1.76000652E+00
  2.35900000E+00 -1.82538403E+00
  2.35900000E+00 -1.94935078E+00
  2.35900000E+00 -2.01472830E+00
  2.35900000E+00 -2.13869504E+00
  2.35900000E+00 -2.20407256E+00
  2.35900000E+00 -2.32803931E+00
  2.35900000E+00 -2.39341682E+00
  2.35900000E+00 -2.51738357E+00
  2.35900000E+00 -2.58276108E+00
  2.35900000E+00 -2.70672783E+00
  2.35900000E+00 -2.77210535E+00
  2.35900000E+00 -2.89607209E+00
  2.35900000E+00 -2.96144961E+00
  2.35900000E+00 -3.08541636E+00
  2.35900000E+00 -3.15079387E+00
  2.35900000E+00 -3.27476062E+00
  2.35900000E+00 -3.34013813E+00
  2.35900000E+00 -3.46410488E+00
  2.35900000E+00 -3.52948239E+00
  2.35900000E+00 -3.65344914E+00
  2.35900000E+00 -3.71882666E+00
  2.35900000E+00 -3.84279340E+00
  2.35900000E+00 -3.90817092E+00
  2.35900000E+00 -4.03213767E+00
  2.35900000E+00 -4.09751518E+00
  2.35900000E+00 -4.22148193E+00
  2.35900000E+00 -4.28685944E+00
  2.35900000E+00 -4.41082619E+00
  2.35900000E+00 -4.47620371E+00
  2.35900000E+00 -4.60017045E+00
  2.35900000E+00 -4.66554797E+00
  2.35900000E+00 -4.78951472E+00
  2.35900000E+00 -4.85489223E+00
  2.35900000E+00 -4.97885898E+00
  2.35900000E+00 -5.04423649E+00
  2.35900000E+00 -5.16820324E+00
  2.35900000E+00 -5.23358075E+00
  2.35900000E+00 -5.35754750E+00
  2.35900000E+00 -5.42292502E+00
  2.35900000E+00 -5.54689177E+00
  2.35900000E+00 -5.61226928E+00
  2.35900000E+00 -5.73623603E+00
  2.35900000E+00 -5.80161354E+00
  2.35900000E+00 -5.92558029E+00
  2.35900000E+00 -5.99095780E+00
  2.35900000E+00 -6.11492455E+00
  2.35900000E+00 -6.18030207E+00

hb:   line clip z  
clip:
 -1.75000000E+00 -1.55616559E+00
 -1.55075935E+00 -1.56850000E+00
 -1.32906950E+00 -1.56850000E+00
  1.55077911E+00 -1.56850000E+00
  1.75000000E+00 -1.55615473E+00
  1.75000000E+00 -1.44669551E+00
  1.75000000E+00 -1.33723628E+00
  1.55077911E+00 -1.31850000E+00
  1.31745730E+00 -1.31850000E+00
  1.20616372E+00 -1.31850000E+00
  9.72841920E-01 -1.31850000E+00
  8.61548338E-01 -1.31850000E+00
  6.28226535E-01 -1.31850000E+00
  5.16932953E-01 -1.31850000E+00
  2.83611151E-01 -1.31850000E+00
  1.72317569E-01 -1.31850000E+00
 -6.10042340E-02 -1.31850000E+00
 -1.72297816E-01 -1.31850000E+00
 -4.05619619E-01 -1.31850000E+00
 -5.16913200E-01 -1.31850000E+00
 -7.50235003E-01 -1.31850000E+00
 -8.61528585E-01 -1.31850000E+00
 -1.09485039E+00 -1.31850000E+00
 -1.20614397E+00 -1.31850000E+00
 -1.43946577E+00 -1.31850000E+00
 -1.55075935E+00 -1.31850000E+00
 -1.75000000E+00 -1.33722543E+00
 -1.75000000E+00 -1.44669551E+00

hb:   line clip z  
clip:
 -2.00666832E+00 -1.31850000E+00
 -1.78408116E+00 -1.31850000E+00
 -1.75000000E+00 -1.25735125E+00
 -1.75000000E+00 -1.17747706E+00
 -1.75000000E+00 -1.06800698E+00
 -1.75000000E+00 -9.88132800E-01
 -1.75000000E+00 -8.78662722E-01
 -1.75000000E+00 -7.98788538E-01
 -1.75000000E+00 -6.89318460E-01
 -1.75000000E+00 -6.09444276E-01
 -1.75000000E+00 -4.99974198E-01
 -1.75000000E+00 -4.20100013E-01
 -1.75000000E+00 -3.10629935E-01
 -1.75000000E+00 -2.30755751E-01
 -1.75000000E+00 -1.21285673E-01
 -1.75000000E+00 -4.14114888E-02
 -1.75000000E+00  6.80585894E-02
 -1.75000000E+00  1.47932773E-01
 -1.75000000E+00  2.57402852E-01
 -1.75000000E+00  3.37277036E-01
 -1.75000000E+00  4.46747114E-01
 -1.75000000E+00  5.26621298E-01
 -1.75000000E+00  6.36091376E-01
 -1.75000000E+00  7.15965560E-01
 -1.75000000E+00  8.25435639E-01
 -1.75000000E+00  9.05309823E-01
 -1.75000000E+00  1.01477990E+00
 -1.75000000E+00  1.09465408E+00
 -1.75000000E+00  1.20412416E+00
 -1.75000000E+00  1.28399835E+00
 -1.75000000E+00  1.39346843E+00
 -1.75000000E+00  1.47334261E+00
 -1.75000000E+00  1.58281269E+00
 -1.75000000E+00  1.66268687E+00
 -1.75000000E+00  1.77215695E+00
 -1.75000000E+00  1.85203113E+00
 -1.89537474E+00  1.88150000E+00
 -2.05000000E+00  1.85711371E+00
 -2.05000000E+00  1.77215695E+00
 -2.05000000E+00  1.68720019E+00
 -2.05000000E+00  1.58281269E+00
 -2.05000000E+00  1.49785593E+00
 -2.05000000E+00  1.39346843E+00
 -2.05000000E+00  1.30851167E+00
 -2.05000000E+00  1.20412416E+00
 -2.05000000E+00  1.11916740E+00
 -2.05000000E+00  1.01477990E+00
 -2.05000000E+00  9.29823142E-01
 -2.05000000E+00  8.25435639E-01
 -2.05000000E+00  7.40478880E-01
 -2.05000000E+00  6.36091376E-01
 -2.05000000E+00  5.51134618E-01
 -2.05000000E+00  4.46747114E-01
 -2.05000000E+00  3.61790355E-01
 -2.05000000E+00  2.57402852E-01
 -2.05000000E+00  1.72446093E-01
 -2.05000000E+00  6.80585894E-02
 -2.05000000E+00 -1.68981691E-02
 -2.05000000E+00 -1.21285673E-01
 -2.05000000E+00 -2.06242431E-01
 -2.05000000E+00 -3.10629935E-01
 -2.05000000E+00 -3.95586694E-01
 -2.05000000E+00 -4.99974198E-01
 -2.05000000E+00 -5.84930956E-01
 -2.05000000E+00 -6.89318460E-01
 -2.05000000E+00 -7.74275218E-01
 -2.05000000E+00 -8.78662722E-01
 -2.05000000E+00 -9.63619481E-01
 -2.05000000E+00 -1.06800698E+00
 -2.05000000E+00 -1.15296374E+00
 -2.05000000E+00 -1.25735125E+00

hb:   line clip z  
clip:
 -1.66205294E+00 -1.31850000E+00
  1.66207269E+00 -1.31850000E+00
  1.75000000E+00 -1.25735125E+00
  1.75000000E+00 -1.14789202E+00
  1.75000000E+00 -1.06800698E+00
  1.75000000E+00 -9.58547759E-01
  1.75000000E+00 -8.78662722E-01
  1.75000000E+00 -7.69203497E-01
  1.75000000E+00 -6.89318460E-01
  1.75000000E+00 -5.79859235E-01
  1.75000000E+00 -4.99974198E-01
  1.75000000E+00 -3.90514972E-01
  1.75000000E+00 -3.10629935E-01
  1.75000000E+00 -2.01170710E-01
  1.75000000E+00 -1.21285673E-01
  1.75000000E+00 -1.18264478E-02
  1.75000000E+00  6.80585894E-02
  1.75000000E+00  1.77517814E-01
  1.75000000E+00  2.57402852E-01
  1.75000000E+00  3.66862077E-01
  1.75000000E+00  4.46747114E-01
  1.75000000E+00  5.56206339E-01
  1.75000000E+00  6.36091376E-01
  1.75000000E+00  7.45550601E-01
  1.75000000E+00  8.25435639E-01
  1.75000000E+00  9.34894864E-01
  1.75000000E+00  1.01477990E+00
  1.75000000E+00  1.12423913E+00
  1.75000000E+00  1.20412416E+00
  1.75000000E+00  1.31358339E+00
  1.75000000E+00  1.39346843E+00
  1.75000000E+00  1.50292765E+00
  1.75000000E+00  1.58281269E+00
  1.75000000E+00  1.69227191E+00
  1.75000000E+00  1.77215695E+00
  1.74978856E+00  1.88150000E+00
  1.55077911E+00  1.88150000E+00
  1.35176966E+00  1.88150000E+00
  1.20616372E+00  1.88150000E+00
  1.00715427E+00  1.88150000E+00
  8.61548338E-01  1.88150000E+00
  6.62538890E-01  1.88150000E+00
  5.16932953E-01  1.88150000E+00
  3.17923505E-01  1.88150000E+00
  1.72317569E-01  1.88150000E+00
 -2.66918797E-02  1.88150000E+00
 -1.72297816E-01  1.88150000E+00
 -3.71307264E-01  1.88150000E+00
 -5.16913200E-01  1.88150000E+00
 -7.15922649E-01  1.88150000E+00
 -8.61528585E-01  1.88150000E+00
 -1.06053803E+00  1.88150000E+00
 -1.20614397E+00  1.88150000E+00
 -1.40515342E+00  1.88150000E+00
 -1.55075935E+00  1.88150000E+00
 -1.74976880E+00  1.88150000E+00
 -1.75000000E+00  1.77215695E+00
 -1.75000000E+00  1.66268687E+00
 -1.75000000E+00  1.58281269E+00
 -1.75000000E+00  1.47334261E+00
 -1.75000000E+00  1.39346843E+00
 -1.75000000E+00  1.28399835E+00
 -1.75000000E+00  1.20412416E+00
 -1.75000000E+00  1.09465408E+00
 -1.75000000E+00  1.01477990E+00
 -1.75000000E+00  9.05309823E-01
 -1.75000000E+00  8.25435639E-01
 -1.75000000E+00  7.15965560E-01
 -1.75000000E+00  6.36091376E-01
 -1.75000000E+00  5.26621298E-01
 -1.75000000E+00  4.46747114E-01
 -1.75000000E+00  3.37277036E-01
 -1.75000000E+00  2.57402852E-01
 -1.75000000E+00  1.47932773E-01
 -1.75000000E+00  6.80585894E-02
 -1.75000000E+00 -4.14114888E-02
 -1.75000000E+00 -1.21285673E-01
 -1.75000000E+00 -2.30755751E-01
 -1.75000000E+00 -3.10629935E-01
 -1.75000000E+00 -4.20100013E-01
 -1.75000000E+00 -4.99974198E-01
 -1.75000000E+00 -6.09444276E-01
 -1.75000000E+00 -6.89318460E-01
 -1.75000000E+00 -7.98788538E-01
 -1.75000000E+00 -8.78662722E-01
 -1.75000000E+00 -9.88132800E-01
 -1.75000000E+00 -1.06800698E+00
 -1.75000000E+00 -1.17747706E+00
 -1.75000000E+00 -1.25735125E+00

hb:   line clip z  
clip:
  1.78410091E+00 -1.31850000E+00
  2.00668807E+00 -1.31850000E+00
  2.05000000E+00 -1.25735125E+00
  2.05000000E+00 -1.17240534E+00
  2.05000000E+00 -1.06800698E+00
  2.05000000E+00 -9.83061079E-01
  2.05000000E+00 -8.78662722E-01
  2.05000000E+00 -7.93716817E-01
  2.05000000E+00 -6.89318460E-01
  2.05000000E+00 -6.04372554E-01
  2.05000000E+00 -4.99974198E-01
  2.05000000E+00 -4.15028292E-01
  2.05000000E+00 -3.10629935E-01
  2.05000000E+00 -2.25684030E-01
  2.05000000E+00 -1.21285673E-01
  2.05000000E+00 -3.63397675E-02
  2.05000000E+00  6.80585894E-02
  2.05000000E+00  1.53004495E-01
  2.05000000E+00  2.57402852E-01
  2.05000000E+00  3.42348757E-01
  2.05000000E+00  4.46747114E-01
  2.05000000E+00  5.31693019E-01
  2.05000000E+00  6.36091376E-01
  2.05000000E+00  7.21037282E-01
  2.05000000E+00  8.25435639E-01
  2.05000000E+00  9.10381544E-01
  2.05000000E+00  1.01477990E+00
  2.05000000E+00  1.09972581E+00
  2.05000000E+00  1.20412416E+00
  2.05000000E+00  1.28907007E+00
  2.05000000E+00  1.39346843E+00
  2.05000000E+00  1.47841433E+00
  2.05000000E+00  1.58281269E+00
  2.05000000E+00  1.66775859E+00
  2.05000000E+00  1.77215695E+00
  2.05000000E+00  1.85710286E+00
  1.89539449E+00  1.88150000E+00
  1.75000000E+00  1.85204199E+00
  1.75000000E+00  1.77215695E+00
  1.75000000E+00  1.69227191E+00
  1.75000000E+00  1.58281269E+00
  1.75000000E+00  1.50292765E+00
  1.75000000E+00  1.39346843E+00
  1.75000000E+00  1.31358339E+00
  1.75000000E+00  1.20412416E+00
  1.75000000E+00  1.12423913E+00
  1.75000000E+00  1.01477990E+00
  1.75000000E+00  9.34894864E-01
  1.75000000E+00  8.25435639E-01
  1.75000000E+00  7.45550601E-01
  1.75000000E+00  6.36091376E-01
  1.75000000E+00  5.56206339E-01
  1.75000000E+00  4.46747114E-01
  1.75000000E+00  3.66862077E-01
  1.75000000E+00  2.57402852E-01
  1.75000000E+00  1.77517814E-01
  1.75000000E+00  6.80585894E-02
  1.75000000E+00 -1.18264478E-02
  1.75000000E+00 -1.21285673E-01
  1.75000000E+00 -2.01170710E-01
  1.75000000E+00 -3.10629935E-01
  1.75000000E+00 -3.90514972E-01
  1.75000000E+00 -4.99974198E-01
  1.75000000E+00 -5.79859235E-01
  1.75000000E+00 -6.89318460E-01
  1.75000000E+00 -7.69203497E-01
  1.75000000E+00 -8.78662722E-01
  1.75000000E+00 -9.58547759E-01
  1.75000000E+00 -1.06800698E+00
  1.75000000E+00 -1.14789202E+00
  1.75000000E+00 -1.25735125E+00

hb:   line clip z  
clip:
 -2.04098067E+00  1.88150000E+00
  2.04100043E+00  1.88150000E+00
  2.05000000E+00  1.96150121E+00
  2.05000000E+00  2.04644712E+00
  2.05000000E+00  2.15084547E+00
  1.95118716E+00  2.18150000E+00
  1.89539449E+00  2.18150000E+00
  1.83960183E+00  2.18150000E+00
  1.55077911E+00  2.18150000E+00
  1.49498644E+00  2.18150000E+00
  1.20616372E+00  2.18150000E+00
  1.15037106E+00  2.18150000E+00
  8.61548338E-01  2.18150000E+00
  8.05755673E-01  2.18150000E+00
  5.16932953E-01  2.18150000E+00
  4.61140288E-01  2.18150000E+00
  1.72317569E-01  2.18150000E+00
  1.16524904E-01  2.18150000E+00
 -1.72297816E-01  2.18150000E+00
 -2.28090481E-01  2.18150000E+00
 -5.16913200E-01  2.18150000E+00
 -5.72705866E-01  2.18150000E+00
 -8.61528585E-01  2.18150000E+00
 -9.17321250E-01  2.18150000E+00
 -1.20614397E+00  2.18150000E+00
 -1.26193663E+00  2.18150000E+00
 -1.55075935E+00  2.18150000E+00
 -1.60655202E+00  2.18150000E+00
 -1.89537474E+00  2.18150000E+00
 -1.95116740E+00  2.18150000E+00
 -2.05000000E+00  2.15084547E+00
 -2.05000000E+00  2.06588872E+00
 -2.05000000E+00  1.96150121E+00

#------------------------------------------------------------------------------
z: xorg(1.03)
p: xfac[c2*0.05] form[c1/0.05] notc noxt noyt dmin(1)
p: ymin(0) ymax(1) xmin(0) xmax(1) cmin(1) cmax(100) nosp
hc: y= 0.005 to 0.995 by 0.01 ; x= 0.5 to 0.5 by 1 ;
 1  2  3  4  5  6  7  8  9 10 11 12 13 14 15 16 17 18 19 20
21 22 23 24 25 26 27 28 29 30 31 32 33 34 35 36 37 38 39 40
41 42 43 44 45 46 47 48 49 50 51 52 53 54 55 56 57 58 59 60
61 62 63 64 65 66 67 68 69 70 71 72 73 74 75 76 77 78 79 80
81 82 83 84 85 86 87 88 89 90 91 92 93 94 95 96 97 98 99 100
z: xorg(0.0)
p: xfac[c2*0.05] form[c1/0.05] nosp afac[c5*0.625] ymin[c3] ymax[c4]
p: noxt noxn ytxt(-1) ynum(-1) xltd(-1) xstd(-1) itic(1) ylog
y: Flux [1/cm^2/source]              
#------------------------------------------------------------------------------

wt: s[c5]
\vspace{-3}
  emin  &=&   0.0000E+00 [MeV]
  emax  &=&   1.0000E+03 [MeV]
  zmin  &=&   9.8340E+01 [cm]
  zmax  &=&   9.8350E+01 [cm]
  part. &=& proton  
e:

#------------------------------------------------------------------------------
z: xorg[-1.03/0.05]
p: form[c1] xfac[c2] afac[c5] nosp notf
p: xmin( -4.000000    ) xmax(  4.000000    )
p: ymin( -6.000000    ) ymax(  5.000000    )
 
# Information for Restart Calculation
# This calculation was newly started
# istdev =  2 # 1:Batch variance, 2:History variance
# resc2  = 2.00272125193213177E-02 # Total source weight or Total source weight / maxcas
# resc3  = 1.25000000000000000E+08 # Total history number or Total batch number
# maxcas =       25000 # History / Batch, only used for istdev=1
# bitrseed = 1011110110000000011000010101100001101110100111001100010100001110 # bit data of rseed
